
Note: No compatibility mode selected!


Circuit: * klt sim -- generated corner deck, do not edit

Doing analysis at TEMP = -40.000000 and TNOM = 27.000000

Using SPARSE 1.3 as Direct Linear Solver
Note: Starting dynamic gmin stepping
Note: Dynamic gmin stepping completed

Initial Transient Solution
--------------------------

Node                                   Voltage
----                                   -------
vdd                                        1.2
cm                                         0.6
vd                                      -0.048
ap                                       0.576
an                                       0.624
clku                                         0
clk                                          0
ibn                                   0.341747
xa.x1.tmid                         7.11861e-09
xa.x1.tail                            0.579663
xa.x1.np                                   1.2
xa.x1.nn                                   1.2
xa.x1.ln                                   1.2
xa.x1.lp                                   1.2
xa.x1.lnb                          4.22645e-08
xa.x1.lpb                          4.23178e-08
xa.x1.na                                   1.2
doutb                              4.43561e-08
dout                                       1.2
xa.x1.nb                                   1.2
doutn                                        1
tcheck                                     -40
pa_00                                  341.747
bpa_00#branch                                0
btchk#branch                                 0
bdoutn#branch                                0
bclk#branch                        3.63296e-10
ean#branch                         2.18936e-13
eap#branch                         2.82108e-13
vclku#branch                                 0
vd#branch                                    0
vcm#branch                         5.01044e-13
vsup#branch                       -1.00007e-05


No. of Data Rows : 12254

  Measurements for Transient Analysis

dlev0               =  -1.99088e-06
dlev1               =  8.00923e-06
dlev2               =  7.70824e-06
dlev3               =  8.11253e-06
dlev4               =  8.14651e-06
dlev5               =  8.21123e-06
dlev6               =  6.04628e-06
dlev7               =  3.88983e-06
dlev8               =  3.90512e-06
dlev9               =  8.63490e-06
dlev10              =  4.43199e-06
dlev11              =  4.54392e-06
dlev12              =  4.34786e-06
dlev13              =  8.03217e-06
dlev14              =  6.02216e-06
dlev15              =  6.78677e-06
dlev16              =  3.45091e-06
dlev17              =  9.99999e-01
dlev18              =  1.00000e+00
dlev19              =  9.99999e-01
dlev20              =  1.00000e+00
dlev21              =  9.99998e-01
dlev22              =  9.99998e-01
dlev23              =  9.99998e-01
dlev24              =  1.00000e+00
dlev25              =  9.99999e-01
dlev26              =  9.99999e-01
dlev27              =  9.99999e-01
dlev28              =  1.00000e+00
dlev29              =  9.99999e-01
dlev30              =  1.00000e+00
dlev31              =  9.99999e-01
dlev32              =  1.00000e+00
vdd_meas            =  1.20000e+00
temp_meas           =  -4.00000e+01
vbias_mv            =  3.41747e+02
lowcount            =  1.69999e+01
vos_mv              =  1.49972e+00

ngspice-46 done
