
Note: No compatibility mode selected!


Circuit: * klt sim -- generated corner deck, do not edit

Doing analysis at TEMP = -40.000000 and TNOM = 27.000000

Using SPARSE 1.3 as Direct Linear Solver

Initial Transient Solution
--------------------------

Node                                   Voltage
----                                   -------
vdd                                       1.08
cm                                         0.6
vd                                      -0.048
ap                                       0.576
an                                       0.624
clku                                         0
clk                                          0
ibn                                   0.310592
xa.x1.tmid                          8.8093e-08
xa.x1.tail                            0.567583
xa.x1.np                                  1.08
xa.x1.nn                                  1.08
xa.x1.ln                                  1.08
xa.x1.lp                                  1.08
xa.x1.lnb                          1.65585e-08
xa.x1.lpb                          1.70777e-08
xa.x1.na                               1.07393
doutb                                 0.529045
dout                                  0.524983
xa.x1.nb                               1.07397
doutn                                 0.486096
tcheck                                     -40
pa_00                                  310.592
bpa_00#branch                                0
btchk#branch                                 0
bdoutn#branch                                0
bclk#branch                        8.30888e-11
ean#branch                          4.9466e-13
eap#branch                         6.52312e-13
vclku#branch                                 0
vd#branch                                    0
vcm#branch                         1.14697e-12
vsup#branch                       -3.57686e-05


No. of Data Rows : 12157

  Measurements for Transient Analysis

dlev0               =  7.97698e-06
dlev1               =  -4.48089e-06
dlev2               =  -3.51330e-06
dlev3               =  -3.42321e-06
dlev4               =  -3.87373e-06
dlev5               =  -4.37380e-06
dlev6               =  -4.87028e-06
dlev7               =  -4.41628e-06
dlev8               =  -5.18524e-06
dlev9               =  -4.31952e-06
dlev10              =  -3.42394e-06
dlev11              =  -4.87517e-06
dlev12              =  -3.06070e-06
dlev13              =  -2.27208e-06
dlev14              =  -3.30014e-06
dlev15              =  -2.19747e-06
dlev16              =  1.59647e-06
dlev17              =  6.42377e-06
dlev18              =  1.00000e+00
dlev19              =  9.99998e-01
dlev20              =  9.99997e-01
dlev21              =  9.99997e-01
dlev22              =  9.99997e-01
dlev23              =  9.99997e-01
dlev24              =  9.99997e-01
dlev25              =  9.99997e-01
dlev26              =  9.99996e-01
dlev27              =  9.99997e-01
dlev28              =  9.99997e-01
dlev29              =  9.99997e-01
dlev30              =  9.99997e-01
dlev31              =  9.99997e-01
dlev32              =  9.99997e-01
vdd_meas            =  1.08000e+00
temp_meas           =  -4.00000e+01
vbias_mv            =  3.10592e+02
lowcount            =  1.80001e+01
vos_mv              =  4.50025e+00

ngspice-46 done
