
Note: No compatibility mode selected!


Circuit: * klt sim -- generated corner deck, do not edit

Doing analysis at TEMP = 125.000000 and TNOM = 27.000000

Using SPARSE 1.3 as Direct Linear Solver

Initial Transient Solution
--------------------------

Node                                   Voltage
----                                   -------
vdd                                       1.32
cm                                         0.6
vd                                      -0.048
ap                                       0.576
an                                       0.624
clku                                         0
clk                                          0
ibn                                   0.274696
xa.x1.tmid                         3.15064e-05
xa.x1.tail                            0.596288
xa.x1.np                               1.31999
xa.x1.nn                               1.31998
xa.x1.ln                                  1.32
xa.x1.lp                                  1.32
xa.x1.lnb                          9.48917e-06
xa.x1.lpb                          8.24694e-06
xa.x1.na                               1.28509
doutb                                 0.703218
dout                                  0.710093
xa.x1.nb                                1.2845
doutn                                  0.53795
tcheck                                     125
pa_00                                  274.696
bpa_00#branch                                0
btchk#branch                                 0
bdoutn#branch                                0
bclk#branch                        1.21186e-09
ean#branch                         1.83867e-12
eap#branch                         2.31448e-12
vclku#branch                                 0
vd#branch                                    0
vcm#branch                         4.15315e-12
vsup#branch                        -0.00017593


No. of Data Rows : 12234

  Measurements for Transient Analysis

dlev0               =  1.08837e-05
dlev1               =  1.01332e-05
dlev2               =  1.05542e-05
dlev3               =  9.87788e-06
dlev4               =  7.87778e-06
dlev5               =  3.45932e-06
dlev6               =  3.18978e-06
dlev7               =  6.79024e-06
dlev8               =  1.10600e-05
dlev9               =  3.39632e-06
dlev10              =  3.93948e-06
dlev11              =  9.18750e-06
dlev12              =  9.33896e-06
dlev13              =  2.93016e-06
dlev14              =  7.31735e-06
dlev15              =  7.45506e-06
dlev16              =  9.99997e-01
dlev17              =  9.99998e-01
dlev18              =  9.99998e-01
dlev19              =  9.99998e-01
dlev20              =  9.99998e-01
dlev21              =  9.99998e-01
dlev22              =  9.99996e-01
dlev23              =  9.99996e-01
dlev24              =  9.99997e-01
dlev25              =  9.99996e-01
dlev26              =  9.99997e-01
dlev27              =  9.99998e-01
dlev28              =  9.99999e-01
dlev29              =  9.99999e-01
dlev30              =  9.99998e-01
dlev31              =  9.99999e-01
dlev32              =  9.99999e-01
vdd_meas            =  1.32000e+00
temp_meas           =  1.25000e+02
vbias_mv            =  2.74696e+02
lowcount            =  1.59999e+01
vos_mv              =  -1.50023e+00

ngspice-46 done
