
Note: No compatibility mode selected!


Circuit: * klt sim -- generated corner deck, do not edit

Doing analysis at TEMP = 125.000000 and TNOM = 27.000000

Using SPARSE 1.3 as Direct Linear Solver

Initial Transient Solution
--------------------------

Node                                   Voltage
----                                   -------
vdd                                       1.08
cm                                         0.6
vd                                      -0.048
ap                                       0.576
an                                       0.624
clku                                         0
clk                                          0
ibn                                   0.247616
xa.x1.tmid                         9.11335e-05
xa.x1.tail                            0.575995
xa.x1.np                               1.07997
xa.x1.nn                               1.07991
xa.x1.ln                                  1.08
xa.x1.lp                                  1.08
xa.x1.lnb                          4.01002e-06
xa.x1.lpb                          4.78579e-06
xa.x1.na                               1.06081
doutb                                 0.557528
dout                                  0.562083
xa.x1.nb                               1.05981
doutn                                 0.520447
tcheck                                     125
pa_00                                  247.616
bpa_00#branch                                0
btchk#branch                                 0
bdoutn#branch                                0
bclk#branch                        3.35539e-10
ean#branch                         1.08694e-12
eap#branch                         1.44143e-12
vclku#branch                                 0
vd#branch                                    0
vcm#branch                         2.52837e-12
vsup#branch                       -8.43093e-05


No. of Data Rows : 12064

  Measurements for Transient Analysis

dlev0               =  7.33599e-06
dlev1               =  3.44051e-06
dlev2               =  4.24276e-06
dlev3               =  4.35061e-06
dlev4               =  4.22752e-06
dlev5               =  4.37862e-06
dlev6               =  4.30433e-06
dlev7               =  4.31596e-06
dlev8               =  4.33753e-06
dlev9               =  4.14310e-06
dlev10              =  4.38659e-06
dlev11              =  4.63703e-06
dlev12              =  4.57919e-06
dlev13              =  5.10409e-06
dlev14              =  4.82472e-06
dlev15              =  4.88553e-06
dlev16              =  9.99994e-01
dlev17              =  9.99994e-01
dlev18              =  9.99994e-01
dlev19              =  9.99994e-01
dlev20              =  9.99994e-01
dlev21              =  9.99994e-01
dlev22              =  9.99994e-01
dlev23              =  9.99994e-01
dlev24              =  9.99994e-01
dlev25              =  9.99994e-01
dlev26              =  9.99994e-01
dlev27              =  9.99994e-01
dlev28              =  9.99994e-01
dlev29              =  9.99994e-01
dlev30              =  9.99994e-01
dlev31              =  9.99994e-01
dlev32              =  9.99994e-01
vdd_meas            =  1.08000e+00
temp_meas           =  1.25000e+02
vbias_mv            =  2.47616e+02
lowcount            =  1.60000e+01
vos_mv              =  -1.49991e+00
vcm_meas            =  6.00000e-01

ngspice-46 done
