
Note: No compatibility mode selected!


Circuit: * klt sim -- generated corner deck, do not edit

Doing analysis at TEMP = 125.000000 and TNOM = 27.000000

Using SPARSE 1.3 as Direct Linear Solver

Initial Transient Solution
--------------------------

Node                                   Voltage
----                                   -------
vdd                                       1.08
cm                                         0.6
vd                                      -0.048
ap                                       0.576
an                                       0.624
clku                                         0
clk                                          0
ibn                                   0.296636
xa.x1.tmid                         1.44996e-05
xa.x1.tail                            0.551802
xa.x1.np                               1.07999
xa.x1.nn                               1.07998
xa.x1.ln                                  1.08
xa.x1.lp                                  1.08
xa.x1.lnb                          7.43821e-07
xa.x1.lpb                           8.0362e-07
xa.x1.na                                  1.08
doutb                              9.34524e-07
dout                                      1.08
xa.x1.nb                                  1.08
doutn                                 0.999999
tcheck                                     125
pa_00                                  296.636
bpa_00#branch                                0
btchk#branch                                 0
bdoutn#branch                                0
bclk#branch                        9.95287e-11
ean#branch                         1.21625e-13
eap#branch                         1.63453e-13
vclku#branch                                 0
vd#branch                                    0
vcm#branch                         2.85078e-13
vsup#branch                       -2.00287e-05


No. of Data Rows : 11922

  Measurements for Transient Analysis

dlev0               =  -2.36492e-06
dlev1               =  -1.42465e-07
dlev2               =  -1.55774e-07
dlev3               =  1.32397e-07
dlev4               =  3.28649e-06
dlev5               =  4.35565e-07
dlev6               =  4.23381e-06
dlev7               =  2.63409e-07
dlev8               =  4.38807e-07
dlev9               =  8.22540e-08
dlev10              =  -3.75213e-07
dlev11              =  -1.31926e-07
dlev12              =  1.30047e-07
dlev13              =  1.35684e-06
dlev14              =  1.08833e-07
dlev15              =  1.86824e-06
dlev16              =  -5.36663e-07
dlev17              =  2.49051e-07
dlev18              =  9.99998e-01
dlev19              =  9.99999e-01
dlev20              =  9.99999e-01
dlev21              =  9.99998e-01
dlev22              =  9.99999e-01
dlev23              =  9.99999e-01
dlev24              =  9.99999e-01
dlev25              =  9.99999e-01
dlev26              =  9.99999e-01
dlev27              =  9.99999e-01
dlev28              =  9.99999e-01
dlev29              =  9.99999e-01
dlev30              =  9.99999e-01
dlev31              =  9.99999e-01
dlev32              =  9.99999e-01
vdd_meas            =  1.08000e+00
temp_meas           =  1.25000e+02
vbias_mv            =  2.96636e+02
lowcount            =  1.80000e+01
vos_mv              =  4.50003e+00

ngspice-46 done
