
Note: No compatibility mode selected!


Circuit: * klt sim -- generated corner deck, do not edit

Doing analysis at TEMP = 125.000000 and TNOM = 27.000000

Using SPARSE 1.3 as Direct Linear Solver

Initial Transient Solution
--------------------------

Node                                   Voltage
----                                   -------
vdd                                       1.08
cm                                        0.55
vd                                      -0.048
ap                                       0.526
an                                       0.574
clku                                         0
clk                                          0
ibn                                    0.20657
xa.x1.tmid                         0.000301885
xa.x1.tail                            0.527193
xa.x1.np                               1.07992
xa.x1.nn                               1.07974
xa.x1.ln                                  1.08
xa.x1.lp                                  1.08
xa.x1.lnb                          2.12563e-05
xa.x1.lpb                          2.02034e-05
xa.x1.na                               1.07998
doutb                                2.604e-05
dout                                   1.07997
xa.x1.nb                               1.07998
doutn                                 0.999972
tcheck                                     125
pa_00                                   206.57
bpa_00#branch                                0
btchk#branch                                 0
bdoutn#branch                                0
bclk#branch                        1.13204e-09
ean#branch                         6.32011e-12
eap#branch                         8.17213e-12
vclku#branch                                 0
vd#branch                                    0
vcm#branch                         1.44922e-11
vsup#branch                       -2.06693e-05


No. of Data Rows : 12082

  Measurements for Transient Analysis

dlev0               =  2.75277e-05
dlev1               =  2.59577e-05
dlev2               =  2.57585e-05
dlev3               =  2.68945e-05
dlev4               =  2.57935e-05
dlev5               =  2.59115e-05
dlev6               =  2.43340e-05
dlev7               =  2.49797e-05
dlev8               =  2.55902e-05
dlev9               =  2.38677e-05
dlev10              =  2.38685e-05
dlev11              =  2.58241e-05
dlev12              =  2.58240e-05
dlev13              =  2.52400e-05
dlev14              =  2.54825e-05
dlev15              =  2.59852e-05
dlev16              =  2.46363e-05
dlev17              =  2.46509e-05
dlev18              =  9.99974e-01
dlev19              =  9.99972e-01
dlev20              =  9.99972e-01
dlev21              =  9.99972e-01
dlev22              =  9.99972e-01
dlev23              =  9.99972e-01
dlev24              =  9.99971e-01
dlev25              =  9.99972e-01
dlev26              =  9.99972e-01
dlev27              =  9.99972e-01
dlev28              =  9.99972e-01
dlev29              =  9.99972e-01
dlev30              =  9.99972e-01
dlev31              =  9.99973e-01
dlev32              =  9.99973e-01
vdd_meas            =  1.08000e+00
temp_meas           =  1.25000e+02
vbias_mv            =  2.06570e+02
lowcount            =  1.80000e+01
vos_mv              =  4.49988e+00
vcm_meas            =  5.50000e-01

ngspice-46 done
