
Note: No compatibility mode selected!


Circuit: * klt sim -- generated corner deck, do not edit

Doing analysis at TEMP = -40.000000 and TNOM = 27.000000

Using SPARSE 1.3 as Direct Linear Solver

Initial Transient Solution
--------------------------

Node                                   Voltage
----                                   -------
vdd                                        1.2
cm                                         0.6
vd                                      -0.048
ap                                       0.576
an                                       0.624
clku                                         0
clk                                          0
ibn                                   0.324487
xa.x1.tmid                         7.12205e-08
xa.x1.tail                            0.568115
xa.x1.np                                   1.2
xa.x1.nn                                   1.2
xa.x1.ln                                   1.2
xa.x1.lp                                   1.2
xa.x1.lnb                          2.23224e-08
xa.x1.lpb                          2.31352e-08
xa.x1.na                               1.18718
doutb                                 0.588779
dout                                  0.592003
xa.x1.nb                               1.18728
doutn                                 0.493336
tcheck                                     -40
pa_00                                  324.487
bpa_00#branch                                0
btchk#branch                                 0
bdoutn#branch                                0
bclk#branch                        1.17732e-10
ean#branch                         9.43051e-13
eap#branch                         1.20354e-12
vclku#branch                                 0
vd#branch                                    0
vcm#branch                         2.14659e-12
vsup#branch                       -7.11415e-05


No. of Data Rows : 12290

  Measurements for Transient Analysis

dlev0               =  -5.15564e-06
dlev1               =  -4.00600e-06
dlev2               =  -5.30134e-06
dlev3               =  -5.40362e-06
dlev4               =  -3.75659e-06
dlev5               =  3.37729e-06
dlev6               =  2.87953e-06
dlev7               =  -6.57727e-07
dlev8               =  -2.21910e-06
dlev9               =  1.95647e-06
dlev10              =  -5.90670e-06
dlev11              =  -5.93138e-06
dlev12              =  -5.93891e-06
dlev13              =  -6.43807e-06
dlev14              =  -5.32419e-06
dlev15              =  1.00000e+00
dlev16              =  9.99999e-01
dlev17              =  1.00000e+00
dlev18              =  9.99999e-01
dlev19              =  9.99999e-01
dlev20              =  1.00000e+00
dlev21              =  9.99999e-01
dlev22              =  1.00000e+00
dlev23              =  9.99999e-01
dlev24              =  1.00000e+00
dlev25              =  1.00000e+00
dlev26              =  1.00000e+00
dlev27              =  1.00000e+00
dlev28              =  1.00000e+00
dlev29              =  1.00000e+00
dlev30              =  1.00000e+00
dlev31              =  1.00000e+00
dlev32              =  1.00000e+00
vdd_meas            =  1.20000e+00
temp_meas           =  -4.00000e+01
vbias_mv            =  3.24487e+02
lowcount            =  1.50000e+01
vos_mv              =  -4.49990e+00

ngspice-46 done
