
Note: No compatibility mode selected!


Circuit: * klt sim -- generated corner deck, do not edit

Doing analysis at TEMP = 27.000000 and TNOM = 27.000000

Using SPARSE 1.3 as Direct Linear Solver

Initial Transient Solution
--------------------------

Node                                   Voltage
----                                   -------
vdd                                        1.2
cm                                         0.6
vd                                      -0.048
ap                                       0.576
an                                       0.624
clku                                         0
clk                                          0
ibn                                   0.294008
xa.x1.tmid                         5.88014e-07
xa.x1.tail                            0.588448
xa.x1.np                                   1.2
xa.x1.nn                                   1.2
xa.x1.ln                                   1.2
xa.x1.lp                                   1.2
xa.x1.lnb                          2.26511e-07
xa.x1.lpb                          2.54334e-07
xa.x1.na                                   1.2
doutb                              2.82818e-07
dout                                       1.2
xa.x1.nb                                   1.2
doutn                                        1
tcheck                                      27
pa_00                                  294.008
bpa_00#branch                                0
btchk#branch                                 0
bdoutn#branch                                0
bclk#branch                        5.52447e-10
ean#branch                         4.51805e-13
eap#branch                         5.80869e-13
vclku#branch                                 0
vd#branch                                    0
vcm#branch                         1.03267e-12
vsup#branch                       -1.00031e-05


No. of Data Rows : 12064

  Measurements for Transient Analysis

dlev0               =  -1.44791e-07
dlev1               =  2.15568e-06
dlev2               =  -3.37733e-07
dlev3               =  2.49754e-06
dlev4               =  9.21196e-07
dlev5               =  9.28477e-07
dlev6               =  1.67681e-06
dlev7               =  1.72494e-06
dlev8               =  1.35383e-06
dlev9               =  1.49409e-06
dlev10              =  5.37881e-07
dlev11              =  7.92546e-07
dlev12              =  7.80560e-07
dlev13              =  9.19554e-07
dlev14              =  4.85800e-07
dlev15              =  8.52466e-07
dlev16              =  -5.03112e-07
dlev17              =  -3.07832e-07
dlev18              =  -3.98187e-08
dlev19              =  1.00000e+00
dlev20              =  1.00000e+00
dlev21              =  9.99999e-01
dlev22              =  9.99999e-01
dlev23              =  1.00000e+00
dlev24              =  1.00000e+00
dlev25              =  1.00000e+00
dlev26              =  1.00000e+00
dlev27              =  1.00000e+00
dlev28              =  1.00000e+00
dlev29              =  1.00000e+00
dlev30              =  1.00000e+00
dlev31              =  1.00000e+00
dlev32              =  1.00000e+00
vdd_meas            =  1.20000e+00
temp_meas           =  2.70000e+01
vbias_mv            =  2.94008e+02
lowcount            =  1.90000e+01
vos_mv              =  7.49993e+00

ngspice-46 done
