
Note: No compatibility mode selected!


Circuit: * klt sim -- generated corner deck, do not edit

Doing analysis at TEMP = 125.000000 and TNOM = 27.000000

Using SPARSE 1.3 as Direct Linear Solver

Initial Transient Solution
--------------------------

Node                                   Voltage
----                                   -------
vdd                                       1.32
cm                                        0.65
vd                                      -0.048
ap                                       0.626
an                                       0.674
clku                                         0
clk                                          0
ibn                                   0.206078
xa.x1.tmid                         0.000309845
xa.x1.tail                            0.623095
xa.x1.np                               1.31994
xa.x1.nn                               1.31978
xa.x1.ln                                  1.32
xa.x1.lp                                  1.32
xa.x1.lnb                          1.90088e-05
xa.x1.lpb                          2.26937e-05
xa.x1.na                               1.31999
doutb                                  1.31998
dout                               2.31434e-05
xa.x1.nb                               1.31998
doutn                              1.75329e-05
tcheck                                     125
pa_00                                  206.078
bpa_00#branch                                0
btchk#branch                                 0
bdoutn#branch                                0
bclk#branch                        2.22818e-09
ean#branch                         1.25805e-11
eap#branch                         1.57486e-11
vclku#branch                                 0
vd#branch                                    0
vcm#branch                         2.83291e-11
vsup#branch                       -2.07035e-05


No. of Data Rows : 12252

  Measurements for Transient Analysis

dlev0               =  1.56405e-05
dlev1               =  1.43588e-05
dlev2               =  1.65113e-05
dlev3               =  1.37585e-05
dlev4               =  1.73503e-05
dlev5               =  1.32405e-05
dlev6               =  1.47061e-05
dlev7               =  1.28310e-05
dlev8               =  1.62529e-05
dlev9               =  1.34705e-05
dlev10              =  1.60157e-05
dlev11              =  1.29141e-05
dlev12              =  1.30393e-05
dlev13              =  1.31503e-05
dlev14              =  1.53746e-05
dlev15              =  1.94040e-05
dlev16              =  1.30742e-05
dlev17              =  1.59538e-05
dlev18              =  9.99983e-01
dlev19              =  9.99984e-01
dlev20              =  9.99984e-01
dlev21              =  9.99983e-01
dlev22              =  9.99983e-01
dlev23              =  9.99984e-01
dlev24              =  9.99984e-01
dlev25              =  9.99982e-01
dlev26              =  9.99982e-01
dlev27              =  9.99982e-01
dlev28              =  9.99982e-01
dlev29              =  9.99982e-01
dlev30              =  9.99984e-01
dlev31              =  9.99982e-01
dlev32              =  9.99984e-01
vdd_meas            =  1.32000e+00
temp_meas           =  1.25000e+02
vbias_mv            =  2.06078e+02
lowcount            =  1.80000e+01
vos_mv              =  4.49996e+00
vcm_meas            =  6.50000e-01

ngspice-46 done
