
Note: No compatibility mode selected!


Circuit: * klt sim -- generated corner deck, do not edit

Doing analysis at TEMP = 125.000000 and TNOM = 27.000000

Using SPARSE 1.3 as Direct Linear Solver

Initial Transient Solution
--------------------------

Node                                   Voltage
----                                   -------
vdd                                        1.2
cm                                         0.6
vd                                      -0.048
ap                                       0.576
an                                       0.624
clku                                         0
clk                                          0
ibn                                   0.207723
xa.x1.tmid                         0.000125595
xa.x1.tail                            0.584978
xa.x1.np                               1.19998
xa.x1.nn                               1.19992
xa.x1.ln                                   1.2
xa.x1.lp                                   1.2
xa.x1.lnb                          3.99212e-06
xa.x1.lpb                          3.93448e-06
xa.x1.na                                   1.2
doutb                                  1.19999
dout                               4.73828e-06
xa.x1.nb                                   1.2
doutn                              3.94856e-06
tcheck                                     125
pa_00                                  207.723
bpa_00#branch                                0
btchk#branch                                 0
bdoutn#branch                                0
bclk#branch                        4.84418e-10
ean#branch                         2.09219e-12
eap#branch                         2.68013e-12
vclku#branch                                 0
vd#branch                                    0
vcm#branch                         4.77232e-12
vsup#branch                       -1.01689e-05


No. of Data Rows : 12105

  Measurements for Transient Analysis

dlev0               =  4.59296e-06
dlev1               =  5.31180e-06
dlev2               =  5.41110e-06
dlev3               =  4.55280e-06
dlev4               =  4.47969e-06
dlev5               =  4.27980e-06
dlev6               =  4.19680e-06
dlev7               =  4.21154e-06
dlev8               =  5.37365e-06
dlev9               =  5.81301e-06
dlev10              =  5.17674e-06
dlev11              =  5.41292e-06
dlev12              =  4.50045e-06
dlev13              =  4.22001e-06
dlev14              =  4.15195e-06
dlev15              =  4.23515e-06
dlev16              =  9.99995e-01
dlev17              =  9.99995e-01
dlev18              =  9.99995e-01
dlev19              =  9.99995e-01
dlev20              =  9.99995e-01
dlev21              =  9.99995e-01
dlev22              =  9.99995e-01
dlev23              =  9.99995e-01
dlev24              =  9.99995e-01
dlev25              =  9.99995e-01
dlev26              =  9.99995e-01
dlev27              =  9.99995e-01
dlev28              =  9.99995e-01
dlev29              =  9.99995e-01
dlev30              =  9.99995e-01
dlev31              =  9.99995e-01
dlev32              =  9.99995e-01
vdd_meas            =  1.20000e+00
temp_meas           =  1.25000e+02
vbias_mv            =  2.07723e+02
lowcount            =  1.60000e+01
vos_mv              =  -1.49998e+00

ngspice-46 done
