
Note: No compatibility mode selected!


Circuit: * klt sim -- generated corner deck, do not edit

Doing analysis at TEMP = -40.000000 and TNOM = 27.000000

Using SPARSE 1.3 as Direct Linear Solver

Initial Transient Solution
--------------------------

Node                                   Voltage
----                                   -------
vdd                                       1.32
cm                                         0.6
vd                                      -0.048
ap                                       0.576
an                                       0.624
clku                                         0
clk                                          0
ibn                                   0.367878
xa.x1.tmid                         5.42825e-09
xa.x1.tail                            0.582451
xa.x1.np                                  1.32
xa.x1.nn                                  1.32
xa.x1.ln                                  1.32
xa.x1.lp                                  1.32
xa.x1.lnb                          5.05505e-08
xa.x1.lpb                          5.11416e-08
xa.x1.na                                  1.32
doutb                                     1.32
dout                               5.21823e-08
xa.x1.nb                                  1.32
doutn                               3.9532e-08
tcheck                                     -40
pa_00                                  367.878
bpa_00#branch                                0
btchk#branch                                 0
bdoutn#branch                                0
bclk#branch                        5.01483e-10
ean#branch                         4.02178e-13
eap#branch                         5.06123e-13
vclku#branch                                 0
vd#branch                                    0
vcm#branch                         9.08301e-13
vsup#branch                        -2.0001e-05


No. of Data Rows : 12401

  Measurements for Transient Analysis

dlev0               =  -2.83984e-06
dlev1               =  -3.22248e-06
dlev2               =  -3.35532e-06
dlev3               =  -5.91061e-06
dlev4               =  -4.69818e-06
dlev5               =  -5.29005e-06
dlev6               =  -4.18708e-06
dlev7               =  -4.24967e-06
dlev8               =  -5.14642e-06
dlev9               =  -4.67049e-06
dlev10              =  -2.14706e-08
dlev11              =  -4.32112e-06
dlev12              =  -4.42530e-06
dlev13              =  -3.37486e-06
dlev14              =  -3.30198e-06
dlev15              =  1.00000e+00
dlev16              =  9.99998e-01
dlev17              =  9.99999e-01
dlev18              =  9.99998e-01
dlev19              =  9.99998e-01
dlev20              =  9.99997e-01
dlev21              =  9.99998e-01
dlev22              =  9.99998e-01
dlev23              =  9.99997e-01
dlev24              =  9.99999e-01
dlev25              =  9.99998e-01
dlev26              =  9.99999e-01
dlev27              =  9.99999e-01
dlev28              =  9.99998e-01
dlev29              =  9.99998e-01
dlev30              =  9.99999e-01
dlev31              =  9.99997e-01
dlev32              =  9.99997e-01
vdd_meas            =  1.32000e+00
temp_meas           =  -4.00000e+01
vbias_mv            =  3.67878e+02
lowcount            =  1.50001e+01
vos_mv              =  -4.49973e+00

ngspice-46 done
