
Note: No compatibility mode selected!


Circuit: * klt sim -- generated corner deck, do not edit

Doing analysis at TEMP = 27.000000 and TNOM = 27.000000

Using SPARSE 1.3 as Direct Linear Solver

Initial Transient Solution
--------------------------

Node                                   Voltage
----                                   -------
vdd                                       1.08
cm                                        0.55
vd                                      -0.048
ap                                       0.526
an                                       0.574
clku                                         0
clk                                          0
ibn                                   0.263834
xa.x1.tmid                         6.96216e-06
xa.x1.tail                            0.525462
xa.x1.np                                  1.08
xa.x1.nn                               1.07999
xa.x1.ln                                  1.08
xa.x1.lp                                  1.08
xa.x1.lnb                          6.94993e-07
xa.x1.lpb                          5.38533e-07
xa.x1.na                               1.06216
doutb                                 0.558336
dout                                  0.559479
xa.x1.nb                                1.0632
doutn                                 0.518037
tcheck                                      27
pa_00                                  263.834
bpa_00#branch                                0
btchk#branch                                 0
bdoutn#branch                                0
bclk#branch                        6.97703e-10
ean#branch                         2.83282e-12
eap#branch                         3.65252e-12
vclku#branch                                 0
vd#branch                                    0
vcm#branch                         6.48534e-12
vsup#branch                       -9.45766e-05


No. of Data Rows : 12190

  Measurements for Transient Analysis

dlev0               =  4.72527e-06
dlev1               =  5.76415e-06
dlev2               =  5.30931e-06
dlev3               =  3.24972e-06
dlev4               =  7.71397e-07
dlev5               =  1.20403e-06
dlev6               =  1.07648e-06
dlev7               =  1.32389e-06
dlev8               =  2.89798e-06
dlev9               =  9.32395e-07
dlev10              =  6.58354e-07
dlev11              =  6.59590e-06
dlev12              =  5.57700e-06
dlev13              =  1.73882e-06
dlev14              =  8.75095e-07
dlev15              =  5.28934e-06
dlev16              =  9.99998e-01
dlev17              =  9.99999e-01
dlev18              =  1.00000e+00
dlev19              =  1.00000e+00
dlev20              =  1.00000e+00
dlev21              =  1.00000e+00
dlev22              =  9.99999e-01
dlev23              =  9.99999e-01
dlev24              =  9.99999e-01
dlev25              =  1.00000e+00
dlev26              =  1.00000e+00
dlev27              =  1.00000e+00
dlev28              =  1.00000e+00
dlev29              =  1.00000e+00
dlev30              =  1.00000e+00
dlev31              =  1.00000e+00
dlev32              =  1.00000e+00
vdd_meas            =  1.08000e+00
temp_meas           =  2.70000e+01
vbias_mv            =  2.63834e+02
lowcount            =  1.59999e+01
vos_mv              =  -1.50016e+00
vcm_meas            =  5.50000e-01

ngspice-46 done
