
Note: No compatibility mode selected!


Circuit: * klt sim -- generated corner deck, do not edit

Doing analysis at TEMP = 27.000000 and TNOM = 27.000000

Using SPARSE 1.3 as Direct Linear Solver

Initial Transient Solution
--------------------------

Node                                   Voltage
----                                   -------
vdd                                       1.08
cm                                         0.6
vd                                      -0.048
ap                                       0.576
an                                       0.624
clku                                         0
clk                                          0
ibn                                    0.33243
xa.x1.tmid                         3.97614e-07
xa.x1.tail                            0.582136
xa.x1.np                                  1.08
xa.x1.nn                                  1.08
xa.x1.ln                                  1.08
xa.x1.lp                                  1.08
xa.x1.lnb                          2.26638e-07
xa.x1.lpb                          2.51762e-07
xa.x1.na                               1.06925
doutb                                 0.595845
dout                                  0.581632
xa.x1.nb                               1.07104
doutn                                 0.538548
tcheck                                      27
pa_00                                   332.43
bpa_00#branch                                0
btchk#branch                                 0
bdoutn#branch                                0
bclk#branch                        3.85029e-10
ean#branch                         2.30566e-13
eap#branch                         3.06921e-13
vclku#branch                                 0
vd#branch                                    0
vcm#branch                         5.37487e-13
vsup#branch                       -5.83232e-05


No. of Data Rows : 12125

  Measurements for Transient Analysis

dlev0               =  1.66477e-06
dlev1               =  -6.26208e-06
dlev2               =  -5.80670e-06
dlev3               =  1.70483e-06
dlev4               =  3.38808e-06
dlev5               =  4.21173e-06
dlev6               =  4.28037e-06
dlev7               =  4.31034e-06
dlev8               =  4.48283e-06
dlev9               =  5.46375e-07
dlev10              =  3.58813e-06
dlev11              =  4.56917e-06
dlev12              =  4.48593e-06
dlev13              =  5.00379e-06
dlev14              =  3.97750e-06
dlev15              =  1.61389e-06
dlev16              =  -6.73307e-08
dlev17              =  1.00000e+00
dlev18              =  1.00000e+00
dlev19              =  1.00000e+00
dlev20              =  1.00000e+00
dlev21              =  1.00000e+00
dlev22              =  1.00000e+00
dlev23              =  1.00000e+00
dlev24              =  1.00000e+00
dlev25              =  1.00000e+00
dlev26              =  1.00000e+00
dlev27              =  1.00000e+00
dlev28              =  1.00000e+00
dlev29              =  1.00000e+00
dlev30              =  1.00000e+00
dlev31              =  1.00000e+00
dlev32              =  1.00000e+00
vdd_meas            =  1.08000e+00
temp_meas           =  2.70000e+01
vbias_mv            =  3.32430e+02
lowcount            =  1.70000e+01
vos_mv              =  1.49989e+00

ngspice-46 done
