
Note: No compatibility mode selected!


Circuit: * klt sim -- generated corner deck, do not edit

Doing analysis at TEMP = 27.000000 and TNOM = 27.000000

Using SPARSE 1.3 as Direct Linear Solver

Initial Transient Solution
--------------------------

Node                                   Voltage
----                                   -------
vdd                                       1.08
cm                                         0.6
vd                                      -0.048
ap                                       0.576
an                                       0.624
clku                                         0
clk                                          0
ibn                                   0.264264
xa.x1.tmid                         7.18426e-06
xa.x1.tail                            0.571416
xa.x1.np                                  1.08
xa.x1.nn                               1.07999
xa.x1.ln                                  1.08
xa.x1.lp                                  1.08
xa.x1.lnb                          6.05647e-07
xa.x1.lpb                          6.61494e-07
xa.x1.na                               1.06411
doutb                                 0.567617
dout                                  0.562324
xa.x1.nb                               1.06357
doutn                                 0.520671
tcheck                                      27
pa_00                                  264.264
bpa_00#branch                                0
btchk#branch                                 0
bdoutn#branch                                0
bclk#branch                        6.99481e-10
ean#branch                         2.15622e-12
eap#branch                         2.82507e-12
vclku#branch                                 0
vd#branch                                    0
vcm#branch                         4.98129e-12
vsup#branch                       -9.09575e-05


No. of Data Rows : 12195

  Measurements for Transient Analysis

dlev0               =  1.11945e-06
dlev1               =  4.53920e-06
dlev2               =  4.83982e-06
dlev3               =  4.88405e-06
dlev4               =  4.31040e-06
dlev5               =  3.92452e-06
dlev6               =  3.97731e-06
dlev7               =  4.56789e-06
dlev8               =  4.75467e-06
dlev9               =  1.64660e-07
dlev10              =  3.47504e-06
dlev11              =  -6.38044e-08
dlev12              =  1.56165e-06
dlev13              =  5.98637e-07
dlev14              =  3.55371e-06
dlev15              =  9.99999e-01
dlev16              =  1.00000e+00
dlev17              =  1.00000e+00
dlev18              =  1.00000e+00
dlev19              =  1.00000e+00
dlev20              =  1.00000e+00
dlev21              =  1.00000e+00
dlev22              =  1.00000e+00
dlev23              =  1.00000e+00
dlev24              =  1.00000e+00
dlev25              =  9.99999e-01
dlev26              =  1.00000e+00
dlev27              =  1.00000e+00
dlev28              =  1.00000e+00
dlev29              =  1.00000e+00
dlev30              =  1.00000e+00
dlev31              =  1.00000e+00
dlev32              =  1.00000e+00
vdd_meas            =  1.08000e+00
temp_meas           =  2.70000e+01
vbias_mv            =  2.64264e+02
lowcount            =  1.49999e+01
vos_mv              =  -4.50018e+00

ngspice-46 done
