
Note: No compatibility mode selected!


Circuit: * klt sim -- generated corner deck, do not edit

Doing analysis at TEMP = 27.000000 and TNOM = 27.000000

Using SPARSE 1.3 as Direct Linear Solver

Initial Transient Solution
--------------------------

Node                                   Voltage
----                                   -------
vdd                                       1.08
cm                                         0.6
vd                                      -0.048
ap                                       0.576
an                                       0.624
clku                                         0
clk                                          0
ibn                                   0.329599
xa.x1.tmid                         3.92305e-07
xa.x1.tail                            0.551562
xa.x1.np                                  1.08
xa.x1.nn                                  1.08
xa.x1.ln                                  1.08
xa.x1.lp                                  1.08
xa.x1.lnb                          2.21919e-07
xa.x1.lpb                          2.27688e-07
xa.x1.na                               1.07051
doutb                                 0.593202
dout                                  0.594594
xa.x1.nb                               1.07044
doutn                                  0.55055
tcheck                                      27
pa_00                                  329.599
bpa_00#branch                                0
btchk#branch                                 0
bdoutn#branch                                0
bclk#branch                        3.83553e-10
ean#branch                          1.1452e-13
eap#branch                          1.5303e-13
vclku#branch                                 0
vd#branch                                    0
vcm#branch                          2.6755e-13
vsup#branch                       -5.69319e-05


No. of Data Rows : 12079

  Measurements for Transient Analysis

dlev0               =  -6.07485e-06
dlev1               =  -6.09474e-06
dlev2               =  -6.02065e-06
dlev3               =  -5.94704e-06
dlev4               =  -5.87097e-06
dlev5               =  -5.81369e-06
dlev6               =  -5.77251e-06
dlev7               =  -4.82036e-06
dlev8               =  -5.74000e-06
dlev9               =  -6.08240e-06
dlev10              =  -3.72593e-06
dlev11              =  -4.65823e-06
dlev12              =  -5.56792e-06
dlev13              =  -4.70258e-06
dlev14              =  -6.91829e-06
dlev15              =  -5.55748e-06
dlev16              =  -5.90711e-06
dlev17              =  -5.51028e-06
dlev18              =  1.00000e+00
dlev19              =  9.99998e-01
dlev20              =  9.99998e-01
dlev21              =  9.99998e-01
dlev22              =  9.99998e-01
dlev23              =  9.99998e-01
dlev24              =  9.99999e-01
dlev25              =  9.99998e-01
dlev26              =  9.99998e-01
dlev27              =  9.99998e-01
dlev28              =  9.99999e-01
dlev29              =  9.99998e-01
dlev30              =  9.99998e-01
dlev31              =  9.99998e-01
dlev32              =  9.99998e-01
vdd_meas            =  1.08000e+00
temp_meas           =  2.70000e+01
vbias_mv            =  3.29599e+02
lowcount            =  1.80001e+01
vos_mv              =  4.50038e+00

ngspice-46 done
