
Note: No compatibility mode selected!


Circuit: * klt sim -- generated corner deck, do not edit

Doing analysis at TEMP = -40.000000 and TNOM = 27.000000

Using SPARSE 1.3 as Direct Linear Solver

Initial Transient Solution
--------------------------

Node                                   Voltage
----                                   -------
vdd                                       1.32
cm                                         0.6
vd                                      -0.048
ap                                       0.576
an                                       0.624
clku                                         0
clk                                          0
ibn                                   0.343551
xa.x1.tmid                         2.58909e-08
xa.x1.tail                            0.531206
xa.x1.np                                  1.32
xa.x1.nn                                  1.32
xa.x1.ln                                  1.32
xa.x1.lp                                  1.32
xa.x1.lnb                           3.5158e-08
xa.x1.lpb                          3.29149e-08
xa.x1.na                                  1.32
doutb                                     1.32
dout                               3.45276e-08
xa.x1.nb                                  1.32
doutn                              2.61573e-08
tcheck                                     -40
pa_00                                  343.551
bpa_00#branch                                0
btchk#branch                                 0
bdoutn#branch                                0
bclk#branch                        2.83704e-10
ean#branch                         5.46424e-13
eap#branch                         6.85452e-13
vclku#branch                                 0
vd#branch                                    0
vcm#branch                         1.23188e-12
vsup#branch                       -2.00007e-05


No. of Data Rows : 12329

  Measurements for Transient Analysis

dlev0               =  -7.17364e-06
dlev1               =  -6.18477e-06
dlev2               =  -3.03286e-06
dlev3               =  -2.77879e-06
dlev4               =  -2.73399e-06
dlev5               =  -2.12221e-06
dlev6               =  -6.31713e-06
dlev7               =  -1.76921e-06
dlev8               =  -2.25050e-06
dlev9               =  -6.38684e-06
dlev10              =  -6.35650e-06
dlev11              =  -4.75357e-06
dlev12              =  -6.42782e-06
dlev13              =  -2.89277e-06
dlev14              =  -3.14281e-06
dlev15              =  1.00000e+00
dlev16              =  9.99998e-01
dlev17              =  9.99998e-01
dlev18              =  9.99997e-01
dlev19              =  9.99999e-01
dlev20              =  9.99998e-01
dlev21              =  9.99999e-01
dlev22              =  9.99999e-01
dlev23              =  9.99999e-01
dlev24              =  9.99998e-01
dlev25              =  9.99997e-01
dlev26              =  9.99997e-01
dlev27              =  9.99998e-01
dlev28              =  9.99999e-01
dlev29              =  9.99999e-01
dlev30              =  9.99999e-01
dlev31              =  9.99998e-01
dlev32              =  9.99997e-01
vdd_meas            =  1.32000e+00
temp_meas           =  -4.00000e+01
vbias_mv            =  3.43551e+02
lowcount            =  1.50001e+01
vos_mv              =  -4.49972e+00

ngspice-46 done
