
Note: No compatibility mode selected!


Circuit: * klt sim -- generated corner deck, do not edit

Doing analysis at TEMP = 27.000000 and TNOM = 27.000000

Using SPARSE 1.3 as Direct Linear Solver

Initial Transient Solution
--------------------------

Node                                   Voltage
----                                   -------
vdd                                       1.32
cm                                        0.65
vd                                      -0.048
ap                                       0.626
an                                       0.674
clku                                         0
clk                                          0
ibn                                   0.355028
xa.x1.tmid                         7.98753e-08
xa.x1.tail                            0.649757
xa.x1.np                                  1.32
xa.x1.nn                                  1.32
xa.x1.ln                                  1.32
xa.x1.lp                                  1.32
xa.x1.lnb                          2.13336e-08
xa.x1.lpb                          2.04601e-08
xa.x1.na                               1.30146
doutb                                 0.669277
dout                                  0.672108
xa.x1.nb                               1.30109
doutn                                 0.509173
tcheck                                      27
pa_00                                  355.028
bpa_00#branch                                0
btchk#branch                                 0
bdoutn#branch                                0
bclk#branch                        1.35028e-10
ean#branch                         3.13916e-13
eap#branch                         4.00902e-13
vclku#branch                                 0
vd#branch                                    0
vcm#branch                         7.14817e-13
vsup#branch                        -9.0436e-05


No. of Data Rows : 12299

  Measurements for Transient Analysis

dlev0               =  -2.04941e-06
dlev1               =  -4.30960e-06
dlev2               =  -4.21335e-06
dlev3               =  -4.13146e-06
dlev4               =  -4.47725e-06
dlev5               =  -4.31382e-06
dlev6               =  -3.84282e-06
dlev7               =  -4.79575e-06
dlev8               =  -2.23174e-06
dlev9               =  -4.25132e-07
dlev10              =  -5.27825e-07
dlev11              =  -1.63156e-07
dlev12              =  -3.75302e-06
dlev13              =  -2.98916e-06
dlev14              =  -4.11577e-06
dlev15              =  -4.53622e-06
dlev16              =  -3.20664e-06
dlev17              =  9.99998e-01
dlev18              =  9.99999e-01
dlev19              =  9.99999e-01
dlev20              =  9.99999e-01
dlev21              =  9.99999e-01
dlev22              =  9.99999e-01
dlev23              =  1.00000e+00
dlev24              =  9.99999e-01
dlev25              =  9.99998e-01
dlev26              =  9.99999e-01
dlev27              =  9.99999e-01
dlev28              =  9.99999e-01
dlev29              =  9.99998e-01
dlev30              =  9.99998e-01
dlev31              =  9.99998e-01
dlev32              =  9.99998e-01
vdd_meas            =  1.32000e+00
temp_meas           =  2.70000e+01
vbias_mv            =  3.55028e+02
lowcount            =  1.70001e+01
vos_mv              =  1.50022e+00
vcm_meas            =  6.50000e-01

ngspice-46 done
