
Note: No compatibility mode selected!


Circuit: * klt sim -- generated corner deck, do not edit

Doing analysis at TEMP = 125.000000 and TNOM = 27.000000

Using SPARSE 1.3 as Direct Linear Solver

Initial Transient Solution
--------------------------

Node                                   Voltage
----                                   -------
vdd                                       1.32
cm                                        0.65
vd                                      -0.048
ap                                       0.626
an                                       0.674
clku                                         0
clk                                          0
ibn                                   0.297175
xa.x1.tmid                         1.58541e-05
xa.x1.tail                             0.63879
xa.x1.np                                  1.32
xa.x1.nn                               1.31998
xa.x1.ln                                  1.32
xa.x1.lp                                  1.32
xa.x1.lnb                          7.13939e-07
xa.x1.lpb                          6.97865e-07
xa.x1.na                                  1.32
doutb                                     1.32
dout                               8.92501e-07
xa.x1.nb                                  1.32
doutn                              6.76137e-07
tcheck                                     125
pa_00                                  297.175
bpa_00#branch                                0
btchk#branch                                 0
bdoutn#branch                                0
bclk#branch                         2.0594e-10
ean#branch                          6.9883e-13
eap#branch                         8.90704e-13
vclku#branch                                 0
vd#branch                                    0
vcm#branch                         1.58953e-12
vsup#branch                       -2.00325e-05


No. of Data Rows : 12234

  Measurements for Transient Analysis

dlev0               =  1.36943e-06
dlev1               =  1.09817e-06
dlev2               =  1.43400e-06
dlev3               =  5.71058e-07
dlev4               =  2.11816e-06
dlev5               =  1.36708e-06
dlev6               =  5.32359e-07
dlev7               =  4.46404e-07
dlev8               =  8.02434e-07
dlev9               =  1.12879e-06
dlev10              =  1.30539e-06
dlev11              =  4.32756e-07
dlev12              =  2.81109e-07
dlev13              =  3.67688e-07
dlev14              =  2.51337e-07
dlev15              =  1.14867e-06
dlev16              =  1.00510e-07
dlev17              =  9.99999e-01
dlev18              =  9.99999e-01
dlev19              =  9.99999e-01
dlev20              =  9.99999e-01
dlev21              =  9.99999e-01
dlev22              =  9.99999e-01
dlev23              =  9.99999e-01
dlev24              =  1.00000e+00
dlev25              =  9.99999e-01
dlev26              =  9.99999e-01
dlev27              =  1.00000e+00
dlev28              =  9.99999e-01
dlev29              =  9.99999e-01
dlev30              =  1.00000e+00
dlev31              =  9.99999e-01
dlev32              =  9.99999e-01
vdd_meas            =  1.32000e+00
temp_meas           =  1.25000e+02
vbias_mv            =  2.97175e+02
lowcount            =  1.70000e+01
vos_mv              =  1.49998e+00
vcm_meas            =  6.50000e-01

ngspice-46 done
