
Note: No compatibility mode selected!


Circuit: * klt sim -- generated corner deck, do not edit

Doing analysis at TEMP = 27.000000 and TNOM = 27.000000

Using SPARSE 1.3 as Direct Linear Solver

Initial Transient Solution
--------------------------

Node                                   Voltage
----                                   -------
vdd                                       1.32
cm                                         0.6
vd                                      -0.048
ap                                       0.576
an                                       0.624
clku                                         0
clk                                          0
ibn                                   0.263942
xa.x1.tmid                         7.86993e-06
xa.x1.tail                            0.573142
xa.x1.np                                  1.32
xa.x1.nn                               1.31999
xa.x1.ln                                  1.32
xa.x1.lp                                  1.32
xa.x1.lnb                          6.47965e-07
xa.x1.lpb                          5.72477e-07
xa.x1.na                                  1.32
doutb                                     1.32
dout                               7.60492e-07
xa.x1.nb                                  1.32
doutn                               5.7613e-07
tcheck                                      27
pa_00                                  263.942
bpa_00#branch                                0
btchk#branch                                 0
bdoutn#branch                                0
bclk#branch                        1.37872e-09
ean#branch                         7.09821e-12
eap#branch                         8.80204e-12
vclku#branch                                 0
vd#branch                                    0
vcm#branch                         1.59003e-11
vsup#branch                       -2.00252e-05


No. of Data Rows : 12394

  Measurements for Transient Analysis

dlev0               =  -1.80450e-06
dlev1               =  -3.06910e-06
dlev2               =  2.02068e-06
dlev3               =  -1.73677e-06
dlev4               =  -5.42688e-07
dlev5               =  1.49398e-06
dlev6               =  5.84285e-06
dlev7               =  2.28525e-06
dlev8               =  -9.78283e-07
dlev9               =  -1.63058e-07
dlev10              =  1.60273e-06
dlev11              =  4.25070e-07
dlev12              =  -3.97028e-07
dlev13              =  3.78592e-07
dlev14              =  -1.55611e-06
dlev15              =  1.00000e+00
dlev16              =  1.00000e+00
dlev17              =  9.99998e-01
dlev18              =  9.99997e-01
dlev19              =  9.99998e-01
dlev20              =  9.99998e-01
dlev21              =  9.99998e-01
dlev22              =  1.00000e+00
dlev23              =  9.99999e-01
dlev24              =  9.99998e-01
dlev25              =  9.99997e-01
dlev26              =  9.99999e-01
dlev27              =  9.99997e-01
dlev28              =  9.99999e-01
dlev29              =  9.99999e-01
dlev30              =  9.99998e-01
dlev31              =  9.99997e-01
dlev32              =  9.99997e-01
vdd_meas            =  1.32000e+00
temp_meas           =  2.70000e+01
vbias_mv            =  2.63942e+02
lowcount            =  1.50000e+01
vos_mv              =  -4.49993e+00

ngspice-46 done
