
Note: No compatibility mode selected!


Circuit: * klt sim -- generated corner deck, do not edit

Doing analysis at TEMP = -40.000000 and TNOM = 27.000000

Using SPARSE 1.3 as Direct Linear Solver

Initial Transient Solution
--------------------------

Node                                   Voltage
----                                   -------
vdd                                       1.32
cm                                        0.55
vd                                      -0.048
ap                                       0.526
an                                       0.574
clku                                         0
clk                                          0
ibn                                   0.343696
xa.x1.tmid                         2.47415e-08
xa.x1.tail                            0.531215
xa.x1.np                                  1.32
xa.x1.nn                                  1.32
xa.x1.ln                                  1.32
xa.x1.lp                                  1.32
xa.x1.lnb                          3.53825e-08
xa.x1.lpb                            3.507e-08
xa.x1.na                                  1.32
doutb                                     1.32
dout                               3.45907e-08
xa.x1.nb                                  1.32
doutn                              2.62051e-08
tcheck                                     -40
pa_00                                  343.696
bpa_00#branch                                0
btchk#branch                                 0
bdoutn#branch                                0
bclk#branch                        2.88308e-10
ean#branch                         1.03842e-12
eap#branch                          1.2893e-12
vclku#branch                                 0
vd#branch                                    0
vcm#branch                         2.32772e-12
vsup#branch                       -2.00007e-05


No. of Data Rows : 12373

  Measurements for Transient Analysis

dlev0               =  -6.51390e-06
dlev1               =  -1.10438e-05
dlev2               =  -6.41780e-06
dlev3               =  -5.76596e-06
dlev4               =  -3.11818e-06
dlev5               =  -1.07338e-05
dlev6               =  -2.51194e-06
dlev7               =  -1.00233e-05
dlev8               =  -1.00805e-05
dlev9               =  -4.28572e-06
dlev10              =  -4.14964e-06
dlev11              =  -1.08595e-05
dlev12              =  -9.86119e-06
dlev13              =  -2.89480e-06
dlev14              =  -3.22498e-06
dlev15              =  -3.14464e-06
dlev16              =  -2.55390e-06
dlev17              =  1.00000e+00
dlev18              =  9.99996e-01
dlev19              =  9.99996e-01
dlev20              =  9.99996e-01
dlev21              =  9.99996e-01
dlev22              =  9.99996e-01
dlev23              =  9.99996e-01
dlev24              =  9.99999e-01
dlev25              =  9.99997e-01
dlev26              =  9.99997e-01
dlev27              =  9.99999e-01
dlev28              =  9.99999e-01
dlev29              =  9.99996e-01
dlev30              =  9.99996e-01
dlev31              =  9.99996e-01
dlev32              =  9.99996e-01
vdd_meas            =  1.32000e+00
temp_meas           =  -4.00000e+01
vbias_mv            =  3.43696e+02
lowcount            =  1.70002e+01
vos_mv              =  1.50046e+00
vcm_meas            =  5.50000e-01

ngspice-46 done
