
Note: No compatibility mode selected!


Circuit: * klt sim -- generated corner deck, do not edit

Doing analysis at TEMP = -40.000000 and TNOM = 27.000000

Using SPARSE 1.3 as Direct Linear Solver

Initial Transient Solution
--------------------------

Node                                   Voltage
----                                   -------
vdd                                       1.08
cm                                         0.6
vd                                      -0.048
ap                                       0.576
an                                       0.624
clku                                         0
clk                                          0
ibn                                   0.324646
xa.x1.tmid                          7.0834e-08
xa.x1.tail                            0.563234
xa.x1.np                                  1.08
xa.x1.nn                                  1.08
xa.x1.ln                                  1.08
xa.x1.lp                                  1.08
xa.x1.lnb                          1.63059e-08
xa.x1.lpb                          1.62568e-08
xa.x1.na                                1.0742
doutb                                 0.525335
dout                                  0.534851
xa.x1.nb                               1.07403
doutn                                 0.495233
tcheck                                     -40
pa_00                                  324.646
bpa_00#branch                                0
btchk#branch                                 0
bdoutn#branch                                0
bclk#branch                        8.27712e-11
ean#branch                         4.93605e-13
eap#branch                          6.5184e-13
vclku#branch                                 0
vd#branch                                    0
vcm#branch                         1.14544e-12
vsup#branch                       -4.02061e-05


No. of Data Rows : 12214

  Measurements for Transient Analysis

dlev0               =  -1.35138e-06
dlev1               =  2.14099e-06
dlev2               =  -2.09937e-06
dlev3               =  -3.48873e-06
dlev4               =  -2.13847e-06
dlev5               =  -3.02108e-06
dlev6               =  -2.14886e-06
dlev7               =  -3.60593e-06
dlev8               =  9.25140e-07
dlev9               =  1.79002e-06
dlev10              =  -3.00049e-06
dlev11              =  1.84443e-06
dlev12              =  1.58953e-06
dlev13              =  6.22811e-07
dlev14              =  1.19422e-06
dlev15              =  9.99998e-01
dlev16              =  1.00000e+00
dlev17              =  1.00000e+00
dlev18              =  9.99997e-01
dlev19              =  9.99996e-01
dlev20              =  9.99995e-01
dlev21              =  9.99995e-01
dlev22              =  9.99996e-01
dlev23              =  9.99995e-01
dlev24              =  9.99995e-01
dlev25              =  9.99995e-01
dlev26              =  9.99995e-01
dlev27              =  9.99995e-01
dlev28              =  1.00000e+00
dlev29              =  9.99995e-01
dlev30              =  9.99995e-01
dlev31              =  9.99995e-01
dlev32              =  9.99995e-01
vdd_meas            =  1.08000e+00
temp_meas           =  -4.00000e+01
vbias_mv            =  3.24646e+02
lowcount            =  1.50001e+01
vos_mv              =  -4.49976e+00

ngspice-46 done
