
Note: No compatibility mode selected!


Circuit: * klt sim -- generated corner deck, do not edit

Doing analysis at TEMP = -40.000000 and TNOM = 27.000000

Using SPARSE 1.3 as Direct Linear Solver

Initial Transient Solution
--------------------------

Node                                   Voltage
----                                   -------
vdd                                       1.08
cm                                         0.6
vd                                      -0.048
ap                                       0.576
an                                       0.624
clku                                         0
clk                                          0
ibn                                   0.341592
xa.x1.tmid                         7.13721e-09
xa.x1.tail                            0.583337
xa.x1.np                                  1.08
xa.x1.nn                                  1.08
xa.x1.ln                                  1.08
xa.x1.lp                                  1.08
xa.x1.lnb                          3.59516e-08
xa.x1.lpb                          3.89747e-08
xa.x1.na                                1.0744
doutb                                 0.581458
dout                                  0.584971
xa.x1.nb                               1.07438
doutn                                  0.54164
tcheck                                     -40
pa_00                                  341.592
bpa_00#branch                                0
btchk#branch                                 0
bdoutn#branch                                0
bclk#branch                        2.55024e-10
ean#branch                         1.11661e-13
eap#branch                         1.48742e-13
vclku#branch                                 0
vd#branch                                    0
vcm#branch                         2.60403e-13
vsup#branch                       -3.33028e-05


No. of Data Rows : 12112

  Measurements for Transient Analysis

dlev0               =  -5.79938e-06
dlev1               =  -2.30897e-06
dlev2               =  1.05557e-07
dlev3               =  2.74167e-07
dlev4               =  -7.12584e-06
dlev5               =  -5.14266e-06
dlev6               =  -8.57506e-06
dlev7               =  -7.35276e-06
dlev8               =  2.72022e-07
dlev9               =  1.19184e-07
dlev10              =  -5.49779e-06
dlev11              =  1.32563e-07
dlev12              =  -3.11688e-08
dlev13              =  -4.57590e-07
dlev14              =  5.09256e-07
dlev15              =  -8.18924e-07
dlev16              =  -5.35051e-08
dlev17              =  -8.27044e-06
dlev18              =  1.00000e+00
dlev19              =  1.00000e+00
dlev20              =  9.99998e-01
dlev21              =  9.99999e-01
dlev22              =  9.99998e-01
dlev23              =  1.00000e+00
dlev24              =  1.00000e+00
dlev25              =  1.00000e+00
dlev26              =  1.00000e+00
dlev27              =  9.99999e-01
dlev28              =  1.00000e+00
dlev29              =  1.00000e+00
dlev30              =  1.00000e+00
dlev31              =  1.00000e+00
dlev32              =  1.00000e+00
vdd_meas            =  1.08000e+00
temp_meas           =  -4.00000e+01
vbias_mv            =  3.41592e+02
lowcount            =  1.80000e+01
vos_mv              =  4.50015e+00

ngspice-46 done
