
Note: No compatibility mode selected!


Circuit: * klt sim -- generated corner deck, do not edit

Doing analysis at TEMP = 125.000000 and TNOM = 27.000000

Using SPARSE 1.3 as Direct Linear Solver

Initial Transient Solution
--------------------------

Node                                   Voltage
----                                   -------
vdd                                       1.32
cm                                         0.6
vd                                      -0.048
ap                                       0.576
an                                       0.624
clku                                         0
clk                                          0
ibn                                   0.206292
xa.x1.tmid                         0.000343591
xa.x1.tail                            0.575339
xa.x1.np                               1.31993
xa.x1.nn                               1.31975
xa.x1.ln                                  1.32
xa.x1.lp                                  1.32
xa.x1.lnb                          1.80638e-05
xa.x1.lpb                          1.73673e-05
xa.x1.na                               1.31998
doutb                              2.46793e-05
dout                                   1.31998
xa.x1.nb                               1.31999
doutn                                 0.999984
tcheck                                     125
pa_00                                  206.292
bpa_00#branch                                0
btchk#branch                                 0
bdoutn#branch                                0
bclk#branch                        2.19931e-09
ean#branch                         1.58001e-11
eap#branch                           1.961e-11
vclku#branch                                 0
vd#branch                                    0
vcm#branch                         3.54101e-11
vsup#branch                       -2.07536e-05


No. of Data Rows : 12241

  Measurements for Transient Analysis

dlev0               =  1.55397e-05
dlev1               =  1.57385e-05
dlev2               =  1.68620e-05
dlev3               =  1.48889e-05
dlev4               =  1.35865e-05
dlev5               =  1.34185e-05
dlev6               =  1.44173e-05
dlev7               =  1.46892e-05
dlev8               =  1.88157e-05
dlev9               =  1.89446e-05
dlev10              =  1.70362e-05
dlev11              =  1.32898e-05
dlev12              =  1.84385e-05
dlev13              =  1.78753e-05
dlev14              =  1.75689e-05
dlev15              =  1.75241e-05
dlev16              =  1.55665e-05
dlev17              =  1.26746e-05
dlev18              =  9.99985e-01
dlev19              =  9.99985e-01
dlev20              =  9.99982e-01
dlev21              =  9.99985e-01
dlev22              =  9.99983e-01
dlev23              =  9.99984e-01
dlev24              =  9.99985e-01
dlev25              =  9.99983e-01
dlev26              =  9.99982e-01
dlev27              =  9.99983e-01
dlev28              =  9.99984e-01
dlev29              =  9.99983e-01
dlev30              =  9.99982e-01
dlev31              =  9.99983e-01
dlev32              =  9.99982e-01
vdd_meas            =  1.32000e+00
temp_meas           =  1.25000e+02
vbias_mv            =  2.06292e+02
lowcount            =  1.80000e+01
vos_mv              =  4.49989e+00
vcm_meas            =  6.00000e-01

ngspice-46 done
