
Note: No compatibility mode selected!


Circuit: * klt sim -- generated corner deck, do not edit

Doing analysis at TEMP = 27.000000 and TNOM = 27.000000

Using SPARSE 1.3 as Direct Linear Solver

Initial Transient Solution
--------------------------

Node                                   Voltage
----                                   -------
vdd                                        1.2
cm                                         0.6
vd                                      -0.048
ap                                       0.576
an                                       0.624
clku                                         0
clk                                          0
ibn                                   0.266558
xa.x1.tmid                         6.89768e-06
xa.x1.tail                            0.575911
xa.x1.np                                   1.2
xa.x1.nn                               1.19999
xa.x1.ln                                   1.2
xa.x1.lp                                   1.2
xa.x1.lnb                            4.649e-07
xa.x1.lpb                          5.93415e-07
xa.x1.na                               1.17384
doutb                                 0.616866
dout                                  0.616782
xa.x1.nb                               1.17368
doutn                                 0.513985
tcheck                                      27
pa_00                                  266.558
bpa_00#branch                                0
btchk#branch                                 0
bdoutn#branch                                0
bclk#branch                        1.00184e-09
ean#branch                         4.04263e-12
eap#branch                         5.12254e-12
vclku#branch                                 0
vd#branch                                    0
vcm#branch                         9.16517e-12
vsup#branch                       -0.000149131


No. of Data Rows : 12238

  Measurements for Transient Analysis

dlev0               =  -2.31980e-06
dlev1               =  2.81821e-07
dlev2               =  -2.58896e-06
dlev3               =  -3.65867e-07
dlev4               =  -2.10679e-06
dlev5               =  2.01471e-06
dlev6               =  1.94022e-06
dlev7               =  -3.13660e-06
dlev8               =  -3.29091e-06
dlev9               =  -1.83478e-06
dlev10              =  -3.24366e-06
dlev11              =  -1.93209e-06
dlev12              =  -1.09050e-06
dlev13              =  2.11215e-07
dlev14              =  -7.66146e-07
dlev15              =  -3.19425e-06
dlev16              =  -1.79964e-06
dlev17              =  9.99998e-01
dlev18              =  1.00000e+00
dlev19              =  9.99999e-01
dlev20              =  9.99999e-01
dlev21              =  9.99997e-01
dlev22              =  9.99998e-01
dlev23              =  9.99997e-01
dlev24              =  9.99996e-01
dlev25              =  9.99998e-01
dlev26              =  9.99997e-01
dlev27              =  9.99997e-01
dlev28              =  9.99997e-01
dlev29              =  9.99998e-01
dlev30              =  9.99997e-01
dlev31              =  9.99997e-01
dlev32              =  9.99997e-01
vdd_meas            =  1.20000e+00
temp_meas           =  2.70000e+01
vbias_mv            =  2.66558e+02
lowcount            =  1.70001e+01
vos_mv              =  1.50018e+00

ngspice-46 done
