
Note: No compatibility mode selected!


Circuit: * klt sim -- generated corner deck, do not edit

Doing analysis at TEMP = 125.000000 and TNOM = 27.000000

Using SPARSE 1.3 as Direct Linear Solver

Initial Transient Solution
--------------------------

Node                                   Voltage
----                                   -------
vdd                                        1.2
cm                                         0.6
vd                                      -0.048
ap                                       0.576
an                                       0.624
clku                                         0
clk                                          0
ibn                                     0.2742
xa.x1.tmid                         3.08938e-05
xa.x1.tail                            0.594139
xa.x1.np                               1.19999
xa.x1.nn                               1.19997
xa.x1.ln                                   1.2
xa.x1.lp                                   1.2
xa.x1.lnb                          8.56769e-06
xa.x1.lpb                          8.53567e-06
xa.x1.na                               1.17403
doutb                                 0.642099
dout                                   0.65471
xa.x1.nb                                1.1716
doutn                                 0.545592
tcheck                                     125
pa_00                                    274.2
bpa_00#branch                                0
btchk#branch                                 0
bdoutn#branch                                0
bclk#branch                        8.71142e-10
ean#branch                          1.0085e-12
eap#branch                         1.29682e-12
vclku#branch                                 0
vd#branch                                    0
vcm#branch                         2.30532e-12
vsup#branch                       -0.000132249


No. of Data Rows : 12149

  Measurements for Transient Analysis

dlev0               =  9.98689e-06
dlev1               =  1.09729e-05
dlev2               =  1.00327e-05
dlev3               =  1.22011e-05
dlev4               =  1.17046e-05
dlev5               =  1.13109e-05
dlev6               =  1.13157e-05
dlev7               =  1.15443e-05
dlev8               =  1.15402e-05
dlev9               =  1.19701e-05
dlev10              =  9.98966e-06
dlev11              =  1.09299e-05
dlev12              =  1.12385e-05
dlev13              =  1.05139e-05
dlev14              =  1.10948e-05
dlev15              =  1.09958e-05
dlev16              =  1.03327e-05
dlev17              =  9.99998e-01
dlev18              =  9.99999e-01
dlev19              =  9.99999e-01
dlev20              =  9.99999e-01
dlev21              =  9.99999e-01
dlev22              =  9.99999e-01
dlev23              =  9.99999e-01
dlev24              =  9.99999e-01
dlev25              =  9.99999e-01
dlev26              =  9.99999e-01
dlev27              =  9.99999e-01
dlev28              =  9.99999e-01
dlev29              =  9.99999e-01
dlev30              =  9.99998e-01
dlev31              =  9.99999e-01
dlev32              =  9.99998e-01
vdd_meas            =  1.20000e+00
temp_meas           =  1.25000e+02
vbias_mv            =  2.74200e+02
lowcount            =  1.69998e+01
vos_mv              =  1.49949e+00

ngspice-46 done
