
Note: No compatibility mode selected!


Circuit: * klt sim -- generated corner deck, do not edit

Doing analysis at TEMP = 27.000000 and TNOM = 27.000000

Using SPARSE 1.3 as Direct Linear Solver

Initial Transient Solution
--------------------------

Node                                   Voltage
----                                   -------
vdd                                        1.2
cm                                         0.6
vd                                      -0.048
ap                                       0.576
an                                       0.624
clku                                         0
clk                                          0
ibn                                   0.268812
xa.x1.tmid                          7.3851e-06
xa.x1.tail                            0.571952
xa.x1.np                                   1.2
xa.x1.nn                               1.19999
xa.x1.ln                                   1.2
xa.x1.lp                                   1.2
xa.x1.lnb                          6.23646e-07
xa.x1.lpb                          5.84924e-07
xa.x1.na                                 1.176
doutb                                 0.611719
dout                                  0.620961
xa.x1.nb                               1.17404
doutn                                 0.517467
tcheck                                      27
pa_00                                  268.812
bpa_00#branch                                0
btchk#branch                                 0
bdoutn#branch                                0
bclk#branch                        1.00694e-09
ean#branch                         4.04357e-12
eap#branch                         5.12029e-12
vclku#branch                                 0
vd#branch                                    0
vcm#branch                         9.16386e-12
vsup#branch                       -0.000142361


No. of Data Rows : 12255

  Measurements for Transient Analysis

dlev0               =  -2.07119e-06
dlev1               =  -3.84096e-07
dlev2               =  -1.35494e-07
dlev3               =  -8.51227e-07
dlev4               =  -1.23145e-06
dlev5               =  -1.32155e-06
dlev6               =  -1.27397e-06
dlev7               =  1.22005e-06
dlev8               =  -6.93170e-07
dlev9               =  -1.64188e-06
dlev10              =  -1.92011e-06
dlev11              =  -2.24753e-06
dlev12              =  -1.53007e-06
dlev13              =  -2.50503e-06
dlev14              =  1.61260e-06
dlev15              =  -2.78368e-06
dlev16              =  9.99999e-01
dlev17              =  9.99997e-01
dlev18              =  9.99999e-01
dlev19              =  9.99999e-01
dlev20              =  9.99997e-01
dlev21              =  9.99997e-01
dlev22              =  9.99997e-01
dlev23              =  9.99998e-01
dlev24              =  9.99999e-01
dlev25              =  9.99999e-01
dlev26              =  9.99999e-01
dlev27              =  9.99999e-01
dlev28              =  9.99999e-01
dlev29              =  9.99999e-01
dlev30              =  9.99999e-01
dlev31              =  9.99999e-01
dlev32              =  9.99999e-01
vdd_meas            =  1.20000e+00
temp_meas           =  2.70000e+01
vbias_mv            =  2.68812e+02
lowcount            =  1.60000e+01
vos_mv              =  -1.49988e+00

ngspice-46 done
