
Note: No compatibility mode selected!


Circuit: * klt sim -- generated corner deck, do not edit

Doing analysis at TEMP = 125.000000 and TNOM = 27.000000

Using SPARSE 1.3 as Direct Linear Solver

Initial Transient Solution
--------------------------

Node                                   Voltage
----                                   -------
vdd                                       1.08
cm                                         0.6
vd                                      -0.048
ap                                       0.576
an                                       0.624
clku                                         0
clk                                          0
ibn                                   0.294293
xa.x1.tmid                         1.21552e-05
xa.x1.tail                            0.599831
xa.x1.np                                  1.08
xa.x1.nn                               1.07999
xa.x1.ln                                  1.08
xa.x1.lp                                  1.08
xa.x1.lnb                           8.0346e-07
xa.x1.lpb                          8.19718e-07
xa.x1.na                                  1.08
doutb                                     1.08
dout                               1.02576e-06
xa.x1.nb                                  1.08
doutn                              9.49775e-07
tcheck                                     125
pa_00                                  294.293
bpa_00#branch                                0
btchk#branch                                 0
bdoutn#branch                                0
bclk#branch                        1.00847e-10
ean#branch                         2.46192e-13
eap#branch                         3.28793e-13
vclku#branch                                 0
vd#branch                                    0
vcm#branch                         5.74985e-13
vsup#branch                       -2.00245e-05


No. of Data Rows : 12018

  Measurements for Transient Analysis

dlev0               =  3.28327e-06
dlev1               =  2.71637e-06
dlev2               =  4.56401e-06
dlev3               =  4.48336e-06
dlev4               =  2.65988e-06
dlev5               =  2.69909e-06
dlev6               =  2.48513e-06
dlev7               =  2.83789e-06
dlev8               =  2.69713e-06
dlev9               =  1.95588e-06
dlev10              =  -4.74701e-07
dlev11              =  2.06196e-06
dlev12              =  1.78525e-06
dlev13              =  3.86610e-07
dlev14              =  1.28141e-06
dlev15              =  -1.51272e-06
dlev16              =  9.99996e-01
dlev17              =  1.00000e+00
dlev18              =  1.00000e+00
dlev19              =  1.00000e+00
dlev20              =  1.00000e+00
dlev21              =  1.00000e+00
dlev22              =  1.00000e+00
dlev23              =  1.00000e+00
dlev24              =  1.00000e+00
dlev25              =  1.00000e+00
dlev26              =  1.00000e+00
dlev27              =  1.00000e+00
dlev28              =  1.00000e+00
dlev29              =  1.00000e+00
dlev30              =  1.00000e+00
dlev31              =  1.00000e+00
dlev32              =  1.00000e+00
vdd_meas            =  1.08000e+00
temp_meas           =  1.25000e+02
vbias_mv            =  2.94293e+02
lowcount            =  1.60000e+01
vos_mv              =  -1.50014e+00

ngspice-46 done
