
Note: No compatibility mode selected!


Circuit: * klt sim -- generated corner deck, do not edit

Doing analysis at TEMP = 125.000000 and TNOM = 27.000000

Using SPARSE 1.3 as Direct Linear Solver

Initial Transient Solution
--------------------------

Node                                   Voltage
----                                   -------
vdd                                       1.32
cm                                         0.6
vd                                      -0.048
ap                                       0.576
an                                       0.624
clku                                         0
clk                                          0
ibn                                   0.247896
xa.x1.tmid                         8.82798e-05
xa.x1.tail                            0.585837
xa.x1.np                               1.31998
xa.x1.nn                               1.31993
xa.x1.ln                                  1.32
xa.x1.lp                                  1.32
xa.x1.lnb                          4.12158e-06
xa.x1.lpb                          4.10825e-06
xa.x1.na                                1.2799
doutb                                 0.669078
dout                                  0.676805
xa.x1.nb                               1.27973
doutn                                 0.512731
tcheck                                     125
pa_00                                  247.896
bpa_00#branch                                0
btchk#branch                                 0
bdoutn#branch                                0
bclk#branch                        6.80752e-10
ean#branch                          3.7684e-12
eap#branch                          4.7162e-12
vclku#branch                                 0
vd#branch                                    0
vcm#branch                          8.4846e-12
vsup#branch                       -0.000178424


No. of Data Rows : 12222

  Measurements for Transient Analysis

dlev0               =  6.60890e-06
dlev1               =  5.18239e-06
dlev2               =  5.98805e-06
dlev3               =  6.22773e-06
dlev4               =  4.70594e-06
dlev5               =  4.68722e-06
dlev6               =  4.02315e-06
dlev7               =  3.51732e-06
dlev8               =  4.07995e-06
dlev9               =  2.47467e-06
dlev10              =  1.54678e-07
dlev11              =  -3.34695e-06
dlev12              =  -1.77257e-06
dlev13              =  -4.34284e-07
dlev14              =  4.62397e-06
dlev15              =  3.83743e-06
dlev16              =  4.38342e-06
dlev17              =  3.84716e-06
dlev18              =  9.99995e-01
dlev19              =  9.99994e-01
dlev20              =  9.99994e-01
dlev21              =  9.99995e-01
dlev22              =  9.99995e-01
dlev23              =  9.99994e-01
dlev24              =  9.99995e-01
dlev25              =  9.99994e-01
dlev26              =  9.99995e-01
dlev27              =  9.99993e-01
dlev28              =  9.99994e-01
dlev29              =  9.99995e-01
dlev30              =  9.99995e-01
dlev31              =  9.99995e-01
dlev32              =  9.99995e-01
vdd_meas            =  1.32000e+00
temp_meas           =  1.25000e+02
vbias_mv            =  2.47896e+02
lowcount            =  1.80000e+01
vos_mv              =  4.50007e+00

ngspice-46 done
