
Note: No compatibility mode selected!


Circuit: * klt sim -- generated corner deck, do not edit

Doing analysis at TEMP = -40.000000 and TNOM = 27.000000

Using SPARSE 1.3 as Direct Linear Solver
Note: Starting dynamic gmin stepping
Note: Dynamic gmin stepping completed

Initial Transient Solution
--------------------------

Node                                   Voltage
----                                   -------
vdd                                       1.08
cm                                         0.6
vd                                      -0.048
ap                                       0.576
an                                       0.624
clku                                         0
clk                                          0
ibn                                   0.390995
xa.x1.tmid                         1.46336e-09
xa.x1.tail                             0.57178
xa.x1.np                                  1.08
xa.x1.nn                                  1.08
xa.x1.ln                                  1.08
xa.x1.lp                                  1.08
xa.x1.lnb                          6.54582e-09
xa.x1.lpb                          6.24022e-09
xa.x1.na                               1.07807
doutb                                 0.548491
dout                                  0.548365
xa.x1.nb                               1.07799
doutn                                 0.507745
tcheck                                     -40
pa_00                                  390.995
bpa_00#branch                                0
btchk#branch                                 0
bdoutn#branch                                0
bclk#branch                        4.44639e-11
ean#branch                         3.52773e-14
eap#branch                         4.72677e-14
vclku#branch                                 0
vd#branch                                    0
vcm#branch                         8.25451e-14
vsup#branch                       -2.64521e-05


No. of Data Rows : 12152

  Measurements for Transient Analysis

dlev0               =  -2.03929e-07
dlev1               =  1.26243e-05
dlev2               =  3.36671e-06
dlev3               =  1.30884e-05
dlev4               =  1.42506e-05
dlev5               =  1.46991e-05
dlev6               =  9.33503e-06
dlev7               =  1.18545e-05
dlev8               =  8.56187e-06
dlev9               =  1.19198e-05
dlev10              =  1.41765e-05
dlev11              =  1.40882e-05
dlev12              =  1.38647e-05
dlev13              =  1.38138e-05
dlev14              =  7.79022e-06
dlev15              =  1.19157e-05
dlev16              =  1.33934e-05
dlev17              =  8.70499e-06
dlev18              =  9.99995e-01
dlev19              =  1.00001e+00
dlev20              =  1.00001e+00
dlev21              =  1.00001e+00
dlev22              =  1.00001e+00
dlev23              =  1.00001e+00
dlev24              =  1.00001e+00
dlev25              =  1.00001e+00
dlev26              =  1.00001e+00
dlev27              =  1.00000e+00
dlev28              =  1.00000e+00
dlev29              =  1.00001e+00
dlev30              =  1.00001e+00
dlev31              =  1.00001e+00
dlev32              =  1.00001e+00
vdd_meas            =  1.08000e+00
temp_meas           =  -4.00000e+01
vbias_mv            =  3.90995e+02
lowcount            =  1.79997e+01
vos_mv              =  4.49916e+00

ngspice-46 done
