
Note: No compatibility mode selected!


Circuit: * klt sim -- generated corner deck, do not edit

Doing analysis at TEMP = -40.000000 and TNOM = 27.000000

Using SPARSE 1.3 as Direct Linear Solver

Initial Transient Solution
--------------------------

Node                                   Voltage
----                                   -------
vdd                                       1.08
cm                                         0.6
vd                                      -0.048
ap                                       0.576
an                                       0.624
clku                                         0
clk                                          0
ibn                                    0.36166
xa.x1.tmid                         1.79476e-09
xa.x1.tail                            0.588992
xa.x1.np                                  1.08
xa.x1.nn                                  1.08
xa.x1.ln                                  1.08
xa.x1.lp                                  1.08
xa.x1.lnb                          6.72893e-09
xa.x1.lpb                          6.57268e-09
xa.x1.na                               1.07826
doutb                                 0.552258
dout                                  0.555503
xa.x1.nb                               1.07817
doutn                                 0.514355
tcheck                                     -40
pa_00                                   361.66
bpa_00#branch                                0
btchk#branch                                 0
bdoutn#branch                                0
bclk#branch                        4.46941e-11
ean#branch                         5.29854e-14
eap#branch                         7.09988e-14
vclku#branch                                 0
vd#branch                                    0
vcm#branch                         1.23984e-13
vsup#branch                       -1.56235e-05


No. of Data Rows : 12030

  Measurements for Transient Analysis

dlev0               =  -1.43334e-05
dlev1               =  3.28624e-06
dlev2               =  -4.92416e-06
dlev3               =  -1.21215e-06
dlev4               =  -1.13191e-06
dlev5               =  -6.60542e-07
dlev6               =  -1.88203e-06
dlev7               =  -5.53656e-06
dlev8               =  4.10102e-06
dlev9               =  -5.56366e-06
dlev10              =  -1.60055e-06
dlev11              =  5.10821e-06
dlev12              =  -2.31710e-06
dlev13              =  -1.52907e-06
dlev14              =  -4.07690e-06
dlev15              =  4.05735e-06
dlev16              =  -7.90270e-06
dlev17              =  9.99997e-01
dlev18              =  9.99998e-01
dlev19              =  1.00000e+00
dlev20              =  1.00000e+00
dlev21              =  1.00000e+00
dlev22              =  1.00000e+00
dlev23              =  9.99998e-01
dlev24              =  9.99998e-01
dlev25              =  9.99999e-01
dlev26              =  9.99998e-01
dlev27              =  9.99998e-01
dlev28              =  9.99998e-01
dlev29              =  9.99997e-01
dlev30              =  1.00000e+00
dlev31              =  9.99999e-01
dlev32              =  9.99997e-01
vdd_meas            =  1.08000e+00
temp_meas           =  -4.00000e+01
vbias_mv            =  3.61660e+02
lowcount            =  1.70001e+01
vos_mv              =  1.50015e+00

ngspice-46 done
