
Note: No compatibility mode selected!


Circuit: * klt sim -- generated corner deck, do not edit

Doing analysis at TEMP = -40.000000 and TNOM = 27.000000

Using SPARSE 1.3 as Direct Linear Solver
Note: Starting dynamic gmin stepping
Note: Dynamic gmin stepping completed

Initial Transient Solution
--------------------------

Node                                   Voltage
----                                   -------
vdd                                        1.2
cm                                         0.6
vd                                      -0.048
ap                                       0.576
an                                       0.624
clku                                         0
clk                                          0
ibn                                   0.378078
xa.x1.tmid                         1.50429e-09
xa.x1.tail                            0.595848
xa.x1.np                                   1.2
xa.x1.nn                                   1.2
xa.x1.ln                                   1.2
xa.x1.lp                                   1.2
xa.x1.lnb                          8.24143e-09
xa.x1.lpb                          8.01349e-09
xa.x1.na                                1.1942
doutb                                 0.613768
dout                                  0.615769
xa.x1.nb                               1.19418
doutn                                  0.51314
tcheck                                     -40
pa_00                                  378.078
bpa_00#branch                                0
btchk#branch                                 0
bdoutn#branch                                0
bclk#branch                        6.40435e-11
ean#branch                          1.0561e-13
eap#branch                         1.36724e-13
vclku#branch                                 0
vd#branch                                    0
vcm#branch                         2.42334e-13
vsup#branch                       -3.69802e-05


No. of Data Rows : 12217

  Measurements for Transient Analysis

dlev0               =  -3.35477e-06
dlev1               =  -3.15746e-06
dlev2               =  -2.37264e-06
dlev3               =  -3.02722e-06
dlev4               =  1.24513e-07
dlev5               =  4.30445e-09
dlev6               =  7.42736e-07
dlev7               =  1.12203e-05
dlev8               =  -1.76222e-07
dlev9               =  9.70592e-08
dlev10              =  1.94693e-07
dlev11              =  2.26303e-07
dlev12              =  2.95581e-07
dlev13              =  1.89548e-07
dlev14              =  1.44828e-06
dlev15              =  7.18538e-06
dlev16              =  1.72288e-06
dlev17              =  1.00000e+00
dlev18              =  1.00000e+00
dlev19              =  9.99998e-01
dlev20              =  9.99998e-01
dlev21              =  9.99997e-01
dlev22              =  9.99998e-01
dlev23              =  9.99998e-01
dlev24              =  9.99997e-01
dlev25              =  9.99997e-01
dlev26              =  1.00000e+00
dlev27              =  9.99997e-01
dlev28              =  9.99997e-01
dlev29              =  9.99997e-01
dlev30              =  9.99997e-01
dlev31              =  9.99997e-01
dlev32              =  9.99998e-01
vdd_meas            =  1.20000e+00
temp_meas           =  -4.00000e+01
vbias_mv            =  3.78078e+02
lowcount            =  1.70000e+01
vos_mv              =  1.50005e+00

ngspice-46 done
