
Note: No compatibility mode selected!


Circuit: * klt sim -- generated corner deck, do not edit

Doing analysis at TEMP = 27.000000 and TNOM = 27.000000

Using SPARSE 1.3 as Direct Linear Solver

Initial Transient Solution
--------------------------

Node                                   Voltage
----                                   -------
vdd                                       1.32
cm                                         0.6
vd                                      -0.048
ap                                       0.576
an                                       0.624
clku                                         0
clk                                          0
ibn                                   0.265589
xa.x1.tmid                         7.11902e-06
xa.x1.tail                             0.57713
xa.x1.np                                  1.32
xa.x1.nn                               1.31999
xa.x1.ln                                  1.32
xa.x1.lp                                  1.32
xa.x1.lnb                          7.55082e-07
xa.x1.lpb                           6.5567e-07
xa.x1.na                               1.28729
doutb                                 0.680037
dout                                  0.681518
xa.x1.nb                               1.28589
doutn                                 0.516301
tcheck                                      27
pa_00                                  265.589
bpa_00#branch                                0
btchk#branch                                 0
bdoutn#branch                                0
bclk#branch                         1.3723e-09
ean#branch                         7.10593e-12
eap#branch                         8.80343e-12
vclku#branch                                 0
vd#branch                                    0
vcm#branch                         1.59094e-11
vsup#branch                       -0.000205063


No. of Data Rows : 12392

  Measurements for Transient Analysis

dlev0               =  6.59822e-06
dlev1               =  -6.25889e-06
dlev2               =  -9.31119e-06
dlev3               =  -7.39390e-06
dlev4               =  -3.02781e-06
dlev5               =  -7.92670e-06
dlev6               =  -5.29659e-06
dlev7               =  -6.36107e-06
dlev8               =  -4.01705e-06
dlev9               =  -5.52148e-06
dlev10              =  -4.03720e-06
dlev11              =  -7.64838e-06
dlev12              =  -8.07619e-06
dlev13              =  -3.94825e-06
dlev14              =  -8.40515e-06
dlev15              =  -9.62519e-07
dlev16              =  -4.12567e-06
dlev17              =  1.00000e+00
dlev18              =  1.00000e+00
dlev19              =  1.00000e+00
dlev20              =  9.99998e-01
dlev21              =  1.00000e+00
dlev22              =  1.00000e+00
dlev23              =  9.99999e-01
dlev24              =  9.99999e-01
dlev25              =  9.99999e-01
dlev26              =  9.99998e-01
dlev27              =  9.99998e-01
dlev28              =  9.99998e-01
dlev29              =  9.99998e-01
dlev30              =  9.99999e-01
dlev31              =  9.99999e-01
dlev32              =  9.99997e-01
vdd_meas            =  1.32000e+00
temp_meas           =  2.70000e+01
vbias_mv            =  2.65589e+02
lowcount            =  1.70001e+01
vos_mv              =  1.50030e+00

ngspice-46 done
