
Note: No compatibility mode selected!


Circuit: * klt sim -- generated corner deck, do not edit

Doing analysis at TEMP = -40.000000 and TNOM = 27.000000

Using SPARSE 1.3 as Direct Linear Solver

Initial Transient Solution
--------------------------

Node                                   Voltage
----                                   -------
vdd                                       1.32
cm                                         0.6
vd                                      -0.048
ap                                       0.576
an                                       0.624
clku                                         0
clk                                          0
ibn                                   0.393114
xa.x1.tmid                         1.43647e-09
xa.x1.tail                            0.595045
xa.x1.np                                  1.32
xa.x1.nn                                  1.32
xa.x1.ln                                  1.32
xa.x1.lp                                  1.32
xa.x1.lnb                          1.03977e-08
xa.x1.lpb                          1.05194e-08
xa.x1.na                                  1.32
doutb                                     1.32
dout                               1.02393e-08
xa.x1.nb                                  1.32
doutn                              7.75704e-09
tcheck                                     -40
pa_00                                  393.114
bpa_00#branch                                0
btchk#branch                                 0
bdoutn#branch                                0
bclk#branch                        8.99083e-11
ean#branch                         1.96232e-13
eap#branch                         2.48357e-13
vclku#branch                                 0
vd#branch                                    0
vcm#branch                         4.44589e-13
vsup#branch                       -2.00002e-05


No. of Data Rows : 12409

  Measurements for Transient Analysis

dlev0               =  -1.12271e-06
dlev1               =  -2.34714e-06
dlev2               =  -1.53723e-06
dlev3               =  -4.36310e-07
dlev4               =  -5.85638e-07
dlev5               =  3.91038e-08
dlev6               =  -2.30498e-06
dlev7               =  -6.76459e-06
dlev8               =  -3.72725e-07
dlev9               =  -8.49399e-06
dlev10              =  -7.60146e-06
dlev11              =  -5.23618e-06
dlev12              =  -4.61547e-06
dlev13              =  -5.14939e-06
dlev14              =  -5.28479e-06
dlev15              =  -1.84421e-06
dlev16              =  -6.21802e-06
dlev17              =  1.00000e+00
dlev18              =  9.99996e-01
dlev19              =  9.99999e-01
dlev20              =  9.99999e-01
dlev21              =  1.00000e+00
dlev22              =  1.00000e+00
dlev23              =  9.99999e-01
dlev24              =  1.00000e+00
dlev25              =  1.00000e+00
dlev26              =  1.00000e+00
dlev27              =  1.00000e+00
dlev28              =  1.00000e+00
dlev29              =  1.00000e+00
dlev30              =  1.00000e+00
dlev31              =  9.99999e-01
dlev32              =  1.00000e+00
vdd_meas            =  1.32000e+00
temp_meas           =  -4.00000e+01
vbias_mv            =  3.93114e+02
lowcount            =  1.70001e+01
vos_mv              =  1.50021e+00

ngspice-46 done
