
Note: No compatibility mode selected!


Circuit: * klt sim -- generated corner deck, do not edit

Doing analysis at TEMP = 27.000000 and TNOM = 27.000000

Using SPARSE 1.3 as Direct Linear Solver

Initial Transient Solution
--------------------------

Node                                   Voltage
----                                   -------
vdd                                        1.2
cm                                         0.6
vd                                      -0.048
ap                                       0.576
an                                       0.624
clku                                         0
clk                                          0
ibn                                   0.284857
xa.x1.tmid                         3.27789e-06
xa.x1.tail                             0.55486
xa.x1.np                                   1.2
xa.x1.nn                                   1.2
xa.x1.ln                                   1.2
xa.x1.lp                                   1.2
xa.x1.lnb                           5.0679e-08
xa.x1.lpb                          4.96606e-08
xa.x1.na                               1.18082
doutb                                 0.585027
dout                                  0.586603
xa.x1.nb                               1.18044
doutn                                 0.488835
tcheck                                      27
pa_00                                  284.857
bpa_00#branch                                0
btchk#branch                                 0
bdoutn#branch                                0
bclk#branch                        1.76724e-10
ean#branch                         1.29349e-12
eap#branch                         1.65118e-12
vclku#branch                                 0
vd#branch                                    0
vcm#branch                         2.94467e-12
vsup#branch                       -8.97719e-05


No. of Data Rows : 12207

  Measurements for Transient Analysis

dlev0               =  -3.09744e-06
dlev1               =  6.16586e-06
dlev2               =  6.24746e-06
dlev3               =  6.42539e-06
dlev4               =  6.06301e-06
dlev5               =  1.95947e-06
dlev6               =  9.26860e-07
dlev7               =  1.53591e-06
dlev8               =  1.51110e-06
dlev9               =  6.28517e-06
dlev10              =  1.37826e-07
dlev11              =  9.08989e-08
dlev12              =  8.78880e-07
dlev13              =  6.10449e-07
dlev14              =  1.74217e-07
dlev15              =  1.44587e-06
dlev16              =  7.99131e-07
dlev17              =  1.00000e+00
dlev18              =  1.00000e+00
dlev19              =  1.00000e+00
dlev20              =  1.00000e+00
dlev21              =  1.00000e+00
dlev22              =  1.00000e+00
dlev23              =  1.00000e+00
dlev24              =  1.00000e+00
dlev25              =  1.00000e+00
dlev26              =  1.00000e+00
dlev27              =  1.00000e+00
dlev28              =  1.00000e+00
dlev29              =  1.00000e+00
dlev30              =  1.00000e+00
dlev31              =  1.00000e+00
dlev32              =  1.00000e+00
vdd_meas            =  1.20000e+00
temp_meas           =  2.70000e+01
vbias_mv            =  2.84857e+02
lowcount            =  1.69999e+01
vos_mv              =  1.49981e+00

ngspice-46 done
