
Note: No compatibility mode selected!


Circuit: * klt sim -- generated corner deck, do not edit

Doing analysis at TEMP = 27.000000 and TNOM = 27.000000

Using SPARSE 1.3 as Direct Linear Solver

Initial Transient Solution
--------------------------

Node                                   Voltage
----                                   -------
vdd                                       1.08
cm                                         0.6
vd                                      -0.048
ap                                       0.576
an                                       0.624
clku                                         0
clk                                          0
ibn                                   0.354914
xa.x1.tmid                         7.90693e-08
xa.x1.tail                            0.580617
xa.x1.np                                  1.08
xa.x1.nn                                  1.08
xa.x1.ln                                  1.08
xa.x1.lp                                  1.08
xa.x1.lnb                           1.4687e-08
xa.x1.lpb                          1.40267e-08
xa.x1.na                                  1.08
doutb                              1.64056e-08
dout                                      1.08
xa.x1.nb                                  1.08
doutn                                        1
tcheck                                      27
pa_00                                  354.914
bpa_00#branch                                0
btchk#branch                                 0
bdoutn#branch                                0
bclk#branch                        6.53237e-11
ean#branch                         7.30249e-14
eap#branch                         9.76996e-14
vclku#branch                                 0
vd#branch                                    0
vcm#branch                         1.70725e-13
vsup#branch                       -2.00003e-05


No. of Data Rows : 12039

  Measurements for Transient Analysis

dlev0               =  -3.51537e-06
dlev1               =  1.87504e-08
dlev2               =  1.80776e-08
dlev3               =  3.71780e-08
dlev4               =  6.36046e-08
dlev5               =  9.55789e-08
dlev6               =  1.34337e-07
dlev7               =  1.94447e-07
dlev8               =  3.64308e-06
dlev9               =  2.17181e-07
dlev10              =  1.45993e-07
dlev11              =  7.83340e-08
dlev12              =  2.51568e-07
dlev13              =  3.97881e-06
dlev14              =  -1.01416e-06
dlev15              =  2.65301e-06
dlev16              =  2.49083e-06
dlev17              =  -1.36715e-06
dlev18              =  6.65413e-07
dlev19              =  9.99999e-01
dlev20              =  1.00000e+00
dlev21              =  1.00000e+00
dlev22              =  1.00000e+00
dlev23              =  1.00000e+00
dlev24              =  1.00000e+00
dlev25              =  1.00000e+00
dlev26              =  1.00000e+00
dlev27              =  1.00000e+00
dlev28              =  1.00000e+00
dlev29              =  1.00000e+00
dlev30              =  1.00000e+00
dlev31              =  1.00000e+00
dlev32              =  1.00000e+00
vdd_meas            =  1.08000e+00
temp_meas           =  2.70000e+01
vbias_mv            =  3.54914e+02
lowcount            =  1.90000e+01
vos_mv              =  7.49994e+00

ngspice-46 done
