
Note: No compatibility mode selected!


Circuit: * klt sim -- generated corner deck, do not edit

Doing analysis at TEMP = 125.000000 and TNOM = 27.000000

Using SPARSE 1.3 as Direct Linear Solver
Note: Starting dynamic gmin stepping
Note: Dynamic gmin stepping completed

Initial Transient Solution
--------------------------

Node                                   Voltage
----                                   -------
vdd                                       1.32
cm                                        0.65
vd                                      -0.048
ap                                       0.626
an                                       0.674
clku                                         0
clk                                          0
ibn                                   0.227593
xa.x1.tmid                         0.000186892
xa.x1.tail                            0.622016
xa.x1.np                               1.31995
xa.x1.nn                               1.31983
xa.x1.ln                                  1.32
xa.x1.lp                                  1.32
xa.x1.lnb                          1.58876e-06
xa.x1.lpb                          1.93505e-06
xa.x1.na                                  1.32
doutb                              2.39947e-06
dout                                   1.31999
xa.x1.nb                               1.31999
doutn                                 0.999989
tcheck                                     125
pa_00                                  227.593
bpa_00#branch                                0
btchk#branch                                 0
bdoutn#branch                                0
bclk#branch                        3.92869e-10
ean#branch                         6.10387e-12
eap#branch                         7.67861e-12
vclku#branch                                 0
vd#branch                                    0
vcm#branch                         1.37825e-11
vsup#branch                       -2.03473e-05


No. of Data Rows : 12276

  Measurements for Transient Analysis

dlev0               =  7.75348e-07
dlev1               =  3.23669e-06
dlev2               =  3.23544e-06
dlev3               =  3.54073e-06
dlev4               =  3.11387e-06
dlev5               =  3.45300e-06
dlev6               =  3.44935e-06
dlev7               =  3.36975e-06
dlev8               =  2.96320e-06
dlev9               =  2.76999e-06
dlev10              =  -9.22714e-07
dlev11              =  2.85481e-06
dlev12              =  3.26517e-06
dlev13              =  2.81641e-06
dlev14              =  2.89964e-06
dlev15              =  8.74093e-07
dlev16              =  9.99988e-01
dlev17              =  9.99989e-01
dlev18              =  9.99989e-01
dlev19              =  9.99989e-01
dlev20              =  9.99988e-01
dlev21              =  9.99989e-01
dlev22              =  9.99989e-01
dlev23              =  9.99989e-01
dlev24              =  9.99989e-01
dlev25              =  9.99989e-01
dlev26              =  9.99989e-01
dlev27              =  9.99989e-01
dlev28              =  9.99989e-01
dlev29              =  9.99989e-01
dlev30              =  9.99989e-01
dlev31              =  9.99989e-01
dlev32              =  9.99989e-01
vdd_meas            =  1.32000e+00
temp_meas           =  1.25000e+02
vbias_mv            =  2.27593e+02
lowcount            =  1.60001e+01
vos_mv              =  -1.49956e+00
vcm_meas            =  6.50000e-01

ngspice-46 done
