
Note: No compatibility mode selected!


Circuit: * klt sim -- generated corner deck, do not edit

Doing analysis at TEMP = -40.000000 and TNOM = 27.000000

Using SPARSE 1.3 as Direct Linear Solver

Initial Transient Solution
--------------------------

Node                                   Voltage
----                                   -------
vdd                                       1.32
cm                                         0.6
vd                                      -0.048
ap                                       0.576
an                                       0.624
clku                                         0
clk                                          0
ibn                                   0.325206
xa.x1.tmid                         6.73968e-08
xa.x1.tail                             0.55494
xa.x1.np                                  1.32
xa.x1.nn                                  1.32
xa.x1.ln                                  1.32
xa.x1.lp                                  1.32
xa.x1.lnb                          3.41708e-08
xa.x1.lpb                          3.49856e-08
xa.x1.na                                  1.32
doutb                              3.25323e-08
dout                                      1.32
xa.x1.nb                                  1.32
doutn                                        1
tcheck                                     -40
pa_00                                  325.206
bpa_00#branch                                0
btchk#branch                                 0
bdoutn#branch                                0
bclk#branch                        1.60673e-10
ean#branch                         1.12241e-12
eap#branch                         1.39862e-12
vclku#branch                                 0
vd#branch                                    0
vcm#branch                         2.52103e-12
vsup#branch                       -2.00008e-05


No. of Data Rows : 12356

  Measurements for Transient Analysis

dlev0               =  -3.30881e-06
dlev1               =  -7.85902e-07
dlev2               =  -8.93102e-07
dlev3               =  -9.94446e-07
dlev4               =  -1.12284e-06
dlev5               =  -1.28295e-06
dlev6               =  -1.52195e-06
dlev7               =  -1.56967e-06
dlev8               =  -1.95327e-06
dlev9               =  -5.53812e-06
dlev10              =  -5.81389e-06
dlev11              =  -3.99695e-06
dlev12              =  -8.01372e-06
dlev13              =  -6.90589e-06
dlev14              =  -6.91208e-06
dlev15              =  -3.12085e-06
dlev16              =  -6.21078e-06
dlev17              =  9.99999e-01
dlev18              =  9.99999e-01
dlev19              =  9.99998e-01
dlev20              =  9.99997e-01
dlev21              =  1.00000e+00
dlev22              =  9.99998e-01
dlev23              =  1.00000e+00
dlev24              =  1.00000e+00
dlev25              =  1.00000e+00
dlev26              =  1.00000e+00
dlev27              =  1.00000e+00
dlev28              =  1.00000e+00
dlev29              =  1.00000e+00
dlev30              =  1.00000e+00
dlev31              =  1.00000e+00
dlev32              =  1.00000e+00
vdd_meas            =  1.32000e+00
temp_meas           =  -4.00000e+01
vbias_mv            =  3.25206e+02
lowcount            =  1.70001e+01
vos_mv              =  1.50020e+00

ngspice-46 done
