
Note: No compatibility mode selected!


Circuit: * klt sim -- generated corner deck, do not edit

Doing analysis at TEMP = 27.000000 and TNOM = 27.000000

Using SPARSE 1.3 as Direct Linear Solver

Initial Transient Solution
--------------------------

Node                                   Voltage
----                                   -------
vdd                                       1.32
cm                                         0.6
vd                                      -0.048
ap                                       0.576
an                                       0.624
clku                                         0
clk                                          0
ibn                                   0.265253
xa.x1.tmid                         7.91299e-06
xa.x1.tail                            0.542448
xa.x1.np                                  1.32
xa.x1.nn                               1.31999
xa.x1.ln                                  1.32
xa.x1.lp                                  1.32
xa.x1.lnb                          5.97946e-07
xa.x1.lpb                          5.65168e-07
xa.x1.na                                  1.32
doutb                                7.642e-07
dout                                      1.32
xa.x1.nb                                  1.32
doutn                                 0.999999
tcheck                                      27
pa_00                                  265.253
bpa_00#branch                                0
btchk#branch                                 0
bdoutn#branch                                0
bclk#branch                        1.37857e-09
ean#branch                         3.54601e-12
eap#branch                         4.40029e-12
vclku#branch                                 0
vd#branch                                    0
vcm#branch                          7.9463e-12
vsup#branch                       -2.00256e-05


No. of Data Rows : 12261

  Measurements for Transient Analysis

dlev0               =  5.22172e-06
dlev1               =  5.31353e-06
dlev2               =  -2.33581e-06
dlev3               =  7.93909e-06
dlev4               =  -3.29366e-06
dlev5               =  3.05536e-06
dlev6               =  8.34899e-06
dlev7               =  4.86681e-06
dlev8               =  -3.09354e-07
dlev9               =  -3.64679e-07
dlev10              =  1.12600e-06
dlev11              =  2.08150e-06
dlev12              =  5.54098e-06
dlev13              =  5.63478e-06
dlev14              =  8.67156e-06
dlev15              =  9.23496e-06
dlev16              =  6.25752e-06
dlev17              =  6.96255e-08
dlev18              =  2.05609e-06
dlev19              =  1.00000e+00
dlev20              =  1.00000e+00
dlev21              =  1.00000e+00
dlev22              =  1.00000e+00
dlev23              =  1.00000e+00
dlev24              =  1.00000e+00
dlev25              =  9.99998e-01
dlev26              =  9.99998e-01
dlev27              =  1.00000e+00
dlev28              =  1.00000e+00
dlev29              =  1.00000e+00
dlev30              =  1.00000e+00
dlev31              =  1.00000e+00
dlev32              =  1.00000e+00
vdd_meas            =  1.32000e+00
temp_meas           =  2.70000e+01
vbias_mv            =  2.65253e+02
lowcount            =  1.89999e+01
vos_mv              =  7.49976e+00

ngspice-46 done
