
Note: No compatibility mode selected!


Circuit: * klt sim -- generated corner deck, do not edit

Doing analysis at TEMP = 27.000000 and TNOM = 27.000000

Using SPARSE 1.3 as Direct Linear Solver

Initial Transient Solution
--------------------------

Node                                   Voltage
----                                   -------
vdd                                       1.32
cm                                         0.6
vd                                      -0.048
ap                                       0.576
an                                       0.624
clku                                         0
clk                                          0
ibn                                   0.332193
xa.x1.tmid                         3.86483e-07
xa.x1.tail                            0.589263
xa.x1.np                                  1.32
xa.x1.nn                                  1.32
xa.x1.ln                                  1.32
xa.x1.lp                                  1.32
xa.x1.lnb                          2.68565e-07
xa.x1.lpb                          2.11391e-07
xa.x1.na                               1.29419
doutb                                 0.697701
dout                                  0.704235
xa.x1.nb                               1.29329
doutn                                 0.533511
tcheck                                      27
pa_00                                  332.193
bpa_00#branch                                0
btchk#branch                                 0
bdoutn#branch                                0
bclk#branch                        7.61562e-10
ean#branch                         8.26617e-13
eap#branch                          1.0405e-12
vclku#branch                                 0
vd#branch                                    0
vcm#branch                         1.86712e-12
vsup#branch                       -0.000146314


No. of Data Rows : 12309

  Measurements for Transient Analysis

dlev0               =  -6.00858e-06
dlev1               =  -5.17011e-06
dlev2               =  4.44030e-07
dlev3               =  4.35860e-07
dlev4               =  -4.56587e-06
dlev5               =  -4.65302e-06
dlev6               =  -4.77113e-06
dlev7               =  -4.95993e-06
dlev8               =  -5.62894e-06
dlev9               =  -2.51760e-06
dlev10              =  -2.48495e-06
dlev11              =  -2.40653e-06
dlev12              =  -2.04084e-06
dlev13              =  -5.16369e-06
dlev14              =  -5.62231e-06
dlev15              =  -5.57045e-06
dlev16              =  -5.58797e-06
dlev17              =  -5.84502e-06
dlev18              =  9.99999e-01
dlev19              =  9.99998e-01
dlev20              =  9.99998e-01
dlev21              =  9.99999e-01
dlev22              =  9.99999e-01
dlev23              =  9.99998e-01
dlev24              =  9.99999e-01
dlev25              =  9.99999e-01
dlev26              =  9.99998e-01
dlev27              =  9.99998e-01
dlev28              =  9.99998e-01
dlev29              =  9.99998e-01
dlev30              =  9.99998e-01
dlev31              =  9.99998e-01
dlev32              =  9.99998e-01
vdd_meas            =  1.32000e+00
temp_meas           =  2.70000e+01
vbias_mv            =  3.32193e+02
lowcount            =  1.80001e+01
vos_mv              =  4.50029e+00

ngspice-46 done
