
Note: No compatibility mode selected!


Circuit: * klt sim -- generated corner deck, do not edit

Doing analysis at TEMP = 125.000000 and TNOM = 27.000000

Using SPARSE 1.3 as Direct Linear Solver

Initial Transient Solution
--------------------------

Node                                   Voltage
----                                   -------
vdd                                       1.32
cm                                         0.6
vd                                      -0.048
ap                                       0.576
an                                       0.624
clku                                         0
clk                                          0
ibn                                    0.22709
xa.x1.tmid                         5.60032e-05
xa.x1.tail                            0.592942
xa.x1.np                               1.31999
xa.x1.nn                               1.31997
xa.x1.ln                                  1.32
xa.x1.lp                                  1.32
xa.x1.lnb                          8.08253e-06
xa.x1.lpb                           8.3871e-06
xa.x1.na                               1.28395
doutb                                 0.712438
dout                                  0.702936
xa.x1.nb                               1.28365
doutn                                 0.532528
tcheck                                     125
pa_00                                   227.09
bpa_00#branch                                0
btchk#branch                                 0
bdoutn#branch                                0
bclk#branch                        1.21331e-09
ean#branch                         1.83947e-12
eap#branch                         2.31484e-12
vclku#branch                                 0
vd#branch                                    0
vcm#branch                         4.15432e-12
vsup#branch                       -0.000171506


No. of Data Rows : 12076

  Measurements for Transient Analysis

dlev0               =  1.07458e-05
dlev1               =  1.07177e-05
dlev2               =  7.55967e-06
dlev3               =  7.72038e-06
dlev4               =  1.00917e-05
dlev5               =  6.48614e-06
dlev6               =  6.40818e-06
dlev7               =  6.18392e-06
dlev8               =  6.21163e-06
dlev9               =  6.08439e-06
dlev10              =  6.46914e-06
dlev11              =  6.72466e-06
dlev12              =  1.02029e-05
dlev13              =  6.38985e-06
dlev14              =  5.67275e-06
dlev15              =  6.62687e-06
dlev16              =  6.52700e-06
dlev17              =  5.17203e-06
dlev18              =  9.99996e-01
dlev19              =  9.99996e-01
dlev20              =  9.99996e-01
dlev21              =  9.99996e-01
dlev22              =  9.99997e-01
dlev23              =  9.99998e-01
dlev24              =  9.99996e-01
dlev25              =  9.99996e-01
dlev26              =  1.00000e+00
dlev27              =  9.99998e-01
dlev28              =  9.99998e-01
dlev29              =  9.99998e-01
dlev30              =  9.99997e-01
dlev31              =  9.99997e-01
dlev32              =  9.99996e-01
vdd_meas            =  1.32000e+00
temp_meas           =  1.25000e+02
vbias_mv            =  2.27090e+02
lowcount            =  1.79999e+01
vos_mv              =  4.49974e+00

ngspice-46 done
