
Note: No compatibility mode selected!


Circuit: * klt sim -- generated corner deck, do not edit

Doing analysis at TEMP = -40.000000 and TNOM = 27.000000

Using SPARSE 1.3 as Direct Linear Solver

Initial Transient Solution
--------------------------

Node                                   Voltage
----                                   -------
vdd                                       1.32
cm                                         0.6
vd                                      -0.048
ap                                       0.576
an                                       0.624
clku                                         0
clk                                          0
ibn                                   0.320821
xa.x1.tmid                         7.49876e-08
xa.x1.tail                            0.570654
xa.x1.np                                  1.32
xa.x1.nn                                  1.32
xa.x1.ln                                  1.32
xa.x1.lp                                  1.32
xa.x1.lnb                          3.55148e-08
xa.x1.lpb                           3.2134e-08
xa.x1.na                                  1.32
doutb                                     1.32
dout                               3.50538e-08
xa.x1.nb                                  1.32
doutn                              2.65559e-08
tcheck                                     -40
pa_00                                  320.821
bpa_00#branch                                0
btchk#branch                                 0
bdoutn#branch                                0
bclk#branch                        1.62948e-10
ean#branch                         1.68407e-12
eap#branch                         2.09763e-12
vclku#branch                                 0
vd#branch                                    0
vcm#branch                          3.7817e-12
vsup#branch                       -2.00008e-05


No. of Data Rows : 12345

  Measurements for Transient Analysis

dlev0               =  -1.58055e-06
dlev1               =  -1.44630e-06
dlev2               =  -2.82031e-06
dlev3               =  -2.91580e-06
dlev4               =  -1.96657e-06
dlev5               =  3.01794e-08
dlev6               =  4.85733e-07
dlev7               =  -3.38433e-07
dlev8               =  2.76699e-07
dlev9               =  3.27965e-07
dlev10              =  -8.19010e-07
dlev11              =  -7.51391e-07
dlev12              =  -5.74453e-07
dlev13              =  -5.65080e-07
dlev14              =  -1.17099e-07
dlev15              =  -1.01258e-06
dlev16              =  9.63015e-07
dlev17              =  -2.38838e-07
dlev18              =  1.00000e+00
dlev19              =  1.00000e+00
dlev20              =  1.00000e+00
dlev21              =  1.00000e+00
dlev22              =  1.00000e+00
dlev23              =  1.00000e+00
dlev24              =  1.00000e+00
dlev25              =  9.99999e-01
dlev26              =  1.00000e+00
dlev27              =  1.00000e+00
dlev28              =  1.00000e+00
dlev29              =  1.00000e+00
dlev30              =  1.00000e+00
dlev31              =  1.00000e+00
dlev32              =  1.00000e+00
vdd_meas            =  1.32000e+00
temp_meas           =  -4.00000e+01
vbias_mv            =  3.20821e+02
lowcount            =  1.80000e+01
vos_mv              =  4.49998e+00

ngspice-46 done
