
Note: No compatibility mode selected!


Circuit: * klt sim -- generated corner deck, do not edit

Doing analysis at TEMP = 27.000000 and TNOM = 27.000000

Using SPARSE 1.3 as Direct Linear Solver

Initial Transient Solution
--------------------------

Node                                   Voltage
----                                   -------
vdd                                       1.08
cm                                         0.6
vd                                      -0.048
ap                                       0.576
an                                       0.624
clku                                         0
clk                                          0
ibn                                   0.332178
xa.x1.tmid                         3.32556e-07
xa.x1.tail                            0.568257
xa.x1.np                                  1.08
xa.x1.nn                                  1.08
xa.x1.ln                                  1.08
xa.x1.lp                                  1.08
xa.x1.lnb                          2.26205e-07
xa.x1.lpb                          2.97587e-07
xa.x1.na                               1.07032
doutb                                 0.591214
dout                                  0.591628
xa.x1.nb                               1.07045
doutn                                 0.547804
tcheck                                      27
pa_00                                  332.178
bpa_00#branch                                0
btchk#branch                                 0
bdoutn#branch                                0
bclk#branch                        3.86235e-10
ean#branch                          1.5335e-13
eap#branch                         2.04461e-13
vclku#branch                                 0
vd#branch                                    0
vcm#branch                         3.57811e-13
vsup#branch                       -5.68106e-05


No. of Data Rows : 12123

  Measurements for Transient Analysis

dlev0               =  -8.38005e-06
dlev1               =  -8.29534e-06
dlev2               =  -8.09696e-06
dlev3               =  -7.92264e-06
dlev4               =  -8.29158e-06
dlev5               =  -7.44356e-06
dlev6               =  -7.74464e-06
dlev7               =  -1.54004e-06
dlev8               =  -7.76637e-06
dlev9               =  -7.71180e-06
dlev10              =  -7.65384e-06
dlev11              =  -7.56172e-06
dlev12              =  -7.45939e-06
dlev13              =  -6.32731e-06
dlev14              =  -7.42871e-06
dlev15              =  -6.63156e-06
dlev16              =  -7.22113e-06
dlev17              =  1.00000e+00
dlev18              =  9.99996e-01
dlev19              =  9.99996e-01
dlev20              =  9.99998e-01
dlev21              =  9.99996e-01
dlev22              =  9.99996e-01
dlev23              =  9.99996e-01
dlev24              =  9.99996e-01
dlev25              =  1.00000e+00
dlev26              =  1.00000e+00
dlev27              =  9.99998e-01
dlev28              =  9.99996e-01
dlev29              =  9.99996e-01
dlev30              =  9.99996e-01
dlev31              =  9.99996e-01
dlev32              =  1.00000e+00
vdd_meas            =  1.08000e+00
temp_meas           =  2.70000e+01
vbias_mv            =  3.32178e+02
lowcount            =  1.70002e+01
vos_mv              =  1.50050e+00

ngspice-46 done
