
Note: No compatibility mode selected!


Circuit: * klt sim -- generated corner deck, do not edit

Doing analysis at TEMP = 125.000000 and TNOM = 27.000000

Using SPARSE 1.3 as Direct Linear Solver

Initial Transient Solution
--------------------------

Node                                   Voltage
----                                   -------
vdd                                        1.2
cm                                         0.6
vd                                      -0.048
ap                                       0.576
an                                       0.624
clku                                         0
clk                                          0
ibn                                   0.208048
xa.x1.tmid                         0.000280699
xa.x1.tail                             0.53625
xa.x1.np                               1.19992
xa.x1.nn                               1.19978
xa.x1.ln                                   1.2
xa.x1.lp                                   1.2
xa.x1.lnb                          2.09674e-05
xa.x1.lpb                          2.16669e-05
xa.x1.na                               1.19999
doutb                                  1.19998
dout                               2.55119e-05
xa.x1.nb                               1.19998
doutn                              2.12599e-05
tcheck                                     125
pa_00                                  208.048
bpa_00#branch                                0
btchk#branch                                 0
bdoutn#branch                                0
bclk#branch                        1.60528e-09
ean#branch                         4.46249e-12
eap#branch                         5.69915e-12
vclku#branch                                 0
vd#branch                                    0
vcm#branch                         1.01616e-11
vsup#branch                       -2.06515e-05


No. of Data Rows : 12104

  Measurements for Transient Analysis

dlev0               =  2.31564e-05
dlev1               =  2.32752e-05
dlev2               =  2.01548e-05
dlev3               =  2.02754e-05
dlev4               =  1.94277e-05
dlev5               =  1.88307e-05
dlev6               =  2.27209e-05
dlev7               =  2.04712e-05
dlev8               =  1.90500e-05
dlev9               =  1.72753e-05
dlev10              =  2.19451e-05
dlev11              =  1.88461e-05
dlev12              =  2.18200e-05
dlev13              =  2.25334e-05
dlev14              =  1.87778e-05
dlev15              =  9.99982e-01
dlev16              =  9.99985e-01
dlev17              =  9.99985e-01
dlev18              =  9.99985e-01
dlev19              =  9.99982e-01
dlev20              =  9.99985e-01
dlev21              =  9.99984e-01
dlev22              =  9.99983e-01
dlev23              =  9.99984e-01
dlev24              =  9.99983e-01
dlev25              =  9.99985e-01
dlev26              =  9.99985e-01
dlev27              =  9.99985e-01
dlev28              =  9.99985e-01
dlev29              =  9.99985e-01
dlev30              =  9.99982e-01
dlev31              =  9.99983e-01
dlev32              =  9.99983e-01
vdd_meas            =  1.20000e+00
temp_meas           =  1.25000e+02
vbias_mv            =  2.08048e+02
lowcount            =  1.50000e+01
vos_mv              =  -4.50006e+00

ngspice-46 done
