
Note: No compatibility mode selected!


Circuit: * klt sim -- generated corner deck, do not edit

Doing analysis at TEMP = 125.000000 and TNOM = 27.000000

Using SPARSE 1.3 as Direct Linear Solver

Initial Transient Solution
--------------------------

Node                                   Voltage
----                                   -------
vdd                                       1.32
cm                                        0.65
vd                                      -0.048
ap                                       0.626
an                                       0.674
clku                                         0
clk                                          0
ibn                                   0.204025
xa.x1.tmid                         0.000331371
xa.x1.tail                            0.623709
xa.x1.np                               1.31993
xa.x1.nn                               1.31977
xa.x1.ln                                  1.32
xa.x1.lp                                  1.32
xa.x1.lnb                          2.10538e-05
xa.x1.lpb                          2.04439e-05
xa.x1.na                               1.31998
doutb                              2.67746e-05
dout                                   1.31998
xa.x1.nb                               1.31999
doutn                                 0.999983
tcheck                                     125
pa_00                                  204.025
bpa_00#branch                                0
btchk#branch                                 0
bdoutn#branch                                0
bclk#branch                        2.23199e-09
ean#branch                         1.25805e-11
eap#branch                         1.57473e-11
vclku#branch                                 0
vd#branch                                    0
vcm#branch                         2.83278e-11
vsup#branch                       -2.07366e-05


No. of Data Rows : 12268

  Measurements for Transient Analysis

dlev0               =  1.87128e-05
dlev1               =  1.89898e-05
dlev2               =  1.85559e-05
dlev3               =  1.58865e-05
dlev4               =  1.57869e-05
dlev5               =  1.89093e-05
dlev6               =  1.78920e-05
dlev7               =  1.83932e-05
dlev8               =  1.80271e-05
dlev9               =  1.45109e-05
dlev10              =  1.95259e-05
dlev11              =  2.00040e-05
dlev12              =  1.66738e-05
dlev13              =  1.93941e-05
dlev14              =  1.91403e-05
dlev15              =  1.61070e-05
dlev16              =  1.64366e-05
dlev17              =  1.99212e-05
dlev18              =  9.99983e-01
dlev19              =  9.99982e-01
dlev20              =  9.99982e-01
dlev21              =  9.99982e-01
dlev22              =  9.99983e-01
dlev23              =  9.99983e-01
dlev24              =  9.99981e-01
dlev25              =  9.99983e-01
dlev26              =  9.99981e-01
dlev27              =  9.99982e-01
dlev28              =  9.99982e-01
dlev29              =  9.99982e-01
dlev30              =  9.99982e-01
dlev31              =  9.99982e-01
dlev32              =  9.99983e-01
vdd_meas            =  1.32000e+00
temp_meas           =  1.25000e+02
vbias_mv            =  2.04025e+02
lowcount            =  1.79999e+01
vos_mv              =  4.49983e+00
vcm_meas            =  6.50000e-01

ngspice-46 done
