
Note: No compatibility mode selected!


Circuit: * klt sim -- generated corner deck, do not edit

Doing analysis at TEMP = 125.000000 and TNOM = 27.000000

Using SPARSE 1.3 as Direct Linear Solver

Initial Transient Solution
--------------------------

Node                                   Voltage
----                                   -------
vdd                                       1.32
cm                                         0.6
vd                                      -0.048
ap                                       0.576
an                                       0.624
clku                                         0
clk                                          0
ibn                                   0.232051
xa.x1.tmid                         0.000105782
xa.x1.tail                            0.584427
xa.x1.np                               1.31997
xa.x1.nn                               1.31993
xa.x1.ln                                  1.32
xa.x1.lp                                  1.32
xa.x1.lnb                          3.61318e-06
xa.x1.lpb                          3.45445e-06
xa.x1.na                               1.27916
doutb                                 0.671119
dout                                   0.67707
xa.x1.nb                               1.28086
doutn                                 0.512932
tcheck                                     125
pa_00                                  232.051
bpa_00#branch                                0
btchk#branch                                 0
bdoutn#branch                                0
bclk#branch                        6.72854e-10
ean#branch                         3.76618e-12
eap#branch                          4.7197e-12
vclku#branch                                 0
vd#branch                                    0
vcm#branch                         8.48588e-12
vsup#branch                       -0.000174248


No. of Data Rows : 12204

  Measurements for Transient Analysis

dlev0               =  4.96059e-06
dlev1               =  4.63516e-06
dlev2               =  3.94909e-06
dlev3               =  4.19927e-06
dlev4               =  4.55213e-06
dlev5               =  3.80000e-06
dlev6               =  1.84287e-06
dlev7               =  4.20212e-06
dlev8               =  -3.28911e-06
dlev9               =  1.09665e-06
dlev10              =  3.93974e-06
dlev11              =  3.44363e-06
dlev12              =  2.88775e-06
dlev13              =  3.35834e-06
dlev14              =  9.99996e-01
dlev15              =  9.99995e-01
dlev16              =  9.99995e-01
dlev17              =  9.99994e-01
dlev18              =  9.99995e-01
dlev19              =  9.99995e-01
dlev20              =  9.99992e-01
dlev21              =  9.99992e-01
dlev22              =  9.99994e-01
dlev23              =  9.99994e-01
dlev24              =  9.99995e-01
dlev25              =  9.99995e-01
dlev26              =  9.99995e-01
dlev27              =  9.99995e-01
dlev28              =  9.99993e-01
dlev29              =  9.99995e-01
dlev30              =  9.99995e-01
dlev31              =  9.99993e-01
dlev32              =  9.99994e-01
vdd_meas            =  1.32000e+00
temp_meas           =  1.25000e+02
vbias_mv            =  2.32051e+02
lowcount            =  1.40001e+01
vos_mv              =  -7.49980e+00

ngspice-46 done
