
Note: No compatibility mode selected!


Circuit: * klt sim -- generated corner deck, do not edit

Doing analysis at TEMP = -40.000000 and TNOM = 27.000000

Using SPARSE 1.3 as Direct Linear Solver
Note: Starting dynamic gmin stepping
Note: Dynamic gmin stepping completed

Initial Transient Solution
--------------------------

Node                                   Voltage
----                                   -------
vdd                                       1.32
cm                                         0.6
vd                                      -0.048
ap                                       0.576
an                                       0.624
clku                                         0
clk                                          0
ibn                                   0.366507
xa.x1.tmid                          5.3572e-09
xa.x1.tail                             0.55373
xa.x1.np                                  1.32
xa.x1.nn                                  1.32
xa.x1.ln                                  1.32
xa.x1.lp                                  1.32
xa.x1.lnb                          5.10878e-08
xa.x1.lpb                          5.33905e-08
xa.x1.na                                  1.32
doutb                                     1.32
dout                               5.31402e-08
xa.x1.nb                                  1.32
doutn                              4.02577e-08
tcheck                                     -40
pa_00                                  366.507
bpa_00#branch                                0
btchk#branch                                 0
bdoutn#branch                                0
bclk#branch                        4.99662e-10
ean#branch                         2.00895e-13
eap#branch                         2.52826e-13
vclku#branch                                 0
vd#branch                                    0
vcm#branch                          4.5372e-13
vsup#branch                        -2.0001e-05


No. of Data Rows : 12247

  Measurements for Transient Analysis

dlev0               =  -2.11249e-06
dlev1               =  -5.26529e-06
dlev2               =  -5.27010e-06
dlev3               =  -5.16911e-06
dlev4               =  -4.46394e-06
dlev5               =  -4.56141e-06
dlev6               =  -1.78340e-06
dlev7               =  -6.05090e-07
dlev8               =  -4.29838e-06
dlev9               =  -4.22528e-06
dlev10              =  -4.29715e-06
dlev11              =  -4.31704e-06
dlev12              =  -4.73560e-06
dlev13              =  -4.33340e-06
dlev14              =  -2.27879e-06
dlev15              =  -4.05351e-06
dlev16              =  -4.52966e-06
dlev17              =  -3.83479e-06
dlev18              =  1.00000e+00
dlev19              =  1.00000e+00
dlev20              =  9.99999e-01
dlev21              =  9.99998e-01
dlev22              =  1.00000e+00
dlev23              =  9.99999e-01
dlev24              =  1.00000e+00
dlev25              =  9.99999e-01
dlev26              =  9.99999e-01
dlev27              =  9.99999e-01
dlev28              =  1.00000e+00
dlev29              =  1.00000e+00
dlev30              =  9.99998e-01
dlev31              =  1.00000e+00
dlev32              =  9.99999e-01
vdd_meas            =  1.32000e+00
temp_meas           =  -4.00000e+01
vbias_mv            =  3.66507e+02
lowcount            =  1.80001e+01
vos_mv              =  4.50025e+00

ngspice-46 done
