
Note: No compatibility mode selected!


Circuit: * klt sim -- generated corner deck, do not edit

Doing analysis at TEMP = 27.000000 and TNOM = 27.000000

Using SPARSE 1.3 as Direct Linear Solver

Initial Transient Solution
--------------------------

Node                                   Voltage
----                                   -------
vdd                                        1.2
cm                                        0.55
vd                                      -0.048
ap                                       0.526
an                                       0.574
clku                                         0
clk                                          0
ibn                                   0.309327
xa.x1.tmid                         1.27902e-06
xa.x1.tail                            0.532378
xa.x1.np                                   1.2
xa.x1.nn                                   1.2
xa.x1.ln                                   1.2
xa.x1.lp                                   1.2
xa.x1.lnb                          9.36358e-08
xa.x1.lpb                          1.03195e-07
xa.x1.na                                   1.2
doutb                                      1.2
dout                               1.21349e-07
xa.x1.nb                                   1.2
doutn                              1.01124e-07
tcheck                                      27
pa_00                                  309.327
bpa_00#branch                                0
btchk#branch                                 0
bdoutn#branch                                0
bclk#branch                        3.08855e-10
ean#branch                         1.20745e-12
eap#branch                         1.52992e-12
vclku#branch                                 0
vd#branch                                    0
vcm#branch                         2.73737e-12
vsup#branch                        -2.0004e-05


No. of Data Rows : 12220

  Measurements for Transient Analysis

dlev0               =  2.34728e-06
dlev1               =  5.52799e-06
dlev2               =  5.40651e-06
dlev3               =  5.39346e-06
dlev4               =  3.68436e-06
dlev5               =  3.78639e-06
dlev6               =  1.60942e-06
dlev7               =  -4.82671e-07
dlev8               =  -6.09497e-07
dlev9               =  -5.57929e-07
dlev10              =  4.75898e-06
dlev11              =  1.51454e-06
dlev12              =  3.25219e-06
dlev13              =  2.20071e-06
dlev14              =  4.50777e-07
dlev15              =  2.39976e-06
dlev16              =  2.39198e-06
dlev17              =  9.99997e-01
dlev18              =  1.00000e+00
dlev19              =  1.00000e+00
dlev20              =  9.99999e-01
dlev21              =  1.00000e+00
dlev22              =  1.00000e+00
dlev23              =  1.00000e+00
dlev24              =  1.00000e+00
dlev25              =  1.00000e+00
dlev26              =  1.00000e+00
dlev27              =  1.00000e+00
dlev28              =  1.00000e+00
dlev29              =  1.00000e+00
dlev30              =  9.99999e-01
dlev31              =  9.99999e-01
dlev32              =  9.99999e-01
vdd_meas            =  1.20000e+00
temp_meas           =  2.70000e+01
vbias_mv            =  3.09327e+02
lowcount            =  1.70000e+01
vos_mv              =  1.49989e+00
vcm_meas            =  5.50000e-01

ngspice-46 done
