
Note: No compatibility mode selected!


Circuit: * klt sim -- generated corner deck, do not edit

Doing analysis at TEMP = 27.000000 and TNOM = 27.000000

Using SPARSE 1.3 as Direct Linear Solver

Initial Transient Solution
--------------------------

Node                                   Voltage
----                                   -------
vdd                                        1.2
cm                                         0.6
vd                                      -0.048
ap                                       0.576
an                                       0.624
clku                                         0
clk                                          0
ibn                                    0.28898
xa.x1.tmid                         2.97708e-06
xa.x1.tail                            0.533047
xa.x1.np                                   1.2
xa.x1.nn                                   1.2
xa.x1.ln                                   1.2
xa.x1.lp                                   1.2
xa.x1.lnb                           6.1705e-08
xa.x1.lpb                          5.60308e-08
xa.x1.na                                   1.2
doutb                              5.61043e-08
dout                                       1.2
xa.x1.nb                                   1.2
doutn                                        1
tcheck                                      27
pa_00                                   288.98
bpa_00#branch                                0
btchk#branch                                 0
bdoutn#branch                                0
bclk#branch                        1.74307e-10
ean#branch                         1.28976e-12
eap#branch                         1.64714e-12
vclku#branch                                 0
vd#branch                                    0
vcm#branch                          2.9369e-12
vsup#branch                       -2.00078e-05


No. of Data Rows : 12209

  Measurements for Transient Analysis

dlev0               =  -2.06234e-07
dlev1               =  7.80929e-07
dlev2               =  1.89775e-06
dlev3               =  4.00231e-06
dlev4               =  6.50923e-06
dlev5               =  3.61831e-06
dlev6               =  6.55037e-06
dlev7               =  5.50911e-06
dlev8               =  7.21456e-06
dlev9               =  1.78454e-06
dlev10              =  1.95007e-06
dlev11              =  1.09817e-06
dlev12              =  7.59221e-06
dlev13              =  5.51432e-06
dlev14              =  4.24621e-06
dlev15              =  7.01589e-06
dlev16              =  7.20770e-06
dlev17              =  6.83574e-06
dlev18              =  6.06709e-06
dlev19              =  4.10106e-06
dlev20              =  2.68727e-06
dlev21              =  4.95945e-06
dlev22              =  9.99998e-01
dlev23              =  1.00000e+00
dlev24              =  1.00000e+00
dlev25              =  1.00000e+00
dlev26              =  1.00000e+00
dlev27              =  1.00000e+00
dlev28              =  1.00000e+00
dlev29              =  1.00000e+00
dlev30              =  1.00000e+00
dlev31              =  1.00000e+00
dlev32              =  1.00000e+00
vdd_meas            =  1.20000e+00
temp_meas           =  2.70000e+01
vbias_mv            =  2.88980e+02
lowcount            =  2.19999e+01
vos_mv              =  1.64997e+01

ngspice-46 done
