
Note: No compatibility mode selected!


Circuit: * klt sim -- generated corner deck, do not edit

Doing analysis at TEMP = 27.000000 and TNOM = 27.000000

Using SPARSE 1.3 as Direct Linear Solver

Initial Transient Solution
--------------------------

Node                                   Voltage
----                                   -------
vdd                                       1.32
cm                                         0.6
vd                                      -0.048
ap                                       0.576
an                                       0.624
clku                                         0
clk                                          0
ibn                                   0.341616
xa.x1.tmid                         1.01712e-07
xa.x1.tail                            0.602246
xa.x1.np                                  1.32
xa.x1.nn                                  1.32
xa.x1.ln                                  1.32
xa.x1.lp                                  1.32
xa.x1.lnb                          2.16556e-08
xa.x1.lpb                          2.17171e-08
xa.x1.na                                  1.32
doutb                              2.16741e-08
dout                                      1.32
xa.x1.nb                                  1.32
doutn                                        1
tcheck                                      27
pa_00                                  341.616
bpa_00#branch                                0
btchk#branch                                 0
bdoutn#branch                                0
bclk#branch                         1.3423e-10
ean#branch                         4.03622e-13
eap#branch                         5.10675e-13
vclku#branch                                 0
vd#branch                                    0
vcm#branch                         9.14296e-13
vsup#branch                       -1.50005e-05


No. of Data Rows : 12259

  Measurements for Transient Analysis

dlev0               =  -5.35832e-07
dlev1               =  -1.23565e-07
dlev2               =  3.16813e-07
dlev3               =  3.12534e-07
dlev4               =  3.02242e-07
dlev5               =  3.07226e-07
dlev6               =  1.29275e-07
dlev7               =  -2.26486e-07
dlev8               =  -1.29729e-06
dlev9               =  1.54084e-07
dlev10              =  -3.15570e-07
dlev11              =  2.32173e-07
dlev12              =  1.24881e-07
dlev13              =  1.04637e-07
dlev14              =  -2.32390e-06
dlev15              =  2.00291e-07
dlev16              =  1.00000e+00
dlev17              =  1.00000e+00
dlev18              =  1.00000e+00
dlev19              =  1.00000e+00
dlev20              =  1.00000e+00
dlev21              =  9.99998e-01
dlev22              =  9.99998e-01
dlev23              =  1.00000e+00
dlev24              =  1.00000e+00
dlev25              =  1.00000e+00
dlev26              =  1.00000e+00
dlev27              =  1.00000e+00
dlev28              =  1.00000e+00
dlev29              =  1.00000e+00
dlev30              =  1.00000e+00
dlev31              =  1.00000e+00
dlev32              =  9.99999e-01
vdd_meas            =  1.32000e+00
temp_meas           =  2.70000e+01
vbias_mv            =  3.41616e+02
lowcount            =  1.60000e+01
vos_mv              =  -1.49997e+00

ngspice-46 done
