
Note: No compatibility mode selected!


Circuit: * klt sim -- generated corner deck, do not edit

Doing analysis at TEMP = 27.000000 and TNOM = 27.000000

Using SPARSE 1.3 as Direct Linear Solver

Initial Transient Solution
--------------------------

Node                                   Voltage
----                                   -------
vdd                                       1.32
cm                                         0.6
vd                                      -0.048
ap                                       0.576
an                                       0.624
clku                                         0
clk                                          0
ibn                                   0.233292
xa.x1.tmid                         9.91976e-06
xa.x1.tail                            0.579336
xa.x1.np                                  1.32
xa.x1.nn                               1.31999
xa.x1.ln                                  1.32
xa.x1.lp                                  1.32
xa.x1.lnb                          6.11575e-07
xa.x1.lpb                          6.28501e-07
xa.x1.na                               1.28561
doutb                                 0.677246
dout                                  0.672828
xa.x1.nb                               1.28422
doutn                                 0.509718
tcheck                                      27
pa_00                                  233.292
bpa_00#branch                                0
btchk#branch                                 0
bdoutn#branch                                0
bclk#branch                        1.37677e-09
ean#branch                         7.10518e-12
eap#branch                         8.80154e-12
vclku#branch                                 0
vd#branch                                    0
vcm#branch                         1.59067e-11
vsup#branch                       -0.000202336


No. of Data Rows : 12240

  Measurements for Transient Analysis

dlev0               =  4.10921e-07
dlev1               =  8.98744e-07
dlev2               =  2.14596e-06
dlev3               =  1.00237e-06
dlev4               =  -6.12811e-06
dlev5               =  -3.89733e-06
dlev6               =  -4.77876e-06
dlev7               =  1.02495e-07
dlev8               =  -3.59762e-06
dlev9               =  -4.52716e-06
dlev10              =  -3.91589e-06
dlev11              =  -3.28595e-06
dlev12              =  2.02384e-06
dlev13              =  2.21614e-06
dlev14              =  1.94960e-06
dlev15              =  -2.90072e-06
dlev16              =  2.23273e-06
dlev17              =  2.47313e-06
dlev18              =  1.00000e+00
dlev19              =  1.00000e+00
dlev20              =  1.00000e+00
dlev21              =  9.99999e-01
dlev22              =  1.00000e+00
dlev23              =  9.99999e-01
dlev24              =  9.99998e-01
dlev25              =  9.99998e-01
dlev26              =  9.99999e-01
dlev27              =  1.00000e+00
dlev28              =  1.00000e+00
dlev29              =  9.99999e-01
dlev30              =  9.99998e-01
dlev31              =  9.99998e-01
dlev32              =  9.99999e-01
vdd_meas            =  1.32000e+00
temp_meas           =  2.70000e+01
vbias_mv            =  2.33292e+02
lowcount            =  1.80000e+01
vos_mv              =  4.50008e+00

ngspice-46 done
