
Note: No compatibility mode selected!


Circuit: * klt sim -- generated corner deck, do not edit

Doing analysis at TEMP = 125.000000 and TNOM = 27.000000

Using SPARSE 1.3 as Direct Linear Solver

Initial Transient Solution
--------------------------

Node                                   Voltage
----                                   -------
vdd                                       1.32
cm                                        0.55
vd                                      -0.048
ap                                       0.526
an                                       0.574
clku                                         0
clk                                          0
ibn                                   0.271789
xa.x1.tmid                          3.7413e-05
xa.x1.tail                            0.547454
xa.x1.np                               1.31999
xa.x1.nn                               1.31997
xa.x1.ln                                  1.32
xa.x1.lp                                  1.32
xa.x1.lnb                          8.83695e-06
xa.x1.lpb                          8.66094e-06
xa.x1.na                               1.28174
doutb                                 0.705085
dout                                  0.704305
xa.x1.nb                               1.28146
doutn                                 0.533564
tcheck                                     125
pa_00                                  271.789
bpa_00#branch                                0
btchk#branch                                 0
bdoutn#branch                                0
bclk#branch                        1.20998e-09
ean#branch                         2.33039e-12
eap#branch                         2.90865e-12
vclku#branch                                 0
vd#branch                                    0
vcm#branch                         5.23903e-12
vsup#branch                       -0.000188351


No. of Data Rows : 12181

  Measurements for Transient Analysis

dlev0               =  4.21747e-06
dlev1               =  1.19426e-05
dlev2               =  4.79249e-06
dlev3               =  7.20802e-06
dlev4               =  5.12801e-06
dlev5               =  1.19615e-05
dlev6               =  6.39733e-06
dlev7               =  1.08468e-05
dlev8               =  1.18621e-05
dlev9               =  1.05671e-05
dlev10              =  5.03743e-06
dlev11              =  3.89314e-06
dlev12              =  4.02947e-06
dlev13              =  4.20243e-06
dlev14              =  3.47847e-06
dlev15              =  4.01757e-06
dlev16              =  9.99998e-01
dlev17              =  9.99996e-01
dlev18              =  9.99996e-01
dlev19              =  9.99998e-01
dlev20              =  9.99999e-01
dlev21              =  9.99996e-01
dlev22              =  9.99999e-01
dlev23              =  9.99996e-01
dlev24              =  9.99996e-01
dlev25              =  9.99997e-01
dlev26              =  9.99996e-01
dlev27              =  9.99999e-01
dlev28              =  1.00000e+00
dlev29              =  9.99997e-01
dlev30              =  9.99997e-01
dlev31              =  1.00000e+00
dlev32              =  9.99997e-01
vdd_meas            =  1.32000e+00
temp_meas           =  1.25000e+02
vbias_mv            =  2.71789e+02
lowcount            =  1.59999e+01
vos_mv              =  -1.50020e+00
vcm_meas            =  5.50000e-01

ngspice-46 done
