
Note: No compatibility mode selected!


Circuit: * klt sim -- generated corner deck, do not edit

Doing analysis at TEMP = 27.000000 and TNOM = 27.000000

Using SPARSE 1.3 as Direct Linear Solver

Initial Transient Solution
--------------------------

Node                                   Voltage
----                                   -------
vdd                                       1.08
cm                                         0.6
vd                                      -0.048
ap                                       0.576
an                                       0.624
clku                                         0
clk                                          0
ibn                                   0.263822
xa.x1.tmid                         7.60556e-06
xa.x1.tail                             0.55153
xa.x1.np                                  1.08
xa.x1.nn                               1.07999
xa.x1.ln                                  1.08
xa.x1.lp                                  1.08
xa.x1.lnb                          6.87711e-07
xa.x1.lpb                          5.76717e-07
xa.x1.na                               1.06335
doutb                                 0.566197
dout                                    0.5614
xa.x1.nb                               1.06422
doutn                                 0.519814
tcheck                                      27
pa_00                                  263.822
bpa_00#branch                                0
btchk#branch                                 0
bdoutn#branch                                0
bclk#branch                        7.01259e-10
ean#branch                          1.4308e-12
eap#branch                         1.87918e-12
vclku#branch                                 0
vd#branch                                    0
vcm#branch                         3.30998e-12
vsup#branch                       -9.01844e-05


No. of Data Rows : 12127

  Measurements for Transient Analysis

dlev0               =  2.67989e-06
dlev1               =  1.43749e-06
dlev2               =  1.44783e-06
dlev3               =  1.10988e-06
dlev4               =  1.09365e-06
dlev5               =  7.46223e-07
dlev6               =  1.17781e-06
dlev7               =  1.96604e-06
dlev8               =  7.98128e-07
dlev9               =  6.64181e-07
dlev10              =  3.91603e-06
dlev11              =  3.81451e-06
dlev12              =  3.43136e-06
dlev13              =  2.13957e-06
dlev14              =  6.03406e-07
dlev15              =  1.64221e-06
dlev16              =  6.60481e-07
dlev17              =  1.00000e+00
dlev18              =  9.99999e-01
dlev19              =  9.99999e-01
dlev20              =  1.00000e+00
dlev21              =  1.00000e+00
dlev22              =  1.00000e+00
dlev23              =  1.00000e+00
dlev24              =  1.00000e+00
dlev25              =  9.99999e-01
dlev26              =  1.00000e+00
dlev27              =  9.99999e-01
dlev28              =  1.00000e+00
dlev29              =  9.99999e-01
dlev30              =  9.99999e-01
dlev31              =  1.00000e+00
dlev32              =  1.00000e+00
vdd_meas            =  1.08000e+00
temp_meas           =  2.70000e+01
vbias_mv            =  2.63822e+02
lowcount            =  1.70000e+01
vos_mv              =  1.49990e+00

ngspice-46 done
