
Note: No compatibility mode selected!


Circuit: * klt sim -- generated corner deck, do not edit

Doing analysis at TEMP = 27.000000 and TNOM = 27.000000

Using SPARSE 1.3 as Direct Linear Solver

Initial Transient Solution
--------------------------

Node                                   Voltage
----                                   -------
vdd                                       1.08
cm                                         0.6
vd                                      -0.048
ap                                       0.576
an                                       0.624
clku                                         0
clk                                          0
ibn                                   0.252462
xa.x1.tmid                         4.61595e-06
xa.x1.tail                            0.573079
xa.x1.np                                  1.08
xa.x1.nn                                  1.08
xa.x1.ln                                  1.08
xa.x1.lp                                  1.08
xa.x1.lnb                          4.10208e-08
xa.x1.lpb                          3.88416e-08
xa.x1.na                                  1.08
doutb                                     1.08
dout                               4.72616e-08
xa.x1.nb                                  1.08
doutn                              4.37608e-08
tcheck                                      27
pa_00                                  252.462
bpa_00#branch                                0
btchk#branch                                 0
bdoutn#branch                                0
bclk#branch                        1.25282e-10
ean#branch                         1.02326e-12
eap#branch                         1.34875e-12
vclku#branch                                 0
vd#branch                                    0
vcm#branch                         2.37202e-12
vsup#branch                       -1.00074e-05


No. of Data Rows : 12104

  Measurements for Transient Analysis

dlev0               =  2.32039e-06
dlev1               =  9.54933e-07
dlev2               =  2.06443e-06
dlev3               =  2.27525e-06
dlev4               =  2.57955e-06
dlev5               =  1.08767e-06
dlev6               =  2.22203e-06
dlev7               =  3.55629e-06
dlev8               =  2.51622e-06
dlev9               =  1.99346e-06
dlev10              =  2.61329e-06
dlev11              =  2.89968e-06
dlev12              =  2.30612e-06
dlev13              =  3.48168e-06
dlev14              =  3.69925e-06
dlev15              =  3.64192e-06
dlev16              =  1.00000e+00
dlev17              =  1.00000e+00
dlev18              =  1.00000e+00
dlev19              =  1.00000e+00
dlev20              =  1.00000e+00
dlev21              =  1.00000e+00
dlev22              =  1.00000e+00
dlev23              =  1.00000e+00
dlev24              =  1.00000e+00
dlev25              =  9.99999e-01
dlev26              =  1.00000e+00
dlev27              =  1.00000e+00
dlev28              =  1.00000e+00
dlev29              =  1.00000e+00
dlev30              =  1.00000e+00
dlev31              =  1.00000e+00
dlev32              =  1.00000e+00
vdd_meas            =  1.08000e+00
temp_meas           =  2.70000e+01
vbias_mv            =  2.52462e+02
lowcount            =  1.60000e+01
vos_mv              =  -1.50014e+00

ngspice-46 done
