
Note: No compatibility mode selected!


Circuit: * klt sim -- generated corner deck, do not edit

Doing analysis at TEMP = 125.000000 and TNOM = 27.000000

Using SPARSE 1.3 as Direct Linear Solver

Initial Transient Solution
--------------------------

Node                                   Voltage
----                                   -------
vdd                                       1.08
cm                                         0.6
vd                                      -0.048
ap                                       0.576
an                                       0.624
clku                                         0
clk                                          0
ibn                                   0.227731
xa.x1.tmid                         0.000183624
xa.x1.tail                             0.57094
xa.x1.np                               1.07994
xa.x1.nn                               1.07979
xa.x1.ln                                  1.08
xa.x1.lp                                  1.08
xa.x1.lnb                          1.58707e-06
xa.x1.lpb                          1.68751e-06
xa.x1.na                               1.07999
doutb                                  1.07999
dout                               2.09589e-06
xa.x1.nb                                  1.08
doutn                              1.94064e-06
tcheck                                     125
pa_00                                  227.731
bpa_00#branch                                0
btchk#branch                                 0
bdoutn#branch                                0
bclk#branch                        1.93962e-10
ean#branch                         2.28356e-12
eap#branch                         3.02205e-12
vclku#branch                                 0
vd#branch                                    0
vcm#branch                         5.30562e-12
vsup#branch                       -2.03351e-05


No. of Data Rows : 12043

  Measurements for Transient Analysis

dlev0               =  2.80467e-06
dlev1               =  2.75575e-06
dlev2               =  2.71122e-06
dlev3               =  2.69133e-06
dlev4               =  2.64634e-06
dlev5               =  2.59631e-06
dlev6               =  2.54121e-06
dlev7               =  3.55475e-06
dlev8               =  3.62674e-06
dlev9               =  3.71868e-06
dlev10              =  1.96475e-06
dlev11              =  2.21973e-06
dlev12              =  2.20610e-06
dlev13              =  2.17967e-06
dlev14              =  2.15373e-06
dlev15              =  2.92555e-06
dlev16              =  2.53499e-06
dlev17              =  2.11462e-06
dlev18              =  9.99986e-01
dlev19              =  9.99986e-01
dlev20              =  9.99987e-01
dlev21              =  9.99986e-01
dlev22              =  9.99986e-01
dlev23              =  9.99986e-01
dlev24              =  9.99986e-01
dlev25              =  9.99986e-01
dlev26              =  9.99987e-01
dlev27              =  9.99986e-01
dlev28              =  9.99987e-01
dlev29              =  9.99986e-01
dlev30              =  9.99986e-01
dlev31              =  9.99986e-01
dlev32              =  9.99986e-01
vdd_meas            =  1.08000e+00
temp_meas           =  1.25000e+02
vbias_mv            =  2.27731e+02
lowcount            =  1.80002e+01
vos_mv              =  4.50047e+00
vcm_meas            =  6.00000e-01

ngspice-46 done
