
Note: No compatibility mode selected!


Circuit: * klt sim -- generated corner deck, do not edit

Doing analysis at TEMP = 125.000000 and TNOM = 27.000000

Using SPARSE 1.3 as Direct Linear Solver

Initial Transient Solution
--------------------------

Node                                   Voltage
----                                   -------
vdd                                       1.32
cm                                         0.6
vd                                      -0.048
ap                                       0.576
an                                       0.624
clku                                         0
clk                                          0
ibn                                    0.29656
xa.x1.tmid                         1.24085e-05
xa.x1.tail                            0.605181
xa.x1.np                                  1.32
xa.x1.nn                               1.31999
xa.x1.ln                                  1.32
xa.x1.lp                                  1.32
xa.x1.lnb                          7.00138e-07
xa.x1.lpb                          7.97526e-07
xa.x1.na                               1.28957
doutb                                 0.663703
dout                                  0.669426
xa.x1.nb                               1.29065
doutn                                 0.507141
tcheck                                     125
pa_00                                   296.56
bpa_00#branch                                0
btchk#branch                                 0
bdoutn#branch                                0
bclk#branch                         2.0662e-10
ean#branch                         8.97921e-13
eap#branch                         1.13481e-12
vclku#branch                                 0
vd#branch                                    0
vcm#branch                         2.03274e-12
vsup#branch                       -0.000122254


No. of Data Rows : 12212

  Measurements for Transient Analysis

dlev0               =  9.51814e-07
dlev1               =  1.12394e-06
dlev2               =  1.52075e-06
dlev3               =  2.50752e-06
dlev4               =  3.77446e-06
dlev5               =  1.79040e-06
dlev6               =  2.08373e-06
dlev7               =  1.60857e-06
dlev8               =  7.46160e-07
dlev9               =  5.78616e-07
dlev10              =  1.13442e-06
dlev11              =  1.46477e-06
dlev12              =  1.46413e-06
dlev13              =  6.82080e-07
dlev14              =  6.92490e-07
dlev15              =  9.95804e-07
dlev16              =  9.99999e-01
dlev17              =  9.99999e-01
dlev18              =  9.99999e-01
dlev19              =  9.99999e-01
dlev20              =  9.99999e-01
dlev21              =  9.99999e-01
dlev22              =  9.99999e-01
dlev23              =  9.99999e-01
dlev24              =  9.99999e-01
dlev25              =  9.99999e-01
dlev26              =  9.99999e-01
dlev27              =  1.00000e+00
dlev28              =  9.99999e-01
dlev29              =  9.99999e-01
dlev30              =  9.99999e-01
dlev31              =  9.99999e-01
dlev32              =  1.00000e+00
vdd_meas            =  1.32000e+00
temp_meas           =  1.25000e+02
vbias_mv            =  2.96560e+02
lowcount            =  1.60000e+01
vos_mv              =  -1.50003e+00

ngspice-46 done
