
Note: No compatibility mode selected!


Circuit: * klt sim -- generated corner deck, do not edit

Doing analysis at TEMP = 27.000000 and TNOM = 27.000000

Using SPARSE 1.3 as Direct Linear Solver

Initial Transient Solution
--------------------------

Node                                   Voltage
----                                   -------
vdd                                       1.08
cm                                        0.65
vd                                      -0.048
ap                                       0.626
an                                       0.674
clku                                         0
clk                                          0
ibn                                   0.331861
xa.x1.tmid                         3.47814e-07
xa.x1.tail                            0.629883
xa.x1.np                                  1.08
xa.x1.nn                                  1.08
xa.x1.ln                                  1.08
xa.x1.lp                                  1.08
xa.x1.lnb                          2.65465e-07
xa.x1.lpb                          2.32279e-07
xa.x1.na                               1.07009
doutb                                 0.594676
dout                                  0.586571
xa.x1.nb                                1.0709
doutn                                 0.543122
tcheck                                      27
pa_00                                  331.861
bpa_00#branch                                0
btchk#branch                                 0
bdoutn#branch                                0
bclk#branch                         3.8506e-10
ean#branch                         1.69087e-13
eap#branch                         2.30149e-13
vclku#branch                                 0
vd#branch                                    0
vcm#branch                         3.99236e-13
vsup#branch                        -5.7058e-05


No. of Data Rows : 12133

  Measurements for Transient Analysis

dlev0               =  -1.47032e-06
dlev1               =  9.81342e-08
dlev2               =  -1.10480e-08
dlev3               =  -3.74116e-07
dlev4               =  1.25342e-07
dlev5               =  7.01592e-07
dlev6               =  1.22536e-06
dlev7               =  -1.90991e-06
dlev8               =  -6.69646e-07
dlev9               =  -5.76137e-06
dlev10              =  1.80804e-06
dlev11              =  -1.78602e-06
dlev12              =  1.21623e-07
dlev13              =  -6.75926e-06
dlev14              =  4.58492e-06
dlev15              =  -4.22150e-06
dlev16              =  1.00000e+00
dlev17              =  1.00000e+00
dlev18              =  9.99995e-01
dlev19              =  9.99995e-01
dlev20              =  1.00000e+00
dlev21              =  9.99999e-01
dlev22              =  9.99995e-01
dlev23              =  1.00000e+00
dlev24              =  1.00000e+00
dlev25              =  1.00000e+00
dlev26              =  1.00000e+00
dlev27              =  1.00000e+00
dlev28              =  1.00000e+00
dlev29              =  1.00000e+00
dlev30              =  1.00000e+00
dlev31              =  1.00000e+00
dlev32              =  1.00000e+00
vdd_meas            =  1.08000e+00
temp_meas           =  2.70000e+01
vbias_mv            =  3.31861e+02
lowcount            =  1.60000e+01
vos_mv              =  -1.49996e+00
vcm_meas            =  6.50000e-01

ngspice-46 done
