
Note: No compatibility mode selected!


Circuit: * klt sim -- generated corner deck, do not edit

Doing analysis at TEMP = 125.000000 and TNOM = 27.000000

Using SPARSE 1.3 as Direct Linear Solver

Initial Transient Solution
--------------------------

Node                                   Voltage
----                                   -------
vdd                                       1.32
cm                                         0.6
vd                                      -0.048
ap                                       0.576
an                                       0.624
clku                                         0
clk                                          0
ibn                                   0.206373
xa.x1.tmid                         0.000223382
xa.x1.tail                            0.577966
xa.x1.np                               1.31994
xa.x1.nn                               1.31983
xa.x1.ln                                  1.32
xa.x1.lp                                  1.32
xa.x1.lnb                          1.53784e-06
xa.x1.lpb                          1.56251e-06
xa.x1.na                                  1.32
doutb                              2.24714e-06
dout                                   1.31999
xa.x1.nb                               1.31999
doutn                                  0.99999
tcheck                                     125
pa_00                                  206.373
bpa_00#branch                                0
btchk#branch                                 0
bdoutn#branch                                0
bclk#branch                        3.86446e-10
ean#branch                         7.71244e-12
eap#branch                          9.6155e-12
vclku#branch                                 0
vd#branch                                    0
vcm#branch                         1.73279e-11
vsup#branch                       -1.53372e-05


No. of Data Rows : 12209

  Measurements for Transient Analysis

dlev0               =  1.89848e-06
dlev1               =  -4.91972e-07
dlev2               =  2.73386e-06
dlev3               =  1.41915e-06
dlev4               =  -1.69177e-07
dlev5               =  2.55877e-06
dlev6               =  2.44530e-06
dlev7               =  2.23126e-06
dlev8               =  2.44319e-06
dlev9               =  1.03411e-06
dlev10              =  7.11928e-08
dlev11              =  7.56454e-07
dlev12              =  -2.97013e-07
dlev13              =  2.17930e-06
dlev14              =  1.96859e-06
dlev15              =  9.99990e-01
dlev16              =  9.99990e-01
dlev17              =  9.99990e-01
dlev18              =  9.99990e-01
dlev19              =  9.99990e-01
dlev20              =  9.99990e-01
dlev21              =  9.99990e-01
dlev22              =  9.99990e-01
dlev23              =  9.99990e-01
dlev24              =  9.99990e-01
dlev25              =  9.99990e-01
dlev26              =  9.99989e-01
dlev27              =  9.99990e-01
dlev28              =  9.99990e-01
dlev29              =  9.99990e-01
dlev30              =  9.99990e-01
dlev31              =  9.99990e-01
dlev32              =  9.99989e-01
vdd_meas            =  1.32000e+00
temp_meas           =  1.25000e+02
vbias_mv            =  2.06373e+02
lowcount            =  1.50002e+01
vos_mv              =  -4.49953e+00

ngspice-46 done
