
Note: No compatibility mode selected!


Circuit: * klt sim -- generated corner deck, do not edit

Doing analysis at TEMP = 27.000000 and TNOM = 27.000000

Using SPARSE 1.3 as Direct Linear Solver

Initial Transient Solution
--------------------------

Node                                   Voltage
----                                   -------
vdd                                       1.32
cm                                         0.6
vd                                      -0.048
ap                                       0.576
an                                       0.624
clku                                         0
clk                                          0
ibn                                   0.355453
xa.x1.tmid                         7.21263e-08
xa.x1.tail                            0.554535
xa.x1.np                                  1.32
xa.x1.nn                                  1.32
xa.x1.ln                                  1.32
xa.x1.lp                                  1.32
xa.x1.lnb                          2.07899e-08
xa.x1.lpb                           2.1074e-08
xa.x1.na                                  1.32
doutb                              2.33214e-08
dout                                      1.32
xa.x1.nb                                  1.32
doutn                                        1
tcheck                                      27
pa_00                                  355.453
bpa_00#branch                                0
btchk#branch                                 0
bdoutn#branch                                0
bclk#branch                        1.32466e-10
ean#branch                         2.68494e-13
eap#branch                         3.40103e-13
vclku#branch                                 0
vd#branch                                    0
vcm#branch                         6.08597e-13
vsup#branch                       -2.00005e-05


No. of Data Rows : 12269

  Measurements for Transient Analysis

dlev0               =  -5.54272e-07
dlev1               =  5.29818e-06
dlev2               =  6.17733e-06
dlev3               =  3.59672e-06
dlev4               =  -7.34749e-07
dlev5               =  5.95322e-06
dlev6               =  5.72535e-06
dlev7               =  1.29786e-06
dlev8               =  5.51773e-06
dlev9               =  -6.10450e-07
dlev10              =  -8.36260e-07
dlev11              =  4.89574e-06
dlev12              =  4.74517e-06
dlev13              =  4.61526e-06
dlev14              =  4.57102e-06
dlev15              =  -9.53895e-07
dlev16              =  1.01218e-05
dlev17              =  6.77781e-06
dlev18              =  -8.85946e-07
dlev19              =  -8.72147e-07
dlev20              =  9.99998e-01
dlev21              =  1.00000e+00
dlev22              =  1.00000e+00
dlev23              =  1.00000e+00
dlev24              =  1.00000e+00
dlev25              =  1.00000e+00
dlev26              =  1.00000e+00
dlev27              =  1.00000e+00
dlev28              =  1.00000e+00
dlev29              =  1.00000e+00
dlev30              =  1.00000e+00
dlev31              =  1.00000e+00
dlev32              =  1.00000e+00
vdd_meas            =  1.32000e+00
temp_meas           =  2.70000e+01
vbias_mv            =  3.55453e+02
lowcount            =  1.99999e+01
vos_mv              =  1.04997e+01

ngspice-46 done
