
Note: No compatibility mode selected!


Circuit: * klt sim -- generated corner deck, do not edit

Doing analysis at TEMP = -40.000000 and TNOM = 27.000000

Using SPARSE 1.3 as Direct Linear Solver
Note: Starting dynamic gmin stepping
Note: Dynamic gmin stepping completed

Initial Transient Solution
--------------------------

Node                                   Voltage
----                                   -------
vdd                                        1.2
cm                                         0.6
vd                                      -0.048
ap                                       0.576
an                                       0.624
clku                                         0
clk                                          0
ibn                                   0.391382
xa.x1.tmid                         1.47735e-09
xa.x1.tail                            0.558611
xa.x1.np                                   1.2
xa.x1.nn                                   1.2
xa.x1.ln                                   1.2
xa.x1.lp                                   1.2
xa.x1.lnb                          8.02814e-09
xa.x1.lpb                            8.028e-09
xa.x1.na                               1.19413
doutb                                 0.610232
dout                                  0.610451
xa.x1.nb                               1.19346
doutn                                 0.508709
tcheck                                     -40
pa_00                                  391.382
bpa_00#branch                                0
btchk#branch                                 0
bdoutn#branch                                0
bclk#branch                        6.52815e-11
ean#branch                         5.26523e-14
eap#branch                         6.82926e-14
vclku#branch                                 0
vd#branch                                    0
vcm#branch                         1.20945e-13
vsup#branch                       -4.33626e-05


No. of Data Rows : 12150

  Measurements for Transient Analysis

dlev0               =  -1.82006e-06
dlev1               =  -1.30285e-06
dlev2               =  2.39812e-07
dlev3               =  1.02584e-05
dlev4               =  3.51200e-07
dlev5               =  -4.04152e-06
dlev6               =  6.40320e-06
dlev7               =  7.30726e-06
dlev8               =  1.19652e-06
dlev9               =  1.10972e-06
dlev10              =  -3.97933e-06
dlev11              =  -7.43146e-07
dlev12              =  4.00229e-06
dlev13              =  4.73178e-06
dlev14              =  1.00000e+00
dlev15              =  1.00000e+00
dlev16              =  9.99998e-01
dlev17              =  1.00000e+00
dlev18              =  9.99998e-01
dlev19              =  1.00000e+00
dlev20              =  1.00000e+00
dlev21              =  1.00000e+00
dlev22              =  1.00000e+00
dlev23              =  1.00000e+00
dlev24              =  9.99998e-01
dlev25              =  9.99998e-01
dlev26              =  1.00000e+00
dlev27              =  1.00000e+00
dlev28              =  9.99998e-01
dlev29              =  1.00000e+00
dlev30              =  1.00000e+00
dlev31              =  1.00000e+00
dlev32              =  1.00000e+00
vdd_meas            =  1.20000e+00
temp_meas           =  -4.00000e+01
vbias_mv            =  3.91382e+02
lowcount            =  1.40000e+01
vos_mv              =  -7.50010e+00

ngspice-46 done
