
Note: No compatibility mode selected!


Circuit: * klt sim -- generated corner deck, do not edit

Doing analysis at TEMP = 125.000000 and TNOM = 27.000000

Using SPARSE 1.3 as Direct Linear Solver

Initial Transient Solution
--------------------------

Node                                   Voltage
----                                   -------
vdd                                       1.32
cm                                         0.6
vd                                      -0.048
ap                                       0.576
an                                       0.624
clku                                         0
clk                                          0
ibn                                   0.228006
xa.x1.tmid                         0.000109725
xa.x1.tail                            0.584116
xa.x1.np                               1.31998
xa.x1.nn                               1.31992
xa.x1.ln                                  1.32
xa.x1.lp                                  1.32
xa.x1.lnb                          3.83254e-06
xa.x1.lpb                          3.71318e-06
xa.x1.na                                  1.32
doutb                                  1.31999
dout                               4.86512e-06
xa.x1.nb                                  1.32
doutn                               3.6857e-06
tcheck                                     125
pa_00                                  228.006
bpa_00#branch                                0
btchk#branch                                 0
bdoutn#branch                                0
bclk#branch                         6.7809e-10
ean#branch                         3.76643e-12
eap#branch                         4.71614e-12
vclku#branch                                 0
vd#branch                                    0
vcm#branch                         8.48258e-12
vsup#branch                       -1.51839e-05


No. of Data Rows : 12160

  Measurements for Transient Analysis

dlev0               =  3.41809e-06
dlev1               =  3.19977e-06
dlev2               =  -1.88628e-06
dlev3               =  3.86763e-07
dlev4               =  3.28187e-06
dlev5               =  3.55880e-06
dlev6               =  2.61445e-06
dlev7               =  -1.85921e-08
dlev8               =  5.48494e-08
dlev9               =  2.01076e-06
dlev10              =  3.38815e-06
dlev11              =  -1.33664e-06
dlev12              =  -3.48078e-06
dlev13              =  -1.99706e-06
dlev14              =  3.75826e-06
dlev15              =  3.15082e-06
dlev16              =  3.70236e-06
dlev17              =  9.99996e-01
dlev18              =  9.99996e-01
dlev19              =  9.99995e-01
dlev20              =  9.99996e-01
dlev21              =  9.99995e-01
dlev22              =  9.99996e-01
dlev23              =  9.99996e-01
dlev24              =  9.99996e-01
dlev25              =  9.99994e-01
dlev26              =  9.99994e-01
dlev27              =  9.99996e-01
dlev28              =  9.99996e-01
dlev29              =  9.99996e-01
dlev30              =  9.99996e-01
dlev31              =  9.99996e-01
dlev32              =  9.99996e-01
vdd_meas            =  1.32000e+00
temp_meas           =  1.25000e+02
vbias_mv            =  2.28006e+02
lowcount            =  1.70000e+01
vos_mv              =  1.50013e+00

ngspice-46 done
