
Note: No compatibility mode selected!


Circuit: * klt sim -- generated corner deck, do not edit

Doing analysis at TEMP = -40.000000 and TNOM = 27.000000

Using SPARSE 1.3 as Direct Linear Solver

Initial Transient Solution
--------------------------

Node                                   Voltage
----                                   -------
vdd                                       1.32
cm                                         0.6
vd                                      -0.048
ap                                       0.576
an                                       0.624
clku                                         0
clk                                          0
ibn                                   0.345788
xa.x1.tmid                         2.70834e-08
xa.x1.tail                            0.569887
xa.x1.np                                  1.32
xa.x1.nn                                  1.32
xa.x1.ln                                  1.32
xa.x1.lp                                  1.32
xa.x1.lnb                          3.35547e-08
xa.x1.lpb                           3.2788e-08
xa.x1.na                               1.29979
doutb                                 0.682147
dout                                  0.676945
xa.x1.nb                               1.29962
doutn                                 0.512837
tcheck                                     -40
pa_00                                  345.788
bpa_00#branch                                0
btchk#branch                                 0
bdoutn#branch                                0
bclk#branch                        2.87815e-10
ean#branch                         8.21815e-13
eap#branch                         1.03026e-12
vclku#branch                                 0
vd#branch                                    0
vcm#branch                         1.85207e-12
vsup#branch                       -0.000116886


No. of Data Rows : 12430

  Measurements for Transient Analysis

dlev0               =  -1.28728e-06
dlev1               =  -5.16623e-06
dlev2               =  -5.27334e-06
dlev3               =  -5.42743e-06
dlev4               =  -5.45372e-06
dlev5               =  -5.41636e-06
dlev6               =  -4.97004e-06
dlev7               =  -4.92825e-06
dlev8               =  -4.84940e-06
dlev9               =  6.38570e-07
dlev10              =  -2.17782e-06
dlev11              =  -1.69089e-06
dlev12              =  -1.90121e-06
dlev13              =  -1.76660e-06
dlev14              =  -6.40697e-06
dlev15              =  -3.96069e-06
dlev16              =  -3.87359e-06
dlev17              =  1.00000e+00
dlev18              =  9.99998e-01
dlev19              =  9.99997e-01
dlev20              =  9.99997e-01
dlev21              =  9.99997e-01
dlev22              =  9.99999e-01
dlev23              =  9.99997e-01
dlev24              =  9.99997e-01
dlev25              =  9.99998e-01
dlev26              =  9.99998e-01
dlev27              =  9.99998e-01
dlev28              =  1.00000e+00
dlev29              =  9.99997e-01
dlev30              =  1.00000e+00
dlev31              =  9.99999e-01
dlev32              =  9.99996e-01
vdd_meas            =  1.32000e+00
temp_meas           =  -4.00000e+01
vbias_mv            =  3.45788e+02
lowcount            =  1.70001e+01
vos_mv              =  1.50029e+00

ngspice-46 done
