
Note: No compatibility mode selected!


Circuit: * klt sim -- generated corner deck, do not edit

Doing analysis at TEMP = 27.000000 and TNOM = 27.000000

Using SPARSE 1.3 as Direct Linear Solver

Initial Transient Solution
--------------------------

Node                                   Voltage
----                                   -------
vdd                                       1.32
cm                                         0.6
vd                                      -0.048
ap                                       0.576
an                                       0.624
clku                                         0
clk                                          0
ibn                                   0.321438
xa.x1.tmid                         1.31981e-07
xa.x1.tail                            0.606513
xa.x1.np                                  1.32
xa.x1.nn                                  1.32
xa.x1.ln                                  1.32
xa.x1.lp                                  1.32
xa.x1.lnb                          2.01043e-08
xa.x1.lpb                          2.09011e-08
xa.x1.na                                  1.32
doutb                                2.403e-08
dout                                      1.32
xa.x1.nb                                  1.32
doutn                                        1
tcheck                                      27
pa_00                                  321.438
bpa_00#branch                                0
btchk#branch                                 0
bdoutn#branch                                0
bclk#branch                         1.3467e-10
ean#branch                         4.03649e-13
eap#branch                          5.1098e-13
vclku#branch                                 0
vd#branch                                    0
vcm#branch                         9.14629e-13
vsup#branch                       -1.00005e-05


No. of Data Rows : 12128

  Measurements for Transient Analysis

dlev0               =  1.13274e-08
dlev1               =  -6.27107e-06
dlev2               =  -1.95192e-06
dlev3               =  -2.09005e-07
dlev4               =  -3.09861e-06
dlev5               =  -1.62127e-06
dlev6               =  -5.88028e-07
dlev7               =  -6.27876e-07
dlev8               =  -3.99417e-07
dlev9               =  -1.80616e-07
dlev10              =  1.20065e-07
dlev11              =  -5.47500e-06
dlev12              =  2.64784e-07
dlev13              =  -5.26989e-06
dlev14              =  2.87525e-07
dlev15              =  6.13439e-08
dlev16              =  -4.24992e-07
dlev17              =  1.00000e+00
dlev18              =  1.00000e+00
dlev19              =  1.00000e+00
dlev20              =  9.99999e-01
dlev21              =  9.99999e-01
dlev22              =  9.99999e-01
dlev23              =  1.00000e+00
dlev24              =  1.00000e+00
dlev25              =  1.00000e+00
dlev26              =  1.00000e+00
dlev27              =  1.00000e+00
dlev28              =  1.00000e+00
dlev29              =  1.00000e+00
dlev30              =  1.00000e+00
dlev31              =  1.00000e+00
dlev32              =  1.00000e+00
vdd_meas            =  1.32000e+00
temp_meas           =  2.70000e+01
vbias_mv            =  3.21438e+02
lowcount            =  1.70000e+01
vos_mv              =  1.50009e+00

ngspice-46 done
