
Note: No compatibility mode selected!


Circuit: * klt sim -- generated corner deck, do not edit

Doing analysis at TEMP = 125.000000 and TNOM = 27.000000

Using SPARSE 1.3 as Direct Linear Solver

Initial Transient Solution
--------------------------

Node                                   Voltage
----                                   -------
vdd                                       1.32
cm                                         0.6
vd                                      -0.048
ap                                       0.576
an                                       0.624
clku                                         0
clk                                          0
ibn                                   0.203243
xa.x1.tmid                         0.000303172
xa.x1.tail                            0.534002
xa.x1.np                               1.31992
xa.x1.nn                               1.31981
xa.x1.ln                                  1.32
xa.x1.lp                                  1.32
xa.x1.lnb                           1.6565e-05
xa.x1.lpb                          2.11138e-05
xa.x1.na                               1.31999
doutb                                  1.31998
dout                               3.00267e-05
xa.x1.nb                               1.31998
doutn                              2.27475e-05
tcheck                                     125
pa_00                                  203.243
bpa_00#branch                                0
btchk#branch                                 0
bdoutn#branch                                0
bclk#branch                        2.20624e-09
ean#branch                         1.05061e-11
eap#branch                         1.30364e-11
vclku#branch                                 0
vd#branch                                    0
vcm#branch                         2.35425e-11
vsup#branch                       -2.06759e-05


No. of Data Rows : 12164

  Measurements for Transient Analysis

dlev0               =  2.28711e-05
dlev1               =  2.28681e-05
dlev2               =  2.28100e-05
dlev3               =  2.15366e-05
dlev4               =  2.17799e-05
dlev5               =  2.07749e-05
dlev6               =  2.30225e-05
dlev7               =  2.31416e-05
dlev8               =  2.29478e-05
dlev9               =  2.28679e-05
dlev10              =  2.27589e-05
dlev11              =  2.21018e-05
dlev12              =  2.29138e-05
dlev13              =  2.24548e-05
dlev14              =  9.99987e-01
dlev15              =  9.99986e-01
dlev16              =  9.99986e-01
dlev17              =  9.99986e-01
dlev18              =  9.99986e-01
dlev19              =  9.99986e-01
dlev20              =  9.99985e-01
dlev21              =  9.99985e-01
dlev22              =  9.99986e-01
dlev23              =  9.99986e-01
dlev24              =  9.99986e-01
dlev25              =  9.99985e-01
dlev26              =  9.99985e-01
dlev27              =  9.99986e-01
dlev28              =  9.99986e-01
dlev29              =  9.99986e-01
dlev30              =  9.99986e-01
dlev31              =  9.99986e-01
dlev32              =  9.99986e-01
vdd_meas            =  1.32000e+00
temp_meas           =  1.25000e+02
vbias_mv            =  2.03243e+02
lowcount            =  1.40000e+01
vos_mv              =  -7.50015e+00

ngspice-46 done
