
Note: Compatibility modes selected: hs a


Circuit: * comparator-offset-mc @ fs_mismatch_-40c_1.20v -- generated by sim/harness, do not edit

Reset re-loads circuit * comparator-offset-mc @ fs_mismatch_-40c_1.20v -- generated by sim/harness, do not edit

Circuit: * comparator-offset-mc @ fs_mismatch_-40c_1.20v -- generated by sim/harness, do not edit

Doing analysis at TEMP = -40.000000 and TNOM = 27.000000

Using SPARSE 1.3 as Direct Linear Solver
 Reference value :  0.00000e+00
No. of Data Rows : 6
voa = 2.4465463683e-03
ddc = -1.870812552e-06
dde = 2.0285190529e-06
Reset re-loads circuit * comparator-offset-mc @ fs_mismatch_-40c_1.20v -- generated by sim/harness, do not edit

Circuit: * comparator-offset-mc @ fs_mismatch_-40c_1.20v -- generated by sim/harness, do not edit

Doing analysis at TEMP = -40.000000 and TNOM = 27.000000

Using SPARSE 1.3 as Direct Linear Solver

No. of Data Rows : 6
voa = 4.5844806156e-04
ddc = 5.7261112723e-07
dde = -6.309675601e-07
Reset re-loads circuit * comparator-offset-mc @ fs_mismatch_-40c_1.20v -- generated by sim/harness, do not edit

Circuit: * comparator-offset-mc @ fs_mismatch_-40c_1.20v -- generated by sim/harness, do not edit

Doing analysis at TEMP = -40.000000 and TNOM = 27.000000

Using SPARSE 1.3 as Direct Linear Solver

No. of Data Rows : 6
voa = 1.9351015361e-03
ddc = 6.0393804606e-07
dde = -8.599521054e-07
Reset re-loads circuit * comparator-offset-mc @ fs_mismatch_-40c_1.20v -- generated by sim/harness, do not edit

Circuit: * comparator-offset-mc @ fs_mismatch_-40c_1.20v -- generated by sim/harness, do not edit

Doing analysis at TEMP = -40.000000 and TNOM = 27.000000

Using SPARSE 1.3 as Direct Linear Solver

No. of Data Rows : 6
voa = -2.095153605e-03
ddc = 3.8554903181e-09
dde = 2.0288032027e-07
Reset re-loads circuit * comparator-offset-mc @ fs_mismatch_-40c_1.20v -- generated by sim/harness, do not edit

Circuit: * comparator-offset-mc @ fs_mismatch_-40c_1.20v -- generated by sim/harness, do not edit

Doing analysis at TEMP = -40.000000 and TNOM = 27.000000

Using SPARSE 1.3 as Direct Linear Solver

No. of Data Rows : 6
voa = -1.105962056e-03
ddc = 9.4532711139e-07
dde = -1.019888099e-06
Reset re-loads circuit * comparator-offset-mc @ fs_mismatch_-40c_1.20v -- generated by sim/harness, do not edit

Circuit: * comparator-offset-mc @ fs_mismatch_-40c_1.20v -- generated by sim/harness, do not edit

Doing analysis at TEMP = -40.000000 and TNOM = 27.000000

Using SPARSE 1.3 as Direct Linear Solver

No. of Data Rows : 6
voa = 1.9653817349e-03
ddc = -3.887182678e-07
dde = 6.3922698601e-07
Reset re-loads circuit * comparator-offset-mc @ fs_mismatch_-40c_1.20v -- generated by sim/harness, do not edit

Circuit: * comparator-offset-mc @ fs_mismatch_-40c_1.20v -- generated by sim/harness, do not edit

Doing analysis at TEMP = -40.000000 and TNOM = 27.000000

Using SPARSE 1.3 as Direct Linear Solver

No. of Data Rows : 6
voa = -1.974763394e-03
ddc = -1.837481777e-07
dde = 8.5957829246e-08
Reset re-loads circuit * comparator-offset-mc @ fs_mismatch_-40c_1.20v -- generated by sim/harness, do not edit

Circuit: * comparator-offset-mc @ fs_mismatch_-40c_1.20v -- generated by sim/harness, do not edit

Doing analysis at TEMP = -40.000000 and TNOM = 27.000000

Using SPARSE 1.3 as Direct Linear Solver

No. of Data Rows : 6
voa = -3.415858357e-03
ddc = 5.7430521980e-07
dde = -6.226181753e-07
Reset re-loads circuit * comparator-offset-mc @ fs_mismatch_-40c_1.20v -- generated by sim/harness, do not edit

Circuit: * comparator-offset-mc @ fs_mismatch_-40c_1.20v -- generated by sim/harness, do not edit

Doing analysis at TEMP = -40.000000 and TNOM = 27.000000

Using SPARSE 1.3 as Direct Linear Solver

No. of Data Rows : 6
voa = 1.5453147303e-03
ddc = 1.0699597654e-06
dde = -1.100203091e-06
Reset re-loads circuit * comparator-offset-mc @ fs_mismatch_-40c_1.20v -- generated by sim/harness, do not edit

Circuit: * comparator-offset-mc @ fs_mismatch_-40c_1.20v -- generated by sim/harness, do not edit

Doing analysis at TEMP = -40.000000 and TNOM = 27.000000

Using SPARSE 1.3 as Direct Linear Solver

No. of Data Rows : 6
voa = 1.2989774332e-03
ddc = 2.6576126360e-06
dde = -2.974157064e-06
Reset re-loads circuit * comparator-offset-mc @ fs_mismatch_-40c_1.20v -- generated by sim/harness, do not edit

Circuit: * comparator-offset-mc @ fs_mismatch_-40c_1.20v -- generated by sim/harness, do not edit

Doing analysis at TEMP = -40.000000 and TNOM = 27.000000

Using SPARSE 1.3 as Direct Linear Solver
 Reference value :  0.00000e+00
No. of Data Rows : 6
voa = -1.426028538e-03
ddc = -2.745782541e-09
dde = 1.3168547771e-07
Reset re-loads circuit * comparator-offset-mc @ fs_mismatch_-40c_1.20v -- generated by sim/harness, do not edit

Circuit: * comparator-offset-mc @ fs_mismatch_-40c_1.20v -- generated by sim/harness, do not edit

Doing analysis at TEMP = -40.000000 and TNOM = 27.000000

Using SPARSE 1.3 as Direct Linear Solver

No. of Data Rows : 6
voa = 8.7480098665e-04
ddc = 6.6164041079e-08
dde = 5.8385894916e-08
Reset re-loads circuit * comparator-offset-mc @ fs_mismatch_-40c_1.20v -- generated by sim/harness, do not edit

Circuit: * comparator-offset-mc @ fs_mismatch_-40c_1.20v -- generated by sim/harness, do not edit

Doing analysis at TEMP = -40.000000 and TNOM = 27.000000

Using SPARSE 1.3 as Direct Linear Solver

No. of Data Rows : 6
voa = 2.4824232013e-03
ddc = -5.311376586e-07
dde = 1.0235407758e-06
Reset re-loads circuit * comparator-offset-mc @ fs_mismatch_-40c_1.20v -- generated by sim/harness, do not edit

Circuit: * comparator-offset-mc @ fs_mismatch_-40c_1.20v -- generated by sim/harness, do not edit

Doing analysis at TEMP = -40.000000 and TNOM = 27.000000

Using SPARSE 1.3 as Direct Linear Solver

No. of Data Rows : 6
voa = 1.1028723630e-03
ddc = 2.2850835229e-06
dde = -2.380285826e-06
Reset re-loads circuit * comparator-offset-mc @ fs_mismatch_-40c_1.20v -- generated by sim/harness, do not edit

Circuit: * comparator-offset-mc @ fs_mismatch_-40c_1.20v -- generated by sim/harness, do not edit

Doing analysis at TEMP = -40.000000 and TNOM = 27.000000

Using SPARSE 1.3 as Direct Linear Solver

No. of Data Rows : 6
voa = 1.1199214661e-03
ddc = 2.3861009429e-07
dde = -3.567813099e-07
Reset re-loads circuit * comparator-offset-mc @ fs_mismatch_-40c_1.20v -- generated by sim/harness, do not edit

Circuit: * comparator-offset-mc @ fs_mismatch_-40c_1.20v -- generated by sim/harness, do not edit

Doing analysis at TEMP = -40.000000 and TNOM = 27.000000

Using SPARSE 1.3 as Direct Linear Solver

No. of Data Rows : 6
voa = 1.6915651031e-03
ddc = -2.666049523e-06
dde = 2.9604166113e-06
Reset re-loads circuit * comparator-offset-mc @ fs_mismatch_-40c_1.20v -- generated by sim/harness, do not edit

Circuit: * comparator-offset-mc @ fs_mismatch_-40c_1.20v -- generated by sim/harness, do not edit

Doing analysis at TEMP = -40.000000 and TNOM = 27.000000

Using SPARSE 1.3 as Direct Linear Solver

No. of Data Rows : 6
voa = 4.6689137907e-04
ddc = 8.6888313992e-07
dde = -7.928261219e-07
Reset re-loads circuit * comparator-offset-mc @ fs_mismatch_-40c_1.20v -- generated by sim/harness, do not edit

Circuit: * comparator-offset-mc @ fs_mismatch_-40c_1.20v -- generated by sim/harness, do not edit

Doing analysis at TEMP = -40.000000 and TNOM = 27.000000

Using SPARSE 1.3 as Direct Linear Solver

No. of Data Rows : 6
voa = -6.034434671e-04
ddc = 1.7520639988e-07
dde = -1.110939206e-07
Reset re-loads circuit * comparator-offset-mc @ fs_mismatch_-40c_1.20v -- generated by sim/harness, do not edit

Circuit: * comparator-offset-mc @ fs_mismatch_-40c_1.20v -- generated by sim/harness, do not edit

Doing analysis at TEMP = -40.000000 and TNOM = 27.000000

Using SPARSE 1.3 as Direct Linear Solver

No. of Data Rows : 6
voa = -9.535293312e-04
ddc = -4.556172367e-07
dde = 4.8399898437e-07
Reset re-loads circuit * comparator-offset-mc @ fs_mismatch_-40c_1.20v -- generated by sim/harness, do not edit

Circuit: * comparator-offset-mc @ fs_mismatch_-40c_1.20v -- generated by sim/harness, do not edit

Doing analysis at TEMP = -40.000000 and TNOM = 27.000000

Using SPARSE 1.3 as Direct Linear Solver

No. of Data Rows : 6
voa = -1.890553411e-04
ddc = 1.2148277980e-06
dde = -1.417899773e-06
Reset re-loads circuit * comparator-offset-mc @ fs_mismatch_-40c_1.20v -- generated by sim/harness, do not edit

Circuit: * comparator-offset-mc @ fs_mismatch_-40c_1.20v -- generated by sim/harness, do not edit

Doing analysis at TEMP = -40.000000 and TNOM = 27.000000

Using SPARSE 1.3 as Direct Linear Solver
 Reference value :  0.00000e+00
No. of Data Rows : 6
voa = 6.7991886387e-04
ddc = -2.042725810e-06
dde = 2.2154725514e-06
Reset re-loads circuit * comparator-offset-mc @ fs_mismatch_-40c_1.20v -- generated by sim/harness, do not edit

Circuit: * comparator-offset-mc @ fs_mismatch_-40c_1.20v -- generated by sim/harness, do not edit

Doing analysis at TEMP = -40.000000 and TNOM = 27.000000

Using SPARSE 1.3 as Direct Linear Solver

No. of Data Rows : 6
voa = -3.215358889e-03
ddc = -1.191080714e-06
dde = 1.3422640988e-06
Reset re-loads circuit * comparator-offset-mc @ fs_mismatch_-40c_1.20v -- generated by sim/harness, do not edit

Circuit: * comparator-offset-mc @ fs_mismatch_-40c_1.20v -- generated by sim/harness, do not edit

Doing analysis at TEMP = -40.000000 and TNOM = 27.000000

Using SPARSE 1.3 as Direct Linear Solver

No. of Data Rows : 6
voa = 3.4974774093e-04
ddc = -1.470053399e-06
dde = 1.6044723515e-06
Reset re-loads circuit * comparator-offset-mc @ fs_mismatch_-40c_1.20v -- generated by sim/harness, do not edit

Circuit: * comparator-offset-mc @ fs_mismatch_-40c_1.20v -- generated by sim/harness, do not edit

Doing analysis at TEMP = -40.000000 and TNOM = 27.000000

Using SPARSE 1.3 as Direct Linear Solver

No. of Data Rows : 6
voa = 3.5152014438e-04
ddc = 7.1729790879e-07
dde = -9.581844620e-07
Reset re-loads circuit * comparator-offset-mc @ fs_mismatch_-40c_1.20v -- generated by sim/harness, do not edit

Circuit: * comparator-offset-mc @ fs_mismatch_-40c_1.20v -- generated by sim/harness, do not edit

Doing analysis at TEMP = -40.000000 and TNOM = 27.000000

Using SPARSE 1.3 as Direct Linear Solver

No. of Data Rows : 6
voa = 1.0438488855e-03
ddc = 3.3379993180e-07
dde = -4.639081065e-07
Reset re-loads circuit * comparator-offset-mc @ fs_mismatch_-40c_1.20v -- generated by sim/harness, do not edit

Circuit: * comparator-offset-mc @ fs_mismatch_-40c_1.20v -- generated by sim/harness, do not edit

Doing analysis at TEMP = -40.000000 and TNOM = 27.000000

Using SPARSE 1.3 as Direct Linear Solver

No. of Data Rows : 6
voa = 1.6493166207e-04
ddc = -2.014719637e-07
dde = 1.5552578517e-07
Reset re-loads circuit * comparator-offset-mc @ fs_mismatch_-40c_1.20v -- generated by sim/harness, do not edit

Circuit: * comparator-offset-mc @ fs_mismatch_-40c_1.20v -- generated by sim/harness, do not edit

Doing analysis at TEMP = -40.000000 and TNOM = 27.000000

Using SPARSE 1.3 as Direct Linear Solver

No. of Data Rows : 6
voa = 4.6708193410e-03
ddc = 7.4830771755e-07
dde = -7.265163131e-07
Reset re-loads circuit * comparator-offset-mc @ fs_mismatch_-40c_1.20v -- generated by sim/harness, do not edit

Circuit: * comparator-offset-mc @ fs_mismatch_-40c_1.20v -- generated by sim/harness, do not edit

Doing analysis at TEMP = -40.000000 and TNOM = 27.000000

Using SPARSE 1.3 as Direct Linear Solver

No. of Data Rows : 6
voa = -1.135254084e-03
ddc = -2.331938542e-07
dde = 3.8130155161e-07
Reset re-loads circuit * comparator-offset-mc @ fs_mismatch_-40c_1.20v -- generated by sim/harness, do not edit

Circuit: * comparator-offset-mc @ fs_mismatch_-40c_1.20v -- generated by sim/harness, do not edit

Doing analysis at TEMP = -40.000000 and TNOM = 27.000000

Using SPARSE 1.3 as Direct Linear Solver

No. of Data Rows : 6
voa = 6.5966607645e-04
ddc = 5.3594226824e-07
dde = -5.327765974e-07
Reset re-loads circuit * comparator-offset-mc @ fs_mismatch_-40c_1.20v -- generated by sim/harness, do not edit

Circuit: * comparator-offset-mc @ fs_mismatch_-40c_1.20v -- generated by sim/harness, do not edit

Doing analysis at TEMP = -40.000000 and TNOM = 27.000000

Using SPARSE 1.3 as Direct Linear Solver
 Reference value :  0.00000e+00
No. of Data Rows : 6
voa = -2.335954777e-03
ddc = 3.5391582933e-08
dde = -1.490203883e-07
Reset re-loads circuit * comparator-offset-mc @ fs_mismatch_-40c_1.20v -- generated by sim/harness, do not edit

Circuit: * comparator-offset-mc @ fs_mismatch_-40c_1.20v -- generated by sim/harness, do not edit

Doing analysis at TEMP = -40.000000 and TNOM = 27.000000

Using SPARSE 1.3 as Direct Linear Solver

No. of Data Rows : 6
voa = 1.2513527734e-03
ddc = -2.149572136e-06
dde = 2.3792211644e-06
Reset re-loads circuit * comparator-offset-mc @ fs_mismatch_-40c_1.20v -- generated by sim/harness, do not edit

Circuit: * comparator-offset-mc @ fs_mismatch_-40c_1.20v -- generated by sim/harness, do not edit

Doing analysis at TEMP = -40.000000 and TNOM = 27.000000

Using SPARSE 1.3 as Direct Linear Solver

No. of Data Rows : 6
voa = -7.296962111e-05
ddc = -8.839287232e-07
dde = 6.6555249647e-07
Reset re-loads circuit * comparator-offset-mc @ fs_mismatch_-40c_1.20v -- generated by sim/harness, do not edit

Circuit: * comparator-offset-mc @ fs_mismatch_-40c_1.20v -- generated by sim/harness, do not edit

Doing analysis at TEMP = -40.000000 and TNOM = 27.000000

Using SPARSE 1.3 as Direct Linear Solver

No. of Data Rows : 6
voa = 2.9993645366e-03
ddc = -9.981829838e-07
dde = 1.1525079165e-06
Reset re-loads circuit * comparator-offset-mc @ fs_mismatch_-40c_1.20v -- generated by sim/harness, do not edit

Circuit: * comparator-offset-mc @ fs_mismatch_-40c_1.20v -- generated by sim/harness, do not edit

Doing analysis at TEMP = -40.000000 and TNOM = 27.000000

Using SPARSE 1.3 as Direct Linear Solver

No. of Data Rows : 6
voa = -2.397975441e-04
ddc = 3.5800940593e-07
dde = -4.592757059e-07
Reset re-loads circuit * comparator-offset-mc @ fs_mismatch_-40c_1.20v -- generated by sim/harness, do not edit

Circuit: * comparator-offset-mc @ fs_mismatch_-40c_1.20v -- generated by sim/harness, do not edit

Doing analysis at TEMP = -40.000000 and TNOM = 27.000000

Using SPARSE 1.3 as Direct Linear Solver

No. of Data Rows : 6
voa = -2.752376470e-03
ddc = -2.716967902e-07
dde = 1.1498412772e-07
Reset re-loads circuit * comparator-offset-mc @ fs_mismatch_-40c_1.20v -- generated by sim/harness, do not edit

Circuit: * comparator-offset-mc @ fs_mismatch_-40c_1.20v -- generated by sim/harness, do not edit

Doing analysis at TEMP = -40.000000 and TNOM = 27.000000

Using SPARSE 1.3 as Direct Linear Solver

No. of Data Rows : 6
voa = -1.000267341e-03
ddc = 1.9739587571e-06
dde = -2.365632265e-06
Reset re-loads circuit * comparator-offset-mc @ fs_mismatch_-40c_1.20v -- generated by sim/harness, do not edit

Circuit: * comparator-offset-mc @ fs_mismatch_-40c_1.20v -- generated by sim/harness, do not edit

Doing analysis at TEMP = -40.000000 and TNOM = 27.000000

Using SPARSE 1.3 as Direct Linear Solver

No. of Data Rows : 6
voa = -3.134198903e-04
ddc = 2.9628477982e-07
dde = -3.397248879e-07
Reset re-loads circuit * comparator-offset-mc @ fs_mismatch_-40c_1.20v -- generated by sim/harness, do not edit

Circuit: * comparator-offset-mc @ fs_mismatch_-40c_1.20v -- generated by sim/harness, do not edit

Doing analysis at TEMP = -40.000000 and TNOM = 27.000000

Using SPARSE 1.3 as Direct Linear Solver

No. of Data Rows : 6
voa = -2.053057550e-03
ddc = 1.5918141247e-06
dde = -1.798097280e-06
Reset re-loads circuit * comparator-offset-mc @ fs_mismatch_-40c_1.20v -- generated by sim/harness, do not edit

Circuit: * comparator-offset-mc @ fs_mismatch_-40c_1.20v -- generated by sim/harness, do not edit

Doing analysis at TEMP = -40.000000 and TNOM = 27.000000

Using SPARSE 1.3 as Direct Linear Solver
 Reference value :  0.00000e+00
No. of Data Rows : 6
voa = 2.0839917453e-03
ddc = -2.114953142e-06
dde = 2.3475125042e-06
Reset re-loads circuit * comparator-offset-mc @ fs_mismatch_-40c_1.20v -- generated by sim/harness, do not edit

Circuit: * comparator-offset-mc @ fs_mismatch_-40c_1.20v -- generated by sim/harness, do not edit

Doing analysis at TEMP = -40.000000 and TNOM = 27.000000

Using SPARSE 1.3 as Direct Linear Solver

No. of Data Rows : 6
voa = 3.3152161735e-03
ddc = -1.870427514e-07
dde = 2.8573834972e-07
Reset re-loads circuit * comparator-offset-mc @ fs_mismatch_-40c_1.20v -- generated by sim/harness, do not edit

Circuit: * comparator-offset-mc @ fs_mismatch_-40c_1.20v -- generated by sim/harness, do not edit

Doing analysis at TEMP = -40.000000 and TNOM = 27.000000

Using SPARSE 1.3 as Direct Linear Solver

No. of Data Rows : 6
voa = 2.1241438845e-03
ddc = 1.0808502627e-06
dde = -1.065375060e-06
Reset re-loads circuit * comparator-offset-mc @ fs_mismatch_-40c_1.20v -- generated by sim/harness, do not edit

Circuit: * comparator-offset-mc @ fs_mismatch_-40c_1.20v -- generated by sim/harness, do not edit

Doing analysis at TEMP = -40.000000 and TNOM = 27.000000

Using SPARSE 1.3 as Direct Linear Solver

No. of Data Rows : 6
voa = 5.2144605827e-04
ddc = -1.731878534e-06
dde = 1.8805339862e-06
Reset re-loads circuit * comparator-offset-mc @ fs_mismatch_-40c_1.20v -- generated by sim/harness, do not edit

Circuit: * comparator-offset-mc @ fs_mismatch_-40c_1.20v -- generated by sim/harness, do not edit

Doing analysis at TEMP = -40.000000 and TNOM = 27.000000

Using SPARSE 1.3 as Direct Linear Solver

No. of Data Rows : 6
voa = -1.637198951e-04
ddc = -9.856068807e-07
dde = 1.0791355245e-06
Reset re-loads circuit * comparator-offset-mc @ fs_mismatch_-40c_1.20v -- generated by sim/harness, do not edit

Circuit: * comparator-offset-mc @ fs_mismatch_-40c_1.20v -- generated by sim/harness, do not edit

Doing analysis at TEMP = -40.000000 and TNOM = 27.000000

Using SPARSE 1.3 as Direct Linear Solver

No. of Data Rows : 6
voa = 6.2664385839e-04
ddc = 8.4638330382e-07
dde = -1.223228108e-06
Reset re-loads circuit * comparator-offset-mc @ fs_mismatch_-40c_1.20v -- generated by sim/harness, do not edit

Circuit: * comparator-offset-mc @ fs_mismatch_-40c_1.20v -- generated by sim/harness, do not edit

Doing analysis at TEMP = -40.000000 and TNOM = 27.000000

Using SPARSE 1.3 as Direct Linear Solver

No. of Data Rows : 6
voa = -3.008862597e-04
ddc = -4.913618305e-07
dde = 6.9113893029e-07
Reset re-loads circuit * comparator-offset-mc @ fs_mismatch_-40c_1.20v -- generated by sim/harness, do not edit

Circuit: * comparator-offset-mc @ fs_mismatch_-40c_1.20v -- generated by sim/harness, do not edit

Doing analysis at TEMP = -40.000000 and TNOM = 27.000000

Using SPARSE 1.3 as Direct Linear Solver

No. of Data Rows : 6
voa = 1.6982412824e-03
ddc = 2.0078300876e-06
dde = -2.057014826e-06
Reset re-loads circuit * comparator-offset-mc @ fs_mismatch_-40c_1.20v -- generated by sim/harness, do not edit

Circuit: * comparator-offset-mc @ fs_mismatch_-40c_1.20v -- generated by sim/harness, do not edit

Doing analysis at TEMP = -40.000000 and TNOM = 27.000000

Using SPARSE 1.3 as Direct Linear Solver
 Reference value :  0.00000e+00
No. of Data Rows : 6
voa = 5.4524128860e-04
ddc = 1.8476605413e-06
dde = -2.251427916e-06
Reset re-loads circuit * comparator-offset-mc @ fs_mismatch_-40c_1.20v -- generated by sim/harness, do not edit

Circuit: * comparator-offset-mc @ fs_mismatch_-40c_1.20v -- generated by sim/harness, do not edit

Doing analysis at TEMP = -40.000000 and TNOM = 27.000000

Using SPARSE 1.3 as Direct Linear Solver

No. of Data Rows : 6
voa = -9.650158547e-04
ddc = -2.258151435e-06
dde = 2.6293897138e-06
Reset re-loads circuit * comparator-offset-mc @ fs_mismatch_-40c_1.20v -- generated by sim/harness, do not edit

Circuit: * comparator-offset-mc @ fs_mismatch_-40c_1.20v -- generated by sim/harness, do not edit

Doing analysis at TEMP = -40.000000 and TNOM = 27.000000

Using SPARSE 1.3 as Direct Linear Solver

No. of Data Rows : 6
voa = 9.1786087498e-04
ddc = -3.555899294e-07
dde = 2.7375653313e-07
Reset re-loads circuit * comparator-offset-mc @ fs_mismatch_-40c_1.20v -- generated by sim/harness, do not edit

Circuit: * comparator-offset-mc @ fs_mismatch_-40c_1.20v -- generated by sim/harness, do not edit

Doing analysis at TEMP = -40.000000 and TNOM = 27.000000

Using SPARSE 1.3 as Direct Linear Solver

No. of Data Rows : 6
voa = -8.419041407e-04
ddc = 1.2517294773e-07
dde = 4.9412428748e-08
Reset re-loads circuit * comparator-offset-mc @ fs_mismatch_-40c_1.20v -- generated by sim/harness, do not edit

Circuit: * comparator-offset-mc @ fs_mismatch_-40c_1.20v -- generated by sim/harness, do not edit

Doing analysis at TEMP = -40.000000 and TNOM = 27.000000

Using SPARSE 1.3 as Direct Linear Solver

No. of Data Rows : 6
voa = 2.5437867352e-04
ddc = 8.5411904572e-07
dde = -8.894343239e-07
Reset re-loads circuit * comparator-offset-mc @ fs_mismatch_-40c_1.20v -- generated by sim/harness, do not edit

Circuit: * comparator-offset-mc @ fs_mismatch_-40c_1.20v -- generated by sim/harness, do not edit

Doing analysis at TEMP = -40.000000 and TNOM = 27.000000

Using SPARSE 1.3 as Direct Linear Solver

No. of Data Rows : 6
voa = -3.560116437e-04
ddc = -3.603138900e-07
dde = 7.2122775576e-07
Reset re-loads circuit * comparator-offset-mc @ fs_mismatch_-40c_1.20v -- generated by sim/harness, do not edit

Circuit: * comparator-offset-mc @ fs_mismatch_-40c_1.20v -- generated by sim/harness, do not edit

Doing analysis at TEMP = -40.000000 and TNOM = 27.000000

Using SPARSE 1.3 as Direct Linear Solver

No. of Data Rows : 6
voa = -2.051870756e-04
ddc = 1.7510246028e-06
dde = -2.075955434e-06
Reset re-loads circuit * comparator-offset-mc @ fs_mismatch_-40c_1.20v -- generated by sim/harness, do not edit

Circuit: * comparator-offset-mc @ fs_mismatch_-40c_1.20v -- generated by sim/harness, do not edit

Doing analysis at TEMP = -40.000000 and TNOM = 27.000000

Using SPARSE 1.3 as Direct Linear Solver

No. of Data Rows : 6
voa = 6.5236773007e-04
ddc = -5.343881476e-07
dde = 4.9575621874e-07
Reset re-loads circuit * comparator-offset-mc @ fs_mismatch_-40c_1.20v -- generated by sim/harness, do not edit

Circuit: * comparator-offset-mc @ fs_mismatch_-40c_1.20v -- generated by sim/harness, do not edit

Doing analysis at TEMP = -40.000000 and TNOM = 27.000000

Using SPARSE 1.3 as Direct Linear Solver
 Reference value :  0.00000e+00
No. of Data Rows : 6
voa = -5.016579984e-04
ddc = 1.3415078634e-06
dde = -1.472202544e-06
Reset re-loads circuit * comparator-offset-mc @ fs_mismatch_-40c_1.20v -- generated by sim/harness, do not edit

Circuit: * comparator-offset-mc @ fs_mismatch_-40c_1.20v -- generated by sim/harness, do not edit

Doing analysis at TEMP = -40.000000 and TNOM = 27.000000

Using SPARSE 1.3 as Direct Linear Solver

No. of Data Rows : 6
voa = 1.7792538978e-03
ddc = 1.5185005349e-06
dde = -1.652912922e-06
Reset re-loads circuit * comparator-offset-mc @ fs_mismatch_-40c_1.20v -- generated by sim/harness, do not edit

Circuit: * comparator-offset-mc @ fs_mismatch_-40c_1.20v -- generated by sim/harness, do not edit

Doing analysis at TEMP = -40.000000 and TNOM = 27.000000

Using SPARSE 1.3 as Direct Linear Solver

No. of Data Rows : 6
voa = -2.052016099e-03
ddc = -1.710075779e-06
dde = 1.6605632497e-06
Reset re-loads circuit * comparator-offset-mc @ fs_mismatch_-40c_1.20v -- generated by sim/harness, do not edit

Circuit: * comparator-offset-mc @ fs_mismatch_-40c_1.20v -- generated by sim/harness, do not edit

Doing analysis at TEMP = -40.000000 and TNOM = 27.000000

Using SPARSE 1.3 as Direct Linear Solver

No. of Data Rows : 6
voa = -3.341611923e-03
ddc = 2.2991438170e-07
dde = -2.311223622e-07
Reset re-loads circuit * comparator-offset-mc @ fs_mismatch_-40c_1.20v -- generated by sim/harness, do not edit

Circuit: * comparator-offset-mc @ fs_mismatch_-40c_1.20v -- generated by sim/harness, do not edit

Doing analysis at TEMP = -40.000000 and TNOM = 27.000000

Using SPARSE 1.3 as Direct Linear Solver

No. of Data Rows : 6
voa = 1.9904954736e-03
ddc = 6.9270512219e-07
dde = -1.047339176e-06
Reset re-loads circuit * comparator-offset-mc @ fs_mismatch_-40c_1.20v -- generated by sim/harness, do not edit

Circuit: * comparator-offset-mc @ fs_mismatch_-40c_1.20v -- generated by sim/harness, do not edit

Doing analysis at TEMP = -40.000000 and TNOM = 27.000000

Using SPARSE 1.3 as Direct Linear Solver

No. of Data Rows : 6
voa = 1.4989324518e-03
ddc = -6.575472713e-07
dde = 8.1853993522e-07
Reset re-loads circuit * comparator-offset-mc @ fs_mismatch_-40c_1.20v -- generated by sim/harness, do not edit

Circuit: * comparator-offset-mc @ fs_mismatch_-40c_1.20v -- generated by sim/harness, do not edit

Doing analysis at TEMP = -40.000000 and TNOM = 27.000000

Using SPARSE 1.3 as Direct Linear Solver

No. of Data Rows : 6
voa = 1.4338434491e-03
ddc = 9.1640642643e-07
dde = -9.056438173e-07
Reset re-loads circuit * comparator-offset-mc @ fs_mismatch_-40c_1.20v -- generated by sim/harness, do not edit

Circuit: * comparator-offset-mc @ fs_mismatch_-40c_1.20v -- generated by sim/harness, do not edit

Doing analysis at TEMP = -40.000000 and TNOM = 27.000000

Using SPARSE 1.3 as Direct Linear Solver

No. of Data Rows : 6
voa = -2.865720151e-03
ddc = -4.598322527e-07
dde = 6.0240278169e-07
Reset re-loads circuit * comparator-offset-mc @ fs_mismatch_-40c_1.20v -- generated by sim/harness, do not edit

Circuit: * comparator-offset-mc @ fs_mismatch_-40c_1.20v -- generated by sim/harness, do not edit

Doing analysis at TEMP = -40.000000 and TNOM = 27.000000

Using SPARSE 1.3 as Direct Linear Solver
 Reference value :  0.00000e+00
No. of Data Rows : 6
voa = 6.8425377707e-04
ddc = -1.603117963e-07
dde = 5.3331383466e-08
Reset re-loads circuit * comparator-offset-mc @ fs_mismatch_-40c_1.20v -- generated by sim/harness, do not edit

Circuit: * comparator-offset-mc @ fs_mismatch_-40c_1.20v -- generated by sim/harness, do not edit

Doing analysis at TEMP = -40.000000 and TNOM = 27.000000

Using SPARSE 1.3 as Direct Linear Solver

No. of Data Rows : 6
voa = 2.8756161340e-04
ddc = -1.608200584e-06
dde = 1.7243836545e-06
Reset re-loads circuit * comparator-offset-mc @ fs_mismatch_-40c_1.20v -- generated by sim/harness, do not edit

Circuit: * comparator-offset-mc @ fs_mismatch_-40c_1.20v -- generated by sim/harness, do not edit

Doing analysis at TEMP = -40.000000 and TNOM = 27.000000

Using SPARSE 1.3 as Direct Linear Solver

No. of Data Rows : 6
voa = 1.8628207537e-03
ddc = -1.465734078e-06
dde = 1.6658875355e-06
Reset re-loads circuit * comparator-offset-mc @ fs_mismatch_-40c_1.20v -- generated by sim/harness, do not edit

Circuit: * comparator-offset-mc @ fs_mismatch_-40c_1.20v -- generated by sim/harness, do not edit

Doing analysis at TEMP = -40.000000 and TNOM = 27.000000

Using SPARSE 1.3 as Direct Linear Solver

No. of Data Rows : 6
voa = -2.523977905e-04
ddc = 1.5152815044e-06
dde = -1.608347009e-06
Reset re-loads circuit * comparator-offset-mc @ fs_mismatch_-40c_1.20v -- generated by sim/harness, do not edit

Circuit: * comparator-offset-mc @ fs_mismatch_-40c_1.20v -- generated by sim/harness, do not edit

Doing analysis at TEMP = -40.000000 and TNOM = 27.000000

Using SPARSE 1.3 as Direct Linear Solver

No. of Data Rows : 6
voa = 1.1653081461e-03
ddc = -3.685654063e-07
dde = 4.3100370126e-07
Reset re-loads circuit * comparator-offset-mc @ fs_mismatch_-40c_1.20v -- generated by sim/harness, do not edit

Circuit: * comparator-offset-mc @ fs_mismatch_-40c_1.20v -- generated by sim/harness, do not edit

Doing analysis at TEMP = -40.000000 and TNOM = 27.000000

Using SPARSE 1.3 as Direct Linear Solver

No. of Data Rows : 6
voa = -5.331931392e-04
ddc = -7.625668820e-07
dde = 8.4993404942e-07
Reset re-loads circuit * comparator-offset-mc @ fs_mismatch_-40c_1.20v -- generated by sim/harness, do not edit

Circuit: * comparator-offset-mc @ fs_mismatch_-40c_1.20v -- generated by sim/harness, do not edit

Doing analysis at TEMP = -40.000000 and TNOM = 27.000000

Using SPARSE 1.3 as Direct Linear Solver

No. of Data Rows : 6
voa = -3.582689086e-03
ddc = -9.829657526e-07
dde = 9.1258920949e-07
Reset re-loads circuit * comparator-offset-mc @ fs_mismatch_-40c_1.20v -- generated by sim/harness, do not edit

Circuit: * comparator-offset-mc @ fs_mismatch_-40c_1.20v -- generated by sim/harness, do not edit

Doing analysis at TEMP = -40.000000 and TNOM = 27.000000

Using SPARSE 1.3 as Direct Linear Solver

No. of Data Rows : 6
voa = -1.077412627e-03
ddc = -7.948974832e-07
dde = 8.9229311807e-07
Reset re-loads circuit * comparator-offset-mc @ fs_mismatch_-40c_1.20v -- generated by sim/harness, do not edit

Circuit: * comparator-offset-mc @ fs_mismatch_-40c_1.20v -- generated by sim/harness, do not edit

Doing analysis at TEMP = -40.000000 and TNOM = 27.000000

Using SPARSE 1.3 as Direct Linear Solver

No. of Data Rows : 6
voa = 1.1800558649e-03
ddc = 1.9309727427e-06
dde = -2.433791675e-06
Reset re-loads circuit * comparator-offset-mc @ fs_mismatch_-40c_1.20v -- generated by sim/harness, do not edit

Circuit: * comparator-offset-mc @ fs_mismatch_-40c_1.20v -- generated by sim/harness, do not edit

Doing analysis at TEMP = -40.000000 and TNOM = 27.000000

Using SPARSE 1.3 as Direct Linear Solver
 Reference value :  0.00000e+00
No. of Data Rows : 6
voa = -2.413403267e-03
ddc = 4.9435604009e-07
dde = -5.866530877e-07
Reset re-loads circuit * comparator-offset-mc @ fs_mismatch_-40c_1.20v -- generated by sim/harness, do not edit

Circuit: * comparator-offset-mc @ fs_mismatch_-40c_1.20v -- generated by sim/harness, do not edit

Doing analysis at TEMP = -40.000000 and TNOM = 27.000000

Using SPARSE 1.3 as Direct Linear Solver

No. of Data Rows : 6
voa = -4.664313250e-03
ddc = -1.797647671e-06
dde = 1.7856484405e-06
Reset re-loads circuit * comparator-offset-mc @ fs_mismatch_-40c_1.20v -- generated by sim/harness, do not edit

Circuit: * comparator-offset-mc @ fs_mismatch_-40c_1.20v -- generated by sim/harness, do not edit

Doing analysis at TEMP = -40.000000 and TNOM = 27.000000

Using SPARSE 1.3 as Direct Linear Solver

No. of Data Rows : 6
voa = 1.5517999666e-03
ddc = -4.373118985e-07
dde = 6.0541623896e-07
Reset re-loads circuit * comparator-offset-mc @ fs_mismatch_-40c_1.20v -- generated by sim/harness, do not edit

Circuit: * comparator-offset-mc @ fs_mismatch_-40c_1.20v -- generated by sim/harness, do not edit

Doing analysis at TEMP = -40.000000 and TNOM = 27.000000

Using SPARSE 1.3 as Direct Linear Solver

No. of Data Rows : 6
voa = 7.7418881038e-04
ddc = -4.748153231e-07
dde = 4.2614348754e-07
Reset re-loads circuit * comparator-offset-mc @ fs_mismatch_-40c_1.20v -- generated by sim/harness, do not edit

Circuit: * comparator-offset-mc @ fs_mismatch_-40c_1.20v -- generated by sim/harness, do not edit

Doing analysis at TEMP = -40.000000 and TNOM = 27.000000

Using SPARSE 1.3 as Direct Linear Solver

No. of Data Rows : 6
voa = 2.5092170829e-03
ddc = -5.038328520e-07
dde = 7.0890412229e-07
Reset re-loads circuit * comparator-offset-mc @ fs_mismatch_-40c_1.20v -- generated by sim/harness, do not edit

Circuit: * comparator-offset-mc @ fs_mismatch_-40c_1.20v -- generated by sim/harness, do not edit

Doing analysis at TEMP = -40.000000 and TNOM = 27.000000

Using SPARSE 1.3 as Direct Linear Solver

No. of Data Rows : 6
voa = -2.172263402e-03
ddc = -1.992866367e-07
dde = 1.8295503278e-07
Reset re-loads circuit * comparator-offset-mc @ fs_mismatch_-40c_1.20v -- generated by sim/harness, do not edit

Circuit: * comparator-offset-mc @ fs_mismatch_-40c_1.20v -- generated by sim/harness, do not edit

Doing analysis at TEMP = -40.000000 and TNOM = 27.000000

Using SPARSE 1.3 as Direct Linear Solver

No. of Data Rows : 6
voa = -4.267429334e-04
ddc = 2.4183730183e-06
dde = -2.816148635e-06
Reset re-loads circuit * comparator-offset-mc @ fs_mismatch_-40c_1.20v -- generated by sim/harness, do not edit

Circuit: * comparator-offset-mc @ fs_mismatch_-40c_1.20v -- generated by sim/harness, do not edit

Doing analysis at TEMP = -40.000000 and TNOM = 27.000000

Using SPARSE 1.3 as Direct Linear Solver

No. of Data Rows : 6
voa = 2.8685390350e-03
ddc = 1.8309812788e-06
dde = -2.054896511e-06
Reset re-loads circuit * comparator-offset-mc @ fs_mismatch_-40c_1.20v -- generated by sim/harness, do not edit

Circuit: * comparator-offset-mc @ fs_mismatch_-40c_1.20v -- generated by sim/harness, do not edit

Doing analysis at TEMP = -40.000000 and TNOM = 27.000000

Using SPARSE 1.3 as Direct Linear Solver
 Reference value :  0.00000e+00
No. of Data Rows : 6
voa = 1.6026549898e-03
ddc = 4.5908154780e-07
dde = -3.086030816e-07
Reset re-loads circuit * comparator-offset-mc @ fs_mismatch_-40c_1.20v -- generated by sim/harness, do not edit

Circuit: * comparator-offset-mc @ fs_mismatch_-40c_1.20v -- generated by sim/harness, do not edit

Doing analysis at TEMP = -40.000000 and TNOM = 27.000000

Using SPARSE 1.3 as Direct Linear Solver

No. of Data Rows : 6
voa = -1.970611060e-03
ddc = -1.675656845e-06
dde = 1.6268020581e-06
Reset re-loads circuit * comparator-offset-mc @ fs_mismatch_-40c_1.20v -- generated by sim/harness, do not edit

Circuit: * comparator-offset-mc @ fs_mismatch_-40c_1.20v -- generated by sim/harness, do not edit

Doing analysis at TEMP = -40.000000 and TNOM = 27.000000

Using SPARSE 1.3 as Direct Linear Solver

No. of Data Rows : 6
voa = -4.027044464e-03
ddc = -2.781954379e-06
dde = 2.9958725519e-06
Reset re-loads circuit * comparator-offset-mc @ fs_mismatch_-40c_1.20v -- generated by sim/harness, do not edit

Circuit: * comparator-offset-mc @ fs_mismatch_-40c_1.20v -- generated by sim/harness, do not edit

Doing analysis at TEMP = -40.000000 and TNOM = 27.000000

Using SPARSE 1.3 as Direct Linear Solver

No. of Data Rows : 6
voa = -1.539917992e-04
ddc = -1.058576480e-06
dde = 1.0830619921e-06
Reset re-loads circuit * comparator-offset-mc @ fs_mismatch_-40c_1.20v -- generated by sim/harness, do not edit

Circuit: * comparator-offset-mc @ fs_mismatch_-40c_1.20v -- generated by sim/harness, do not edit

Doing analysis at TEMP = -40.000000 and TNOM = 27.000000

Using SPARSE 1.3 as Direct Linear Solver

No. of Data Rows : 6
voa = 9.3719135403e-04
ddc = -9.352852975e-09
dde = 1.3463771468e-07
Reset re-loads circuit * comparator-offset-mc @ fs_mismatch_-40c_1.20v -- generated by sim/harness, do not edit

Circuit: * comparator-offset-mc @ fs_mismatch_-40c_1.20v -- generated by sim/harness, do not edit

Doing analysis at TEMP = -40.000000 and TNOM = 27.000000

Using SPARSE 1.3 as Direct Linear Solver

No. of Data Rows : 6
voa = -1.320874980e-03
ddc = 2.3509430516e-06
dde = -2.570764669e-06
Reset re-loads circuit * comparator-offset-mc @ fs_mismatch_-40c_1.20v -- generated by sim/harness, do not edit

Circuit: * comparator-offset-mc @ fs_mismatch_-40c_1.20v -- generated by sim/harness, do not edit

Doing analysis at TEMP = -40.000000 and TNOM = 27.000000

Using SPARSE 1.3 as Direct Linear Solver

No. of Data Rows : 6
voa = -1.790863465e-03
ddc = 3.7886938973e-07
dde = -4.013150919e-07
Reset re-loads circuit * comparator-offset-mc @ fs_mismatch_-40c_1.20v -- generated by sim/harness, do not edit

Circuit: * comparator-offset-mc @ fs_mismatch_-40c_1.20v -- generated by sim/harness, do not edit

Doing analysis at TEMP = -40.000000 and TNOM = 27.000000

Using SPARSE 1.3 as Direct Linear Solver

No. of Data Rows : 6
voa = -5.805743666e-04
ddc = 1.8519381622e-06
dde = -2.490978366e-06
Reset re-loads circuit * comparator-offset-mc @ fs_mismatch_-40c_1.20v -- generated by sim/harness, do not edit

Circuit: * comparator-offset-mc @ fs_mismatch_-40c_1.20v -- generated by sim/harness, do not edit

Doing analysis at TEMP = -40.000000 and TNOM = 27.000000

Using SPARSE 1.3 as Direct Linear Solver
 Reference value :  0.00000e+00
No. of Data Rows : 6
voa = -1.195551264e-03
ddc = -1.075377876e-07
dde = 4.5064344019e-08
Reset re-loads circuit * comparator-offset-mc @ fs_mismatch_-40c_1.20v -- generated by sim/harness, do not edit

Circuit: * comparator-offset-mc @ fs_mismatch_-40c_1.20v -- generated by sim/harness, do not edit

Doing analysis at TEMP = -40.000000 and TNOM = 27.000000

Using SPARSE 1.3 as Direct Linear Solver

No. of Data Rows : 6
voa = -8.068883845e-04
ddc = -1.239870581e-06
dde = 1.5071594068e-06
Reset re-loads circuit * comparator-offset-mc @ fs_mismatch_-40c_1.20v -- generated by sim/harness, do not edit

Circuit: * comparator-offset-mc @ fs_mismatch_-40c_1.20v -- generated by sim/harness, do not edit

Doing analysis at TEMP = -40.000000 and TNOM = 27.000000

Using SPARSE 1.3 as Direct Linear Solver

No. of Data Rows : 6
voa = 1.9010389315e-03
ddc = 1.8789056016e-07
dde = -3.408504345e-07
Reset re-loads circuit * comparator-offset-mc @ fs_mismatch_-40c_1.20v -- generated by sim/harness, do not edit

Circuit: * comparator-offset-mc @ fs_mismatch_-40c_1.20v -- generated by sim/harness, do not edit

Doing analysis at TEMP = -40.000000 and TNOM = 27.000000

Using SPARSE 1.3 as Direct Linear Solver

No. of Data Rows : 6
voa = 2.9272693854e-03
ddc = -7.173917340e-07
dde = 8.2241338109e-07
Reset re-loads circuit * comparator-offset-mc @ fs_mismatch_-40c_1.20v -- generated by sim/harness, do not edit

Circuit: * comparator-offset-mc @ fs_mismatch_-40c_1.20v -- generated by sim/harness, do not edit

Doing analysis at TEMP = -40.000000 and TNOM = 27.000000

Using SPARSE 1.3 as Direct Linear Solver

No. of Data Rows : 6
voa = 1.6957505477e-04
ddc = 2.9103855992e-06
dde = -2.977291102e-06
Reset re-loads circuit * comparator-offset-mc @ fs_mismatch_-40c_1.20v -- generated by sim/harness, do not edit

Circuit: * comparator-offset-mc @ fs_mismatch_-40c_1.20v -- generated by sim/harness, do not edit

Doing analysis at TEMP = -40.000000 and TNOM = 27.000000

Using SPARSE 1.3 as Direct Linear Solver

No. of Data Rows : 6
voa = 3.6572278865e-03
ddc = -4.838983099e-07
dde = 7.6550582575e-07
Reset re-loads circuit * comparator-offset-mc @ fs_mismatch_-40c_1.20v -- generated by sim/harness, do not edit

Circuit: * comparator-offset-mc @ fs_mismatch_-40c_1.20v -- generated by sim/harness, do not edit

Doing analysis at TEMP = -40.000000 and TNOM = 27.000000

Using SPARSE 1.3 as Direct Linear Solver

No. of Data Rows : 6
voa = -3.058616929e-04
ddc = -1.007568433e-06
dde = 1.1323415680e-06
Reset re-loads circuit * comparator-offset-mc @ fs_mismatch_-40c_1.20v -- generated by sim/harness, do not edit

Circuit: * comparator-offset-mc @ fs_mismatch_-40c_1.20v -- generated by sim/harness, do not edit

Doing analysis at TEMP = -40.000000 and TNOM = 27.000000

Using SPARSE 1.3 as Direct Linear Solver

No. of Data Rows : 6
voa = 2.9911155656e-03
ddc = 8.8478608107e-07
dde = -1.080400417e-06
Reset re-loads circuit * comparator-offset-mc @ fs_mismatch_-40c_1.20v -- generated by sim/harness, do not edit

Circuit: * comparator-offset-mc @ fs_mismatch_-40c_1.20v -- generated by sim/harness, do not edit

Doing analysis at TEMP = -40.000000 and TNOM = 27.000000

Using SPARSE 1.3 as Direct Linear Solver
 Reference value :  0.00000e+00
No. of Data Rows : 6
voa = -1.124308826e-03
ddc = -1.163806998e-06
dde = 1.3572871503e-06
Reset re-loads circuit * comparator-offset-mc @ fs_mismatch_-40c_1.20v -- generated by sim/harness, do not edit

Circuit: * comparator-offset-mc @ fs_mismatch_-40c_1.20v -- generated by sim/harness, do not edit

Doing analysis at TEMP = -40.000000 and TNOM = 27.000000

Using SPARSE 1.3 as Direct Linear Solver

No. of Data Rows : 6
voa = 2.2576237475e-03
ddc = -5.052653150e-07
dde = 4.5446026855e-07
Reset re-loads circuit * comparator-offset-mc @ fs_mismatch_-40c_1.20v -- generated by sim/harness, do not edit

Circuit: * comparator-offset-mc @ fs_mismatch_-40c_1.20v -- generated by sim/harness, do not edit

Doing analysis at TEMP = -40.000000 and TNOM = 27.000000

Using SPARSE 1.3 as Direct Linear Solver

No. of Data Rows : 6
voa = -7.536991782e-04
ddc = 1.1807607355e-06
dde = -1.291396638e-06
Reset re-loads circuit * comparator-offset-mc @ fs_mismatch_-40c_1.20v -- generated by sim/harness, do not edit

Circuit: * comparator-offset-mc @ fs_mismatch_-40c_1.20v -- generated by sim/harness, do not edit

Doing analysis at TEMP = -40.000000 and TNOM = 27.000000

Using SPARSE 1.3 as Direct Linear Solver

No. of Data Rows : 6
voa = -1.099729043e-03
ddc = 4.9669174450e-08
dde = -3.000889105e-08
Reset re-loads circuit * comparator-offset-mc @ fs_mismatch_-40c_1.20v -- generated by sim/harness, do not edit

Circuit: * comparator-offset-mc @ fs_mismatch_-40c_1.20v -- generated by sim/harness, do not edit

Doing analysis at TEMP = -40.000000 and TNOM = 27.000000

Using SPARSE 1.3 as Direct Linear Solver

No. of Data Rows : 6
voa = 6.9377484407e-04
ddc = 4.9289127314e-07
dde = -5.543253999e-07
Reset re-loads circuit * comparator-offset-mc @ fs_mismatch_-40c_1.20v -- generated by sim/harness, do not edit

Circuit: * comparator-offset-mc @ fs_mismatch_-40c_1.20v -- generated by sim/harness, do not edit

Doing analysis at TEMP = -40.000000 and TNOM = 27.000000

Using SPARSE 1.3 as Direct Linear Solver

No. of Data Rows : 6
voa = -1.652130799e-03
ddc = -1.279540550e-06
dde = 1.5145910835e-06
Reset re-loads circuit * comparator-offset-mc @ fs_mismatch_-40c_1.20v -- generated by sim/harness, do not edit

Circuit: * comparator-offset-mc @ fs_mismatch_-40c_1.20v -- generated by sim/harness, do not edit

Doing analysis at TEMP = -40.000000 and TNOM = 27.000000

Using SPARSE 1.3 as Direct Linear Solver

No. of Data Rows : 6
voa = 1.9430083941e-03
ddc = -2.291539410e-06
dde = 2.6527230532e-06
Reset re-loads circuit * comparator-offset-mc @ fs_mismatch_-40c_1.20v -- generated by sim/harness, do not edit

Circuit: * comparator-offset-mc @ fs_mismatch_-40c_1.20v -- generated by sim/harness, do not edit

Doing analysis at TEMP = -40.000000 and TNOM = 27.000000

Using SPARSE 1.3 as Direct Linear Solver

No. of Data Rows : 6
voa = -3.765636919e-03
ddc = -1.800631011e-06
dde = 1.5977286769e-06
Reset re-loads circuit * comparator-offset-mc @ fs_mismatch_-40c_1.20v -- generated by sim/harness, do not edit

Circuit: * comparator-offset-mc @ fs_mismatch_-40c_1.20v -- generated by sim/harness, do not edit

Doing analysis at TEMP = -40.000000 and TNOM = 27.000000

Using SPARSE 1.3 as Direct Linear Solver
 Reference value :  0.00000e+00
No. of Data Rows : 6
voa = -1.773194970e-03
ddc = -2.778889838e-07
dde = 6.7761983930e-08
Reset re-loads circuit * comparator-offset-mc @ fs_mismatch_-40c_1.20v -- generated by sim/harness, do not edit

Circuit: * comparator-offset-mc @ fs_mismatch_-40c_1.20v -- generated by sim/harness, do not edit

Doing analysis at TEMP = -40.000000 and TNOM = 27.000000

Using SPARSE 1.3 as Direct Linear Solver

No. of Data Rows : 6
voa = -2.508215265e-03
ddc = 1.5232673047e-06
dde = -1.630680458e-06
Reset re-loads circuit * comparator-offset-mc @ fs_mismatch_-40c_1.20v -- generated by sim/harness, do not edit

Circuit: * comparator-offset-mc @ fs_mismatch_-40c_1.20v -- generated by sim/harness, do not edit

Doing analysis at TEMP = -40.000000 and TNOM = 27.000000

Using SPARSE 1.3 as Direct Linear Solver

No. of Data Rows : 6
voa = 1.6567285242e-03
ddc = 4.9461442385e-07
dde = -3.348121436e-07
Reset re-loads circuit * comparator-offset-mc @ fs_mismatch_-40c_1.20v -- generated by sim/harness, do not edit

Circuit: * comparator-offset-mc @ fs_mismatch_-40c_1.20v -- generated by sim/harness, do not edit

Doing analysis at TEMP = -40.000000 and TNOM = 27.000000

Using SPARSE 1.3 as Direct Linear Solver

No. of Data Rows : 6
voa = 1.8434710163e-03
ddc = 6.1983164696e-08
dde = -3.799918346e-08
Reset re-loads circuit * comparator-offset-mc @ fs_mismatch_-40c_1.20v -- generated by sim/harness, do not edit

Circuit: * comparator-offset-mc @ fs_mismatch_-40c_1.20v -- generated by sim/harness, do not edit

Doing analysis at TEMP = -40.000000 and TNOM = 27.000000

Using SPARSE 1.3 as Direct Linear Solver

No. of Data Rows : 6
voa = 2.7478972955e-03
ddc = -1.732388204e-06
dde = 2.0587266287e-06
Reset re-loads circuit * comparator-offset-mc @ fs_mismatch_-40c_1.20v -- generated by sim/harness, do not edit

Circuit: * comparator-offset-mc @ fs_mismatch_-40c_1.20v -- generated by sim/harness, do not edit

Doing analysis at TEMP = -40.000000 and TNOM = 27.000000

Using SPARSE 1.3 as Direct Linear Solver

No. of Data Rows : 6
voa = -3.780121740e-03
ddc = -1.050515750e-07
dde = -1.191463513e-07
Reset re-loads circuit * comparator-offset-mc @ fs_mismatch_-40c_1.20v -- generated by sim/harness, do not edit

Circuit: * comparator-offset-mc @ fs_mismatch_-40c_1.20v -- generated by sim/harness, do not edit

Doing analysis at TEMP = -40.000000 and TNOM = 27.000000

Using SPARSE 1.3 as Direct Linear Solver

No. of Data Rows : 6
voa = -1.148017535e-03
ddc = 1.3808888514e-06
dde = -1.367030622e-06
Reset re-loads circuit * comparator-offset-mc @ fs_mismatch_-40c_1.20v -- generated by sim/harness, do not edit

Circuit: * comparator-offset-mc @ fs_mismatch_-40c_1.20v -- generated by sim/harness, do not edit

Doing analysis at TEMP = -40.000000 and TNOM = 27.000000

Using SPARSE 1.3 as Direct Linear Solver

No. of Data Rows : 6
voa = -1.533086557e-03
ddc = 4.4222967831e-07
dde = -5.764632169e-07
Reset re-loads circuit * comparator-offset-mc @ fs_mismatch_-40c_1.20v -- generated by sim/harness, do not edit

Circuit: * comparator-offset-mc @ fs_mismatch_-40c_1.20v -- generated by sim/harness, do not edit

Doing analysis at TEMP = -40.000000 and TNOM = 27.000000

Using SPARSE 1.3 as Direct Linear Solver
 Reference value :  0.00000e+00
No. of Data Rows : 6
voa = 3.2107875843e-03
ddc = 1.8161099187e-06
dde = -1.823597030e-06
Reset re-loads circuit * comparator-offset-mc @ fs_mismatch_-40c_1.20v -- generated by sim/harness, do not edit

Circuit: * comparator-offset-mc @ fs_mismatch_-40c_1.20v -- generated by sim/harness, do not edit

Doing analysis at TEMP = -40.000000 and TNOM = 27.000000

Using SPARSE 1.3 as Direct Linear Solver

No. of Data Rows : 6
voa = 3.0479268360e-03
ddc = -5.018128759e-07
dde = 5.7561434790e-07
Reset re-loads circuit * comparator-offset-mc @ fs_mismatch_-40c_1.20v -- generated by sim/harness, do not edit

Circuit: * comparator-offset-mc @ fs_mismatch_-40c_1.20v -- generated by sim/harness, do not edit

Doing analysis at TEMP = -40.000000 and TNOM = 27.000000

Using SPARSE 1.3 as Direct Linear Solver

No. of Data Rows : 6
voa = 2.8084037441e-03
ddc = 1.2440276131e-06
dde = -1.390061784e-06
Reset re-loads circuit * comparator-offset-mc @ fs_mismatch_-40c_1.20v -- generated by sim/harness, do not edit

Circuit: * comparator-offset-mc @ fs_mismatch_-40c_1.20v -- generated by sim/harness, do not edit

Doing analysis at TEMP = -40.000000 and TNOM = 27.000000

Using SPARSE 1.3 as Direct Linear Solver

No. of Data Rows : 6
voa = -1.122046102e-03
ddc = 2.9564230600e-08
dde = -1.109908606e-07
Reset re-loads circuit * comparator-offset-mc @ fs_mismatch_-40c_1.20v -- generated by sim/harness, do not edit

Circuit: * comparator-offset-mc @ fs_mismatch_-40c_1.20v -- generated by sim/harness, do not edit

Doing analysis at TEMP = -40.000000 and TNOM = 27.000000

Using SPARSE 1.3 as Direct Linear Solver

No. of Data Rows : 6
voa = 1.8009377688e-04
ddc = -1.899948253e-06
dde = 2.3887339052e-06
Reset re-loads circuit * comparator-offset-mc @ fs_mismatch_-40c_1.20v -- generated by sim/harness, do not edit

Circuit: * comparator-offset-mc @ fs_mismatch_-40c_1.20v -- generated by sim/harness, do not edit

Doing analysis at TEMP = -40.000000 and TNOM = 27.000000

Using SPARSE 1.3 as Direct Linear Solver

No. of Data Rows : 6
voa = 1.4043226859e-03
ddc = 8.2710304370e-07
dde = -1.007506972e-06
Reset re-loads circuit * comparator-offset-mc @ fs_mismatch_-40c_1.20v -- generated by sim/harness, do not edit

Circuit: * comparator-offset-mc @ fs_mismatch_-40c_1.20v -- generated by sim/harness, do not edit

Doing analysis at TEMP = -40.000000 and TNOM = 27.000000

Using SPARSE 1.3 as Direct Linear Solver

No. of Data Rows : 6
voa = 1.9414753012e-03
ddc = -8.374026999e-07
dde = 1.0009280662e-06
Reset re-loads circuit * comparator-offset-mc @ fs_mismatch_-40c_1.20v -- generated by sim/harness, do not edit

Circuit: * comparator-offset-mc @ fs_mismatch_-40c_1.20v -- generated by sim/harness, do not edit

Doing analysis at TEMP = -40.000000 and TNOM = 27.000000

Using SPARSE 1.3 as Direct Linear Solver

No. of Data Rows : 6
voa = -2.980468465e-04
ddc = 1.2898137525e-06
dde = -1.586191406e-06
Reset re-loads circuit * comparator-offset-mc @ fs_mismatch_-40c_1.20v -- generated by sim/harness, do not edit

Circuit: * comparator-offset-mc @ fs_mismatch_-40c_1.20v -- generated by sim/harness, do not edit

Doing analysis at TEMP = -40.000000 and TNOM = 27.000000

Using SPARSE 1.3 as Direct Linear Solver
 Reference value :  0.00000e+00
No. of Data Rows : 6
voa = -2.386990133e-03
ddc = 1.1319047583e-08
dde = -7.579306079e-08
Reset re-loads circuit * comparator-offset-mc @ fs_mismatch_-40c_1.20v -- generated by sim/harness, do not edit

Circuit: * comparator-offset-mc @ fs_mismatch_-40c_1.20v -- generated by sim/harness, do not edit

Doing analysis at TEMP = -40.000000 and TNOM = 27.000000

Using SPARSE 1.3 as Direct Linear Solver

No. of Data Rows : 6
voa = 1.5902531571e-03
ddc = 2.5021676093e-07
dde = -2.053409108e-07
Reset re-loads circuit * comparator-offset-mc @ fs_mismatch_-40c_1.20v -- generated by sim/harness, do not edit

Circuit: * comparator-offset-mc @ fs_mismatch_-40c_1.20v -- generated by sim/harness, do not edit

Doing analysis at TEMP = -40.000000 and TNOM = 27.000000

Using SPARSE 1.3 as Direct Linear Solver

No. of Data Rows : 6
voa = -3.127165777e-04
ddc = 4.2175802935e-07
dde = -4.403856126e-07
Reset re-loads circuit * comparator-offset-mc @ fs_mismatch_-40c_1.20v -- generated by sim/harness, do not edit

Circuit: * comparator-offset-mc @ fs_mismatch_-40c_1.20v -- generated by sim/harness, do not edit

Doing analysis at TEMP = -40.000000 and TNOM = 27.000000

Using SPARSE 1.3 as Direct Linear Solver

No. of Data Rows : 6
voa = 1.5159401722e-03
ddc = 1.3075315648e-07
dde = -3.424379007e-07
Reset re-loads circuit * comparator-offset-mc @ fs_mismatch_-40c_1.20v -- generated by sim/harness, do not edit

Circuit: * comparator-offset-mc @ fs_mismatch_-40c_1.20v -- generated by sim/harness, do not edit

Doing analysis at TEMP = -40.000000 and TNOM = 27.000000

Using SPARSE 1.3 as Direct Linear Solver

No. of Data Rows : 6
voa = -1.991767898e-03
ddc = -8.427990543e-07
dde = 1.2395908229e-06
Reset re-loads circuit * comparator-offset-mc @ fs_mismatch_-40c_1.20v -- generated by sim/harness, do not edit

Circuit: * comparator-offset-mc @ fs_mismatch_-40c_1.20v -- generated by sim/harness, do not edit

Doing analysis at TEMP = -40.000000 and TNOM = 27.000000

Using SPARSE 1.3 as Direct Linear Solver

No. of Data Rows : 6
voa = -1.381214964e-03
ddc = 8.8782822652e-07
dde = -1.305297277e-06
Reset re-loads circuit * comparator-offset-mc @ fs_mismatch_-40c_1.20v -- generated by sim/harness, do not edit

Circuit: * comparator-offset-mc @ fs_mismatch_-40c_1.20v -- generated by sim/harness, do not edit

Doing analysis at TEMP = -40.000000 and TNOM = 27.000000

Using SPARSE 1.3 as Direct Linear Solver

No. of Data Rows : 6
voa = 2.4046299920e-04
ddc = 3.3689672820e-07
dde = -3.793025358e-07
Reset re-loads circuit * comparator-offset-mc @ fs_mismatch_-40c_1.20v -- generated by sim/harness, do not edit

Circuit: * comparator-offset-mc @ fs_mismatch_-40c_1.20v -- generated by sim/harness, do not edit

Doing analysis at TEMP = -40.000000 and TNOM = 27.000000

Using SPARSE 1.3 as Direct Linear Solver

No. of Data Rows : 6
voa = 4.6750243188e-03
ddc = -8.220239372e-07
dde = 1.0996813560e-06
Reset re-loads circuit * comparator-offset-mc @ fs_mismatch_-40c_1.20v -- generated by sim/harness, do not edit

Circuit: * comparator-offset-mc @ fs_mismatch_-40c_1.20v -- generated by sim/harness, do not edit

Doing analysis at TEMP = -40.000000 and TNOM = 27.000000

Using SPARSE 1.3 as Direct Linear Solver
 Reference value :  0.00000e+00
No. of Data Rows : 6
voa = 2.8796342693e-03
ddc = -1.086787783e-06
dde = 1.1736198145e-06
Reset re-loads circuit * comparator-offset-mc @ fs_mismatch_-40c_1.20v -- generated by sim/harness, do not edit

Circuit: * comparator-offset-mc @ fs_mismatch_-40c_1.20v -- generated by sim/harness, do not edit

Doing analysis at TEMP = -40.000000 and TNOM = 27.000000

Using SPARSE 1.3 as Direct Linear Solver

No. of Data Rows : 6
voa = 2.5685106050e-03
ddc = -1.501241487e-06
dde = 1.7050063653e-06
Reset re-loads circuit * comparator-offset-mc @ fs_mismatch_-40c_1.20v -- generated by sim/harness, do not edit

Circuit: * comparator-offset-mc @ fs_mismatch_-40c_1.20v -- generated by sim/harness, do not edit

Doing analysis at TEMP = -40.000000 and TNOM = 27.000000

Using SPARSE 1.3 as Direct Linear Solver

No. of Data Rows : 6
voa = 1.7882418397e-03
ddc = 1.6806584467e-06
dde = -2.078265156e-06
Reset re-loads circuit * comparator-offset-mc @ fs_mismatch_-40c_1.20v -- generated by sim/harness, do not edit

Circuit: * comparator-offset-mc @ fs_mismatch_-40c_1.20v -- generated by sim/harness, do not edit

Doing analysis at TEMP = -40.000000 and TNOM = 27.000000

Using SPARSE 1.3 as Direct Linear Solver

No. of Data Rows : 6
voa = -5.981029963e-04
ddc = -4.306371873e-08
dde = 8.9147585476e-08
Reset re-loads circuit * comparator-offset-mc @ fs_mismatch_-40c_1.20v -- generated by sim/harness, do not edit

Circuit: * comparator-offset-mc @ fs_mismatch_-40c_1.20v -- generated by sim/harness, do not edit

Doing analysis at TEMP = -40.000000 and TNOM = 27.000000

Using SPARSE 1.3 as Direct Linear Solver

No. of Data Rows : 6
voa = 2.8335641624e-03
ddc = 9.8298000790e-07
dde = -8.974761670e-07
Reset re-loads circuit * comparator-offset-mc @ fs_mismatch_-40c_1.20v -- generated by sim/harness, do not edit

Circuit: * comparator-offset-mc @ fs_mismatch_-40c_1.20v -- generated by sim/harness, do not edit

Doing analysis at TEMP = -40.000000 and TNOM = 27.000000

Using SPARSE 1.3 as Direct Linear Solver

No. of Data Rows : 6
voa = -1.872915586e-04
ddc = -3.023332649e-07
dde = 4.6536888092e-07
Reset re-loads circuit * comparator-offset-mc @ fs_mismatch_-40c_1.20v -- generated by sim/harness, do not edit

Circuit: * comparator-offset-mc @ fs_mismatch_-40c_1.20v -- generated by sim/harness, do not edit

Doing analysis at TEMP = -40.000000 and TNOM = 27.000000

Using SPARSE 1.3 as Direct Linear Solver

No. of Data Rows : 6
voa = -2.216177758e-03
ddc = -7.188212139e-07
dde = 1.0752145014e-06
Reset re-loads circuit * comparator-offset-mc @ fs_mismatch_-40c_1.20v -- generated by sim/harness, do not edit

Circuit: * comparator-offset-mc @ fs_mismatch_-40c_1.20v -- generated by sim/harness, do not edit

Doing analysis at TEMP = -40.000000 and TNOM = 27.000000

Using SPARSE 1.3 as Direct Linear Solver
 Reference value :  0.00000e+00
No. of Data Rows : 6
voa = -2.163096880e-03
ddc = 4.5969647539e-07
dde = -4.390086957e-07
Reset re-loads circuit * comparator-offset-mc @ fs_mismatch_-40c_1.20v -- generated by sim/harness, do not edit

Circuit: * comparator-offset-mc @ fs_mismatch_-40c_1.20v -- generated by sim/harness, do not edit

Doing analysis at TEMP = -40.000000 and TNOM = 27.000000

Using SPARSE 1.3 as Direct Linear Solver

No. of Data Rows : 6
voa = -1.373002660e-03
ddc = 6.3272129939e-07
dde = -8.525607454e-07
Reset re-loads circuit * comparator-offset-mc @ fs_mismatch_-40c_1.20v -- generated by sim/harness, do not edit

Circuit: * comparator-offset-mc @ fs_mismatch_-40c_1.20v -- generated by sim/harness, do not edit

Doing analysis at TEMP = -40.000000 and TNOM = 27.000000

Using SPARSE 1.3 as Direct Linear Solver

No. of Data Rows : 6
voa = -1.757323826e-03
ddc = -3.153115481e-07
dde = 2.8203376234e-07
Reset re-loads circuit * comparator-offset-mc @ fs_mismatch_-40c_1.20v -- generated by sim/harness, do not edit

Circuit: * comparator-offset-mc @ fs_mismatch_-40c_1.20v -- generated by sim/harness, do not edit

Doing analysis at TEMP = -40.000000 and TNOM = 27.000000

Using SPARSE 1.3 as Direct Linear Solver

No. of Data Rows : 6
voa = -8.217486416e-04
ddc = -4.598320248e-07
dde = 4.6499207143e-07
Reset re-loads circuit * comparator-offset-mc @ fs_mismatch_-40c_1.20v -- generated by sim/harness, do not edit

Circuit: * comparator-offset-mc @ fs_mismatch_-40c_1.20v -- generated by sim/harness, do not edit

Doing analysis at TEMP = -40.000000 and TNOM = 27.000000

Using SPARSE 1.3 as Direct Linear Solver

No. of Data Rows : 6
voa = -2.641607286e-03
ddc = -7.480694382e-07
dde = 7.7070747217e-07
Reset re-loads circuit * comparator-offset-mc @ fs_mismatch_-40c_1.20v -- generated by sim/harness, do not edit

Circuit: * comparator-offset-mc @ fs_mismatch_-40c_1.20v -- generated by sim/harness, do not edit

Doing analysis at TEMP = -40.000000 and TNOM = 27.000000

Using SPARSE 1.3 as Direct Linear Solver

No. of Data Rows : 6
voa = 1.4468088650e-03
ddc = -1.647687310e-06
dde = 1.7063045541e-06
Reset re-loads circuit * comparator-offset-mc @ fs_mismatch_-40c_1.20v -- generated by sim/harness, do not edit

Circuit: * comparator-offset-mc @ fs_mismatch_-40c_1.20v -- generated by sim/harness, do not edit

Doing analysis at TEMP = -40.000000 and TNOM = 27.000000

Using SPARSE 1.3 as Direct Linear Solver

No. of Data Rows : 6
voa = 2.0470916941e-03
ddc = 5.6472045176e-07
dde = -6.145187498e-07
Reset re-loads circuit * comparator-offset-mc @ fs_mismatch_-40c_1.20v -- generated by sim/harness, do not edit

Circuit: * comparator-offset-mc @ fs_mismatch_-40c_1.20v -- generated by sim/harness, do not edit

Doing analysis at TEMP = -40.000000 and TNOM = 27.000000

Using SPARSE 1.3 as Direct Linear Solver
 Reference value :  0.00000e+00
No. of Data Rows : 6
voa = -1.748195569e-03
ddc = 7.3709434236e-07
dde = -7.329666007e-07
Reset re-loads circuit * comparator-offset-mc @ fs_mismatch_-40c_1.20v -- generated by sim/harness, do not edit

Circuit: * comparator-offset-mc @ fs_mismatch_-40c_1.20v -- generated by sim/harness, do not edit

Doing analysis at TEMP = -40.000000 and TNOM = 27.000000

Using SPARSE 1.3 as Direct Linear Solver

No. of Data Rows : 6
voa = 5.1522840802e-03
ddc = 2.0981362969e-07
dde = -2.845883822e-07
Reset re-loads circuit * comparator-offset-mc @ fs_mismatch_-40c_1.20v -- generated by sim/harness, do not edit

Circuit: * comparator-offset-mc @ fs_mismatch_-40c_1.20v -- generated by sim/harness, do not edit

Doing analysis at TEMP = -40.000000 and TNOM = 27.000000

Using SPARSE 1.3 as Direct Linear Solver

No. of Data Rows : 6
voa = -9.953920285e-05
ddc = 2.9906077234e-07
dde = -6.509242853e-07
Reset re-loads circuit * comparator-offset-mc @ fs_mismatch_-40c_1.20v -- generated by sim/harness, do not edit

Circuit: * comparator-offset-mc @ fs_mismatch_-40c_1.20v -- generated by sim/harness, do not edit

Doing analysis at TEMP = -40.000000 and TNOM = 27.000000

Using SPARSE 1.3 as Direct Linear Solver

No. of Data Rows : 6
voa = 3.0497389057e-03
ddc = 1.1916784399e-06
dde = -1.379890825e-06
Reset re-loads circuit * comparator-offset-mc @ fs_mismatch_-40c_1.20v -- generated by sim/harness, do not edit

Circuit: * comparator-offset-mc @ fs_mismatch_-40c_1.20v -- generated by sim/harness, do not edit

Doing analysis at TEMP = -40.000000 and TNOM = 27.000000

Using SPARSE 1.3 as Direct Linear Solver

No. of Data Rows : 6
voa = -1.399433858e-03
ddc = 1.3948137055e-06
dde = -1.397314620e-06
Reset re-loads circuit * comparator-offset-mc @ fs_mismatch_-40c_1.20v -- generated by sim/harness, do not edit

Circuit: * comparator-offset-mc @ fs_mismatch_-40c_1.20v -- generated by sim/harness, do not edit

Doing analysis at TEMP = -40.000000 and TNOM = 27.000000

Using SPARSE 1.3 as Direct Linear Solver

No. of Data Rows : 6
voa = -8.106056095e-04
ddc = -1.227350822e-06
dde = 1.0327321303e-06
Reset re-loads circuit * comparator-offset-mc @ fs_mismatch_-40c_1.20v -- generated by sim/harness, do not edit

Circuit: * comparator-offset-mc @ fs_mismatch_-40c_1.20v -- generated by sim/harness, do not edit

Doing analysis at TEMP = -40.000000 and TNOM = 27.000000

Using SPARSE 1.3 as Direct Linear Solver

No. of Data Rows : 6
voa = -9.163016460e-04
ddc = 1.1208807632e-06
dde = -1.062917343e-06
Reset re-loads circuit * comparator-offset-mc @ fs_mismatch_-40c_1.20v -- generated by sim/harness, do not edit

Circuit: * comparator-offset-mc @ fs_mismatch_-40c_1.20v -- generated by sim/harness, do not edit

Doing analysis at TEMP = -40.000000 and TNOM = 27.000000

Using SPARSE 1.3 as Direct Linear Solver
 Reference value :  0.00000e+00
No. of Data Rows : 6
voa = 9.8729012779e-04
ddc = -3.192804018e-07
dde = 4.1034987669e-07
Reset re-loads circuit * comparator-offset-mc @ fs_mismatch_-40c_1.20v -- generated by sim/harness, do not edit

Circuit: * comparator-offset-mc @ fs_mismatch_-40c_1.20v -- generated by sim/harness, do not edit

Doing analysis at TEMP = -40.000000 and TNOM = 27.000000

Using SPARSE 1.3 as Direct Linear Solver

No. of Data Rows : 6
voa = 4.5538704695e-04
ddc = 3.6186927785e-07
dde = -6.041345961e-07
Reset re-loads circuit * comparator-offset-mc @ fs_mismatch_-40c_1.20v -- generated by sim/harness, do not edit

Circuit: * comparator-offset-mc @ fs_mismatch_-40c_1.20v -- generated by sim/harness, do not edit

Doing analysis at TEMP = -40.000000 and TNOM = 27.000000

Using SPARSE 1.3 as Direct Linear Solver

No. of Data Rows : 6
voa = -1.254281301e-04
ddc = 8.5758240382e-09
dde = -4.238197566e-08
Reset re-loads circuit * comparator-offset-mc @ fs_mismatch_-40c_1.20v -- generated by sim/harness, do not edit

Circuit: * comparator-offset-mc @ fs_mismatch_-40c_1.20v -- generated by sim/harness, do not edit

Doing analysis at TEMP = -40.000000 and TNOM = 27.000000

Using SPARSE 1.3 as Direct Linear Solver

No. of Data Rows : 6
voa = 1.2846431471e-03
ddc = -5.893801298e-07
dde = 8.3140502864e-07
Reset re-loads circuit * comparator-offset-mc @ fs_mismatch_-40c_1.20v -- generated by sim/harness, do not edit

Circuit: * comparator-offset-mc @ fs_mismatch_-40c_1.20v -- generated by sim/harness, do not edit

Doing analysis at TEMP = -40.000000 and TNOM = 27.000000

Using SPARSE 1.3 as Direct Linear Solver

No. of Data Rows : 6
voa = -6.915625324e-04
ddc = 8.9400963248e-07
dde = -1.154002972e-06
Reset re-loads circuit * comparator-offset-mc @ fs_mismatch_-40c_1.20v -- generated by sim/harness, do not edit

Circuit: * comparator-offset-mc @ fs_mismatch_-40c_1.20v -- generated by sim/harness, do not edit

Doing analysis at TEMP = -40.000000 and TNOM = 27.000000

Using SPARSE 1.3 as Direct Linear Solver

No. of Data Rows : 6
voa = 2.9782956710e-05
ddc = -1.243958255e-06
dde = 1.7292839044e-06
Reset re-loads circuit * comparator-offset-mc @ fs_mismatch_-40c_1.20v -- generated by sim/harness, do not edit

Circuit: * comparator-offset-mc @ fs_mismatch_-40c_1.20v -- generated by sim/harness, do not edit

Doing analysis at TEMP = -40.000000 and TNOM = 27.000000

Using SPARSE 1.3 as Direct Linear Solver

No. of Data Rows : 6
voa = 5.9077431941e-04
ddc = -1.049513949e-06
dde = 1.0483175131e-06
Reset re-loads circuit * comparator-offset-mc @ fs_mismatch_-40c_1.20v -- generated by sim/harness, do not edit

Circuit: * comparator-offset-mc @ fs_mismatch_-40c_1.20v -- generated by sim/harness, do not edit

Doing analysis at TEMP = -40.000000 and TNOM = 27.000000

Using SPARSE 1.3 as Direct Linear Solver
 Reference value :  0.00000e+00
No. of Data Rows : 6
voa = -4.573119557e-03
ddc = -9.594882441e-07
dde = 8.4056791442e-07
Reset re-loads circuit * comparator-offset-mc @ fs_mismatch_-40c_1.20v -- generated by sim/harness, do not edit

Circuit: * comparator-offset-mc @ fs_mismatch_-40c_1.20v -- generated by sim/harness, do not edit

Doing analysis at TEMP = -40.000000 and TNOM = 27.000000

Using SPARSE 1.3 as Direct Linear Solver

No. of Data Rows : 6
voa = -1.339601315e-03
ddc = 9.2273200684e-07
dde = -1.175658468e-06
Reset re-loads circuit * comparator-offset-mc @ fs_mismatch_-40c_1.20v -- generated by sim/harness, do not edit

Circuit: * comparator-offset-mc @ fs_mismatch_-40c_1.20v -- generated by sim/harness, do not edit

Doing analysis at TEMP = -40.000000 and TNOM = 27.000000

Using SPARSE 1.3 as Direct Linear Solver

No. of Data Rows : 6
voa = 9.2923750651e-04
ddc = -2.608030336e-06
dde = 2.9266828331e-06
Reset re-loads circuit * comparator-offset-mc @ fs_mismatch_-40c_1.20v -- generated by sim/harness, do not edit

Circuit: * comparator-offset-mc @ fs_mismatch_-40c_1.20v -- generated by sim/harness, do not edit

Doing analysis at TEMP = -40.000000 and TNOM = 27.000000

Using SPARSE 1.3 as Direct Linear Solver

No. of Data Rows : 6
voa = 4.1477831720e-03
ddc = 2.9398756012e-07
dde = -5.597974466e-07
Reset re-loads circuit * comparator-offset-mc @ fs_mismatch_-40c_1.20v -- generated by sim/harness, do not edit

Circuit: * comparator-offset-mc @ fs_mismatch_-40c_1.20v -- generated by sim/harness, do not edit

Doing analysis at TEMP = -40.000000 and TNOM = 27.000000

Using SPARSE 1.3 as Direct Linear Solver

No. of Data Rows : 6
voa = -1.754669351e-04
ddc = -3.547667556e-07
dde = 4.4483713113e-07
Reset re-loads circuit * comparator-offset-mc @ fs_mismatch_-40c_1.20v -- generated by sim/harness, do not edit

Circuit: * comparator-offset-mc @ fs_mismatch_-40c_1.20v -- generated by sim/harness, do not edit

Doing analysis at TEMP = -40.000000 and TNOM = 27.000000

Using SPARSE 1.3 as Direct Linear Solver

No. of Data Rows : 6
voa = 2.1309093145e-03
ddc = -8.187659468e-07
dde = 1.0564901993e-06
Reset re-loads circuit * comparator-offset-mc @ fs_mismatch_-40c_1.20v -- generated by sim/harness, do not edit

Circuit: * comparator-offset-mc @ fs_mismatch_-40c_1.20v -- generated by sim/harness, do not edit

Doing analysis at TEMP = -40.000000 and TNOM = 27.000000

Using SPARSE 1.3 as Direct Linear Solver

No. of Data Rows : 6
voa = -1.007885872e-03
ddc = 9.8286096345e-07
dde = -7.456386727e-07
Reset re-loads circuit * comparator-offset-mc @ fs_mismatch_-40c_1.20v -- generated by sim/harness, do not edit

Circuit: * comparator-offset-mc @ fs_mismatch_-40c_1.20v -- generated by sim/harness, do not edit

Doing analysis at TEMP = -40.000000 and TNOM = 27.000000

Using SPARSE 1.3 as Direct Linear Solver
 Reference value :  0.00000e+00
No. of Data Rows : 6
voa = -8.787439877e-04
ddc = -1.416129314e-06
dde = 1.6999768672e-06
Reset re-loads circuit * comparator-offset-mc @ fs_mismatch_-40c_1.20v -- generated by sim/harness, do not edit

Circuit: * comparator-offset-mc @ fs_mismatch_-40c_1.20v -- generated by sim/harness, do not edit

Doing analysis at TEMP = -40.000000 and TNOM = 27.000000

Using SPARSE 1.3 as Direct Linear Solver

No. of Data Rows : 6
voa = 1.9451390840e-03
ddc = 7.7163727423e-07
dde = -9.944786424e-07
Reset re-loads circuit * comparator-offset-mc @ fs_mismatch_-40c_1.20v -- generated by sim/harness, do not edit

Circuit: * comparator-offset-mc @ fs_mismatch_-40c_1.20v -- generated by sim/harness, do not edit

Doing analysis at TEMP = -40.000000 and TNOM = 27.000000

Using SPARSE 1.3 as Direct Linear Solver

No. of Data Rows : 6
voa = -8.154494108e-04
ddc = -6.158480450e-07
dde = 6.6114219501e-07
Reset re-loads circuit * comparator-offset-mc @ fs_mismatch_-40c_1.20v -- generated by sim/harness, do not edit

Circuit: * comparator-offset-mc @ fs_mismatch_-40c_1.20v -- generated by sim/harness, do not edit

Doing analysis at TEMP = -40.000000 and TNOM = 27.000000

Using SPARSE 1.3 as Direct Linear Solver

No. of Data Rows : 6
voa = -2.812264979e-04
ddc = 7.6353169898e-07
dde = -8.957046741e-07
Reset re-loads circuit * comparator-offset-mc @ fs_mismatch_-40c_1.20v -- generated by sim/harness, do not edit

Circuit: * comparator-offset-mc @ fs_mismatch_-40c_1.20v -- generated by sim/harness, do not edit

Doing analysis at TEMP = -40.000000 and TNOM = 27.000000

Using SPARSE 1.3 as Direct Linear Solver

No. of Data Rows : 6
voa = 1.2734400667e-03
ddc = 1.5430665846e-07
dde = 2.1359005279e-08
Reset re-loads circuit * comparator-offset-mc @ fs_mismatch_-40c_1.20v -- generated by sim/harness, do not edit

Circuit: * comparator-offset-mc @ fs_mismatch_-40c_1.20v -- generated by sim/harness, do not edit

Doing analysis at TEMP = -40.000000 and TNOM = 27.000000

Using SPARSE 1.3 as Direct Linear Solver

No. of Data Rows : 6
voa = 1.7084689441e-05
ddc = 4.8775350909e-07
dde = -5.849661815e-07
Reset re-loads circuit * comparator-offset-mc @ fs_mismatch_-40c_1.20v -- generated by sim/harness, do not edit

Circuit: * comparator-offset-mc @ fs_mismatch_-40c_1.20v -- generated by sim/harness, do not edit

Doing analysis at TEMP = -40.000000 and TNOM = 27.000000

Using SPARSE 1.3 as Direct Linear Solver

No. of Data Rows : 6
voa = 1.3602097474e-03
ddc = -1.376664338e-06
dde = 1.6100214578e-06
Reset re-loads circuit * comparator-offset-mc @ fs_mismatch_-40c_1.20v -- generated by sim/harness, do not edit

Circuit: * comparator-offset-mc @ fs_mismatch_-40c_1.20v -- generated by sim/harness, do not edit

Doing analysis at TEMP = -40.000000 and TNOM = 27.000000

Using SPARSE 1.3 as Direct Linear Solver
 Reference value :  0.00000e+00
No. of Data Rows : 6
voa = -5.529195607e-04
ddc = 2.1598887114e-07
dde = -2.272686445e-07
Reset re-loads circuit * comparator-offset-mc @ fs_mismatch_-40c_1.20v -- generated by sim/harness, do not edit

Circuit: * comparator-offset-mc @ fs_mismatch_-40c_1.20v -- generated by sim/harness, do not edit

Doing analysis at TEMP = -40.000000 and TNOM = 27.000000

Using SPARSE 1.3 as Direct Linear Solver

No. of Data Rows : 6
voa = 6.0153511933e-04
ddc = -1.425505803e-06
dde = 1.5870583643e-06
Reset re-loads circuit * comparator-offset-mc @ fs_mismatch_-40c_1.20v -- generated by sim/harness, do not edit

Circuit: * comparator-offset-mc @ fs_mismatch_-40c_1.20v -- generated by sim/harness, do not edit

Doing analysis at TEMP = -40.000000 and TNOM = 27.000000

Using SPARSE 1.3 as Direct Linear Solver

No. of Data Rows : 6
voa = 2.7001402143e-04
ddc = -1.143066739e-06
dde = 1.1251076832e-06
Reset re-loads circuit * comparator-offset-mc @ fs_mismatch_-40c_1.20v -- generated by sim/harness, do not edit

Circuit: * comparator-offset-mc @ fs_mismatch_-40c_1.20v -- generated by sim/harness, do not edit

Doing analysis at TEMP = -40.000000 and TNOM = 27.000000

Using SPARSE 1.3 as Direct Linear Solver

No. of Data Rows : 6
voa = 1.5051373623e-03
ddc = -2.902219377e-07
dde = 2.1610317782e-07
Reset re-loads circuit * comparator-offset-mc @ fs_mismatch_-40c_1.20v -- generated by sim/harness, do not edit

Circuit: * comparator-offset-mc @ fs_mismatch_-40c_1.20v -- generated by sim/harness, do not edit

Doing analysis at TEMP = -40.000000 and TNOM = 27.000000

Using SPARSE 1.3 as Direct Linear Solver

No. of Data Rows : 6
voa = -3.164718788e-05
ddc = -3.423737765e-06
dde = 3.8125787969e-06
Reset re-loads circuit * comparator-offset-mc @ fs_mismatch_-40c_1.20v -- generated by sim/harness, do not edit

Circuit: * comparator-offset-mc @ fs_mismatch_-40c_1.20v -- generated by sim/harness, do not edit

Doing analysis at TEMP = -40.000000 and TNOM = 27.000000

Using SPARSE 1.3 as Direct Linear Solver

No. of Data Rows : 6
voa = -8.320109096e-04
ddc = 6.8863035749e-07
dde = -7.925428417e-07
Reset re-loads circuit * comparator-offset-mc @ fs_mismatch_-40c_1.20v -- generated by sim/harness, do not edit

Circuit: * comparator-offset-mc @ fs_mismatch_-40c_1.20v -- generated by sim/harness, do not edit

Doing analysis at TEMP = -40.000000 and TNOM = 27.000000

Using SPARSE 1.3 as Direct Linear Solver

No. of Data Rows : 6
voa = 2.9269847832e-04
ddc = -1.226051717e-06
dde = 1.5274584552e-06
Reset re-loads circuit * comparator-offset-mc @ fs_mismatch_-40c_1.20v -- generated by sim/harness, do not edit

Circuit: * comparator-offset-mc @ fs_mismatch_-40c_1.20v -- generated by sim/harness, do not edit

Doing analysis at TEMP = -40.000000 and TNOM = 27.000000

Using SPARSE 1.3 as Direct Linear Solver
 Reference value :  0.00000e+00
No. of Data Rows : 6
voa = 6.5004780367e-04
ddc = 3.2274574339e-07
dde = -5.482052907e-07
Reset re-loads circuit * comparator-offset-mc @ fs_mismatch_-40c_1.20v -- generated by sim/harness, do not edit

Circuit: * comparator-offset-mc @ fs_mismatch_-40c_1.20v -- generated by sim/harness, do not edit

Doing analysis at TEMP = -40.000000 and TNOM = 27.000000

Using SPARSE 1.3 as Direct Linear Solver

No. of Data Rows : 6
voa = -1.723867228e-03
ddc = 1.3563520996e-06
dde = -1.391169184e-06
Reset re-loads circuit * comparator-offset-mc @ fs_mismatch_-40c_1.20v -- generated by sim/harness, do not edit

Circuit: * comparator-offset-mc @ fs_mismatch_-40c_1.20v -- generated by sim/harness, do not edit

Doing analysis at TEMP = -40.000000 and TNOM = 27.000000

Using SPARSE 1.3 as Direct Linear Solver

No. of Data Rows : 6
voa = -3.084255324e-03
ddc = 1.6054899440e-07
dde = -1.947678782e-07
Reset re-loads circuit * comparator-offset-mc @ fs_mismatch_-40c_1.20v -- generated by sim/harness, do not edit

Circuit: * comparator-offset-mc @ fs_mismatch_-40c_1.20v -- generated by sim/harness, do not edit

Doing analysis at TEMP = -40.000000 and TNOM = 27.000000

Using SPARSE 1.3 as Direct Linear Solver

No. of Data Rows : 6
voa = 5.7776734679e-04
ddc = 1.1466939823e-07
dde = -1.331280837e-08
Reset re-loads circuit * comparator-offset-mc @ fs_mismatch_-40c_1.20v -- generated by sim/harness, do not edit

Circuit: * comparator-offset-mc @ fs_mismatch_-40c_1.20v -- generated by sim/harness, do not edit

Doing analysis at TEMP = -40.000000 and TNOM = 27.000000

Using SPARSE 1.3 as Direct Linear Solver

No. of Data Rows : 6
voa = 8.2404678947e-04
ddc = 1.7927698236e-06
dde = -2.004520494e-06
Reset re-loads circuit * comparator-offset-mc @ fs_mismatch_-40c_1.20v -- generated by sim/harness, do not edit

Circuit: * comparator-offset-mc @ fs_mismatch_-40c_1.20v -- generated by sim/harness, do not edit

Doing analysis at TEMP = -40.000000 and TNOM = 27.000000

Using SPARSE 1.3 as Direct Linear Solver

No. of Data Rows : 6
voa = 3.2471977509e-03
ddc = 4.9396224210e-07
dde = -5.865685752e-07
Reset re-loads circuit * comparator-offset-mc @ fs_mismatch_-40c_1.20v -- generated by sim/harness, do not edit

Circuit: * comparator-offset-mc @ fs_mismatch_-40c_1.20v -- generated by sim/harness, do not edit

Doing analysis at TEMP = -40.000000 and TNOM = 27.000000

Using SPARSE 1.3 as Direct Linear Solver

No. of Data Rows : 6
voa = 1.3430702788e-03
ddc = 6.8620692190e-07
dde = -1.015313281e-06
Reset re-loads circuit * comparator-offset-mc @ fs_mismatch_-40c_1.20v -- generated by sim/harness, do not edit

Circuit: * comparator-offset-mc @ fs_mismatch_-40c_1.20v -- generated by sim/harness, do not edit

Doing analysis at TEMP = -40.000000 and TNOM = 27.000000

Using SPARSE 1.3 as Direct Linear Solver
 Reference value :  0.00000e+00
No. of Data Rows : 6
voa = 3.2773667752e-03
ddc = 1.6762236969e-06
dde = -1.747782306e-06
Reset re-loads circuit * comparator-offset-mc @ fs_mismatch_-40c_1.20v -- generated by sim/harness, do not edit

Circuit: * comparator-offset-mc @ fs_mismatch_-40c_1.20v -- generated by sim/harness, do not edit

Doing analysis at TEMP = -40.000000 and TNOM = 27.000000

Using SPARSE 1.3 as Direct Linear Solver

No. of Data Rows : 6
voa = 1.2051316244e-03
ddc = 8.0473163177e-07
dde = -8.795125244e-07
Reset re-loads circuit * comparator-offset-mc @ fs_mismatch_-40c_1.20v -- generated by sim/harness, do not edit

Circuit: * comparator-offset-mc @ fs_mismatch_-40c_1.20v -- generated by sim/harness, do not edit

Doing analysis at TEMP = -40.000000 and TNOM = 27.000000

Using SPARSE 1.3 as Direct Linear Solver

No. of Data Rows : 6
voa = -5.340856176e-04
ddc = -2.670912086e-07
dde = 4.4355402666e-07
Reset re-loads circuit * comparator-offset-mc @ fs_mismatch_-40c_1.20v -- generated by sim/harness, do not edit

Circuit: * comparator-offset-mc @ fs_mismatch_-40c_1.20v -- generated by sim/harness, do not edit

Doing analysis at TEMP = -40.000000 and TNOM = 27.000000

Using SPARSE 1.3 as Direct Linear Solver

No. of Data Rows : 6
voa = -1.208253098e-04
ddc = 3.1740352523e-08
dde = -1.465032738e-07
Reset re-loads circuit * comparator-offset-mc @ fs_mismatch_-40c_1.20v -- generated by sim/harness, do not edit

Circuit: * comparator-offset-mc @ fs_mismatch_-40c_1.20v -- generated by sim/harness, do not edit

Doing analysis at TEMP = -40.000000 and TNOM = 27.000000

Using SPARSE 1.3 as Direct Linear Solver

No. of Data Rows : 6
voa = -3.658818327e-04
ddc = -1.224864545e-06
dde = 1.3077121308e-06
Reset re-loads circuit * comparator-offset-mc @ fs_mismatch_-40c_1.20v -- generated by sim/harness, do not edit

Circuit: * comparator-offset-mc @ fs_mismatch_-40c_1.20v -- generated by sim/harness, do not edit

Doing analysis at TEMP = -40.000000 and TNOM = 27.000000

Using SPARSE 1.3 as Direct Linear Solver

No. of Data Rows : 6
voa = 6.3633980788e-04
ddc = -9.577525431e-07
dde = 1.0579671932e-06
Reset re-loads circuit * comparator-offset-mc @ fs_mismatch_-40c_1.20v -- generated by sim/harness, do not edit

Circuit: * comparator-offset-mc @ fs_mismatch_-40c_1.20v -- generated by sim/harness, do not edit

Doing analysis at TEMP = -40.000000 and TNOM = 27.000000

Using SPARSE 1.3 as Direct Linear Solver

No. of Data Rows : 6
voa = -4.552183390e-04
ddc = -6.603588069e-07
dde = 5.1367529253e-07
Reset re-loads circuit * comparator-offset-mc @ fs_mismatch_-40c_1.20v -- generated by sim/harness, do not edit

Circuit: * comparator-offset-mc @ fs_mismatch_-40c_1.20v -- generated by sim/harness, do not edit

Doing analysis at TEMP = -40.000000 and TNOM = 27.000000

Using SPARSE 1.3 as Direct Linear Solver
 Reference value :  0.00000e+00
No. of Data Rows : 6
voa = -3.882578017e-03
ddc = 2.6333559703e-07
dde = -2.249077788e-07
Reset re-loads circuit * comparator-offset-mc @ fs_mismatch_-40c_1.20v -- generated by sim/harness, do not edit

Circuit: * comparator-offset-mc @ fs_mismatch_-40c_1.20v -- generated by sim/harness, do not edit

Doing analysis at TEMP = -40.000000 and TNOM = 27.000000

Using SPARSE 1.3 as Direct Linear Solver

No. of Data Rows : 6
voa = -1.649184183e-03
ddc = 1.3151732777e-06
dde = -1.398962889e-06
Reset re-loads circuit * comparator-offset-mc @ fs_mismatch_-40c_1.20v -- generated by sim/harness, do not edit

Circuit: * comparator-offset-mc @ fs_mismatch_-40c_1.20v -- generated by sim/harness, do not edit

Doing analysis at TEMP = -40.000000 and TNOM = 27.000000

Using SPARSE 1.3 as Direct Linear Solver

No. of Data Rows : 6
voa = 4.1138491624e-04
ddc = -5.942909437e-07
dde = 6.1707824527e-07
Reset re-loads circuit * comparator-offset-mc @ fs_mismatch_-40c_1.20v -- generated by sim/harness, do not edit

Circuit: * comparator-offset-mc @ fs_mismatch_-40c_1.20v -- generated by sim/harness, do not edit

Doing analysis at TEMP = -40.000000 and TNOM = 27.000000

Using SPARSE 1.3 as Direct Linear Solver

No. of Data Rows : 6
voa = 2.8844697354e-03
ddc = 4.3871232581e-07
dde = -4.410643392e-07
Reset re-loads circuit * comparator-offset-mc @ fs_mismatch_-40c_1.20v -- generated by sim/harness, do not edit

Circuit: * comparator-offset-mc @ fs_mismatch_-40c_1.20v -- generated by sim/harness, do not edit

Doing analysis at TEMP = -40.000000 and TNOM = 27.000000

Using SPARSE 1.3 as Direct Linear Solver

No. of Data Rows : 6
voa = 2.3860742138e-03
ddc = -1.370741635e-06
dde = 1.6005763304e-06
Reset re-loads circuit * comparator-offset-mc @ fs_mismatch_-40c_1.20v -- generated by sim/harness, do not edit

Circuit: * comparator-offset-mc @ fs_mismatch_-40c_1.20v -- generated by sim/harness, do not edit

Doing analysis at TEMP = -40.000000 and TNOM = 27.000000

Using SPARSE 1.3 as Direct Linear Solver

No. of Data Rows : 6
voa = 1.5274126316e-04
ddc = 2.9160725063e-07
dde = -4.624074799e-07
Reset re-loads circuit * comparator-offset-mc @ fs_mismatch_-40c_1.20v -- generated by sim/harness, do not edit

Circuit: * comparator-offset-mc @ fs_mismatch_-40c_1.20v -- generated by sim/harness, do not edit

Doing analysis at TEMP = -40.000000 and TNOM = 27.000000

Using SPARSE 1.3 as Direct Linear Solver

No. of Data Rows : 6
voa = -2.051077235e-03
ddc = -4.042802106e-07
dde = 6.4344254995e-07
Reset re-loads circuit * comparator-offset-mc @ fs_mismatch_-40c_1.20v -- generated by sim/harness, do not edit

Circuit: * comparator-offset-mc @ fs_mismatch_-40c_1.20v -- generated by sim/harness, do not edit

Doing analysis at TEMP = -40.000000 and TNOM = 27.000000

Using SPARSE 1.3 as Direct Linear Solver

No. of Data Rows : 6
voa = 1.4849584206e-03
ddc = 4.7599025515e-07
dde = -3.930286433e-07
Reset re-loads circuit * comparator-offset-mc @ fs_mismatch_-40c_1.20v -- generated by sim/harness, do not edit

Circuit: * comparator-offset-mc @ fs_mismatch_-40c_1.20v -- generated by sim/harness, do not edit

Doing analysis at TEMP = -40.000000 and TNOM = 27.000000

Using SPARSE 1.3 as Direct Linear Solver
 Reference value :  0.00000e+00
No. of Data Rows : 6
voa = 1.5843199582e-03
ddc = 4.8413989812e-07
dde = -5.316095297e-07
Reset re-loads circuit * comparator-offset-mc @ fs_mismatch_-40c_1.20v -- generated by sim/harness, do not edit

Circuit: * comparator-offset-mc @ fs_mismatch_-40c_1.20v -- generated by sim/harness, do not edit

Doing analysis at TEMP = -40.000000 and TNOM = 27.000000

Using SPARSE 1.3 as Direct Linear Solver

No. of Data Rows : 6
voa = 2.6037749818e-03
ddc = -7.564811467e-08
dde = -7.435902635e-08
m_n_samples = 2.0000000000e+02
m_sig_vos_mv = 1.8730930775e+00
m_vos_3sig_mv = 5.6192792325e+00
m_mean_vos_uv = 1.9199035998e+02
m_mean_vos_sem = 1.4495562137e+00
m_sig_dvos_dn_uv = 1.1337178738e+00
m_sig_dvos_up_uv = 1.2710536653e+00
m_mean_dvos_dn_uv = -2.428862394e-02
m_mean_dvos_up_uv = 2.2933977479e-02
m_av_mean = 5.4831479530e+00
m_av_sigma_pct = 3.5061931726e+00
m_vbias_anchor_mv = 3.1993144705e+02
Note: Simulation executed from .control section 

Warning: m=xx on .subckt line will override multiplier m hierarchy!

Note: Starting dynamic gmin stepping
Note: Dynamic gmin stepping completed
Note: Starting dynamic gmin stepping
Note: Dynamic gmin stepping completed
Note: Starting dynamic gmin stepping
Note: Dynamic gmin stepping completed
Note: Starting dynamic gmin stepping
Note: Dynamic gmin stepping completed
Note: Starting dynamic gmin stepping
Note: Dynamic gmin stepping completed
Note: Starting dynamic gmin stepping
Note: Dynamic gmin stepping completed
Note: Starting dynamic gmin stepping
Note: Dynamic gmin stepping completed
Note: Starting dynamic gmin stepping
Note: Dynamic gmin stepping completed
Note: Starting dynamic gmin stepping
Note: Dynamic gmin stepping completed
Note: Starting dynamic gmin stepping
Note: Dynamic gmin stepping completed
Note: Starting dynamic gmin stepping
Note: Dynamic gmin stepping completed
Note: Starting dynamic gmin stepping
Note: Dynamic gmin stepping completed
Note: Starting dynamic gmin stepping
Note: Dynamic gmin stepping completed
Note: Starting dynamic gmin stepping
Note: Dynamic gmin stepping completed
Note: Starting dynamic gmin stepping
Note: Dynamic gmin stepping completed
Note: Starting dynamic gmin stepping
Note: Dynamic gmin stepping completed
Note: Starting dynamic gmin stepping
Note: Dynamic gmin stepping completed
Note: Starting dynamic gmin stepping
Note: Dynamic gmin stepping completed
Note: Starting dynamic gmin stepping
Note: Dynamic gmin stepping completed
Note: Starting dynamic gmin stepping
Note: Dynamic gmin stepping completed
Note: Starting dynamic gmin stepping
Note: Dynamic gmin stepping completed
Note: Starting dynamic gmin stepping
Note: Dynamic gmin stepping completed
Note: Starting dynamic gmin stepping
Note: Dynamic gmin stepping completed
Note: Starting dynamic gmin stepping
Note: Dynamic gmin stepping completed
Note: Starting dynamic gmin stepping
Note: Dynamic gmin stepping completed
Note: Starting dynamic gmin stepping
Note: Dynamic gmin stepping completed
Note: Starting dynamic gmin stepping
Note: Dynamic gmin stepping completed
Note: Starting dynamic gmin stepping
Note: Dynamic gmin stepping completed
Note: Starting dynamic gmin stepping
Note: Dynamic gmin stepping completed
Note: Starting dynamic gmin stepping
Note: Dynamic gmin stepping completed
Note: Starting dynamic gmin stepping
Note: Dynamic gmin stepping completed
Note: Starting dynamic gmin stepping
Note: Dynamic gmin stepping completed
Note: Starting dynamic gmin stepping
Note: Dynamic gmin stepping completed
Note: Starting dynamic gmin stepping
Note: Dynamic gmin stepping completed
Note: Starting dynamic gmin stepping
Note: Dynamic gmin stepping completed
Note: Starting dynamic gmin stepping
Note: Dynamic gmin stepping completed
Note: Starting dynamic gmin stepping
Note: Dynamic gmin stepping completed
Note: Starting dynamic gmin stepping
Note: Dynamic gmin stepping completed
Note: Starting dynamic gmin stepping
Note: Dynamic gmin stepping completed
Note: Starting dynamic gmin stepping
Note: Dynamic gmin stepping completed
Note: Starting dynamic gmin stepping
Note: Dynamic gmin stepping completed
Note: Starting dynamic gmin stepping
Note: Dynamic gmin stepping completed
Note: Starting dynamic gmin stepping
Note: Dynamic gmin stepping completed
Note: Starting dynamic gmin stepping
Note: Dynamic gmin stepping completed
Note: Starting dynamic gmin stepping
Note: Dynamic gmin stepping completed
Note: Starting dynamic gmin stepping
Note: Dynamic gmin stepping completed
Note: Starting dynamic gmin stepping
Note: Dynamic gmin stepping completed
Note: Starting dynamic gmin stepping
Note: Dynamic gmin stepping completed
Note: Starting dynamic gmin stepping
Note: Dynamic gmin stepping completed
Note: Starting dynamic gmin stepping
Note: Dynamic gmin stepping completed
Note: Starting dynamic gmin stepping
Note: Dynamic gmin stepping completed
Note: Starting dynamic gmin stepping
Note: Dynamic gmin stepping completed
Note: Starting dynamic gmin stepping
Note: Dynamic gmin stepping completed
Note: Starting dynamic gmin stepping
Note: Dynamic gmin stepping completed
Note: Starting dynamic gmin stepping
Note: Dynamic gmin stepping completed
Note: Starting dynamic gmin stepping
Note: Dynamic gmin stepping completed
Note: Starting dynamic gmin stepping
Note: Dynamic gmin stepping completed
Note: Starting dynamic gmin stepping
Note: Dynamic gmin stepping completed
Note: Starting dynamic gmin stepping
Note: Dynamic gmin stepping completed
Note: Starting dynamic gmin stepping
Note: Dynamic gmin stepping completed
Note: Starting dynamic gmin stepping
Note: Dynamic gmin stepping completed
Note: Starting dynamic gmin stepping
Note: Dynamic gmin stepping completed
Note: Starting dynamic gmin stepping
Note: Dynamic gmin stepping completed
Note: Starting dynamic gmin stepping
Note: Dynamic gmin stepping completed
Note: Starting dynamic gmin stepping
Note: Dynamic gmin stepping completed
Note: Starting dynamic gmin stepping
Note: Dynamic gmin stepping completed
Note: Starting dynamic gmin stepping
Note: Dynamic gmin stepping completed
Note: Starting dynamic gmin stepping
Note: Dynamic gmin stepping completed
Note: Starting dynamic gmin stepping
Note: Dynamic gmin stepping completed
Note: Starting dynamic gmin stepping
Note: Dynamic gmin stepping completed
Note: Starting dynamic gmin stepping
Note: Dynamic gmin stepping completed
Note: Starting dynamic gmin stepping
Note: Dynamic gmin stepping completed
Note: Starting dynamic gmin stepping
Note: Dynamic gmin stepping completed
Note: Starting dynamic gmin stepping
Note: Dynamic gmin stepping completed
Note: Starting dynamic gmin stepping
Note: Dynamic gmin stepping completed
Note: Starting dynamic gmin stepping
Note: Dynamic gmin stepping completed
Note: Starting dynamic gmin stepping
Note: Dynamic gmin stepping completed
Note: Starting dynamic gmin stepping
Note: Dynamic gmin stepping completed
Note: Starting dynamic gmin stepping
Note: Dynamic gmin stepping completed
Note: Starting dynamic gmin stepping
Note: Dynamic gmin stepping completed
Note: Starting dynamic gmin stepping
Note: Dynamic gmin stepping completed
Note: Starting dynamic gmin stepping
Note: Dynamic gmin stepping completed
Note: Starting dynamic gmin stepping
Note: Dynamic gmin stepping completed
Note: Starting dynamic gmin stepping
Note: Dynamic gmin stepping completed
Note: Starting dynamic gmin stepping
Note: Dynamic gmin stepping completed
Note: Starting dynamic gmin stepping
Note: Dynamic gmin stepping completed
Note: Starting dynamic gmin stepping
Note: Dynamic gmin stepping completed
Note: Starting dynamic gmin stepping
Note: Dynamic gmin stepping completed
Note: Starting dynamic gmin stepping
Note: Dynamic gmin stepping completed
Note: Starting dynamic gmin stepping
Note: Dynamic gmin stepping completed
Note: Starting dynamic gmin stepping
Note: Dynamic gmin stepping completed
Note: Starting dynamic gmin stepping
Note: Dynamic gmin stepping completed
Note: Starting dynamic gmin stepping
Note: Dynamic gmin stepping completed
Note: Starting dynamic gmin stepping
Note: Dynamic gmin stepping completed
Note: Starting dynamic gmin stepping
Note: Dynamic gmin stepping completed
Note: Starting dynamic gmin stepping
Note: Dynamic gmin stepping completed
Note: Starting dynamic gmin stepping
Note: Dynamic gmin stepping completed
Note: Starting dynamic gmin stepping
Note: Dynamic gmin stepping completed
Note: Starting dynamic gmin stepping
Note: Dynamic gmin stepping completed
Note: Starting dynamic gmin stepping
Note: Dynamic gmin stepping completed
Note: Starting dynamic gmin stepping
Note: Dynamic gmin stepping completed
Note: Starting dynamic gmin stepping
Note: Dynamic gmin stepping completed
Note: Starting dynamic gmin stepping
Note: Dynamic gmin stepping completed
Note: Starting dynamic gmin stepping
Note: Dynamic gmin stepping completed
Note: Starting dynamic gmin stepping
Note: Dynamic gmin stepping completed
Note: Starting dynamic gmin stepping
Note: Dynamic gmin stepping completed
Note: Starting dynamic gmin stepping
Note: Dynamic gmin stepping completed
Note: Starting dynamic gmin stepping
Note: Dynamic gmin stepping completed
Note: Starting dynamic gmin stepping
Note: Dynamic gmin stepping completed
Note: Starting dynamic gmin stepping
Note: Dynamic gmin stepping completed
Note: Starting dynamic gmin stepping
Note: Dynamic gmin stepping completed
Note: Starting dynamic gmin stepping
Note: Dynamic gmin stepping completed
Note: Starting dynamic gmin stepping
Note: Dynamic gmin stepping completed
Note: Starting dynamic gmin stepping
Note: Dynamic gmin stepping completed
Note: Starting dynamic gmin stepping
Note: Dynamic gmin stepping completed
Note: Starting dynamic gmin stepping
Note: Dynamic gmin stepping completed
Note: Starting dynamic gmin stepping
Note: Dynamic gmin stepping completed
Note: Starting dynamic gmin stepping
Note: Dynamic gmin stepping completed
Note: Starting dynamic gmin stepping
Note: Dynamic gmin stepping completed
Note: Starting dynamic gmin stepping
Note: Dynamic gmin stepping completed
Note: Starting dynamic gmin stepping
Note: Dynamic gmin stepping completed
Note: Starting dynamic gmin stepping
Note: Dynamic gmin stepping completed
Note: Starting dynamic gmin stepping
Note: Dynamic gmin stepping completed
Note: Starting dynamic gmin stepping
Note: Dynamic gmin stepping completed
Note: Starting dynamic gmin stepping
Note: Dynamic gmin stepping completed
Note: Starting dynamic gmin stepping
Note: Dynamic gmin stepping completed
Note: Starting dynamic gmin stepping
Note: Dynamic gmin stepping completed
Note: Starting dynamic gmin stepping
Note: Dynamic gmin stepping completed
Note: Starting dynamic gmin stepping
Note: Dynamic gmin stepping completed
Note: Starting dynamic gmin stepping
Note: Dynamic gmin stepping completed
Note: Starting dynamic gmin stepping
Note: Dynamic gmin stepping completed
Note: Starting dynamic gmin stepping
Note: Dynamic gmin stepping completed
Note: Starting dynamic gmin stepping
Note: Dynamic gmin stepping completed
Note: Starting dynamic gmin stepping
Note: Dynamic gmin stepping completed
Note: Starting dynamic gmin stepping
Note: Dynamic gmin stepping completed
Note: Starting dynamic gmin stepping
Note: Dynamic gmin stepping completed
Note: Starting dynamic gmin stepping
Note: Dynamic gmin stepping completed
