
Note: Compatibility modes selected: hs a


Circuit: * comparator-offset-mc @ fs_mismatch_27c_1.08v -- generated by sim/harness, do not edit

Reset re-loads circuit * comparator-offset-mc @ fs_mismatch_27c_1.08v -- generated by sim/harness, do not edit

Circuit: * comparator-offset-mc @ fs_mismatch_27c_1.08v -- generated by sim/harness, do not edit

Doing analysis at TEMP = 27.000000 and TNOM = 27.000000

Using SPARSE 1.3 as Direct Linear Solver
 Reference value :  0.00000e+00
No. of Data Rows : 6
voa = 8.1245775885e-04
ddc = -1.778742952e-06
dde = 2.5379210618e-06
Reset re-loads circuit * comparator-offset-mc @ fs_mismatch_27c_1.08v -- generated by sim/harness, do not edit

Circuit: * comparator-offset-mc @ fs_mismatch_27c_1.08v -- generated by sim/harness, do not edit

Doing analysis at TEMP = 27.000000 and TNOM = 27.000000

Using SPARSE 1.3 as Direct Linear Solver

No. of Data Rows : 6
voa = 2.4168024743e-03
ddc = -1.685814857e-08
dde = 1.9697689039e-07
Reset re-loads circuit * comparator-offset-mc @ fs_mismatch_27c_1.08v -- generated by sim/harness, do not edit

Circuit: * comparator-offset-mc @ fs_mismatch_27c_1.08v -- generated by sim/harness, do not edit

Doing analysis at TEMP = 27.000000 and TNOM = 27.000000

Using SPARSE 1.3 as Direct Linear Solver

No. of Data Rows : 6
voa = 2.2903232375e-03
ddc = -1.772170739e-06
dde = 1.9905006814e-06
Reset re-loads circuit * comparator-offset-mc @ fs_mismatch_27c_1.08v -- generated by sim/harness, do not edit

Circuit: * comparator-offset-mc @ fs_mismatch_27c_1.08v -- generated by sim/harness, do not edit

Doing analysis at TEMP = 27.000000 and TNOM = 27.000000

Using SPARSE 1.3 as Direct Linear Solver

No. of Data Rows : 6
voa = 1.7302520834e-03
ddc = 4.2931496134e-07
dde = -3.812755863e-07
Reset re-loads circuit * comparator-offset-mc @ fs_mismatch_27c_1.08v -- generated by sim/harness, do not edit

Circuit: * comparator-offset-mc @ fs_mismatch_27c_1.08v -- generated by sim/harness, do not edit

Doing analysis at TEMP = 27.000000 and TNOM = 27.000000

Using SPARSE 1.3 as Direct Linear Solver

No. of Data Rows : 6
voa = -2.329992911e-03
ddc = -1.215799217e-06
dde = 1.2155947316e-06
Reset re-loads circuit * comparator-offset-mc @ fs_mismatch_27c_1.08v -- generated by sim/harness, do not edit

Circuit: * comparator-offset-mc @ fs_mismatch_27c_1.08v -- generated by sim/harness, do not edit

Doing analysis at TEMP = 27.000000 and TNOM = 27.000000

Using SPARSE 1.3 as Direct Linear Solver

No. of Data Rows : 6
voa = 5.7022092640e-04
ddc = -5.509872957e-07
dde = 7.3174366579e-07
Reset re-loads circuit * comparator-offset-mc @ fs_mismatch_27c_1.08v -- generated by sim/harness, do not edit

Circuit: * comparator-offset-mc @ fs_mismatch_27c_1.08v -- generated by sim/harness, do not edit

Doing analysis at TEMP = 27.000000 and TNOM = 27.000000

Using SPARSE 1.3 as Direct Linear Solver

No. of Data Rows : 6
voa = -1.668802560e-03
ddc = 1.6629119603e-06
dde = -2.134021965e-06
Reset re-loads circuit * comparator-offset-mc @ fs_mismatch_27c_1.08v -- generated by sim/harness, do not edit

Circuit: * comparator-offset-mc @ fs_mismatch_27c_1.08v -- generated by sim/harness, do not edit

Doing analysis at TEMP = 27.000000 and TNOM = 27.000000

Using SPARSE 1.3 as Direct Linear Solver

No. of Data Rows : 6
voa = 6.1795891496e-04
ddc = -2.511621171e-06
dde = 3.1326992812e-06
Reset re-loads circuit * comparator-offset-mc @ fs_mismatch_27c_1.08v -- generated by sim/harness, do not edit

Circuit: * comparator-offset-mc @ fs_mismatch_27c_1.08v -- generated by sim/harness, do not edit

Doing analysis at TEMP = 27.000000 and TNOM = 27.000000

Using SPARSE 1.3 as Direct Linear Solver

No. of Data Rows : 6
voa = -1.949387266e-03
ddc = 1.9820189562e-06
dde = -2.674892382e-06
Reset re-loads circuit * comparator-offset-mc @ fs_mismatch_27c_1.08v -- generated by sim/harness, do not edit

Circuit: * comparator-offset-mc @ fs_mismatch_27c_1.08v -- generated by sim/harness, do not edit

Doing analysis at TEMP = 27.000000 and TNOM = 27.000000

Using SPARSE 1.3 as Direct Linear Solver

No. of Data Rows : 6
voa = 1.0978447447e-03
ddc = -4.336259858e-07
dde = 2.9105230358e-07
Reset re-loads circuit * comparator-offset-mc @ fs_mismatch_27c_1.08v -- generated by sim/harness, do not edit

Circuit: * comparator-offset-mc @ fs_mismatch_27c_1.08v -- generated by sim/harness, do not edit

Doing analysis at TEMP = 27.000000 and TNOM = 27.000000

Using SPARSE 1.3 as Direct Linear Solver

No. of Data Rows : 6
voa = -8.899305644e-04
ddc = 1.3465440516e-06
dde = -1.745001303e-06
Reset re-loads circuit * comparator-offset-mc @ fs_mismatch_27c_1.08v -- generated by sim/harness, do not edit

Circuit: * comparator-offset-mc @ fs_mismatch_27c_1.08v -- generated by sim/harness, do not edit

Doing analysis at TEMP = 27.000000 and TNOM = 27.000000

Using SPARSE 1.3 as Direct Linear Solver

No. of Data Rows : 6
voa = 8.7472483631e-04
ddc = -2.570009942e-06
dde = 3.5550767017e-06
Reset re-loads circuit * comparator-offset-mc @ fs_mismatch_27c_1.08v -- generated by sim/harness, do not edit

Circuit: * comparator-offset-mc @ fs_mismatch_27c_1.08v -- generated by sim/harness, do not edit

Doing analysis at TEMP = 27.000000 and TNOM = 27.000000

Using SPARSE 1.3 as Direct Linear Solver
 Reference value :  0.00000e+00
No. of Data Rows : 6
voa = -8.864134677e-04
ddc = -2.148088499e-06
dde = 2.6585068751e-06
Reset re-loads circuit * comparator-offset-mc @ fs_mismatch_27c_1.08v -- generated by sim/harness, do not edit

Circuit: * comparator-offset-mc @ fs_mismatch_27c_1.08v -- generated by sim/harness, do not edit

Doing analysis at TEMP = 27.000000 and TNOM = 27.000000

Using SPARSE 1.3 as Direct Linear Solver

No. of Data Rows : 6
voa = 2.7659598117e-04
ddc = 1.2893161612e-06
dde = -1.234583809e-06
Reset re-loads circuit * comparator-offset-mc @ fs_mismatch_27c_1.08v -- generated by sim/harness, do not edit

Circuit: * comparator-offset-mc @ fs_mismatch_27c_1.08v -- generated by sim/harness, do not edit

Doing analysis at TEMP = 27.000000 and TNOM = 27.000000

Using SPARSE 1.3 as Direct Linear Solver

No. of Data Rows : 6
voa = 3.0821363113e-04
ddc = -7.739398985e-07
dde = 9.5656502414e-07
Reset re-loads circuit * comparator-offset-mc @ fs_mismatch_27c_1.08v -- generated by sim/harness, do not edit

Circuit: * comparator-offset-mc @ fs_mismatch_27c_1.08v -- generated by sim/harness, do not edit

Doing analysis at TEMP = 27.000000 and TNOM = 27.000000

Using SPARSE 1.3 as Direct Linear Solver

No. of Data Rows : 6
voa = -1.056862727e-03
ddc = 1.4042185908e-06
dde = -1.563650263e-06
Reset re-loads circuit * comparator-offset-mc @ fs_mismatch_27c_1.08v -- generated by sim/harness, do not edit

Circuit: * comparator-offset-mc @ fs_mismatch_27c_1.08v -- generated by sim/harness, do not edit

Doing analysis at TEMP = 27.000000 and TNOM = 27.000000

Using SPARSE 1.3 as Direct Linear Solver

No. of Data Rows : 6
voa = -1.029153570e-03
ddc = -2.383154581e-06
dde = 2.3564873170e-06
Reset re-loads circuit * comparator-offset-mc @ fs_mismatch_27c_1.08v -- generated by sim/harness, do not edit

Circuit: * comparator-offset-mc @ fs_mismatch_27c_1.08v -- generated by sim/harness, do not edit

Doing analysis at TEMP = 27.000000 and TNOM = 27.000000

Using SPARSE 1.3 as Direct Linear Solver

No. of Data Rows : 6
voa = -8.609904841e-05
ddc = 2.4267267129e-06
dde = -3.364003212e-06
Reset re-loads circuit * comparator-offset-mc @ fs_mismatch_27c_1.08v -- generated by sim/harness, do not edit

Circuit: * comparator-offset-mc @ fs_mismatch_27c_1.08v -- generated by sim/harness, do not edit

Doing analysis at TEMP = 27.000000 and TNOM = 27.000000

Using SPARSE 1.3 as Direct Linear Solver

No. of Data Rows : 6
voa = -2.056696746e-03
ddc = -4.026919028e-07
dde = 3.0309116207e-07
Reset re-loads circuit * comparator-offset-mc @ fs_mismatch_27c_1.08v -- generated by sim/harness, do not edit

Circuit: * comparator-offset-mc @ fs_mismatch_27c_1.08v -- generated by sim/harness, do not edit

Doing analysis at TEMP = 27.000000 and TNOM = 27.000000

Using SPARSE 1.3 as Direct Linear Solver

No. of Data Rows : 6
voa = -4.684476501e-04
ddc = -8.432320185e-07
dde = 1.2669148495e-06
Reset re-loads circuit * comparator-offset-mc @ fs_mismatch_27c_1.08v -- generated by sim/harness, do not edit

Circuit: * comparator-offset-mc @ fs_mismatch_27c_1.08v -- generated by sim/harness, do not edit

Doing analysis at TEMP = 27.000000 and TNOM = 27.000000

Using SPARSE 1.3 as Direct Linear Solver

No. of Data Rows : 6
voa = -9.003419790e-05
ddc = 4.3455600916e-08
dde = -1.192387079e-07
Reset re-loads circuit * comparator-offset-mc @ fs_mismatch_27c_1.08v -- generated by sim/harness, do not edit

Circuit: * comparator-offset-mc @ fs_mismatch_27c_1.08v -- generated by sim/harness, do not edit

Doing analysis at TEMP = 27.000000 and TNOM = 27.000000

Using SPARSE 1.3 as Direct Linear Solver

No. of Data Rows : 6
voa = -3.318219184e-03
ddc = 1.7127429036e-06
dde = -2.113090086e-06
Reset re-loads circuit * comparator-offset-mc @ fs_mismatch_27c_1.08v -- generated by sim/harness, do not edit

Circuit: * comparator-offset-mc @ fs_mismatch_27c_1.08v -- generated by sim/harness, do not edit

Doing analysis at TEMP = 27.000000 and TNOM = 27.000000

Using SPARSE 1.3 as Direct Linear Solver
 Reference value :  0.00000e+00
No. of Data Rows : 6
voa = -1.292200252e-03
ddc = -2.542000537e-06
dde = 2.7740965921e-06
Reset re-loads circuit * comparator-offset-mc @ fs_mismatch_27c_1.08v -- generated by sim/harness, do not edit

Circuit: * comparator-offset-mc @ fs_mismatch_27c_1.08v -- generated by sim/harness, do not edit

Doing analysis at TEMP = 27.000000 and TNOM = 27.000000

Using SPARSE 1.3 as Direct Linear Solver

No. of Data Rows : 6
voa = 2.7443800621e-03
ddc = -3.424205700e-06
dde = 4.4837157641e-06
Reset re-loads circuit * comparator-offset-mc @ fs_mismatch_27c_1.08v -- generated by sim/harness, do not edit

Circuit: * comparator-offset-mc @ fs_mismatch_27c_1.08v -- generated by sim/harness, do not edit

Doing analysis at TEMP = 27.000000 and TNOM = 27.000000

Using SPARSE 1.3 as Direct Linear Solver

No. of Data Rows : 6
voa = 2.1053906433e-03
ddc = -9.679433495e-07
dde = 1.3333999084e-06
Reset re-loads circuit * comparator-offset-mc @ fs_mismatch_27c_1.08v -- generated by sim/harness, do not edit

Circuit: * comparator-offset-mc @ fs_mismatch_27c_1.08v -- generated by sim/harness, do not edit

Doing analysis at TEMP = 27.000000 and TNOM = 27.000000

Using SPARSE 1.3 as Direct Linear Solver

No. of Data Rows : 6
voa = 2.1992367081e-03
ddc = -2.961643564e-06
dde = 3.5760665445e-06
Reset re-loads circuit * comparator-offset-mc @ fs_mismatch_27c_1.08v -- generated by sim/harness, do not edit

Circuit: * comparator-offset-mc @ fs_mismatch_27c_1.08v -- generated by sim/harness, do not edit

Doing analysis at TEMP = 27.000000 and TNOM = 27.000000

Using SPARSE 1.3 as Direct Linear Solver

No. of Data Rows : 6
voa = 3.2647120146e-03
ddc = 4.2280373028e-06
dde = -5.367436699e-06
Reset re-loads circuit * comparator-offset-mc @ fs_mismatch_27c_1.08v -- generated by sim/harness, do not edit

Circuit: * comparator-offset-mc @ fs_mismatch_27c_1.08v -- generated by sim/harness, do not edit

Doing analysis at TEMP = 27.000000 and TNOM = 27.000000

Using SPARSE 1.3 as Direct Linear Solver

No. of Data Rows : 6
voa = 1.1640704891e-03
ddc = -2.006167345e-06
dde = 2.3316548352e-06
Reset re-loads circuit * comparator-offset-mc @ fs_mismatch_27c_1.08v -- generated by sim/harness, do not edit

Circuit: * comparator-offset-mc @ fs_mismatch_27c_1.08v -- generated by sim/harness, do not edit

Doing analysis at TEMP = 27.000000 and TNOM = 27.000000

Using SPARSE 1.3 as Direct Linear Solver

No. of Data Rows : 6
voa = 1.1690172744e-03
ddc = -5.275633436e-07
dde = 7.4118740422e-07
Reset re-loads circuit * comparator-offset-mc @ fs_mismatch_27c_1.08v -- generated by sim/harness, do not edit

Circuit: * comparator-offset-mc @ fs_mismatch_27c_1.08v -- generated by sim/harness, do not edit

Doing analysis at TEMP = 27.000000 and TNOM = 27.000000

Using SPARSE 1.3 as Direct Linear Solver

No. of Data Rows : 6
voa = 1.2813674335e-03
ddc = 2.2377167861e-06
dde = -3.029451308e-06
Reset re-loads circuit * comparator-offset-mc @ fs_mismatch_27c_1.08v -- generated by sim/harness, do not edit

Circuit: * comparator-offset-mc @ fs_mismatch_27c_1.08v -- generated by sim/harness, do not edit

Doing analysis at TEMP = 27.000000 and TNOM = 27.000000

Using SPARSE 1.3 as Direct Linear Solver

No. of Data Rows : 6
voa = -2.025146716e-03
ddc = -6.400885854e-07
dde = 5.0953916494e-07
Reset re-loads circuit * comparator-offset-mc @ fs_mismatch_27c_1.08v -- generated by sim/harness, do not edit

Circuit: * comparator-offset-mc @ fs_mismatch_27c_1.08v -- generated by sim/harness, do not edit

Doing analysis at TEMP = 27.000000 and TNOM = 27.000000

Using SPARSE 1.3 as Direct Linear Solver

No. of Data Rows : 6
voa = -3.213179945e-04
ddc = -1.901150740e-06
dde = 2.2918112400e-06
Reset re-loads circuit * comparator-offset-mc @ fs_mismatch_27c_1.08v -- generated by sim/harness, do not edit

Circuit: * comparator-offset-mc @ fs_mismatch_27c_1.08v -- generated by sim/harness, do not edit

Doing analysis at TEMP = 27.000000 and TNOM = 27.000000

Using SPARSE 1.3 as Direct Linear Solver
 Reference value :  0.00000e+00
No. of Data Rows : 6
voa = -1.696196345e-03
ddc = 1.6862689218e-06
dde = -2.370019623e-06
Reset re-loads circuit * comparator-offset-mc @ fs_mismatch_27c_1.08v -- generated by sim/harness, do not edit

Circuit: * comparator-offset-mc @ fs_mismatch_27c_1.08v -- generated by sim/harness, do not edit

Doing analysis at TEMP = 27.000000 and TNOM = 27.000000

Using SPARSE 1.3 as Direct Linear Solver

No. of Data Rows : 6
voa = 1.3298855045e-03
ddc = 1.4138311843e-06
dde = -1.930089983e-06
Reset re-loads circuit * comparator-offset-mc @ fs_mismatch_27c_1.08v -- generated by sim/harness, do not edit

Circuit: * comparator-offset-mc @ fs_mismatch_27c_1.08v -- generated by sim/harness, do not edit

Doing analysis at TEMP = 27.000000 and TNOM = 27.000000

Using SPARSE 1.3 as Direct Linear Solver

No. of Data Rows : 6
voa = -1.373856051e-03
ddc = 1.5618452511e-06
dde = -1.817377971e-06
Reset re-loads circuit * comparator-offset-mc @ fs_mismatch_27c_1.08v -- generated by sim/harness, do not edit

Circuit: * comparator-offset-mc @ fs_mismatch_27c_1.08v -- generated by sim/harness, do not edit

Doing analysis at TEMP = 27.000000 and TNOM = 27.000000

Using SPARSE 1.3 as Direct Linear Solver

No. of Data Rows : 6
voa = -9.640828317e-04
ddc = 1.7967645803e-06
dde = -2.290671402e-06
Reset re-loads circuit * comparator-offset-mc @ fs_mismatch_27c_1.08v -- generated by sim/harness, do not edit

Circuit: * comparator-offset-mc @ fs_mismatch_27c_1.08v -- generated by sim/harness, do not edit

Doing analysis at TEMP = 27.000000 and TNOM = 27.000000

Using SPARSE 1.3 as Direct Linear Solver

No. of Data Rows : 6
voa = -1.087917325e-03
ddc = -5.069296389e-07
dde = 6.1257054992e-07
Reset re-loads circuit * comparator-offset-mc @ fs_mismatch_27c_1.08v -- generated by sim/harness, do not edit

Circuit: * comparator-offset-mc @ fs_mismatch_27c_1.08v -- generated by sim/harness, do not edit

Doing analysis at TEMP = 27.000000 and TNOM = 27.000000

Using SPARSE 1.3 as Direct Linear Solver

No. of Data Rows : 6
voa = 2.1613302513e-03
ddc = -1.810951497e-06
dde = 2.2682941382e-06
Reset re-loads circuit * comparator-offset-mc @ fs_mismatch_27c_1.08v -- generated by sim/harness, do not edit

Circuit: * comparator-offset-mc @ fs_mismatch_27c_1.08v -- generated by sim/harness, do not edit

Doing analysis at TEMP = 27.000000 and TNOM = 27.000000

Using SPARSE 1.3 as Direct Linear Solver

No. of Data Rows : 6
voa = -2.348004243e-03
ddc = -3.439063334e-07
dde = 4.5724676426e-07
Reset re-loads circuit * comparator-offset-mc @ fs_mismatch_27c_1.08v -- generated by sim/harness, do not edit

Circuit: * comparator-offset-mc @ fs_mismatch_27c_1.08v -- generated by sim/harness, do not edit

Doing analysis at TEMP = 27.000000 and TNOM = 27.000000

Using SPARSE 1.3 as Direct Linear Solver

No. of Data Rows : 6
voa = -1.710263851e-03
ddc = 1.5787554512e-06
dde = -2.142677829e-06
Reset re-loads circuit * comparator-offset-mc @ fs_mismatch_27c_1.08v -- generated by sim/harness, do not edit

Circuit: * comparator-offset-mc @ fs_mismatch_27c_1.08v -- generated by sim/harness, do not edit

Doing analysis at TEMP = 27.000000 and TNOM = 27.000000

Using SPARSE 1.3 as Direct Linear Solver

No. of Data Rows : 6
voa = -6.644771258e-04
ddc = -9.607941687e-07
dde = 1.3187343260e-06
Reset re-loads circuit * comparator-offset-mc @ fs_mismatch_27c_1.08v -- generated by sim/harness, do not edit

Circuit: * comparator-offset-mc @ fs_mismatch_27c_1.08v -- generated by sim/harness, do not edit

Doing analysis at TEMP = 27.000000 and TNOM = 27.000000

Using SPARSE 1.3 as Direct Linear Solver

No. of Data Rows : 6
voa = 7.6668950558e-04
ddc = 1.7979359092e-06
dde = -2.272628392e-06
Reset re-loads circuit * comparator-offset-mc @ fs_mismatch_27c_1.08v -- generated by sim/harness, do not edit

Circuit: * comparator-offset-mc @ fs_mismatch_27c_1.08v -- generated by sim/harness, do not edit

Doing analysis at TEMP = 27.000000 and TNOM = 27.000000

Using SPARSE 1.3 as Direct Linear Solver
 Reference value :  0.00000e+00
No. of Data Rows : 6
voa = 3.4221808147e-03
ddc = 1.1844170276e-06
dde = -1.563670865e-06
Reset re-loads circuit * comparator-offset-mc @ fs_mismatch_27c_1.08v -- generated by sim/harness, do not edit

Circuit: * comparator-offset-mc @ fs_mismatch_27c_1.08v -- generated by sim/harness, do not edit

Doing analysis at TEMP = 27.000000 and TNOM = 27.000000

Using SPARSE 1.3 as Direct Linear Solver

No. of Data Rows : 6
voa = -2.486768414e-04
ddc = -2.720607389e-06
dde = 3.6146545847e-06
Reset re-loads circuit * comparator-offset-mc @ fs_mismatch_27c_1.08v -- generated by sim/harness, do not edit

Circuit: * comparator-offset-mc @ fs_mismatch_27c_1.08v -- generated by sim/harness, do not edit

Doing analysis at TEMP = 27.000000 and TNOM = 27.000000

Using SPARSE 1.3 as Direct Linear Solver

No. of Data Rows : 6
voa = -2.408138218e-03
ddc = 1.4489318608e-06
dde = -1.615135489e-06
Reset re-loads circuit * comparator-offset-mc @ fs_mismatch_27c_1.08v -- generated by sim/harness, do not edit

Circuit: * comparator-offset-mc @ fs_mismatch_27c_1.08v -- generated by sim/harness, do not edit

Doing analysis at TEMP = 27.000000 and TNOM = 27.000000

Using SPARSE 1.3 as Direct Linear Solver

No. of Data Rows : 6
voa = -2.662016382e-03
ddc = -2.476538047e-06
dde = 3.5067017307e-06
Reset re-loads circuit * comparator-offset-mc @ fs_mismatch_27c_1.08v -- generated by sim/harness, do not edit

Circuit: * comparator-offset-mc @ fs_mismatch_27c_1.08v -- generated by sim/harness, do not edit

Doing analysis at TEMP = 27.000000 and TNOM = 27.000000

Using SPARSE 1.3 as Direct Linear Solver

No. of Data Rows : 6
voa = -2.495591574e-03
ddc = 5.1894260242e-06
dde = -6.590902132e-06
Reset re-loads circuit * comparator-offset-mc @ fs_mismatch_27c_1.08v -- generated by sim/harness, do not edit

Circuit: * comparator-offset-mc @ fs_mismatch_27c_1.08v -- generated by sim/harness, do not edit

Doing analysis at TEMP = 27.000000 and TNOM = 27.000000

Using SPARSE 1.3 as Direct Linear Solver

No. of Data Rows : 6
voa = -3.740977064e-03
ddc = -2.171744433e-06
dde = 2.3520010281e-06
Reset re-loads circuit * comparator-offset-mc @ fs_mismatch_27c_1.08v -- generated by sim/harness, do not edit

Circuit: * comparator-offset-mc @ fs_mismatch_27c_1.08v -- generated by sim/harness, do not edit

Doing analysis at TEMP = 27.000000 and TNOM = 27.000000

Using SPARSE 1.3 as Direct Linear Solver

No. of Data Rows : 6
voa = 3.2482427737e-04
ddc = -2.287177610e-06
dde = 2.9314666702e-06
Reset re-loads circuit * comparator-offset-mc @ fs_mismatch_27c_1.08v -- generated by sim/harness, do not edit

Circuit: * comparator-offset-mc @ fs_mismatch_27c_1.08v -- generated by sim/harness, do not edit

Doing analysis at TEMP = 27.000000 and TNOM = 27.000000

Using SPARSE 1.3 as Direct Linear Solver

No. of Data Rows : 6
voa = 3.5965785689e-04
ddc = 5.2872647165e-07
dde = -9.646876024e-07
Reset re-loads circuit * comparator-offset-mc @ fs_mismatch_27c_1.08v -- generated by sim/harness, do not edit

Circuit: * comparator-offset-mc @ fs_mismatch_27c_1.08v -- generated by sim/harness, do not edit

Doing analysis at TEMP = 27.000000 and TNOM = 27.000000

Using SPARSE 1.3 as Direct Linear Solver

No. of Data Rows : 6
voa = -1.321078690e-03
ddc = 1.3472051550e-06
dde = -1.941297994e-06
Reset re-loads circuit * comparator-offset-mc @ fs_mismatch_27c_1.08v -- generated by sim/harness, do not edit

Circuit: * comparator-offset-mc @ fs_mismatch_27c_1.08v -- generated by sim/harness, do not edit

Doing analysis at TEMP = 27.000000 and TNOM = 27.000000

Using SPARSE 1.3 as Direct Linear Solver
 Reference value :  0.00000e+00
No. of Data Rows : 6
voa = 1.8538441433e-03
ddc = -8.116980363e-07
dde = 8.9781761958e-07
Reset re-loads circuit * comparator-offset-mc @ fs_mismatch_27c_1.08v -- generated by sim/harness, do not edit

Circuit: * comparator-offset-mc @ fs_mismatch_27c_1.08v -- generated by sim/harness, do not edit

Doing analysis at TEMP = 27.000000 and TNOM = 27.000000

Using SPARSE 1.3 as Direct Linear Solver

No. of Data Rows : 6
voa = 2.1553261715e-03
ddc = 1.2271793084e-06
dde = -1.159051630e-06
Reset re-loads circuit * comparator-offset-mc @ fs_mismatch_27c_1.08v -- generated by sim/harness, do not edit

Circuit: * comparator-offset-mc @ fs_mismatch_27c_1.08v -- generated by sim/harness, do not edit

Doing analysis at TEMP = 27.000000 and TNOM = 27.000000

Using SPARSE 1.3 as Direct Linear Solver

No. of Data Rows : 6
voa = -5.207317901e-04
ddc = 1.2227406647e-06
dde = -1.319679410e-06
Reset re-loads circuit * comparator-offset-mc @ fs_mismatch_27c_1.08v -- generated by sim/harness, do not edit

Circuit: * comparator-offset-mc @ fs_mismatch_27c_1.08v -- generated by sim/harness, do not edit

Doing analysis at TEMP = 27.000000 and TNOM = 27.000000

Using SPARSE 1.3 as Direct Linear Solver

No. of Data Rows : 6
voa = 9.3411532214e-04
ddc = -3.790891147e-06
dde = 4.6587201521e-06
Reset re-loads circuit * comparator-offset-mc @ fs_mismatch_27c_1.08v -- generated by sim/harness, do not edit

Circuit: * comparator-offset-mc @ fs_mismatch_27c_1.08v -- generated by sim/harness, do not edit

Doing analysis at TEMP = 27.000000 and TNOM = 27.000000

Using SPARSE 1.3 as Direct Linear Solver

No. of Data Rows : 6
voa = -1.190350092e-03
ddc = -4.810488265e-06
dde = 5.4823452911e-06
Reset re-loads circuit * comparator-offset-mc @ fs_mismatch_27c_1.08v -- generated by sim/harness, do not edit

Circuit: * comparator-offset-mc @ fs_mismatch_27c_1.08v -- generated by sim/harness, do not edit

Doing analysis at TEMP = 27.000000 and TNOM = 27.000000

Using SPARSE 1.3 as Direct Linear Solver

No. of Data Rows : 6
voa = 4.2976344709e-04
ddc = 4.5196950030e-06
dde = -5.284849154e-06
Reset re-loads circuit * comparator-offset-mc @ fs_mismatch_27c_1.08v -- generated by sim/harness, do not edit

Circuit: * comparator-offset-mc @ fs_mismatch_27c_1.08v -- generated by sim/harness, do not edit

Doing analysis at TEMP = 27.000000 and TNOM = 27.000000

Using SPARSE 1.3 as Direct Linear Solver

No. of Data Rows : 6
voa = -3.036684853e-03
ddc = -1.494441199e-07
dde = -4.989570144e-08
Reset re-loads circuit * comparator-offset-mc @ fs_mismatch_27c_1.08v -- generated by sim/harness, do not edit

Circuit: * comparator-offset-mc @ fs_mismatch_27c_1.08v -- generated by sim/harness, do not edit

Doing analysis at TEMP = 27.000000 and TNOM = 27.000000

Using SPARSE 1.3 as Direct Linear Solver

No. of Data Rows : 6
voa = -1.864187645e-03
ddc = 8.2116723449e-07
dde = -1.375371967e-06
Reset re-loads circuit * comparator-offset-mc @ fs_mismatch_27c_1.08v -- generated by sim/harness, do not edit

Circuit: * comparator-offset-mc @ fs_mismatch_27c_1.08v -- generated by sim/harness, do not edit

Doing analysis at TEMP = 27.000000 and TNOM = 27.000000

Using SPARSE 1.3 as Direct Linear Solver

No. of Data Rows : 6
voa = -3.722267486e-03
ddc = -1.172841984e-06
dde = 1.3414362585e-06
Reset re-loads circuit * comparator-offset-mc @ fs_mismatch_27c_1.08v -- generated by sim/harness, do not edit

Circuit: * comparator-offset-mc @ fs_mismatch_27c_1.08v -- generated by sim/harness, do not edit

Doing analysis at TEMP = 27.000000 and TNOM = 27.000000

Using SPARSE 1.3 as Direct Linear Solver
 Reference value :  0.00000e+00
No. of Data Rows : 6
voa = -9.585053616e-04
ddc = -8.924065137e-07
dde = 1.3777663154e-06
Reset re-loads circuit * comparator-offset-mc @ fs_mismatch_27c_1.08v -- generated by sim/harness, do not edit

Circuit: * comparator-offset-mc @ fs_mismatch_27c_1.08v -- generated by sim/harness, do not edit

Doing analysis at TEMP = 27.000000 and TNOM = 27.000000

Using SPARSE 1.3 as Direct Linear Solver

No. of Data Rows : 6
voa = -5.234217020e-04
ddc = -1.021370675e-07
dde = 1.3769981996e-07
Reset re-loads circuit * comparator-offset-mc @ fs_mismatch_27c_1.08v -- generated by sim/harness, do not edit

Circuit: * comparator-offset-mc @ fs_mismatch_27c_1.08v -- generated by sim/harness, do not edit

Doing analysis at TEMP = 27.000000 and TNOM = 27.000000

Using SPARSE 1.3 as Direct Linear Solver

No. of Data Rows : 6
voa = 2.4373204740e-03
ddc = -2.099226991e-06
dde = 2.3266319643e-06
Reset re-loads circuit * comparator-offset-mc @ fs_mismatch_27c_1.08v -- generated by sim/harness, do not edit

Circuit: * comparator-offset-mc @ fs_mismatch_27c_1.08v -- generated by sim/harness, do not edit

Doing analysis at TEMP = 27.000000 and TNOM = 27.000000

Using SPARSE 1.3 as Direct Linear Solver

No. of Data Rows : 6
voa = -3.360550642e-03
ddc = 1.0927657332e-06
dde = -1.452963191e-06
Reset re-loads circuit * comparator-offset-mc @ fs_mismatch_27c_1.08v -- generated by sim/harness, do not edit

Circuit: * comparator-offset-mc @ fs_mismatch_27c_1.08v -- generated by sim/harness, do not edit

Doing analysis at TEMP = 27.000000 and TNOM = 27.000000

Using SPARSE 1.3 as Direct Linear Solver

No. of Data Rows : 6
voa = -7.128565925e-04
ddc = 1.1749873501e-06
dde = -1.515166498e-06
Reset re-loads circuit * comparator-offset-mc @ fs_mismatch_27c_1.08v -- generated by sim/harness, do not edit

Circuit: * comparator-offset-mc @ fs_mismatch_27c_1.08v -- generated by sim/harness, do not edit

Doing analysis at TEMP = 27.000000 and TNOM = 27.000000

Using SPARSE 1.3 as Direct Linear Solver

No. of Data Rows : 6
voa = -1.612487215e-03
ddc = 2.9574056154e-06
dde = -3.316664377e-06
Reset re-loads circuit * comparator-offset-mc @ fs_mismatch_27c_1.08v -- generated by sim/harness, do not edit

Circuit: * comparator-offset-mc @ fs_mismatch_27c_1.08v -- generated by sim/harness, do not edit

Doing analysis at TEMP = 27.000000 and TNOM = 27.000000

Using SPARSE 1.3 as Direct Linear Solver

No. of Data Rows : 6
voa = -2.502055642e-03
ddc = -2.099229767e-07
dde = -1.984862821e-08
Reset re-loads circuit * comparator-offset-mc @ fs_mismatch_27c_1.08v -- generated by sim/harness, do not edit

Circuit: * comparator-offset-mc @ fs_mismatch_27c_1.08v -- generated by sim/harness, do not edit

Doing analysis at TEMP = 27.000000 and TNOM = 27.000000

Using SPARSE 1.3 as Direct Linear Solver

No. of Data Rows : 6
voa = 2.5695091731e-03
ddc = 1.4372876916e-06
dde = -1.897180640e-06
Reset re-loads circuit * comparator-offset-mc @ fs_mismatch_27c_1.08v -- generated by sim/harness, do not edit

Circuit: * comparator-offset-mc @ fs_mismatch_27c_1.08v -- generated by sim/harness, do not edit

Doing analysis at TEMP = 27.000000 and TNOM = 27.000000

Using SPARSE 1.3 as Direct Linear Solver

No. of Data Rows : 6
voa = 4.5434774103e-03
ddc = 2.6868473918e-06
dde = -3.635497249e-06
Reset re-loads circuit * comparator-offset-mc @ fs_mismatch_27c_1.08v -- generated by sim/harness, do not edit

Circuit: * comparator-offset-mc @ fs_mismatch_27c_1.08v -- generated by sim/harness, do not edit

Doing analysis at TEMP = 27.000000 and TNOM = 27.000000

Using SPARSE 1.3 as Direct Linear Solver
 Reference value :  0.00000e+00
No. of Data Rows : 6
voa = 2.5331237261e-03
ddc = -1.649474729e-06
dde = 1.7483450463e-06
Reset re-loads circuit * comparator-offset-mc @ fs_mismatch_27c_1.08v -- generated by sim/harness, do not edit

Circuit: * comparator-offset-mc @ fs_mismatch_27c_1.08v -- generated by sim/harness, do not edit

Doing analysis at TEMP = 27.000000 and TNOM = 27.000000

Using SPARSE 1.3 as Direct Linear Solver

No. of Data Rows : 6
voa = -1.363440235e-03
ddc = -2.952434712e-06
dde = 4.0288485374e-06
Reset re-loads circuit * comparator-offset-mc @ fs_mismatch_27c_1.08v -- generated by sim/harness, do not edit

Circuit: * comparator-offset-mc @ fs_mismatch_27c_1.08v -- generated by sim/harness, do not edit

Doing analysis at TEMP = 27.000000 and TNOM = 27.000000

Using SPARSE 1.3 as Direct Linear Solver

No. of Data Rows : 6
voa = -3.035118136e-03
ddc = -1.555098371e-06
dde = 1.9429676206e-06
Reset re-loads circuit * comparator-offset-mc @ fs_mismatch_27c_1.08v -- generated by sim/harness, do not edit

Circuit: * comparator-offset-mc @ fs_mismatch_27c_1.08v -- generated by sim/harness, do not edit

Doing analysis at TEMP = 27.000000 and TNOM = 27.000000

Using SPARSE 1.3 as Direct Linear Solver

No. of Data Rows : 6
voa = 1.8754914518e-03
ddc = -3.758672780e-06
dde = 4.5852033737e-06
Reset re-loads circuit * comparator-offset-mc @ fs_mismatch_27c_1.08v -- generated by sim/harness, do not edit

Circuit: * comparator-offset-mc @ fs_mismatch_27c_1.08v -- generated by sim/harness, do not edit

Doing analysis at TEMP = 27.000000 and TNOM = 27.000000

Using SPARSE 1.3 as Direct Linear Solver

No. of Data Rows : 6
voa = 1.5074695499e-03
ddc = 2.3134749699e-06
dde = -2.532650128e-06
Reset re-loads circuit * comparator-offset-mc @ fs_mismatch_27c_1.08v -- generated by sim/harness, do not edit

Circuit: * comparator-offset-mc @ fs_mismatch_27c_1.08v -- generated by sim/harness, do not edit

Doing analysis at TEMP = 27.000000 and TNOM = 27.000000

Using SPARSE 1.3 as Direct Linear Solver

No. of Data Rows : 6
voa = 8.2666186595e-04
ddc = -2.368653354e-07
dde = 3.0904394067e-07
Reset re-loads circuit * comparator-offset-mc @ fs_mismatch_27c_1.08v -- generated by sim/harness, do not edit

Circuit: * comparator-offset-mc @ fs_mismatch_27c_1.08v -- generated by sim/harness, do not edit

Doing analysis at TEMP = 27.000000 and TNOM = 27.000000

Using SPARSE 1.3 as Direct Linear Solver

No. of Data Rows : 6
voa = -1.714670532e-03
ddc = -9.881372752e-07
dde = 8.4742671206e-07
Reset re-loads circuit * comparator-offset-mc @ fs_mismatch_27c_1.08v -- generated by sim/harness, do not edit

Circuit: * comparator-offset-mc @ fs_mismatch_27c_1.08v -- generated by sim/harness, do not edit

Doing analysis at TEMP = 27.000000 and TNOM = 27.000000

Using SPARSE 1.3 as Direct Linear Solver

No. of Data Rows : 6
voa = -3.041507781e-03
ddc = -1.748801430e-06
dde = 2.0941796471e-06
Reset re-loads circuit * comparator-offset-mc @ fs_mismatch_27c_1.08v -- generated by sim/harness, do not edit

Circuit: * comparator-offset-mc @ fs_mismatch_27c_1.08v -- generated by sim/harness, do not edit

Doing analysis at TEMP = 27.000000 and TNOM = 27.000000

Using SPARSE 1.3 as Direct Linear Solver

No. of Data Rows : 6
voa = 9.0448178197e-04
ddc = -1.701998890e-07
dde = 1.3850644134e-07
Reset re-loads circuit * comparator-offset-mc @ fs_mismatch_27c_1.08v -- generated by sim/harness, do not edit

Circuit: * comparator-offset-mc @ fs_mismatch_27c_1.08v -- generated by sim/harness, do not edit

Doing analysis at TEMP = 27.000000 and TNOM = 27.000000

Using SPARSE 1.3 as Direct Linear Solver
 Reference value :  0.00000e+00
No. of Data Rows : 6
voa = -1.840177787e-03
ddc = -1.631946049e-06
dde = 2.4539443253e-06
Reset re-loads circuit * comparator-offset-mc @ fs_mismatch_27c_1.08v -- generated by sim/harness, do not edit

Circuit: * comparator-offset-mc @ fs_mismatch_27c_1.08v -- generated by sim/harness, do not edit

Doing analysis at TEMP = 27.000000 and TNOM = 27.000000

Using SPARSE 1.3 as Direct Linear Solver

No. of Data Rows : 6
voa = -4.404650989e-04
ddc = 2.2978170629e-07
dde = -4.892939804e-07
Reset re-loads circuit * comparator-offset-mc @ fs_mismatch_27c_1.08v -- generated by sim/harness, do not edit

Circuit: * comparator-offset-mc @ fs_mismatch_27c_1.08v -- generated by sim/harness, do not edit

Doing analysis at TEMP = 27.000000 and TNOM = 27.000000

Using SPARSE 1.3 as Direct Linear Solver

No. of Data Rows : 6
voa = 8.5203268237e-04
ddc = 3.2050242499e-07
dde = -1.627934474e-07
Reset re-loads circuit * comparator-offset-mc @ fs_mismatch_27c_1.08v -- generated by sim/harness, do not edit

Circuit: * comparator-offset-mc @ fs_mismatch_27c_1.08v -- generated by sim/harness, do not edit

Doing analysis at TEMP = 27.000000 and TNOM = 27.000000

Using SPARSE 1.3 as Direct Linear Solver

No. of Data Rows : 6
voa = -1.833664734e-03
ddc = -1.108512705e-06
dde = 1.0300375815e-06
Reset re-loads circuit * comparator-offset-mc @ fs_mismatch_27c_1.08v -- generated by sim/harness, do not edit

Circuit: * comparator-offset-mc @ fs_mismatch_27c_1.08v -- generated by sim/harness, do not edit

Doing analysis at TEMP = 27.000000 and TNOM = 27.000000

Using SPARSE 1.3 as Direct Linear Solver

No. of Data Rows : 6
voa = 1.7709091227e-03
ddc = 5.8493451070e-07
dde = -8.119393948e-07
Reset re-loads circuit * comparator-offset-mc @ fs_mismatch_27c_1.08v -- generated by sim/harness, do not edit

Circuit: * comparator-offset-mc @ fs_mismatch_27c_1.08v -- generated by sim/harness, do not edit

Doing analysis at TEMP = 27.000000 and TNOM = 27.000000

Using SPARSE 1.3 as Direct Linear Solver

No. of Data Rows : 6
voa = -1.199596081e-03
ddc = -1.115317765e-06
dde = 1.4949312175e-06
Reset re-loads circuit * comparator-offset-mc @ fs_mismatch_27c_1.08v -- generated by sim/harness, do not edit

Circuit: * comparator-offset-mc @ fs_mismatch_27c_1.08v -- generated by sim/harness, do not edit

Doing analysis at TEMP = 27.000000 and TNOM = 27.000000

Using SPARSE 1.3 as Direct Linear Solver

No. of Data Rows : 6
voa = -2.057822167e-03
ddc = 1.0980930117e-06
dde = -1.428200148e-06
Reset re-loads circuit * comparator-offset-mc @ fs_mismatch_27c_1.08v -- generated by sim/harness, do not edit

Circuit: * comparator-offset-mc @ fs_mismatch_27c_1.08v -- generated by sim/harness, do not edit

Doing analysis at TEMP = 27.000000 and TNOM = 27.000000

Using SPARSE 1.3 as Direct Linear Solver

No. of Data Rows : 6
voa = -4.251329287e-03
ddc = -9.792385478e-07
dde = 5.1568479154e-07
Reset re-loads circuit * comparator-offset-mc @ fs_mismatch_27c_1.08v -- generated by sim/harness, do not edit

Circuit: * comparator-offset-mc @ fs_mismatch_27c_1.08v -- generated by sim/harness, do not edit

Doing analysis at TEMP = 27.000000 and TNOM = 27.000000

Using SPARSE 1.3 as Direct Linear Solver
 Reference value :  2.00000e-03
No. of Data Rows : 6
voa = -1.439088350e-03
ddc = 1.9472517093e-06
dde = -2.617565649e-06
Reset re-loads circuit * comparator-offset-mc @ fs_mismatch_27c_1.08v -- generated by sim/harness, do not edit

Circuit: * comparator-offset-mc @ fs_mismatch_27c_1.08v -- generated by sim/harness, do not edit

Doing analysis at TEMP = 27.000000 and TNOM = 27.000000

Using SPARSE 1.3 as Direct Linear Solver

No. of Data Rows : 6
voa = -3.327130841e-03
ddc = 3.0763632117e-07
dde = -6.310001102e-07
Reset re-loads circuit * comparator-offset-mc @ fs_mismatch_27c_1.08v -- generated by sim/harness, do not edit

Circuit: * comparator-offset-mc @ fs_mismatch_27c_1.08v -- generated by sim/harness, do not edit

Doing analysis at TEMP = 27.000000 and TNOM = 27.000000

Using SPARSE 1.3 as Direct Linear Solver

No. of Data Rows : 6
voa = -1.005012427e-03
ddc = 1.4733876291e-07
dde = -2.562850453e-07
Reset re-loads circuit * comparator-offset-mc @ fs_mismatch_27c_1.08v -- generated by sim/harness, do not edit

Circuit: * comparator-offset-mc @ fs_mismatch_27c_1.08v -- generated by sim/harness, do not edit

Doing analysis at TEMP = 27.000000 and TNOM = 27.000000

Using SPARSE 1.3 as Direct Linear Solver

No. of Data Rows : 6
voa = 9.0802932267e-05
ddc = -2.020088025e-06
dde = 2.7475457181e-06
Reset re-loads circuit * comparator-offset-mc @ fs_mismatch_27c_1.08v -- generated by sim/harness, do not edit

Circuit: * comparator-offset-mc @ fs_mismatch_27c_1.08v -- generated by sim/harness, do not edit

Doing analysis at TEMP = 27.000000 and TNOM = 27.000000

Using SPARSE 1.3 as Direct Linear Solver

No. of Data Rows : 6
voa = 2.7794406653e-03
ddc = -2.086223028e-06
dde = 2.4215607404e-06
Reset re-loads circuit * comparator-offset-mc @ fs_mismatch_27c_1.08v -- generated by sim/harness, do not edit

Circuit: * comparator-offset-mc @ fs_mismatch_27c_1.08v -- generated by sim/harness, do not edit

Doing analysis at TEMP = 27.000000 and TNOM = 27.000000

Using SPARSE 1.3 as Direct Linear Solver

No. of Data Rows : 6
voa = -4.274885110e-04
ddc = 9.4973576253e-07
dde = -5.603385708e-07
Reset re-loads circuit * comparator-offset-mc @ fs_mismatch_27c_1.08v -- generated by sim/harness, do not edit

Circuit: * comparator-offset-mc @ fs_mismatch_27c_1.08v -- generated by sim/harness, do not edit

Doing analysis at TEMP = 27.000000 and TNOM = 27.000000

Using SPARSE 1.3 as Direct Linear Solver

No. of Data Rows : 6
voa = -6.265771190e-04
ddc = -1.782824654e-06
dde = 2.7435595643e-06
Reset re-loads circuit * comparator-offset-mc @ fs_mismatch_27c_1.08v -- generated by sim/harness, do not edit

Circuit: * comparator-offset-mc @ fs_mismatch_27c_1.08v -- generated by sim/harness, do not edit

Doing analysis at TEMP = 27.000000 and TNOM = 27.000000

Using SPARSE 1.3 as Direct Linear Solver

No. of Data Rows : 6
voa = -2.236709626e-03
ddc = 1.5766143400e-06
dde = -2.020365285e-06
Reset re-loads circuit * comparator-offset-mc @ fs_mismatch_27c_1.08v -- generated by sim/harness, do not edit

Circuit: * comparator-offset-mc @ fs_mismatch_27c_1.08v -- generated by sim/harness, do not edit

Doing analysis at TEMP = 27.000000 and TNOM = 27.000000

Using SPARSE 1.3 as Direct Linear Solver

No. of Data Rows : 6
voa = 1.5497998527e-03
ddc = 2.4244106480e-07
dde = -1.424691459e-07
Reset re-loads circuit * comparator-offset-mc @ fs_mismatch_27c_1.08v -- generated by sim/harness, do not edit

Circuit: * comparator-offset-mc @ fs_mismatch_27c_1.08v -- generated by sim/harness, do not edit

Doing analysis at TEMP = 27.000000 and TNOM = 27.000000

Using SPARSE 1.3 as Direct Linear Solver
 Reference value :  0.00000e+00
No. of Data Rows : 6
voa = 7.6403819567e-05
ddc = -8.189326658e-07
dde = 7.9772659335e-07
Reset re-loads circuit * comparator-offset-mc @ fs_mismatch_27c_1.08v -- generated by sim/harness, do not edit

Circuit: * comparator-offset-mc @ fs_mismatch_27c_1.08v -- generated by sim/harness, do not edit

Doing analysis at TEMP = 27.000000 and TNOM = 27.000000

Using SPARSE 1.3 as Direct Linear Solver

No. of Data Rows : 6
voa = 3.9412514617e-03
ddc = 1.9580537001e-06
dde = -2.215620336e-06
Reset re-loads circuit * comparator-offset-mc @ fs_mismatch_27c_1.08v -- generated by sim/harness, do not edit

Circuit: * comparator-offset-mc @ fs_mismatch_27c_1.08v -- generated by sim/harness, do not edit

Doing analysis at TEMP = 27.000000 and TNOM = 27.000000

Using SPARSE 1.3 as Direct Linear Solver

No. of Data Rows : 6
voa = 1.5568823813e-03
ddc = 1.0468116557e-06
dde = -1.560283561e-06
Reset re-loads circuit * comparator-offset-mc @ fs_mismatch_27c_1.08v -- generated by sim/harness, do not edit

Circuit: * comparator-offset-mc @ fs_mismatch_27c_1.08v -- generated by sim/harness, do not edit

Doing analysis at TEMP = 27.000000 and TNOM = 27.000000

Using SPARSE 1.3 as Direct Linear Solver

No. of Data Rows : 6
voa = 7.3865746172e-04
ddc = 1.6800203219e-06
dde = -1.801663632e-06
Reset re-loads circuit * comparator-offset-mc @ fs_mismatch_27c_1.08v -- generated by sim/harness, do not edit

Circuit: * comparator-offset-mc @ fs_mismatch_27c_1.08v -- generated by sim/harness, do not edit

Doing analysis at TEMP = 27.000000 and TNOM = 27.000000

Using SPARSE 1.3 as Direct Linear Solver

No. of Data Rows : 6
voa = -1.961866857e-04
ddc = 2.7738963008e-06
dde = -3.833133312e-06
Reset re-loads circuit * comparator-offset-mc @ fs_mismatch_27c_1.08v -- generated by sim/harness, do not edit

Circuit: * comparator-offset-mc @ fs_mismatch_27c_1.08v -- generated by sim/harness, do not edit

Doing analysis at TEMP = 27.000000 and TNOM = 27.000000

Using SPARSE 1.3 as Direct Linear Solver

No. of Data Rows : 6
voa = 1.9491311545e-03
ddc = 1.9792945375e-07
dde = -1.681849683e-07
Reset re-loads circuit * comparator-offset-mc @ fs_mismatch_27c_1.08v -- generated by sim/harness, do not edit

Circuit: * comparator-offset-mc @ fs_mismatch_27c_1.08v -- generated by sim/harness, do not edit

Doing analysis at TEMP = 27.000000 and TNOM = 27.000000

Using SPARSE 1.3 as Direct Linear Solver

No. of Data Rows : 6
voa = 3.5648412908e-03
ddc = -5.129092258e-07
dde = 5.3480938727e-07
Reset re-loads circuit * comparator-offset-mc @ fs_mismatch_27c_1.08v -- generated by sim/harness, do not edit

Circuit: * comparator-offset-mc @ fs_mismatch_27c_1.08v -- generated by sim/harness, do not edit

Doing analysis at TEMP = 27.000000 and TNOM = 27.000000

Using SPARSE 1.3 as Direct Linear Solver

No. of Data Rows : 6
voa = 6.6013458299e-04
ddc = 9.1556964694e-07
dde = -1.007156570e-06
Reset re-loads circuit * comparator-offset-mc @ fs_mismatch_27c_1.08v -- generated by sim/harness, do not edit

Circuit: * comparator-offset-mc @ fs_mismatch_27c_1.08v -- generated by sim/harness, do not edit

Doing analysis at TEMP = 27.000000 and TNOM = 27.000000

Using SPARSE 1.3 as Direct Linear Solver

No. of Data Rows : 6
voa = 1.9549334746e-03
ddc = -1.352352635e-06
dde = 2.1101040927e-06
Reset re-loads circuit * comparator-offset-mc @ fs_mismatch_27c_1.08v -- generated by sim/harness, do not edit

Circuit: * comparator-offset-mc @ fs_mismatch_27c_1.08v -- generated by sim/harness, do not edit

Doing analysis at TEMP = 27.000000 and TNOM = 27.000000

Using SPARSE 1.3 as Direct Linear Solver
 Reference value :  0.00000e+00
No. of Data Rows : 6
voa = 2.9416348347e-03
ddc = -3.766739723e-07
dde = 5.7695860892e-07
Reset re-loads circuit * comparator-offset-mc @ fs_mismatch_27c_1.08v -- generated by sim/harness, do not edit

Circuit: * comparator-offset-mc @ fs_mismatch_27c_1.08v -- generated by sim/harness, do not edit

Doing analysis at TEMP = 27.000000 and TNOM = 27.000000

Using SPARSE 1.3 as Direct Linear Solver

No. of Data Rows : 6
voa = -2.109650039e-03
ddc = -8.489422374e-07
dde = 6.2185626002e-07
Reset re-loads circuit * comparator-offset-mc @ fs_mismatch_27c_1.08v -- generated by sim/harness, do not edit

Circuit: * comparator-offset-mc @ fs_mismatch_27c_1.08v -- generated by sim/harness, do not edit

Doing analysis at TEMP = 27.000000 and TNOM = 27.000000

Using SPARSE 1.3 as Direct Linear Solver

No. of Data Rows : 6
voa = -2.975925107e-03
ddc = 6.8617738578e-07
dde = -1.076828425e-06
Reset re-loads circuit * comparator-offset-mc @ fs_mismatch_27c_1.08v -- generated by sim/harness, do not edit

Circuit: * comparator-offset-mc @ fs_mismatch_27c_1.08v -- generated by sim/harness, do not edit

Doing analysis at TEMP = 27.000000 and TNOM = 27.000000

Using SPARSE 1.3 as Direct Linear Solver

No. of Data Rows : 6
voa = -2.412863485e-03
ddc = -8.349098098e-08
dde = 1.9637031072e-07
Reset re-loads circuit * comparator-offset-mc @ fs_mismatch_27c_1.08v -- generated by sim/harness, do not edit

Circuit: * comparator-offset-mc @ fs_mismatch_27c_1.08v -- generated by sim/harness, do not edit

Doing analysis at TEMP = 27.000000 and TNOM = 27.000000

Using SPARSE 1.3 as Direct Linear Solver

No. of Data Rows : 6
voa = -4.397920915e-04
ddc = 1.4574205688e-06
dde = -2.269158051e-06
Reset re-loads circuit * comparator-offset-mc @ fs_mismatch_27c_1.08v -- generated by sim/harness, do not edit

Circuit: * comparator-offset-mc @ fs_mismatch_27c_1.08v -- generated by sim/harness, do not edit

Doing analysis at TEMP = 27.000000 and TNOM = 27.000000

Using SPARSE 1.3 as Direct Linear Solver

No. of Data Rows : 6
voa = -6.975094637e-05
ddc = 6.8085974138e-07
dde = -6.314292434e-07
Reset re-loads circuit * comparator-offset-mc @ fs_mismatch_27c_1.08v -- generated by sim/harness, do not edit

Circuit: * comparator-offset-mc @ fs_mismatch_27c_1.08v -- generated by sim/harness, do not edit

Doing analysis at TEMP = 27.000000 and TNOM = 27.000000

Using SPARSE 1.3 as Direct Linear Solver

No. of Data Rows : 6
voa = 2.4656479298e-03
ddc = 7.7907626944e-08
dde = 1.4550153254e-07
Reset re-loads circuit * comparator-offset-mc @ fs_mismatch_27c_1.08v -- generated by sim/harness, do not edit

Circuit: * comparator-offset-mc @ fs_mismatch_27c_1.08v -- generated by sim/harness, do not edit

Doing analysis at TEMP = 27.000000 and TNOM = 27.000000

Using SPARSE 1.3 as Direct Linear Solver

No. of Data Rows : 6
voa = -2.179085995e-03
ddc = 2.6364668194e-06
dde = -3.439390912e-06
Reset re-loads circuit * comparator-offset-mc @ fs_mismatch_27c_1.08v -- generated by sim/harness, do not edit

Circuit: * comparator-offset-mc @ fs_mismatch_27c_1.08v -- generated by sim/harness, do not edit

Doing analysis at TEMP = 27.000000 and TNOM = 27.000000

Using SPARSE 1.3 as Direct Linear Solver
 Reference value :  0.00000e+00
No. of Data Rows : 6
voa = -5.014857187e-04
ddc = 1.8996976531e-06
dde = -2.636831973e-06
Reset re-loads circuit * comparator-offset-mc @ fs_mismatch_27c_1.08v -- generated by sim/harness, do not edit

Circuit: * comparator-offset-mc @ fs_mismatch_27c_1.08v -- generated by sim/harness, do not edit

Doing analysis at TEMP = 27.000000 and TNOM = 27.000000

Using SPARSE 1.3 as Direct Linear Solver

No. of Data Rows : 6
voa = -9.907823009e-05
ddc = -2.865330051e-06
dde = 3.1891164374e-06
Reset re-loads circuit * comparator-offset-mc @ fs_mismatch_27c_1.08v -- generated by sim/harness, do not edit

Circuit: * comparator-offset-mc @ fs_mismatch_27c_1.08v -- generated by sim/harness, do not edit

Doing analysis at TEMP = 27.000000 and TNOM = 27.000000

Using SPARSE 1.3 as Direct Linear Solver

No. of Data Rows : 6
voa = 2.6833341499e-03
ddc = 1.0441509082e-08
dde = 1.8007156677e-07
Reset re-loads circuit * comparator-offset-mc @ fs_mismatch_27c_1.08v -- generated by sim/harness, do not edit

Circuit: * comparator-offset-mc @ fs_mismatch_27c_1.08v -- generated by sim/harness, do not edit

Doing analysis at TEMP = 27.000000 and TNOM = 27.000000

Using SPARSE 1.3 as Direct Linear Solver

No. of Data Rows : 6
voa = -3.779571251e-04
ddc = -1.571042573e-06
dde = 1.5567323521e-06
Reset re-loads circuit * comparator-offset-mc @ fs_mismatch_27c_1.08v -- generated by sim/harness, do not edit

Circuit: * comparator-offset-mc @ fs_mismatch_27c_1.08v -- generated by sim/harness, do not edit

Doing analysis at TEMP = 27.000000 and TNOM = 27.000000

Using SPARSE 1.3 as Direct Linear Solver

No. of Data Rows : 6
voa = -4.334617438e-03
ddc = -3.812204226e-07
dde = 6.2534631018e-07
Reset re-loads circuit * comparator-offset-mc @ fs_mismatch_27c_1.08v -- generated by sim/harness, do not edit

Circuit: * comparator-offset-mc @ fs_mismatch_27c_1.08v -- generated by sim/harness, do not edit

Doing analysis at TEMP = 27.000000 and TNOM = 27.000000

Using SPARSE 1.3 as Direct Linear Solver

No. of Data Rows : 6
voa = 2.8897186161e-03
ddc = 2.4300215530e-06
dde = -3.070528294e-06
Reset re-loads circuit * comparator-offset-mc @ fs_mismatch_27c_1.08v -- generated by sim/harness, do not edit

Circuit: * comparator-offset-mc @ fs_mismatch_27c_1.08v -- generated by sim/harness, do not edit

Doing analysis at TEMP = 27.000000 and TNOM = 27.000000

Using SPARSE 1.3 as Direct Linear Solver

No. of Data Rows : 6
voa = -3.246579101e-04
ddc = 2.5356515508e-06
dde = -3.841816920e-06
Reset re-loads circuit * comparator-offset-mc @ fs_mismatch_27c_1.08v -- generated by sim/harness, do not edit

Circuit: * comparator-offset-mc @ fs_mismatch_27c_1.08v -- generated by sim/harness, do not edit

Doing analysis at TEMP = 27.000000 and TNOM = 27.000000

Using SPARSE 1.3 as Direct Linear Solver

No. of Data Rows : 6
voa = 1.7314832362e-04
ddc = 2.9774803030e-06
dde = -3.569088854e-06
Reset re-loads circuit * comparator-offset-mc @ fs_mismatch_27c_1.08v -- generated by sim/harness, do not edit

Circuit: * comparator-offset-mc @ fs_mismatch_27c_1.08v -- generated by sim/harness, do not edit

Doing analysis at TEMP = 27.000000 and TNOM = 27.000000

Using SPARSE 1.3 as Direct Linear Solver

No. of Data Rows : 6
voa = 3.0324758678e-03
ddc = 7.6279006791e-08
dde = -1.947100487e-07
Reset re-loads circuit * comparator-offset-mc @ fs_mismatch_27c_1.08v -- generated by sim/harness, do not edit

Circuit: * comparator-offset-mc @ fs_mismatch_27c_1.08v -- generated by sim/harness, do not edit

Doing analysis at TEMP = 27.000000 and TNOM = 27.000000

Using SPARSE 1.3 as Direct Linear Solver

No. of Data Rows : 6
voa = 1.3108043070e-03
ddc = 1.7481159859e-06
dde = -2.474562394e-06
Reset re-loads circuit * comparator-offset-mc @ fs_mismatch_27c_1.08v -- generated by sim/harness, do not edit

Circuit: * comparator-offset-mc @ fs_mismatch_27c_1.08v -- generated by sim/harness, do not edit

Doing analysis at TEMP = 27.000000 and TNOM = 27.000000

Using SPARSE 1.3 as Direct Linear Solver
 Reference value :  0.00000e+00
No. of Data Rows : 6
voa = 1.7005353146e-03
ddc = -1.694757356e-06
dde = 2.0527013522e-06
Reset re-loads circuit * comparator-offset-mc @ fs_mismatch_27c_1.08v -- generated by sim/harness, do not edit

Circuit: * comparator-offset-mc @ fs_mismatch_27c_1.08v -- generated by sim/harness, do not edit

Doing analysis at TEMP = 27.000000 and TNOM = 27.000000

Using SPARSE 1.3 as Direct Linear Solver

No. of Data Rows : 6
voa = 2.5709644865e-03
ddc = 6.5560286522e-07
dde = -9.375430199e-07
Reset re-loads circuit * comparator-offset-mc @ fs_mismatch_27c_1.08v -- generated by sim/harness, do not edit

Circuit: * comparator-offset-mc @ fs_mismatch_27c_1.08v -- generated by sim/harness, do not edit

Doing analysis at TEMP = 27.000000 and TNOM = 27.000000

Using SPARSE 1.3 as Direct Linear Solver

No. of Data Rows : 6
voa = 5.1881640688e-04
ddc = 8.8547620796e-07
dde = -1.023008879e-06
Reset re-loads circuit * comparator-offset-mc @ fs_mismatch_27c_1.08v -- generated by sim/harness, do not edit

Circuit: * comparator-offset-mc @ fs_mismatch_27c_1.08v -- generated by sim/harness, do not edit

Doing analysis at TEMP = 27.000000 and TNOM = 27.000000

Using SPARSE 1.3 as Direct Linear Solver

No. of Data Rows : 6
voa = -1.335099684e-04
ddc = 2.7431353867e-06
dde = -3.110528915e-06
Reset re-loads circuit * comparator-offset-mc @ fs_mismatch_27c_1.08v -- generated by sim/harness, do not edit

Circuit: * comparator-offset-mc @ fs_mismatch_27c_1.08v -- generated by sim/harness, do not edit

Doing analysis at TEMP = 27.000000 and TNOM = 27.000000

Using SPARSE 1.3 as Direct Linear Solver

No. of Data Rows : 6
voa = -1.446153992e-03
ddc = 1.7134907408e-06
dde = -1.530621102e-06
Reset re-loads circuit * comparator-offset-mc @ fs_mismatch_27c_1.08v -- generated by sim/harness, do not edit

Circuit: * comparator-offset-mc @ fs_mismatch_27c_1.08v -- generated by sim/harness, do not edit

Doing analysis at TEMP = 27.000000 and TNOM = 27.000000

Using SPARSE 1.3 as Direct Linear Solver

No. of Data Rows : 6
voa = 2.4568808232e-03
ddc = -2.342671881e-06
dde = 2.7906875267e-06
Reset re-loads circuit * comparator-offset-mc @ fs_mismatch_27c_1.08v -- generated by sim/harness, do not edit

Circuit: * comparator-offset-mc @ fs_mismatch_27c_1.08v -- generated by sim/harness, do not edit

Doing analysis at TEMP = 27.000000 and TNOM = 27.000000

Using SPARSE 1.3 as Direct Linear Solver

No. of Data Rows : 6
voa = 2.7237667722e-03
ddc = 8.5798620227e-08
dde = -3.309401537e-07
Reset re-loads circuit * comparator-offset-mc @ fs_mismatch_27c_1.08v -- generated by sim/harness, do not edit

Circuit: * comparator-offset-mc @ fs_mismatch_27c_1.08v -- generated by sim/harness, do not edit

Doing analysis at TEMP = 27.000000 and TNOM = 27.000000

Using SPARSE 1.3 as Direct Linear Solver

No. of Data Rows : 6
voa = 1.3735153312e-03
ddc = 2.6068824461e-07
dde = -2.031357083e-07
Reset re-loads circuit * comparator-offset-mc @ fs_mismatch_27c_1.08v -- generated by sim/harness, do not edit

Circuit: * comparator-offset-mc @ fs_mismatch_27c_1.08v -- generated by sim/harness, do not edit

Doing analysis at TEMP = 27.000000 and TNOM = 27.000000

Using SPARSE 1.3 as Direct Linear Solver
 Reference value :  0.00000e+00
No. of Data Rows : 6
voa = 1.3420217032e-03
ddc = 1.0757761603e-06
dde = -1.019973579e-06
Reset re-loads circuit * comparator-offset-mc @ fs_mismatch_27c_1.08v -- generated by sim/harness, do not edit

Circuit: * comparator-offset-mc @ fs_mismatch_27c_1.08v -- generated by sim/harness, do not edit

Doing analysis at TEMP = 27.000000 and TNOM = 27.000000

Using SPARSE 1.3 as Direct Linear Solver

No. of Data Rows : 6
voa = -2.112275239e-03
ddc = 3.1119059617e-08
dde = 6.2413882249e-08
Reset re-loads circuit * comparator-offset-mc @ fs_mismatch_27c_1.08v -- generated by sim/harness, do not edit

Circuit: * comparator-offset-mc @ fs_mismatch_27c_1.08v -- generated by sim/harness, do not edit

Doing analysis at TEMP = 27.000000 and TNOM = 27.000000

Using SPARSE 1.3 as Direct Linear Solver

No. of Data Rows : 6
voa = 9.3198183934e-04
ddc = 1.0122256334e-06
dde = -1.006404813e-06
Reset re-loads circuit * comparator-offset-mc @ fs_mismatch_27c_1.08v -- generated by sim/harness, do not edit

Circuit: * comparator-offset-mc @ fs_mismatch_27c_1.08v -- generated by sim/harness, do not edit

Doing analysis at TEMP = 27.000000 and TNOM = 27.000000

Using SPARSE 1.3 as Direct Linear Solver

No. of Data Rows : 6
voa = 3.7561073540e-04
ddc = 1.8245627784e-06
dde = -2.043000521e-06
Reset re-loads circuit * comparator-offset-mc @ fs_mismatch_27c_1.08v -- generated by sim/harness, do not edit

Circuit: * comparator-offset-mc @ fs_mismatch_27c_1.08v -- generated by sim/harness, do not edit

Doing analysis at TEMP = 27.000000 and TNOM = 27.000000

Using SPARSE 1.3 as Direct Linear Solver

No. of Data Rows : 6
voa = -2.354824480e-03
ddc = 4.3204748913e-07
dde = -4.582189379e-07
Reset re-loads circuit * comparator-offset-mc @ fs_mismatch_27c_1.08v -- generated by sim/harness, do not edit

Circuit: * comparator-offset-mc @ fs_mismatch_27c_1.08v -- generated by sim/harness, do not edit

Doing analysis at TEMP = 27.000000 and TNOM = 27.000000

Using SPARSE 1.3 as Direct Linear Solver

No. of Data Rows : 6
voa = 1.8268596943e-03
ddc = -4.524022609e-07
dde = 5.0766775216e-07
Reset re-loads circuit * comparator-offset-mc @ fs_mismatch_27c_1.08v -- generated by sim/harness, do not edit

Circuit: * comparator-offset-mc @ fs_mismatch_27c_1.08v -- generated by sim/harness, do not edit

Doing analysis at TEMP = 27.000000 and TNOM = 27.000000

Using SPARSE 1.3 as Direct Linear Solver

No. of Data Rows : 6
voa = 7.4010939102e-04
ddc = 1.5771366397e-06
dde = -2.255642123e-06
Reset re-loads circuit * comparator-offset-mc @ fs_mismatch_27c_1.08v -- generated by sim/harness, do not edit

Circuit: * comparator-offset-mc @ fs_mismatch_27c_1.08v -- generated by sim/harness, do not edit

Doing analysis at TEMP = 27.000000 and TNOM = 27.000000

Using SPARSE 1.3 as Direct Linear Solver

No. of Data Rows : 6
voa = -4.159700632e-03
ddc = -1.135559840e-06
dde = 1.0714210631e-06
Reset re-loads circuit * comparator-offset-mc @ fs_mismatch_27c_1.08v -- generated by sim/harness, do not edit

Circuit: * comparator-offset-mc @ fs_mismatch_27c_1.08v -- generated by sim/harness, do not edit

Doing analysis at TEMP = 27.000000 and TNOM = 27.000000

Using SPARSE 1.3 as Direct Linear Solver
 Reference value :  0.00000e+00
No. of Data Rows : 6
voa = -1.291243584e-03
ddc = 2.8076528161e-07
dde = -5.146319143e-07
Reset re-loads circuit * comparator-offset-mc @ fs_mismatch_27c_1.08v -- generated by sim/harness, do not edit

Circuit: * comparator-offset-mc @ fs_mismatch_27c_1.08v -- generated by sim/harness, do not edit

Doing analysis at TEMP = 27.000000 and TNOM = 27.000000

Using SPARSE 1.3 as Direct Linear Solver

No. of Data Rows : 6
voa = 1.2731894782e-03
ddc = 1.3352502934e-06
dde = -1.300398510e-06
Reset re-loads circuit * comparator-offset-mc @ fs_mismatch_27c_1.08v -- generated by sim/harness, do not edit

Circuit: * comparator-offset-mc @ fs_mismatch_27c_1.08v -- generated by sim/harness, do not edit

Doing analysis at TEMP = 27.000000 and TNOM = 27.000000

Using SPARSE 1.3 as Direct Linear Solver

No. of Data Rows : 6
voa = 9.3745979884e-04
ddc = -2.013163382e-06
dde = 2.2811631080e-06
Reset re-loads circuit * comparator-offset-mc @ fs_mismatch_27c_1.08v -- generated by sim/harness, do not edit

Circuit: * comparator-offset-mc @ fs_mismatch_27c_1.08v -- generated by sim/harness, do not edit

Doing analysis at TEMP = 27.000000 and TNOM = 27.000000

Using SPARSE 1.3 as Direct Linear Solver

No. of Data Rows : 6
voa = 1.4265577735e-03
ddc = -2.068334237e-07
dde = -8.254396718e-08
Reset re-loads circuit * comparator-offset-mc @ fs_mismatch_27c_1.08v -- generated by sim/harness, do not edit

Circuit: * comparator-offset-mc @ fs_mismatch_27c_1.08v -- generated by sim/harness, do not edit

Doing analysis at TEMP = 27.000000 and TNOM = 27.000000

Using SPARSE 1.3 as Direct Linear Solver

No. of Data Rows : 6
voa = -1.886616720e-04
ddc = -4.247438093e-07
dde = 5.8797587027e-07
Reset re-loads circuit * comparator-offset-mc @ fs_mismatch_27c_1.08v -- generated by sim/harness, do not edit

Circuit: * comparator-offset-mc @ fs_mismatch_27c_1.08v -- generated by sim/harness, do not edit

Doing analysis at TEMP = 27.000000 and TNOM = 27.000000

Using SPARSE 1.3 as Direct Linear Solver

No. of Data Rows : 6
voa = 1.5536237791e-03
ddc = -1.535193569e-06
dde = 1.9746378923e-06
Reset re-loads circuit * comparator-offset-mc @ fs_mismatch_27c_1.08v -- generated by sim/harness, do not edit

Circuit: * comparator-offset-mc @ fs_mismatch_27c_1.08v -- generated by sim/harness, do not edit

Doing analysis at TEMP = 27.000000 and TNOM = 27.000000

Using SPARSE 1.3 as Direct Linear Solver

No. of Data Rows : 6
voa = 7.4870521268e-04
ddc = 1.5137175785e-06
dde = -1.626405336e-06
Reset re-loads circuit * comparator-offset-mc @ fs_mismatch_27c_1.08v -- generated by sim/harness, do not edit

Circuit: * comparator-offset-mc @ fs_mismatch_27c_1.08v -- generated by sim/harness, do not edit

Doing analysis at TEMP = 27.000000 and TNOM = 27.000000

Using SPARSE 1.3 as Direct Linear Solver

No. of Data Rows : 6
voa = -1.858128571e-03
ddc = 5.7818553074e-07
dde = -6.071201498e-07
Reset re-loads circuit * comparator-offset-mc @ fs_mismatch_27c_1.08v -- generated by sim/harness, do not edit

Circuit: * comparator-offset-mc @ fs_mismatch_27c_1.08v -- generated by sim/harness, do not edit

Doing analysis at TEMP = 27.000000 and TNOM = 27.000000

Using SPARSE 1.3 as Direct Linear Solver
 Reference value :  0.00000e+00
No. of Data Rows : 6
voa = 1.4478109380e-03
ddc = -1.551938974e-06
dde = 2.1047674752e-06
Reset re-loads circuit * comparator-offset-mc @ fs_mismatch_27c_1.08v -- generated by sim/harness, do not edit

Circuit: * comparator-offset-mc @ fs_mismatch_27c_1.08v -- generated by sim/harness, do not edit

Doing analysis at TEMP = 27.000000 and TNOM = 27.000000

Using SPARSE 1.3 as Direct Linear Solver

No. of Data Rows : 6
voa = 3.1399249937e-03
ddc = -2.311400206e-06
dde = 2.7104449666e-06
Reset re-loads circuit * comparator-offset-mc @ fs_mismatch_27c_1.08v -- generated by sim/harness, do not edit

Circuit: * comparator-offset-mc @ fs_mismatch_27c_1.08v -- generated by sim/harness, do not edit

Doing analysis at TEMP = 27.000000 and TNOM = 27.000000

Using SPARSE 1.3 as Direct Linear Solver

No. of Data Rows : 6
voa = -7.518461184e-04
ddc = -8.705049947e-07
dde = 1.1406850550e-06
Reset re-loads circuit * comparator-offset-mc @ fs_mismatch_27c_1.08v -- generated by sim/harness, do not edit

Circuit: * comparator-offset-mc @ fs_mismatch_27c_1.08v -- generated by sim/harness, do not edit

Doing analysis at TEMP = 27.000000 and TNOM = 27.000000

Using SPARSE 1.3 as Direct Linear Solver

No. of Data Rows : 6
voa = 1.9686111837e-03
ddc = 1.6965642032e-06
dde = -2.220903776e-06
Reset re-loads circuit * comparator-offset-mc @ fs_mismatch_27c_1.08v -- generated by sim/harness, do not edit

Circuit: * comparator-offset-mc @ fs_mismatch_27c_1.08v -- generated by sim/harness, do not edit

Doing analysis at TEMP = 27.000000 and TNOM = 27.000000

Using SPARSE 1.3 as Direct Linear Solver

No. of Data Rows : 6
voa = -2.799567237e-03
ddc = 7.5429429178e-07
dde = -8.967697485e-07
Reset re-loads circuit * comparator-offset-mc @ fs_mismatch_27c_1.08v -- generated by sim/harness, do not edit

Circuit: * comparator-offset-mc @ fs_mismatch_27c_1.08v -- generated by sim/harness, do not edit

Doing analysis at TEMP = 27.000000 and TNOM = 27.000000

Using SPARSE 1.3 as Direct Linear Solver

No. of Data Rows : 6
voa = 2.1403785475e-03
ddc = -2.929830626e-06
dde = 3.2689266267e-06
Reset re-loads circuit * comparator-offset-mc @ fs_mismatch_27c_1.08v -- generated by sim/harness, do not edit

Circuit: * comparator-offset-mc @ fs_mismatch_27c_1.08v -- generated by sim/harness, do not edit

Doing analysis at TEMP = 27.000000 and TNOM = 27.000000

Using SPARSE 1.3 as Direct Linear Solver

No. of Data Rows : 6
voa = 1.1541944747e-03
ddc = 2.1917771893e-07
dde = -4.663355488e-08
Reset re-loads circuit * comparator-offset-mc @ fs_mismatch_27c_1.08v -- generated by sim/harness, do not edit

Circuit: * comparator-offset-mc @ fs_mismatch_27c_1.08v -- generated by sim/harness, do not edit

Doing analysis at TEMP = 27.000000 and TNOM = 27.000000

Using SPARSE 1.3 as Direct Linear Solver

No. of Data Rows : 6
voa = -9.961643565e-04
ddc = 1.4960351337e-06
dde = -1.973899340e-06
Reset re-loads circuit * comparator-offset-mc @ fs_mismatch_27c_1.08v -- generated by sim/harness, do not edit

Circuit: * comparator-offset-mc @ fs_mismatch_27c_1.08v -- generated by sim/harness, do not edit

Doing analysis at TEMP = 27.000000 and TNOM = 27.000000

Using SPARSE 1.3 as Direct Linear Solver
 Reference value :  0.00000e+00
No. of Data Rows : 6
voa = -2.652264566e-04
ddc = -5.981092841e-07
dde = 1.0269829863e-06
Reset re-loads circuit * comparator-offset-mc @ fs_mismatch_27c_1.08v -- generated by sim/harness, do not edit

Circuit: * comparator-offset-mc @ fs_mismatch_27c_1.08v -- generated by sim/harness, do not edit

Doing analysis at TEMP = 27.000000 and TNOM = 27.000000

Using SPARSE 1.3 as Direct Linear Solver

No. of Data Rows : 6
voa = -3.526804958e-03
ddc = 2.0613950254e-06
dde = -2.791246799e-06
Reset re-loads circuit * comparator-offset-mc @ fs_mismatch_27c_1.08v -- generated by sim/harness, do not edit

Circuit: * comparator-offset-mc @ fs_mismatch_27c_1.08v -- generated by sim/harness, do not edit

Doing analysis at TEMP = 27.000000 and TNOM = 27.000000

Using SPARSE 1.3 as Direct Linear Solver

No. of Data Rows : 6
voa = 2.2615710441e-04
ddc = -1.417395828e-06
dde = 1.8549315705e-06
Reset re-loads circuit * comparator-offset-mc @ fs_mismatch_27c_1.08v -- generated by sim/harness, do not edit

Circuit: * comparator-offset-mc @ fs_mismatch_27c_1.08v -- generated by sim/harness, do not edit

Doing analysis at TEMP = 27.000000 and TNOM = 27.000000

Using SPARSE 1.3 as Direct Linear Solver

No. of Data Rows : 6
voa = 3.6232709145e-03
ddc = -7.568795121e-07
dde = 6.7196294004e-07
Reset re-loads circuit * comparator-offset-mc @ fs_mismatch_27c_1.08v -- generated by sim/harness, do not edit

Circuit: * comparator-offset-mc @ fs_mismatch_27c_1.08v -- generated by sim/harness, do not edit

Doing analysis at TEMP = 27.000000 and TNOM = 27.000000

Using SPARSE 1.3 as Direct Linear Solver

No. of Data Rows : 6
voa = -1.263863874e-04
ddc = -1.888637945e-07
dde = 1.1774089920e-07
Reset re-loads circuit * comparator-offset-mc @ fs_mismatch_27c_1.08v -- generated by sim/harness, do not edit

Circuit: * comparator-offset-mc @ fs_mismatch_27c_1.08v -- generated by sim/harness, do not edit

Doing analysis at TEMP = 27.000000 and TNOM = 27.000000

Using SPARSE 1.3 as Direct Linear Solver

No. of Data Rows : 6
voa = 3.0280446606e-03
ddc = 8.6189955166e-07
dde = -1.141994733e-06
Reset re-loads circuit * comparator-offset-mc @ fs_mismatch_27c_1.08v -- generated by sim/harness, do not edit

Circuit: * comparator-offset-mc @ fs_mismatch_27c_1.08v -- generated by sim/harness, do not edit

Doing analysis at TEMP = 27.000000 and TNOM = 27.000000

Using SPARSE 1.3 as Direct Linear Solver

No. of Data Rows : 6
voa = 1.0575898002e-03
ddc = -2.107285186e-06
dde = 2.8129590539e-06
Reset re-loads circuit * comparator-offset-mc @ fs_mismatch_27c_1.08v -- generated by sim/harness, do not edit

Circuit: * comparator-offset-mc @ fs_mismatch_27c_1.08v -- generated by sim/harness, do not edit

Doing analysis at TEMP = 27.000000 and TNOM = 27.000000

Using SPARSE 1.3 as Direct Linear Solver

No. of Data Rows : 6
voa = 8.6552209447e-04
ddc = -3.256118440e-07
dde = 8.2641884059e-07
Reset re-loads circuit * comparator-offset-mc @ fs_mismatch_27c_1.08v -- generated by sim/harness, do not edit

Circuit: * comparator-offset-mc @ fs_mismatch_27c_1.08v -- generated by sim/harness, do not edit

Doing analysis at TEMP = 27.000000 and TNOM = 27.000000

Using SPARSE 1.3 as Direct Linear Solver
 Reference value :  0.00000e+00
No. of Data Rows : 6
voa = 7.7658194800e-04
ddc = 1.3334567425e-06
dde = -1.658736195e-06
Reset re-loads circuit * comparator-offset-mc @ fs_mismatch_27c_1.08v -- generated by sim/harness, do not edit

Circuit: * comparator-offset-mc @ fs_mismatch_27c_1.08v -- generated by sim/harness, do not edit

Doing analysis at TEMP = 27.000000 and TNOM = 27.000000

Using SPARSE 1.3 as Direct Linear Solver

No. of Data Rows : 6
voa = -1.110322068e-03
ddc = -3.942825177e-07
dde = 2.6366977913e-07
Reset re-loads circuit * comparator-offset-mc @ fs_mismatch_27c_1.08v -- generated by sim/harness, do not edit

Circuit: * comparator-offset-mc @ fs_mismatch_27c_1.08v -- generated by sim/harness, do not edit

Doing analysis at TEMP = 27.000000 and TNOM = 27.000000

Using SPARSE 1.3 as Direct Linear Solver

No. of Data Rows : 6
voa = 4.1471971944e-03
ddc = -2.601343352e-06
dde = 3.1897286709e-06
Reset re-loads circuit * comparator-offset-mc @ fs_mismatch_27c_1.08v -- generated by sim/harness, do not edit

Circuit: * comparator-offset-mc @ fs_mismatch_27c_1.08v -- generated by sim/harness, do not edit

Doing analysis at TEMP = 27.000000 and TNOM = 27.000000

Using SPARSE 1.3 as Direct Linear Solver

No. of Data Rows : 6
voa = -2.661189564e-03
ddc = -2.668314415e-06
dde = 3.3831186978e-06
Reset re-loads circuit * comparator-offset-mc @ fs_mismatch_27c_1.08v -- generated by sim/harness, do not edit

Circuit: * comparator-offset-mc @ fs_mismatch_27c_1.08v -- generated by sim/harness, do not edit

Doing analysis at TEMP = 27.000000 and TNOM = 27.000000

Using SPARSE 1.3 as Direct Linear Solver

No. of Data Rows : 6
voa = 2.4438072865e-04
ddc = -1.584357318e-06
dde = 1.7933792794e-06
Reset re-loads circuit * comparator-offset-mc @ fs_mismatch_27c_1.08v -- generated by sim/harness, do not edit

Circuit: * comparator-offset-mc @ fs_mismatch_27c_1.08v -- generated by sim/harness, do not edit

Doing analysis at TEMP = 27.000000 and TNOM = 27.000000

Using SPARSE 1.3 as Direct Linear Solver

No. of Data Rows : 6
voa = -1.214929225e-04
ddc = 2.7412678846e-06
dde = -3.465246338e-06
Reset re-loads circuit * comparator-offset-mc @ fs_mismatch_27c_1.08v -- generated by sim/harness, do not edit

Circuit: * comparator-offset-mc @ fs_mismatch_27c_1.08v -- generated by sim/harness, do not edit

Doing analysis at TEMP = 27.000000 and TNOM = 27.000000

Using SPARSE 1.3 as Direct Linear Solver

No. of Data Rows : 6
voa = 6.1822778654e-04
ddc = 2.1116895615e-06
dde = -2.580313359e-06
Reset re-loads circuit * comparator-offset-mc @ fs_mismatch_27c_1.08v -- generated by sim/harness, do not edit

Circuit: * comparator-offset-mc @ fs_mismatch_27c_1.08v -- generated by sim/harness, do not edit

Doing analysis at TEMP = 27.000000 and TNOM = 27.000000

Using SPARSE 1.3 as Direct Linear Solver

No. of Data Rows : 6
voa = -4.972665286e-04
ddc = -2.748213535e-07
dde = 4.2728759920e-07
Reset re-loads circuit * comparator-offset-mc @ fs_mismatch_27c_1.08v -- generated by sim/harness, do not edit

Circuit: * comparator-offset-mc @ fs_mismatch_27c_1.08v -- generated by sim/harness, do not edit

Doing analysis at TEMP = 27.000000 and TNOM = 27.000000

Using SPARSE 1.3 as Direct Linear Solver
 Reference value :  0.00000e+00
No. of Data Rows : 6
voa = 8.7039263238e-04
ddc = 6.5138007373e-09
dde = 3.3347408748e-07
Reset re-loads circuit * comparator-offset-mc @ fs_mismatch_27c_1.08v -- generated by sim/harness, do not edit

Circuit: * comparator-offset-mc @ fs_mismatch_27c_1.08v -- generated by sim/harness, do not edit

Doing analysis at TEMP = 27.000000 and TNOM = 27.000000

Using SPARSE 1.3 as Direct Linear Solver

No. of Data Rows : 6
voa = 9.3518303041e-04
ddc = -8.334164666e-07
dde = 1.3466504675e-06
Reset re-loads circuit * comparator-offset-mc @ fs_mismatch_27c_1.08v -- generated by sim/harness, do not edit

Circuit: * comparator-offset-mc @ fs_mismatch_27c_1.08v -- generated by sim/harness, do not edit

Doing analysis at TEMP = 27.000000 and TNOM = 27.000000

Using SPARSE 1.3 as Direct Linear Solver

No. of Data Rows : 6
voa = -1.124125426e-03
ddc = 1.5427763123e-06
dde = -1.791030662e-06
Reset re-loads circuit * comparator-offset-mc @ fs_mismatch_27c_1.08v -- generated by sim/harness, do not edit

Circuit: * comparator-offset-mc @ fs_mismatch_27c_1.08v -- generated by sim/harness, do not edit

Doing analysis at TEMP = 27.000000 and TNOM = 27.000000

Using SPARSE 1.3 as Direct Linear Solver

No. of Data Rows : 6
voa = -6.846449434e-04
ddc = 1.5425137850e-06
dde = -1.735466570e-06
Reset re-loads circuit * comparator-offset-mc @ fs_mismatch_27c_1.08v -- generated by sim/harness, do not edit

Circuit: * comparator-offset-mc @ fs_mismatch_27c_1.08v -- generated by sim/harness, do not edit

Doing analysis at TEMP = 27.000000 and TNOM = 27.000000

Using SPARSE 1.3 as Direct Linear Solver

No. of Data Rows : 6
voa = -3.296114699e-03
ddc = -2.037542456e-06
dde = 2.4846567883e-06
Reset re-loads circuit * comparator-offset-mc @ fs_mismatch_27c_1.08v -- generated by sim/harness, do not edit

Circuit: * comparator-offset-mc @ fs_mismatch_27c_1.08v -- generated by sim/harness, do not edit

Doing analysis at TEMP = 27.000000 and TNOM = 27.000000

Using SPARSE 1.3 as Direct Linear Solver

No. of Data Rows : 6
voa = -2.126337757e-03
ddc = 8.3594444823e-07
dde = -1.061630229e-06
Reset re-loads circuit * comparator-offset-mc @ fs_mismatch_27c_1.08v -- generated by sim/harness, do not edit

Circuit: * comparator-offset-mc @ fs_mismatch_27c_1.08v -- generated by sim/harness, do not edit

Doing analysis at TEMP = 27.000000 and TNOM = 27.000000

Using SPARSE 1.3 as Direct Linear Solver

No. of Data Rows : 6
voa = 2.4844565056e-03
ddc = 2.0381217719e-06
dde = -2.600411829e-06
Reset re-loads circuit * comparator-offset-mc @ fs_mismatch_27c_1.08v -- generated by sim/harness, do not edit

Circuit: * comparator-offset-mc @ fs_mismatch_27c_1.08v -- generated by sim/harness, do not edit

Doing analysis at TEMP = 27.000000 and TNOM = 27.000000

Using SPARSE 1.3 as Direct Linear Solver

No. of Data Rows : 6
voa = 2.5342301969e-03
ddc = -2.058773267e-06
dde = 2.6323258729e-06
Reset re-loads circuit * comparator-offset-mc @ fs_mismatch_27c_1.08v -- generated by sim/harness, do not edit

Circuit: * comparator-offset-mc @ fs_mismatch_27c_1.08v -- generated by sim/harness, do not edit

Doing analysis at TEMP = 27.000000 and TNOM = 27.000000

Using SPARSE 1.3 as Direct Linear Solver
 Reference value :  0.00000e+00
No. of Data Rows : 6
voa = 3.1433000167e-04
ddc = -1.337993971e-06
dde = 1.6557240312e-06
Reset re-loads circuit * comparator-offset-mc @ fs_mismatch_27c_1.08v -- generated by sim/harness, do not edit

Circuit: * comparator-offset-mc @ fs_mismatch_27c_1.08v -- generated by sim/harness, do not edit

Doing analysis at TEMP = 27.000000 and TNOM = 27.000000

Using SPARSE 1.3 as Direct Linear Solver

No. of Data Rows : 6
voa = 2.6520408386e-03
ddc = 1.1228802787e-06
dde = -1.429140541e-06
Reset re-loads circuit * comparator-offset-mc @ fs_mismatch_27c_1.08v -- generated by sim/harness, do not edit

Circuit: * comparator-offset-mc @ fs_mismatch_27c_1.08v -- generated by sim/harness, do not edit

Doing analysis at TEMP = 27.000000 and TNOM = 27.000000

Using SPARSE 1.3 as Direct Linear Solver

No. of Data Rows : 6
voa = 1.1047935222e-03
ddc = 8.4222954310e-07
dde = -1.001540017e-06
Reset re-loads circuit * comparator-offset-mc @ fs_mismatch_27c_1.08v -- generated by sim/harness, do not edit

Circuit: * comparator-offset-mc @ fs_mismatch_27c_1.08v -- generated by sim/harness, do not edit

Doing analysis at TEMP = 27.000000 and TNOM = 27.000000

Using SPARSE 1.3 as Direct Linear Solver

No. of Data Rows : 6
voa = 1.0347909124e-04
ddc = -2.054290322e-06
dde = 2.9840454277e-06
Reset re-loads circuit * comparator-offset-mc @ fs_mismatch_27c_1.08v -- generated by sim/harness, do not edit

Circuit: * comparator-offset-mc @ fs_mismatch_27c_1.08v -- generated by sim/harness, do not edit

Doing analysis at TEMP = 27.000000 and TNOM = 27.000000

Using SPARSE 1.3 as Direct Linear Solver

No. of Data Rows : 6
voa = 1.9243151644e-03
ddc = 4.8798144860e-08
dde = -1.019511838e-07
Reset re-loads circuit * comparator-offset-mc @ fs_mismatch_27c_1.08v -- generated by sim/harness, do not edit

Circuit: * comparator-offset-mc @ fs_mismatch_27c_1.08v -- generated by sim/harness, do not edit

Doing analysis at TEMP = 27.000000 and TNOM = 27.000000

Using SPARSE 1.3 as Direct Linear Solver

No. of Data Rows : 6
voa = 5.6838956333e-04
ddc = -1.475014686e-06
dde = 2.0372424045e-06
Reset re-loads circuit * comparator-offset-mc @ fs_mismatch_27c_1.08v -- generated by sim/harness, do not edit

Circuit: * comparator-offset-mc @ fs_mismatch_27c_1.08v -- generated by sim/harness, do not edit

Doing analysis at TEMP = 27.000000 and TNOM = 27.000000

Using SPARSE 1.3 as Direct Linear Solver

No. of Data Rows : 6
voa = -3.088211616e-04
ddc = 2.3344120604e-06
dde = -3.128164774e-06
Reset re-loads circuit * comparator-offset-mc @ fs_mismatch_27c_1.08v -- generated by sim/harness, do not edit

Circuit: * comparator-offset-mc @ fs_mismatch_27c_1.08v -- generated by sim/harness, do not edit

Doing analysis at TEMP = 27.000000 and TNOM = 27.000000

Using SPARSE 1.3 as Direct Linear Solver

No. of Data Rows : 6
voa = 1.4366952259e-03
ddc = -3.002262340e-07
dde = 9.0815107534e-08
Reset re-loads circuit * comparator-offset-mc @ fs_mismatch_27c_1.08v -- generated by sim/harness, do not edit

Circuit: * comparator-offset-mc @ fs_mismatch_27c_1.08v -- generated by sim/harness, do not edit

Doing analysis at TEMP = 27.000000 and TNOM = 27.000000

Using SPARSE 1.3 as Direct Linear Solver
 Reference value :  0.00000e+00
No. of Data Rows : 6
voa = -4.588404232e-04
ddc = -2.386011018e-06
dde = 3.6419247840e-06
Reset re-loads circuit * comparator-offset-mc @ fs_mismatch_27c_1.08v -- generated by sim/harness, do not edit

Circuit: * comparator-offset-mc @ fs_mismatch_27c_1.08v -- generated by sim/harness, do not edit

Doing analysis at TEMP = 27.000000 and TNOM = 27.000000

Using SPARSE 1.3 as Direct Linear Solver

No. of Data Rows : 6
voa = 1.3138527337e-03
ddc = -4.078503497e-07
dde = 2.9334519368e-07
Reset re-loads circuit * comparator-offset-mc @ fs_mismatch_27c_1.08v -- generated by sim/harness, do not edit

Circuit: * comparator-offset-mc @ fs_mismatch_27c_1.08v -- generated by sim/harness, do not edit

Doing analysis at TEMP = 27.000000 and TNOM = 27.000000

Using SPARSE 1.3 as Direct Linear Solver

No. of Data Rows : 6
voa = 1.2140675004e-03
ddc = -2.575990267e-06
dde = 2.9859481104e-06
Reset re-loads circuit * comparator-offset-mc @ fs_mismatch_27c_1.08v -- generated by sim/harness, do not edit

Circuit: * comparator-offset-mc @ fs_mismatch_27c_1.08v -- generated by sim/harness, do not edit

Doing analysis at TEMP = 27.000000 and TNOM = 27.000000

Using SPARSE 1.3 as Direct Linear Solver

No. of Data Rows : 6
voa = -1.547522138e-05
ddc = 3.7107139179e-07
dde = -2.367179983e-07
Reset re-loads circuit * comparator-offset-mc @ fs_mismatch_27c_1.08v -- generated by sim/harness, do not edit

Circuit: * comparator-offset-mc @ fs_mismatch_27c_1.08v -- generated by sim/harness, do not edit

Doing analysis at TEMP = 27.000000 and TNOM = 27.000000

Using SPARSE 1.3 as Direct Linear Solver

No. of Data Rows : 6
voa = -1.667387945e-03
ddc = -6.914930739e-07
dde = 6.9955099938e-07
Reset re-loads circuit * comparator-offset-mc @ fs_mismatch_27c_1.08v -- generated by sim/harness, do not edit

Circuit: * comparator-offset-mc @ fs_mismatch_27c_1.08v -- generated by sim/harness, do not edit

Doing analysis at TEMP = 27.000000 and TNOM = 27.000000

Using SPARSE 1.3 as Direct Linear Solver

No. of Data Rows : 6
voa = -5.804922229e-04
ddc = 4.2559910930e-07
dde = -4.522827167e-07
Reset re-loads circuit * comparator-offset-mc @ fs_mismatch_27c_1.08v -- generated by sim/harness, do not edit

Circuit: * comparator-offset-mc @ fs_mismatch_27c_1.08v -- generated by sim/harness, do not edit

Doing analysis at TEMP = 27.000000 and TNOM = 27.000000

Using SPARSE 1.3 as Direct Linear Solver

No. of Data Rows : 6
voa = 3.9828407180e-03
ddc = -1.470478884e-07
dde = 2.2231895651e-07
Reset re-loads circuit * comparator-offset-mc @ fs_mismatch_27c_1.08v -- generated by sim/harness, do not edit

Circuit: * comparator-offset-mc @ fs_mismatch_27c_1.08v -- generated by sim/harness, do not edit

Doing analysis at TEMP = 27.000000 and TNOM = 27.000000

Using SPARSE 1.3 as Direct Linear Solver
 Reference value :  0.00000e+00
No. of Data Rows : 6
voa = 8.5158716318e-04
ddc = 2.9175950134e-06
dde = -4.097034581e-06
Reset re-loads circuit * comparator-offset-mc @ fs_mismatch_27c_1.08v -- generated by sim/harness, do not edit

Circuit: * comparator-offset-mc @ fs_mismatch_27c_1.08v -- generated by sim/harness, do not edit

Doing analysis at TEMP = 27.000000 and TNOM = 27.000000

Using SPARSE 1.3 as Direct Linear Solver

No. of Data Rows : 6
voa = -2.442300888e-03
ddc = -6.363297599e-07
dde = 3.3190235453e-07
Reset re-loads circuit * comparator-offset-mc @ fs_mismatch_27c_1.08v -- generated by sim/harness, do not edit

Circuit: * comparator-offset-mc @ fs_mismatch_27c_1.08v -- generated by sim/harness, do not edit

Doing analysis at TEMP = 27.000000 and TNOM = 27.000000

Using SPARSE 1.3 as Direct Linear Solver

No. of Data Rows : 6
voa = -2.043705633e-03
ddc = -2.467470445e-06
dde = 3.0385682901e-06
Reset re-loads circuit * comparator-offset-mc @ fs_mismatch_27c_1.08v -- generated by sim/harness, do not edit

Circuit: * comparator-offset-mc @ fs_mismatch_27c_1.08v -- generated by sim/harness, do not edit

Doing analysis at TEMP = 27.000000 and TNOM = 27.000000

Using SPARSE 1.3 as Direct Linear Solver

No. of Data Rows : 6
voa = 9.4313133589e-04
ddc = 1.0590037427e-06
dde = -1.424467317e-06
Reset re-loads circuit * comparator-offset-mc @ fs_mismatch_27c_1.08v -- generated by sim/harness, do not edit

Circuit: * comparator-offset-mc @ fs_mismatch_27c_1.08v -- generated by sim/harness, do not edit

Doing analysis at TEMP = 27.000000 and TNOM = 27.000000

Using SPARSE 1.3 as Direct Linear Solver

No. of Data Rows : 6
voa = 5.0626214408e-04
ddc = -2.962242643e-07
dde = 4.2114345958e-08
Reset re-loads circuit * comparator-offset-mc @ fs_mismatch_27c_1.08v -- generated by sim/harness, do not edit

Circuit: * comparator-offset-mc @ fs_mismatch_27c_1.08v -- generated by sim/harness, do not edit

Doing analysis at TEMP = 27.000000 and TNOM = 27.000000

Using SPARSE 1.3 as Direct Linear Solver

No. of Data Rows : 6
voa = -6.905792447e-04
ddc = -5.855450467e-07
dde = 6.6810386361e-07
Reset re-loads circuit * comparator-offset-mc @ fs_mismatch_27c_1.08v -- generated by sim/harness, do not edit

Circuit: * comparator-offset-mc @ fs_mismatch_27c_1.08v -- generated by sim/harness, do not edit

Doing analysis at TEMP = 27.000000 and TNOM = 27.000000

Using SPARSE 1.3 as Direct Linear Solver

No. of Data Rows : 6
voa = 4.1137152593e-03
ddc = 8.8030856296e-07
dde = -9.994620247e-07
m_n_samples = 2.0000000000e+02
m_sig_vos_mv = 1.9217355218e+00
m_vos_3sig_mv = 5.7652065653e+00
m_mean_vos_uv = 8.8692200928e+01
m_mean_vos_sem = 6.5268977968e-01
m_sig_dvos_dn_uv = 1.7086496128e+00
m_sig_dvos_up_uv = 2.1363099438e+00
m_mean_dvos_dn_uv = -3.384643129e-02
m_mean_dvos_up_uv = 1.9925142661e-02
m_av_mean = 4.4220723142e+00
m_av_sigma_pct = 2.3167562862e+00
m_vbias_anchor_mv = 2.8670912734e+02
Note: Simulation executed from .control section 

Warning: m=xx on .subckt line will override multiplier m hierarchy!

Note: Starting dynamic gmin stepping
Note: Dynamic gmin stepping completed
Note: Starting dynamic gmin stepping
Note: Dynamic gmin stepping completed
Note: Starting dynamic gmin stepping
Note: Dynamic gmin stepping completed
Note: Starting dynamic gmin stepping
Note: Dynamic gmin stepping completed
Note: Starting dynamic gmin stepping
Note: Dynamic gmin stepping completed
Note: Starting dynamic gmin stepping
Note: Dynamic gmin stepping completed
Note: Starting dynamic gmin stepping
Note: Dynamic gmin stepping completed
Note: Starting dynamic gmin stepping
Note: Dynamic gmin stepping completed
Note: Starting dynamic gmin stepping
Note: Dynamic gmin stepping completed
Note: Starting dynamic gmin stepping
Note: Dynamic gmin stepping completed
Note: Starting dynamic gmin stepping
Note: Dynamic gmin stepping completed
Note: Starting dynamic gmin stepping
Note: Dynamic gmin stepping completed
Note: Starting dynamic gmin stepping
Note: Dynamic gmin stepping completed
Note: Starting dynamic gmin stepping
Note: Dynamic gmin stepping completed
Note: Starting dynamic gmin stepping
Note: Dynamic gmin stepping completed
