
Note: Compatibility modes selected: hs a


Circuit: * comparator-offset-mc @ sf_mismatch_125c_1.32v -- generated by sim/harness, do not edit

Reset re-loads circuit * comparator-offset-mc @ sf_mismatch_125c_1.32v -- generated by sim/harness, do not edit

Circuit: * comparator-offset-mc @ sf_mismatch_125c_1.32v -- generated by sim/harness, do not edit

Doing analysis at TEMP = 125.000000 and TNOM = 27.000000

Using SPARSE 1.3 as Direct Linear Solver
 Reference value :  0.00000e+00
No. of Data Rows : 6
voa = -2.670821600e-03
ddc = -5.531319527e-07
dde = 5.9282195980e-07
Reset re-loads circuit * comparator-offset-mc @ sf_mismatch_125c_1.32v -- generated by sim/harness, do not edit

Circuit: * comparator-offset-mc @ sf_mismatch_125c_1.32v -- generated by sim/harness, do not edit

Doing analysis at TEMP = 125.000000 and TNOM = 27.000000

Using SPARSE 1.3 as Direct Linear Solver

No. of Data Rows : 6
voa = -3.342740488e-04
ddc = 1.0237564031e-06
dde = -1.650872920e-06
Reset re-loads circuit * comparator-offset-mc @ sf_mismatch_125c_1.32v -- generated by sim/harness, do not edit

Circuit: * comparator-offset-mc @ sf_mismatch_125c_1.32v -- generated by sim/harness, do not edit

Doing analysis at TEMP = 125.000000 and TNOM = 27.000000

Using SPARSE 1.3 as Direct Linear Solver

No. of Data Rows : 6
voa = 2.0478093302e-03
ddc = 2.2026349508e-08
dde = 4.4278500874e-07
Reset re-loads circuit * comparator-offset-mc @ sf_mismatch_125c_1.32v -- generated by sim/harness, do not edit

Circuit: * comparator-offset-mc @ sf_mismatch_125c_1.32v -- generated by sim/harness, do not edit

Doing analysis at TEMP = 125.000000 and TNOM = 27.000000

Using SPARSE 1.3 as Direct Linear Solver

No. of Data Rows : 6
voa = 5.4796526578e-04
ddc = 1.0844384188e-06
dde = -9.843093809e-07
Reset re-loads circuit * comparator-offset-mc @ sf_mismatch_125c_1.32v -- generated by sim/harness, do not edit

Circuit: * comparator-offset-mc @ sf_mismatch_125c_1.32v -- generated by sim/harness, do not edit

Doing analysis at TEMP = 125.000000 and TNOM = 27.000000

Using SPARSE 1.3 as Direct Linear Solver

No. of Data Rows : 6
voa = -4.908905045e-04
ddc = -1.092964471e-06
dde = 9.8644142626e-07
Reset re-loads circuit * comparator-offset-mc @ sf_mismatch_125c_1.32v -- generated by sim/harness, do not edit

Circuit: * comparator-offset-mc @ sf_mismatch_125c_1.32v -- generated by sim/harness, do not edit

Doing analysis at TEMP = 125.000000 and TNOM = 27.000000

Using SPARSE 1.3 as Direct Linear Solver

No. of Data Rows : 6
voa = -5.083883427e-04
ddc = 9.0916279658e-08
dde = 6.2517736001e-08
Reset re-loads circuit * comparator-offset-mc @ sf_mismatch_125c_1.32v -- generated by sim/harness, do not edit

Circuit: * comparator-offset-mc @ sf_mismatch_125c_1.32v -- generated by sim/harness, do not edit

Doing analysis at TEMP = 125.000000 and TNOM = 27.000000

Using SPARSE 1.3 as Direct Linear Solver

No. of Data Rows : 6
voa = -2.199659318e-03
ddc = 7.4658690282e-07
dde = -6.992278936e-07
Reset re-loads circuit * comparator-offset-mc @ sf_mismatch_125c_1.32v -- generated by sim/harness, do not edit

Circuit: * comparator-offset-mc @ sf_mismatch_125c_1.32v -- generated by sim/harness, do not edit

Doing analysis at TEMP = 125.000000 and TNOM = 27.000000

Using SPARSE 1.3 as Direct Linear Solver

No. of Data Rows : 6
voa = -4.864065922e-04
ddc = 2.4830432491e-06
dde = -2.393565357e-06
Reset re-loads circuit * comparator-offset-mc @ sf_mismatch_125c_1.32v -- generated by sim/harness, do not edit

Circuit: * comparator-offset-mc @ sf_mismatch_125c_1.32v -- generated by sim/harness, do not edit

Doing analysis at TEMP = 125.000000 and TNOM = 27.000000

Using SPARSE 1.3 as Direct Linear Solver

No. of Data Rows : 6
voa = -5.472073414e-04
ddc = -5.179263688e-07
dde = 3.5686584705e-07
Reset re-loads circuit * comparator-offset-mc @ sf_mismatch_125c_1.32v -- generated by sim/harness, do not edit

Circuit: * comparator-offset-mc @ sf_mismatch_125c_1.32v -- generated by sim/harness, do not edit

Doing analysis at TEMP = 125.000000 and TNOM = 27.000000

Using SPARSE 1.3 as Direct Linear Solver
 Reference value :  0.00000e+00
No. of Data Rows : 6
voa = 8.1730772566e-05
ddc = 3.7661002017e-07
dde = -1.500201966e-07
Reset re-loads circuit * comparator-offset-mc @ sf_mismatch_125c_1.32v -- generated by sim/harness, do not edit

Circuit: * comparator-offset-mc @ sf_mismatch_125c_1.32v -- generated by sim/harness, do not edit

Doing analysis at TEMP = 125.000000 and TNOM = 27.000000

Using SPARSE 1.3 as Direct Linear Solver

No. of Data Rows : 6
voa = 5.5336738095e-04
ddc = 2.9225841863e-06
dde = -2.886168551e-06
Reset re-loads circuit * comparator-offset-mc @ sf_mismatch_125c_1.32v -- generated by sim/harness, do not edit

Circuit: * comparator-offset-mc @ sf_mismatch_125c_1.32v -- generated by sim/harness, do not edit

Doing analysis at TEMP = 125.000000 and TNOM = 27.000000

Using SPARSE 1.3 as Direct Linear Solver

No. of Data Rows : 6
voa = 1.2027104286e-03
ddc = -1.421094633e-07
dde = 2.7359648356e-07
Reset re-loads circuit * comparator-offset-mc @ sf_mismatch_125c_1.32v -- generated by sim/harness, do not edit

Circuit: * comparator-offset-mc @ sf_mismatch_125c_1.32v -- generated by sim/harness, do not edit

Doing analysis at TEMP = 125.000000 and TNOM = 27.000000

Using SPARSE 1.3 as Direct Linear Solver

No. of Data Rows : 6
voa = 1.2577438270e-03
ddc = -3.141985931e-07
dde = 9.9505676145e-07
Reset re-loads circuit * comparator-offset-mc @ sf_mismatch_125c_1.32v -- generated by sim/harness, do not edit

Circuit: * comparator-offset-mc @ sf_mismatch_125c_1.32v -- generated by sim/harness, do not edit

Doing analysis at TEMP = 125.000000 and TNOM = 27.000000

Using SPARSE 1.3 as Direct Linear Solver

No. of Data Rows : 6
voa = -7.123592827e-04
ddc = -1.459402166e-06
dde = 9.6186501024e-07
Reset re-loads circuit * comparator-offset-mc @ sf_mismatch_125c_1.32v -- generated by sim/harness, do not edit

Circuit: * comparator-offset-mc @ sf_mismatch_125c_1.32v -- generated by sim/harness, do not edit

Doing analysis at TEMP = 125.000000 and TNOM = 27.000000

Using SPARSE 1.3 as Direct Linear Solver

No. of Data Rows : 6
voa = 6.4027614683e-04
ddc = 1.5544172469e-06
dde = -1.618288880e-06
Reset re-loads circuit * comparator-offset-mc @ sf_mismatch_125c_1.32v -- generated by sim/harness, do not edit

Circuit: * comparator-offset-mc @ sf_mismatch_125c_1.32v -- generated by sim/harness, do not edit

Doing analysis at TEMP = 125.000000 and TNOM = 27.000000

Using SPARSE 1.3 as Direct Linear Solver

No. of Data Rows : 6
voa = -1.718453109e-03
ddc = -5.823351118e-07
dde = 4.4463366107e-07
Reset re-loads circuit * comparator-offset-mc @ sf_mismatch_125c_1.32v -- generated by sim/harness, do not edit

Circuit: * comparator-offset-mc @ sf_mismatch_125c_1.32v -- generated by sim/harness, do not edit

Doing analysis at TEMP = 125.000000 and TNOM = 27.000000

Using SPARSE 1.3 as Direct Linear Solver

No. of Data Rows : 6
voa = 2.2916769718e-03
ddc = -5.689909849e-08
dde = -1.175113240e-07
Reset re-loads circuit * comparator-offset-mc @ sf_mismatch_125c_1.32v -- generated by sim/harness, do not edit

Circuit: * comparator-offset-mc @ sf_mismatch_125c_1.32v -- generated by sim/harness, do not edit

Doing analysis at TEMP = 125.000000 and TNOM = 27.000000

Using SPARSE 1.3 as Direct Linear Solver

No. of Data Rows : 6
voa = -1.210517827e-03
ddc = -1.206704351e-07
dde = 6.7059481053e-07
Reset re-loads circuit * comparator-offset-mc @ sf_mismatch_125c_1.32v -- generated by sim/harness, do not edit

Circuit: * comparator-offset-mc @ sf_mismatch_125c_1.32v -- generated by sim/harness, do not edit

Doing analysis at TEMP = 125.000000 and TNOM = 27.000000

Using SPARSE 1.3 as Direct Linear Solver

No. of Data Rows : 6
voa = 7.8137207181e-04
ddc = 6.2035744036e-07
dde = -1.127975873e-06
Reset re-loads circuit * comparator-offset-mc @ sf_mismatch_125c_1.32v -- generated by sim/harness, do not edit

Circuit: * comparator-offset-mc @ sf_mismatch_125c_1.32v -- generated by sim/harness, do not edit

Doing analysis at TEMP = 125.000000 and TNOM = 27.000000

Using SPARSE 1.3 as Direct Linear Solver
 Reference value :  0.00000e+00
No. of Data Rows : 6
voa = 2.5729809165e-03
ddc = 6.1241605615e-07
dde = -1.518959923e-06
Reset re-loads circuit * comparator-offset-mc @ sf_mismatch_125c_1.32v -- generated by sim/harness, do not edit

Circuit: * comparator-offset-mc @ sf_mismatch_125c_1.32v -- generated by sim/harness, do not edit

Doing analysis at TEMP = 125.000000 and TNOM = 27.000000

Using SPARSE 1.3 as Direct Linear Solver

No. of Data Rows : 6
voa = -6.487708549e-04
ddc = 3.4034877804e-07
dde = -3.598251439e-08
Reset re-loads circuit * comparator-offset-mc @ sf_mismatch_125c_1.32v -- generated by sim/harness, do not edit

Circuit: * comparator-offset-mc @ sf_mismatch_125c_1.32v -- generated by sim/harness, do not edit

Doing analysis at TEMP = 125.000000 and TNOM = 27.000000

Using SPARSE 1.3 as Direct Linear Solver

No. of Data Rows : 6
voa = 3.2402298854e-03
ddc = -9.518036389e-07
dde = 1.0109063801e-06
Reset re-loads circuit * comparator-offset-mc @ sf_mismatch_125c_1.32v -- generated by sim/harness, do not edit

Circuit: * comparator-offset-mc @ sf_mismatch_125c_1.32v -- generated by sim/harness, do not edit

Doing analysis at TEMP = 125.000000 and TNOM = 27.000000

Using SPARSE 1.3 as Direct Linear Solver

No. of Data Rows : 6
voa = -2.036598989e-03
ddc = -9.908422178e-07
dde = 8.2323198842e-07
Reset re-loads circuit * comparator-offset-mc @ sf_mismatch_125c_1.32v -- generated by sim/harness, do not edit

Circuit: * comparator-offset-mc @ sf_mismatch_125c_1.32v -- generated by sim/harness, do not edit

Doing analysis at TEMP = 125.000000 and TNOM = 27.000000

Using SPARSE 1.3 as Direct Linear Solver

No. of Data Rows : 6
voa = -1.956010099e-03
ddc = 1.3179696504e-06
dde = -1.273757787e-06
Reset re-loads circuit * comparator-offset-mc @ sf_mismatch_125c_1.32v -- generated by sim/harness, do not edit

Circuit: * comparator-offset-mc @ sf_mismatch_125c_1.32v -- generated by sim/harness, do not edit

Doing analysis at TEMP = 125.000000 and TNOM = 27.000000

Using SPARSE 1.3 as Direct Linear Solver

No. of Data Rows : 6
voa = 2.6494021840e-03
ddc = -1.613745378e-06
dde = 1.5933499090e-06
Reset re-loads circuit * comparator-offset-mc @ sf_mismatch_125c_1.32v -- generated by sim/harness, do not edit

Circuit: * comparator-offset-mc @ sf_mismatch_125c_1.32v -- generated by sim/harness, do not edit

Doing analysis at TEMP = 125.000000 and TNOM = 27.000000

Using SPARSE 1.3 as Direct Linear Solver

No. of Data Rows : 6
voa = 1.9241380903e-03
ddc = -3.990198351e-07
dde = 4.5916007238e-07
Reset re-loads circuit * comparator-offset-mc @ sf_mismatch_125c_1.32v -- generated by sim/harness, do not edit

Circuit: * comparator-offset-mc @ sf_mismatch_125c_1.32v -- generated by sim/harness, do not edit

Doing analysis at TEMP = 125.000000 and TNOM = 27.000000

Using SPARSE 1.3 as Direct Linear Solver

No. of Data Rows : 6
voa = 2.5799631332e-03
ddc = 8.8178621214e-07
dde = -1.092997303e-06
Reset re-loads circuit * comparator-offset-mc @ sf_mismatch_125c_1.32v -- generated by sim/harness, do not edit

Circuit: * comparator-offset-mc @ sf_mismatch_125c_1.32v -- generated by sim/harness, do not edit

Doing analysis at TEMP = 125.000000 and TNOM = 27.000000

Using SPARSE 1.3 as Direct Linear Solver

No. of Data Rows : 6
voa = -3.274341556e-05
ddc = 1.0596522240e-06
dde = -9.824009556e-07
Reset re-loads circuit * comparator-offset-mc @ sf_mismatch_125c_1.32v -- generated by sim/harness, do not edit

Circuit: * comparator-offset-mc @ sf_mismatch_125c_1.32v -- generated by sim/harness, do not edit

Doing analysis at TEMP = 125.000000 and TNOM = 27.000000

Using SPARSE 1.3 as Direct Linear Solver
 Reference value :  0.00000e+00
No. of Data Rows : 6
voa = 1.7747396536e-03
ddc = -8.155350940e-07
dde = 9.8510256862e-07
Reset re-loads circuit * comparator-offset-mc @ sf_mismatch_125c_1.32v -- generated by sim/harness, do not edit

Circuit: * comparator-offset-mc @ sf_mismatch_125c_1.32v -- generated by sim/harness, do not edit

Doing analysis at TEMP = 125.000000 and TNOM = 27.000000

Using SPARSE 1.3 as Direct Linear Solver

No. of Data Rows : 6
voa = -4.524743216e-04
ddc = -3.373270269e-07
dde = 2.6729594679e-07
Reset re-loads circuit * comparator-offset-mc @ sf_mismatch_125c_1.32v -- generated by sim/harness, do not edit

Circuit: * comparator-offset-mc @ sf_mismatch_125c_1.32v -- generated by sim/harness, do not edit

Doing analysis at TEMP = 125.000000 and TNOM = 27.000000

Using SPARSE 1.3 as Direct Linear Solver

No. of Data Rows : 6
voa = -5.088374906e-04
ddc = 1.0403073073e-06
dde = -8.230452963e-07
Reset re-loads circuit * comparator-offset-mc @ sf_mismatch_125c_1.32v -- generated by sim/harness, do not edit

Circuit: * comparator-offset-mc @ sf_mismatch_125c_1.32v -- generated by sim/harness, do not edit

Doing analysis at TEMP = 125.000000 and TNOM = 27.000000

Using SPARSE 1.3 as Direct Linear Solver

No. of Data Rows : 6
voa = -1.051821783e-03
ddc = 5.7386971638e-07
dde = -6.715616091e-07
Reset re-loads circuit * comparator-offset-mc @ sf_mismatch_125c_1.32v -- generated by sim/harness, do not edit

Circuit: * comparator-offset-mc @ sf_mismatch_125c_1.32v -- generated by sim/harness, do not edit

Doing analysis at TEMP = 125.000000 and TNOM = 27.000000

Using SPARSE 1.3 as Direct Linear Solver

No. of Data Rows : 6
voa = 6.4182692312e-04
ddc = -1.248545567e-07
dde = 5.1676674409e-07
Reset re-loads circuit * comparator-offset-mc @ sf_mismatch_125c_1.32v -- generated by sim/harness, do not edit

Circuit: * comparator-offset-mc @ sf_mismatch_125c_1.32v -- generated by sim/harness, do not edit

Doing analysis at TEMP = 125.000000 and TNOM = 27.000000

Using SPARSE 1.3 as Direct Linear Solver

No. of Data Rows : 6
voa = -3.170317595e-03
ddc = -1.801912103e-06
dde = 1.8437083931e-06
Reset re-loads circuit * comparator-offset-mc @ sf_mismatch_125c_1.32v -- generated by sim/harness, do not edit

Circuit: * comparator-offset-mc @ sf_mismatch_125c_1.32v -- generated by sim/harness, do not edit

Doing analysis at TEMP = 125.000000 and TNOM = 27.000000

Using SPARSE 1.3 as Direct Linear Solver

No. of Data Rows : 6
voa = 8.7795598370e-04
ddc = 8.1326026177e-07
dde = -8.779150129e-07
Reset re-loads circuit * comparator-offset-mc @ sf_mismatch_125c_1.32v -- generated by sim/harness, do not edit

Circuit: * comparator-offset-mc @ sf_mismatch_125c_1.32v -- generated by sim/harness, do not edit

Doing analysis at TEMP = 125.000000 and TNOM = 27.000000

Using SPARSE 1.3 as Direct Linear Solver

No. of Data Rows : 6
voa = 2.4533345857e-03
ddc = 1.6690749938e-06
dde = -1.501281551e-06
Reset re-loads circuit * comparator-offset-mc @ sf_mismatch_125c_1.32v -- generated by sim/harness, do not edit

Circuit: * comparator-offset-mc @ sf_mismatch_125c_1.32v -- generated by sim/harness, do not edit

Doing analysis at TEMP = 125.000000 and TNOM = 27.000000

Using SPARSE 1.3 as Direct Linear Solver

No. of Data Rows : 6
voa = -2.087745682e-03
ddc = 1.2090963527e-06
dde = -1.379512400e-06
Reset re-loads circuit * comparator-offset-mc @ sf_mismatch_125c_1.32v -- generated by sim/harness, do not edit

Circuit: * comparator-offset-mc @ sf_mismatch_125c_1.32v -- generated by sim/harness, do not edit

Doing analysis at TEMP = 125.000000 and TNOM = 27.000000

Using SPARSE 1.3 as Direct Linear Solver
 Reference value :  0.00000e+00
No. of Data Rows : 6
voa = 7.4218782238e-04
ddc = -1.601085486e-06
dde = 1.6709848366e-06
Reset re-loads circuit * comparator-offset-mc @ sf_mismatch_125c_1.32v -- generated by sim/harness, do not edit

Circuit: * comparator-offset-mc @ sf_mismatch_125c_1.32v -- generated by sim/harness, do not edit

Doing analysis at TEMP = 125.000000 and TNOM = 27.000000

Using SPARSE 1.3 as Direct Linear Solver

No. of Data Rows : 6
voa = 2.5712120464e-04
ddc = -2.439458071e-08
dde = -2.868506515e-07
Reset re-loads circuit * comparator-offset-mc @ sf_mismatch_125c_1.32v -- generated by sim/harness, do not edit

Circuit: * comparator-offset-mc @ sf_mismatch_125c_1.32v -- generated by sim/harness, do not edit

Doing analysis at TEMP = 125.000000 and TNOM = 27.000000

Using SPARSE 1.3 as Direct Linear Solver

No. of Data Rows : 6
voa = -1.265009197e-04
ddc = 3.0854833449e-07
dde = -3.419062804e-07
Reset re-loads circuit * comparator-offset-mc @ sf_mismatch_125c_1.32v -- generated by sim/harness, do not edit

Circuit: * comparator-offset-mc @ sf_mismatch_125c_1.32v -- generated by sim/harness, do not edit

Doing analysis at TEMP = 125.000000 and TNOM = 27.000000

Using SPARSE 1.3 as Direct Linear Solver

No. of Data Rows : 6
voa = 1.1468171543e-03
ddc = -4.172795442e-07
dde = 2.5045070242e-07
Reset re-loads circuit * comparator-offset-mc @ sf_mismatch_125c_1.32v -- generated by sim/harness, do not edit

Circuit: * comparator-offset-mc @ sf_mismatch_125c_1.32v -- generated by sim/harness, do not edit

Doing analysis at TEMP = 125.000000 and TNOM = 27.000000

Using SPARSE 1.3 as Direct Linear Solver

No. of Data Rows : 6
voa = -1.658494075e-03
ddc = -1.215348728e-06
dde = 1.4941043404e-06
Reset re-loads circuit * comparator-offset-mc @ sf_mismatch_125c_1.32v -- generated by sim/harness, do not edit

Circuit: * comparator-offset-mc @ sf_mismatch_125c_1.32v -- generated by sim/harness, do not edit

Doing analysis at TEMP = 125.000000 and TNOM = 27.000000

Using SPARSE 1.3 as Direct Linear Solver

No. of Data Rows : 6
voa = -4.529502651e-04
ddc = -6.548921739e-07
dde = 8.3591893763e-07
Reset re-loads circuit * comparator-offset-mc @ sf_mismatch_125c_1.32v -- generated by sim/harness, do not edit

Circuit: * comparator-offset-mc @ sf_mismatch_125c_1.32v -- generated by sim/harness, do not edit

Doing analysis at TEMP = 125.000000 and TNOM = 27.000000

Using SPARSE 1.3 as Direct Linear Solver

No. of Data Rows : 6
voa = 1.5675153926e-03
ddc = -9.221915263e-09
dde = 3.8104311512e-07
Reset re-loads circuit * comparator-offset-mc @ sf_mismatch_125c_1.32v -- generated by sim/harness, do not edit

Circuit: * comparator-offset-mc @ sf_mismatch_125c_1.32v -- generated by sim/harness, do not edit

Doing analysis at TEMP = 125.000000 and TNOM = 27.000000

Using SPARSE 1.3 as Direct Linear Solver

No. of Data Rows : 6
voa = -2.012271269e-03
ddc = 7.1349063528e-07
dde = -1.817407703e-07
Reset re-loads circuit * comparator-offset-mc @ sf_mismatch_125c_1.32v -- generated by sim/harness, do not edit

Circuit: * comparator-offset-mc @ sf_mismatch_125c_1.32v -- generated by sim/harness, do not edit

Doing analysis at TEMP = 125.000000 and TNOM = 27.000000

Using SPARSE 1.3 as Direct Linear Solver

No. of Data Rows : 6
voa = -2.771577776e-04
ddc = 1.3861722651e-06
dde = -1.531170343e-06
Reset re-loads circuit * comparator-offset-mc @ sf_mismatch_125c_1.32v -- generated by sim/harness, do not edit

Circuit: * comparator-offset-mc @ sf_mismatch_125c_1.32v -- generated by sim/harness, do not edit

Doing analysis at TEMP = 125.000000 and TNOM = 27.000000

Using SPARSE 1.3 as Direct Linear Solver
 Reference value :  0.00000e+00
No. of Data Rows : 6
voa = -6.310987736e-04
ddc = -2.164904216e-07
dde = 4.6352244714e-07
Reset re-loads circuit * comparator-offset-mc @ sf_mismatch_125c_1.32v -- generated by sim/harness, do not edit

Circuit: * comparator-offset-mc @ sf_mismatch_125c_1.32v -- generated by sim/harness, do not edit

Doing analysis at TEMP = 125.000000 and TNOM = 27.000000

Using SPARSE 1.3 as Direct Linear Solver

No. of Data Rows : 6
voa = 2.1766767711e-03
ddc = 2.4599953440e-07
dde = 8.7167758921e-08
Reset re-loads circuit * comparator-offset-mc @ sf_mismatch_125c_1.32v -- generated by sim/harness, do not edit

Circuit: * comparator-offset-mc @ sf_mismatch_125c_1.32v -- generated by sim/harness, do not edit

Doing analysis at TEMP = 125.000000 and TNOM = 27.000000

Using SPARSE 1.3 as Direct Linear Solver

No. of Data Rows : 6
voa = -1.101304245e-03
ddc = 4.4822869333e-07
dde = 1.0644416971e-07
Reset re-loads circuit * comparator-offset-mc @ sf_mismatch_125c_1.32v -- generated by sim/harness, do not edit

Circuit: * comparator-offset-mc @ sf_mismatch_125c_1.32v -- generated by sim/harness, do not edit

Doing analysis at TEMP = 125.000000 and TNOM = 27.000000

Using SPARSE 1.3 as Direct Linear Solver

No. of Data Rows : 6
voa = -2.137386357e-03
ddc = -4.085241220e-07
dde = 2.6180627505e-07
Reset re-loads circuit * comparator-offset-mc @ sf_mismatch_125c_1.32v -- generated by sim/harness, do not edit

Circuit: * comparator-offset-mc @ sf_mismatch_125c_1.32v -- generated by sim/harness, do not edit

Doing analysis at TEMP = 125.000000 and TNOM = 27.000000

Using SPARSE 1.3 as Direct Linear Solver

No. of Data Rows : 6
voa = 2.7898813085e-03
ddc = -9.678296818e-08
dde = 9.3657716987e-08
Reset re-loads circuit * comparator-offset-mc @ sf_mismatch_125c_1.32v -- generated by sim/harness, do not edit

Circuit: * comparator-offset-mc @ sf_mismatch_125c_1.32v -- generated by sim/harness, do not edit

Doing analysis at TEMP = 125.000000 and TNOM = 27.000000

Using SPARSE 1.3 as Direct Linear Solver

No. of Data Rows : 6
voa = 1.2089729200e-03
ddc = 3.9770428523e-07
dde = -5.975115104e-07
Reset re-loads circuit * comparator-offset-mc @ sf_mismatch_125c_1.32v -- generated by sim/harness, do not edit

Circuit: * comparator-offset-mc @ sf_mismatch_125c_1.32v -- generated by sim/harness, do not edit

Doing analysis at TEMP = 125.000000 and TNOM = 27.000000

Using SPARSE 1.3 as Direct Linear Solver

No. of Data Rows : 6
voa = 1.8956360721e-03
ddc = 5.2626327335e-07
dde = -2.179350049e-07
Reset re-loads circuit * comparator-offset-mc @ sf_mismatch_125c_1.32v -- generated by sim/harness, do not edit

Circuit: * comparator-offset-mc @ sf_mismatch_125c_1.32v -- generated by sim/harness, do not edit

Doing analysis at TEMP = 125.000000 and TNOM = 27.000000

Using SPARSE 1.3 as Direct Linear Solver

No. of Data Rows : 6
voa = 7.2406208137e-04
ddc = -1.061230691e-06
dde = 9.6782306166e-07
Reset re-loads circuit * comparator-offset-mc @ sf_mismatch_125c_1.32v -- generated by sim/harness, do not edit

Circuit: * comparator-offset-mc @ sf_mismatch_125c_1.32v -- generated by sim/harness, do not edit

Doing analysis at TEMP = 125.000000 and TNOM = 27.000000

Using SPARSE 1.3 as Direct Linear Solver

No. of Data Rows : 6
voa = -2.495969869e-03
ddc = 1.5007007843e-06
dde = -1.560815007e-06
Reset re-loads circuit * comparator-offset-mc @ sf_mismatch_125c_1.32v -- generated by sim/harness, do not edit

Circuit: * comparator-offset-mc @ sf_mismatch_125c_1.32v -- generated by sim/harness, do not edit

Doing analysis at TEMP = 125.000000 and TNOM = 27.000000

Using SPARSE 1.3 as Direct Linear Solver
 Reference value :  0.00000e+00
No. of Data Rows : 6
voa = -1.632687336e-03
ddc = 7.8419017223e-07
dde = -1.162981889e-06
Reset re-loads circuit * comparator-offset-mc @ sf_mismatch_125c_1.32v -- generated by sim/harness, do not edit

Circuit: * comparator-offset-mc @ sf_mismatch_125c_1.32v -- generated by sim/harness, do not edit

Doing analysis at TEMP = 125.000000 and TNOM = 27.000000

Using SPARSE 1.3 as Direct Linear Solver

No. of Data Rows : 6
voa = 2.5617916003e-03
ddc = 4.3068731020e-07
dde = -7.290136405e-07
Reset re-loads circuit * comparator-offset-mc @ sf_mismatch_125c_1.32v -- generated by sim/harness, do not edit

Circuit: * comparator-offset-mc @ sf_mismatch_125c_1.32v -- generated by sim/harness, do not edit

Doing analysis at TEMP = 125.000000 and TNOM = 27.000000

Using SPARSE 1.3 as Direct Linear Solver

No. of Data Rows : 6
voa = -2.402653858e-03
ddc = 3.7049454794e-07
dde = -5.272892463e-07
Reset re-loads circuit * comparator-offset-mc @ sf_mismatch_125c_1.32v -- generated by sim/harness, do not edit

Circuit: * comparator-offset-mc @ sf_mismatch_125c_1.32v -- generated by sim/harness, do not edit

Doing analysis at TEMP = 125.000000 and TNOM = 27.000000

Using SPARSE 1.3 as Direct Linear Solver

No. of Data Rows : 6
voa = -1.358637383e-03
ddc = -1.460450669e-07
dde = 7.6293809366e-07
Reset re-loads circuit * comparator-offset-mc @ sf_mismatch_125c_1.32v -- generated by sim/harness, do not edit

Circuit: * comparator-offset-mc @ sf_mismatch_125c_1.32v -- generated by sim/harness, do not edit

Doing analysis at TEMP = 125.000000 and TNOM = 27.000000

Using SPARSE 1.3 as Direct Linear Solver

No. of Data Rows : 6
voa = 2.0137622512e-03
ddc = 1.1865239953e-07
dde = -2.116287723e-07
Reset re-loads circuit * comparator-offset-mc @ sf_mismatch_125c_1.32v -- generated by sim/harness, do not edit

Circuit: * comparator-offset-mc @ sf_mismatch_125c_1.32v -- generated by sim/harness, do not edit

Doing analysis at TEMP = 125.000000 and TNOM = 27.000000

Using SPARSE 1.3 as Direct Linear Solver

No. of Data Rows : 6
voa = -3.232277245e-04
ddc = -1.407818821e-06
dde = 8.2747760390e-07
Reset re-loads circuit * comparator-offset-mc @ sf_mismatch_125c_1.32v -- generated by sim/harness, do not edit

Circuit: * comparator-offset-mc @ sf_mismatch_125c_1.32v -- generated by sim/harness, do not edit

Doing analysis at TEMP = 125.000000 and TNOM = 27.000000

Using SPARSE 1.3 as Direct Linear Solver

No. of Data Rows : 6
voa = 1.5282274422e-03
ddc = 5.9925770807e-07
dde = -8.154961517e-07
Reset re-loads circuit * comparator-offset-mc @ sf_mismatch_125c_1.32v -- generated by sim/harness, do not edit

Circuit: * comparator-offset-mc @ sf_mismatch_125c_1.32v -- generated by sim/harness, do not edit

Doing analysis at TEMP = 125.000000 and TNOM = 27.000000

Using SPARSE 1.3 as Direct Linear Solver

No. of Data Rows : 6
voa = -1.949354529e-03
ddc = 6.4341037677e-07
dde = -3.761527308e-07
Reset re-loads circuit * comparator-offset-mc @ sf_mismatch_125c_1.32v -- generated by sim/harness, do not edit

Circuit: * comparator-offset-mc @ sf_mismatch_125c_1.32v -- generated by sim/harness, do not edit

Doing analysis at TEMP = 125.000000 and TNOM = 27.000000

Using SPARSE 1.3 as Direct Linear Solver
 Reference value :  0.00000e+00
No. of Data Rows : 6
voa = -2.251233291e-03
ddc = 2.4681245521e-07
dde = 2.2585987703e-07
Reset re-loads circuit * comparator-offset-mc @ sf_mismatch_125c_1.32v -- generated by sim/harness, do not edit

Circuit: * comparator-offset-mc @ sf_mismatch_125c_1.32v -- generated by sim/harness, do not edit

Doing analysis at TEMP = 125.000000 and TNOM = 27.000000

Using SPARSE 1.3 as Direct Linear Solver

No. of Data Rows : 6
voa = 3.2527642903e-03
ddc = 1.8853882856e-07
dde = -3.762603279e-07
Reset re-loads circuit * comparator-offset-mc @ sf_mismatch_125c_1.32v -- generated by sim/harness, do not edit

Circuit: * comparator-offset-mc @ sf_mismatch_125c_1.32v -- generated by sim/harness, do not edit

Doing analysis at TEMP = 125.000000 and TNOM = 27.000000

Using SPARSE 1.3 as Direct Linear Solver

No. of Data Rows : 6
voa = -1.197124561e-03
ddc = -1.281536603e-07
dde = 6.1487587772e-08
Reset re-loads circuit * comparator-offset-mc @ sf_mismatch_125c_1.32v -- generated by sim/harness, do not edit

Circuit: * comparator-offset-mc @ sf_mismatch_125c_1.32v -- generated by sim/harness, do not edit

Doing analysis at TEMP = 125.000000 and TNOM = 27.000000

Using SPARSE 1.3 as Direct Linear Solver

No. of Data Rows : 6
voa = -9.404663733e-04
ddc = 1.5431646881e-06
dde = -5.210516974e-07
Reset re-loads circuit * comparator-offset-mc @ sf_mismatch_125c_1.32v -- generated by sim/harness, do not edit

Circuit: * comparator-offset-mc @ sf_mismatch_125c_1.32v -- generated by sim/harness, do not edit

Doing analysis at TEMP = 125.000000 and TNOM = 27.000000

Using SPARSE 1.3 as Direct Linear Solver

No. of Data Rows : 6
voa = 4.6312507295e-05
ddc = -1.179015371e-06
dde = 1.0732620647e-06
Reset re-loads circuit * comparator-offset-mc @ sf_mismatch_125c_1.32v -- generated by sim/harness, do not edit

Circuit: * comparator-offset-mc @ sf_mismatch_125c_1.32v -- generated by sim/harness, do not edit

Doing analysis at TEMP = 125.000000 and TNOM = 27.000000

Using SPARSE 1.3 as Direct Linear Solver

No. of Data Rows : 6
voa = -2.990464093e-04
ddc = 7.7381226479e-07
dde = -4.771889490e-07
Reset re-loads circuit * comparator-offset-mc @ sf_mismatch_125c_1.32v -- generated by sim/harness, do not edit

Circuit: * comparator-offset-mc @ sf_mismatch_125c_1.32v -- generated by sim/harness, do not edit

Doing analysis at TEMP = 125.000000 and TNOM = 27.000000

Using SPARSE 1.3 as Direct Linear Solver

No. of Data Rows : 6
voa = 1.1390340467e-03
ddc = 1.3006959090e-07
dde = -8.424083358e-07
Reset re-loads circuit * comparator-offset-mc @ sf_mismatch_125c_1.32v -- generated by sim/harness, do not edit

Circuit: * comparator-offset-mc @ sf_mismatch_125c_1.32v -- generated by sim/harness, do not edit

Doing analysis at TEMP = 125.000000 and TNOM = 27.000000

Using SPARSE 1.3 as Direct Linear Solver

No. of Data Rows : 6
voa = 1.7594453815e-03
ddc = 2.7648770855e-08
dde = 1.8327698771e-07
Reset re-loads circuit * comparator-offset-mc @ sf_mismatch_125c_1.32v -- generated by sim/harness, do not edit

Circuit: * comparator-offset-mc @ sf_mismatch_125c_1.32v -- generated by sim/harness, do not edit

Doing analysis at TEMP = 125.000000 and TNOM = 27.000000

Using SPARSE 1.3 as Direct Linear Solver

No. of Data Rows : 6
voa = -1.360290376e-03
ddc = -1.892189769e-07
dde = -1.755075199e-07
Reset re-loads circuit * comparator-offset-mc @ sf_mismatch_125c_1.32v -- generated by sim/harness, do not edit

Circuit: * comparator-offset-mc @ sf_mismatch_125c_1.32v -- generated by sim/harness, do not edit

Doing analysis at TEMP = 125.000000 and TNOM = 27.000000

Using SPARSE 1.3 as Direct Linear Solver
 Reference value :  0.00000e+00
No. of Data Rows : 6
voa = 3.5542435210e-04
ddc = 3.5429931260e-07
dde = 1.0576325192e-07
Reset re-loads circuit * comparator-offset-mc @ sf_mismatch_125c_1.32v -- generated by sim/harness, do not edit

Circuit: * comparator-offset-mc @ sf_mismatch_125c_1.32v -- generated by sim/harness, do not edit

Doing analysis at TEMP = 125.000000 and TNOM = 27.000000

Using SPARSE 1.3 as Direct Linear Solver

No. of Data Rows : 6
voa = -2.596781548e-03
ddc = 6.5686171199e-07
dde = -2.429727314e-07
Reset re-loads circuit * comparator-offset-mc @ sf_mismatch_125c_1.32v -- generated by sim/harness, do not edit

Circuit: * comparator-offset-mc @ sf_mismatch_125c_1.32v -- generated by sim/harness, do not edit

Doing analysis at TEMP = 125.000000 and TNOM = 27.000000

Using SPARSE 1.3 as Direct Linear Solver

No. of Data Rows : 6
voa = -4.784269095e-04
ddc = -3.423827711e-07
dde = 2.0849921477e-07
Reset re-loads circuit * comparator-offset-mc @ sf_mismatch_125c_1.32v -- generated by sim/harness, do not edit

Circuit: * comparator-offset-mc @ sf_mismatch_125c_1.32v -- generated by sim/harness, do not edit

Doing analysis at TEMP = 125.000000 and TNOM = 27.000000

Using SPARSE 1.3 as Direct Linear Solver

No. of Data Rows : 6
voa = -3.405809093e-03
ddc = 1.4056099371e-07
dde = -5.650897935e-07
Reset re-loads circuit * comparator-offset-mc @ sf_mismatch_125c_1.32v -- generated by sim/harness, do not edit

Circuit: * comparator-offset-mc @ sf_mismatch_125c_1.32v -- generated by sim/harness, do not edit

Doing analysis at TEMP = 125.000000 and TNOM = 27.000000

Using SPARSE 1.3 as Direct Linear Solver

No. of Data Rows : 6
voa = -2.467445768e-03
ddc = 7.1410393535e-07
dde = -4.160669884e-07
Reset re-loads circuit * comparator-offset-mc @ sf_mismatch_125c_1.32v -- generated by sim/harness, do not edit

Circuit: * comparator-offset-mc @ sf_mismatch_125c_1.32v -- generated by sim/harness, do not edit

Doing analysis at TEMP = 125.000000 and TNOM = 27.000000

Using SPARSE 1.3 as Direct Linear Solver

No. of Data Rows : 6
voa = 4.9251011810e-03
ddc = 1.5438128489e-06
dde = -1.221855643e-06
Reset re-loads circuit * comparator-offset-mc @ sf_mismatch_125c_1.32v -- generated by sim/harness, do not edit

Circuit: * comparator-offset-mc @ sf_mismatch_125c_1.32v -- generated by sim/harness, do not edit

Doing analysis at TEMP = 125.000000 and TNOM = 27.000000

Using SPARSE 1.3 as Direct Linear Solver

No. of Data Rows : 6
voa = -1.817641560e-03
ddc = 7.2939667070e-07
dde = -6.304641965e-07
Reset re-loads circuit * comparator-offset-mc @ sf_mismatch_125c_1.32v -- generated by sim/harness, do not edit

Circuit: * comparator-offset-mc @ sf_mismatch_125c_1.32v -- generated by sim/harness, do not edit

Doing analysis at TEMP = 125.000000 and TNOM = 27.000000

Using SPARSE 1.3 as Direct Linear Solver

No. of Data Rows : 6
voa = 1.0578158699e-03
ddc = 3.2233062009e-06
dde = -3.431303543e-06
Reset re-loads circuit * comparator-offset-mc @ sf_mismatch_125c_1.32v -- generated by sim/harness, do not edit

Circuit: * comparator-offset-mc @ sf_mismatch_125c_1.32v -- generated by sim/harness, do not edit

Doing analysis at TEMP = 125.000000 and TNOM = 27.000000

Using SPARSE 1.3 as Direct Linear Solver
 Reference value :  0.00000e+00
No. of Data Rows : 6
voa = -1.134790375e-03
ddc = -1.424523234e-07
dde = 3.2553089406e-08
Reset re-loads circuit * comparator-offset-mc @ sf_mismatch_125c_1.32v -- generated by sim/harness, do not edit

Circuit: * comparator-offset-mc @ sf_mismatch_125c_1.32v -- generated by sim/harness, do not edit

Doing analysis at TEMP = 125.000000 and TNOM = 27.000000

Using SPARSE 1.3 as Direct Linear Solver

No. of Data Rows : 6
voa = 2.1199381745e-03
ddc = 1.4246512698e-06
dde = -1.663534065e-06
Reset re-loads circuit * comparator-offset-mc @ sf_mismatch_125c_1.32v -- generated by sim/harness, do not edit

Circuit: * comparator-offset-mc @ sf_mismatch_125c_1.32v -- generated by sim/harness, do not edit

Doing analysis at TEMP = 125.000000 and TNOM = 27.000000

Using SPARSE 1.3 as Direct Linear Solver

No. of Data Rows : 6
voa = 3.0813251682e-03
ddc = 1.1160176929e-07
dde = 4.5838984170e-08
Reset re-loads circuit * comparator-offset-mc @ sf_mismatch_125c_1.32v -- generated by sim/harness, do not edit

Circuit: * comparator-offset-mc @ sf_mismatch_125c_1.32v -- generated by sim/harness, do not edit

Doing analysis at TEMP = 125.000000 and TNOM = 27.000000

Using SPARSE 1.3 as Direct Linear Solver

No. of Data Rows : 6
voa = 8.5941784955e-04
ddc = 2.0962850059e-06
dde = -2.031700697e-06
Reset re-loads circuit * comparator-offset-mc @ sf_mismatch_125c_1.32v -- generated by sim/harness, do not edit

Circuit: * comparator-offset-mc @ sf_mismatch_125c_1.32v -- generated by sim/harness, do not edit

Doing analysis at TEMP = 125.000000 and TNOM = 27.000000

Using SPARSE 1.3 as Direct Linear Solver

No. of Data Rows : 6
voa = -4.191944624e-04
ddc = 6.6818093633e-07
dde = -3.834823330e-07
Reset re-loads circuit * comparator-offset-mc @ sf_mismatch_125c_1.32v -- generated by sim/harness, do not edit

Circuit: * comparator-offset-mc @ sf_mismatch_125c_1.32v -- generated by sim/harness, do not edit

Doing analysis at TEMP = 125.000000 and TNOM = 27.000000

Using SPARSE 1.3 as Direct Linear Solver

No. of Data Rows : 6
voa = -1.713274832e-03
ddc = -1.371359178e-07
dde = 6.5671558703e-08
Reset re-loads circuit * comparator-offset-mc @ sf_mismatch_125c_1.32v -- generated by sim/harness, do not edit

Circuit: * comparator-offset-mc @ sf_mismatch_125c_1.32v -- generated by sim/harness, do not edit

Doing analysis at TEMP = 125.000000 and TNOM = 27.000000

Using SPARSE 1.3 as Direct Linear Solver

No. of Data Rows : 6
voa = 1.1876258288e-04
ddc = -6.383591839e-07
dde = 1.2919224370e-06
Reset re-loads circuit * comparator-offset-mc @ sf_mismatch_125c_1.32v -- generated by sim/harness, do not edit

Circuit: * comparator-offset-mc @ sf_mismatch_125c_1.32v -- generated by sim/harness, do not edit

Doing analysis at TEMP = 125.000000 and TNOM = 27.000000

Using SPARSE 1.3 as Direct Linear Solver

No. of Data Rows : 6
voa = 2.3408926471e-03
ddc = -2.382324067e-06
dde = 1.7013199120e-06
Reset re-loads circuit * comparator-offset-mc @ sf_mismatch_125c_1.32v -- generated by sim/harness, do not edit

Circuit: * comparator-offset-mc @ sf_mismatch_125c_1.32v -- generated by sim/harness, do not edit

Doing analysis at TEMP = 125.000000 and TNOM = 27.000000

Using SPARSE 1.3 as Direct Linear Solver
 Reference value :  0.00000e+00
No. of Data Rows : 6
voa = 1.1286164478e-03
ddc = -5.795965246e-07
dde = 3.1997014010e-08
Reset re-loads circuit * comparator-offset-mc @ sf_mismatch_125c_1.32v -- generated by sim/harness, do not edit

Circuit: * comparator-offset-mc @ sf_mismatch_125c_1.32v -- generated by sim/harness, do not edit

Doing analysis at TEMP = 125.000000 and TNOM = 27.000000

Using SPARSE 1.3 as Direct Linear Solver

No. of Data Rows : 6
voa = -2.552088980e-05
ddc = 1.2742752887e-06
dde = -9.535704284e-07
Reset re-loads circuit * comparator-offset-mc @ sf_mismatch_125c_1.32v -- generated by sim/harness, do not edit

Circuit: * comparator-offset-mc @ sf_mismatch_125c_1.32v -- generated by sim/harness, do not edit

Doing analysis at TEMP = 125.000000 and TNOM = 27.000000

Using SPARSE 1.3 as Direct Linear Solver

No. of Data Rows : 6
voa = -4.309919085e-05
ddc = -1.107513896e-06
dde = 9.1201147246e-07
Reset re-loads circuit * comparator-offset-mc @ sf_mismatch_125c_1.32v -- generated by sim/harness, do not edit

Circuit: * comparator-offset-mc @ sf_mismatch_125c_1.32v -- generated by sim/harness, do not edit

Doing analysis at TEMP = 125.000000 and TNOM = 27.000000

Using SPARSE 1.3 as Direct Linear Solver

No. of Data Rows : 6
voa = -6.506658345e-04
ddc = 4.2355753425e-07
dde = -1.124880589e-07
Reset re-loads circuit * comparator-offset-mc @ sf_mismatch_125c_1.32v -- generated by sim/harness, do not edit

Circuit: * comparator-offset-mc @ sf_mismatch_125c_1.32v -- generated by sim/harness, do not edit

Doing analysis at TEMP = 125.000000 and TNOM = 27.000000

Using SPARSE 1.3 as Direct Linear Solver

No. of Data Rows : 6
voa = -2.599837651e-03
ddc = -1.311655623e-06
dde = 6.5672035277e-07
Reset re-loads circuit * comparator-offset-mc @ sf_mismatch_125c_1.32v -- generated by sim/harness, do not edit

Circuit: * comparator-offset-mc @ sf_mismatch_125c_1.32v -- generated by sim/harness, do not edit

Doing analysis at TEMP = 125.000000 and TNOM = 27.000000

Using SPARSE 1.3 as Direct Linear Solver

No. of Data Rows : 6
voa = 4.1158717334e-04
ddc = -6.688774998e-07
dde = 6.5061946726e-07
Reset re-loads circuit * comparator-offset-mc @ sf_mismatch_125c_1.32v -- generated by sim/harness, do not edit

Circuit: * comparator-offset-mc @ sf_mismatch_125c_1.32v -- generated by sim/harness, do not edit

Doing analysis at TEMP = 125.000000 and TNOM = 27.000000

Using SPARSE 1.3 as Direct Linear Solver

No. of Data Rows : 6
voa = -1.252783673e-03
ddc = -4.104368552e-08
dde = -7.366616032e-09
Reset re-loads circuit * comparator-offset-mc @ sf_mismatch_125c_1.32v -- generated by sim/harness, do not edit

Circuit: * comparator-offset-mc @ sf_mismatch_125c_1.32v -- generated by sim/harness, do not edit

Doing analysis at TEMP = 125.000000 and TNOM = 27.000000

Using SPARSE 1.3 as Direct Linear Solver

No. of Data Rows : 6
voa = -1.019619391e-03
ddc = 5.6928838666e-07
dde = -5.451089968e-07
Reset re-loads circuit * comparator-offset-mc @ sf_mismatch_125c_1.32v -- generated by sim/harness, do not edit

Circuit: * comparator-offset-mc @ sf_mismatch_125c_1.32v -- generated by sim/harness, do not edit

Doing analysis at TEMP = 125.000000 and TNOM = 27.000000

Using SPARSE 1.3 as Direct Linear Solver

No. of Data Rows : 6
voa = -8.217058189e-04
ddc = 9.8273944110e-07
dde = -3.823977126e-07
Reset re-loads circuit * comparator-offset-mc @ sf_mismatch_125c_1.32v -- generated by sim/harness, do not edit

Circuit: * comparator-offset-mc @ sf_mismatch_125c_1.32v -- generated by sim/harness, do not edit

Doing analysis at TEMP = 125.000000 and TNOM = 27.000000

Using SPARSE 1.3 as Direct Linear Solver

No. of Data Rows : 6
voa = 5.0607746638e-04
ddc = -1.661178677e-06
dde = 1.4813328148e-06
Reset re-loads circuit * comparator-offset-mc @ sf_mismatch_125c_1.32v -- generated by sim/harness, do not edit

Circuit: * comparator-offset-mc @ sf_mismatch_125c_1.32v -- generated by sim/harness, do not edit

Doing analysis at TEMP = 125.000000 and TNOM = 27.000000

Using SPARSE 1.3 as Direct Linear Solver
 Reference value :  0.00000e+00
No. of Data Rows : 6
voa = 1.7472363174e-03
ddc = 1.0486323298e-07
dde = -5.463579704e-08
Reset re-loads circuit * comparator-offset-mc @ sf_mismatch_125c_1.32v -- generated by sim/harness, do not edit

Circuit: * comparator-offset-mc @ sf_mismatch_125c_1.32v -- generated by sim/harness, do not edit

Doing analysis at TEMP = 125.000000 and TNOM = 27.000000

Using SPARSE 1.3 as Direct Linear Solver

No. of Data Rows : 6
voa = 2.2371942886e-03
ddc = 1.2405054411e-06
dde = -1.757216420e-06
Reset re-loads circuit * comparator-offset-mc @ sf_mismatch_125c_1.32v -- generated by sim/harness, do not edit

Circuit: * comparator-offset-mc @ sf_mismatch_125c_1.32v -- generated by sim/harness, do not edit

Doing analysis at TEMP = 125.000000 and TNOM = 27.000000

Using SPARSE 1.3 as Direct Linear Solver

No. of Data Rows : 6
voa = -5.240284983e-04
ddc = 9.4393130544e-07
dde = -6.497847297e-07
Reset re-loads circuit * comparator-offset-mc @ sf_mismatch_125c_1.32v -- generated by sim/harness, do not edit

Circuit: * comparator-offset-mc @ sf_mismatch_125c_1.32v -- generated by sim/harness, do not edit

Doing analysis at TEMP = 125.000000 and TNOM = 27.000000

Using SPARSE 1.3 as Direct Linear Solver

No. of Data Rows : 6
voa = 4.2342749146e-04
ddc = -1.447806782e-07
dde = 4.2408460156e-07
Reset re-loads circuit * comparator-offset-mc @ sf_mismatch_125c_1.32v -- generated by sim/harness, do not edit

Circuit: * comparator-offset-mc @ sf_mismatch_125c_1.32v -- generated by sim/harness, do not edit

Doing analysis at TEMP = 125.000000 and TNOM = 27.000000

Using SPARSE 1.3 as Direct Linear Solver

No. of Data Rows : 6
voa = 2.0828275039e-03
ddc = -1.070458410e-06
dde = 1.0948382125e-06
Reset re-loads circuit * comparator-offset-mc @ sf_mismatch_125c_1.32v -- generated by sim/harness, do not edit

Circuit: * comparator-offset-mc @ sf_mismatch_125c_1.32v -- generated by sim/harness, do not edit

Doing analysis at TEMP = 125.000000 and TNOM = 27.000000

Using SPARSE 1.3 as Direct Linear Solver

No. of Data Rows : 6
voa = -2.942465179e-03
ddc = -1.977690135e-07
dde = 8.8968232824e-08
Reset re-loads circuit * comparator-offset-mc @ sf_mismatch_125c_1.32v -- generated by sim/harness, do not edit

Circuit: * comparator-offset-mc @ sf_mismatch_125c_1.32v -- generated by sim/harness, do not edit

Doing analysis at TEMP = 125.000000 and TNOM = 27.000000

Using SPARSE 1.3 as Direct Linear Solver

No. of Data Rows : 6
voa = 2.2860669577e-03
ddc = 2.1437086872e-06
dde = -1.600604606e-06
Reset re-loads circuit * comparator-offset-mc @ sf_mismatch_125c_1.32v -- generated by sim/harness, do not edit

Circuit: * comparator-offset-mc @ sf_mismatch_125c_1.32v -- generated by sim/harness, do not edit

Doing analysis at TEMP = 125.000000 and TNOM = 27.000000

Using SPARSE 1.3 as Direct Linear Solver

No. of Data Rows : 6
voa = 1.1356221143e-03
ddc = -1.709205857e-06
dde = 1.5462791099e-06
Reset re-loads circuit * comparator-offset-mc @ sf_mismatch_125c_1.32v -- generated by sim/harness, do not edit

Circuit: * comparator-offset-mc @ sf_mismatch_125c_1.32v -- generated by sim/harness, do not edit

Doing analysis at TEMP = 125.000000 and TNOM = 27.000000

Using SPARSE 1.3 as Direct Linear Solver
 Reference value :  0.00000e+00
No. of Data Rows : 6
voa = -7.767277455e-04
ddc = -7.369356353e-07
dde = 3.6656134775e-07
Reset re-loads circuit * comparator-offset-mc @ sf_mismatch_125c_1.32v -- generated by sim/harness, do not edit

Circuit: * comparator-offset-mc @ sf_mismatch_125c_1.32v -- generated by sim/harness, do not edit

Doing analysis at TEMP = 125.000000 and TNOM = 27.000000

Using SPARSE 1.3 as Direct Linear Solver

No. of Data Rows : 6
voa = -2.364833790e-03
ddc = -1.152918955e-06
dde = 1.3012323078e-06
Reset re-loads circuit * comparator-offset-mc @ sf_mismatch_125c_1.32v -- generated by sim/harness, do not edit

Circuit: * comparator-offset-mc @ sf_mismatch_125c_1.32v -- generated by sim/harness, do not edit

Doing analysis at TEMP = 125.000000 and TNOM = 27.000000

Using SPARSE 1.3 as Direct Linear Solver

No. of Data Rows : 6
voa = 1.1569422338e-03
ddc = 1.7266897691e-06
dde = -1.450350227e-06
Reset re-loads circuit * comparator-offset-mc @ sf_mismatch_125c_1.32v -- generated by sim/harness, do not edit

Circuit: * comparator-offset-mc @ sf_mismatch_125c_1.32v -- generated by sim/harness, do not edit

Doing analysis at TEMP = 125.000000 and TNOM = 27.000000

Using SPARSE 1.3 as Direct Linear Solver

No. of Data Rows : 6
voa = 2.6500977885e-03
ddc = 4.1455586663e-07
dde = -1.827734305e-07
Reset re-loads circuit * comparator-offset-mc @ sf_mismatch_125c_1.32v -- generated by sim/harness, do not edit

Circuit: * comparator-offset-mc @ sf_mismatch_125c_1.32v -- generated by sim/harness, do not edit

Doing analysis at TEMP = 125.000000 and TNOM = 27.000000

Using SPARSE 1.3 as Direct Linear Solver

No. of Data Rows : 6
voa = 3.7072490286e-04
ddc = 7.5061363349e-07
dde = -2.856396875e-07
Reset re-loads circuit * comparator-offset-mc @ sf_mismatch_125c_1.32v -- generated by sim/harness, do not edit

Circuit: * comparator-offset-mc @ sf_mismatch_125c_1.32v -- generated by sim/harness, do not edit

Doing analysis at TEMP = 125.000000 and TNOM = 27.000000

Using SPARSE 1.3 as Direct Linear Solver

No. of Data Rows : 6
voa = 9.0089146305e-04
ddc = 1.4603963053e-07
dde = -9.137521675e-08
Reset re-loads circuit * comparator-offset-mc @ sf_mismatch_125c_1.32v -- generated by sim/harness, do not edit

Circuit: * comparator-offset-mc @ sf_mismatch_125c_1.32v -- generated by sim/harness, do not edit

Doing analysis at TEMP = 125.000000 and TNOM = 27.000000

Using SPARSE 1.3 as Direct Linear Solver

No. of Data Rows : 6
voa = 1.5699941421e-03
ddc = 1.0556817963e-06
dde = -1.440690724e-06
Reset re-loads circuit * comparator-offset-mc @ sf_mismatch_125c_1.32v -- generated by sim/harness, do not edit

Circuit: * comparator-offset-mc @ sf_mismatch_125c_1.32v -- generated by sim/harness, do not edit

Doing analysis at TEMP = 125.000000 and TNOM = 27.000000

Using SPARSE 1.3 as Direct Linear Solver

No. of Data Rows : 6
voa = 2.0810249461e-03
ddc = 5.2472683181e-07
dde = -5.615856673e-07
Reset re-loads circuit * comparator-offset-mc @ sf_mismatch_125c_1.32v -- generated by sim/harness, do not edit

Circuit: * comparator-offset-mc @ sf_mismatch_125c_1.32v -- generated by sim/harness, do not edit

Doing analysis at TEMP = 125.000000 and TNOM = 27.000000

Using SPARSE 1.3 as Direct Linear Solver
 Reference value :  0.00000e+00
No. of Data Rows : 6
voa = 1.7981309325e-03
ddc = -5.460351303e-07
dde = 6.1676759572e-07
Reset re-loads circuit * comparator-offset-mc @ sf_mismatch_125c_1.32v -- generated by sim/harness, do not edit

Circuit: * comparator-offset-mc @ sf_mismatch_125c_1.32v -- generated by sim/harness, do not edit

Doing analysis at TEMP = 125.000000 and TNOM = 27.000000

Using SPARSE 1.3 as Direct Linear Solver

No. of Data Rows : 6
voa = 7.4837659760e-04
ddc = -1.498696927e-06
dde = 1.3479174764e-06
Reset re-loads circuit * comparator-offset-mc @ sf_mismatch_125c_1.32v -- generated by sim/harness, do not edit

Circuit: * comparator-offset-mc @ sf_mismatch_125c_1.32v -- generated by sim/harness, do not edit

Doing analysis at TEMP = 125.000000 and TNOM = 27.000000

Using SPARSE 1.3 as Direct Linear Solver

No. of Data Rows : 6
voa = 1.3476401974e-03
ddc = -4.691984734e-07
dde = 3.7155136389e-07
Reset re-loads circuit * comparator-offset-mc @ sf_mismatch_125c_1.32v -- generated by sim/harness, do not edit

Circuit: * comparator-offset-mc @ sf_mismatch_125c_1.32v -- generated by sim/harness, do not edit

Doing analysis at TEMP = 125.000000 and TNOM = 27.000000

Using SPARSE 1.3 as Direct Linear Solver

No. of Data Rows : 6
voa = 1.6021671922e-04
ddc = -4.563422228e-07
dde = 7.6632525157e-07
Reset re-loads circuit * comparator-offset-mc @ sf_mismatch_125c_1.32v -- generated by sim/harness, do not edit

Circuit: * comparator-offset-mc @ sf_mismatch_125c_1.32v -- generated by sim/harness, do not edit

Doing analysis at TEMP = 125.000000 and TNOM = 27.000000

Using SPARSE 1.3 as Direct Linear Solver

No. of Data Rows : 6
voa = -1.078733219e-03
ddc = -1.164611412e-06
dde = 1.0866207776e-06
Reset re-loads circuit * comparator-offset-mc @ sf_mismatch_125c_1.32v -- generated by sim/harness, do not edit

Circuit: * comparator-offset-mc @ sf_mismatch_125c_1.32v -- generated by sim/harness, do not edit

Doing analysis at TEMP = 125.000000 and TNOM = 27.000000

Using SPARSE 1.3 as Direct Linear Solver

No. of Data Rows : 6
voa = 2.4038011532e-03
ddc = 2.7211371789e-07
dde = 9.5660171881e-08
Reset re-loads circuit * comparator-offset-mc @ sf_mismatch_125c_1.32v -- generated by sim/harness, do not edit

Circuit: * comparator-offset-mc @ sf_mismatch_125c_1.32v -- generated by sim/harness, do not edit

Doing analysis at TEMP = 125.000000 and TNOM = 27.000000

Using SPARSE 1.3 as Direct Linear Solver

No. of Data Rows : 6
voa = 4.2893193073e-03
ddc = -4.669393757e-07
dde = 6.8679471464e-07
Reset re-loads circuit * comparator-offset-mc @ sf_mismatch_125c_1.32v -- generated by sim/harness, do not edit

Circuit: * comparator-offset-mc @ sf_mismatch_125c_1.32v -- generated by sim/harness, do not edit

Doing analysis at TEMP = 125.000000 and TNOM = 27.000000

Using SPARSE 1.3 as Direct Linear Solver

No. of Data Rows : 6
voa = 2.4333296930e-03
ddc = 1.8025794258e-07
dde = 3.2573530420e-08
Reset re-loads circuit * comparator-offset-mc @ sf_mismatch_125c_1.32v -- generated by sim/harness, do not edit

Circuit: * comparator-offset-mc @ sf_mismatch_125c_1.32v -- generated by sim/harness, do not edit

Doing analysis at TEMP = 125.000000 and TNOM = 27.000000

Using SPARSE 1.3 as Direct Linear Solver
 Reference value :  0.00000e+00
No. of Data Rows : 6
voa = 1.3339509364e-03
ddc = 2.7720788778e-06
dde = -2.546495348e-06
Reset re-loads circuit * comparator-offset-mc @ sf_mismatch_125c_1.32v -- generated by sim/harness, do not edit

Circuit: * comparator-offset-mc @ sf_mismatch_125c_1.32v -- generated by sim/harness, do not edit

Doing analysis at TEMP = 125.000000 and TNOM = 27.000000

Using SPARSE 1.3 as Direct Linear Solver

No. of Data Rows : 6
voa = 2.7335372500e-03
ddc = -1.054490495e-06
dde = 9.4258979960e-07
Reset re-loads circuit * comparator-offset-mc @ sf_mismatch_125c_1.32v -- generated by sim/harness, do not edit

Circuit: * comparator-offset-mc @ sf_mismatch_125c_1.32v -- generated by sim/harness, do not edit

Doing analysis at TEMP = 125.000000 and TNOM = 27.000000

Using SPARSE 1.3 as Direct Linear Solver

No. of Data Rows : 6
voa = 7.5912623075e-04
ddc = -2.476431232e-06
dde = 1.7391220684e-06
Reset re-loads circuit * comparator-offset-mc @ sf_mismatch_125c_1.32v -- generated by sim/harness, do not edit

Circuit: * comparator-offset-mc @ sf_mismatch_125c_1.32v -- generated by sim/harness, do not edit

Doing analysis at TEMP = 125.000000 and TNOM = 27.000000

Using SPARSE 1.3 as Direct Linear Solver

No. of Data Rows : 6
voa = -1.055750256e-03
ddc = 1.5249583544e-06
dde = -1.764217417e-06
Reset re-loads circuit * comparator-offset-mc @ sf_mismatch_125c_1.32v -- generated by sim/harness, do not edit

Circuit: * comparator-offset-mc @ sf_mismatch_125c_1.32v -- generated by sim/harness, do not edit

Doing analysis at TEMP = 125.000000 and TNOM = 27.000000

Using SPARSE 1.3 as Direct Linear Solver

No. of Data Rows : 6
voa = 5.5220677330e-04
ddc = 1.2347310868e-06
dde = -1.133658733e-06
Reset re-loads circuit * comparator-offset-mc @ sf_mismatch_125c_1.32v -- generated by sim/harness, do not edit

Circuit: * comparator-offset-mc @ sf_mismatch_125c_1.32v -- generated by sim/harness, do not edit

Doing analysis at TEMP = 125.000000 and TNOM = 27.000000

Using SPARSE 1.3 as Direct Linear Solver

No. of Data Rows : 6
voa = 1.8504111190e-03
ddc = 2.7337785164e-07
dde = -3.334030461e-07
Reset re-loads circuit * comparator-offset-mc @ sf_mismatch_125c_1.32v -- generated by sim/harness, do not edit

Circuit: * comparator-offset-mc @ sf_mismatch_125c_1.32v -- generated by sim/harness, do not edit

Doing analysis at TEMP = 125.000000 and TNOM = 27.000000

Using SPARSE 1.3 as Direct Linear Solver

No. of Data Rows : 6
voa = -9.726786667e-04
ddc = -1.070516282e-06
dde = 2.7412768363e-07
Reset re-loads circuit * comparator-offset-mc @ sf_mismatch_125c_1.32v -- generated by sim/harness, do not edit

Circuit: * comparator-offset-mc @ sf_mismatch_125c_1.32v -- generated by sim/harness, do not edit

Doing analysis at TEMP = 125.000000 and TNOM = 27.000000

Using SPARSE 1.3 as Direct Linear Solver

No. of Data Rows : 6
voa = 5.4543072894e-04
ddc = 9.8224440558e-07
dde = -5.847541067e-07
Reset re-loads circuit * comparator-offset-mc @ sf_mismatch_125c_1.32v -- generated by sim/harness, do not edit

Circuit: * comparator-offset-mc @ sf_mismatch_125c_1.32v -- generated by sim/harness, do not edit

Doing analysis at TEMP = 125.000000 and TNOM = 27.000000

Using SPARSE 1.3 as Direct Linear Solver
 Reference value :  0.00000e+00
No. of Data Rows : 6
voa = -2.453088629e-04
ddc = -3.470245448e-07
dde = 6.6910824067e-07
Reset re-loads circuit * comparator-offset-mc @ sf_mismatch_125c_1.32v -- generated by sim/harness, do not edit

Circuit: * comparator-offset-mc @ sf_mismatch_125c_1.32v -- generated by sim/harness, do not edit

Doing analysis at TEMP = 125.000000 and TNOM = 27.000000

Using SPARSE 1.3 as Direct Linear Solver

No. of Data Rows : 6
voa = -1.107359254e-03
ddc = 1.3332495799e-06
dde = -7.961368594e-07
Reset re-loads circuit * comparator-offset-mc @ sf_mismatch_125c_1.32v -- generated by sim/harness, do not edit

Circuit: * comparator-offset-mc @ sf_mismatch_125c_1.32v -- generated by sim/harness, do not edit

Doing analysis at TEMP = 125.000000 and TNOM = 27.000000

Using SPARSE 1.3 as Direct Linear Solver

No. of Data Rows : 6
voa = -2.315191936e-03
ddc = -7.269836627e-07
dde = 3.9490431968e-07
Reset re-loads circuit * comparator-offset-mc @ sf_mismatch_125c_1.32v -- generated by sim/harness, do not edit

Circuit: * comparator-offset-mc @ sf_mismatch_125c_1.32v -- generated by sim/harness, do not edit

Doing analysis at TEMP = 125.000000 and TNOM = 27.000000

Using SPARSE 1.3 as Direct Linear Solver

No. of Data Rows : 6
voa = -4.165573943e-03
ddc = -8.086843598e-07
dde = 9.3694432314e-07
Reset re-loads circuit * comparator-offset-mc @ sf_mismatch_125c_1.32v -- generated by sim/harness, do not edit

Circuit: * comparator-offset-mc @ sf_mismatch_125c_1.32v -- generated by sim/harness, do not edit

Doing analysis at TEMP = 125.000000 and TNOM = 27.000000

Using SPARSE 1.3 as Direct Linear Solver

No. of Data Rows : 6
voa = 1.4370275069e-03
ddc = 2.3224007825e-07
dde = 2.0729576596e-07
Reset re-loads circuit * comparator-offset-mc @ sf_mismatch_125c_1.32v -- generated by sim/harness, do not edit

Circuit: * comparator-offset-mc @ sf_mismatch_125c_1.32v -- generated by sim/harness, do not edit

Doing analysis at TEMP = 125.000000 and TNOM = 27.000000

Using SPARSE 1.3 as Direct Linear Solver

No. of Data Rows : 6
voa = -7.855133526e-04
ddc = 1.4134174076e-06
dde = -1.214186420e-06
Reset re-loads circuit * comparator-offset-mc @ sf_mismatch_125c_1.32v -- generated by sim/harness, do not edit

Circuit: * comparator-offset-mc @ sf_mismatch_125c_1.32v -- generated by sim/harness, do not edit

Doing analysis at TEMP = 125.000000 and TNOM = 27.000000

Using SPARSE 1.3 as Direct Linear Solver

No. of Data Rows : 6
voa = -1.264723766e-03
ddc = 1.7016834712e-06
dde = -1.743874662e-06
Reset re-loads circuit * comparator-offset-mc @ sf_mismatch_125c_1.32v -- generated by sim/harness, do not edit

Circuit: * comparator-offset-mc @ sf_mismatch_125c_1.32v -- generated by sim/harness, do not edit

Doing analysis at TEMP = 125.000000 and TNOM = 27.000000

Using SPARSE 1.3 as Direct Linear Solver

No. of Data Rows : 6
voa = 6.3606580078e-04
ddc = 1.1134164829e-06
dde = -1.471426854e-06
Reset re-loads circuit * comparator-offset-mc @ sf_mismatch_125c_1.32v -- generated by sim/harness, do not edit

Circuit: * comparator-offset-mc @ sf_mismatch_125c_1.32v -- generated by sim/harness, do not edit

Doing analysis at TEMP = 125.000000 and TNOM = 27.000000

Using SPARSE 1.3 as Direct Linear Solver
 Reference value :  0.00000e+00
No. of Data Rows : 6
voa = -7.926756719e-04
ddc = 4.7771208292e-07
dde = -6.817387293e-08
Reset re-loads circuit * comparator-offset-mc @ sf_mismatch_125c_1.32v -- generated by sim/harness, do not edit

Circuit: * comparator-offset-mc @ sf_mismatch_125c_1.32v -- generated by sim/harness, do not edit

Doing analysis at TEMP = 125.000000 and TNOM = 27.000000

Using SPARSE 1.3 as Direct Linear Solver

No. of Data Rows : 6
voa = 3.3675240014e-04
ddc = 2.5863328087e-07
dde = 3.0732248096e-07
Reset re-loads circuit * comparator-offset-mc @ sf_mismatch_125c_1.32v -- generated by sim/harness, do not edit

Circuit: * comparator-offset-mc @ sf_mismatch_125c_1.32v -- generated by sim/harness, do not edit

Doing analysis at TEMP = 125.000000 and TNOM = 27.000000

Using SPARSE 1.3 as Direct Linear Solver

No. of Data Rows : 6
voa = -7.310932871e-04
ddc = 3.1642145024e-07
dde = -2.050335344e-07
Reset re-loads circuit * comparator-offset-mc @ sf_mismatch_125c_1.32v -- generated by sim/harness, do not edit

Circuit: * comparator-offset-mc @ sf_mismatch_125c_1.32v -- generated by sim/harness, do not edit

Doing analysis at TEMP = 125.000000 and TNOM = 27.000000

Using SPARSE 1.3 as Direct Linear Solver

No. of Data Rows : 6
voa = -2.014606086e-03
ddc = -7.583929892e-07
dde = 5.3304990689e-07
Reset re-loads circuit * comparator-offset-mc @ sf_mismatch_125c_1.32v -- generated by sim/harness, do not edit

Circuit: * comparator-offset-mc @ sf_mismatch_125c_1.32v -- generated by sim/harness, do not edit

Doing analysis at TEMP = 125.000000 and TNOM = 27.000000

Using SPARSE 1.3 as Direct Linear Solver

No. of Data Rows : 6
voa = 3.5751620570e-04
ddc = -5.649152576e-07
dde = 2.5371063556e-08
Reset re-loads circuit * comparator-offset-mc @ sf_mismatch_125c_1.32v -- generated by sim/harness, do not edit

Circuit: * comparator-offset-mc @ sf_mismatch_125c_1.32v -- generated by sim/harness, do not edit

Doing analysis at TEMP = 125.000000 and TNOM = 27.000000

Using SPARSE 1.3 as Direct Linear Solver

No. of Data Rows : 6
voa = -8.712583286e-04
ddc = -7.434005301e-07
dde = 1.0301707980e-06
Reset re-loads circuit * comparator-offset-mc @ sf_mismatch_125c_1.32v -- generated by sim/harness, do not edit

Circuit: * comparator-offset-mc @ sf_mismatch_125c_1.32v -- generated by sim/harness, do not edit

Doing analysis at TEMP = 125.000000 and TNOM = 27.000000

Using SPARSE 1.3 as Direct Linear Solver

No. of Data Rows : 6
voa = -6.840869492e-04
ddc = -8.763193877e-07
dde = 6.1172022208e-07
Reset re-loads circuit * comparator-offset-mc @ sf_mismatch_125c_1.32v -- generated by sim/harness, do not edit

Circuit: * comparator-offset-mc @ sf_mismatch_125c_1.32v -- generated by sim/harness, do not edit

Doing analysis at TEMP = 125.000000 and TNOM = 27.000000

Using SPARSE 1.3 as Direct Linear Solver

No. of Data Rows : 6
voa = 8.2789855557e-04
ddc = -5.390481176e-07
dde = 6.9501973251e-07
Reset re-loads circuit * comparator-offset-mc @ sf_mismatch_125c_1.32v -- generated by sim/harness, do not edit

Circuit: * comparator-offset-mc @ sf_mismatch_125c_1.32v -- generated by sim/harness, do not edit

Doing analysis at TEMP = 125.000000 and TNOM = 27.000000

Using SPARSE 1.3 as Direct Linear Solver
 Reference value :  0.00000e+00
No. of Data Rows : 6
voa = -1.197359093e-03
ddc = -8.326353565e-09
dde = 2.2031587364e-07
Reset re-loads circuit * comparator-offset-mc @ sf_mismatch_125c_1.32v -- generated by sim/harness, do not edit

Circuit: * comparator-offset-mc @ sf_mismatch_125c_1.32v -- generated by sim/harness, do not edit

Doing analysis at TEMP = 125.000000 and TNOM = 27.000000

Using SPARSE 1.3 as Direct Linear Solver

No. of Data Rows : 6
voa = 4.5635181847e-03
ddc = -8.403284700e-08
dde = -2.215379149e-07
Reset re-loads circuit * comparator-offset-mc @ sf_mismatch_125c_1.32v -- generated by sim/harness, do not edit

Circuit: * comparator-offset-mc @ sf_mismatch_125c_1.32v -- generated by sim/harness, do not edit

Doing analysis at TEMP = 125.000000 and TNOM = 27.000000

Using SPARSE 1.3 as Direct Linear Solver

No. of Data Rows : 6
voa = 7.6109601881e-04
ddc = 3.9211757252e-07
dde = -1.381805164e-07
Reset re-loads circuit * comparator-offset-mc @ sf_mismatch_125c_1.32v -- generated by sim/harness, do not edit

Circuit: * comparator-offset-mc @ sf_mismatch_125c_1.32v -- generated by sim/harness, do not edit

Doing analysis at TEMP = 125.000000 and TNOM = 27.000000

Using SPARSE 1.3 as Direct Linear Solver

No. of Data Rows : 6
voa = -4.490308945e-04
ddc = 2.0413939942e-07
dde = -1.442439375e-07
Reset re-loads circuit * comparator-offset-mc @ sf_mismatch_125c_1.32v -- generated by sim/harness, do not edit

Circuit: * comparator-offset-mc @ sf_mismatch_125c_1.32v -- generated by sim/harness, do not edit

Doing analysis at TEMP = 125.000000 and TNOM = 27.000000

Using SPARSE 1.3 as Direct Linear Solver

No. of Data Rows : 6
voa = -2.842622377e-03
ddc = -7.026495025e-07
dde = 6.9836613552e-07
Reset re-loads circuit * comparator-offset-mc @ sf_mismatch_125c_1.32v -- generated by sim/harness, do not edit

Circuit: * comparator-offset-mc @ sf_mismatch_125c_1.32v -- generated by sim/harness, do not edit

Doing analysis at TEMP = 125.000000 and TNOM = 27.000000

Using SPARSE 1.3 as Direct Linear Solver

No. of Data Rows : 6
voa = -4.016672207e-03
ddc = -9.461477420e-07
dde = 6.4288084072e-07
Reset re-loads circuit * comparator-offset-mc @ sf_mismatch_125c_1.32v -- generated by sim/harness, do not edit

Circuit: * comparator-offset-mc @ sf_mismatch_125c_1.32v -- generated by sim/harness, do not edit

Doing analysis at TEMP = 125.000000 and TNOM = 27.000000

Using SPARSE 1.3 as Direct Linear Solver

No. of Data Rows : 6
voa = -1.405958975e-04
ddc = -7.960304400e-07
dde = 1.0727769473e-06
Reset re-loads circuit * comparator-offset-mc @ sf_mismatch_125c_1.32v -- generated by sim/harness, do not edit

Circuit: * comparator-offset-mc @ sf_mismatch_125c_1.32v -- generated by sim/harness, do not edit

Doing analysis at TEMP = 125.000000 and TNOM = 27.000000

Using SPARSE 1.3 as Direct Linear Solver

No. of Data Rows : 6
voa = 1.5403450972e-03
ddc = 1.2198991712e-06
dde = -7.909308418e-07
Reset re-loads circuit * comparator-offset-mc @ sf_mismatch_125c_1.32v -- generated by sim/harness, do not edit

Circuit: * comparator-offset-mc @ sf_mismatch_125c_1.32v -- generated by sim/harness, do not edit

Doing analysis at TEMP = 125.000000 and TNOM = 27.000000

Using SPARSE 1.3 as Direct Linear Solver
 Reference value :  0.00000e+00
No. of Data Rows : 6
voa = -6.997429989e-04
ddc = 1.1971653932e-06
dde = -9.542749435e-07
Reset re-loads circuit * comparator-offset-mc @ sf_mismatch_125c_1.32v -- generated by sim/harness, do not edit

Circuit: * comparator-offset-mc @ sf_mismatch_125c_1.32v -- generated by sim/harness, do not edit

Doing analysis at TEMP = 125.000000 and TNOM = 27.000000

Using SPARSE 1.3 as Direct Linear Solver

No. of Data Rows : 6
voa = 4.0160576141e-03
ddc = -1.248648758e-06
dde = 9.9884100156e-07
Reset re-loads circuit * comparator-offset-mc @ sf_mismatch_125c_1.32v -- generated by sim/harness, do not edit

Circuit: * comparator-offset-mc @ sf_mismatch_125c_1.32v -- generated by sim/harness, do not edit

Doing analysis at TEMP = 125.000000 and TNOM = 27.000000

Using SPARSE 1.3 as Direct Linear Solver

No. of Data Rows : 6
voa = 1.1732176660e-03
ddc = 1.9378332022e-06
dde = -1.693095615e-06
Reset re-loads circuit * comparator-offset-mc @ sf_mismatch_125c_1.32v -- generated by sim/harness, do not edit

Circuit: * comparator-offset-mc @ sf_mismatch_125c_1.32v -- generated by sim/harness, do not edit

Doing analysis at TEMP = 125.000000 and TNOM = 27.000000

Using SPARSE 1.3 as Direct Linear Solver

No. of Data Rows : 6
voa = 5.7558333721e-04
ddc = 8.1855124303e-07
dde = -3.987173180e-07
Reset re-loads circuit * comparator-offset-mc @ sf_mismatch_125c_1.32v -- generated by sim/harness, do not edit

Circuit: * comparator-offset-mc @ sf_mismatch_125c_1.32v -- generated by sim/harness, do not edit

Doing analysis at TEMP = 125.000000 and TNOM = 27.000000

Using SPARSE 1.3 as Direct Linear Solver

No. of Data Rows : 6
voa = 5.7309958308e-03
ddc = -1.132520556e-06
dde = 1.2377675277e-06
Reset re-loads circuit * comparator-offset-mc @ sf_mismatch_125c_1.32v -- generated by sim/harness, do not edit

Circuit: * comparator-offset-mc @ sf_mismatch_125c_1.32v -- generated by sim/harness, do not edit

Doing analysis at TEMP = 125.000000 and TNOM = 27.000000

Using SPARSE 1.3 as Direct Linear Solver

No. of Data Rows : 6
voa = -1.810624327e-03
ddc = 8.5688527427e-07
dde = -6.164879740e-07
Reset re-loads circuit * comparator-offset-mc @ sf_mismatch_125c_1.32v -- generated by sim/harness, do not edit

Circuit: * comparator-offset-mc @ sf_mismatch_125c_1.32v -- generated by sim/harness, do not edit

Doing analysis at TEMP = 125.000000 and TNOM = 27.000000

Using SPARSE 1.3 as Direct Linear Solver

No. of Data Rows : 6
voa = 1.7731448769e-03
ddc = -4.896778326e-07
dde = 2.8517738289e-07
Reset re-loads circuit * comparator-offset-mc @ sf_mismatch_125c_1.32v -- generated by sim/harness, do not edit

Circuit: * comparator-offset-mc @ sf_mismatch_125c_1.32v -- generated by sim/harness, do not edit

Doing analysis at TEMP = 125.000000 and TNOM = 27.000000

Using SPARSE 1.3 as Direct Linear Solver

No. of Data Rows : 6
voa = 1.3595893491e-03
ddc = 3.5212784201e-07
dde = -5.331342434e-07
Reset re-loads circuit * comparator-offset-mc @ sf_mismatch_125c_1.32v -- generated by sim/harness, do not edit

Circuit: * comparator-offset-mc @ sf_mismatch_125c_1.32v -- generated by sim/harness, do not edit

Doing analysis at TEMP = 125.000000 and TNOM = 27.000000

Using SPARSE 1.3 as Direct Linear Solver
 Reference value :  0.00000e+00
No. of Data Rows : 6
voa = 8.7125917365e-04
ddc = -2.195738692e-07
dde = 5.6818183909e-07
Reset re-loads circuit * comparator-offset-mc @ sf_mismatch_125c_1.32v -- generated by sim/harness, do not edit

Circuit: * comparator-offset-mc @ sf_mismatch_125c_1.32v -- generated by sim/harness, do not edit

Doing analysis at TEMP = 125.000000 and TNOM = 27.000000

Using SPARSE 1.3 as Direct Linear Solver

No. of Data Rows : 6
voa = -1.538245255e-03
ddc = -1.000631706e-07
dde = 1.2860209007e-07
Reset re-loads circuit * comparator-offset-mc @ sf_mismatch_125c_1.32v -- generated by sim/harness, do not edit

Circuit: * comparator-offset-mc @ sf_mismatch_125c_1.32v -- generated by sim/harness, do not edit

Doing analysis at TEMP = 125.000000 and TNOM = 27.000000

Using SPARSE 1.3 as Direct Linear Solver

No. of Data Rows : 6
voa = -2.628326071e-04
ddc = 2.0701345819e-06
dde = -2.153408058e-06
Reset re-loads circuit * comparator-offset-mc @ sf_mismatch_125c_1.32v -- generated by sim/harness, do not edit

Circuit: * comparator-offset-mc @ sf_mismatch_125c_1.32v -- generated by sim/harness, do not edit

Doing analysis at TEMP = 125.000000 and TNOM = 27.000000

Using SPARSE 1.3 as Direct Linear Solver

No. of Data Rows : 6
voa = -3.837503990e-03
ddc = -7.474274384e-07
dde = 6.3908602746e-07
Reset re-loads circuit * comparator-offset-mc @ sf_mismatch_125c_1.32v -- generated by sim/harness, do not edit

Circuit: * comparator-offset-mc @ sf_mismatch_125c_1.32v -- generated by sim/harness, do not edit

Doing analysis at TEMP = 125.000000 and TNOM = 27.000000

Using SPARSE 1.3 as Direct Linear Solver

No. of Data Rows : 6
voa = 3.6020692665e-04
ddc = 3.9057018213e-07
dde = -7.422555402e-08
Reset re-loads circuit * comparator-offset-mc @ sf_mismatch_125c_1.32v -- generated by sim/harness, do not edit

Circuit: * comparator-offset-mc @ sf_mismatch_125c_1.32v -- generated by sim/harness, do not edit

Doing analysis at TEMP = 125.000000 and TNOM = 27.000000

Using SPARSE 1.3 as Direct Linear Solver

No. of Data Rows : 6
voa = -4.849338453e-03
ddc = 7.5722468391e-07
dde = -6.047840132e-07
Reset re-loads circuit * comparator-offset-mc @ sf_mismatch_125c_1.32v -- generated by sim/harness, do not edit

Circuit: * comparator-offset-mc @ sf_mismatch_125c_1.32v -- generated by sim/harness, do not edit

Doing analysis at TEMP = 125.000000 and TNOM = 27.000000

Using SPARSE 1.3 as Direct Linear Solver

No. of Data Rows : 6
voa = -2.909083907e-03
ddc = -1.872295430e-06
dde = 1.6587130422e-06
Reset re-loads circuit * comparator-offset-mc @ sf_mismatch_125c_1.32v -- generated by sim/harness, do not edit

Circuit: * comparator-offset-mc @ sf_mismatch_125c_1.32v -- generated by sim/harness, do not edit

Doing analysis at TEMP = 125.000000 and TNOM = 27.000000

Using SPARSE 1.3 as Direct Linear Solver
 Reference value :  0.00000e+00
No. of Data Rows : 6
voa = -1.801226821e-03
ddc = -7.528296598e-07
dde = 8.6565260310e-07
Reset re-loads circuit * comparator-offset-mc @ sf_mismatch_125c_1.32v -- generated by sim/harness, do not edit

Circuit: * comparator-offset-mc @ sf_mismatch_125c_1.32v -- generated by sim/harness, do not edit

Doing analysis at TEMP = 125.000000 and TNOM = 27.000000

Using SPARSE 1.3 as Direct Linear Solver

No. of Data Rows : 6
voa = 4.6492477056e-04
ddc = -3.234404905e-07
dde = 1.5877811976e-07
Reset re-loads circuit * comparator-offset-mc @ sf_mismatch_125c_1.32v -- generated by sim/harness, do not edit

Circuit: * comparator-offset-mc @ sf_mismatch_125c_1.32v -- generated by sim/harness, do not edit

Doing analysis at TEMP = 125.000000 and TNOM = 27.000000

Using SPARSE 1.3 as Direct Linear Solver

No. of Data Rows : 6
voa = -2.693353612e-03
ddc = 3.3925679700e-07
dde = -5.830358994e-07
Reset re-loads circuit * comparator-offset-mc @ sf_mismatch_125c_1.32v -- generated by sim/harness, do not edit

Circuit: * comparator-offset-mc @ sf_mismatch_125c_1.32v -- generated by sim/harness, do not edit

Doing analysis at TEMP = 125.000000 and TNOM = 27.000000

Using SPARSE 1.3 as Direct Linear Solver

No. of Data Rows : 6
voa = -4.749499240e-04
ddc = -1.037803330e-07
dde = 5.8255467945e-07
Reset re-loads circuit * comparator-offset-mc @ sf_mismatch_125c_1.32v -- generated by sim/harness, do not edit

Circuit: * comparator-offset-mc @ sf_mismatch_125c_1.32v -- generated by sim/harness, do not edit

Doing analysis at TEMP = 125.000000 and TNOM = 27.000000

Using SPARSE 1.3 as Direct Linear Solver

No. of Data Rows : 6
voa = -7.387121075e-04
ddc = 2.0012665334e-06
dde = -2.265340538e-06
Reset re-loads circuit * comparator-offset-mc @ sf_mismatch_125c_1.32v -- generated by sim/harness, do not edit

Circuit: * comparator-offset-mc @ sf_mismatch_125c_1.32v -- generated by sim/harness, do not edit

Doing analysis at TEMP = 125.000000 and TNOM = 27.000000

Using SPARSE 1.3 as Direct Linear Solver

No. of Data Rows : 6
voa = -1.779835410e-03
ddc = 2.2835735502e-07
dde = -4.021495261e-07
Reset re-loads circuit * comparator-offset-mc @ sf_mismatch_125c_1.32v -- generated by sim/harness, do not edit

Circuit: * comparator-offset-mc @ sf_mismatch_125c_1.32v -- generated by sim/harness, do not edit

Doing analysis at TEMP = 125.000000 and TNOM = 27.000000

Using SPARSE 1.3 as Direct Linear Solver

No. of Data Rows : 6
voa = -7.489381264e-05
ddc = -2.338474484e-07
dde = -2.735929213e-07
Reset re-loads circuit * comparator-offset-mc @ sf_mismatch_125c_1.32v -- generated by sim/harness, do not edit

Circuit: * comparator-offset-mc @ sf_mismatch_125c_1.32v -- generated by sim/harness, do not edit

Doing analysis at TEMP = 125.000000 and TNOM = 27.000000

Using SPARSE 1.3 as Direct Linear Solver
 Reference value :  0.00000e+00
No. of Data Rows : 6
voa = -1.905056436e-03
ddc = -3.140077756e-07
dde = 7.5100850245e-07
Reset re-loads circuit * comparator-offset-mc @ sf_mismatch_125c_1.32v -- generated by sim/harness, do not edit

Circuit: * comparator-offset-mc @ sf_mismatch_125c_1.32v -- generated by sim/harness, do not edit

Doing analysis at TEMP = 125.000000 and TNOM = 27.000000

Using SPARSE 1.3 as Direct Linear Solver

No. of Data Rows : 6
voa = 4.5515008724e-04
ddc = 4.4065148065e-07
dde = -5.135875335e-07
Reset re-loads circuit * comparator-offset-mc @ sf_mismatch_125c_1.32v -- generated by sim/harness, do not edit

Circuit: * comparator-offset-mc @ sf_mismatch_125c_1.32v -- generated by sim/harness, do not edit

Doing analysis at TEMP = 125.000000 and TNOM = 27.000000

Using SPARSE 1.3 as Direct Linear Solver

No. of Data Rows : 6
voa = 1.3921393432e-03
ddc = 2.0451514964e-06
dde = -1.245612295e-06
Reset re-loads circuit * comparator-offset-mc @ sf_mismatch_125c_1.32v -- generated by sim/harness, do not edit

Circuit: * comparator-offset-mc @ sf_mismatch_125c_1.32v -- generated by sim/harness, do not edit

Doing analysis at TEMP = 125.000000 and TNOM = 27.000000

Using SPARSE 1.3 as Direct Linear Solver

No. of Data Rows : 6
voa = -1.626450930e-03
ddc = 1.3440740079e-06
dde = -1.322444346e-06
Reset re-loads circuit * comparator-offset-mc @ sf_mismatch_125c_1.32v -- generated by sim/harness, do not edit

Circuit: * comparator-offset-mc @ sf_mismatch_125c_1.32v -- generated by sim/harness, do not edit

Doing analysis at TEMP = 125.000000 and TNOM = 27.000000

Using SPARSE 1.3 as Direct Linear Solver

No. of Data Rows : 6
voa = -1.820827428e-03
ddc = -1.267592994e-07
dde = 3.7931932449e-07
Reset re-loads circuit * comparator-offset-mc @ sf_mismatch_125c_1.32v -- generated by sim/harness, do not edit

Circuit: * comparator-offset-mc @ sf_mismatch_125c_1.32v -- generated by sim/harness, do not edit

Doing analysis at TEMP = 125.000000 and TNOM = 27.000000

Using SPARSE 1.3 as Direct Linear Solver

No. of Data Rows : 6
voa = -3.746657211e-04
ddc = 1.7093418460e-06
dde = -1.685336656e-06
Reset re-loads circuit * comparator-offset-mc @ sf_mismatch_125c_1.32v -- generated by sim/harness, do not edit

Circuit: * comparator-offset-mc @ sf_mismatch_125c_1.32v -- generated by sim/harness, do not edit

Doing analysis at TEMP = 125.000000 and TNOM = 27.000000

Using SPARSE 1.3 as Direct Linear Solver

No. of Data Rows : 6
voa = -4.833770184e-04
ddc = 1.5719228285e-06
dde = -1.866795913e-06
Reset re-loads circuit * comparator-offset-mc @ sf_mismatch_125c_1.32v -- generated by sim/harness, do not edit

Circuit: * comparator-offset-mc @ sf_mismatch_125c_1.32v -- generated by sim/harness, do not edit

Doing analysis at TEMP = 125.000000 and TNOM = 27.000000

Using SPARSE 1.3 as Direct Linear Solver

No. of Data Rows : 6
voa = -1.366054488e-03
ddc = 2.8072712928e-07
dde = -7.202845170e-08
Reset re-loads circuit * comparator-offset-mc @ sf_mismatch_125c_1.32v -- generated by sim/harness, do not edit

Circuit: * comparator-offset-mc @ sf_mismatch_125c_1.32v -- generated by sim/harness, do not edit

Doing analysis at TEMP = 125.000000 and TNOM = 27.000000

Using SPARSE 1.3 as Direct Linear Solver
 Reference value :  0.00000e+00
No. of Data Rows : 6
voa = -8.300763813e-04
ddc = -5.986684334e-07
dde = 8.0398468780e-08
Reset re-loads circuit * comparator-offset-mc @ sf_mismatch_125c_1.32v -- generated by sim/harness, do not edit

Circuit: * comparator-offset-mc @ sf_mismatch_125c_1.32v -- generated by sim/harness, do not edit

Doing analysis at TEMP = 125.000000 and TNOM = 27.000000

Using SPARSE 1.3 as Direct Linear Solver

No. of Data Rows : 6
voa = 1.1773430600e-03
ddc = 1.5997342757e-06
dde = -1.649319361e-06
Reset re-loads circuit * comparator-offset-mc @ sf_mismatch_125c_1.32v -- generated by sim/harness, do not edit

Circuit: * comparator-offset-mc @ sf_mismatch_125c_1.32v -- generated by sim/harness, do not edit

Doing analysis at TEMP = 125.000000 and TNOM = 27.000000

Using SPARSE 1.3 as Direct Linear Solver

No. of Data Rows : 6
voa = 2.1689932040e-03
ddc = 1.1670836098e-06
dde = -1.695580548e-06
Reset re-loads circuit * comparator-offset-mc @ sf_mismatch_125c_1.32v -- generated by sim/harness, do not edit

Circuit: * comparator-offset-mc @ sf_mismatch_125c_1.32v -- generated by sim/harness, do not edit

Doing analysis at TEMP = 125.000000 and TNOM = 27.000000

Using SPARSE 1.3 as Direct Linear Solver

No. of Data Rows : 6
voa = 9.0655296540e-04
ddc = 9.5524127298e-08
dde = 7.2228919747e-08
Reset re-loads circuit * comparator-offset-mc @ sf_mismatch_125c_1.32v -- generated by sim/harness, do not edit

Circuit: * comparator-offset-mc @ sf_mismatch_125c_1.32v -- generated by sim/harness, do not edit

Doing analysis at TEMP = 125.000000 and TNOM = 27.000000

Using SPARSE 1.3 as Direct Linear Solver

No. of Data Rows : 6
voa = 2.6337947109e-04
ddc = 9.6579303054e-07
dde = -1.158947050e-06
Reset re-loads circuit * comparator-offset-mc @ sf_mismatch_125c_1.32v -- generated by sim/harness, do not edit

Circuit: * comparator-offset-mc @ sf_mismatch_125c_1.32v -- generated by sim/harness, do not edit

Doing analysis at TEMP = 125.000000 and TNOM = 27.000000

Using SPARSE 1.3 as Direct Linear Solver

No. of Data Rows : 6
voa = -9.569445844e-04
ddc = -6.042630535e-07
dde = 2.6559143238e-07
Reset re-loads circuit * comparator-offset-mc @ sf_mismatch_125c_1.32v -- generated by sim/harness, do not edit

Circuit: * comparator-offset-mc @ sf_mismatch_125c_1.32v -- generated by sim/harness, do not edit

Doing analysis at TEMP = 125.000000 and TNOM = 27.000000

Using SPARSE 1.3 as Direct Linear Solver

No. of Data Rows : 6
voa = -4.409784440e-04
ddc = 1.4190882529e-06
dde = -1.672568100e-06
Reset re-loads circuit * comparator-offset-mc @ sf_mismatch_125c_1.32v -- generated by sim/harness, do not edit

Circuit: * comparator-offset-mc @ sf_mismatch_125c_1.32v -- generated by sim/harness, do not edit

Doing analysis at TEMP = 125.000000 and TNOM = 27.000000

Using SPARSE 1.3 as Direct Linear Solver
 Reference value :  0.00000e+00
No. of Data Rows : 6
voa = 5.7966573903e-04
ddc = -2.203754439e-07
dde = 9.9591710300e-07
Reset re-loads circuit * comparator-offset-mc @ sf_mismatch_125c_1.32v -- generated by sim/harness, do not edit

Circuit: * comparator-offset-mc @ sf_mismatch_125c_1.32v -- generated by sim/harness, do not edit

Doing analysis at TEMP = 125.000000 and TNOM = 27.000000

Using SPARSE 1.3 as Direct Linear Solver

No. of Data Rows : 6
voa = -2.735977077e-04
ddc = -3.152068111e-08
dde = 2.3209793781e-08
Reset re-loads circuit * comparator-offset-mc @ sf_mismatch_125c_1.32v -- generated by sim/harness, do not edit

Circuit: * comparator-offset-mc @ sf_mismatch_125c_1.32v -- generated by sim/harness, do not edit

Doing analysis at TEMP = 125.000000 and TNOM = 27.000000

Using SPARSE 1.3 as Direct Linear Solver

No. of Data Rows : 6
voa = 3.3909888928e-03
ddc = 5.4551580189e-07
dde = -7.320794541e-07
Reset re-loads circuit * comparator-offset-mc @ sf_mismatch_125c_1.32v -- generated by sim/harness, do not edit

Circuit: * comparator-offset-mc @ sf_mismatch_125c_1.32v -- generated by sim/harness, do not edit

Doing analysis at TEMP = 125.000000 and TNOM = 27.000000

Using SPARSE 1.3 as Direct Linear Solver

No. of Data Rows : 6
voa = -1.003031000e-03
ddc = 1.1025371890e-06
dde = -1.238576218e-06
Reset re-loads circuit * comparator-offset-mc @ sf_mismatch_125c_1.32v -- generated by sim/harness, do not edit

Circuit: * comparator-offset-mc @ sf_mismatch_125c_1.32v -- generated by sim/harness, do not edit

Doing analysis at TEMP = 125.000000 and TNOM = 27.000000

Using SPARSE 1.3 as Direct Linear Solver

No. of Data Rows : 6
voa = 6.5372264326e-05
ddc = 9.4842255770e-07
dde = -4.738425252e-07
Reset re-loads circuit * comparator-offset-mc @ sf_mismatch_125c_1.32v -- generated by sim/harness, do not edit

Circuit: * comparator-offset-mc @ sf_mismatch_125c_1.32v -- generated by sim/harness, do not edit

Doing analysis at TEMP = 125.000000 and TNOM = 27.000000

Using SPARSE 1.3 as Direct Linear Solver

No. of Data Rows : 6
voa = 1.7573129925e-03
ddc = -1.093627760e-06
dde = 1.5790766361e-06
Reset re-loads circuit * comparator-offset-mc @ sf_mismatch_125c_1.32v -- generated by sim/harness, do not edit

Circuit: * comparator-offset-mc @ sf_mismatch_125c_1.32v -- generated by sim/harness, do not edit

Doing analysis at TEMP = 125.000000 and TNOM = 27.000000

Using SPARSE 1.3 as Direct Linear Solver

No. of Data Rows : 6
voa = 1.3585426549e-03
ddc = -1.803147008e-07
dde = -3.856102135e-07
Reset re-loads circuit * comparator-offset-mc @ sf_mismatch_125c_1.32v -- generated by sim/harness, do not edit

Circuit: * comparator-offset-mc @ sf_mismatch_125c_1.32v -- generated by sim/harness, do not edit

Doing analysis at TEMP = 125.000000 and TNOM = 27.000000

Using SPARSE 1.3 as Direct Linear Solver
 Reference value :  0.00000e+00
No. of Data Rows : 6
voa = 3.5837903335e-03
ddc = 5.6292262946e-07
dde = -2.534677682e-07
Reset re-loads circuit * comparator-offset-mc @ sf_mismatch_125c_1.32v -- generated by sim/harness, do not edit

Circuit: * comparator-offset-mc @ sf_mismatch_125c_1.32v -- generated by sim/harness, do not edit

Doing analysis at TEMP = 125.000000 and TNOM = 27.000000

Using SPARSE 1.3 as Direct Linear Solver

No. of Data Rows : 6
voa = -5.844844641e-05
ddc = -4.018602087e-07
dde = 8.2285138319e-07
m_n_samples = 2.0000000000e+02
m_sig_vos_mv = 1.8027379872e+00
m_vos_3sig_mv = 5.4082139617e+00
m_mean_vos_uv = 8.7444285823e+01
m_mean_vos_sem = 6.8598374161e-01
m_sig_dvos_dn_uv = 1.0034749454e+00
m_sig_dvos_up_uv = 9.8426197040e-01
m_mean_dvos_dn_uv = 1.7942834825e-01
m_mean_dvos_up_uv = -1.495811317e-01
m_av_mean = 3.6479243022e+00
m_av_sigma_pct = 2.0116256110e+00
m_vbias_anchor_mv = 2.7609991071e+02
Note: Simulation executed from .control section 

Warning: m=xx on .subckt line will override multiplier m hierarchy!

Note: Starting dynamic gmin stepping
Note: Dynamic gmin stepping completed
Note: Starting dynamic gmin stepping
Note: Dynamic gmin stepping completed
Note: Starting dynamic gmin stepping
Note: Dynamic gmin stepping completed
Note: Starting dynamic gmin stepping
Note: Dynamic gmin stepping completed
Note: Starting dynamic gmin stepping
Note: Dynamic gmin stepping completed
Note: Starting dynamic gmin stepping
Note: Dynamic gmin stepping completed
Note: Starting dynamic gmin stepping
Note: Dynamic gmin stepping completed
Note: Starting dynamic gmin stepping
Note: Dynamic gmin stepping completed
Note: Starting dynamic gmin stepping
Note: Dynamic gmin stepping completed
Note: Starting dynamic gmin stepping
Note: Dynamic gmin stepping completed
Note: Starting dynamic gmin stepping
Note: Dynamic gmin stepping completed
Note: Starting dynamic gmin stepping
Note: Dynamic gmin stepping completed
Note: Starting dynamic gmin stepping
Note: Dynamic gmin stepping completed
Note: Starting dynamic gmin stepping
Note: Dynamic gmin stepping completed
Note: Starting dynamic gmin stepping
Note: Dynamic gmin stepping completed
Note: Starting dynamic gmin stepping
Note: Dynamic gmin stepping completed
Note: Starting dynamic gmin stepping
Note: Dynamic gmin stepping completed
Note: Starting dynamic gmin stepping
Note: Dynamic gmin stepping completed
Note: Starting dynamic gmin stepping
Note: Dynamic gmin stepping completed
Note: Starting dynamic gmin stepping
Note: Dynamic gmin stepping completed
Note: Starting dynamic gmin stepping
Note: Dynamic gmin stepping completed
Note: Starting dynamic gmin stepping
Note: Dynamic gmin stepping completed
Note: Starting dynamic gmin stepping
Note: Dynamic gmin stepping completed
Note: Starting dynamic gmin stepping
Note: Dynamic gmin stepping completed
Note: Starting dynamic gmin stepping
Note: Dynamic gmin stepping completed
Note: Starting dynamic gmin stepping
Note: Dynamic gmin stepping completed
Note: Starting dynamic gmin stepping
Note: Dynamic gmin stepping completed
Note: Starting dynamic gmin stepping
Note: Dynamic gmin stepping completed
Note: Starting dynamic gmin stepping
Note: Dynamic gmin stepping completed
Note: Starting dynamic gmin stepping
Note: Dynamic gmin stepping completed
Note: Starting dynamic gmin stepping
Note: Dynamic gmin stepping completed
Note: Starting dynamic gmin stepping
Note: Dynamic gmin stepping completed
Note: Starting dynamic gmin stepping
Note: Dynamic gmin stepping completed
Note: Starting dynamic gmin stepping
Note: Dynamic gmin stepping completed
Note: Starting dynamic gmin stepping
Note: Dynamic gmin stepping completed
Note: Starting dynamic gmin stepping
Note: Dynamic gmin stepping completed
Note: Starting dynamic gmin stepping
Note: Dynamic gmin stepping completed
Note: Starting dynamic gmin stepping
Note: Dynamic gmin stepping completed
Note: Starting dynamic gmin stepping
Note: Dynamic gmin stepping completed
Note: Starting dynamic gmin stepping
Note: Dynamic gmin stepping completed
Note: Starting dynamic gmin stepping
Note: Dynamic gmin stepping completed
Note: Starting dynamic gmin stepping
Note: Dynamic gmin stepping completed
Note: Starting dynamic gmin stepping
Note: Dynamic gmin stepping completed
Note: Starting dynamic gmin stepping
Note: Dynamic gmin stepping completed
Note: Starting dynamic gmin stepping
Note: Dynamic gmin stepping completed
Note: Starting dynamic gmin stepping
Note: Dynamic gmin stepping completed
Note: Starting dynamic gmin stepping
Note: Dynamic gmin stepping completed
Note: Starting dynamic gmin stepping
Note: Dynamic gmin stepping completed
Note: Starting dynamic gmin stepping
Note: Dynamic gmin stepping completed
Note: Starting dynamic gmin stepping
Note: Dynamic gmin stepping completed
Note: Starting dynamic gmin stepping
Note: Dynamic gmin stepping completed
Note: Starting dynamic gmin stepping
Note: Dynamic gmin stepping completed
Note: Starting dynamic gmin stepping
Note: Dynamic gmin stepping completed
Note: Starting dynamic gmin stepping
Note: Dynamic gmin stepping completed
Note: Starting dynamic gmin stepping
Note: Dynamic gmin stepping completed
Note: Starting dynamic gmin stepping
Note: Dynamic gmin stepping completed
Note: Starting dynamic gmin stepping
Note: Dynamic gmin stepping completed
Note: Starting dynamic gmin stepping
Note: Dynamic gmin stepping completed
Note: Starting dynamic gmin stepping
Note: Dynamic gmin stepping completed
Note: Starting dynamic gmin stepping
Note: Dynamic gmin stepping completed
Note: Starting dynamic gmin stepping
Note: Dynamic gmin stepping completed
Note: Starting dynamic gmin stepping
Note: Dynamic gmin stepping completed
Note: Starting dynamic gmin stepping
Note: Dynamic gmin stepping completed
Note: Starting dynamic gmin stepping
Note: Dynamic gmin stepping completed
Note: Starting dynamic gmin stepping
Note: Dynamic gmin stepping completed
Note: Starting dynamic gmin stepping
Note: Dynamic gmin stepping completed
Note: Starting dynamic gmin stepping
Note: Dynamic gmin stepping completed
Note: Starting dynamic gmin stepping
Note: Dynamic gmin stepping completed
Note: Starting dynamic gmin stepping
Note: Dynamic gmin stepping completed
Note: Starting dynamic gmin stepping
Note: Dynamic gmin stepping completed
Note: Starting dynamic gmin stepping
Note: Dynamic gmin stepping completed
