
Note: Compatibility modes selected: hs a


Circuit: * comparator-offset-mc @ sf_mismatch_-40c_1.32v -- generated by sim/harness, do not edit

Reset re-loads circuit * comparator-offset-mc @ sf_mismatch_-40c_1.32v -- generated by sim/harness, do not edit

Circuit: * comparator-offset-mc @ sf_mismatch_-40c_1.32v -- generated by sim/harness, do not edit

Doing analysis at TEMP = -40.000000 and TNOM = 27.000000

Using SPARSE 1.3 as Direct Linear Solver
 Reference value :  0.00000e+00
No. of Data Rows : 6
voa = -1.070456992e-03
ddc = -1.685517090e-07
dde = 7.1809164317e-08
Reset re-loads circuit * comparator-offset-mc @ sf_mismatch_-40c_1.32v -- generated by sim/harness, do not edit

Circuit: * comparator-offset-mc @ sf_mismatch_-40c_1.32v -- generated by sim/harness, do not edit

Doing analysis at TEMP = -40.000000 and TNOM = 27.000000

Using SPARSE 1.3 as Direct Linear Solver

No. of Data Rows : 6
voa = 7.0832247513e-05
ddc = 3.7232662772e-07
dde = -2.425245637e-07
Reset re-loads circuit * comparator-offset-mc @ sf_mismatch_-40c_1.32v -- generated by sim/harness, do not edit

Circuit: * comparator-offset-mc @ sf_mismatch_-40c_1.32v -- generated by sim/harness, do not edit

Doing analysis at TEMP = -40.000000 and TNOM = 27.000000

Using SPARSE 1.3 as Direct Linear Solver

No. of Data Rows : 6
voa = 1.5899106971e-04
ddc = -5.174583575e-07
dde = 6.8558872266e-07
Reset re-loads circuit * comparator-offset-mc @ sf_mismatch_-40c_1.32v -- generated by sim/harness, do not edit

Circuit: * comparator-offset-mc @ sf_mismatch_-40c_1.32v -- generated by sim/harness, do not edit

Doing analysis at TEMP = -40.000000 and TNOM = 27.000000

Using SPARSE 1.3 as Direct Linear Solver

No. of Data Rows : 6
voa = -2.112985904e-03
ddc = 2.2510734280e-06
dde = -2.216750273e-06
Reset re-loads circuit * comparator-offset-mc @ sf_mismatch_-40c_1.32v -- generated by sim/harness, do not edit

Circuit: * comparator-offset-mc @ sf_mismatch_-40c_1.32v -- generated by sim/harness, do not edit

Doing analysis at TEMP = -40.000000 and TNOM = 27.000000

Using SPARSE 1.3 as Direct Linear Solver

No. of Data Rows : 6
voa = 3.5136316279e-03
ddc = -1.676543994e-06
dde = 1.6977858398e-06
Reset re-loads circuit * comparator-offset-mc @ sf_mismatch_-40c_1.32v -- generated by sim/harness, do not edit

Circuit: * comparator-offset-mc @ sf_mismatch_-40c_1.32v -- generated by sim/harness, do not edit

Doing analysis at TEMP = -40.000000 and TNOM = 27.000000

Using SPARSE 1.3 as Direct Linear Solver

No. of Data Rows : 6
voa = -1.759624810e-04
ddc = 4.6344709278e-07
dde = -4.556512337e-07
Reset re-loads circuit * comparator-offset-mc @ sf_mismatch_-40c_1.32v -- generated by sim/harness, do not edit

Circuit: * comparator-offset-mc @ sf_mismatch_-40c_1.32v -- generated by sim/harness, do not edit

Doing analysis at TEMP = -40.000000 and TNOM = 27.000000

Using SPARSE 1.3 as Direct Linear Solver

No. of Data Rows : 6
voa = 4.5078884731e-03
ddc = 7.6951307787e-08
dde = -3.532773308e-08
Reset re-loads circuit * comparator-offset-mc @ sf_mismatch_-40c_1.32v -- generated by sim/harness, do not edit

Circuit: * comparator-offset-mc @ sf_mismatch_-40c_1.32v -- generated by sim/harness, do not edit

Doing analysis at TEMP = -40.000000 and TNOM = 27.000000

Using SPARSE 1.3 as Direct Linear Solver

No. of Data Rows : 6
voa = 3.6094140486e-03
ddc = 1.2877990624e-06
dde = -1.332489867e-06
Reset re-loads circuit * comparator-offset-mc @ sf_mismatch_-40c_1.32v -- generated by sim/harness, do not edit

Circuit: * comparator-offset-mc @ sf_mismatch_-40c_1.32v -- generated by sim/harness, do not edit

Doing analysis at TEMP = -40.000000 and TNOM = 27.000000

Using SPARSE 1.3 as Direct Linear Solver

No. of Data Rows : 6
voa = 2.5798697654e-04
ddc = -1.666844951e-06
dde = 1.7110156366e-06
Reset re-loads circuit * comparator-offset-mc @ sf_mismatch_-40c_1.32v -- generated by sim/harness, do not edit

Circuit: * comparator-offset-mc @ sf_mismatch_-40c_1.32v -- generated by sim/harness, do not edit

Doing analysis at TEMP = -40.000000 and TNOM = 27.000000

Using SPARSE 1.3 as Direct Linear Solver
 Reference value :  0.00000e+00
No. of Data Rows : 6
voa = -1.427943703e-03
ddc = -5.040283633e-07
dde = 4.3688262780e-07
Reset re-loads circuit * comparator-offset-mc @ sf_mismatch_-40c_1.32v -- generated by sim/harness, do not edit

Circuit: * comparator-offset-mc @ sf_mismatch_-40c_1.32v -- generated by sim/harness, do not edit

Doing analysis at TEMP = -40.000000 and TNOM = 27.000000

Using SPARSE 1.3 as Direct Linear Solver

No. of Data Rows : 6
voa = 2.1523487136e-03
ddc = 5.8662997375e-07
dde = -4.247731643e-07
Reset re-loads circuit * comparator-offset-mc @ sf_mismatch_-40c_1.32v -- generated by sim/harness, do not edit

Circuit: * comparator-offset-mc @ sf_mismatch_-40c_1.32v -- generated by sim/harness, do not edit

Doing analysis at TEMP = -40.000000 and TNOM = 27.000000

Using SPARSE 1.3 as Direct Linear Solver

No. of Data Rows : 6
voa = -7.859987279e-04
ddc = -9.602132970e-07
dde = 9.3322442950e-07
Reset re-loads circuit * comparator-offset-mc @ sf_mismatch_-40c_1.32v -- generated by sim/harness, do not edit

Circuit: * comparator-offset-mc @ sf_mismatch_-40c_1.32v -- generated by sim/harness, do not edit

Doing analysis at TEMP = -40.000000 and TNOM = 27.000000

Using SPARSE 1.3 as Direct Linear Solver

No. of Data Rows : 6
voa = 6.8674463337e-04
ddc = 4.1431009141e-07
dde = -3.828162802e-07
Reset re-loads circuit * comparator-offset-mc @ sf_mismatch_-40c_1.32v -- generated by sim/harness, do not edit

Circuit: * comparator-offset-mc @ sf_mismatch_-40c_1.32v -- generated by sim/harness, do not edit

Doing analysis at TEMP = -40.000000 and TNOM = 27.000000

Using SPARSE 1.3 as Direct Linear Solver

No. of Data Rows : 6
voa = 4.9459195875e-04
ddc = 6.9207385391e-07
dde = -8.070481511e-07
Reset re-loads circuit * comparator-offset-mc @ sf_mismatch_-40c_1.32v -- generated by sim/harness, do not edit

Circuit: * comparator-offset-mc @ sf_mismatch_-40c_1.32v -- generated by sim/harness, do not edit

Doing analysis at TEMP = -40.000000 and TNOM = 27.000000

Using SPARSE 1.3 as Direct Linear Solver

No. of Data Rows : 6
voa = 1.5191978525e-03
ddc = 1.5788023644e-07
dde = -7.694844327e-08
Reset re-loads circuit * comparator-offset-mc @ sf_mismatch_-40c_1.32v -- generated by sim/harness, do not edit

Circuit: * comparator-offset-mc @ sf_mismatch_-40c_1.32v -- generated by sim/harness, do not edit

Doing analysis at TEMP = -40.000000 and TNOM = 27.000000

Using SPARSE 1.3 as Direct Linear Solver

No. of Data Rows : 6
voa = -1.240942070e-03
ddc = -1.404218150e-06
dde = 1.4098122257e-06
Reset re-loads circuit * comparator-offset-mc @ sf_mismatch_-40c_1.32v -- generated by sim/harness, do not edit

Circuit: * comparator-offset-mc @ sf_mismatch_-40c_1.32v -- generated by sim/harness, do not edit

Doing analysis at TEMP = -40.000000 and TNOM = 27.000000

Using SPARSE 1.3 as Direct Linear Solver

No. of Data Rows : 6
voa = -2.945286911e-03
ddc = -1.169116382e-06
dde = 1.3082789121e-06
Reset re-loads circuit * comparator-offset-mc @ sf_mismatch_-40c_1.32v -- generated by sim/harness, do not edit

Circuit: * comparator-offset-mc @ sf_mismatch_-40c_1.32v -- generated by sim/harness, do not edit

Doing analysis at TEMP = -40.000000 and TNOM = 27.000000

Using SPARSE 1.3 as Direct Linear Solver

No. of Data Rows : 6
voa = -4.369017336e-04
ddc = -4.657924125e-07
dde = 3.6700987253e-07
Reset re-loads circuit * comparator-offset-mc @ sf_mismatch_-40c_1.32v -- generated by sim/harness, do not edit

Circuit: * comparator-offset-mc @ sf_mismatch_-40c_1.32v -- generated by sim/harness, do not edit

Doing analysis at TEMP = -40.000000 and TNOM = 27.000000

Using SPARSE 1.3 as Direct Linear Solver
 Reference value :  0.00000e+00
No. of Data Rows : 6
voa = -1.340225116e-04
ddc = -7.973134273e-08
dde = 1.6815587766e-07
Reset re-loads circuit * comparator-offset-mc @ sf_mismatch_-40c_1.32v -- generated by sim/harness, do not edit

Circuit: * comparator-offset-mc @ sf_mismatch_-40c_1.32v -- generated by sim/harness, do not edit

Doing analysis at TEMP = -40.000000 and TNOM = 27.000000

Using SPARSE 1.3 as Direct Linear Solver

No. of Data Rows : 6
voa = 4.0421325130e-04
ddc = 9.8090609244e-07
dde = -1.006535545e-06
Reset re-loads circuit * comparator-offset-mc @ sf_mismatch_-40c_1.32v -- generated by sim/harness, do not edit

Circuit: * comparator-offset-mc @ sf_mismatch_-40c_1.32v -- generated by sim/harness, do not edit

Doing analysis at TEMP = -40.000000 and TNOM = 27.000000

Using SPARSE 1.3 as Direct Linear Solver

No. of Data Rows : 6
voa = 3.7617047247e-03
ddc = 4.3089757211e-07
dde = -2.028310342e-07
Reset re-loads circuit * comparator-offset-mc @ sf_mismatch_-40c_1.32v -- generated by sim/harness, do not edit

Circuit: * comparator-offset-mc @ sf_mismatch_-40c_1.32v -- generated by sim/harness, do not edit

Doing analysis at TEMP = -40.000000 and TNOM = 27.000000

Using SPARSE 1.3 as Direct Linear Solver

No. of Data Rows : 6
voa = -1.135272577e-03
ddc = -5.992367040e-07
dde = 6.1113932916e-07
Reset re-loads circuit * comparator-offset-mc @ sf_mismatch_-40c_1.32v -- generated by sim/harness, do not edit

Circuit: * comparator-offset-mc @ sf_mismatch_-40c_1.32v -- generated by sim/harness, do not edit

Doing analysis at TEMP = -40.000000 and TNOM = 27.000000

Using SPARSE 1.3 as Direct Linear Solver

No. of Data Rows : 6
voa = -2.118731984e-03
ddc = -1.158253984e-06
dde = 1.1540249675e-06
Reset re-loads circuit * comparator-offset-mc @ sf_mismatch_-40c_1.32v -- generated by sim/harness, do not edit

Circuit: * comparator-offset-mc @ sf_mismatch_-40c_1.32v -- generated by sim/harness, do not edit

Doing analysis at TEMP = -40.000000 and TNOM = 27.000000

Using SPARSE 1.3 as Direct Linear Solver

No. of Data Rows : 6
voa = 1.3911240830e-03
ddc = 2.5624205261e-07
dde = -2.292285428e-08
Reset re-loads circuit * comparator-offset-mc @ sf_mismatch_-40c_1.32v -- generated by sim/harness, do not edit

Circuit: * comparator-offset-mc @ sf_mismatch_-40c_1.32v -- generated by sim/harness, do not edit

Doing analysis at TEMP = -40.000000 and TNOM = 27.000000

Using SPARSE 1.3 as Direct Linear Solver

No. of Data Rows : 6
voa = 2.8569239655e-03
ddc = 1.1170876896e-06
dde = -1.343886628e-06
Reset re-loads circuit * comparator-offset-mc @ sf_mismatch_-40c_1.32v -- generated by sim/harness, do not edit

Circuit: * comparator-offset-mc @ sf_mismatch_-40c_1.32v -- generated by sim/harness, do not edit

Doing analysis at TEMP = -40.000000 and TNOM = 27.000000

Using SPARSE 1.3 as Direct Linear Solver

No. of Data Rows : 6
voa = 4.1954515152e-03
ddc = 9.5165181885e-07
dde = -7.273909357e-07
Reset re-loads circuit * comparator-offset-mc @ sf_mismatch_-40c_1.32v -- generated by sim/harness, do not edit

Circuit: * comparator-offset-mc @ sf_mismatch_-40c_1.32v -- generated by sim/harness, do not edit

Doing analysis at TEMP = -40.000000 and TNOM = 27.000000

Using SPARSE 1.3 as Direct Linear Solver

No. of Data Rows : 6
voa = 1.3256210825e-03
ddc = 1.0959106975e-07
dde = -1.131875045e-07
Reset re-loads circuit * comparator-offset-mc @ sf_mismatch_-40c_1.32v -- generated by sim/harness, do not edit

Circuit: * comparator-offset-mc @ sf_mismatch_-40c_1.32v -- generated by sim/harness, do not edit

Doing analysis at TEMP = -40.000000 and TNOM = 27.000000

Using SPARSE 1.3 as Direct Linear Solver
 Reference value :  0.00000e+00
No. of Data Rows : 6
voa = -2.424002698e-03
ddc = -1.934336939e-07
dde = 2.3177848488e-07
Reset re-loads circuit * comparator-offset-mc @ sf_mismatch_-40c_1.32v -- generated by sim/harness, do not edit

Circuit: * comparator-offset-mc @ sf_mismatch_-40c_1.32v -- generated by sim/harness, do not edit

Doing analysis at TEMP = -40.000000 and TNOM = 27.000000

Using SPARSE 1.3 as Direct Linear Solver

No. of Data Rows : 6
voa = -5.393574084e-04
ddc = -8.127091926e-07
dde = 9.1358018074e-07
Reset re-loads circuit * comparator-offset-mc @ sf_mismatch_-40c_1.32v -- generated by sim/harness, do not edit

Circuit: * comparator-offset-mc @ sf_mismatch_-40c_1.32v -- generated by sim/harness, do not edit

Doing analysis at TEMP = -40.000000 and TNOM = 27.000000

Using SPARSE 1.3 as Direct Linear Solver

No. of Data Rows : 6
voa = 3.5594200265e-03
ddc = -3.217585689e-07
dde = 4.2466044776e-07
Reset re-loads circuit * comparator-offset-mc @ sf_mismatch_-40c_1.32v -- generated by sim/harness, do not edit

Circuit: * comparator-offset-mc @ sf_mismatch_-40c_1.32v -- generated by sim/harness, do not edit

Doing analysis at TEMP = -40.000000 and TNOM = 27.000000

Using SPARSE 1.3 as Direct Linear Solver

No. of Data Rows : 6
voa = 1.9407083345e-03
ddc = 3.9974808328e-08
dde = 1.2528926571e-07
Reset re-loads circuit * comparator-offset-mc @ sf_mismatch_-40c_1.32v -- generated by sim/harness, do not edit

Circuit: * comparator-offset-mc @ sf_mismatch_-40c_1.32v -- generated by sim/harness, do not edit

Doing analysis at TEMP = -40.000000 and TNOM = 27.000000

Using SPARSE 1.3 as Direct Linear Solver

No. of Data Rows : 6
voa = 5.1561936327e-04
ddc = -9.268189922e-07
dde = 1.1536995286e-06
Reset re-loads circuit * comparator-offset-mc @ sf_mismatch_-40c_1.32v -- generated by sim/harness, do not edit

Circuit: * comparator-offset-mc @ sf_mismatch_-40c_1.32v -- generated by sim/harness, do not edit

Doing analysis at TEMP = -40.000000 and TNOM = 27.000000

Using SPARSE 1.3 as Direct Linear Solver

No. of Data Rows : 6
voa = 1.5185451034e-03
ddc = -5.025202076e-07
dde = 4.9815482973e-07
Reset re-loads circuit * comparator-offset-mc @ sf_mismatch_-40c_1.32v -- generated by sim/harness, do not edit

Circuit: * comparator-offset-mc @ sf_mismatch_-40c_1.32v -- generated by sim/harness, do not edit

Doing analysis at TEMP = -40.000000 and TNOM = 27.000000

Using SPARSE 1.3 as Direct Linear Solver

No. of Data Rows : 6
voa = -1.473419589e-03
ddc = 5.6803875131e-07
dde = -4.511351269e-07
Reset re-loads circuit * comparator-offset-mc @ sf_mismatch_-40c_1.32v -- generated by sim/harness, do not edit

Circuit: * comparator-offset-mc @ sf_mismatch_-40c_1.32v -- generated by sim/harness, do not edit

Doing analysis at TEMP = -40.000000 and TNOM = 27.000000

Using SPARSE 1.3 as Direct Linear Solver

No. of Data Rows : 6
voa = -1.847006210e-03
ddc = -9.323912407e-07
dde = 9.0458593221e-07
Reset re-loads circuit * comparator-offset-mc @ sf_mismatch_-40c_1.32v -- generated by sim/harness, do not edit

Circuit: * comparator-offset-mc @ sf_mismatch_-40c_1.32v -- generated by sim/harness, do not edit

Doing analysis at TEMP = -40.000000 and TNOM = 27.000000

Using SPARSE 1.3 as Direct Linear Solver

No. of Data Rows : 6
voa = -6.104647642e-07
ddc = -1.632055650e-08
dde = 1.7355679812e-07
Reset re-loads circuit * comparator-offset-mc @ sf_mismatch_-40c_1.32v -- generated by sim/harness, do not edit

Circuit: * comparator-offset-mc @ sf_mismatch_-40c_1.32v -- generated by sim/harness, do not edit

Doing analysis at TEMP = -40.000000 and TNOM = 27.000000

Using SPARSE 1.3 as Direct Linear Solver
 Reference value :  0.00000e+00
No. of Data Rows : 6
voa = 1.9403054890e-03
ddc = -8.258317512e-07
dde = 8.0940950743e-07
Reset re-loads circuit * comparator-offset-mc @ sf_mismatch_-40c_1.32v -- generated by sim/harness, do not edit

Circuit: * comparator-offset-mc @ sf_mismatch_-40c_1.32v -- generated by sim/harness, do not edit

Doing analysis at TEMP = -40.000000 and TNOM = 27.000000

Using SPARSE 1.3 as Direct Linear Solver

No. of Data Rows : 6
voa = 9.0135128777e-04
ddc = 2.4968732353e-07
dde = -2.332528049e-07
Reset re-loads circuit * comparator-offset-mc @ sf_mismatch_-40c_1.32v -- generated by sim/harness, do not edit

Circuit: * comparator-offset-mc @ sf_mismatch_-40c_1.32v -- generated by sim/harness, do not edit

Doing analysis at TEMP = -40.000000 and TNOM = 27.000000

Using SPARSE 1.3 as Direct Linear Solver

No. of Data Rows : 6
voa = -5.556778979e-03
ddc = -2.748029070e-06
dde = 2.9880136654e-06
Reset re-loads circuit * comparator-offset-mc @ sf_mismatch_-40c_1.32v -- generated by sim/harness, do not edit

Circuit: * comparator-offset-mc @ sf_mismatch_-40c_1.32v -- generated by sim/harness, do not edit

Doing analysis at TEMP = -40.000000 and TNOM = 27.000000

Using SPARSE 1.3 as Direct Linear Solver

No. of Data Rows : 6
voa = -2.052704675e-03
ddc = 8.5169634875e-07
dde = -8.435586753e-07
Reset re-loads circuit * comparator-offset-mc @ sf_mismatch_-40c_1.32v -- generated by sim/harness, do not edit

Circuit: * comparator-offset-mc @ sf_mismatch_-40c_1.32v -- generated by sim/harness, do not edit

Doing analysis at TEMP = -40.000000 and TNOM = 27.000000

Using SPARSE 1.3 as Direct Linear Solver

No. of Data Rows : 6
voa = 4.3593740557e-04
ddc = 1.9346542161e-07
dde = -5.658586805e-08
Reset re-loads circuit * comparator-offset-mc @ sf_mismatch_-40c_1.32v -- generated by sim/harness, do not edit

Circuit: * comparator-offset-mc @ sf_mismatch_-40c_1.32v -- generated by sim/harness, do not edit

Doing analysis at TEMP = -40.000000 and TNOM = 27.000000

Using SPARSE 1.3 as Direct Linear Solver

No. of Data Rows : 6
voa = 2.0355377363e-03
ddc = -5.368863918e-07
dde = 5.2406362202e-07
Reset re-loads circuit * comparator-offset-mc @ sf_mismatch_-40c_1.32v -- generated by sim/harness, do not edit

Circuit: * comparator-offset-mc @ sf_mismatch_-40c_1.32v -- generated by sim/harness, do not edit

Doing analysis at TEMP = -40.000000 and TNOM = 27.000000

Using SPARSE 1.3 as Direct Linear Solver

No. of Data Rows : 6
voa = 2.8199824066e-03
ddc = 4.1397439569e-07
dde = -4.742552838e-07
Reset re-loads circuit * comparator-offset-mc @ sf_mismatch_-40c_1.32v -- generated by sim/harness, do not edit

Circuit: * comparator-offset-mc @ sf_mismatch_-40c_1.32v -- generated by sim/harness, do not edit

Doing analysis at TEMP = -40.000000 and TNOM = 27.000000

Using SPARSE 1.3 as Direct Linear Solver

No. of Data Rows : 6
voa = -2.257440163e-04
ddc = 2.4121516675e-07
dde = -2.556055721e-07
Reset re-loads circuit * comparator-offset-mc @ sf_mismatch_-40c_1.32v -- generated by sim/harness, do not edit

Circuit: * comparator-offset-mc @ sf_mismatch_-40c_1.32v -- generated by sim/harness, do not edit

Doing analysis at TEMP = -40.000000 and TNOM = 27.000000

Using SPARSE 1.3 as Direct Linear Solver

No. of Data Rows : 6
voa = -3.821568307e-03
ddc = -1.043099696e-06
dde = 1.0312338365e-06
Reset re-loads circuit * comparator-offset-mc @ sf_mismatch_-40c_1.32v -- generated by sim/harness, do not edit

Circuit: * comparator-offset-mc @ sf_mismatch_-40c_1.32v -- generated by sim/harness, do not edit

Doing analysis at TEMP = -40.000000 and TNOM = 27.000000

Using SPARSE 1.3 as Direct Linear Solver
 Reference value :  0.00000e+00
No. of Data Rows : 6
voa = -1.404322007e-04
ddc = 1.1997673734e-06
dde = -1.375875355e-06
Reset re-loads circuit * comparator-offset-mc @ sf_mismatch_-40c_1.32v -- generated by sim/harness, do not edit

Circuit: * comparator-offset-mc @ sf_mismatch_-40c_1.32v -- generated by sim/harness, do not edit

Doing analysis at TEMP = -40.000000 and TNOM = 27.000000

Using SPARSE 1.3 as Direct Linear Solver

No. of Data Rows : 6
voa = 1.9476629664e-03
ddc = 9.4903388456e-07
dde = -8.093928863e-07
Reset re-loads circuit * comparator-offset-mc @ sf_mismatch_-40c_1.32v -- generated by sim/harness, do not edit

Circuit: * comparator-offset-mc @ sf_mismatch_-40c_1.32v -- generated by sim/harness, do not edit

Doing analysis at TEMP = -40.000000 and TNOM = 27.000000

Using SPARSE 1.3 as Direct Linear Solver

No. of Data Rows : 6
voa = -2.732240293e-04
ddc = 7.3953517696e-07
dde = -6.902124458e-07
Reset re-loads circuit * comparator-offset-mc @ sf_mismatch_-40c_1.32v -- generated by sim/harness, do not edit

Circuit: * comparator-offset-mc @ sf_mismatch_-40c_1.32v -- generated by sim/harness, do not edit

Doing analysis at TEMP = -40.000000 and TNOM = 27.000000

Using SPARSE 1.3 as Direct Linear Solver

No. of Data Rows : 6
voa = 3.7861593927e-03
ddc = -2.560277913e-07
dde = 2.7315514833e-07
Reset re-loads circuit * comparator-offset-mc @ sf_mismatch_-40c_1.32v -- generated by sim/harness, do not edit

Circuit: * comparator-offset-mc @ sf_mismatch_-40c_1.32v -- generated by sim/harness, do not edit

Doing analysis at TEMP = -40.000000 and TNOM = 27.000000

Using SPARSE 1.3 as Direct Linear Solver

No. of Data Rows : 6
voa = 1.5768021531e-04
ddc = -1.606237019e-07
dde = 1.9023919291e-07
Reset re-loads circuit * comparator-offset-mc @ sf_mismatch_-40c_1.32v -- generated by sim/harness, do not edit

Circuit: * comparator-offset-mc @ sf_mismatch_-40c_1.32v -- generated by sim/harness, do not edit

Doing analysis at TEMP = -40.000000 and TNOM = 27.000000

Using SPARSE 1.3 as Direct Linear Solver

No. of Data Rows : 6
voa = 4.3484747979e-04
ddc = 1.3408928499e-06
dde = -1.068875375e-06
Reset re-loads circuit * comparator-offset-mc @ sf_mismatch_-40c_1.32v -- generated by sim/harness, do not edit

Circuit: * comparator-offset-mc @ sf_mismatch_-40c_1.32v -- generated by sim/harness, do not edit

Doing analysis at TEMP = -40.000000 and TNOM = 27.000000

Using SPARSE 1.3 as Direct Linear Solver

No. of Data Rows : 6
voa = 3.1358808643e-04
ddc = 6.8417063700e-07
dde = -6.736113508e-07
Reset re-loads circuit * comparator-offset-mc @ sf_mismatch_-40c_1.32v -- generated by sim/harness, do not edit

Circuit: * comparator-offset-mc @ sf_mismatch_-40c_1.32v -- generated by sim/harness, do not edit

Doing analysis at TEMP = -40.000000 and TNOM = 27.000000

Using SPARSE 1.3 as Direct Linear Solver

No. of Data Rows : 6
voa = -1.209919300e-03
ddc = -2.799194091e-07
dde = 4.4998563391e-07
Reset re-loads circuit * comparator-offset-mc @ sf_mismatch_-40c_1.32v -- generated by sim/harness, do not edit

Circuit: * comparator-offset-mc @ sf_mismatch_-40c_1.32v -- generated by sim/harness, do not edit

Doing analysis at TEMP = -40.000000 and TNOM = 27.000000

Using SPARSE 1.3 as Direct Linear Solver

No. of Data Rows : 6
voa = 8.6305903082e-04
ddc = -2.856311123e-07
dde = 4.1816925230e-07
Reset re-loads circuit * comparator-offset-mc @ sf_mismatch_-40c_1.32v -- generated by sim/harness, do not edit

Circuit: * comparator-offset-mc @ sf_mismatch_-40c_1.32v -- generated by sim/harness, do not edit

Doing analysis at TEMP = -40.000000 and TNOM = 27.000000

Using SPARSE 1.3 as Direct Linear Solver
 Reference value :  0.00000e+00
No. of Data Rows : 6
voa = -1.806041125e-04
ddc = -2.005348706e-07
dde = 2.5446865856e-07
Reset re-loads circuit * comparator-offset-mc @ sf_mismatch_-40c_1.32v -- generated by sim/harness, do not edit

Circuit: * comparator-offset-mc @ sf_mismatch_-40c_1.32v -- generated by sim/harness, do not edit

Doing analysis at TEMP = -40.000000 and TNOM = 27.000000

Using SPARSE 1.3 as Direct Linear Solver

No. of Data Rows : 6
voa = -5.160761787e-04
ddc = -1.177992280e-07
dde = 2.7680902310e-07
Reset re-loads circuit * comparator-offset-mc @ sf_mismatch_-40c_1.32v -- generated by sim/harness, do not edit

Circuit: * comparator-offset-mc @ sf_mismatch_-40c_1.32v -- generated by sim/harness, do not edit

Doing analysis at TEMP = -40.000000 and TNOM = 27.000000

Using SPARSE 1.3 as Direct Linear Solver

No. of Data Rows : 6
voa = 2.3767209444e-03
ddc = 1.2138995894e-06
dde = -1.189761019e-06
Reset re-loads circuit * comparator-offset-mc @ sf_mismatch_-40c_1.32v -- generated by sim/harness, do not edit

Circuit: * comparator-offset-mc @ sf_mismatch_-40c_1.32v -- generated by sim/harness, do not edit

Doing analysis at TEMP = -40.000000 and TNOM = 27.000000

Using SPARSE 1.3 as Direct Linear Solver

No. of Data Rows : 6
voa = 2.7454906610e-03
ddc = -7.042455113e-07
dde = 7.2768172919e-07
Reset re-loads circuit * comparator-offset-mc @ sf_mismatch_-40c_1.32v -- generated by sim/harness, do not edit

Circuit: * comparator-offset-mc @ sf_mismatch_-40c_1.32v -- generated by sim/harness, do not edit

Doing analysis at TEMP = -40.000000 and TNOM = 27.000000

Using SPARSE 1.3 as Direct Linear Solver

No. of Data Rows : 6
voa = -1.168992350e-03
ddc = -8.669032244e-07
dde = 7.8734561562e-07
Reset re-loads circuit * comparator-offset-mc @ sf_mismatch_-40c_1.32v -- generated by sim/harness, do not edit

Circuit: * comparator-offset-mc @ sf_mismatch_-40c_1.32v -- generated by sim/harness, do not edit

Doing analysis at TEMP = -40.000000 and TNOM = 27.000000

Using SPARSE 1.3 as Direct Linear Solver

No. of Data Rows : 6
voa = 1.1848122567e-03
ddc = 9.7788294709e-07
dde = -8.917963199e-07
Reset re-loads circuit * comparator-offset-mc @ sf_mismatch_-40c_1.32v -- generated by sim/harness, do not edit

Circuit: * comparator-offset-mc @ sf_mismatch_-40c_1.32v -- generated by sim/harness, do not edit

Doing analysis at TEMP = -40.000000 and TNOM = 27.000000

Using SPARSE 1.3 as Direct Linear Solver

No. of Data Rows : 6
voa = 2.1264196210e-03
ddc = 1.8808428670e-08
dde = -5.160758013e-08
Reset re-loads circuit * comparator-offset-mc @ sf_mismatch_-40c_1.32v -- generated by sim/harness, do not edit

Circuit: * comparator-offset-mc @ sf_mismatch_-40c_1.32v -- generated by sim/harness, do not edit

Doing analysis at TEMP = -40.000000 and TNOM = 27.000000

Using SPARSE 1.3 as Direct Linear Solver

No. of Data Rows : 6
voa = 2.5319822722e-05
ddc = -1.080264562e-06
dde = 1.2868480151e-06
Reset re-loads circuit * comparator-offset-mc @ sf_mismatch_-40c_1.32v -- generated by sim/harness, do not edit

Circuit: * comparator-offset-mc @ sf_mismatch_-40c_1.32v -- generated by sim/harness, do not edit

Doing analysis at TEMP = -40.000000 and TNOM = 27.000000

Using SPARSE 1.3 as Direct Linear Solver

No. of Data Rows : 6
voa = 1.2947064479e-03
ddc = 2.4058779567e-07
dde = -3.162680666e-07
Reset re-loads circuit * comparator-offset-mc @ sf_mismatch_-40c_1.32v -- generated by sim/harness, do not edit

Circuit: * comparator-offset-mc @ sf_mismatch_-40c_1.32v -- generated by sim/harness, do not edit

Doing analysis at TEMP = -40.000000 and TNOM = 27.000000

Using SPARSE 1.3 as Direct Linear Solver
 Reference value :  0.00000e+00
No. of Data Rows : 6
voa = -1.816051593e-03
ddc = 1.0682968794e-06
dde = -9.895593905e-07
Reset re-loads circuit * comparator-offset-mc @ sf_mismatch_-40c_1.32v -- generated by sim/harness, do not edit

Circuit: * comparator-offset-mc @ sf_mismatch_-40c_1.32v -- generated by sim/harness, do not edit

Doing analysis at TEMP = -40.000000 and TNOM = 27.000000

Using SPARSE 1.3 as Direct Linear Solver

No. of Data Rows : 6
voa = -3.929810536e-04
ddc = -1.421012814e-06
dde = 1.3322159773e-06
Reset re-loads circuit * comparator-offset-mc @ sf_mismatch_-40c_1.32v -- generated by sim/harness, do not edit

Circuit: * comparator-offset-mc @ sf_mismatch_-40c_1.32v -- generated by sim/harness, do not edit

Doing analysis at TEMP = -40.000000 and TNOM = 27.000000

Using SPARSE 1.3 as Direct Linear Solver

No. of Data Rows : 6
voa = 1.3261784659e-03
ddc = -5.554350763e-07
dde = 5.3939025539e-07
Reset re-loads circuit * comparator-offset-mc @ sf_mismatch_-40c_1.32v -- generated by sim/harness, do not edit

Circuit: * comparator-offset-mc @ sf_mismatch_-40c_1.32v -- generated by sim/harness, do not edit

Doing analysis at TEMP = -40.000000 and TNOM = 27.000000

Using SPARSE 1.3 as Direct Linear Solver

No. of Data Rows : 6
voa = 3.2679290330e-04
ddc = -8.129293619e-07
dde = 7.9878427421e-07
Reset re-loads circuit * comparator-offset-mc @ sf_mismatch_-40c_1.32v -- generated by sim/harness, do not edit

Circuit: * comparator-offset-mc @ sf_mismatch_-40c_1.32v -- generated by sim/harness, do not edit

Doing analysis at TEMP = -40.000000 and TNOM = 27.000000

Using SPARSE 1.3 as Direct Linear Solver

No. of Data Rows : 6
voa = -7.675225433e-04
ddc = 1.1795881169e-06
dde = -1.227866799e-06
Reset re-loads circuit * comparator-offset-mc @ sf_mismatch_-40c_1.32v -- generated by sim/harness, do not edit

Circuit: * comparator-offset-mc @ sf_mismatch_-40c_1.32v -- generated by sim/harness, do not edit

Doing analysis at TEMP = -40.000000 and TNOM = 27.000000

Using SPARSE 1.3 as Direct Linear Solver

No. of Data Rows : 6
voa = 1.6430760719e-03
ddc = -1.472076152e-06
dde = 1.5682158818e-06
Reset re-loads circuit * comparator-offset-mc @ sf_mismatch_-40c_1.32v -- generated by sim/harness, do not edit

Circuit: * comparator-offset-mc @ sf_mismatch_-40c_1.32v -- generated by sim/harness, do not edit

Doing analysis at TEMP = -40.000000 and TNOM = 27.000000

Using SPARSE 1.3 as Direct Linear Solver

No. of Data Rows : 6
voa = 4.9692320158e-04
ddc = 3.9052483186e-07
dde = -4.247944945e-07
Reset re-loads circuit * comparator-offset-mc @ sf_mismatch_-40c_1.32v -- generated by sim/harness, do not edit

Circuit: * comparator-offset-mc @ sf_mismatch_-40c_1.32v -- generated by sim/harness, do not edit

Doing analysis at TEMP = -40.000000 and TNOM = 27.000000

Using SPARSE 1.3 as Direct Linear Solver

No. of Data Rows : 6
voa = -1.145026475e-03
ddc = 2.9734472517e-07
dde = -2.026706573e-07
Reset re-loads circuit * comparator-offset-mc @ sf_mismatch_-40c_1.32v -- generated by sim/harness, do not edit

Circuit: * comparator-offset-mc @ sf_mismatch_-40c_1.32v -- generated by sim/harness, do not edit

Doing analysis at TEMP = -40.000000 and TNOM = 27.000000

Using SPARSE 1.3 as Direct Linear Solver
 Reference value :  0.00000e+00
No. of Data Rows : 6
voa = -3.546936612e-03
ddc = 5.7481457873e-07
dde = -6.829089962e-07
Reset re-loads circuit * comparator-offset-mc @ sf_mismatch_-40c_1.32v -- generated by sim/harness, do not edit

Circuit: * comparator-offset-mc @ sf_mismatch_-40c_1.32v -- generated by sim/harness, do not edit

Doing analysis at TEMP = -40.000000 and TNOM = 27.000000

Using SPARSE 1.3 as Direct Linear Solver

No. of Data Rows : 6
voa = 4.9469342161e-04
ddc = 2.5945728139e-07
dde = -1.618718943e-07
Reset re-loads circuit * comparator-offset-mc @ sf_mismatch_-40c_1.32v -- generated by sim/harness, do not edit

Circuit: * comparator-offset-mc @ sf_mismatch_-40c_1.32v -- generated by sim/harness, do not edit

Doing analysis at TEMP = -40.000000 and TNOM = 27.000000

Using SPARSE 1.3 as Direct Linear Solver

No. of Data Rows : 6
voa = 9.4877365280e-04
ddc = -2.777822350e-07
dde = 1.4147670494e-07
Reset re-loads circuit * comparator-offset-mc @ sf_mismatch_-40c_1.32v -- generated by sim/harness, do not edit

Circuit: * comparator-offset-mc @ sf_mismatch_-40c_1.32v -- generated by sim/harness, do not edit

Doing analysis at TEMP = -40.000000 and TNOM = 27.000000

Using SPARSE 1.3 as Direct Linear Solver

No. of Data Rows : 6
voa = 2.3049596828e-03
ddc = -1.248443741e-06
dde = 1.3183638580e-06
Reset re-loads circuit * comparator-offset-mc @ sf_mismatch_-40c_1.32v -- generated by sim/harness, do not edit

Circuit: * comparator-offset-mc @ sf_mismatch_-40c_1.32v -- generated by sim/harness, do not edit

Doing analysis at TEMP = -40.000000 and TNOM = 27.000000

Using SPARSE 1.3 as Direct Linear Solver

No. of Data Rows : 6
voa = 1.4171946557e-03
ddc = 6.5327824185e-07
dde = -5.450107282e-07
Reset re-loads circuit * comparator-offset-mc @ sf_mismatch_-40c_1.32v -- generated by sim/harness, do not edit

Circuit: * comparator-offset-mc @ sf_mismatch_-40c_1.32v -- generated by sim/harness, do not edit

Doing analysis at TEMP = -40.000000 and TNOM = 27.000000

Using SPARSE 1.3 as Direct Linear Solver

No. of Data Rows : 6
voa = -1.708559389e-03
ddc = 7.3855401975e-07
dde = -7.765799926e-07
Reset re-loads circuit * comparator-offset-mc @ sf_mismatch_-40c_1.32v -- generated by sim/harness, do not edit

Circuit: * comparator-offset-mc @ sf_mismatch_-40c_1.32v -- generated by sim/harness, do not edit

Doing analysis at TEMP = -40.000000 and TNOM = 27.000000

Using SPARSE 1.3 as Direct Linear Solver

No. of Data Rows : 6
voa = 2.0712045792e-03
ddc = 6.6781295504e-07
dde = -7.939935179e-07
Reset re-loads circuit * comparator-offset-mc @ sf_mismatch_-40c_1.32v -- generated by sim/harness, do not edit

Circuit: * comparator-offset-mc @ sf_mismatch_-40c_1.32v -- generated by sim/harness, do not edit

Doing analysis at TEMP = -40.000000 and TNOM = 27.000000

Using SPARSE 1.3 as Direct Linear Solver

No. of Data Rows : 6
voa = 7.7947686866e-04
ddc = 1.9369800638e-07
dde = 9.4754142443e-08
Reset re-loads circuit * comparator-offset-mc @ sf_mismatch_-40c_1.32v -- generated by sim/harness, do not edit

Circuit: * comparator-offset-mc @ sf_mismatch_-40c_1.32v -- generated by sim/harness, do not edit

Doing analysis at TEMP = -40.000000 and TNOM = 27.000000

Using SPARSE 1.3 as Direct Linear Solver
 Reference value :  0.00000e+00
No. of Data Rows : 6
voa = 2.8954856297e-04
ddc = 6.2548434678e-07
dde = -8.888852213e-07
Reset re-loads circuit * comparator-offset-mc @ sf_mismatch_-40c_1.32v -- generated by sim/harness, do not edit

Circuit: * comparator-offset-mc @ sf_mismatch_-40c_1.32v -- generated by sim/harness, do not edit

Doing analysis at TEMP = -40.000000 and TNOM = 27.000000

Using SPARSE 1.3 as Direct Linear Solver

No. of Data Rows : 6
voa = 8.0379813921e-04
ddc = 1.9461701675e-06
dde = -1.994836601e-06
Reset re-loads circuit * comparator-offset-mc @ sf_mismatch_-40c_1.32v -- generated by sim/harness, do not edit

Circuit: * comparator-offset-mc @ sf_mismatch_-40c_1.32v -- generated by sim/harness, do not edit

Doing analysis at TEMP = -40.000000 and TNOM = 27.000000

Using SPARSE 1.3 as Direct Linear Solver

No. of Data Rows : 6
voa = -2.981124602e-03
ddc = -1.027679405e-06
dde = 1.0388967779e-06
Reset re-loads circuit * comparator-offset-mc @ sf_mismatch_-40c_1.32v -- generated by sim/harness, do not edit

Circuit: * comparator-offset-mc @ sf_mismatch_-40c_1.32v -- generated by sim/harness, do not edit

Doing analysis at TEMP = -40.000000 and TNOM = 27.000000

Using SPARSE 1.3 as Direct Linear Solver

No. of Data Rows : 6
voa = 6.4935877001e-04
ddc = 2.1543725794e-08
dde = 4.5480792370e-09
Reset re-loads circuit * comparator-offset-mc @ sf_mismatch_-40c_1.32v -- generated by sim/harness, do not edit

Circuit: * comparator-offset-mc @ sf_mismatch_-40c_1.32v -- generated by sim/harness, do not edit

Doing analysis at TEMP = -40.000000 and TNOM = 27.000000

Using SPARSE 1.3 as Direct Linear Solver

No. of Data Rows : 6
voa = 1.5293649232e-03
ddc = 1.2518633423e-07
dde = -1.336753127e-07
Reset re-loads circuit * comparator-offset-mc @ sf_mismatch_-40c_1.32v -- generated by sim/harness, do not edit

Circuit: * comparator-offset-mc @ sf_mismatch_-40c_1.32v -- generated by sim/harness, do not edit

Doing analysis at TEMP = -40.000000 and TNOM = 27.000000

Using SPARSE 1.3 as Direct Linear Solver

No. of Data Rows : 6
voa = -1.307306096e-03
ddc = -9.730295629e-07
dde = 1.0271881804e-06
Reset re-loads circuit * comparator-offset-mc @ sf_mismatch_-40c_1.32v -- generated by sim/harness, do not edit

Circuit: * comparator-offset-mc @ sf_mismatch_-40c_1.32v -- generated by sim/harness, do not edit

Doing analysis at TEMP = -40.000000 and TNOM = 27.000000

Using SPARSE 1.3 as Direct Linear Solver

No. of Data Rows : 6
voa = 1.3511251511e-03
ddc = 2.3938424161e-07
dde = -2.614477633e-07
Reset re-loads circuit * comparator-offset-mc @ sf_mismatch_-40c_1.32v -- generated by sim/harness, do not edit

Circuit: * comparator-offset-mc @ sf_mismatch_-40c_1.32v -- generated by sim/harness, do not edit

Doing analysis at TEMP = -40.000000 and TNOM = 27.000000

Using SPARSE 1.3 as Direct Linear Solver

No. of Data Rows : 6
voa = 1.1866451827e-03
ddc = -1.087618210e-06
dde = 1.1364740192e-06
Reset re-loads circuit * comparator-offset-mc @ sf_mismatch_-40c_1.32v -- generated by sim/harness, do not edit

Circuit: * comparator-offset-mc @ sf_mismatch_-40c_1.32v -- generated by sim/harness, do not edit

Doing analysis at TEMP = -40.000000 and TNOM = 27.000000

Using SPARSE 1.3 as Direct Linear Solver
 Reference value :  0.00000e+00
No. of Data Rows : 6
voa = -3.053283737e-03
ddc = -6.760102935e-07
dde = 7.6851759598e-07
Reset re-loads circuit * comparator-offset-mc @ sf_mismatch_-40c_1.32v -- generated by sim/harness, do not edit

Circuit: * comparator-offset-mc @ sf_mismatch_-40c_1.32v -- generated by sim/harness, do not edit

Doing analysis at TEMP = -40.000000 and TNOM = 27.000000

Using SPARSE 1.3 as Direct Linear Solver

No. of Data Rows : 6
voa = -9.112391322e-04
ddc = 2.7540248840e-07
dde = -2.213727404e-07
Reset re-loads circuit * comparator-offset-mc @ sf_mismatch_-40c_1.32v -- generated by sim/harness, do not edit

Circuit: * comparator-offset-mc @ sf_mismatch_-40c_1.32v -- generated by sim/harness, do not edit

Doing analysis at TEMP = -40.000000 and TNOM = 27.000000

Using SPARSE 1.3 as Direct Linear Solver

No. of Data Rows : 6
voa = 4.9968987507e-04
ddc = -2.046221184e-08
dde = -8.142715940e-08
Reset re-loads circuit * comparator-offset-mc @ sf_mismatch_-40c_1.32v -- generated by sim/harness, do not edit

Circuit: * comparator-offset-mc @ sf_mismatch_-40c_1.32v -- generated by sim/harness, do not edit

Doing analysis at TEMP = -40.000000 and TNOM = 27.000000

Using SPARSE 1.3 as Direct Linear Solver

No. of Data Rows : 6
voa = -1.259284923e-03
ddc = -2.942840095e-07
dde = 2.3917610307e-07
Reset re-loads circuit * comparator-offset-mc @ sf_mismatch_-40c_1.32v -- generated by sim/harness, do not edit

Circuit: * comparator-offset-mc @ sf_mismatch_-40c_1.32v -- generated by sim/harness, do not edit

Doing analysis at TEMP = -40.000000 and TNOM = 27.000000

Using SPARSE 1.3 as Direct Linear Solver

No. of Data Rows : 6
voa = -8.975481277e-04
ddc = 1.0803680481e-06
dde = -9.378326999e-07
Reset re-loads circuit * comparator-offset-mc @ sf_mismatch_-40c_1.32v -- generated by sim/harness, do not edit

Circuit: * comparator-offset-mc @ sf_mismatch_-40c_1.32v -- generated by sim/harness, do not edit

Doing analysis at TEMP = -40.000000 and TNOM = 27.000000

Using SPARSE 1.3 as Direct Linear Solver

No. of Data Rows : 6
voa = 2.5526361494e-04
ddc = 1.4127860940e-06
dde = -1.421791590e-06
Reset re-loads circuit * comparator-offset-mc @ sf_mismatch_-40c_1.32v -- generated by sim/harness, do not edit

Circuit: * comparator-offset-mc @ sf_mismatch_-40c_1.32v -- generated by sim/harness, do not edit

Doing analysis at TEMP = -40.000000 and TNOM = 27.000000

Using SPARSE 1.3 as Direct Linear Solver

No. of Data Rows : 6
voa = -2.180070114e-03
ddc = -8.510284949e-08
dde = 1.3903319031e-07
Reset re-loads circuit * comparator-offset-mc @ sf_mismatch_-40c_1.32v -- generated by sim/harness, do not edit

Circuit: * comparator-offset-mc @ sf_mismatch_-40c_1.32v -- generated by sim/harness, do not edit

Doing analysis at TEMP = -40.000000 and TNOM = 27.000000

Using SPARSE 1.3 as Direct Linear Solver

No. of Data Rows : 6
voa = 8.8545721992e-04
ddc = -3.944997478e-07
dde = 3.5508426517e-07
Reset re-loads circuit * comparator-offset-mc @ sf_mismatch_-40c_1.32v -- generated by sim/harness, do not edit

Circuit: * comparator-offset-mc @ sf_mismatch_-40c_1.32v -- generated by sim/harness, do not edit

Doing analysis at TEMP = -40.000000 and TNOM = 27.000000

Using SPARSE 1.3 as Direct Linear Solver
 Reference value :  0.00000e+00
No. of Data Rows : 6
voa = -3.046940902e-03
ddc = -8.464784564e-07
dde = 9.2814192965e-07
Reset re-loads circuit * comparator-offset-mc @ sf_mismatch_-40c_1.32v -- generated by sim/harness, do not edit

Circuit: * comparator-offset-mc @ sf_mismatch_-40c_1.32v -- generated by sim/harness, do not edit

Doing analysis at TEMP = -40.000000 and TNOM = 27.000000

Using SPARSE 1.3 as Direct Linear Solver

No. of Data Rows : 6
voa = -1.159664917e-03
ddc = -2.465929606e-07
dde = 1.9850320725e-07
Reset re-loads circuit * comparator-offset-mc @ sf_mismatch_-40c_1.32v -- generated by sim/harness, do not edit

Circuit: * comparator-offset-mc @ sf_mismatch_-40c_1.32v -- generated by sim/harness, do not edit

Doing analysis at TEMP = -40.000000 and TNOM = 27.000000

Using SPARSE 1.3 as Direct Linear Solver

No. of Data Rows : 6
voa = -9.044974917e-04
ddc = -8.101649723e-08
dde = -1.168023247e-07
Reset re-loads circuit * comparator-offset-mc @ sf_mismatch_-40c_1.32v -- generated by sim/harness, do not edit

Circuit: * comparator-offset-mc @ sf_mismatch_-40c_1.32v -- generated by sim/harness, do not edit

Doing analysis at TEMP = -40.000000 and TNOM = 27.000000

Using SPARSE 1.3 as Direct Linear Solver

No. of Data Rows : 6
voa = -1.350214408e-03
ddc = -1.765700102e-06
dde = 1.5809209691e-06
Reset re-loads circuit * comparator-offset-mc @ sf_mismatch_-40c_1.32v -- generated by sim/harness, do not edit

Circuit: * comparator-offset-mc @ sf_mismatch_-40c_1.32v -- generated by sim/harness, do not edit

Doing analysis at TEMP = -40.000000 and TNOM = 27.000000

Using SPARSE 1.3 as Direct Linear Solver

No. of Data Rows : 6
voa = 1.7895134824e-04
ddc = -7.004043618e-07
dde = 7.8948586842e-07
Reset re-loads circuit * comparator-offset-mc @ sf_mismatch_-40c_1.32v -- generated by sim/harness, do not edit

Circuit: * comparator-offset-mc @ sf_mismatch_-40c_1.32v -- generated by sim/harness, do not edit

Doing analysis at TEMP = -40.000000 and TNOM = 27.000000

Using SPARSE 1.3 as Direct Linear Solver

No. of Data Rows : 6
voa = -1.727458933e-03
ddc = -1.222107079e-06
dde = 1.2468049250e-06
Reset re-loads circuit * comparator-offset-mc @ sf_mismatch_-40c_1.32v -- generated by sim/harness, do not edit

Circuit: * comparator-offset-mc @ sf_mismatch_-40c_1.32v -- generated by sim/harness, do not edit

Doing analysis at TEMP = -40.000000 and TNOM = 27.000000

Using SPARSE 1.3 as Direct Linear Solver

No. of Data Rows : 6
voa = -8.967456844e-04
ddc = -7.958832002e-07
dde = 7.8452196321e-07
Reset re-loads circuit * comparator-offset-mc @ sf_mismatch_-40c_1.32v -- generated by sim/harness, do not edit

Circuit: * comparator-offset-mc @ sf_mismatch_-40c_1.32v -- generated by sim/harness, do not edit

Doing analysis at TEMP = -40.000000 and TNOM = 27.000000

Using SPARSE 1.3 as Direct Linear Solver

No. of Data Rows : 6
voa = 5.7865765024e-04
ddc = 5.3832885247e-07
dde = -3.940418683e-07
Reset re-loads circuit * comparator-offset-mc @ sf_mismatch_-40c_1.32v -- generated by sim/harness, do not edit

Circuit: * comparator-offset-mc @ sf_mismatch_-40c_1.32v -- generated by sim/harness, do not edit

Doing analysis at TEMP = -40.000000 and TNOM = 27.000000

Using SPARSE 1.3 as Direct Linear Solver

No. of Data Rows : 6
voa = -1.858012901e-04
ddc = 4.9766258261e-07
dde = -5.672106830e-07
Reset re-loads circuit * comparator-offset-mc @ sf_mismatch_-40c_1.32v -- generated by sim/harness, do not edit

Circuit: * comparator-offset-mc @ sf_mismatch_-40c_1.32v -- generated by sim/harness, do not edit

Doing analysis at TEMP = -40.000000 and TNOM = 27.000000

Using SPARSE 1.3 as Direct Linear Solver

No. of Data Rows : 6
voa = -1.964216078e-03
ddc = -6.451029271e-07
dde = 6.2053484569e-07
Reset re-loads circuit * comparator-offset-mc @ sf_mismatch_-40c_1.32v -- generated by sim/harness, do not edit

Circuit: * comparator-offset-mc @ sf_mismatch_-40c_1.32v -- generated by sim/harness, do not edit

Doing analysis at TEMP = -40.000000 and TNOM = 27.000000

Using SPARSE 1.3 as Direct Linear Solver
 Reference value :  0.00000e+00
No. of Data Rows : 6
voa = -2.886729911e-04
ddc = -8.594821226e-07
dde = 9.8260679255e-07
Reset re-loads circuit * comparator-offset-mc @ sf_mismatch_-40c_1.32v -- generated by sim/harness, do not edit

Circuit: * comparator-offset-mc @ sf_mismatch_-40c_1.32v -- generated by sim/harness, do not edit

Doing analysis at TEMP = -40.000000 and TNOM = 27.000000

Using SPARSE 1.3 as Direct Linear Solver

No. of Data Rows : 6
voa = 2.8336562115e-04
ddc = 2.3663602070e-07
dde = -1.966627088e-07
Reset re-loads circuit * comparator-offset-mc @ sf_mismatch_-40c_1.32v -- generated by sim/harness, do not edit

Circuit: * comparator-offset-mc @ sf_mismatch_-40c_1.32v -- generated by sim/harness, do not edit

Doing analysis at TEMP = -40.000000 and TNOM = 27.000000

Using SPARSE 1.3 as Direct Linear Solver

No. of Data Rows : 6
voa = -4.242388359e-04
ddc = 1.8182406370e-07
dde = -2.986053130e-08
Reset re-loads circuit * comparator-offset-mc @ sf_mismatch_-40c_1.32v -- generated by sim/harness, do not edit

Circuit: * comparator-offset-mc @ sf_mismatch_-40c_1.32v -- generated by sim/harness, do not edit

Doing analysis at TEMP = -40.000000 and TNOM = 27.000000

Using SPARSE 1.3 as Direct Linear Solver

No. of Data Rows : 6
voa = 1.5309480155e-03
ddc = -1.193144706e-06
dde = 1.3143586788e-06
Reset re-loads circuit * comparator-offset-mc @ sf_mismatch_-40c_1.32v -- generated by sim/harness, do not edit

Circuit: * comparator-offset-mc @ sf_mismatch_-40c_1.32v -- generated by sim/harness, do not edit

Doing analysis at TEMP = -40.000000 and TNOM = 27.000000

Using SPARSE 1.3 as Direct Linear Solver

No. of Data Rows : 6
voa = 6.8714775852e-04
ddc = 2.8990741732e-07
dde = -3.591910737e-07
Reset re-loads circuit * comparator-offset-mc @ sf_mismatch_-40c_1.32v -- generated by sim/harness, do not edit

Circuit: * comparator-offset-mc @ sf_mismatch_-40c_1.32v -- generated by sim/harness, do not edit

Doing analysis at TEMP = -40.000000 and TNOM = 27.000000

Using SPARSE 1.3 as Direct Linear Solver

No. of Data Rows : 6
voa = -9.700846053e-05
ddc = 2.3259122940e-06
dde = -2.332613086e-06
Reset re-loads circuit * comparator-offset-mc @ sf_mismatch_-40c_1.32v -- generated by sim/harness, do not edit

Circuit: * comparator-offset-mc @ sf_mismatch_-40c_1.32v -- generated by sim/harness, do not edit

Doing analysis at TEMP = -40.000000 and TNOM = 27.000000

Using SPARSE 1.3 as Direct Linear Solver

No. of Data Rows : 6
voa = -1.140884964e-03
ddc = -1.301136513e-06
dde = 1.4528416578e-06
Reset re-loads circuit * comparator-offset-mc @ sf_mismatch_-40c_1.32v -- generated by sim/harness, do not edit

Circuit: * comparator-offset-mc @ sf_mismatch_-40c_1.32v -- generated by sim/harness, do not edit

Doing analysis at TEMP = -40.000000 and TNOM = 27.000000

Using SPARSE 1.3 as Direct Linear Solver

No. of Data Rows : 6
voa = -2.994929474e-04
ddc = -2.272674756e-07
dde = 1.9133202938e-07
Reset re-loads circuit * comparator-offset-mc @ sf_mismatch_-40c_1.32v -- generated by sim/harness, do not edit

Circuit: * comparator-offset-mc @ sf_mismatch_-40c_1.32v -- generated by sim/harness, do not edit

Doing analysis at TEMP = -40.000000 and TNOM = 27.000000

Using SPARSE 1.3 as Direct Linear Solver
 Reference value :  0.00000e+00
No. of Data Rows : 6
voa = -3.277290399e-03
ddc = 5.0912812364e-07
dde = -6.161996518e-07
Reset re-loads circuit * comparator-offset-mc @ sf_mismatch_-40c_1.32v -- generated by sim/harness, do not edit

Circuit: * comparator-offset-mc @ sf_mismatch_-40c_1.32v -- generated by sim/harness, do not edit

Doing analysis at TEMP = -40.000000 and TNOM = 27.000000

Using SPARSE 1.3 as Direct Linear Solver

No. of Data Rows : 6
voa = 3.2162818797e-04
ddc = -8.965354940e-08
dde = 1.4820141792e-07
Reset re-loads circuit * comparator-offset-mc @ sf_mismatch_-40c_1.32v -- generated by sim/harness, do not edit

Circuit: * comparator-offset-mc @ sf_mismatch_-40c_1.32v -- generated by sim/harness, do not edit

Doing analysis at TEMP = -40.000000 and TNOM = 27.000000

Using SPARSE 1.3 as Direct Linear Solver

No. of Data Rows : 6
voa = -5.484343181e-04
ddc = -7.441383694e-07
dde = 7.7198865791e-07
Reset re-loads circuit * comparator-offset-mc @ sf_mismatch_-40c_1.32v -- generated by sim/harness, do not edit

Circuit: * comparator-offset-mc @ sf_mismatch_-40c_1.32v -- generated by sim/harness, do not edit

Doing analysis at TEMP = -40.000000 and TNOM = 27.000000

Using SPARSE 1.3 as Direct Linear Solver

No. of Data Rows : 6
voa = 1.9032313800e-03
ddc = 6.7029661163e-07
dde = -5.733367593e-07
Reset re-loads circuit * comparator-offset-mc @ sf_mismatch_-40c_1.32v -- generated by sim/harness, do not edit

Circuit: * comparator-offset-mc @ sf_mismatch_-40c_1.32v -- generated by sim/harness, do not edit

Doing analysis at TEMP = -40.000000 and TNOM = 27.000000

Using SPARSE 1.3 as Direct Linear Solver

No. of Data Rows : 6
voa = -1.090762784e-03
ddc = -3.916928578e-08
dde = -1.279495405e-07
Reset re-loads circuit * comparator-offset-mc @ sf_mismatch_-40c_1.32v -- generated by sim/harness, do not edit

Circuit: * comparator-offset-mc @ sf_mismatch_-40c_1.32v -- generated by sim/harness, do not edit

Doing analysis at TEMP = -40.000000 and TNOM = 27.000000

Using SPARSE 1.3 as Direct Linear Solver

No. of Data Rows : 6
voa = -4.863923686e-05
ddc = -9.076463709e-07
dde = 1.1021952972e-06
Reset re-loads circuit * comparator-offset-mc @ sf_mismatch_-40c_1.32v -- generated by sim/harness, do not edit

Circuit: * comparator-offset-mc @ sf_mismatch_-40c_1.32v -- generated by sim/harness, do not edit

Doing analysis at TEMP = -40.000000 and TNOM = 27.000000

Using SPARSE 1.3 as Direct Linear Solver

No. of Data Rows : 6
voa = -2.106140774e-03
ddc = 6.7822728143e-07
dde = -8.668991568e-07
Reset re-loads circuit * comparator-offset-mc @ sf_mismatch_-40c_1.32v -- generated by sim/harness, do not edit

Circuit: * comparator-offset-mc @ sf_mismatch_-40c_1.32v -- generated by sim/harness, do not edit

Doing analysis at TEMP = -40.000000 and TNOM = 27.000000

Using SPARSE 1.3 as Direct Linear Solver

No. of Data Rows : 6
voa = 1.4585535503e-04
ddc = -1.150897061e-06
dde = 1.1204543310e-06
Reset re-loads circuit * comparator-offset-mc @ sf_mismatch_-40c_1.32v -- generated by sim/harness, do not edit

Circuit: * comparator-offset-mc @ sf_mismatch_-40c_1.32v -- generated by sim/harness, do not edit

Doing analysis at TEMP = -40.000000 and TNOM = 27.000000

Using SPARSE 1.3 as Direct Linear Solver
 Reference value :  0.00000e+00
No. of Data Rows : 6
voa = -9.458920920e-04
ddc = -6.195272549e-07
dde = 5.9867692259e-07
Reset re-loads circuit * comparator-offset-mc @ sf_mismatch_-40c_1.32v -- generated by sim/harness, do not edit

Circuit: * comparator-offset-mc @ sf_mismatch_-40c_1.32v -- generated by sim/harness, do not edit

Doing analysis at TEMP = -40.000000 and TNOM = 27.000000

Using SPARSE 1.3 as Direct Linear Solver

No. of Data Rows : 6
voa = 5.0370311682e-04
ddc = -7.362576973e-07
dde = 6.8367912777e-07
Reset re-loads circuit * comparator-offset-mc @ sf_mismatch_-40c_1.32v -- generated by sim/harness, do not edit

Circuit: * comparator-offset-mc @ sf_mismatch_-40c_1.32v -- generated by sim/harness, do not edit

Doing analysis at TEMP = -40.000000 and TNOM = 27.000000

Using SPARSE 1.3 as Direct Linear Solver

No. of Data Rows : 6
voa = -3.251760645e-03
ddc = -5.564489721e-07
dde = 7.0764791704e-07
Reset re-loads circuit * comparator-offset-mc @ sf_mismatch_-40c_1.32v -- generated by sim/harness, do not edit

Circuit: * comparator-offset-mc @ sf_mismatch_-40c_1.32v -- generated by sim/harness, do not edit

Doing analysis at TEMP = -40.000000 and TNOM = 27.000000

Using SPARSE 1.3 as Direct Linear Solver

No. of Data Rows : 6
voa = 4.1771803177e-04
ddc = 2.9017560927e-07
dde = -2.736442409e-07
Reset re-loads circuit * comparator-offset-mc @ sf_mismatch_-40c_1.32v -- generated by sim/harness, do not edit

Circuit: * comparator-offset-mc @ sf_mismatch_-40c_1.32v -- generated by sim/harness, do not edit

Doing analysis at TEMP = -40.000000 and TNOM = 27.000000

Using SPARSE 1.3 as Direct Linear Solver

No. of Data Rows : 6
voa = -1.089738457e-03
ddc = 2.6502256476e-07
dde = -1.835788587e-07
Reset re-loads circuit * comparator-offset-mc @ sf_mismatch_-40c_1.32v -- generated by sim/harness, do not edit

Circuit: * comparator-offset-mc @ sf_mismatch_-40c_1.32v -- generated by sim/harness, do not edit

Doing analysis at TEMP = -40.000000 and TNOM = 27.000000

Using SPARSE 1.3 as Direct Linear Solver

No. of Data Rows : 6
voa = 1.8178400036e-03
ddc = 1.2313506281e-06
dde = -1.388411102e-06
Reset re-loads circuit * comparator-offset-mc @ sf_mismatch_-40c_1.32v -- generated by sim/harness, do not edit

Circuit: * comparator-offset-mc @ sf_mismatch_-40c_1.32v -- generated by sim/harness, do not edit

Doing analysis at TEMP = -40.000000 and TNOM = 27.000000

Using SPARSE 1.3 as Direct Linear Solver

No. of Data Rows : 6
voa = -2.133208016e-03
ddc = -2.278687335e-07
dde = 2.4928198499e-07
Reset re-loads circuit * comparator-offset-mc @ sf_mismatch_-40c_1.32v -- generated by sim/harness, do not edit

Circuit: * comparator-offset-mc @ sf_mismatch_-40c_1.32v -- generated by sim/harness, do not edit

Doing analysis at TEMP = -40.000000 and TNOM = 27.000000

Using SPARSE 1.3 as Direct Linear Solver
 Reference value :  0.00000e+00
No. of Data Rows : 6
voa = 1.4706069823e-03
ddc = -1.149017555e-06
dde = 9.7436989691e-07
Reset re-loads circuit * comparator-offset-mc @ sf_mismatch_-40c_1.32v -- generated by sim/harness, do not edit

Circuit: * comparator-offset-mc @ sf_mismatch_-40c_1.32v -- generated by sim/harness, do not edit

Doing analysis at TEMP = -40.000000 and TNOM = 27.000000

Using SPARSE 1.3 as Direct Linear Solver

No. of Data Rows : 6
voa = 1.5491991617e-03
ddc = 5.5454028392e-07
dde = -6.130739848e-07
Reset re-loads circuit * comparator-offset-mc @ sf_mismatch_-40c_1.32v -- generated by sim/harness, do not edit

Circuit: * comparator-offset-mc @ sf_mismatch_-40c_1.32v -- generated by sim/harness, do not edit

Doing analysis at TEMP = -40.000000 and TNOM = 27.000000

Using SPARSE 1.3 as Direct Linear Solver

No. of Data Rows : 6
voa = 1.9887446984e-04
ddc = -1.287410605e-07
dde = -5.783789576e-08
Reset re-loads circuit * comparator-offset-mc @ sf_mismatch_-40c_1.32v -- generated by sim/harness, do not edit

Circuit: * comparator-offset-mc @ sf_mismatch_-40c_1.32v -- generated by sim/harness, do not edit

Doing analysis at TEMP = -40.000000 and TNOM = 27.000000

Using SPARSE 1.3 as Direct Linear Solver

No. of Data Rows : 6
voa = 1.1597776258e-03
ddc = 4.9010180315e-07
dde = -4.071097691e-07
Reset re-loads circuit * comparator-offset-mc @ sf_mismatch_-40c_1.32v -- generated by sim/harness, do not edit

Circuit: * comparator-offset-mc @ sf_mismatch_-40c_1.32v -- generated by sim/harness, do not edit

Doing analysis at TEMP = -40.000000 and TNOM = 27.000000

Using SPARSE 1.3 as Direct Linear Solver

No. of Data Rows : 6
voa = 3.1289603749e-03
ddc = 1.2126337458e-06
dde = -1.230201135e-06
Reset re-loads circuit * comparator-offset-mc @ sf_mismatch_-40c_1.32v -- generated by sim/harness, do not edit

Circuit: * comparator-offset-mc @ sf_mismatch_-40c_1.32v -- generated by sim/harness, do not edit

Doing analysis at TEMP = -40.000000 and TNOM = 27.000000

Using SPARSE 1.3 as Direct Linear Solver

No. of Data Rows : 6
voa = -1.070449834e-03
ddc = 9.0298960302e-07
dde = -1.062128057e-06
Reset re-loads circuit * comparator-offset-mc @ sf_mismatch_-40c_1.32v -- generated by sim/harness, do not edit

Circuit: * comparator-offset-mc @ sf_mismatch_-40c_1.32v -- generated by sim/harness, do not edit

Doing analysis at TEMP = -40.000000 and TNOM = 27.000000

Using SPARSE 1.3 as Direct Linear Solver

No. of Data Rows : 6
voa = -2.525189277e-03
ddc = -1.118024434e-06
dde = 1.2379378059e-06
Reset re-loads circuit * comparator-offset-mc @ sf_mismatch_-40c_1.32v -- generated by sim/harness, do not edit

Circuit: * comparator-offset-mc @ sf_mismatch_-40c_1.32v -- generated by sim/harness, do not edit

Doing analysis at TEMP = -40.000000 and TNOM = 27.000000

Using SPARSE 1.3 as Direct Linear Solver

No. of Data Rows : 6
voa = 2.3943125607e-03
ddc = 6.3462280265e-07
dde = -7.126369016e-07
Reset re-loads circuit * comparator-offset-mc @ sf_mismatch_-40c_1.32v -- generated by sim/harness, do not edit

Circuit: * comparator-offset-mc @ sf_mismatch_-40c_1.32v -- generated by sim/harness, do not edit

Doing analysis at TEMP = -40.000000 and TNOM = 27.000000

Using SPARSE 1.3 as Direct Linear Solver
 Reference value :  0.00000e+00
No. of Data Rows : 6
voa = -5.377980273e-04
ddc = -9.929977554e-07
dde = 9.9900321428e-07
Reset re-loads circuit * comparator-offset-mc @ sf_mismatch_-40c_1.32v -- generated by sim/harness, do not edit

Circuit: * comparator-offset-mc @ sf_mismatch_-40c_1.32v -- generated by sim/harness, do not edit

Doing analysis at TEMP = -40.000000 and TNOM = 27.000000

Using SPARSE 1.3 as Direct Linear Solver

No. of Data Rows : 6
voa = 8.7100685636e-04
ddc = 4.9076664201e-07
dde = -3.995640001e-07
Reset re-loads circuit * comparator-offset-mc @ sf_mismatch_-40c_1.32v -- generated by sim/harness, do not edit

Circuit: * comparator-offset-mc @ sf_mismatch_-40c_1.32v -- generated by sim/harness, do not edit

Doing analysis at TEMP = -40.000000 and TNOM = 27.000000

Using SPARSE 1.3 as Direct Linear Solver

No. of Data Rows : 6
voa = 1.9726670732e-03
ddc = -6.156312774e-07
dde = 5.3879560728e-07
Reset re-loads circuit * comparator-offset-mc @ sf_mismatch_-40c_1.32v -- generated by sim/harness, do not edit

Circuit: * comparator-offset-mc @ sf_mismatch_-40c_1.32v -- generated by sim/harness, do not edit

Doing analysis at TEMP = -40.000000 and TNOM = 27.000000

Using SPARSE 1.3 as Direct Linear Solver

No. of Data Rows : 6
voa = -1.607285139e-03
ddc = -5.562492825e-07
dde = 7.6431516584e-07
Reset re-loads circuit * comparator-offset-mc @ sf_mismatch_-40c_1.32v -- generated by sim/harness, do not edit

Circuit: * comparator-offset-mc @ sf_mismatch_-40c_1.32v -- generated by sim/harness, do not edit

Doing analysis at TEMP = -40.000000 and TNOM = 27.000000

Using SPARSE 1.3 as Direct Linear Solver

No. of Data Rows : 6
voa = 1.0131309859e-03
ddc = 1.0244293583e-07
dde = 5.8839629127e-08
Reset re-loads circuit * comparator-offset-mc @ sf_mismatch_-40c_1.32v -- generated by sim/harness, do not edit

Circuit: * comparator-offset-mc @ sf_mismatch_-40c_1.32v -- generated by sim/harness, do not edit

Doing analysis at TEMP = -40.000000 and TNOM = 27.000000

Using SPARSE 1.3 as Direct Linear Solver

No. of Data Rows : 6
voa = 2.4055403974e-03
ddc = 4.0871351014e-07
dde = -2.254018150e-07
Reset re-loads circuit * comparator-offset-mc @ sf_mismatch_-40c_1.32v -- generated by sim/harness, do not edit

Circuit: * comparator-offset-mc @ sf_mismatch_-40c_1.32v -- generated by sim/harness, do not edit

Doing analysis at TEMP = -40.000000 and TNOM = 27.000000

Using SPARSE 1.3 as Direct Linear Solver

No. of Data Rows : 6
voa = 2.0132642843e-03
ddc = -5.295152237e-07
dde = 5.5639876177e-07
Reset re-loads circuit * comparator-offset-mc @ sf_mismatch_-40c_1.32v -- generated by sim/harness, do not edit

Circuit: * comparator-offset-mc @ sf_mismatch_-40c_1.32v -- generated by sim/harness, do not edit

Doing analysis at TEMP = -40.000000 and TNOM = 27.000000

Using SPARSE 1.3 as Direct Linear Solver

No. of Data Rows : 6
voa = -3.606513721e-03
ddc = 1.1188144863e-06
dde = -1.052838054e-06
Reset re-loads circuit * comparator-offset-mc @ sf_mismatch_-40c_1.32v -- generated by sim/harness, do not edit

Circuit: * comparator-offset-mc @ sf_mismatch_-40c_1.32v -- generated by sim/harness, do not edit

Doing analysis at TEMP = -40.000000 and TNOM = 27.000000

Using SPARSE 1.3 as Direct Linear Solver
 Reference value :  0.00000e+00
No. of Data Rows : 6
voa = 7.5445051005e-04
ddc = 1.1580766034e-06
dde = -9.963668933e-07
Reset re-loads circuit * comparator-offset-mc @ sf_mismatch_-40c_1.32v -- generated by sim/harness, do not edit

Circuit: * comparator-offset-mc @ sf_mismatch_-40c_1.32v -- generated by sim/harness, do not edit

Doing analysis at TEMP = -40.000000 and TNOM = 27.000000

Using SPARSE 1.3 as Direct Linear Solver

No. of Data Rows : 6
voa = -2.322988849e-04
ddc = -9.954851516e-07
dde = 9.5286499210e-07
Reset re-loads circuit * comparator-offset-mc @ sf_mismatch_-40c_1.32v -- generated by sim/harness, do not edit

Circuit: * comparator-offset-mc @ sf_mismatch_-40c_1.32v -- generated by sim/harness, do not edit

Doing analysis at TEMP = -40.000000 and TNOM = 27.000000

Using SPARSE 1.3 as Direct Linear Solver

No. of Data Rows : 6
voa = 1.4915772961e-03
ddc = -1.063583386e-06
dde = 1.0381261690e-06
Reset re-loads circuit * comparator-offset-mc @ sf_mismatch_-40c_1.32v -- generated by sim/harness, do not edit

Circuit: * comparator-offset-mc @ sf_mismatch_-40c_1.32v -- generated by sim/harness, do not edit

Doing analysis at TEMP = -40.000000 and TNOM = 27.000000

Using SPARSE 1.3 as Direct Linear Solver

No. of Data Rows : 6
voa = 8.0102381576e-04
ddc = -2.453832222e-08
dde = 1.5051263864e-08
Reset re-loads circuit * comparator-offset-mc @ sf_mismatch_-40c_1.32v -- generated by sim/harness, do not edit

Circuit: * comparator-offset-mc @ sf_mismatch_-40c_1.32v -- generated by sim/harness, do not edit

Doing analysis at TEMP = -40.000000 and TNOM = 27.000000

Using SPARSE 1.3 as Direct Linear Solver

No. of Data Rows : 6
voa = -1.906609507e-03
ddc = -4.864330659e-07
dde = 5.4460001683e-07
Reset re-loads circuit * comparator-offset-mc @ sf_mismatch_-40c_1.32v -- generated by sim/harness, do not edit

Circuit: * comparator-offset-mc @ sf_mismatch_-40c_1.32v -- generated by sim/harness, do not edit

Doing analysis at TEMP = -40.000000 and TNOM = 27.000000

Using SPARSE 1.3 as Direct Linear Solver

No. of Data Rows : 6
voa = -4.472289686e-04
ddc = 1.2224484714e-06
dde = -1.205660496e-06
Reset re-loads circuit * comparator-offset-mc @ sf_mismatch_-40c_1.32v -- generated by sim/harness, do not edit

Circuit: * comparator-offset-mc @ sf_mismatch_-40c_1.32v -- generated by sim/harness, do not edit

Doing analysis at TEMP = -40.000000 and TNOM = 27.000000

Using SPARSE 1.3 as Direct Linear Solver

No. of Data Rows : 6
voa = -3.878323854e-04
ddc = -5.056324645e-07
dde = 3.7033270031e-07
Reset re-loads circuit * comparator-offset-mc @ sf_mismatch_-40c_1.32v -- generated by sim/harness, do not edit

Circuit: * comparator-offset-mc @ sf_mismatch_-40c_1.32v -- generated by sim/harness, do not edit

Doing analysis at TEMP = -40.000000 and TNOM = 27.000000

Using SPARSE 1.3 as Direct Linear Solver

No. of Data Rows : 6
voa = 2.0344673328e-03
ddc = 1.2946069546e-06
dde = -1.267961233e-06
Reset re-loads circuit * comparator-offset-mc @ sf_mismatch_-40c_1.32v -- generated by sim/harness, do not edit

Circuit: * comparator-offset-mc @ sf_mismatch_-40c_1.32v -- generated by sim/harness, do not edit

Doing analysis at TEMP = -40.000000 and TNOM = 27.000000

Using SPARSE 1.3 as Direct Linear Solver
 Reference value :  0.00000e+00
No. of Data Rows : 6
voa = -1.338434023e-03
ddc = -2.547079810e-07
dde = 9.9107670039e-08
Reset re-loads circuit * comparator-offset-mc @ sf_mismatch_-40c_1.32v -- generated by sim/harness, do not edit

Circuit: * comparator-offset-mc @ sf_mismatch_-40c_1.32v -- generated by sim/harness, do not edit

Doing analysis at TEMP = -40.000000 and TNOM = 27.000000

Using SPARSE 1.3 as Direct Linear Solver

No. of Data Rows : 6
voa = -1.672330548e-03
ddc = 3.5845834477e-07
dde = -2.987254331e-07
Reset re-loads circuit * comparator-offset-mc @ sf_mismatch_-40c_1.32v -- generated by sim/harness, do not edit

Circuit: * comparator-offset-mc @ sf_mismatch_-40c_1.32v -- generated by sim/harness, do not edit

Doing analysis at TEMP = -40.000000 and TNOM = 27.000000

Using SPARSE 1.3 as Direct Linear Solver

No. of Data Rows : 6
voa = -1.158556665e-03
ddc = -1.444005261e-06
dde = 1.3736822124e-06
Reset re-loads circuit * comparator-offset-mc @ sf_mismatch_-40c_1.32v -- generated by sim/harness, do not edit

Circuit: * comparator-offset-mc @ sf_mismatch_-40c_1.32v -- generated by sim/harness, do not edit

Doing analysis at TEMP = -40.000000 and TNOM = 27.000000

Using SPARSE 1.3 as Direct Linear Solver

No. of Data Rows : 6
voa = 1.8950573153e-03
ddc = 1.5170246305e-07
dde = 2.1206855833e-07
Reset re-loads circuit * comparator-offset-mc @ sf_mismatch_-40c_1.32v -- generated by sim/harness, do not edit

Circuit: * comparator-offset-mc @ sf_mismatch_-40c_1.32v -- generated by sim/harness, do not edit

Doing analysis at TEMP = -40.000000 and TNOM = 27.000000

Using SPARSE 1.3 as Direct Linear Solver

No. of Data Rows : 6
voa = -1.085988684e-05
ddc = 2.6520730805e-07
dde = -2.117968804e-07
Reset re-loads circuit * comparator-offset-mc @ sf_mismatch_-40c_1.32v -- generated by sim/harness, do not edit

Circuit: * comparator-offset-mc @ sf_mismatch_-40c_1.32v -- generated by sim/harness, do not edit

Doing analysis at TEMP = -40.000000 and TNOM = 27.000000

Using SPARSE 1.3 as Direct Linear Solver

No. of Data Rows : 6
voa = -1.595459221e-04
ddc = -1.288497398e-06
dde = 1.2441725815e-06
Reset re-loads circuit * comparator-offset-mc @ sf_mismatch_-40c_1.32v -- generated by sim/harness, do not edit

Circuit: * comparator-offset-mc @ sf_mismatch_-40c_1.32v -- generated by sim/harness, do not edit

Doing analysis at TEMP = -40.000000 and TNOM = 27.000000

Using SPARSE 1.3 as Direct Linear Solver

No. of Data Rows : 6
voa = 2.6353939815e-03
ddc = 3.4929990830e-07
dde = -3.772296668e-07
Reset re-loads circuit * comparator-offset-mc @ sf_mismatch_-40c_1.32v -- generated by sim/harness, do not edit

Circuit: * comparator-offset-mc @ sf_mismatch_-40c_1.32v -- generated by sim/harness, do not edit

Doing analysis at TEMP = -40.000000 and TNOM = 27.000000

Using SPARSE 1.3 as Direct Linear Solver

No. of Data Rows : 6
voa = -1.144317553e-03
ddc = -3.939084202e-07
dde = 2.6699072791e-07
Reset re-loads circuit * comparator-offset-mc @ sf_mismatch_-40c_1.32v -- generated by sim/harness, do not edit

Circuit: * comparator-offset-mc @ sf_mismatch_-40c_1.32v -- generated by sim/harness, do not edit

Doing analysis at TEMP = -40.000000 and TNOM = 27.000000

Using SPARSE 1.3 as Direct Linear Solver
 Reference value :  0.00000e+00
No. of Data Rows : 6
voa = 7.4027302389e-04
ddc = 8.2328873644e-07
dde = -7.452106479e-07
Reset re-loads circuit * comparator-offset-mc @ sf_mismatch_-40c_1.32v -- generated by sim/harness, do not edit

Circuit: * comparator-offset-mc @ sf_mismatch_-40c_1.32v -- generated by sim/harness, do not edit

Doing analysis at TEMP = -40.000000 and TNOM = 27.000000

Using SPARSE 1.3 as Direct Linear Solver

No. of Data Rows : 6
voa = 1.2589613394e-03
ddc = -1.215637724e-06
dde = 1.1997639548e-06
Reset re-loads circuit * comparator-offset-mc @ sf_mismatch_-40c_1.32v -- generated by sim/harness, do not edit

Circuit: * comparator-offset-mc @ sf_mismatch_-40c_1.32v -- generated by sim/harness, do not edit

Doing analysis at TEMP = -40.000000 and TNOM = 27.000000

Using SPARSE 1.3 as Direct Linear Solver

No. of Data Rows : 6
voa = -1.446546846e-03
ddc = -6.062870908e-07
dde = 6.2564092524e-07
Reset re-loads circuit * comparator-offset-mc @ sf_mismatch_-40c_1.32v -- generated by sim/harness, do not edit

Circuit: * comparator-offset-mc @ sf_mismatch_-40c_1.32v -- generated by sim/harness, do not edit

Doing analysis at TEMP = -40.000000 and TNOM = 27.000000

Using SPARSE 1.3 as Direct Linear Solver

No. of Data Rows : 6
voa = 1.0261147205e-03
ddc = -2.687745076e-07
dde = 2.4419119199e-07
Reset re-loads circuit * comparator-offset-mc @ sf_mismatch_-40c_1.32v -- generated by sim/harness, do not edit

Circuit: * comparator-offset-mc @ sf_mismatch_-40c_1.32v -- generated by sim/harness, do not edit

Doing analysis at TEMP = -40.000000 and TNOM = 27.000000

Using SPARSE 1.3 as Direct Linear Solver

No. of Data Rows : 6
voa = 2.6416383294e-04
ddc = -9.886207018e-08
dde = 1.1815530400e-07
Reset re-loads circuit * comparator-offset-mc @ sf_mismatch_-40c_1.32v -- generated by sim/harness, do not edit

Circuit: * comparator-offset-mc @ sf_mismatch_-40c_1.32v -- generated by sim/harness, do not edit

Doing analysis at TEMP = -40.000000 and TNOM = 27.000000

Using SPARSE 1.3 as Direct Linear Solver

No. of Data Rows : 6
voa = 2.0805171802e-03
ddc = -8.242144471e-07
dde = 9.2150364099e-07
Reset re-loads circuit * comparator-offset-mc @ sf_mismatch_-40c_1.32v -- generated by sim/harness, do not edit

Circuit: * comparator-offset-mc @ sf_mismatch_-40c_1.32v -- generated by sim/harness, do not edit

Doing analysis at TEMP = -40.000000 and TNOM = 27.000000

Using SPARSE 1.3 as Direct Linear Solver

No. of Data Rows : 6
voa = -8.998204353e-04
ddc = 1.5238019834e-07
dde = -2.695112683e-07
Reset re-loads circuit * comparator-offset-mc @ sf_mismatch_-40c_1.32v -- generated by sim/harness, do not edit

Circuit: * comparator-offset-mc @ sf_mismatch_-40c_1.32v -- generated by sim/harness, do not edit

Doing analysis at TEMP = -40.000000 and TNOM = 27.000000

Using SPARSE 1.3 as Direct Linear Solver

No. of Data Rows : 6
voa = 2.0712866476e-03
ddc = -8.593951989e-08
dde = 1.7504582488e-09
Reset re-loads circuit * comparator-offset-mc @ sf_mismatch_-40c_1.32v -- generated by sim/harness, do not edit

Circuit: * comparator-offset-mc @ sf_mismatch_-40c_1.32v -- generated by sim/harness, do not edit

Doing analysis at TEMP = -40.000000 and TNOM = 27.000000

Using SPARSE 1.3 as Direct Linear Solver
 Reference value :  0.00000e+00
No. of Data Rows : 6
voa = 3.4674592008e-05
ddc = 5.0209346311e-07
dde = -4.903300256e-07
Reset re-loads circuit * comparator-offset-mc @ sf_mismatch_-40c_1.32v -- generated by sim/harness, do not edit

Circuit: * comparator-offset-mc @ sf_mismatch_-40c_1.32v -- generated by sim/harness, do not edit

Doing analysis at TEMP = -40.000000 and TNOM = 27.000000

Using SPARSE 1.3 as Direct Linear Solver

No. of Data Rows : 6
voa = -2.299174819e-03
ddc = 4.1773153159e-07
dde = -2.250647464e-07
Reset re-loads circuit * comparator-offset-mc @ sf_mismatch_-40c_1.32v -- generated by sim/harness, do not edit

Circuit: * comparator-offset-mc @ sf_mismatch_-40c_1.32v -- generated by sim/harness, do not edit

Doing analysis at TEMP = -40.000000 and TNOM = 27.000000

Using SPARSE 1.3 as Direct Linear Solver

No. of Data Rows : 6
voa = -1.250867064e-03
ddc = 3.8135841877e-07
dde = -3.633680039e-07
Reset re-loads circuit * comparator-offset-mc @ sf_mismatch_-40c_1.32v -- generated by sim/harness, do not edit

Circuit: * comparator-offset-mc @ sf_mismatch_-40c_1.32v -- generated by sim/harness, do not edit

Doing analysis at TEMP = -40.000000 and TNOM = 27.000000

Using SPARSE 1.3 as Direct Linear Solver

No. of Data Rows : 6
voa = 1.4131735499e-03
ddc = -8.771910130e-07
dde = 7.4009997508e-07
Reset re-loads circuit * comparator-offset-mc @ sf_mismatch_-40c_1.32v -- generated by sim/harness, do not edit

Circuit: * comparator-offset-mc @ sf_mismatch_-40c_1.32v -- generated by sim/harness, do not edit

Doing analysis at TEMP = -40.000000 and TNOM = 27.000000

Using SPARSE 1.3 as Direct Linear Solver

No. of Data Rows : 6
voa = 5.4600447897e-04
ddc = -1.025792456e-06
dde = 1.1493396716e-06
Reset re-loads circuit * comparator-offset-mc @ sf_mismatch_-40c_1.32v -- generated by sim/harness, do not edit

Circuit: * comparator-offset-mc @ sf_mismatch_-40c_1.32v -- generated by sim/harness, do not edit

Doing analysis at TEMP = -40.000000 and TNOM = 27.000000

Using SPARSE 1.3 as Direct Linear Solver

No. of Data Rows : 6
voa = 5.3420941429e-04
ddc = 1.1802426931e-06
dde = -1.299933966e-06
Reset re-loads circuit * comparator-offset-mc @ sf_mismatch_-40c_1.32v -- generated by sim/harness, do not edit

Circuit: * comparator-offset-mc @ sf_mismatch_-40c_1.32v -- generated by sim/harness, do not edit

Doing analysis at TEMP = -40.000000 and TNOM = 27.000000

Using SPARSE 1.3 as Direct Linear Solver

No. of Data Rows : 6
voa = -2.009059565e-03
ddc = 4.1192883464e-07
dde = -4.926326349e-07
Reset re-loads circuit * comparator-offset-mc @ sf_mismatch_-40c_1.32v -- generated by sim/harness, do not edit

Circuit: * comparator-offset-mc @ sf_mismatch_-40c_1.32v -- generated by sim/harness, do not edit

Doing analysis at TEMP = -40.000000 and TNOM = 27.000000

Using SPARSE 1.3 as Direct Linear Solver

No. of Data Rows : 6
voa = 7.9424836622e-04
ddc = -1.626429318e-06
dde = 1.6626018372e-06
Reset re-loads circuit * comparator-offset-mc @ sf_mismatch_-40c_1.32v -- generated by sim/harness, do not edit

Circuit: * comparator-offset-mc @ sf_mismatch_-40c_1.32v -- generated by sim/harness, do not edit

Doing analysis at TEMP = -40.000000 and TNOM = 27.000000

Using SPARSE 1.3 as Direct Linear Solver
 Reference value :  0.00000e+00
No. of Data Rows : 6
voa = -2.001444900e-03
ddc = 2.0575780041e-07
dde = 4.7351862500e-08
Reset re-loads circuit * comparator-offset-mc @ sf_mismatch_-40c_1.32v -- generated by sim/harness, do not edit

Circuit: * comparator-offset-mc @ sf_mismatch_-40c_1.32v -- generated by sim/harness, do not edit

Doing analysis at TEMP = -40.000000 and TNOM = 27.000000

Using SPARSE 1.3 as Direct Linear Solver

No. of Data Rows : 6
voa = 2.0517155864e-04
ddc = 8.4423581882e-07
dde = -7.858516644e-07
Reset re-loads circuit * comparator-offset-mc @ sf_mismatch_-40c_1.32v -- generated by sim/harness, do not edit

Circuit: * comparator-offset-mc @ sf_mismatch_-40c_1.32v -- generated by sim/harness, do not edit

Doing analysis at TEMP = -40.000000 and TNOM = 27.000000

Using SPARSE 1.3 as Direct Linear Solver

No. of Data Rows : 6
voa = 3.0883040009e-03
ddc = 1.2142535101e-07
dde = -1.449990328e-07
Reset re-loads circuit * comparator-offset-mc @ sf_mismatch_-40c_1.32v -- generated by sim/harness, do not edit

Circuit: * comparator-offset-mc @ sf_mismatch_-40c_1.32v -- generated by sim/harness, do not edit

Doing analysis at TEMP = -40.000000 and TNOM = 27.000000

Using SPARSE 1.3 as Direct Linear Solver

No. of Data Rows : 6
voa = -5.141451451e-04
ddc = -1.367596217e-06
dde = 1.3948299095e-06
Reset re-loads circuit * comparator-offset-mc @ sf_mismatch_-40c_1.32v -- generated by sim/harness, do not edit

Circuit: * comparator-offset-mc @ sf_mismatch_-40c_1.32v -- generated by sim/harness, do not edit

Doing analysis at TEMP = -40.000000 and TNOM = 27.000000

Using SPARSE 1.3 as Direct Linear Solver

No. of Data Rows : 6
voa = 2.1094894060e-03
ddc = -3.816103358e-08
dde = -1.110890818e-08
Reset re-loads circuit * comparator-offset-mc @ sf_mismatch_-40c_1.32v -- generated by sim/harness, do not edit

Circuit: * comparator-offset-mc @ sf_mismatch_-40c_1.32v -- generated by sim/harness, do not edit

Doing analysis at TEMP = -40.000000 and TNOM = 27.000000

Using SPARSE 1.3 as Direct Linear Solver

No. of Data Rows : 6
voa = -3.947821504e-04
ddc = -1.870195136e-07
dde = 1.1041190399e-07
Reset re-loads circuit * comparator-offset-mc @ sf_mismatch_-40c_1.32v -- generated by sim/harness, do not edit

Circuit: * comparator-offset-mc @ sf_mismatch_-40c_1.32v -- generated by sim/harness, do not edit

Doing analysis at TEMP = -40.000000 and TNOM = 27.000000

Using SPARSE 1.3 as Direct Linear Solver

No. of Data Rows : 6
voa = 3.0835671040e-03
ddc = 3.8358851113e-07
dde = -5.178464317e-07
Reset re-loads circuit * comparator-offset-mc @ sf_mismatch_-40c_1.32v -- generated by sim/harness, do not edit

Circuit: * comparator-offset-mc @ sf_mismatch_-40c_1.32v -- generated by sim/harness, do not edit

Doing analysis at TEMP = -40.000000 and TNOM = 27.000000

Using SPARSE 1.3 as Direct Linear Solver
 Reference value :  0.00000e+00
No. of Data Rows : 6
voa = -6.120055503e-04
ddc = -5.914085729e-07
dde = 5.3531438399e-07
Reset re-loads circuit * comparator-offset-mc @ sf_mismatch_-40c_1.32v -- generated by sim/harness, do not edit

Circuit: * comparator-offset-mc @ sf_mismatch_-40c_1.32v -- generated by sim/harness, do not edit

Doing analysis at TEMP = -40.000000 and TNOM = 27.000000

Using SPARSE 1.3 as Direct Linear Solver

No. of Data Rows : 6
voa = -6.656270892e-04
ddc = 7.4168480609e-07
dde = -6.399834471e-07
Reset re-loads circuit * comparator-offset-mc @ sf_mismatch_-40c_1.32v -- generated by sim/harness, do not edit

Circuit: * comparator-offset-mc @ sf_mismatch_-40c_1.32v -- generated by sim/harness, do not edit

Doing analysis at TEMP = -40.000000 and TNOM = 27.000000

Using SPARSE 1.3 as Direct Linear Solver

No. of Data Rows : 6
voa = 3.1749716205e-04
ddc = 7.5981846351e-07
dde = -6.439424751e-07
Reset re-loads circuit * comparator-offset-mc @ sf_mismatch_-40c_1.32v -- generated by sim/harness, do not edit

Circuit: * comparator-offset-mc @ sf_mismatch_-40c_1.32v -- generated by sim/harness, do not edit

Doing analysis at TEMP = -40.000000 and TNOM = 27.000000

Using SPARSE 1.3 as Direct Linear Solver

No. of Data Rows : 6
voa = -2.974045192e-03
ddc = -1.207601919e-06
dde = 1.2158266765e-06
Reset re-loads circuit * comparator-offset-mc @ sf_mismatch_-40c_1.32v -- generated by sim/harness, do not edit

Circuit: * comparator-offset-mc @ sf_mismatch_-40c_1.32v -- generated by sim/harness, do not edit

Doing analysis at TEMP = -40.000000 and TNOM = 27.000000

Using SPARSE 1.3 as Direct Linear Solver

No. of Data Rows : 6
voa = -2.015266159e-04
ddc = -3.836503770e-07
dde = 4.9914231930e-07
Reset re-loads circuit * comparator-offset-mc @ sf_mismatch_-40c_1.32v -- generated by sim/harness, do not edit

Circuit: * comparator-offset-mc @ sf_mismatch_-40c_1.32v -- generated by sim/harness, do not edit

Doing analysis at TEMP = -40.000000 and TNOM = 27.000000

Using SPARSE 1.3 as Direct Linear Solver

No. of Data Rows : 6
voa = -3.572239612e-03
ddc = 6.2696314037e-07
dde = -5.150344996e-07
Reset re-loads circuit * comparator-offset-mc @ sf_mismatch_-40c_1.32v -- generated by sim/harness, do not edit

Circuit: * comparator-offset-mc @ sf_mismatch_-40c_1.32v -- generated by sim/harness, do not edit

Doing analysis at TEMP = -40.000000 and TNOM = 27.000000

Using SPARSE 1.3 as Direct Linear Solver

No. of Data Rows : 6
voa = -3.774080061e-05
ddc = 1.1051671181e-06
dde = -1.201681372e-06
Reset re-loads circuit * comparator-offset-mc @ sf_mismatch_-40c_1.32v -- generated by sim/harness, do not edit

Circuit: * comparator-offset-mc @ sf_mismatch_-40c_1.32v -- generated by sim/harness, do not edit

Doing analysis at TEMP = -40.000000 and TNOM = 27.000000

Using SPARSE 1.3 as Direct Linear Solver

No. of Data Rows : 6
voa = 6.8621613013e-04
ddc = -3.280231818e-07
dde = 3.9222613775e-07
Reset re-loads circuit * comparator-offset-mc @ sf_mismatch_-40c_1.32v -- generated by sim/harness, do not edit

Circuit: * comparator-offset-mc @ sf_mismatch_-40c_1.32v -- generated by sim/harness, do not edit

Doing analysis at TEMP = -40.000000 and TNOM = 27.000000

Using SPARSE 1.3 as Direct Linear Solver
 Reference value :  0.00000e+00
No. of Data Rows : 6
voa = 2.3715812860e-03
ddc = -1.333823942e-06
dde = 1.2870099760e-06
Reset re-loads circuit * comparator-offset-mc @ sf_mismatch_-40c_1.32v -- generated by sim/harness, do not edit

Circuit: * comparator-offset-mc @ sf_mismatch_-40c_1.32v -- generated by sim/harness, do not edit

Doing analysis at TEMP = -40.000000 and TNOM = 27.000000

Using SPARSE 1.3 as Direct Linear Solver

No. of Data Rows : 6
voa = -2.713185220e-03
ddc = -1.511680779e-06
dde = 1.4053895086e-06
Reset re-loads circuit * comparator-offset-mc @ sf_mismatch_-40c_1.32v -- generated by sim/harness, do not edit

Circuit: * comparator-offset-mc @ sf_mismatch_-40c_1.32v -- generated by sim/harness, do not edit

Doing analysis at TEMP = -40.000000 and TNOM = 27.000000

Using SPARSE 1.3 as Direct Linear Solver

No. of Data Rows : 6
voa = 1.7482952277e-03
ddc = 1.0268364564e-06
dde = -8.277118149e-07
Reset re-loads circuit * comparator-offset-mc @ sf_mismatch_-40c_1.32v -- generated by sim/harness, do not edit

Circuit: * comparator-offset-mc @ sf_mismatch_-40c_1.32v -- generated by sim/harness, do not edit

Doing analysis at TEMP = -40.000000 and TNOM = 27.000000

Using SPARSE 1.3 as Direct Linear Solver

No. of Data Rows : 6
voa = 6.6276388893e-04
ddc = 1.3618453756e-07
dde = -3.491833602e-07
Reset re-loads circuit * comparator-offset-mc @ sf_mismatch_-40c_1.32v -- generated by sim/harness, do not edit

Circuit: * comparator-offset-mc @ sf_mismatch_-40c_1.32v -- generated by sim/harness, do not edit

Doing analysis at TEMP = -40.000000 and TNOM = 27.000000

Using SPARSE 1.3 as Direct Linear Solver

No. of Data Rows : 6
voa = 2.3022313672e-04
ddc = 6.4356715371e-07
dde = -7.021600928e-07
Reset re-loads circuit * comparator-offset-mc @ sf_mismatch_-40c_1.32v -- generated by sim/harness, do not edit

Circuit: * comparator-offset-mc @ sf_mismatch_-40c_1.32v -- generated by sim/harness, do not edit

Doing analysis at TEMP = -40.000000 and TNOM = 27.000000

Using SPARSE 1.3 as Direct Linear Solver

No. of Data Rows : 6
voa = -3.265210716e-03
ddc = -2.964914083e-07
dde = 3.7831686188e-07
Reset re-loads circuit * comparator-offset-mc @ sf_mismatch_-40c_1.32v -- generated by sim/harness, do not edit

Circuit: * comparator-offset-mc @ sf_mismatch_-40c_1.32v -- generated by sim/harness, do not edit

Doing analysis at TEMP = -40.000000 and TNOM = 27.000000

Using SPARSE 1.3 as Direct Linear Solver

No. of Data Rows : 6
voa = 5.0157569628e-03
ddc = 5.9868794688e-07
dde = -5.542129248e-07
Reset re-loads circuit * comparator-offset-mc @ sf_mismatch_-40c_1.32v -- generated by sim/harness, do not edit

Circuit: * comparator-offset-mc @ sf_mismatch_-40c_1.32v -- generated by sim/harness, do not edit

Doing analysis at TEMP = -40.000000 and TNOM = 27.000000

Using SPARSE 1.3 as Direct Linear Solver
 Reference value :  0.00000e+00
No. of Data Rows : 6
voa = 9.4732182835e-04
ddc = -4.371255752e-08
dde = 2.2426315433e-08
Reset re-loads circuit * comparator-offset-mc @ sf_mismatch_-40c_1.32v -- generated by sim/harness, do not edit

Circuit: * comparator-offset-mc @ sf_mismatch_-40c_1.32v -- generated by sim/harness, do not edit

Doing analysis at TEMP = -40.000000 and TNOM = 27.000000

Using SPARSE 1.3 as Direct Linear Solver

No. of Data Rows : 6
voa = -7.703553718e-04
ddc = -2.904829139e-07
dde = 1.7842718068e-07
m_n_samples = 2.0000000000e+02
m_sig_vos_mv = 1.7682616370e+00
m_vos_3sig_mv = 5.3047849109e+00
m_mean_vos_uv = 1.1042812501e+02
m_mean_vos_sem = 8.8317785551e-01
m_sig_dvos_dn_uv = 8.3132913969e-01
m_sig_dvos_up_uv = 8.4095747493e-01
m_mean_dvos_dn_uv = -6.462871769e-02
m_mean_dvos_up_uv = 8.4520130771e-02
m_av_mean = 5.4211473217e+00
m_av_sigma_pct = 3.7425482046e+00
m_vbias_anchor_mv = 3.7113778838e+02
Note: Simulation executed from .control section 

Warning: m=xx on .subckt line will override multiplier m hierarchy!

Note: Starting dynamic gmin stepping
Note: Dynamic gmin stepping completed
Note: Starting dynamic gmin stepping
Note: Dynamic gmin stepping completed
Note: Starting dynamic gmin stepping
Note: Dynamic gmin stepping completed
Note: Starting dynamic gmin stepping
Note: Dynamic gmin stepping completed
Note: Starting dynamic gmin stepping
Note: Dynamic gmin stepping completed
Note: Starting dynamic gmin stepping
Note: Dynamic gmin stepping completed
Note: Starting dynamic gmin stepping
Note: Dynamic gmin stepping completed
Note: Starting dynamic gmin stepping
Note: Dynamic gmin stepping completed
Note: Starting dynamic gmin stepping
Note: Dynamic gmin stepping completed
Note: Starting dynamic gmin stepping
Note: Dynamic gmin stepping completed
Note: Starting dynamic gmin stepping
Note: Dynamic gmin stepping completed
Note: Starting dynamic gmin stepping
Note: Dynamic gmin stepping completed
Note: Starting dynamic gmin stepping
Note: Dynamic gmin stepping completed
Note: Starting dynamic gmin stepping
Note: Dynamic gmin stepping completed
Note: Starting dynamic gmin stepping
Note: Dynamic gmin stepping completed
Note: Starting dynamic gmin stepping
Note: Dynamic gmin stepping completed
Note: Starting dynamic gmin stepping
Note: Dynamic gmin stepping completed
Note: Starting dynamic gmin stepping
Note: Dynamic gmin stepping completed
Note: Starting dynamic gmin stepping
Note: Dynamic gmin stepping completed
Note: Starting dynamic gmin stepping
Note: Dynamic gmin stepping completed
Note: Starting dynamic gmin stepping
Note: Dynamic gmin stepping completed
Note: Starting dynamic gmin stepping
Note: Dynamic gmin stepping completed
Note: Starting dynamic gmin stepping
Note: Dynamic gmin stepping completed
Note: Starting dynamic gmin stepping
Note: Dynamic gmin stepping completed
Note: Starting dynamic gmin stepping
Note: Dynamic gmin stepping completed
Note: Starting dynamic gmin stepping
Note: Dynamic gmin stepping completed
Note: Starting dynamic gmin stepping
Note: Dynamic gmin stepping completed
Note: Starting dynamic gmin stepping
Note: Dynamic gmin stepping completed
Note: Starting dynamic gmin stepping
Note: Dynamic gmin stepping completed
Note: Starting dynamic gmin stepping
Note: Dynamic gmin stepping completed
Note: Starting dynamic gmin stepping
Note: Dynamic gmin stepping completed
Note: Starting dynamic gmin stepping
Note: Dynamic gmin stepping completed
Note: Starting dynamic gmin stepping
Note: Dynamic gmin stepping completed
Note: Starting dynamic gmin stepping
Note: Dynamic gmin stepping completed
Note: Starting dynamic gmin stepping
Note: Dynamic gmin stepping completed
Note: Starting dynamic gmin stepping
Note: Dynamic gmin stepping completed
Note: Starting dynamic gmin stepping
Note: Dynamic gmin stepping completed
Note: Starting dynamic gmin stepping
Note: Dynamic gmin stepping completed
Note: Starting dynamic gmin stepping
Note: Dynamic gmin stepping completed
Note: Starting dynamic gmin stepping
Note: Dynamic gmin stepping completed
Note: Starting dynamic gmin stepping
Note: Dynamic gmin stepping completed
Note: Starting dynamic gmin stepping
Note: Dynamic gmin stepping completed
Note: Starting dynamic gmin stepping
Note: Dynamic gmin stepping completed
Note: Starting dynamic gmin stepping
Note: Dynamic gmin stepping completed
Note: Starting dynamic gmin stepping
Note: Dynamic gmin stepping completed
Note: Starting dynamic gmin stepping
Note: Dynamic gmin stepping completed
Note: Starting dynamic gmin stepping
Note: Dynamic gmin stepping completed
Note: Starting dynamic gmin stepping
Note: Dynamic gmin stepping completed
Note: Starting dynamic gmin stepping
Note: Dynamic gmin stepping completed
Note: Starting dynamic gmin stepping
Note: Dynamic gmin stepping completed
Note: Starting dynamic gmin stepping
Note: Dynamic gmin stepping completed
Note: Starting dynamic gmin stepping
Note: Dynamic gmin stepping completed
Note: Starting dynamic gmin stepping
Note: Dynamic gmin stepping completed
Note: Starting dynamic gmin stepping
Note: Dynamic gmin stepping completed
Note: Starting dynamic gmin stepping
Note: Dynamic gmin stepping completed
Note: Starting dynamic gmin stepping
Note: Dynamic gmin stepping completed
Note: Starting dynamic gmin stepping
Note: Dynamic gmin stepping completed
Note: Starting dynamic gmin stepping
Note: Dynamic gmin stepping completed
Note: Starting dynamic gmin stepping
Note: Dynamic gmin stepping completed
Note: Starting dynamic gmin stepping
Note: Dynamic gmin stepping completed
Note: Starting dynamic gmin stepping
Note: Dynamic gmin stepping completed
Note: Starting dynamic gmin stepping
Note: Dynamic gmin stepping completed
Note: Starting dynamic gmin stepping
Note: Dynamic gmin stepping completed
Note: Starting dynamic gmin stepping
Note: Dynamic gmin stepping completed
Note: Starting dynamic gmin stepping
Note: Dynamic gmin stepping completed
Note: Starting dynamic gmin stepping
Note: Dynamic gmin stepping completed
Note: Starting dynamic gmin stepping
Note: Dynamic gmin stepping completed
Note: Starting dynamic gmin stepping
Note: Dynamic gmin stepping completed
Note: Starting dynamic gmin stepping
Note: Dynamic gmin stepping completed
Note: Starting dynamic gmin stepping
Note: Dynamic gmin stepping completed
Note: Starting dynamic gmin stepping
Note: Dynamic gmin stepping completed
Note: Starting dynamic gmin stepping
Note: Dynamic gmin stepping completed
Note: Starting dynamic gmin stepping
Note: Dynamic gmin stepping completed
Note: Starting dynamic gmin stepping
Note: Dynamic gmin stepping completed
Note: Starting dynamic gmin stepping
Note: Dynamic gmin stepping completed
Note: Starting dynamic gmin stepping
Note: Dynamic gmin stepping completed
Note: Starting dynamic gmin stepping
Note: Dynamic gmin stepping completed
Note: Starting dynamic gmin stepping
Note: Dynamic gmin stepping completed
Note: Starting dynamic gmin stepping
Note: Dynamic gmin stepping completed
Note: Starting dynamic gmin stepping
Note: Dynamic gmin stepping completed
Note: Starting dynamic gmin stepping
Note: Dynamic gmin stepping completed
Note: Starting dynamic gmin stepping
Note: Dynamic gmin stepping completed
Note: Starting dynamic gmin stepping
Note: Dynamic gmin stepping completed
Note: Starting dynamic gmin stepping
Note: Dynamic gmin stepping completed
Note: Starting dynamic gmin stepping
Note: Dynamic gmin stepping completed
Note: Starting dynamic gmin stepping
Note: Dynamic gmin stepping completed
Note: Starting dynamic gmin stepping
Note: Dynamic gmin stepping completed
Note: Starting dynamic gmin stepping
Note: Dynamic gmin stepping completed
Note: Starting dynamic gmin stepping
Note: Dynamic gmin stepping completed
Note: Starting dynamic gmin stepping
Note: Dynamic gmin stepping completed
Note: Starting dynamic gmin stepping
Note: Dynamic gmin stepping completed
Note: Starting dynamic gmin stepping
Note: Dynamic gmin stepping completed
Note: Starting dynamic gmin stepping
Note: Dynamic gmin stepping completed
Note: Starting dynamic gmin stepping
Note: Dynamic gmin stepping completed
Note: Starting dynamic gmin stepping
Note: Dynamic gmin stepping completed
Note: Starting dynamic gmin stepping
Note: Dynamic gmin stepping completed
Note: Starting dynamic gmin stepping
Note: Dynamic gmin stepping completed
