
Note: No compatibility mode selected!


Circuit: * klt sim -- generated corner deck, do not edit

Doing analysis at TEMP = 27.000000 and TNOM = 27.000000

Using SPARSE 1.3 as Direct Linear Solver

Initial Transient Solution
--------------------------

Node                                   Voltage
----                                   -------
vdd                                        1.2
cm                                        0.55
vd                                      -0.048
ap                                       0.526
an                                       0.574
clku                                         0
clk                                          0
ibn                                    0.26402
xa.x1.tmid                         6.78661e-06
xa.x1.tail                            0.530295
xa.x1.np                                   1.2
xa.x1.nn                               1.19999
xa.x1.ln                                   1.2
xa.x1.lp                                   1.2
xa.x1.lnb                          8.25772e-07
xa.x1.lpb                          5.99964e-07
xa.x1.na                                   1.2
doutb                              7.32902e-07
dout                                       1.2
xa.x1.nb                                   1.2
doutn                                 0.999999
tcheck                                      27
pa_00                                   264.02
bpa_00#branch                                0
btchk#branch                                 0
bdoutn#branch                                0
bclk#branch                        9.89457e-10
ean#branch                         5.14647e-12
eap#branch                         6.45761e-12
vclku#branch                                 0
vd#branch                                    0
vcm#branch                         1.16041e-11
vsup#branch                       -2.00222e-05


No. of Data Rows : 12274

  Measurements for Transient Analysis

dlev0               =  -1.86743e-06
dlev1               =  4.70369e-06
dlev2               =  4.26057e-06
dlev3               =  5.57174e-06
dlev4               =  1.06018e-06
dlev5               =  -1.17193e-06
dlev6               =  -2.48759e-07
dlev7               =  -2.67775e-06
dlev8               =  -1.40398e-06
dlev9               =  4.77835e-06
dlev10              =  3.22337e-06
dlev11              =  3.45741e-06
dlev12              =  4.58484e-06
dlev13              =  7.96402e-07
dlev14              =  8.81344e-07
dlev15              =  -5.33981e-07
dlev16              =  3.79769e-06
dlev17              =  9.99996e-01
dlev18              =  9.99999e-01
dlev19              =  9.99998e-01
dlev20              =  9.99997e-01
dlev21              =  9.99999e-01
dlev22              =  9.99998e-01
dlev23              =  9.99996e-01
dlev24              =  9.99997e-01
dlev25              =  9.99997e-01
dlev26              =  9.99997e-01
dlev27              =  9.99998e-01
dlev28              =  9.99997e-01
dlev29              =  9.99998e-01
dlev30              =  9.99999e-01
dlev31              =  9.99997e-01
dlev32              =  9.99997e-01
vdd_meas            =  1.20000e+00
temp_meas           =  2.70000e+01
vbias_mv            =  2.64020e+02
lowcount            =  1.70000e+01
vos_mv              =  1.50003e+00
vcm_meas            =  5.50000e-01

ngspice-46 done
