
Note: No compatibility mode selected!


Circuit: * klt sim -- generated corner deck, do not edit

Doing analysis at TEMP = -40.000000 and TNOM = 27.000000

Using SPARSE 1.3 as Direct Linear Solver

Initial Transient Solution
--------------------------

Node                                   Voltage
----                                   -------
vdd                                       1.32
cm                                         0.6
vd                                      -0.048
ap                                       0.576
an                                       0.624
clku                                         0
clk                                          0
ibn                                   0.367354
xa.x1.tmid                           5.142e-09
xa.x1.tail                            0.586955
xa.x1.np                                  1.32
xa.x1.nn                                  1.32
xa.x1.ln                                  1.32
xa.x1.lp                                  1.32
xa.x1.lnb                          4.97026e-08
xa.x1.lpb                          5.18162e-08
xa.x1.na                               1.30085
doutb                                 0.718217
dout                                  0.708433
xa.x1.nb                               1.30135
doutn                                 0.536692
tcheck                                     -40
pa_00                                  367.354
bpa_00#branch                                0
btchk#branch                                 0
bdoutn#branch                                0
bclk#branch                        4.98649e-10
ean#branch                         4.01762e-13
eap#branch                         5.05929e-13
vclku#branch                                 0
vd#branch                                    0
vcm#branch                         9.07691e-13
vsup#branch                       -0.000116925


No. of Data Rows : 12402

  Measurements for Transient Analysis

dlev0               =  -5.14656e-06
dlev1               =  -3.43641e-06
dlev2               =  -6.90403e-06
dlev3               =  -7.00743e-06
dlev4               =  -8.64854e-07
dlev5               =  -5.32875e-07
dlev6               =  -8.28882e-08
dlev7               =  6.46469e-08
dlev8               =  -7.35199e-08
dlev9               =  -6.48767e-06
dlev10              =  -1.03319e-06
dlev11              =  1.64093e-07
dlev12              =  -2.00032e-06
dlev13              =  -6.74638e-06
dlev14              =  -1.31847e-07
dlev15              =  -8.79497e-07
dlev16              =  1.00000e+00
dlev17              =  1.00000e+00
dlev18              =  9.99998e-01
dlev19              =  9.99997e-01
dlev20              =  9.99997e-01
dlev21              =  9.99997e-01
dlev22              =  9.99999e-01
dlev23              =  9.99998e-01
dlev24              =  9.99997e-01
dlev25              =  9.99999e-01
dlev26              =  1.00000e+00
dlev27              =  9.99997e-01
dlev28              =  9.99997e-01
dlev29              =  9.99997e-01
dlev30              =  9.99998e-01
dlev31              =  9.99998e-01
dlev32              =  9.99998e-01
vdd_meas            =  1.32000e+00
temp_meas           =  -4.00000e+01
vbias_mv            =  3.67354e+02
lowcount            =  1.60001e+01
vos_mv              =  -1.49978e+00

ngspice-46 done
