
Note: No compatibility mode selected!


Circuit: * klt sim -- generated corner deck, do not edit

Doing analysis at TEMP = 125.000000 and TNOM = 27.000000

Using SPARSE 1.3 as Direct Linear Solver

Initial Transient Solution
--------------------------

Node                                   Voltage
----                                   -------
vdd                                       1.08
vdda                                      1.08
clku                                         0
clk                                          0
cm                                         0.6
sa                                       -0.05
apa                                      0.575
ana                                      0.625
ibna                                  0.125689
xa.x1.tmid                         0.000732791
xa.x1.tail                            0.572531
xa.x1.np                               1.07992
xa.x1.nn                               1.07974
xa.x1.ln                                  1.08
xa.x1.lp                                  1.08
xa.x1.lnb                          2.02812e-05
xa.x1.lpb                          2.02812e-05
xa.x1.na                                 1.053
doutba                                0.564198
douta                                 0.564198
xa.x1.nb                                 1.053
sb                                      -0.001
apb                                     0.5995
anb                                     0.6005
ibnb                                  0.125689
xb.x1.tmid                          0.00072854
xb.x1.tail                            0.566616
xb.x1.np                               1.07983
xb.x1.nn                               1.07983
xb.x1.ln                                  1.08
xb.x1.lp                                  1.08
xb.x1.lnb                          2.02812e-05
xb.x1.lpb                          2.02812e-05
xb.x1.na                                 1.053
doutbb                                0.564198
doutb                                 0.564198
xb.x1.nb                                 1.053
sc                                     -0.0001
apc                                    0.59995
anc                                    0.60005
ibnc                                  0.125689
xc.x1.tmid                         0.000728539
xc.x1.tail                            0.566614
xc.x1.np                               1.07983
xc.x1.nn                               1.07983
xc.x1.ln                                  1.08
xc.x1.lp                                  1.08
xc.x1.lnb                          2.02812e-05
xc.x1.lpb                          2.02812e-05
xc.x1.na                                 1.053
doutbc                                0.564198
doutc                                 0.564198
xc.x1.nb                                 1.053
clkn                                         0
dan                                   0.522406
dbn                                   0.522406
dcn                                   0.522406
tcheck                                     125
pa_00                              0.000124051
bpa_00#branch                                0
vsupa#branch                      -0.000114862
btchk#branch                                 0
bdcn#branch                                  0
bdbn#branch                                  0
bdan#branch                                  0
bclkn#branch                                 0
bclk#branch                        3.39438e-09
eanc#branch                        5.53552e-12
eapc#branch                        5.53871e-12
eanb#branch                        5.52119e-12
eapb#branch                        5.55309e-12
eana#branch                        4.78464e-12
eapa#branch                        6.37737e-12
vsc#branch                                   0
vsb#branch                                   0
vsa#branch                                   0
vcm#branch                         3.33105e-11
vclku#branch                                 0
vsup#branch                       -0.000229718


No. of Data Rows : 12042

  Measurements for Transient Analysis

vdd_meas            =  1.08000e+00
vdda_meas           =  1.08000e+00
temp_meas           =  1.25000e+02
td_a                =  1.10621e-09 targ=  4.11562e-08 trig=  4.00500e-08
td_b                =  1.52186e-09 targ=  4.15719e-08 trig=  4.00500e-08
td_c                =  1.74855e-09 targ=  4.17986e-08 trig=  4.00500e-08
dout_od50_first     =  1.00954e-05
dout_od1_first      =  3.82759e-07
dout_od01_first     =  1.09255e-05
dout_od50_end       =  9.99982e-01
dout_od1_end        =  9.99982e-01
dout_od01_end       =  9.99982e-01
td_od50_ns          =  1.10621e+00
td_od1_ns           =  1.52186e+00
td_od01_ns          =  1.74855e+00
tau_ps              =  9.84528e+01
resolve_decades     =  1.54577e+01
i_stat              =  -5.79938e-06 from=  2.50000e-08 to=  2.90025e-08
i_static_ua         =  5.79938e+00
p_avg               =  1.42029e-05 from=  3.00000e-08 to=  6.00000e-08
p_avg_uw            =  1.42029e+01
vref_v              =  1.25689e-01
tmid_eval_v         =  3.80391e-01

ngspice-46 done
