
Note: No compatibility mode selected!


Circuit: * klt sim -- generated corner deck, do not edit

Doing analysis at TEMP = 27.000000 and TNOM = 27.000000

Using SPARSE 1.3 as Direct Linear Solver

Initial Transient Solution
--------------------------

Node                                   Voltage
----                                   -------
vdd                                       1.32
cm                                         0.6
vd                                      -0.048
ap                                       0.576
an                                       0.624
clku                                         0
clk                                          0
ibn                                   0.263874
xa.x1.tmid                         8.18467e-06
xa.x1.tail                            0.573016
xa.x1.np                                  1.32
xa.x1.nn                               1.31999
xa.x1.ln                                  1.32
xa.x1.lp                                  1.32
xa.x1.lnb                          7.38206e-07
xa.x1.lpb                           6.4236e-07
xa.x1.na                                  1.32
doutb                              7.00881e-07
dout                                      1.32
xa.x1.nb                                  1.32
doutn                                 0.999999
tcheck                                      27
pa_00                                  263.874
bpa_00#branch                                0
btchk#branch                                 0
bdoutn#branch                                0
bclk#branch                        1.38455e-09
ean#branch                         7.09371e-12
eap#branch                         8.80251e-12
vclku#branch                                 0
vd#branch                                    0
vcm#branch                         1.58962e-11
vsup#branch                        -2.0026e-05


No. of Data Rows : 12391

  Measurements for Transient Analysis

dlev0               =  1.45106e-07
dlev1               =  4.90328e-07
dlev2               =  8.25964e-07
dlev3               =  2.11497e-06
dlev4               =  6.20898e-06
dlev5               =  2.21593e-06
dlev6               =  -6.59049e-07
dlev7               =  -2.16212e-07
dlev8               =  3.18732e-06
dlev9               =  6.72110e-06
dlev10              =  1.89828e-07
dlev11              =  -4.78463e-08
dlev12              =  1.94406e-06
dlev13              =  2.89374e-06
dlev14              =  1.00000e+00
dlev15              =  9.99999e-01
dlev16              =  9.99998e-01
dlev17              =  9.99999e-01
dlev18              =  1.00000e+00
dlev19              =  1.00000e+00
dlev20              =  1.00000e+00
dlev21              =  1.00000e+00
dlev22              =  9.99998e-01
dlev23              =  9.99999e-01
dlev24              =  1.00000e+00
dlev25              =  9.99998e-01
dlev26              =  9.99998e-01
dlev27              =  1.00000e+00
dlev28              =  9.99998e-01
dlev29              =  9.99998e-01
dlev30              =  9.99998e-01
dlev31              =  1.00000e+00
dlev32              =  9.99998e-01
vdd_meas            =  1.32000e+00
temp_meas           =  2.70000e+01
vbias_mv            =  2.63874e+02
lowcount            =  1.40000e+01
vos_mv              =  -7.50004e+00

ngspice-46 done
