
Note: No compatibility mode selected!


Circuit: * klt sim -- generated corner deck, do not edit

Doing analysis at TEMP = 27.000000 and TNOM = 27.000000

Using SPARSE 1.3 as Direct Linear Solver

Initial Transient Solution
--------------------------

Node                                   Voltage
----                                   -------
vdd                                       1.08
cm                                         0.6
vd                                      -0.048
ap                                       0.576
an                                       0.624
clku                                         0
clk                                          0
ibn                                   0.293469
xa.x1.tmid                         1.44782e-06
xa.x1.tail                            0.577758
xa.x1.np                                  1.08
xa.x1.nn                                  1.08
xa.x1.ln                                  1.08
xa.x1.lp                                  1.08
xa.x1.lnb                          9.16459e-08
xa.x1.lpb                            8.673e-08
xa.x1.na                                  1.08
doutb                              1.18715e-07
dout                                      1.08
xa.x1.nb                                  1.08
doutn                                        1
tcheck                                      27
pa_00                                  293.469
bpa_00#branch                                0
btchk#branch                                 0
bdoutn#branch                                0
bclk#branch                        2.14552e-10
ean#branch                         4.86111e-13
eap#branch                         6.43596e-13
vclku#branch                                 0
vd#branch                                    0
vcm#branch                         1.12971e-12
vsup#branch                       -1.50036e-05


No. of Data Rows : 12114

  Measurements for Transient Analysis

dlev0               =  -3.73654e-06
dlev1               =  -4.12003e-07
dlev2               =  -9.35482e-07
dlev3               =  -1.35900e-06
dlev4               =  4.22648e-06
dlev5               =  -1.96442e-06
dlev6               =  -1.86988e-07
dlev7               =  1.05359e-07
dlev8               =  4.79510e-07
dlev9               =  6.37953e-07
dlev10              =  6.80081e-07
dlev11              =  1.38479e-06
dlev12              =  -2.46669e-07
dlev13              =  4.93278e-06
dlev14              =  7.75015e-07
dlev15              =  7.13700e-07
dlev16              =  8.06194e-07
dlev17              =  7.14173e-07
dlev18              =  6.64018e-07
dlev19              =  1.00000e+00
dlev20              =  9.99999e-01
dlev21              =  9.99999e-01
dlev22              =  9.99999e-01
dlev23              =  9.99999e-01
dlev24              =  9.99999e-01
dlev25              =  9.99999e-01
dlev26              =  9.99999e-01
dlev27              =  9.99998e-01
dlev28              =  9.99998e-01
dlev29              =  1.00000e+00
dlev30              =  9.99998e-01
dlev31              =  9.99999e-01
dlev32              =  9.99999e-01
vdd_meas            =  1.08000e+00
temp_meas           =  2.70000e+01
vbias_mv            =  2.93469e+02
lowcount            =  1.90000e+01
vos_mv              =  7.50002e+00

ngspice-46 done
