
Note: No compatibility mode selected!


Circuit: * klt sim -- generated corner deck, do not edit

Doing analysis at TEMP = 27.000000 and TNOM = 27.000000

Using SPARSE 1.3 as Direct Linear Solver

Initial Transient Solution
--------------------------

Node                                   Voltage
----                                   -------
vdd                                       1.32
cm                                         0.6
vd                                      -0.048
ap                                       0.576
an                                       0.624
clku                                         0
clk                                          0
ibn                                   0.319686
xa.x1.tmid                         1.56002e-07
xa.x1.tail                            0.598654
xa.x1.np                                  1.32
xa.x1.nn                                  1.32
xa.x1.ln                                  1.32
xa.x1.lp                                  1.32
xa.x1.lnb                          2.06837e-08
xa.x1.lpb                          2.01771e-08
xa.x1.na                                  1.32
doutb                              2.29326e-08
dout                                      1.32
xa.x1.nb                                  1.32
doutn                                        1
tcheck                                      27
pa_00                                  319.686
bpa_00#branch                                0
btchk#branch                                 0
bdoutn#branch                                0
bclk#branch                        1.33009e-10
ean#branch                         4.03289e-13
eap#branch                          5.1037e-13
vclku#branch                                 0
vd#branch                                    0
vcm#branch                         9.13658e-13
vsup#branch                       -1.00006e-05


No. of Data Rows : 12119

  Measurements for Transient Analysis

dlev0               =  8.21560e-07
dlev1               =  -4.74916e-07
dlev2               =  -1.28678e-07
dlev3               =  -3.65813e-07
dlev4               =  -1.62650e-07
dlev5               =  2.22166e-08
dlev6               =  -1.12347e-07
dlev7               =  -3.49948e-09
dlev8               =  -1.03324e-06
dlev9               =  -1.10864e-06
dlev10              =  -2.31510e-10
dlev11              =  1.84819e-07
dlev12              =  5.09827e-08
dlev13              =  2.43791e-07
dlev14              =  2.33913e-07
dlev15              =  1.00000e+00
dlev16              =  9.99998e-01
dlev17              =  9.99997e-01
dlev18              =  1.00000e+00
dlev19              =  1.00000e+00
dlev20              =  1.00000e+00
dlev21              =  1.00000e+00
dlev22              =  1.00000e+00
dlev23              =  9.99999e-01
dlev24              =  1.00000e+00
dlev25              =  1.00000e+00
dlev26              =  1.00000e+00
dlev27              =  1.00000e+00
dlev28              =  1.00000e+00
dlev29              =  1.00000e+00
dlev30              =  1.00000e+00
dlev31              =  1.00000e+00
dlev32              =  1.00000e+00
vdd_meas            =  1.32000e+00
temp_meas           =  2.70000e+01
vbias_mv            =  3.19686e+02
lowcount            =  1.50000e+01
vos_mv              =  -4.49998e+00

ngspice-46 done
