
Note: No compatibility mode selected!


Circuit: * comparator-offset-mc @ fs_mismatch_-40c_1.32v -- generated by sim/harness, do not edit

Reset re-loads circuit * comparator-offset-mc @ fs_mismatch_-40c_1.32v -- generated by sim/harness, do not edit

Circuit: * comparator-offset-mc @ fs_mismatch_-40c_1.32v -- generated by sim/harness, do not edit

Doing analysis at TEMP = -40.000000 and TNOM = 27.000000

Using SPARSE 1.3 as Direct Linear Solver

No. of Data Rows : 6
voa = -3.369979369e-03
ddc = -1.878973072e-05
dde = 1.7122838131e-05
Reset re-loads circuit * comparator-offset-mc @ fs_mismatch_-40c_1.32v -- generated by sim/harness, do not edit

Circuit: * comparator-offset-mc @ fs_mismatch_-40c_1.32v -- generated by sim/harness, do not edit

Doing analysis at TEMP = -40.000000 and TNOM = 27.000000

Using SPARSE 1.3 as Direct Linear Solver

No. of Data Rows : 6
voa = 3.4388079724e-03
ddc = -4.932242823e-05
dde = 4.5808133513e-05
Reset re-loads circuit * comparator-offset-mc @ fs_mismatch_-40c_1.32v -- generated by sim/harness, do not edit

Circuit: * comparator-offset-mc @ fs_mismatch_-40c_1.32v -- generated by sim/harness, do not edit

Doing analysis at TEMP = -40.000000 and TNOM = 27.000000

Using SPARSE 1.3 as Direct Linear Solver

No. of Data Rows : 6
voa = 3.2979392008e-03
ddc = -2.411101385e-05
dde = 2.2174193410e-05
Reset re-loads circuit * comparator-offset-mc @ fs_mismatch_-40c_1.32v -- generated by sim/harness, do not edit

Circuit: * comparator-offset-mc @ fs_mismatch_-40c_1.32v -- generated by sim/harness, do not edit

Doing analysis at TEMP = -40.000000 and TNOM = 27.000000

Using SPARSE 1.3 as Direct Linear Solver

No. of Data Rows : 6
voa = 3.6328054069e-04
ddc = 2.2481873713e-05
dde = -2.025630043e-05
Reset re-loads circuit * comparator-offset-mc @ fs_mismatch_-40c_1.32v -- generated by sim/harness, do not edit

Circuit: * comparator-offset-mc @ fs_mismatch_-40c_1.32v -- generated by sim/harness, do not edit

Doing analysis at TEMP = -40.000000 and TNOM = 27.000000

Using SPARSE 1.3 as Direct Linear Solver

No. of Data Rows : 6
voa = -2.445861770e-03
ddc = 7.5353417854e-05
dde = -6.945020131e-05
Reset re-loads circuit * comparator-offset-mc @ fs_mismatch_-40c_1.32v -- generated by sim/harness, do not edit

Circuit: * comparator-offset-mc @ fs_mismatch_-40c_1.32v -- generated by sim/harness, do not edit

Doing analysis at TEMP = -40.000000 and TNOM = 27.000000

Using SPARSE 1.3 as Direct Linear Solver

No. of Data Rows : 6
voa = 3.2730377246e-03
ddc = 8.3571620124e-06
dde = -7.859902225e-06
Reset re-loads circuit * comparator-offset-mc @ fs_mismatch_-40c_1.32v -- generated by sim/harness, do not edit

Circuit: * comparator-offset-mc @ fs_mismatch_-40c_1.32v -- generated by sim/harness, do not edit

Doing analysis at TEMP = -40.000000 and TNOM = 27.000000

Using SPARSE 1.3 as Direct Linear Solver

No. of Data Rows : 6
voa = 1.9048029066e-03
ddc = -3.444512177e-05
dde = 3.1490495199e-05
Reset re-loads circuit * comparator-offset-mc @ fs_mismatch_-40c_1.32v -- generated by sim/harness, do not edit

Circuit: * comparator-offset-mc @ fs_mismatch_-40c_1.32v -- generated by sim/harness, do not edit

Doing analysis at TEMP = -40.000000 and TNOM = 27.000000

Using SPARSE 1.3 as Direct Linear Solver

No. of Data Rows : 6
voa = 1.1586876684e-03
ddc = -4.249533483e-05
dde = 3.9045305966e-05
Reset re-loads circuit * comparator-offset-mc @ fs_mismatch_-40c_1.32v -- generated by sim/harness, do not edit

Circuit: * comparator-offset-mc @ fs_mismatch_-40c_1.32v -- generated by sim/harness, do not edit

Doing analysis at TEMP = -40.000000 and TNOM = 27.000000

Using SPARSE 1.3 as Direct Linear Solver
 Reference value :  0.00000e+00
No. of Data Rows : 6
voa = -5.177519063e-03
ddc = -6.447272000e-05
dde = 5.9623317086e-05
Reset re-loads circuit * comparator-offset-mc @ fs_mismatch_-40c_1.32v -- generated by sim/harness, do not edit

Circuit: * comparator-offset-mc @ fs_mismatch_-40c_1.32v -- generated by sim/harness, do not edit

Doing analysis at TEMP = -40.000000 and TNOM = 27.000000

Using SPARSE 1.3 as Direct Linear Solver

No. of Data Rows : 6
voa = -3.785350421e-03
ddc = -1.213523193e-05
dde = 1.1179670966e-05
Reset re-loads circuit * comparator-offset-mc @ fs_mismatch_-40c_1.32v -- generated by sim/harness, do not edit

Circuit: * comparator-offset-mc @ fs_mismatch_-40c_1.32v -- generated by sim/harness, do not edit

Doing analysis at TEMP = -40.000000 and TNOM = 27.000000

Using SPARSE 1.3 as Direct Linear Solver

No. of Data Rows : 6
voa = 3.8668956092e-03
ddc = -6.613038933e-05
dde = 6.0974767358e-05
Reset re-loads circuit * comparator-offset-mc @ fs_mismatch_-40c_1.32v -- generated by sim/harness, do not edit

Circuit: * comparator-offset-mc @ fs_mismatch_-40c_1.32v -- generated by sim/harness, do not edit

Doing analysis at TEMP = -40.000000 and TNOM = 27.000000

Using SPARSE 1.3 as Direct Linear Solver

No. of Data Rows : 6
voa = 1.0563616042e-03
ddc = -7.260932917e-06
dde = 6.9699153140e-06
Reset re-loads circuit * comparator-offset-mc @ fs_mismatch_-40c_1.32v -- generated by sim/harness, do not edit

Circuit: * comparator-offset-mc @ fs_mismatch_-40c_1.32v -- generated by sim/harness, do not edit

Doing analysis at TEMP = -40.000000 and TNOM = 27.000000

Using SPARSE 1.3 as Direct Linear Solver

No. of Data Rows : 6
voa = -2.724095594e-03
ddc = 3.7755248259e-05
dde = -3.538887205e-05
Reset re-loads circuit * comparator-offset-mc @ fs_mismatch_-40c_1.32v -- generated by sim/harness, do not edit

Circuit: * comparator-offset-mc @ fs_mismatch_-40c_1.32v -- generated by sim/harness, do not edit

Doing analysis at TEMP = -40.000000 and TNOM = 27.000000

Using SPARSE 1.3 as Direct Linear Solver

No. of Data Rows : 6
voa = 2.6546721300e-03
ddc = 4.0667485739e-05
dde = -3.765589490e-05
Reset re-loads circuit * comparator-offset-mc @ fs_mismatch_-40c_1.32v -- generated by sim/harness, do not edit

Circuit: * comparator-offset-mc @ fs_mismatch_-40c_1.32v -- generated by sim/harness, do not edit

Doing analysis at TEMP = -40.000000 and TNOM = 27.000000

Using SPARSE 1.3 as Direct Linear Solver

No. of Data Rows : 6
voa = -1.880663612e-03
ddc = -1.026176882e-05
dde = 9.9399439701e-06
Reset re-loads circuit * comparator-offset-mc @ fs_mismatch_-40c_1.32v -- generated by sim/harness, do not edit

Circuit: * comparator-offset-mc @ fs_mismatch_-40c_1.32v -- generated by sim/harness, do not edit

Doing analysis at TEMP = -40.000000 and TNOM = 27.000000

Using SPARSE 1.3 as Direct Linear Solver

No. of Data Rows : 6
voa = 5.6763621045e-03
ddc = -5.360119765e-05
dde = 4.8593669271e-05
Reset re-loads circuit * comparator-offset-mc @ fs_mismatch_-40c_1.32v -- generated by sim/harness, do not edit

Circuit: * comparator-offset-mc @ fs_mismatch_-40c_1.32v -- generated by sim/harness, do not edit

Doing analysis at TEMP = -40.000000 and TNOM = 27.000000

Using SPARSE 1.3 as Direct Linear Solver

No. of Data Rows : 6
voa = -8.446385853e-04
ddc = 6.7369180480e-05
dde = -6.045070818e-05
Reset re-loads circuit * comparator-offset-mc @ fs_mismatch_-40c_1.32v -- generated by sim/harness, do not edit

Circuit: * comparator-offset-mc @ fs_mismatch_-40c_1.32v -- generated by sim/harness, do not edit

Doing analysis at TEMP = -40.000000 and TNOM = 27.000000

Using SPARSE 1.3 as Direct Linear Solver

No. of Data Rows : 6
voa = 2.0909715466e-03
ddc = -3.578507263e-05
dde = 3.2603954234e-05
Reset re-loads circuit * comparator-offset-mc @ fs_mismatch_-40c_1.32v -- generated by sim/harness, do not edit

Circuit: * comparator-offset-mc @ fs_mismatch_-40c_1.32v -- generated by sim/harness, do not edit

Doing analysis at TEMP = -40.000000 and TNOM = 27.000000

Using SPARSE 1.3 as Direct Linear Solver

No. of Data Rows : 6
voa = 1.2178436533e-03
ddc = -1.546110962e-05
dde = 1.4274380168e-05
Reset re-loads circuit * comparator-offset-mc @ fs_mismatch_-40c_1.32v -- generated by sim/harness, do not edit

Circuit: * comparator-offset-mc @ fs_mismatch_-40c_1.32v -- generated by sim/harness, do not edit

Doing analysis at TEMP = -40.000000 and TNOM = 27.000000

Using SPARSE 1.3 as Direct Linear Solver

No. of Data Rows : 6
voa = -2.043114122e-04
ddc = 6.1205169722e-05
dde = -5.677977823e-05
Reset re-loads circuit * comparator-offset-mc @ fs_mismatch_-40c_1.32v -- generated by sim/harness, do not edit

Circuit: * comparator-offset-mc @ fs_mismatch_-40c_1.32v -- generated by sim/harness, do not edit

Doing analysis at TEMP = -40.000000 and TNOM = 27.000000

Using SPARSE 1.3 as Direct Linear Solver

No. of Data Rows : 6
voa = 2.1715660444e-03
ddc = 3.5839181761e-05
dde = -3.353505149e-05
Reset re-loads circuit * comparator-offset-mc @ fs_mismatch_-40c_1.32v -- generated by sim/harness, do not edit

Circuit: * comparator-offset-mc @ fs_mismatch_-40c_1.32v -- generated by sim/harness, do not edit

Doing analysis at TEMP = -40.000000 and TNOM = 27.000000

Using SPARSE 1.3 as Direct Linear Solver

No. of Data Rows : 6
voa = 4.4020930496e-03
ddc = 3.4763380716e-05
dde = -3.274098428e-05
Reset re-loads circuit * comparator-offset-mc @ fs_mismatch_-40c_1.32v -- generated by sim/harness, do not edit

Circuit: * comparator-offset-mc @ fs_mismatch_-40c_1.32v -- generated by sim/harness, do not edit

Doing analysis at TEMP = -40.000000 and TNOM = 27.000000

Using SPARSE 1.3 as Direct Linear Solver

No. of Data Rows : 6
voa = -9.042938068e-03
ddc = 5.8930725962e-05
dde = -5.325911605e-05
Reset re-loads circuit * comparator-offset-mc @ fs_mismatch_-40c_1.32v -- generated by sim/harness, do not edit

Circuit: * comparator-offset-mc @ fs_mismatch_-40c_1.32v -- generated by sim/harness, do not edit

Doing analysis at TEMP = -40.000000 and TNOM = 27.000000

Using SPARSE 1.3 as Direct Linear Solver
 Reference value :  0.00000e+00
No. of Data Rows : 6
voa = 3.5281007461e-03
ddc = -7.141767436e-05
dde = 6.7620739771e-05
Reset re-loads circuit * comparator-offset-mc @ fs_mismatch_-40c_1.32v -- generated by sim/harness, do not edit

Circuit: * comparator-offset-mc @ fs_mismatch_-40c_1.32v -- generated by sim/harness, do not edit

Doing analysis at TEMP = -40.000000 and TNOM = 27.000000

Using SPARSE 1.3 as Direct Linear Solver

No. of Data Rows : 6
voa = 6.6251235306e-03
ddc = 1.1202041263e-05
dde = -1.034342313e-05
Reset re-loads circuit * comparator-offset-mc @ fs_mismatch_-40c_1.32v -- generated by sim/harness, do not edit

Circuit: * comparator-offset-mc @ fs_mismatch_-40c_1.32v -- generated by sim/harness, do not edit

Doing analysis at TEMP = -40.000000 and TNOM = 27.000000

Using SPARSE 1.3 as Direct Linear Solver

No. of Data Rows : 6
voa = 1.4815067907e-03
ddc = -1.730470705e-05
dde = 1.6597346780e-05
Reset re-loads circuit * comparator-offset-mc @ fs_mismatch_-40c_1.32v -- generated by sim/harness, do not edit

Circuit: * comparator-offset-mc @ fs_mismatch_-40c_1.32v -- generated by sim/harness, do not edit

Doing analysis at TEMP = -40.000000 and TNOM = 27.000000

Using SPARSE 1.3 as Direct Linear Solver

No. of Data Rows : 6
voa = 1.3278963061e-03
ddc = 3.1484407817e-05
dde = -3.053164757e-05
Reset re-loads circuit * comparator-offset-mc @ fs_mismatch_-40c_1.32v -- generated by sim/harness, do not edit

Circuit: * comparator-offset-mc @ fs_mismatch_-40c_1.32v -- generated by sim/harness, do not edit

Doing analysis at TEMP = -40.000000 and TNOM = 27.000000

Using SPARSE 1.3 as Direct Linear Solver

No. of Data Rows : 6
voa = 1.4117607019e-03
ddc = -4.918572222e-05
dde = 4.5830315113e-05
Reset re-loads circuit * comparator-offset-mc @ fs_mismatch_-40c_1.32v -- generated by sim/harness, do not edit

Circuit: * comparator-offset-mc @ fs_mismatch_-40c_1.32v -- generated by sim/harness, do not edit

Doing analysis at TEMP = -40.000000 and TNOM = 27.000000

Using SPARSE 1.3 as Direct Linear Solver

No. of Data Rows : 6
voa = -4.973756332e-03
ddc = -9.092758896e-06
dde = 9.1208464586e-06
Reset re-loads circuit * comparator-offset-mc @ fs_mismatch_-40c_1.32v -- generated by sim/harness, do not edit

Circuit: * comparator-offset-mc @ fs_mismatch_-40c_1.32v -- generated by sim/harness, do not edit

Doing analysis at TEMP = -40.000000 and TNOM = 27.000000

Using SPARSE 1.3 as Direct Linear Solver

No. of Data Rows : 6
voa = -1.146830045e-05
ddc = -4.595822805e-05
dde = 4.2497079073e-05
Reset re-loads circuit * comparator-offset-mc @ fs_mismatch_-40c_1.32v -- generated by sim/harness, do not edit

Circuit: * comparator-offset-mc @ fs_mismatch_-40c_1.32v -- generated by sim/harness, do not edit

Doing analysis at TEMP = -40.000000 and TNOM = 27.000000

Using SPARSE 1.3 as Direct Linear Solver

No. of Data Rows : 6
voa = 7.5085049458e-03
ddc = -1.413938955e-05
dde = 1.3424166460e-05
Reset re-loads circuit * comparator-offset-mc @ fs_mismatch_-40c_1.32v -- generated by sim/harness, do not edit

Circuit: * comparator-offset-mc @ fs_mismatch_-40c_1.32v -- generated by sim/harness, do not edit

Doing analysis at TEMP = -40.000000 and TNOM = 27.000000

Using SPARSE 1.3 as Direct Linear Solver

No. of Data Rows : 6
voa = 3.2545711859e-03
ddc = -3.516212720e-05
dde = 3.2869505078e-05
Reset re-loads circuit * comparator-offset-mc @ fs_mismatch_-40c_1.32v -- generated by sim/harness, do not edit

Circuit: * comparator-offset-mc @ fs_mismatch_-40c_1.32v -- generated by sim/harness, do not edit

Doing analysis at TEMP = -40.000000 and TNOM = 27.000000

Using SPARSE 1.3 as Direct Linear Solver

No. of Data Rows : 6
voa = 2.6154143378e-03
ddc = 1.9495544859e-07
dde = 6.5047552539e-07
Reset re-loads circuit * comparator-offset-mc @ fs_mismatch_-40c_1.32v -- generated by sim/harness, do not edit

Circuit: * comparator-offset-mc @ fs_mismatch_-40c_1.32v -- generated by sim/harness, do not edit

Doing analysis at TEMP = -40.000000 and TNOM = 27.000000

Using SPARSE 1.3 as Direct Linear Solver

No. of Data Rows : 6
voa = -5.452867512e-03
ddc = -2.523742903e-05
dde = 2.4250266833e-05
Reset re-loads circuit * comparator-offset-mc @ fs_mismatch_-40c_1.32v -- generated by sim/harness, do not edit

Circuit: * comparator-offset-mc @ fs_mismatch_-40c_1.32v -- generated by sim/harness, do not edit

Doing analysis at TEMP = -40.000000 and TNOM = 27.000000

Using SPARSE 1.3 as Direct Linear Solver

No. of Data Rows : 6
voa = -1.163361663e-03
ddc = 3.4036792878e-05
dde = -3.021412935e-05
Reset re-loads circuit * comparator-offset-mc @ fs_mismatch_-40c_1.32v -- generated by sim/harness, do not edit

Circuit: * comparator-offset-mc @ fs_mismatch_-40c_1.32v -- generated by sim/harness, do not edit

Doing analysis at TEMP = -40.000000 and TNOM = 27.000000

Using SPARSE 1.3 as Direct Linear Solver

No. of Data Rows : 6
voa = -2.611322421e-03
ddc = -2.665087528e-05
dde = 2.4384086215e-05
Reset re-loads circuit * comparator-offset-mc @ fs_mismatch_-40c_1.32v -- generated by sim/harness, do not edit

Circuit: * comparator-offset-mc @ fs_mismatch_-40c_1.32v -- generated by sim/harness, do not edit

Doing analysis at TEMP = -40.000000 and TNOM = 27.000000

Using SPARSE 1.3 as Direct Linear Solver

No. of Data Rows : 6
voa = 3.1325237191e-03
ddc = 2.1686865911e-05
dde = -1.960996524e-05
Reset re-loads circuit * comparator-offset-mc @ fs_mismatch_-40c_1.32v -- generated by sim/harness, do not edit

Circuit: * comparator-offset-mc @ fs_mismatch_-40c_1.32v -- generated by sim/harness, do not edit

Doing analysis at TEMP = -40.000000 and TNOM = 27.000000

Using SPARSE 1.3 as Direct Linear Solver
 Reference value :  0.00000e+00
No. of Data Rows : 6
voa = -3.153249932e-03
ddc = -1.548752197e-05
dde = 1.5071672966e-05
Reset re-loads circuit * comparator-offset-mc @ fs_mismatch_-40c_1.32v -- generated by sim/harness, do not edit

Circuit: * comparator-offset-mc @ fs_mismatch_-40c_1.32v -- generated by sim/harness, do not edit

Doing analysis at TEMP = -40.000000 and TNOM = 27.000000

Using SPARSE 1.3 as Direct Linear Solver

No. of Data Rows : 6
voa = 5.5309730713e-03
ddc = 1.5141642522e-05
dde = -1.296990865e-05
Reset re-loads circuit * comparator-offset-mc @ fs_mismatch_-40c_1.32v -- generated by sim/harness, do not edit

Circuit: * comparator-offset-mc @ fs_mismatch_-40c_1.32v -- generated by sim/harness, do not edit

Doing analysis at TEMP = -40.000000 and TNOM = 27.000000

Using SPARSE 1.3 as Direct Linear Solver

No. of Data Rows : 6
voa = 8.0357620630e-04
ddc = 1.1818654727e-05
dde = -1.089569191e-05
Reset re-loads circuit * comparator-offset-mc @ fs_mismatch_-40c_1.32v -- generated by sim/harness, do not edit

Circuit: * comparator-offset-mc @ fs_mismatch_-40c_1.32v -- generated by sim/harness, do not edit

Doing analysis at TEMP = -40.000000 and TNOM = 27.000000

Using SPARSE 1.3 as Direct Linear Solver

No. of Data Rows : 6
voa = 6.3844140877e-03
ddc = -4.349291818e-05
dde = 4.0358222941e-05
Reset re-loads circuit * comparator-offset-mc @ fs_mismatch_-40c_1.32v -- generated by sim/harness, do not edit

Circuit: * comparator-offset-mc @ fs_mismatch_-40c_1.32v -- generated by sim/harness, do not edit

Doing analysis at TEMP = -40.000000 and TNOM = 27.000000

Using SPARSE 1.3 as Direct Linear Solver

No. of Data Rows : 6
voa = -4.563668419e-04
ddc = -8.983898055e-05
dde = 8.3242340690e-05
Reset re-loads circuit * comparator-offset-mc @ fs_mismatch_-40c_1.32v -- generated by sim/harness, do not edit

Circuit: * comparator-offset-mc @ fs_mismatch_-40c_1.32v -- generated by sim/harness, do not edit

Doing analysis at TEMP = -40.000000 and TNOM = 27.000000

Using SPARSE 1.3 as Direct Linear Solver

No. of Data Rows : 6
voa = -8.709034933e-03
ddc = -1.005257855e-05
dde = 8.4834751575e-06
Reset re-loads circuit * comparator-offset-mc @ fs_mismatch_-40c_1.32v -- generated by sim/harness, do not edit

Circuit: * comparator-offset-mc @ fs_mismatch_-40c_1.32v -- generated by sim/harness, do not edit

Doing analysis at TEMP = -40.000000 and TNOM = 27.000000

Using SPARSE 1.3 as Direct Linear Solver

No. of Data Rows : 6
voa = 2.2729809349e-03
ddc = -2.967945900e-06
dde = 2.2240559067e-06
Reset re-loads circuit * comparator-offset-mc @ fs_mismatch_-40c_1.32v -- generated by sim/harness, do not edit

Circuit: * comparator-offset-mc @ fs_mismatch_-40c_1.32v -- generated by sim/harness, do not edit

Doing analysis at TEMP = -40.000000 and TNOM = 27.000000

Using SPARSE 1.3 as Direct Linear Solver

No. of Data Rows : 6
voa = -8.411016309e-03
ddc = -2.173099368e-05
dde = 2.0295033615e-05
Reset re-loads circuit * comparator-offset-mc @ fs_mismatch_-40c_1.32v -- generated by sim/harness, do not edit

Circuit: * comparator-offset-mc @ fs_mismatch_-40c_1.32v -- generated by sim/harness, do not edit

Doing analysis at TEMP = -40.000000 and TNOM = 27.000000

Using SPARSE 1.3 as Direct Linear Solver

No. of Data Rows : 6
voa = -3.383486074e-03
ddc = -8.780575291e-06
dde = 6.8836949916e-06
Reset re-loads circuit * comparator-offset-mc @ fs_mismatch_-40c_1.32v -- generated by sim/harness, do not edit

Circuit: * comparator-offset-mc @ fs_mismatch_-40c_1.32v -- generated by sim/harness, do not edit

Doing analysis at TEMP = -40.000000 and TNOM = 27.000000

Using SPARSE 1.3 as Direct Linear Solver

No. of Data Rows : 6
voa = -2.524362973e-03
ddc = 1.9380936451e-06
dde = -1.728369521e-06
Reset re-loads circuit * comparator-offset-mc @ fs_mismatch_-40c_1.32v -- generated by sim/harness, do not edit

Circuit: * comparator-offset-mc @ fs_mismatch_-40c_1.32v -- generated by sim/harness, do not edit

Doing analysis at TEMP = -40.000000 and TNOM = 27.000000

Using SPARSE 1.3 as Direct Linear Solver

No. of Data Rows : 6
voa = -7.218421937e-03
ddc = -3.009160622e-05
dde = 2.7570679043e-05
Reset re-loads circuit * comparator-offset-mc @ fs_mismatch_-40c_1.32v -- generated by sim/harness, do not edit

Circuit: * comparator-offset-mc @ fs_mismatch_-40c_1.32v -- generated by sim/harness, do not edit

Doing analysis at TEMP = -40.000000 and TNOM = 27.000000

Using SPARSE 1.3 as Direct Linear Solver

No. of Data Rows : 6
voa = -6.527032676e-03
ddc = -8.466922045e-06
dde = 8.0002420711e-06
Reset re-loads circuit * comparator-offset-mc @ fs_mismatch_-40c_1.32v -- generated by sim/harness, do not edit

Circuit: * comparator-offset-mc @ fs_mismatch_-40c_1.32v -- generated by sim/harness, do not edit

Doing analysis at TEMP = -40.000000 and TNOM = 27.000000

Using SPARSE 1.3 as Direct Linear Solver

No. of Data Rows : 6
voa = 2.4929111445e-04
ddc = -7.767819850e-05
dde = 7.2202156157e-05
Reset re-loads circuit * comparator-offset-mc @ fs_mismatch_-40c_1.32v -- generated by sim/harness, do not edit

Circuit: * comparator-offset-mc @ fs_mismatch_-40c_1.32v -- generated by sim/harness, do not edit

Doing analysis at TEMP = -40.000000 and TNOM = 27.000000

Using SPARSE 1.3 as Direct Linear Solver

No. of Data Rows : 6
voa = -1.296939141e-03
ddc = -3.359704899e-05
dde = 3.0858106120e-05
Reset re-loads circuit * comparator-offset-mc @ fs_mismatch_-40c_1.32v -- generated by sim/harness, do not edit

Circuit: * comparator-offset-mc @ fs_mismatch_-40c_1.32v -- generated by sim/harness, do not edit

Doing analysis at TEMP = -40.000000 and TNOM = 27.000000

Using SPARSE 1.3 as Direct Linear Solver
 Reference value :  0.00000e+00
No. of Data Rows : 6
voa = -3.332754994e-03
ddc = -3.494716959e-05
dde = 3.1977364928e-05
Reset re-loads circuit * comparator-offset-mc @ fs_mismatch_-40c_1.32v -- generated by sim/harness, do not edit

Circuit: * comparator-offset-mc @ fs_mismatch_-40c_1.32v -- generated by sim/harness, do not edit

Doing analysis at TEMP = -40.000000 and TNOM = 27.000000

Using SPARSE 1.3 as Direct Linear Solver

No. of Data Rows : 6
voa = -5.734811703e-03
ddc = -1.809765593e-06
dde = 2.4154739544e-06
Reset re-loads circuit * comparator-offset-mc @ fs_mismatch_-40c_1.32v -- generated by sim/harness, do not edit

Circuit: * comparator-offset-mc @ fs_mismatch_-40c_1.32v -- generated by sim/harness, do not edit

Doing analysis at TEMP = -40.000000 and TNOM = 27.000000

Using SPARSE 1.3 as Direct Linear Solver

No. of Data Rows : 6
voa = 8.7181781069e-03
ddc = -8.478011353e-06
dde = 6.8920673695e-06
Reset re-loads circuit * comparator-offset-mc @ fs_mismatch_-40c_1.32v -- generated by sim/harness, do not edit

Circuit: * comparator-offset-mc @ fs_mismatch_-40c_1.32v -- generated by sim/harness, do not edit

Doing analysis at TEMP = -40.000000 and TNOM = 27.000000

Using SPARSE 1.3 as Direct Linear Solver

No. of Data Rows : 6
voa = -2.170092047e-04
ddc = 3.5547830472e-07
dde = -1.401674167e-06
Reset re-loads circuit * comparator-offset-mc @ fs_mismatch_-40c_1.32v -- generated by sim/harness, do not edit

Circuit: * comparator-offset-mc @ fs_mismatch_-40c_1.32v -- generated by sim/harness, do not edit

Doing analysis at TEMP = -40.000000 and TNOM = 27.000000

Using SPARSE 1.3 as Direct Linear Solver

No. of Data Rows : 6
voa = 2.4541467461e-03
ddc = 1.9517060957e-05
dde = -1.909558283e-05
Reset re-loads circuit * comparator-offset-mc @ fs_mismatch_-40c_1.32v -- generated by sim/harness, do not edit

Circuit: * comparator-offset-mc @ fs_mismatch_-40c_1.32v -- generated by sim/harness, do not edit

Doing analysis at TEMP = -40.000000 and TNOM = 27.000000

Using SPARSE 1.3 as Direct Linear Solver

No. of Data Rows : 6
voa = -2.818182865e-03
ddc = 5.2862943671e-05
dde = -4.713636023e-05
Reset re-loads circuit * comparator-offset-mc @ fs_mismatch_-40c_1.32v -- generated by sim/harness, do not edit

Circuit: * comparator-offset-mc @ fs_mismatch_-40c_1.32v -- generated by sim/harness, do not edit

Doing analysis at TEMP = -40.000000 and TNOM = 27.000000

Using SPARSE 1.3 as Direct Linear Solver

No. of Data Rows : 6
voa = -4.809645000e-04
ddc = 3.4723618124e-06
dde = -4.675375707e-06
Reset re-loads circuit * comparator-offset-mc @ fs_mismatch_-40c_1.32v -- generated by sim/harness, do not edit

Circuit: * comparator-offset-mc @ fs_mismatch_-40c_1.32v -- generated by sim/harness, do not edit

Doing analysis at TEMP = -40.000000 and TNOM = 27.000000

Using SPARSE 1.3 as Direct Linear Solver

No. of Data Rows : 6
voa = -8.423342730e-03
ddc = -4.540936302e-05
dde = 4.2380203140e-05
Reset re-loads circuit * comparator-offset-mc @ fs_mismatch_-40c_1.32v -- generated by sim/harness, do not edit

Circuit: * comparator-offset-mc @ fs_mismatch_-40c_1.32v -- generated by sim/harness, do not edit

Doing analysis at TEMP = -40.000000 and TNOM = 27.000000

Using SPARSE 1.3 as Direct Linear Solver

No. of Data Rows : 6
voa = -2.620769688e-03
ddc = -1.098013594e-05
dde = 1.0503060857e-05
Reset re-loads circuit * comparator-offset-mc @ fs_mismatch_-40c_1.32v -- generated by sim/harness, do not edit

Circuit: * comparator-offset-mc @ fs_mismatch_-40c_1.32v -- generated by sim/harness, do not edit

Doing analysis at TEMP = -40.000000 and TNOM = 27.000000

Using SPARSE 1.3 as Direct Linear Solver

No. of Data Rows : 6
voa = -4.862776750e-03
ddc = 2.0973287068e-05
dde = -1.983587963e-05
Reset re-loads circuit * comparator-offset-mc @ fs_mismatch_-40c_1.32v -- generated by sim/harness, do not edit

Circuit: * comparator-offset-mc @ fs_mismatch_-40c_1.32v -- generated by sim/harness, do not edit

Doing analysis at TEMP = -40.000000 and TNOM = 27.000000

Using SPARSE 1.3 as Direct Linear Solver

No. of Data Rows : 6
voa = -8.236345277e-04
ddc = 1.4795718944e-06
dde = 2.6187686130e-07
Reset re-loads circuit * comparator-offset-mc @ fs_mismatch_-40c_1.32v -- generated by sim/harness, do not edit

Circuit: * comparator-offset-mc @ fs_mismatch_-40c_1.32v -- generated by sim/harness, do not edit

Doing analysis at TEMP = -40.000000 and TNOM = 27.000000

Using SPARSE 1.3 as Direct Linear Solver

No. of Data Rows : 6
voa = 2.4393101648e-03
ddc = -1.249595751e-05
dde = 1.1600897778e-05
Reset re-loads circuit * comparator-offset-mc @ fs_mismatch_-40c_1.32v -- generated by sim/harness, do not edit

Circuit: * comparator-offset-mc @ fs_mismatch_-40c_1.32v -- generated by sim/harness, do not edit

Doing analysis at TEMP = -40.000000 and TNOM = 27.000000

Using SPARSE 1.3 as Direct Linear Solver

No. of Data Rows : 6
voa = -6.671042020e-03
ddc = 1.0391806267e-04
dde = -9.553076511e-05
Reset re-loads circuit * comparator-offset-mc @ fs_mismatch_-40c_1.32v -- generated by sim/harness, do not edit

Circuit: * comparator-offset-mc @ fs_mismatch_-40c_1.32v -- generated by sim/harness, do not edit

Doing analysis at TEMP = -40.000000 and TNOM = 27.000000

Using SPARSE 1.3 as Direct Linear Solver

No. of Data Rows : 6
voa = 6.2186943959e-04
ddc = -1.713761169e-05
dde = 1.5441196502e-05
Reset re-loads circuit * comparator-offset-mc @ fs_mismatch_-40c_1.32v -- generated by sim/harness, do not edit

Circuit: * comparator-offset-mc @ fs_mismatch_-40c_1.32v -- generated by sim/harness, do not edit

Doing analysis at TEMP = -40.000000 and TNOM = 27.000000

Using SPARSE 1.3 as Direct Linear Solver
 Reference value :  0.00000e+00
No. of Data Rows : 6
voa = -3.031203365e-03
ddc = -5.405434841e-05
dde = 5.0596202817e-05
Reset re-loads circuit * comparator-offset-mc @ fs_mismatch_-40c_1.32v -- generated by sim/harness, do not edit

Circuit: * comparator-offset-mc @ fs_mismatch_-40c_1.32v -- generated by sim/harness, do not edit

Doing analysis at TEMP = -40.000000 and TNOM = 27.000000

Using SPARSE 1.3 as Direct Linear Solver

No. of Data Rows : 6
voa = -3.855985565e-03
ddc = -1.415236903e-05
dde = 1.2214363426e-05
Reset re-loads circuit * comparator-offset-mc @ fs_mismatch_-40c_1.32v -- generated by sim/harness, do not edit

Circuit: * comparator-offset-mc @ fs_mismatch_-40c_1.32v -- generated by sim/harness, do not edit

Doing analysis at TEMP = -40.000000 and TNOM = 27.000000

Using SPARSE 1.3 as Direct Linear Solver

No. of Data Rows : 6
voa = -1.091289632e-03
ddc = -1.041120374e-05
dde = 1.0993757002e-05
Reset re-loads circuit * comparator-offset-mc @ fs_mismatch_-40c_1.32v -- generated by sim/harness, do not edit

Circuit: * comparator-offset-mc @ fs_mismatch_-40c_1.32v -- generated by sim/harness, do not edit

Doing analysis at TEMP = -40.000000 and TNOM = 27.000000

Using SPARSE 1.3 as Direct Linear Solver

No. of Data Rows : 6
voa = 1.2501379173e-03
ddc = -8.441343217e-05
dde = 7.7560169879e-05
Reset re-loads circuit * comparator-offset-mc @ fs_mismatch_-40c_1.32v -- generated by sim/harness, do not edit

Circuit: * comparator-offset-mc @ fs_mismatch_-40c_1.32v -- generated by sim/harness, do not edit

Doing analysis at TEMP = -40.000000 and TNOM = 27.000000

Using SPARSE 1.3 as Direct Linear Solver

No. of Data Rows : 6
voa = -4.933716900e-03
ddc = 5.7254787051e-06
dde = -5.335287423e-06
Reset re-loads circuit * comparator-offset-mc @ fs_mismatch_-40c_1.32v -- generated by sim/harness, do not edit

Circuit: * comparator-offset-mc @ fs_mismatch_-40c_1.32v -- generated by sim/harness, do not edit

Doing analysis at TEMP = -40.000000 and TNOM = 27.000000

Using SPARSE 1.3 as Direct Linear Solver

No. of Data Rows : 6
voa = -1.589254192e-03
ddc = -3.689761780e-05
dde = 3.4574978236e-05
Reset re-loads circuit * comparator-offset-mc @ fs_mismatch_-40c_1.32v -- generated by sim/harness, do not edit

Circuit: * comparator-offset-mc @ fs_mismatch_-40c_1.32v -- generated by sim/harness, do not edit

Doing analysis at TEMP = -40.000000 and TNOM = 27.000000

Using SPARSE 1.3 as Direct Linear Solver

No. of Data Rows : 6
voa = -9.643013118e-03
ddc = 2.8515960461e-05
dde = -2.633929677e-05
Reset re-loads circuit * comparator-offset-mc @ fs_mismatch_-40c_1.32v -- generated by sim/harness, do not edit

Circuit: * comparator-offset-mc @ fs_mismatch_-40c_1.32v -- generated by sim/harness, do not edit

Doing analysis at TEMP = -40.000000 and TNOM = 27.000000

Using SPARSE 1.3 as Direct Linear Solver

No. of Data Rows : 6
voa = -2.257577285e-03
ddc = 3.2599008987e-05
dde = -3.005099768e-05
Reset re-loads circuit * comparator-offset-mc @ fs_mismatch_-40c_1.32v -- generated by sim/harness, do not edit

Circuit: * comparator-offset-mc @ fs_mismatch_-40c_1.32v -- generated by sim/harness, do not edit

Doing analysis at TEMP = -40.000000 and TNOM = 27.000000

Using SPARSE 1.3 as Direct Linear Solver

No. of Data Rows : 6
voa = -1.961590583e-03
ddc = 8.4957470517e-05
dde = -7.770266223e-05
Reset re-loads circuit * comparator-offset-mc @ fs_mismatch_-40c_1.32v -- generated by sim/harness, do not edit

Circuit: * comparator-offset-mc @ fs_mismatch_-40c_1.32v -- generated by sim/harness, do not edit

Doing analysis at TEMP = -40.000000 and TNOM = 27.000000

Using SPARSE 1.3 as Direct Linear Solver

No. of Data Rows : 6
voa = 7.1239569394e-03
ddc = -2.785949756e-05
dde = 2.5758919373e-05
Reset re-loads circuit * comparator-offset-mc @ fs_mismatch_-40c_1.32v -- generated by sim/harness, do not edit

Circuit: * comparator-offset-mc @ fs_mismatch_-40c_1.32v -- generated by sim/harness, do not edit

Doing analysis at TEMP = -40.000000 and TNOM = 27.000000

Using SPARSE 1.3 as Direct Linear Solver

No. of Data Rows : 6
voa = -2.838345010e-04
ddc = -3.625231091e-05
dde = 3.4700397513e-05
Reset re-loads circuit * comparator-offset-mc @ fs_mismatch_-40c_1.32v -- generated by sim/harness, do not edit

Circuit: * comparator-offset-mc @ fs_mismatch_-40c_1.32v -- generated by sim/harness, do not edit

Doing analysis at TEMP = -40.000000 and TNOM = 27.000000

Using SPARSE 1.3 as Direct Linear Solver

No. of Data Rows : 6
voa = 1.3876232705e-03
ddc = -5.641368690e-05
dde = 5.1918094160e-05
Reset re-loads circuit * comparator-offset-mc @ fs_mismatch_-40c_1.32v -- generated by sim/harness, do not edit

Circuit: * comparator-offset-mc @ fs_mismatch_-40c_1.32v -- generated by sim/harness, do not edit

Doing analysis at TEMP = -40.000000 and TNOM = 27.000000

Using SPARSE 1.3 as Direct Linear Solver

No. of Data Rows : 6
voa = -2.641243404e-03
ddc = 2.5895960812e-05
dde = -2.468629421e-05
Reset re-loads circuit * comparator-offset-mc @ fs_mismatch_-40c_1.32v -- generated by sim/harness, do not edit

Circuit: * comparator-offset-mc @ fs_mismatch_-40c_1.32v -- generated by sim/harness, do not edit

Doing analysis at TEMP = -40.000000 and TNOM = 27.000000

Using SPARSE 1.3 as Direct Linear Solver

No. of Data Rows : 6
voa = -3.506421954e-04
ddc = 4.4594960709e-06
dde = -3.232747451e-06
Reset re-loads circuit * comparator-offset-mc @ fs_mismatch_-40c_1.32v -- generated by sim/harness, do not edit

Circuit: * comparator-offset-mc @ fs_mismatch_-40c_1.32v -- generated by sim/harness, do not edit

Doing analysis at TEMP = -40.000000 and TNOM = 27.000000

Using SPARSE 1.3 as Direct Linear Solver
 Reference value :  0.00000e+00
No. of Data Rows : 6
voa = -7.098101437e-04
ddc = 1.0306557638e-04
dde = -9.441184593e-05
Reset re-loads circuit * comparator-offset-mc @ fs_mismatch_-40c_1.32v -- generated by sim/harness, do not edit

Circuit: * comparator-offset-mc @ fs_mismatch_-40c_1.32v -- generated by sim/harness, do not edit

Doing analysis at TEMP = -40.000000 and TNOM = 27.000000

Using SPARSE 1.3 as Direct Linear Solver

No. of Data Rows : 6
voa = 5.3211198540e-03
ddc = -1.621347008e-05
dde = 1.5545124303e-05
Reset re-loads circuit * comparator-offset-mc @ fs_mismatch_-40c_1.32v -- generated by sim/harness, do not edit

Circuit: * comparator-offset-mc @ fs_mismatch_-40c_1.32v -- generated by sim/harness, do not edit

Doing analysis at TEMP = -40.000000 and TNOM = 27.000000

Using SPARSE 1.3 as Direct Linear Solver

No. of Data Rows : 6
voa = -1.778590101e-03
ddc = -1.594404261e-05
dde = 1.4624372141e-05
Reset re-loads circuit * comparator-offset-mc @ fs_mismatch_-40c_1.32v -- generated by sim/harness, do not edit

Circuit: * comparator-offset-mc @ fs_mismatch_-40c_1.32v -- generated by sim/harness, do not edit

Doing analysis at TEMP = -40.000000 and TNOM = 27.000000

Using SPARSE 1.3 as Direct Linear Solver

No. of Data Rows : 6
voa = 2.5849623242e-03
ddc = -1.202033626e-05
dde = 1.0625580745e-05
Reset re-loads circuit * comparator-offset-mc @ fs_mismatch_-40c_1.32v -- generated by sim/harness, do not edit

Circuit: * comparator-offset-mc @ fs_mismatch_-40c_1.32v -- generated by sim/harness, do not edit

Doing analysis at TEMP = -40.000000 and TNOM = 27.000000

Using SPARSE 1.3 as Direct Linear Solver

No. of Data Rows : 6
voa = 1.4084081842e-03
ddc = 3.0649098570e-05
dde = -3.036694441e-05
Reset re-loads circuit * comparator-offset-mc @ fs_mismatch_-40c_1.32v -- generated by sim/harness, do not edit

Circuit: * comparator-offset-mc @ fs_mismatch_-40c_1.32v -- generated by sim/harness, do not edit

Doing analysis at TEMP = -40.000000 and TNOM = 27.000000

Using SPARSE 1.3 as Direct Linear Solver

No. of Data Rows : 6
voa = -2.298991057e-03
ddc = 5.0017733446e-05
dde = -4.637828710e-05
Reset re-loads circuit * comparator-offset-mc @ fs_mismatch_-40c_1.32v -- generated by sim/harness, do not edit

Circuit: * comparator-offset-mc @ fs_mismatch_-40c_1.32v -- generated by sim/harness, do not edit

Doing analysis at TEMP = -40.000000 and TNOM = 27.000000

Using SPARSE 1.3 as Direct Linear Solver

No. of Data Rows : 6
voa = -3.630206841e-04
ddc = -5.166180398e-05
dde = 4.7216454494e-05
Reset re-loads circuit * comparator-offset-mc @ fs_mismatch_-40c_1.32v -- generated by sim/harness, do not edit

Circuit: * comparator-offset-mc @ fs_mismatch_-40c_1.32v -- generated by sim/harness, do not edit

Doing analysis at TEMP = -40.000000 and TNOM = 27.000000

Using SPARSE 1.3 as Direct Linear Solver

No. of Data Rows : 6
voa = -2.408912714e-03
ddc = -2.258129799e-05
dde = 2.0280081339e-05
Reset re-loads circuit * comparator-offset-mc @ fs_mismatch_-40c_1.32v -- generated by sim/harness, do not edit

Circuit: * comparator-offset-mc @ fs_mismatch_-40c_1.32v -- generated by sim/harness, do not edit

Doing analysis at TEMP = -40.000000 and TNOM = 27.000000

Using SPARSE 1.3 as Direct Linear Solver

No. of Data Rows : 6
voa = 1.3947451689e-03
ddc = 3.5561402435e-05
dde = -3.252146702e-05
Reset re-loads circuit * comparator-offset-mc @ fs_mismatch_-40c_1.32v -- generated by sim/harness, do not edit

Circuit: * comparator-offset-mc @ fs_mismatch_-40c_1.32v -- generated by sim/harness, do not edit

Doing analysis at TEMP = -40.000000 and TNOM = 27.000000

Using SPARSE 1.3 as Direct Linear Solver

No. of Data Rows : 6
voa = 7.2839357519e-04
ddc = -5.889262858e-05
dde = 5.2416671169e-05
Reset re-loads circuit * comparator-offset-mc @ fs_mismatch_-40c_1.32v -- generated by sim/harness, do not edit

Circuit: * comparator-offset-mc @ fs_mismatch_-40c_1.32v -- generated by sim/harness, do not edit

Doing analysis at TEMP = -40.000000 and TNOM = 27.000000

Using SPARSE 1.3 as Direct Linear Solver

No. of Data Rows : 6
voa = -1.769282501e-03
ddc = -8.199773523e-05
dde = 7.7207406114e-05
Reset re-loads circuit * comparator-offset-mc @ fs_mismatch_-40c_1.32v -- generated by sim/harness, do not edit

Circuit: * comparator-offset-mc @ fs_mismatch_-40c_1.32v -- generated by sim/harness, do not edit

Doing analysis at TEMP = -40.000000 and TNOM = 27.000000

Using SPARSE 1.3 as Direct Linear Solver

No. of Data Rows : 6
voa = 2.0768114393e-03
ddc = 2.0308567978e-05
dde = -1.974815884e-05
Reset re-loads circuit * comparator-offset-mc @ fs_mismatch_-40c_1.32v -- generated by sim/harness, do not edit

Circuit: * comparator-offset-mc @ fs_mismatch_-40c_1.32v -- generated by sim/harness, do not edit

Doing analysis at TEMP = -40.000000 and TNOM = 27.000000

Using SPARSE 1.3 as Direct Linear Solver

No. of Data Rows : 6
voa = 9.1521476891e-03
ddc = -1.001798923e-04
dde = 9.4200379316e-05
Reset re-loads circuit * comparator-offset-mc @ fs_mismatch_-40c_1.32v -- generated by sim/harness, do not edit

Circuit: * comparator-offset-mc @ fs_mismatch_-40c_1.32v -- generated by sim/harness, do not edit

Doing analysis at TEMP = -40.000000 and TNOM = 27.000000

Using SPARSE 1.3 as Direct Linear Solver

No. of Data Rows : 6
voa = 8.7753518124e-04
ddc = 4.7081678688e-05
dde = -4.317454122e-05
Reset re-loads circuit * comparator-offset-mc @ fs_mismatch_-40c_1.32v -- generated by sim/harness, do not edit

Circuit: * comparator-offset-mc @ fs_mismatch_-40c_1.32v -- generated by sim/harness, do not edit

Doing analysis at TEMP = -40.000000 and TNOM = 27.000000

Using SPARSE 1.3 as Direct Linear Solver
 Reference value :  0.00000e+00
No. of Data Rows : 6
voa = -1.641518142e-03
ddc = -8.717116419e-05
dde = 7.9419816098e-05
Reset re-loads circuit * comparator-offset-mc @ fs_mismatch_-40c_1.32v -- generated by sim/harness, do not edit

Circuit: * comparator-offset-mc @ fs_mismatch_-40c_1.32v -- generated by sim/harness, do not edit

Doing analysis at TEMP = -40.000000 and TNOM = 27.000000

Using SPARSE 1.3 as Direct Linear Solver

No. of Data Rows : 6
voa = 8.0166241893e-03
ddc = -1.017823716e-05
dde = 9.4789355431e-06
Reset re-loads circuit * comparator-offset-mc @ fs_mismatch_-40c_1.32v -- generated by sim/harness, do not edit

Circuit: * comparator-offset-mc @ fs_mismatch_-40c_1.32v -- generated by sim/harness, do not edit

Doing analysis at TEMP = -40.000000 and TNOM = 27.000000

Using SPARSE 1.3 as Direct Linear Solver

No. of Data Rows : 6
voa = -7.454957583e-04
ddc = 3.4769935781e-05
dde = -3.157720615e-05
Reset re-loads circuit * comparator-offset-mc @ fs_mismatch_-40c_1.32v -- generated by sim/harness, do not edit

Circuit: * comparator-offset-mc @ fs_mismatch_-40c_1.32v -- generated by sim/harness, do not edit

Doing analysis at TEMP = -40.000000 and TNOM = 27.000000

Using SPARSE 1.3 as Direct Linear Solver

No. of Data Rows : 6
voa = -5.241425775e-03
ddc = 3.0895831591e-05
dde = -2.889322771e-05
Reset re-loads circuit * comparator-offset-mc @ fs_mismatch_-40c_1.32v -- generated by sim/harness, do not edit

Circuit: * comparator-offset-mc @ fs_mismatch_-40c_1.32v -- generated by sim/harness, do not edit

Doing analysis at TEMP = -40.000000 and TNOM = 27.000000

Using SPARSE 1.3 as Direct Linear Solver

No. of Data Rows : 6
voa = 3.6326860925e-03
ddc = -2.381179450e-05
dde = 2.1944530236e-05
Reset re-loads circuit * comparator-offset-mc @ fs_mismatch_-40c_1.32v -- generated by sim/harness, do not edit

Circuit: * comparator-offset-mc @ fs_mismatch_-40c_1.32v -- generated by sim/harness, do not edit

Doing analysis at TEMP = -40.000000 and TNOM = 27.000000

Using SPARSE 1.3 as Direct Linear Solver

No. of Data Rows : 6
voa = -5.373323411e-03
ddc = -5.708596143e-05
dde = 5.2678354940e-05
Reset re-loads circuit * comparator-offset-mc @ fs_mismatch_-40c_1.32v -- generated by sim/harness, do not edit

Circuit: * comparator-offset-mc @ fs_mismatch_-40c_1.32v -- generated by sim/harness, do not edit

Doing analysis at TEMP = -40.000000 and TNOM = 27.000000

Using SPARSE 1.3 as Direct Linear Solver

No. of Data Rows : 6
voa = -3.762288341e-03
ddc = 9.5848736123e-05
dde = -8.918440213e-05
Reset re-loads circuit * comparator-offset-mc @ fs_mismatch_-40c_1.32v -- generated by sim/harness, do not edit

Circuit: * comparator-offset-mc @ fs_mismatch_-40c_1.32v -- generated by sim/harness, do not edit

Doing analysis at TEMP = -40.000000 and TNOM = 27.000000

Using SPARSE 1.3 as Direct Linear Solver

No. of Data Rows : 6
voa = -4.827954241e-04
ddc = -2.123381864e-05
dde = 1.9214993385e-05
Reset re-loads circuit * comparator-offset-mc @ fs_mismatch_-40c_1.32v -- generated by sim/harness, do not edit

Circuit: * comparator-offset-mc @ fs_mismatch_-40c_1.32v -- generated by sim/harness, do not edit

Doing analysis at TEMP = -40.000000 and TNOM = 27.000000

Using SPARSE 1.3 as Direct Linear Solver

No. of Data Rows : 6
voa = -7.006238862e-03
ddc = -8.594815236e-06
dde = 8.7281060021e-06
Reset re-loads circuit * comparator-offset-mc @ fs_mismatch_-40c_1.32v -- generated by sim/harness, do not edit

Circuit: * comparator-offset-mc @ fs_mismatch_-40c_1.32v -- generated by sim/harness, do not edit

Doing analysis at TEMP = -40.000000 and TNOM = 27.000000

Using SPARSE 1.3 as Direct Linear Solver

No. of Data Rows : 6
voa = -2.713749121e-03
ddc = 5.1777277647e-05
dde = -4.883443042e-05
Reset re-loads circuit * comparator-offset-mc @ fs_mismatch_-40c_1.32v -- generated by sim/harness, do not edit

Circuit: * comparator-offset-mc @ fs_mismatch_-40c_1.32v -- generated by sim/harness, do not edit

Doing analysis at TEMP = -40.000000 and TNOM = 27.000000

Using SPARSE 1.3 as Direct Linear Solver

No. of Data Rows : 6
voa = -8.038958656e-03
ddc = 8.4671402779e-06
dde = -6.907675212e-06
Reset re-loads circuit * comparator-offset-mc @ fs_mismatch_-40c_1.32v -- generated by sim/harness, do not edit

Circuit: * comparator-offset-mc @ fs_mismatch_-40c_1.32v -- generated by sim/harness, do not edit

Doing analysis at TEMP = -40.000000 and TNOM = 27.000000

Using SPARSE 1.3 as Direct Linear Solver

No. of Data Rows : 6
voa = -2.570178286e-03
ddc = -1.089215729e-05
dde = 1.0001254167e-05
Reset re-loads circuit * comparator-offset-mc @ fs_mismatch_-40c_1.32v -- generated by sim/harness, do not edit

Circuit: * comparator-offset-mc @ fs_mismatch_-40c_1.32v -- generated by sim/harness, do not edit

Doing analysis at TEMP = -40.000000 and TNOM = 27.000000

Using SPARSE 1.3 as Direct Linear Solver

No. of Data Rows : 6
voa = -2.774953394e-03
ddc = -5.880245233e-06
dde = 4.8162070024e-06
Reset re-loads circuit * comparator-offset-mc @ fs_mismatch_-40c_1.32v -- generated by sim/harness, do not edit

Circuit: * comparator-offset-mc @ fs_mismatch_-40c_1.32v -- generated by sim/harness, do not edit

Doing analysis at TEMP = -40.000000 and TNOM = 27.000000

Using SPARSE 1.3 as Direct Linear Solver

No. of Data Rows : 6
voa = -3.184803403e-03
ddc = 8.6268648682e-05
dde = -7.905758815e-05
Reset re-loads circuit * comparator-offset-mc @ fs_mismatch_-40c_1.32v -- generated by sim/harness, do not edit

Circuit: * comparator-offset-mc @ fs_mismatch_-40c_1.32v -- generated by sim/harness, do not edit

Doing analysis at TEMP = -40.000000 and TNOM = 27.000000

Using SPARSE 1.3 as Direct Linear Solver
 Reference value :  0.00000e+00
No. of Data Rows : 6
voa = 4.9530220905e-04
ddc = -5.699762491e-05
dde = 5.1552064269e-05
Reset re-loads circuit * comparator-offset-mc @ fs_mismatch_-40c_1.32v -- generated by sim/harness, do not edit

Circuit: * comparator-offset-mc @ fs_mismatch_-40c_1.32v -- generated by sim/harness, do not edit

Doing analysis at TEMP = -40.000000 and TNOM = 27.000000

Using SPARSE 1.3 as Direct Linear Solver

No. of Data Rows : 6
voa = -3.213477412e-03
ddc = 4.1591547492e-05
dde = -3.856640648e-05
Reset re-loads circuit * comparator-offset-mc @ fs_mismatch_-40c_1.32v -- generated by sim/harness, do not edit

Circuit: * comparator-offset-mc @ fs_mismatch_-40c_1.32v -- generated by sim/harness, do not edit

Doing analysis at TEMP = -40.000000 and TNOM = 27.000000

Using SPARSE 1.3 as Direct Linear Solver

No. of Data Rows : 6
voa = -6.825147103e-04
ddc = -5.734703250e-05
dde = 5.2255695910e-05
Reset re-loads circuit * comparator-offset-mc @ fs_mismatch_-40c_1.32v -- generated by sim/harness, do not edit

Circuit: * comparator-offset-mc @ fs_mismatch_-40c_1.32v -- generated by sim/harness, do not edit

Doing analysis at TEMP = -40.000000 and TNOM = 27.000000

Using SPARSE 1.3 as Direct Linear Solver

No. of Data Rows : 6
voa = -2.112799732e-03
ddc = 2.9098313611e-05
dde = -2.666925072e-05
Reset re-loads circuit * comparator-offset-mc @ fs_mismatch_-40c_1.32v -- generated by sim/harness, do not edit

Circuit: * comparator-offset-mc @ fs_mismatch_-40c_1.32v -- generated by sim/harness, do not edit

Doing analysis at TEMP = -40.000000 and TNOM = 27.000000

Using SPARSE 1.3 as Direct Linear Solver

No. of Data Rows : 6
voa = 5.3665236036e-03
ddc = 1.2686853619e-05
dde = -1.161823040e-05
Reset re-loads circuit * comparator-offset-mc @ fs_mismatch_-40c_1.32v -- generated by sim/harness, do not edit

Circuit: * comparator-offset-mc @ fs_mismatch_-40c_1.32v -- generated by sim/harness, do not edit

Doing analysis at TEMP = -40.000000 and TNOM = 27.000000

Using SPARSE 1.3 as Direct Linear Solver

No. of Data Rows : 6
voa = 4.0974438126e-03
ddc = -4.879930911e-05
dde = 4.6436096488e-05
Reset re-loads circuit * comparator-offset-mc @ fs_mismatch_-40c_1.32v -- generated by sim/harness, do not edit

Circuit: * comparator-offset-mc @ fs_mismatch_-40c_1.32v -- generated by sim/harness, do not edit

Doing analysis at TEMP = -40.000000 and TNOM = 27.000000

Using SPARSE 1.3 as Direct Linear Solver

No. of Data Rows : 6
voa = 2.6794177890e-03
ddc = -8.017371442e-05
dde = 7.4831849953e-05
Reset re-loads circuit * comparator-offset-mc @ fs_mismatch_-40c_1.32v -- generated by sim/harness, do not edit

Circuit: * comparator-offset-mc @ fs_mismatch_-40c_1.32v -- generated by sim/harness, do not edit

Doing analysis at TEMP = -40.000000 and TNOM = 27.000000

Using SPARSE 1.3 as Direct Linear Solver

No. of Data Rows : 6
voa = -2.376524796e-03
ddc = -5.014811944e-05
dde = 4.6344983022e-05
Reset re-loads circuit * comparator-offset-mc @ fs_mismatch_-40c_1.32v -- generated by sim/harness, do not edit

Circuit: * comparator-offset-mc @ fs_mismatch_-40c_1.32v -- generated by sim/harness, do not edit

Doing analysis at TEMP = -40.000000 and TNOM = 27.000000

Using SPARSE 1.3 as Direct Linear Solver

No. of Data Rows : 6
voa = -1.340597791e-03
ddc = 1.6228075221e-05
dde = -1.344568837e-05
Reset re-loads circuit * comparator-offset-mc @ fs_mismatch_-40c_1.32v -- generated by sim/harness, do not edit

Circuit: * comparator-offset-mc @ fs_mismatch_-40c_1.32v -- generated by sim/harness, do not edit

Doing analysis at TEMP = -40.000000 and TNOM = 27.000000

Using SPARSE 1.3 as Direct Linear Solver

No. of Data Rows : 6
voa = -8.622393754e-04
ddc = -5.163571337e-07
dde = 1.0752256153e-06
Reset re-loads circuit * comparator-offset-mc @ fs_mismatch_-40c_1.32v -- generated by sim/harness, do not edit

Circuit: * comparator-offset-mc @ fs_mismatch_-40c_1.32v -- generated by sim/harness, do not edit

Doing analysis at TEMP = -40.000000 and TNOM = 27.000000

Using SPARSE 1.3 as Direct Linear Solver

No. of Data Rows : 6
voa = -4.247179032e-03
ddc = 8.9131265117e-05
dde = -8.359434941e-05
Reset re-loads circuit * comparator-offset-mc @ fs_mismatch_-40c_1.32v -- generated by sim/harness, do not edit

Circuit: * comparator-offset-mc @ fs_mismatch_-40c_1.32v -- generated by sim/harness, do not edit

Doing analysis at TEMP = -40.000000 and TNOM = 27.000000

Using SPARSE 1.3 as Direct Linear Solver

No. of Data Rows : 6
voa = 3.6788999120e-04
ddc = 4.6188307621e-06
dde = -2.055920900e-06
Reset re-loads circuit * comparator-offset-mc @ fs_mismatch_-40c_1.32v -- generated by sim/harness, do not edit

Circuit: * comparator-offset-mc @ fs_mismatch_-40c_1.32v -- generated by sim/harness, do not edit

Doing analysis at TEMP = -40.000000 and TNOM = 27.000000

Using SPARSE 1.3 as Direct Linear Solver

No. of Data Rows : 6
voa = -5.103212886e-03
ddc = 7.0553639387e-06
dde = -6.389505012e-06
Reset re-loads circuit * comparator-offset-mc @ fs_mismatch_-40c_1.32v -- generated by sim/harness, do not edit

Circuit: * comparator-offset-mc @ fs_mismatch_-40c_1.32v -- generated by sim/harness, do not edit

Doing analysis at TEMP = -40.000000 and TNOM = 27.000000

Using SPARSE 1.3 as Direct Linear Solver
 Reference value :  0.00000e+00
No. of Data Rows : 6
voa = -5.981990264e-03
ddc = 8.1540909329e-06
dde = -6.599615285e-06
Reset re-loads circuit * comparator-offset-mc @ fs_mismatch_-40c_1.32v -- generated by sim/harness, do not edit

Circuit: * comparator-offset-mc @ fs_mismatch_-40c_1.32v -- generated by sim/harness, do not edit

Doing analysis at TEMP = -40.000000 and TNOM = 27.000000

Using SPARSE 1.3 as Direct Linear Solver

No. of Data Rows : 6
voa = -1.692778529e-03
ddc = 4.7805692285e-05
dde = -4.479511663e-05
Reset re-loads circuit * comparator-offset-mc @ fs_mismatch_-40c_1.32v -- generated by sim/harness, do not edit

Circuit: * comparator-offset-mc @ fs_mismatch_-40c_1.32v -- generated by sim/harness, do not edit

Doing analysis at TEMP = -40.000000 and TNOM = 27.000000

Using SPARSE 1.3 as Direct Linear Solver

No. of Data Rows : 6
voa = 3.1648793895e-04
ddc = 1.0774387282e-05
dde = -1.050242353e-05
Reset re-loads circuit * comparator-offset-mc @ fs_mismatch_-40c_1.32v -- generated by sim/harness, do not edit

Circuit: * comparator-offset-mc @ fs_mismatch_-40c_1.32v -- generated by sim/harness, do not edit

Doing analysis at TEMP = -40.000000 and TNOM = 27.000000

Using SPARSE 1.3 as Direct Linear Solver

No. of Data Rows : 6
voa = -3.464073733e-03
ddc = 9.8325553957e-06
dde = -9.030441963e-06
Reset re-loads circuit * comparator-offset-mc @ fs_mismatch_-40c_1.32v -- generated by sim/harness, do not edit

Circuit: * comparator-offset-mc @ fs_mismatch_-40c_1.32v -- generated by sim/harness, do not edit

Doing analysis at TEMP = -40.000000 and TNOM = 27.000000

Using SPARSE 1.3 as Direct Linear Solver

No. of Data Rows : 6
voa = 6.8150957052e-04
ddc = -2.398859524e-05
dde = 2.2142416231e-05
Reset re-loads circuit * comparator-offset-mc @ fs_mismatch_-40c_1.32v -- generated by sim/harness, do not edit

Circuit: * comparator-offset-mc @ fs_mismatch_-40c_1.32v -- generated by sim/harness, do not edit

Doing analysis at TEMP = -40.000000 and TNOM = 27.000000

Using SPARSE 1.3 as Direct Linear Solver

No. of Data Rows : 6
voa = -2.604972121e-04
ddc = -1.905322599e-06
dde = 2.6912128752e-06
Reset re-loads circuit * comparator-offset-mc @ fs_mismatch_-40c_1.32v -- generated by sim/harness, do not edit

Circuit: * comparator-offset-mc @ fs_mismatch_-40c_1.32v -- generated by sim/harness, do not edit

Doing analysis at TEMP = -40.000000 and TNOM = 27.000000

Using SPARSE 1.3 as Direct Linear Solver

No. of Data Rows : 6
voa = -3.126117596e-03
ddc = -3.048773979e-05
dde = 2.8777907976e-05
Reset re-loads circuit * comparator-offset-mc @ fs_mismatch_-40c_1.32v -- generated by sim/harness, do not edit

Circuit: * comparator-offset-mc @ fs_mismatch_-40c_1.32v -- generated by sim/harness, do not edit

Doing analysis at TEMP = -40.000000 and TNOM = 27.000000

Using SPARSE 1.3 as Direct Linear Solver

No. of Data Rows : 6
voa = -7.516774339e-03
ddc = 3.9174040316e-05
dde = -3.754462567e-05
Reset re-loads circuit * comparator-offset-mc @ fs_mismatch_-40c_1.32v -- generated by sim/harness, do not edit

Circuit: * comparator-offset-mc @ fs_mismatch_-40c_1.32v -- generated by sim/harness, do not edit

Doing analysis at TEMP = -40.000000 and TNOM = 27.000000

Using SPARSE 1.3 as Direct Linear Solver

No. of Data Rows : 6
voa = 1.8127344830e-03
ddc = -2.559362110e-05
dde = 2.3460075290e-05
Reset re-loads circuit * comparator-offset-mc @ fs_mismatch_-40c_1.32v -- generated by sim/harness, do not edit

Circuit: * comparator-offset-mc @ fs_mismatch_-40c_1.32v -- generated by sim/harness, do not edit

Doing analysis at TEMP = -40.000000 and TNOM = 27.000000

Using SPARSE 1.3 as Direct Linear Solver

No. of Data Rows : 6
voa = -7.354648896e-03
ddc = -2.997478761e-05
dde = 2.8237783618e-05
Reset re-loads circuit * comparator-offset-mc @ fs_mismatch_-40c_1.32v -- generated by sim/harness, do not edit

Circuit: * comparator-offset-mc @ fs_mismatch_-40c_1.32v -- generated by sim/harness, do not edit

Doing analysis at TEMP = -40.000000 and TNOM = 27.000000

Using SPARSE 1.3 as Direct Linear Solver

No. of Data Rows : 6
voa = 1.1535189957e-03
ddc = -8.268717784e-06
dde = 7.7817343180e-06
Reset re-loads circuit * comparator-offset-mc @ fs_mismatch_-40c_1.32v -- generated by sim/harness, do not edit

Circuit: * comparator-offset-mc @ fs_mismatch_-40c_1.32v -- generated by sim/harness, do not edit

Doing analysis at TEMP = -40.000000 and TNOM = 27.000000

Using SPARSE 1.3 as Direct Linear Solver

No. of Data Rows : 6
voa = 3.1789903853e-03
ddc = -7.200349870e-05
dde = 6.7502107918e-05
Reset re-loads circuit * comparator-offset-mc @ fs_mismatch_-40c_1.32v -- generated by sim/harness, do not edit

Circuit: * comparator-offset-mc @ fs_mismatch_-40c_1.32v -- generated by sim/harness, do not edit

Doing analysis at TEMP = -40.000000 and TNOM = 27.000000

Using SPARSE 1.3 as Direct Linear Solver

No. of Data Rows : 6
voa = -3.991518171e-03
ddc = 1.3749579556e-05
dde = -1.303393274e-05
Reset re-loads circuit * comparator-offset-mc @ fs_mismatch_-40c_1.32v -- generated by sim/harness, do not edit

Circuit: * comparator-offset-mc @ fs_mismatch_-40c_1.32v -- generated by sim/harness, do not edit

Doing analysis at TEMP = -40.000000 and TNOM = 27.000000

Using SPARSE 1.3 as Direct Linear Solver

No. of Data Rows : 6
voa = -3.213287214e-03
ddc = -7.513258098e-05
dde = 6.9682762609e-05
Reset re-loads circuit * comparator-offset-mc @ fs_mismatch_-40c_1.32v -- generated by sim/harness, do not edit

Circuit: * comparator-offset-mc @ fs_mismatch_-40c_1.32v -- generated by sim/harness, do not edit

Doing analysis at TEMP = -40.000000 and TNOM = 27.000000

Using SPARSE 1.3 as Direct Linear Solver
 Reference value :  0.00000e+00
No. of Data Rows : 6
voa = -1.826709914e-03
ddc = 1.2412342931e-04
dde = -1.150225410e-04
Reset re-loads circuit * comparator-offset-mc @ fs_mismatch_-40c_1.32v -- generated by sim/harness, do not edit

Circuit: * comparator-offset-mc @ fs_mismatch_-40c_1.32v -- generated by sim/harness, do not edit

Doing analysis at TEMP = -40.000000 and TNOM = 27.000000

Using SPARSE 1.3 as Direct Linear Solver

No. of Data Rows : 6
voa = 2.3742824497e-03
ddc = -1.167131659e-06
dde = 2.1730319026e-06
Reset re-loads circuit * comparator-offset-mc @ fs_mismatch_-40c_1.32v -- generated by sim/harness, do not edit

Circuit: * comparator-offset-mc @ fs_mismatch_-40c_1.32v -- generated by sim/harness, do not edit

Doing analysis at TEMP = -40.000000 and TNOM = 27.000000

Using SPARSE 1.3 as Direct Linear Solver

No. of Data Rows : 6
voa = 1.1502840756e-03
ddc = 2.2524996063e-05
dde = -2.041797841e-05
Reset re-loads circuit * comparator-offset-mc @ fs_mismatch_-40c_1.32v -- generated by sim/harness, do not edit

Circuit: * comparator-offset-mc @ fs_mismatch_-40c_1.32v -- generated by sim/harness, do not edit

Doing analysis at TEMP = -40.000000 and TNOM = 27.000000

Using SPARSE 1.3 as Direct Linear Solver

No. of Data Rows : 6
voa = 5.1558297212e-03
ddc = -6.149518825e-06
dde = 4.3047605137e-06
Reset re-loads circuit * comparator-offset-mc @ fs_mismatch_-40c_1.32v -- generated by sim/harness, do not edit

Circuit: * comparator-offset-mc @ fs_mismatch_-40c_1.32v -- generated by sim/harness, do not edit

Doing analysis at TEMP = -40.000000 and TNOM = 27.000000

Using SPARSE 1.3 as Direct Linear Solver

No. of Data Rows : 6
voa = 3.4033849845e-03
ddc = -7.939843584e-06
dde = 5.8575809216e-06
Reset re-loads circuit * comparator-offset-mc @ fs_mismatch_-40c_1.32v -- generated by sim/harness, do not edit

Circuit: * comparator-offset-mc @ fs_mismatch_-40c_1.32v -- generated by sim/harness, do not edit

Doing analysis at TEMP = -40.000000 and TNOM = 27.000000

Using SPARSE 1.3 as Direct Linear Solver

No. of Data Rows : 6
voa = -1.920848112e-03
ddc = 8.4526534939e-06
dde = -7.906705524e-06
Reset re-loads circuit * comparator-offset-mc @ fs_mismatch_-40c_1.32v -- generated by sim/harness, do not edit

Circuit: * comparator-offset-mc @ fs_mismatch_-40c_1.32v -- generated by sim/harness, do not edit

Doing analysis at TEMP = -40.000000 and TNOM = 27.000000

Using SPARSE 1.3 as Direct Linear Solver

No. of Data Rows : 6
voa = 3.5871629448e-03
ddc = 4.4874696664e-05
dde = -4.191061455e-05
Reset re-loads circuit * comparator-offset-mc @ fs_mismatch_-40c_1.32v -- generated by sim/harness, do not edit

Circuit: * comparator-offset-mc @ fs_mismatch_-40c_1.32v -- generated by sim/harness, do not edit

Doing analysis at TEMP = -40.000000 and TNOM = 27.000000

Using SPARSE 1.3 as Direct Linear Solver

No. of Data Rows : 6
voa = -4.963065905e-03
ddc = -2.622284465e-05
dde = 2.4786363559e-05
Reset re-loads circuit * comparator-offset-mc @ fs_mismatch_-40c_1.32v -- generated by sim/harness, do not edit

Circuit: * comparator-offset-mc @ fs_mismatch_-40c_1.32v -- generated by sim/harness, do not edit

Doing analysis at TEMP = -40.000000 and TNOM = 27.000000

Using SPARSE 1.3 as Direct Linear Solver

No. of Data Rows : 6
voa = 1.2163753256e-03
ddc = -9.689114805e-05
dde = 8.9819123667e-05
Reset re-loads circuit * comparator-offset-mc @ fs_mismatch_-40c_1.32v -- generated by sim/harness, do not edit

Circuit: * comparator-offset-mc @ fs_mismatch_-40c_1.32v -- generated by sim/harness, do not edit

Doing analysis at TEMP = -40.000000 and TNOM = 27.000000

Using SPARSE 1.3 as Direct Linear Solver

No. of Data Rows : 6
voa = 4.7554032300e-03
ddc = -5.965585608e-05
dde = 5.4521385618e-05
Reset re-loads circuit * comparator-offset-mc @ fs_mismatch_-40c_1.32v -- generated by sim/harness, do not edit

Circuit: * comparator-offset-mc @ fs_mismatch_-40c_1.32v -- generated by sim/harness, do not edit

Doing analysis at TEMP = -40.000000 and TNOM = 27.000000

Using SPARSE 1.3 as Direct Linear Solver

No. of Data Rows : 6
voa = -9.696223768e-04
ddc = -5.646259745e-05
dde = 5.2327266109e-05
Reset re-loads circuit * comparator-offset-mc @ fs_mismatch_-40c_1.32v -- generated by sim/harness, do not edit

Circuit: * comparator-offset-mc @ fs_mismatch_-40c_1.32v -- generated by sim/harness, do not edit

Doing analysis at TEMP = -40.000000 and TNOM = 27.000000

Using SPARSE 1.3 as Direct Linear Solver

No. of Data Rows : 6
voa = 8.7780620162e-03
ddc = -3.086483700e-05
dde = 2.7762799043e-05
Reset re-loads circuit * comparator-offset-mc @ fs_mismatch_-40c_1.32v -- generated by sim/harness, do not edit

Circuit: * comparator-offset-mc @ fs_mismatch_-40c_1.32v -- generated by sim/harness, do not edit

Doing analysis at TEMP = -40.000000 and TNOM = 27.000000

Using SPARSE 1.3 as Direct Linear Solver

No. of Data Rows : 6
voa = -7.574721876e-04
ddc = -1.617983620e-05
dde = 1.4548775806e-05
Reset re-loads circuit * comparator-offset-mc @ fs_mismatch_-40c_1.32v -- generated by sim/harness, do not edit

Circuit: * comparator-offset-mc @ fs_mismatch_-40c_1.32v -- generated by sim/harness, do not edit

Doing analysis at TEMP = -40.000000 and TNOM = 27.000000

Using SPARSE 1.3 as Direct Linear Solver
 Reference value :  0.00000e+00
No. of Data Rows : 6
voa = -7.797246235e-04
ddc = -2.749583467e-05
dde = 2.5376870896e-05
Reset re-loads circuit * comparator-offset-mc @ fs_mismatch_-40c_1.32v -- generated by sim/harness, do not edit

Circuit: * comparator-offset-mc @ fs_mismatch_-40c_1.32v -- generated by sim/harness, do not edit

Doing analysis at TEMP = -40.000000 and TNOM = 27.000000

Using SPARSE 1.3 as Direct Linear Solver

No. of Data Rows : 6
voa = 4.3345211221e-03
ddc = -8.348917734e-05
dde = 7.6303285248e-05
Reset re-loads circuit * comparator-offset-mc @ fs_mismatch_-40c_1.32v -- generated by sim/harness, do not edit

Circuit: * comparator-offset-mc @ fs_mismatch_-40c_1.32v -- generated by sim/harness, do not edit

Doing analysis at TEMP = -40.000000 and TNOM = 27.000000

Using SPARSE 1.3 as Direct Linear Solver

No. of Data Rows : 6
voa = 6.0155228838e-04
ddc = -6.460631393e-05
dde = 5.9683883218e-05
Reset re-loads circuit * comparator-offset-mc @ fs_mismatch_-40c_1.32v -- generated by sim/harness, do not edit

Circuit: * comparator-offset-mc @ fs_mismatch_-40c_1.32v -- generated by sim/harness, do not edit

Doing analysis at TEMP = -40.000000 and TNOM = 27.000000

Using SPARSE 1.3 as Direct Linear Solver

No. of Data Rows : 6
voa = 6.5184268561e-03
ddc = -6.805276809e-05
dde = 6.2083733937e-05
Reset re-loads circuit * comparator-offset-mc @ fs_mismatch_-40c_1.32v -- generated by sim/harness, do not edit

Circuit: * comparator-offset-mc @ fs_mismatch_-40c_1.32v -- generated by sim/harness, do not edit

Doing analysis at TEMP = -40.000000 and TNOM = 27.000000

Using SPARSE 1.3 as Direct Linear Solver

No. of Data Rows : 6
voa = -4.506661954e-04
ddc = 7.9113795666e-05
dde = -7.293690413e-05
Reset re-loads circuit * comparator-offset-mc @ fs_mismatch_-40c_1.32v -- generated by sim/harness, do not edit

Circuit: * comparator-offset-mc @ fs_mismatch_-40c_1.32v -- generated by sim/harness, do not edit

Doing analysis at TEMP = -40.000000 and TNOM = 27.000000

Using SPARSE 1.3 as Direct Linear Solver

No. of Data Rows : 6
voa = -5.682522460e-04
ddc = -2.419121953e-05
dde = 2.1636037516e-05
Reset re-loads circuit * comparator-offset-mc @ fs_mismatch_-40c_1.32v -- generated by sim/harness, do not edit

Circuit: * comparator-offset-mc @ fs_mismatch_-40c_1.32v -- generated by sim/harness, do not edit

Doing analysis at TEMP = -40.000000 and TNOM = 27.000000

Using SPARSE 1.3 as Direct Linear Solver

No. of Data Rows : 6
voa = 4.5904314979e-03
ddc = -4.639658862e-05
dde = 4.2506267122e-05
Reset re-loads circuit * comparator-offset-mc @ fs_mismatch_-40c_1.32v -- generated by sim/harness, do not edit

Circuit: * comparator-offset-mc @ fs_mismatch_-40c_1.32v -- generated by sim/harness, do not edit

Doing analysis at TEMP = -40.000000 and TNOM = 27.000000

Using SPARSE 1.3 as Direct Linear Solver

No. of Data Rows : 6
voa = -4.511701081e-03
ddc = 2.4726665072e-05
dde = -2.262617359e-05
Reset re-loads circuit * comparator-offset-mc @ fs_mismatch_-40c_1.32v -- generated by sim/harness, do not edit

Circuit: * comparator-offset-mc @ fs_mismatch_-40c_1.32v -- generated by sim/harness, do not edit

Doing analysis at TEMP = -40.000000 and TNOM = 27.000000

Using SPARSE 1.3 as Direct Linear Solver

No. of Data Rows : 6
voa = 8.3996041177e-03
ddc = -1.031347071e-04
dde = 9.5673779942e-05
Reset re-loads circuit * comparator-offset-mc @ fs_mismatch_-40c_1.32v -- generated by sim/harness, do not edit

Circuit: * comparator-offset-mc @ fs_mismatch_-40c_1.32v -- generated by sim/harness, do not edit

Doing analysis at TEMP = -40.000000 and TNOM = 27.000000

Using SPARSE 1.3 as Direct Linear Solver

No. of Data Rows : 6
voa = -3.920153429e-03
ddc = 4.9668212868e-07
dde = -3.538197987e-07
Reset re-loads circuit * comparator-offset-mc @ fs_mismatch_-40c_1.32v -- generated by sim/harness, do not edit

Circuit: * comparator-offset-mc @ fs_mismatch_-40c_1.32v -- generated by sim/harness, do not edit

Doing analysis at TEMP = -40.000000 and TNOM = 27.000000

Using SPARSE 1.3 as Direct Linear Solver

No. of Data Rows : 6
voa = 1.7380167766e-03
ddc = -3.551370339e-05
dde = 3.3532174542e-05
Reset re-loads circuit * comparator-offset-mc @ fs_mismatch_-40c_1.32v -- generated by sim/harness, do not edit

Circuit: * comparator-offset-mc @ fs_mismatch_-40c_1.32v -- generated by sim/harness, do not edit

Doing analysis at TEMP = -40.000000 and TNOM = 27.000000

Using SPARSE 1.3 as Direct Linear Solver

No. of Data Rows : 6
voa = -7.810476512e-04
ddc = 5.7033446184e-05
dde = -5.302133477e-05
Reset re-loads circuit * comparator-offset-mc @ fs_mismatch_-40c_1.32v -- generated by sim/harness, do not edit

Circuit: * comparator-offset-mc @ fs_mismatch_-40c_1.32v -- generated by sim/harness, do not edit

Doing analysis at TEMP = -40.000000 and TNOM = 27.000000

Using SPARSE 1.3 as Direct Linear Solver

No. of Data Rows : 6
voa = -2.405187375e-03
ddc = 1.6136988746e-05
dde = -1.476420537e-05
Reset re-loads circuit * comparator-offset-mc @ fs_mismatch_-40c_1.32v -- generated by sim/harness, do not edit

Circuit: * comparator-offset-mc @ fs_mismatch_-40c_1.32v -- generated by sim/harness, do not edit

Doing analysis at TEMP = -40.000000 and TNOM = 27.000000

Using SPARSE 1.3 as Direct Linear Solver
 Reference value :  0.00000e+00
No. of Data Rows : 6
voa = 4.3888182964e-03
ddc = -2.052114074e-05
dde = 2.0343230157e-05
Reset re-loads circuit * comparator-offset-mc @ fs_mismatch_-40c_1.32v -- generated by sim/harness, do not edit

Circuit: * comparator-offset-mc @ fs_mismatch_-40c_1.32v -- generated by sim/harness, do not edit

Doing analysis at TEMP = -40.000000 and TNOM = 27.000000

Using SPARSE 1.3 as Direct Linear Solver

No. of Data Rows : 6
voa = 3.3658170083e-03
ddc = 1.9983547324e-05
dde = -1.924786751e-05
Reset re-loads circuit * comparator-offset-mc @ fs_mismatch_-40c_1.32v -- generated by sim/harness, do not edit

Circuit: * comparator-offset-mc @ fs_mismatch_-40c_1.32v -- generated by sim/harness, do not edit

Doing analysis at TEMP = -40.000000 and TNOM = 27.000000

Using SPARSE 1.3 as Direct Linear Solver

No. of Data Rows : 6
voa = 3.7418456287e-03
ddc = -5.476862681e-05
dde = 5.0098020684e-05
Reset re-loads circuit * comparator-offset-mc @ fs_mismatch_-40c_1.32v -- generated by sim/harness, do not edit

Circuit: * comparator-offset-mc @ fs_mismatch_-40c_1.32v -- generated by sim/harness, do not edit

Doing analysis at TEMP = -40.000000 and TNOM = 27.000000

Using SPARSE 1.3 as Direct Linear Solver

No. of Data Rows : 6
voa = 3.4547716733e-03
ddc = -1.509375761e-05
dde = 1.5136863649e-05
Reset re-loads circuit * comparator-offset-mc @ fs_mismatch_-40c_1.32v -- generated by sim/harness, do not edit

Circuit: * comparator-offset-mc @ fs_mismatch_-40c_1.32v -- generated by sim/harness, do not edit

Doing analysis at TEMP = -40.000000 and TNOM = 27.000000

Using SPARSE 1.3 as Direct Linear Solver

No. of Data Rows : 6
voa = 3.7783299703e-03
ddc = 4.9192097737e-05
dde = -4.538535499e-05
Reset re-loads circuit * comparator-offset-mc @ fs_mismatch_-40c_1.32v -- generated by sim/harness, do not edit

Circuit: * comparator-offset-mc @ fs_mismatch_-40c_1.32v -- generated by sim/harness, do not edit

Doing analysis at TEMP = -40.000000 and TNOM = 27.000000

Using SPARSE 1.3 as Direct Linear Solver

No. of Data Rows : 6
voa = -5.194071288e-03
ddc = 2.6699993304e-05
dde = -2.573169217e-05
Reset re-loads circuit * comparator-offset-mc @ fs_mismatch_-40c_1.32v -- generated by sim/harness, do not edit

Circuit: * comparator-offset-mc @ fs_mismatch_-40c_1.32v -- generated by sim/harness, do not edit

Doing analysis at TEMP = -40.000000 and TNOM = 27.000000

Using SPARSE 1.3 as Direct Linear Solver

No. of Data Rows : 6
voa = 9.1649582301e-03
ddc = -6.159327777e-05
dde = 5.6251203581e-05
Reset re-loads circuit * comparator-offset-mc @ fs_mismatch_-40c_1.32v -- generated by sim/harness, do not edit

Circuit: * comparator-offset-mc @ fs_mismatch_-40c_1.32v -- generated by sim/harness, do not edit

Doing analysis at TEMP = -40.000000 and TNOM = 27.000000

Using SPARSE 1.3 as Direct Linear Solver

No. of Data Rows : 6
voa = 8.5888467133e-03
ddc = 4.9573751314e-05
dde = -4.594917825e-05
Reset re-loads circuit * comparator-offset-mc @ fs_mismatch_-40c_1.32v -- generated by sim/harness, do not edit

Circuit: * comparator-offset-mc @ fs_mismatch_-40c_1.32v -- generated by sim/harness, do not edit

Doing analysis at TEMP = -40.000000 and TNOM = 27.000000

Using SPARSE 1.3 as Direct Linear Solver

No. of Data Rows : 6
voa = 1.7625205406e-03
ddc = -3.423544230e-05
dde = 3.0810503946e-05
Reset re-loads circuit * comparator-offset-mc @ fs_mismatch_-40c_1.32v -- generated by sim/harness, do not edit

Circuit: * comparator-offset-mc @ fs_mismatch_-40c_1.32v -- generated by sim/harness, do not edit

Doing analysis at TEMP = -40.000000 and TNOM = 27.000000

Using SPARSE 1.3 as Direct Linear Solver

No. of Data Rows : 6
voa = 4.4868801968e-04
ddc = 8.7016315033e-06
dde = -7.507206674e-06
Reset re-loads circuit * comparator-offset-mc @ fs_mismatch_-40c_1.32v -- generated by sim/harness, do not edit

Circuit: * comparator-offset-mc @ fs_mismatch_-40c_1.32v -- generated by sim/harness, do not edit

Doing analysis at TEMP = -40.000000 and TNOM = 27.000000

Using SPARSE 1.3 as Direct Linear Solver

No. of Data Rows : 6
voa = 3.6720268349e-03
ddc = 7.4339485457e-06
dde = -7.383467440e-06
Reset re-loads circuit * comparator-offset-mc @ fs_mismatch_-40c_1.32v -- generated by sim/harness, do not edit

Circuit: * comparator-offset-mc @ fs_mismatch_-40c_1.32v -- generated by sim/harness, do not edit

Doing analysis at TEMP = -40.000000 and TNOM = 27.000000

Using SPARSE 1.3 as Direct Linear Solver

No. of Data Rows : 6
voa = 4.6941146140e-04
ddc = 2.6830643315e-05
dde = -2.484300950e-05
Reset re-loads circuit * comparator-offset-mc @ fs_mismatch_-40c_1.32v -- generated by sim/harness, do not edit

Circuit: * comparator-offset-mc @ fs_mismatch_-40c_1.32v -- generated by sim/harness, do not edit

Doing analysis at TEMP = -40.000000 and TNOM = 27.000000

Using SPARSE 1.3 as Direct Linear Solver

No. of Data Rows : 6
voa = -1.072585919e-03
ddc = 4.1174157391e-07
dde = -1.781971899e-06
Reset re-loads circuit * comparator-offset-mc @ fs_mismatch_-40c_1.32v -- generated by sim/harness, do not edit

Circuit: * comparator-offset-mc @ fs_mismatch_-40c_1.32v -- generated by sim/harness, do not edit

Doing analysis at TEMP = -40.000000 and TNOM = 27.000000

Using SPARSE 1.3 as Direct Linear Solver
 Reference value :  0.00000e+00
No. of Data Rows : 6
voa = 1.5555519364e-04
ddc = -5.329744260e-05
dde = 4.9962308507e-05
Reset re-loads circuit * comparator-offset-mc @ fs_mismatch_-40c_1.32v -- generated by sim/harness, do not edit

Circuit: * comparator-offset-mc @ fs_mismatch_-40c_1.32v -- generated by sim/harness, do not edit

Doing analysis at TEMP = -40.000000 and TNOM = 27.000000

Using SPARSE 1.3 as Direct Linear Solver

No. of Data Rows : 6
voa = -4.083854884e-04
ddc = 2.8918747026e-07
dde = -7.932555382e-07
Reset re-loads circuit * comparator-offset-mc @ fs_mismatch_-40c_1.32v -- generated by sim/harness, do not edit

Circuit: * comparator-offset-mc @ fs_mismatch_-40c_1.32v -- generated by sim/harness, do not edit

Doing analysis at TEMP = -40.000000 and TNOM = 27.000000

Using SPARSE 1.3 as Direct Linear Solver

No. of Data Rows : 6
voa = 3.3219340678e-03
ddc = -2.835663553e-05
dde = 2.6636754604e-05
Reset re-loads circuit * comparator-offset-mc @ fs_mismatch_-40c_1.32v -- generated by sim/harness, do not edit

Circuit: * comparator-offset-mc @ fs_mismatch_-40c_1.32v -- generated by sim/harness, do not edit

Doing analysis at TEMP = -40.000000 and TNOM = 27.000000

Using SPARSE 1.3 as Direct Linear Solver

No. of Data Rows : 6
voa = -1.596621002e-03
ddc = 4.5471372594e-05
dde = -4.037420026e-05
Reset re-loads circuit * comparator-offset-mc @ fs_mismatch_-40c_1.32v -- generated by sim/harness, do not edit

Circuit: * comparator-offset-mc @ fs_mismatch_-40c_1.32v -- generated by sim/harness, do not edit

Doing analysis at TEMP = -40.000000 and TNOM = 27.000000

Using SPARSE 1.3 as Direct Linear Solver

No. of Data Rows : 6
voa = -3.462392350e-03
ddc = 4.9402143263e-05
dde = -4.518115057e-05
Reset re-loads circuit * comparator-offset-mc @ fs_mismatch_-40c_1.32v -- generated by sim/harness, do not edit

Circuit: * comparator-offset-mc @ fs_mismatch_-40c_1.32v -- generated by sim/harness, do not edit

Doing analysis at TEMP = -40.000000 and TNOM = 27.000000

Using SPARSE 1.3 as Direct Linear Solver

No. of Data Rows : 6
voa = -2.001497183e-03
ddc = 5.0991277545e-06
dde = -5.451807601e-06
Reset re-loads circuit * comparator-offset-mc @ fs_mismatch_-40c_1.32v -- generated by sim/harness, do not edit

Circuit: * comparator-offset-mc @ fs_mismatch_-40c_1.32v -- generated by sim/harness, do not edit

Doing analysis at TEMP = -40.000000 and TNOM = 27.000000

Using SPARSE 1.3 as Direct Linear Solver

No. of Data Rows : 6
voa = -4.620393794e-03
ddc = 1.9498788377e-05
dde = -1.689309130e-05
Reset re-loads circuit * comparator-offset-mc @ fs_mismatch_-40c_1.32v -- generated by sim/harness, do not edit

Circuit: * comparator-offset-mc @ fs_mismatch_-40c_1.32v -- generated by sim/harness, do not edit

Doing analysis at TEMP = -40.000000 and TNOM = 27.000000

Using SPARSE 1.3 as Direct Linear Solver

No. of Data Rows : 6
voa = 5.2455454342e-05
ddc = 1.8014095417e-05
dde = -1.596911658e-05
Reset re-loads circuit * comparator-offset-mc @ fs_mismatch_-40c_1.32v -- generated by sim/harness, do not edit

Circuit: * comparator-offset-mc @ fs_mismatch_-40c_1.32v -- generated by sim/harness, do not edit

Doing analysis at TEMP = -40.000000 and TNOM = 27.000000

Using SPARSE 1.3 as Direct Linear Solver

No. of Data Rows : 6
voa = 5.6511309807e-03
ddc = -2.027091345e-05
dde = 1.8458820935e-05
Reset re-loads circuit * comparator-offset-mc @ fs_mismatch_-40c_1.32v -- generated by sim/harness, do not edit

Circuit: * comparator-offset-mc @ fs_mismatch_-40c_1.32v -- generated by sim/harness, do not edit

Doing analysis at TEMP = -40.000000 and TNOM = 27.000000

Using SPARSE 1.3 as Direct Linear Solver

No. of Data Rows : 6
voa = -6.713163267e-03
ddc = 1.6857584978e-05
dde = -1.454969732e-05
Reset re-loads circuit * comparator-offset-mc @ fs_mismatch_-40c_1.32v -- generated by sim/harness, do not edit

Circuit: * comparator-offset-mc @ fs_mismatch_-40c_1.32v -- generated by sim/harness, do not edit

Doing analysis at TEMP = -40.000000 and TNOM = 27.000000

Using SPARSE 1.3 as Direct Linear Solver

No. of Data Rows : 6
voa = -6.764324650e-03
ddc = -1.494129399e-06
dde = 1.5634535768e-06
Reset re-loads circuit * comparator-offset-mc @ fs_mismatch_-40c_1.32v -- generated by sim/harness, do not edit

Circuit: * comparator-offset-mc @ fs_mismatch_-40c_1.32v -- generated by sim/harness, do not edit

Doing analysis at TEMP = -40.000000 and TNOM = 27.000000

Using SPARSE 1.3 as Direct Linear Solver

No. of Data Rows : 6
voa = -2.342934815e-03
ddc = 3.3461854197e-05
dde = -3.040900392e-05
Reset re-loads circuit * comparator-offset-mc @ fs_mismatch_-40c_1.32v -- generated by sim/harness, do not edit

Circuit: * comparator-offset-mc @ fs_mismatch_-40c_1.32v -- generated by sim/harness, do not edit

Doing analysis at TEMP = -40.000000 and TNOM = 27.000000

Using SPARSE 1.3 as Direct Linear Solver
 Reference value :  0.00000e+00
No. of Data Rows : 6
voa = -2.426691904e-03
ddc = -2.253675490e-05
dde = 2.0945352963e-05
Reset re-loads circuit * comparator-offset-mc @ fs_mismatch_-40c_1.32v -- generated by sim/harness, do not edit

Circuit: * comparator-offset-mc @ fs_mismatch_-40c_1.32v -- generated by sim/harness, do not edit

Doing analysis at TEMP = -40.000000 and TNOM = 27.000000

Using SPARSE 1.3 as Direct Linear Solver

No. of Data Rows : 6
voa = -7.273190770e-03
ddc = 4.7069557477e-06
dde = -3.243392527e-06
Reset re-loads circuit * comparator-offset-mc @ fs_mismatch_-40c_1.32v -- generated by sim/harness, do not edit

Circuit: * comparator-offset-mc @ fs_mismatch_-40c_1.32v -- generated by sim/harness, do not edit

Doing analysis at TEMP = -40.000000 and TNOM = 27.000000

Using SPARSE 1.3 as Direct Linear Solver

No. of Data Rows : 6
voa = -1.128057538e-03
ddc = -1.449611750e-06
dde = 1.5228714931e-06
Reset re-loads circuit * comparator-offset-mc @ fs_mismatch_-40c_1.32v -- generated by sim/harness, do not edit

Circuit: * comparator-offset-mc @ fs_mismatch_-40c_1.32v -- generated by sim/harness, do not edit

Doing analysis at TEMP = -40.000000 and TNOM = 27.000000

Using SPARSE 1.3 as Direct Linear Solver

No. of Data Rows : 6
voa = -6.409979603e-06
ddc = -3.095815523e-05
dde = 2.8084583681e-05
Reset re-loads circuit * comparator-offset-mc @ fs_mismatch_-40c_1.32v -- generated by sim/harness, do not edit

Circuit: * comparator-offset-mc @ fs_mismatch_-40c_1.32v -- generated by sim/harness, do not edit

Doing analysis at TEMP = -40.000000 and TNOM = 27.000000

Using SPARSE 1.3 as Direct Linear Solver

No. of Data Rows : 6
voa = 3.4253185139e-03
ddc = 2.2938955148e-06
dde = -1.531076082e-06
Reset re-loads circuit * comparator-offset-mc @ fs_mismatch_-40c_1.32v -- generated by sim/harness, do not edit

Circuit: * comparator-offset-mc @ fs_mismatch_-40c_1.32v -- generated by sim/harness, do not edit

Doing analysis at TEMP = -40.000000 and TNOM = 27.000000

Using SPARSE 1.3 as Direct Linear Solver

No. of Data Rows : 6
voa = 2.3279090723e-04
ddc = 7.7778269830e-05
dde = -7.220865715e-05
Reset re-loads circuit * comparator-offset-mc @ fs_mismatch_-40c_1.32v -- generated by sim/harness, do not edit

Circuit: * comparator-offset-mc @ fs_mismatch_-40c_1.32v -- generated by sim/harness, do not edit

Doing analysis at TEMP = -40.000000 and TNOM = 27.000000

Using SPARSE 1.3 as Direct Linear Solver

No. of Data Rows : 6
voa = -2.239598327e-03
ddc = 7.5808288934e-05
dde = -6.958213847e-05
Reset re-loads circuit * comparator-offset-mc @ fs_mismatch_-40c_1.32v -- generated by sim/harness, do not edit

Circuit: * comparator-offset-mc @ fs_mismatch_-40c_1.32v -- generated by sim/harness, do not edit

Doing analysis at TEMP = -40.000000 and TNOM = 27.000000

Using SPARSE 1.3 as Direct Linear Solver

No. of Data Rows : 6
voa = -6.433300080e-03
ddc = 7.8871213204e-05
dde = -7.278076718e-05
Reset re-loads circuit * comparator-offset-mc @ fs_mismatch_-40c_1.32v -- generated by sim/harness, do not edit

Circuit: * comparator-offset-mc @ fs_mismatch_-40c_1.32v -- generated by sim/harness, do not edit

Doing analysis at TEMP = -40.000000 and TNOM = 27.000000

Using SPARSE 1.3 as Direct Linear Solver

No. of Data Rows : 6
voa = -3.324790292e-04
ddc = 2.9369030506e-05
dde = -2.745541397e-05
Reset re-loads circuit * comparator-offset-mc @ fs_mismatch_-40c_1.32v -- generated by sim/harness, do not edit

Circuit: * comparator-offset-mc @ fs_mismatch_-40c_1.32v -- generated by sim/harness, do not edit

Doing analysis at TEMP = -40.000000 and TNOM = 27.000000

Using SPARSE 1.3 as Direct Linear Solver

No. of Data Rows : 6
voa = -3.596920307e-03
ddc = -2.551820202e-05
dde = 2.4068268894e-05
Reset re-loads circuit * comparator-offset-mc @ fs_mismatch_-40c_1.32v -- generated by sim/harness, do not edit

Circuit: * comparator-offset-mc @ fs_mismatch_-40c_1.32v -- generated by sim/harness, do not edit

Doing analysis at TEMP = -40.000000 and TNOM = 27.000000

Using SPARSE 1.3 as Direct Linear Solver

No. of Data Rows : 6
voa = -3.922839905e-04
ddc = 1.7521767463e-05
dde = -1.676053851e-05
Reset re-loads circuit * comparator-offset-mc @ fs_mismatch_-40c_1.32v -- generated by sim/harness, do not edit

Circuit: * comparator-offset-mc @ fs_mismatch_-40c_1.32v -- generated by sim/harness, do not edit

Doing analysis at TEMP = -40.000000 and TNOM = 27.000000

Using SPARSE 1.3 as Direct Linear Solver

No. of Data Rows : 6
voa = 1.2602471565e-03
ddc = -4.833889231e-05
dde = 4.4435541713e-05
Reset re-loads circuit * comparator-offset-mc @ fs_mismatch_-40c_1.32v -- generated by sim/harness, do not edit

Circuit: * comparator-offset-mc @ fs_mismatch_-40c_1.32v -- generated by sim/harness, do not edit

Doing analysis at TEMP = -40.000000 and TNOM = 27.000000

Using SPARSE 1.3 as Direct Linear Solver
 Reference value :  0.00000e+00
No. of Data Rows : 6
voa = 1.1761062653e-02
ddc = -5.038114742e-05
dde = 4.7487539753e-05
Reset re-loads circuit * comparator-offset-mc @ fs_mismatch_-40c_1.32v -- generated by sim/harness, do not edit

Circuit: * comparator-offset-mc @ fs_mismatch_-40c_1.32v -- generated by sim/harness, do not edit

Doing analysis at TEMP = -40.000000 and TNOM = 27.000000

Using SPARSE 1.3 as Direct Linear Solver

No. of Data Rows : 6
voa = -2.616313080e-03
ddc = 1.8848824753e-05
dde = -1.608817540e-05
Reset re-loads circuit * comparator-offset-mc @ fs_mismatch_-40c_1.32v -- generated by sim/harness, do not edit

Circuit: * comparator-offset-mc @ fs_mismatch_-40c_1.32v -- generated by sim/harness, do not edit

Doing analysis at TEMP = -40.000000 and TNOM = 27.000000

Using SPARSE 1.3 as Direct Linear Solver

No. of Data Rows : 6
voa = -3.255898090e-04
ddc = -2.925285479e-05
dde = 2.6311989570e-05
m_n_samples = 2.0000000000e+02
m_sig_vos_mv = 4.0106866555e+00
m_vos_3sig_mv = 1.2032059966e+01
m_mean_vos_uv = -2.993030329e+02
m_mean_vos_sem = -1.055376410e+00
m_sig_dvos_dn_uv = 4.3162859355e+01
m_sig_dvos_up_uv = 3.9882682825e+01
m_mean_dvos_dn_uv = -4.906511572e+00
m_mean_dvos_up_uv = 4.5927653423e+00
m_av_mean = 1.8165540335e+00
m_av_sigma_pct = 9.5573222791e-01
m_vbias_anchor_mv = 3.2296741245e+02
Note: Simulation executed from .control section 

