
Note: No compatibility mode selected!


Circuit: * comparator-offset-mc @ sf_mismatch_125c_1.08v -- generated by sim/harness, do not edit

Reset re-loads circuit * comparator-offset-mc @ sf_mismatch_125c_1.08v -- generated by sim/harness, do not edit

Circuit: * comparator-offset-mc @ sf_mismatch_125c_1.08v -- generated by sim/harness, do not edit

Doing analysis at TEMP = 125.000000 and TNOM = 27.000000

Using SPARSE 1.3 as Direct Linear Solver

No. of Data Rows : 6
voa = -2.952430031e-03
ddc = -2.110800943e-05
dde = 1.2269776859e-05
Reset re-loads circuit * comparator-offset-mc @ sf_mismatch_125c_1.08v -- generated by sim/harness, do not edit

Circuit: * comparator-offset-mc @ sf_mismatch_125c_1.08v -- generated by sim/harness, do not edit

Doing analysis at TEMP = 125.000000 and TNOM = 27.000000

Using SPARSE 1.3 as Direct Linear Solver

No. of Data Rows : 6
voa = 5.7188167910e-03
ddc = -6.372832231e-05
dde = 7.0241497837e-05
Reset re-loads circuit * comparator-offset-mc @ sf_mismatch_125c_1.08v -- generated by sim/harness, do not edit

Circuit: * comparator-offset-mc @ sf_mismatch_125c_1.08v -- generated by sim/harness, do not edit

Doing analysis at TEMP = 125.000000 and TNOM = 27.000000

Using SPARSE 1.3 as Direct Linear Solver

No. of Data Rows : 6
voa = 5.2974426997e-03
ddc = -3.279308709e-05
dde = 4.3898252054e-05
Reset re-loads circuit * comparator-offset-mc @ sf_mismatch_125c_1.08v -- generated by sim/harness, do not edit

Circuit: * comparator-offset-mc @ sf_mismatch_125c_1.08v -- generated by sim/harness, do not edit

Doing analysis at TEMP = 125.000000 and TNOM = 27.000000

Using SPARSE 1.3 as Direct Linear Solver

No. of Data Rows : 6
voa = -4.407292179e-04
ddc = 2.7139819500e-05
dde = -2.251212361e-05
Reset re-loads circuit * comparator-offset-mc @ sf_mismatch_125c_1.08v -- generated by sim/harness, do not edit

Circuit: * comparator-offset-mc @ sf_mismatch_125c_1.08v -- generated by sim/harness, do not edit

Doing analysis at TEMP = 125.000000 and TNOM = 27.000000

Using SPARSE 1.3 as Direct Linear Solver

No. of Data Rows : 6
voa = -5.403471861e-03
ddc = 9.0989236866e-05
dde = -8.345502507e-05
Reset re-loads circuit * comparator-offset-mc @ sf_mismatch_125c_1.08v -- generated by sim/harness, do not edit

Circuit: * comparator-offset-mc @ sf_mismatch_125c_1.08v -- generated by sim/harness, do not edit

Doing analysis at TEMP = 125.000000 and TNOM = 27.000000

Using SPARSE 1.3 as Direct Linear Solver

No. of Data Rows : 6
voa = 1.6873406945e-03
ddc = 1.3733548628e-05
dde = -2.589799465e-05
Reset re-loads circuit * comparator-offset-mc @ sf_mismatch_125c_1.08v -- generated by sim/harness, do not edit

Circuit: * comparator-offset-mc @ sf_mismatch_125c_1.08v -- generated by sim/harness, do not edit

Doing analysis at TEMP = 125.000000 and TNOM = 27.000000

Using SPARSE 1.3 as Direct Linear Solver

No. of Data Rows : 6
voa = 4.7033508325e-03
ddc = -4.683389360e-05
dde = 6.0704085031e-05
Reset re-loads circuit * comparator-offset-mc @ sf_mismatch_125c_1.08v -- generated by sim/harness, do not edit

Circuit: * comparator-offset-mc @ sf_mismatch_125c_1.08v -- generated by sim/harness, do not edit

Doing analysis at TEMP = 125.000000 and TNOM = 27.000000

Using SPARSE 1.3 as Direct Linear Solver
 Reference value :  0.00000e+00
No. of Data Rows : 6
voa = 2.7543745611e-03
ddc = -5.086874502e-05
dde = 4.3906815763e-05
Reset re-loads circuit * comparator-offset-mc @ sf_mismatch_125c_1.08v -- generated by sim/harness, do not edit

Circuit: * comparator-offset-mc @ sf_mismatch_125c_1.08v -- generated by sim/harness, do not edit

Doing analysis at TEMP = 125.000000 and TNOM = 27.000000

Using SPARSE 1.3 as Direct Linear Solver

No. of Data Rows : 6
voa = -3.350948723e-03
ddc = -7.388550053e-05
dde = 5.3865695061e-05
Reset re-loads circuit * comparator-offset-mc @ sf_mismatch_125c_1.08v -- generated by sim/harness, do not edit

Circuit: * comparator-offset-mc @ sf_mismatch_125c_1.08v -- generated by sim/harness, do not edit

Doing analysis at TEMP = 125.000000 and TNOM = 27.000000

Using SPARSE 1.3 as Direct Linear Solver

No. of Data Rows : 6
voa = -3.554583177e-03
ddc = -1.420726696e-05
dde = 1.0101787594e-05
Reset re-loads circuit * comparator-offset-mc @ sf_mismatch_125c_1.08v -- generated by sim/harness, do not edit

Circuit: * comparator-offset-mc @ sf_mismatch_125c_1.08v -- generated by sim/harness, do not edit

Doing analysis at TEMP = 125.000000 and TNOM = 27.000000

Using SPARSE 1.3 as Direct Linear Solver

No. of Data Rows : 6
voa = 7.9979299185e-03
ddc = -8.762594091e-05
dde = 1.0208228235e-04
Reset re-loads circuit * comparator-offset-mc @ sf_mismatch_125c_1.08v -- generated by sim/harness, do not edit

Circuit: * comparator-offset-mc @ sf_mismatch_125c_1.08v -- generated by sim/harness, do not edit

Doing analysis at TEMP = 125.000000 and TNOM = 27.000000

Using SPARSE 1.3 as Direct Linear Solver

No. of Data Rows : 6
voa = 1.7716785077e-03
ddc = -1.158351981e-05
dde = 1.8638988621e-05
Reset re-loads circuit * comparator-offset-mc @ sf_mismatch_125c_1.08v -- generated by sim/harness, do not edit

Circuit: * comparator-offset-mc @ sf_mismatch_125c_1.08v -- generated by sim/harness, do not edit

Doing analysis at TEMP = 125.000000 and TNOM = 27.000000

Using SPARSE 1.3 as Direct Linear Solver

No. of Data Rows : 6
voa = -5.456255304e-03
ddc = 5.5155829925e-05
dde = -7.353259255e-05
Reset re-loads circuit * comparator-offset-mc @ sf_mismatch_125c_1.08v -- generated by sim/harness, do not edit

Circuit: * comparator-offset-mc @ sf_mismatch_125c_1.08v -- generated by sim/harness, do not edit

Doing analysis at TEMP = 125.000000 and TNOM = 27.000000

Using SPARSE 1.3 as Direct Linear Solver

No. of Data Rows : 6
voa = 2.6531925734e-03
ddc = 4.6174978541e-05
dde = -2.561441806e-05
Reset re-loads circuit * comparator-offset-mc @ sf_mismatch_125c_1.08v -- generated by sim/harness, do not edit

Circuit: * comparator-offset-mc @ sf_mismatch_125c_1.08v -- generated by sim/harness, do not edit

Doing analysis at TEMP = 125.000000 and TNOM = 27.000000

Using SPARSE 1.3 as Direct Linear Solver

No. of Data Rows : 6
voa = -2.478762893e-03
ddc = -1.004946554e-05
dde = -1.476700712e-06
Reset re-loads circuit * comparator-offset-mc @ sf_mismatch_125c_1.08v -- generated by sim/harness, do not edit

Circuit: * comparator-offset-mc @ sf_mismatch_125c_1.08v -- generated by sim/harness, do not edit

Doing analysis at TEMP = 125.000000 and TNOM = 27.000000

Using SPARSE 1.3 as Direct Linear Solver

No. of Data Rows : 6
voa = 8.0772399246e-03
ddc = -6.954519741e-05
dde = 7.1305079307e-05
Reset re-loads circuit * comparator-offset-mc @ sf_mismatch_125c_1.08v -- generated by sim/harness, do not edit

Circuit: * comparator-offset-mc @ sf_mismatch_125c_1.08v -- generated by sim/harness, do not edit

Doing analysis at TEMP = 125.000000 and TNOM = 27.000000

Using SPARSE 1.3 as Direct Linear Solver

No. of Data Rows : 6
voa = -5.624995818e-03
ddc = 8.9208007156e-05
dde = -1.006394972e-04
Reset re-loads circuit * comparator-offset-mc @ sf_mismatch_125c_1.08v -- generated by sim/harness, do not edit

Circuit: * comparator-offset-mc @ sf_mismatch_125c_1.08v -- generated by sim/harness, do not edit

Doing analysis at TEMP = 125.000000 and TNOM = 27.000000

Using SPARSE 1.3 as Direct Linear Solver

No. of Data Rows : 6
voa = 5.1203322084e-03
ddc = -4.722995472e-05
dde = 5.8219491815e-05
Reset re-loads circuit * comparator-offset-mc @ sf_mismatch_125c_1.08v -- generated by sim/harness, do not edit

Circuit: * comparator-offset-mc @ sf_mismatch_125c_1.08v -- generated by sim/harness, do not edit

Doing analysis at TEMP = 125.000000 and TNOM = 27.000000

Using SPARSE 1.3 as Direct Linear Solver

No. of Data Rows : 6
voa = 2.1574657550e-03
ddc = -2.026846944e-05
dde = 2.0903751423e-05
Reset re-loads circuit * comparator-offset-mc @ sf_mismatch_125c_1.08v -- generated by sim/harness, do not edit

Circuit: * comparator-offset-mc @ sf_mismatch_125c_1.08v -- generated by sim/harness, do not edit

Doing analysis at TEMP = 125.000000 and TNOM = 27.000000

Using SPARSE 1.3 as Direct Linear Solver

No. of Data Rows : 6
voa = -3.073379836e-03
ddc = 7.3578652394e-05
dde = -7.325117421e-05
Reset re-loads circuit * comparator-offset-mc @ sf_mismatch_125c_1.08v -- generated by sim/harness, do not edit

Circuit: * comparator-offset-mc @ sf_mismatch_125c_1.08v -- generated by sim/harness, do not edit

Doing analysis at TEMP = 125.000000 and TNOM = 27.000000

Using SPARSE 1.3 as Direct Linear Solver

No. of Data Rows : 6
voa = 1.9842834648e-03
ddc = 4.0599767108e-05
dde = -2.526103574e-05
Reset re-loads circuit * comparator-offset-mc @ sf_mismatch_125c_1.08v -- generated by sim/harness, do not edit

Circuit: * comparator-offset-mc @ sf_mismatch_125c_1.08v -- generated by sim/harness, do not edit

Doing analysis at TEMP = 125.000000 and TNOM = 27.000000

Using SPARSE 1.3 as Direct Linear Solver

No. of Data Rows : 6
voa = 3.5019431379e-03
ddc = 4.2417430271e-05
dde = -3.979488235e-05
Reset re-loads circuit * comparator-offset-mc @ sf_mismatch_125c_1.08v -- generated by sim/harness, do not edit

Circuit: * comparator-offset-mc @ sf_mismatch_125c_1.08v -- generated by sim/harness, do not edit

Doing analysis at TEMP = 125.000000 and TNOM = 27.000000

Using SPARSE 1.3 as Direct Linear Solver
 Reference value :  0.00000e+00
No. of Data Rows : 6
voa = -1.252363221e-02
ddc = 8.3455185994e-05
dde = -9.702340582e-05
Reset re-loads circuit * comparator-offset-mc @ sf_mismatch_125c_1.08v -- generated by sim/harness, do not edit

Circuit: * comparator-offset-mc @ sf_mismatch_125c_1.08v -- generated by sim/harness, do not edit

Doing analysis at TEMP = 125.000000 and TNOM = 27.000000

Using SPARSE 1.3 as Direct Linear Solver

No. of Data Rows : 6
voa = 6.7767857197e-03
ddc = -9.474448249e-05
dde = 1.1043353515e-04
Reset re-loads circuit * comparator-offset-mc @ sf_mismatch_125c_1.08v -- generated by sim/harness, do not edit

Circuit: * comparator-offset-mc @ sf_mismatch_125c_1.08v -- generated by sim/harness, do not edit

Doing analysis at TEMP = 125.000000 and TNOM = 27.000000

Using SPARSE 1.3 as Direct Linear Solver

No. of Data Rows : 6
voa = 6.6037457436e-03
ddc = 1.2196427364e-05
dde = -5.168503939e-06
Reset re-loads circuit * comparator-offset-mc @ sf_mismatch_125c_1.08v -- generated by sim/harness, do not edit

Circuit: * comparator-offset-mc @ sf_mismatch_125c_1.08v -- generated by sim/harness, do not edit

Doing analysis at TEMP = 125.000000 and TNOM = 27.000000

Using SPARSE 1.3 as Direct Linear Solver

No. of Data Rows : 6
voa = 2.1619125628e-03
ddc = -2.226882593e-05
dde = 2.6742422936e-05
Reset re-loads circuit * comparator-offset-mc @ sf_mismatch_125c_1.08v -- generated by sim/harness, do not edit

Circuit: * comparator-offset-mc @ sf_mismatch_125c_1.08v -- generated by sim/harness, do not edit

Doing analysis at TEMP = 125.000000 and TNOM = 27.000000

Using SPARSE 1.3 as Direct Linear Solver

No. of Data Rows : 6
voa = 4.8178867780e-04
ddc = 3.8870636994e-05
dde = -3.782819036e-05
Reset re-loads circuit * comparator-offset-mc @ sf_mismatch_125c_1.08v -- generated by sim/harness, do not edit

Circuit: * comparator-offset-mc @ sf_mismatch_125c_1.08v -- generated by sim/harness, do not edit

Doing analysis at TEMP = 125.000000 and TNOM = 27.000000

Using SPARSE 1.3 as Direct Linear Solver

No. of Data Rows : 6
voa = 4.6472386853e-03
ddc = -6.837409607e-05
dde = 8.4541361026e-05
Reset re-loads circuit * comparator-offset-mc @ sf_mismatch_125c_1.08v -- generated by sim/harness, do not edit

Circuit: * comparator-offset-mc @ sf_mismatch_125c_1.08v -- generated by sim/harness, do not edit

Doing analysis at TEMP = 125.000000 and TNOM = 27.000000

Using SPARSE 1.3 as Direct Linear Solver

No. of Data Rows : 6
voa = -6.324539821e-03
ddc = -3.663290971e-06
dde = -1.875110301e-05
Reset re-loads circuit * comparator-offset-mc @ sf_mismatch_125c_1.08v -- generated by sim/harness, do not edit

Circuit: * comparator-offset-mc @ sf_mismatch_125c_1.08v -- generated by sim/harness, do not edit

Doing analysis at TEMP = 125.000000 and TNOM = 27.000000

Using SPARSE 1.3 as Direct Linear Solver

No. of Data Rows : 6
voa = 3.5938101778e-03
ddc = -6.700698892e-05
dde = 9.1573587246e-05
Reset re-loads circuit * comparator-offset-mc @ sf_mismatch_125c_1.08v -- generated by sim/harness, do not edit

Circuit: * comparator-offset-mc @ sf_mismatch_125c_1.08v -- generated by sim/harness, do not edit

Doing analysis at TEMP = 125.000000 and TNOM = 27.000000

Using SPARSE 1.3 as Direct Linear Solver

No. of Data Rows : 6
voa = 8.9265292932e-03
ddc = -2.185009594e-05
dde = 3.6358273904e-05
Reset re-loads circuit * comparator-offset-mc @ sf_mismatch_125c_1.08v -- generated by sim/harness, do not edit

Circuit: * comparator-offset-mc @ sf_mismatch_125c_1.08v -- generated by sim/harness, do not edit

Doing analysis at TEMP = 125.000000 and TNOM = 27.000000

Using SPARSE 1.3 as Direct Linear Solver

No. of Data Rows : 6
voa = 5.7706713363e-03
ddc = -5.021177677e-05
dde = 6.8761957541e-05
Reset re-loads circuit * comparator-offset-mc @ sf_mismatch_125c_1.08v -- generated by sim/harness, do not edit

Circuit: * comparator-offset-mc @ sf_mismatch_125c_1.08v -- generated by sim/harness, do not edit

Doing analysis at TEMP = 125.000000 and TNOM = 27.000000

Using SPARSE 1.3 as Direct Linear Solver

No. of Data Rows : 6
voa = 2.7007044120e-03
ddc = -1.938267222e-06
dde = 8.8763388987e-06
Reset re-loads circuit * comparator-offset-mc @ sf_mismatch_125c_1.08v -- generated by sim/harness, do not edit

Circuit: * comparator-offset-mc @ sf_mismatch_125c_1.08v -- generated by sim/harness, do not edit

Doing analysis at TEMP = 125.000000 and TNOM = 27.000000

Using SPARSE 1.3 as Direct Linear Solver

No. of Data Rows : 6
voa = -5.845466505e-03
ddc = -2.696946452e-05
dde = 9.7116551344e-06
Reset re-loads circuit * comparator-offset-mc @ sf_mismatch_125c_1.08v -- generated by sim/harness, do not edit

Circuit: * comparator-offset-mc @ sf_mismatch_125c_1.08v -- generated by sim/harness, do not edit

Doing analysis at TEMP = 125.000000 and TNOM = 27.000000

Using SPARSE 1.3 as Direct Linear Solver

No. of Data Rows : 6
voa = -4.081097153e-03
ddc = 4.5885712330e-05
dde = -5.729205384e-05
Reset re-loads circuit * comparator-offset-mc @ sf_mismatch_125c_1.08v -- generated by sim/harness, do not edit

Circuit: * comparator-offset-mc @ sf_mismatch_125c_1.08v -- generated by sim/harness, do not edit

Doing analysis at TEMP = 125.000000 and TNOM = 27.000000

Using SPARSE 1.3 as Direct Linear Solver

No. of Data Rows : 6
voa = -1.232714153e-03
ddc = -3.470978132e-05
dde = 3.7258917460e-05
Reset re-loads circuit * comparator-offset-mc @ sf_mismatch_125c_1.08v -- generated by sim/harness, do not edit

Circuit: * comparator-offset-mc @ sf_mismatch_125c_1.08v -- generated by sim/harness, do not edit

Doing analysis at TEMP = 125.000000 and TNOM = 27.000000

Using SPARSE 1.3 as Direct Linear Solver
 Reference value :  0.00000e+00
No. of Data Rows : 6
voa = 2.7784692086e-03
ddc = 2.3771596902e-05
dde = -1.053896934e-05
Reset re-loads circuit * comparator-offset-mc @ sf_mismatch_125c_1.08v -- generated by sim/harness, do not edit

Circuit: * comparator-offset-mc @ sf_mismatch_125c_1.08v -- generated by sim/harness, do not edit

Doing analysis at TEMP = 125.000000 and TNOM = 27.000000

Using SPARSE 1.3 as Direct Linear Solver

No. of Data Rows : 6
voa = -2.635150543e-03
ddc = -1.989008048e-05
dde = 2.0050302651e-05
Reset re-loads circuit * comparator-offset-mc @ sf_mismatch_125c_1.08v -- generated by sim/harness, do not edit

Circuit: * comparator-offset-mc @ sf_mismatch_125c_1.08v -- generated by sim/harness, do not edit

Doing analysis at TEMP = 125.000000 and TNOM = 27.000000

Using SPARSE 1.3 as Direct Linear Solver

No. of Data Rows : 6
voa = 5.1271212100e-03
ddc = 1.6762165195e-05
dde = -6.293221080e-06
Reset re-loads circuit * comparator-offset-mc @ sf_mismatch_125c_1.08v -- generated by sim/harness, do not edit

Circuit: * comparator-offset-mc @ sf_mismatch_125c_1.08v -- generated by sim/harness, do not edit

Doing analysis at TEMP = 125.000000 and TNOM = 27.000000

Using SPARSE 1.3 as Direct Linear Solver

No. of Data Rows : 6
voa = 1.4835355731e-03
ddc = 9.6606411600e-06
dde = 5.9705057804e-06
Reset re-loads circuit * comparator-offset-mc @ sf_mismatch_125c_1.08v -- generated by sim/harness, do not edit

Circuit: * comparator-offset-mc @ sf_mismatch_125c_1.08v -- generated by sim/harness, do not edit

Doing analysis at TEMP = 125.000000 and TNOM = 27.000000

Using SPARSE 1.3 as Direct Linear Solver

No. of Data Rows : 6
voa = 9.4465260765e-03
ddc = -5.993619964e-05
dde = 7.8215924954e-05
Reset re-loads circuit * comparator-offset-mc @ sf_mismatch_125c_1.08v -- generated by sim/harness, do not edit

Circuit: * comparator-offset-mc @ sf_mismatch_125c_1.08v -- generated by sim/harness, do not edit

Doing analysis at TEMP = 125.000000 and TNOM = 27.000000

Using SPARSE 1.3 as Direct Linear Solver

No. of Data Rows : 6
voa = 2.8529068482e-03
ddc = -1.095598380e-04
dde = 1.0196687146e-04
Reset re-loads circuit * comparator-offset-mc @ sf_mismatch_125c_1.08v -- generated by sim/harness, do not edit

Circuit: * comparator-offset-mc @ sf_mismatch_125c_1.08v -- generated by sim/harness, do not edit

Doing analysis at TEMP = 125.000000 and TNOM = 27.000000

Using SPARSE 1.3 as Direct Linear Solver

No. of Data Rows : 6
voa = -8.971662295e-03
ddc = -7.151991543e-06
dde = -1.182201564e-05
Reset re-loads circuit * comparator-offset-mc @ sf_mismatch_125c_1.08v -- generated by sim/harness, do not edit

Circuit: * comparator-offset-mc @ sf_mismatch_125c_1.08v -- generated by sim/harness, do not edit

Doing analysis at TEMP = 125.000000 and TNOM = 27.000000

Using SPARSE 1.3 as Direct Linear Solver

No. of Data Rows : 6
voa = 3.2071159786e-03
ddc = -6.287872169e-06
dde = 1.3901860890e-05
Reset re-loads circuit * comparator-offset-mc @ sf_mismatch_125c_1.08v -- generated by sim/harness, do not edit

Circuit: * comparator-offset-mc @ sf_mismatch_125c_1.08v -- generated by sim/harness, do not edit

Doing analysis at TEMP = 125.000000 and TNOM = 27.000000

Using SPARSE 1.3 as Direct Linear Solver

No. of Data Rows : 6
voa = -1.049590972e-02
ddc = -1.534689634e-05
dde = -2.225092084e-05
Reset re-loads circuit * comparator-offset-mc @ sf_mismatch_125c_1.08v -- generated by sim/harness, do not edit

Circuit: * comparator-offset-mc @ sf_mismatch_125c_1.08v -- generated by sim/harness, do not edit

Doing analysis at TEMP = 125.000000 and TNOM = 27.000000

Using SPARSE 1.3 as Direct Linear Solver

No. of Data Rows : 6
voa = -2.674506792e-03
ddc = -1.170329364e-05
dde = 9.6513176393e-06
Reset re-loads circuit * comparator-offset-mc @ sf_mismatch_125c_1.08v -- generated by sim/harness, do not edit

Circuit: * comparator-offset-mc @ sf_mismatch_125c_1.08v -- generated by sim/harness, do not edit

Doing analysis at TEMP = 125.000000 and TNOM = 27.000000

Using SPARSE 1.3 as Direct Linear Solver

No. of Data Rows : 6
voa = -3.146917546e-03
ddc = 4.0479501867e-06
dde = -6.863988926e-06
Reset re-loads circuit * comparator-offset-mc @ sf_mismatch_125c_1.08v -- generated by sim/harness, do not edit

Circuit: * comparator-offset-mc @ sf_mismatch_125c_1.08v -- generated by sim/harness, do not edit

Doing analysis at TEMP = 125.000000 and TNOM = 27.000000

Using SPARSE 1.3 as Direct Linear Solver

No. of Data Rows : 6
voa = -7.143948688e-03
ddc = -3.371704105e-05
dde = 1.7281409862e-05
Reset re-loads circuit * comparator-offset-mc @ sf_mismatch_125c_1.08v -- generated by sim/harness, do not edit

Circuit: * comparator-offset-mc @ sf_mismatch_125c_1.08v -- generated by sim/harness, do not edit

Doing analysis at TEMP = 125.000000 and TNOM = 27.000000

Using SPARSE 1.3 as Direct Linear Solver

No. of Data Rows : 6
voa = -6.776070768e-03
ddc = -8.491509739e-06
dde = 3.3042190299e-06
Reset re-loads circuit * comparator-offset-mc @ sf_mismatch_125c_1.08v -- generated by sim/harness, do not edit

Circuit: * comparator-offset-mc @ sf_mismatch_125c_1.08v -- generated by sim/harness, do not edit

Doing analysis at TEMP = 125.000000 and TNOM = 27.000000

Using SPARSE 1.3 as Direct Linear Solver

No. of Data Rows : 6
voa = 2.9250634995e-03
ddc = -9.320460905e-05
dde = 8.7877596151e-05
Reset re-loads circuit * comparator-offset-mc @ sf_mismatch_125c_1.08v -- generated by sim/harness, do not edit

Circuit: * comparator-offset-mc @ sf_mismatch_125c_1.08v -- generated by sim/harness, do not edit

Doing analysis at TEMP = 125.000000 and TNOM = 27.000000

Using SPARSE 1.3 as Direct Linear Solver

No. of Data Rows : 6
voa = 1.3645201125e-03
ddc = -4.586819074e-05
dde = 5.9531682361e-05
Reset re-loads circuit * comparator-offset-mc @ sf_mismatch_125c_1.08v -- generated by sim/harness, do not edit

Circuit: * comparator-offset-mc @ sf_mismatch_125c_1.08v -- generated by sim/harness, do not edit

Doing analysis at TEMP = 125.000000 and TNOM = 27.000000

Using SPARSE 1.3 as Direct Linear Solver
 Reference value :  0.00000e+00
No. of Data Rows : 6
voa = -2.801261083e-03
ddc = -3.991481128e-05
dde = 2.6195506663e-05
Reset re-loads circuit * comparator-offset-mc @ sf_mismatch_125c_1.08v -- generated by sim/harness, do not edit

Circuit: * comparator-offset-mc @ sf_mismatch_125c_1.08v -- generated by sim/harness, do not edit

Doing analysis at TEMP = 125.000000 and TNOM = 27.000000

Using SPARSE 1.3 as Direct Linear Solver

No. of Data Rows : 6
voa = -8.212379058e-03
ddc = 1.8458555620e-06
dde = -2.535311563e-05
Reset re-loads circuit * comparator-offset-mc @ sf_mismatch_125c_1.08v -- generated by sim/harness, do not edit

Circuit: * comparator-offset-mc @ sf_mismatch_125c_1.08v -- generated by sim/harness, do not edit

Doing analysis at TEMP = 125.000000 and TNOM = 27.000000

Using SPARSE 1.3 as Direct Linear Solver

No. of Data Rows : 6
voa = 1.1346313770e-02
ddc = -2.143854954e-05
dde = 4.6685999922e-05
Reset re-loads circuit * comparator-offset-mc @ sf_mismatch_125c_1.08v -- generated by sim/harness, do not edit

Circuit: * comparator-offset-mc @ sf_mismatch_125c_1.08v -- generated by sim/harness, do not edit

Doing analysis at TEMP = 125.000000 and TNOM = 27.000000

Using SPARSE 1.3 as Direct Linear Solver

No. of Data Rows : 6
voa = -1.217762348e-04
ddc = 1.4264007568e-06
dde = -4.311735281e-06
Reset re-loads circuit * comparator-offset-mc @ sf_mismatch_125c_1.08v -- generated by sim/harness, do not edit

Circuit: * comparator-offset-mc @ sf_mismatch_125c_1.08v -- generated by sim/harness, do not edit

Doing analysis at TEMP = 125.000000 and TNOM = 27.000000

Using SPARSE 1.3 as Direct Linear Solver

No. of Data Rows : 6
voa = 3.3575307896e-03
ddc = 1.9210964279e-05
dde = -4.180997743e-06
Reset re-loads circuit * comparator-offset-mc @ sf_mismatch_125c_1.08v -- generated by sim/harness, do not edit

Circuit: * comparator-offset-mc @ sf_mismatch_125c_1.08v -- generated by sim/harness, do not edit

Doing analysis at TEMP = 125.000000 and TNOM = 27.000000

Using SPARSE 1.3 as Direct Linear Solver

No. of Data Rows : 6
voa = -6.836478126e-03
ddc = 7.3006724869e-05
dde = -8.801405799e-05
Reset re-loads circuit * comparator-offset-mc @ sf_mismatch_125c_1.08v -- generated by sim/harness, do not edit

Circuit: * comparator-offset-mc @ sf_mismatch_125c_1.08v -- generated by sim/harness, do not edit

Doing analysis at TEMP = 125.000000 and TNOM = 27.000000

Using SPARSE 1.3 as Direct Linear Solver

No. of Data Rows : 6
voa = 1.0346101404e-03
ddc = -1.064385009e-06
dde = 1.6369202793e-05
Reset re-loads circuit * comparator-offset-mc @ sf_mismatch_125c_1.08v -- generated by sim/harness, do not edit

Circuit: * comparator-offset-mc @ sf_mismatch_125c_1.08v -- generated by sim/harness, do not edit

Doing analysis at TEMP = 125.000000 and TNOM = 27.000000

Using SPARSE 1.3 as Direct Linear Solver

No. of Data Rows : 6
voa = -9.280812750e-03
ddc = -4.443599932e-05
dde = 7.4998000015e-06
Reset re-loads circuit * comparator-offset-mc @ sf_mismatch_125c_1.08v -- generated by sim/harness, do not edit

Circuit: * comparator-offset-mc @ sf_mismatch_125c_1.08v -- generated by sim/harness, do not edit

Doing analysis at TEMP = 125.000000 and TNOM = 27.000000

Using SPARSE 1.3 as Direct Linear Solver

No. of Data Rows : 6
voa = -2.185145767e-03
ddc = -1.373381283e-05
dde = 1.2881348505e-05
Reset re-loads circuit * comparator-offset-mc @ sf_mismatch_125c_1.08v -- generated by sim/harness, do not edit

Circuit: * comparator-offset-mc @ sf_mismatch_125c_1.08v -- generated by sim/harness, do not edit

Doing analysis at TEMP = 125.000000 and TNOM = 27.000000

Using SPARSE 1.3 as Direct Linear Solver

No. of Data Rows : 6
voa = -8.092505856e-03
ddc = 3.6331286533e-05
dde = -7.083632523e-05
Reset re-loads circuit * comparator-offset-mc @ sf_mismatch_125c_1.08v -- generated by sim/harness, do not edit

Circuit: * comparator-offset-mc @ sf_mismatch_125c_1.08v -- generated by sim/harness, do not edit

Doing analysis at TEMP = 125.000000 and TNOM = 27.000000

Using SPARSE 1.3 as Direct Linear Solver

No. of Data Rows : 6
voa = -2.219974029e-03
ddc = 4.1359945452e-06
dde = -1.370789559e-05
Reset re-loads circuit * comparator-offset-mc @ sf_mismatch_125c_1.08v -- generated by sim/harness, do not edit

Circuit: * comparator-offset-mc @ sf_mismatch_125c_1.08v -- generated by sim/harness, do not edit

Doing analysis at TEMP = 125.000000 and TNOM = 27.000000

Using SPARSE 1.3 as Direct Linear Solver

No. of Data Rows : 6
voa = 2.6325904253e-03
ddc = -1.495259481e-05
dde = 1.1703554440e-05
Reset re-loads circuit * comparator-offset-mc @ sf_mismatch_125c_1.08v -- generated by sim/harness, do not edit

Circuit: * comparator-offset-mc @ sf_mismatch_125c_1.08v -- generated by sim/harness, do not edit

Doing analysis at TEMP = 125.000000 and TNOM = 27.000000

Using SPARSE 1.3 as Direct Linear Solver

No. of Data Rows : 6
voa = -1.334461624e-02
ddc = 1.4188452424e-04
dde = -1.714616821e-04
Reset re-loads circuit * comparator-offset-mc @ sf_mismatch_125c_1.08v -- generated by sim/harness, do not edit

Circuit: * comparator-offset-mc @ sf_mismatch_125c_1.08v -- generated by sim/harness, do not edit

Doing analysis at TEMP = 125.000000 and TNOM = 27.000000

Using SPARSE 1.3 as Direct Linear Solver

No. of Data Rows : 6
voa = 2.1744822460e-03
ddc = -2.430602022e-05
dde = 3.2689858948e-05
Reset re-loads circuit * comparator-offset-mc @ sf_mismatch_125c_1.08v -- generated by sim/harness, do not edit

Circuit: * comparator-offset-mc @ sf_mismatch_125c_1.08v -- generated by sim/harness, do not edit

Doing analysis at TEMP = 125.000000 and TNOM = 27.000000

Using SPARSE 1.3 as Direct Linear Solver

No. of Data Rows : 6
voa = -9.948726194e-04
ddc = -6.512407379e-05
dde = 5.9472475071e-05
Reset re-loads circuit * comparator-offset-mc @ sf_mismatch_125c_1.08v -- generated by sim/harness, do not edit

Circuit: * comparator-offset-mc @ sf_mismatch_125c_1.08v -- generated by sim/harness, do not edit

Doing analysis at TEMP = 125.000000 and TNOM = 27.000000

Using SPARSE 1.3 as Direct Linear Solver
 Reference value :  0.00000e+00
No. of Data Rows : 6
voa = -3.934347942e-03
ddc = -1.477940995e-05
dde = 3.3380587022e-06
Reset re-loads circuit * comparator-offset-mc @ sf_mismatch_125c_1.08v -- generated by sim/harness, do not edit

Circuit: * comparator-offset-mc @ sf_mismatch_125c_1.08v -- generated by sim/harness, do not edit

Doing analysis at TEMP = 125.000000 and TNOM = 27.000000

Using SPARSE 1.3 as Direct Linear Solver

No. of Data Rows : 6
voa = -1.659218176e-03
ddc = -1.132503537e-05
dde = 9.0184139899e-06
Reset re-loads circuit * comparator-offset-mc @ sf_mismatch_125c_1.08v -- generated by sim/harness, do not edit

Circuit: * comparator-offset-mc @ sf_mismatch_125c_1.08v -- generated by sim/harness, do not edit

Doing analysis at TEMP = 125.000000 and TNOM = 27.000000

Using SPARSE 1.3 as Direct Linear Solver

No. of Data Rows : 6
voa = 7.2071758374e-03
ddc = -1.113945393e-04
dde = 1.3515803896e-04
Reset re-loads circuit * comparator-offset-mc @ sf_mismatch_125c_1.08v -- generated by sim/harness, do not edit

Circuit: * comparator-offset-mc @ sf_mismatch_125c_1.08v -- generated by sim/harness, do not edit

Doing analysis at TEMP = 125.000000 and TNOM = 27.000000

Using SPARSE 1.3 as Direct Linear Solver

No. of Data Rows : 6
voa = -4.996653067e-03
ddc = 7.9167841836e-06
dde = -1.210894241e-05
Reset re-loads circuit * comparator-offset-mc @ sf_mismatch_125c_1.08v -- generated by sim/harness, do not edit

Circuit: * comparator-offset-mc @ sf_mismatch_125c_1.08v -- generated by sim/harness, do not edit

Doing analysis at TEMP = 125.000000 and TNOM = 27.000000

Using SPARSE 1.3 as Direct Linear Solver

No. of Data Rows : 6
voa = 4.7079160963e-04
ddc = -5.178570856e-05
dde = 6.4857558331e-05
Reset re-loads circuit * comparator-offset-mc @ sf_mismatch_125c_1.08v -- generated by sim/harness, do not edit

Circuit: * comparator-offset-mc @ sf_mismatch_125c_1.08v -- generated by sim/harness, do not edit

Doing analysis at TEMP = 125.000000 and TNOM = 27.000000

Using SPARSE 1.3 as Direct Linear Solver

No. of Data Rows : 6
voa = -1.429772503e-02
ddc = 5.2542868553e-05
dde = -1.012444670e-04
Reset re-loads circuit * comparator-offset-mc @ sf_mismatch_125c_1.08v -- generated by sim/harness, do not edit

Circuit: * comparator-offset-mc @ sf_mismatch_125c_1.08v -- generated by sim/harness, do not edit

Doing analysis at TEMP = 125.000000 and TNOM = 27.000000

Using SPARSE 1.3 as Direct Linear Solver

No. of Data Rows : 6
voa = -2.962506447e-03
ddc = 3.8952355111e-05
dde = -3.125378024e-05
Reset re-loads circuit * comparator-offset-mc @ sf_mismatch_125c_1.08v -- generated by sim/harness, do not edit

Circuit: * comparator-offset-mc @ sf_mismatch_125c_1.08v -- generated by sim/harness, do not edit

Doing analysis at TEMP = 125.000000 and TNOM = 27.000000

Using SPARSE 1.3 as Direct Linear Solver

No. of Data Rows : 6
voa = -6.587371876e-03
ddc = 1.1538008366e-04
dde = -1.304071944e-04
Reset re-loads circuit * comparator-offset-mc @ sf_mismatch_125c_1.08v -- generated by sim/harness, do not edit

Circuit: * comparator-offset-mc @ sf_mismatch_125c_1.08v -- generated by sim/harness, do not edit

Doing analysis at TEMP = 125.000000 and TNOM = 27.000000

Using SPARSE 1.3 as Direct Linear Solver

No. of Data Rows : 6
voa = 9.4215731259e-03
ddc = -3.754216490e-05
dde = 5.1141182009e-05
Reset re-loads circuit * comparator-offset-mc @ sf_mismatch_125c_1.08v -- generated by sim/harness, do not edit

Circuit: * comparator-offset-mc @ sf_mismatch_125c_1.08v -- generated by sim/harness, do not edit

Doing analysis at TEMP = 125.000000 and TNOM = 27.000000

Using SPARSE 1.3 as Direct Linear Solver

No. of Data Rows : 6
voa = 1.0702571730e-03
ddc = -4.569270763e-05
dde = 5.0784726146e-05
Reset re-loads circuit * comparator-offset-mc @ sf_mismatch_125c_1.08v -- generated by sim/harness, do not edit

Circuit: * comparator-offset-mc @ sf_mismatch_125c_1.08v -- generated by sim/harness, do not edit

Doing analysis at TEMP = 125.000000 and TNOM = 27.000000

Using SPARSE 1.3 as Direct Linear Solver

No. of Data Rows : 6
voa = 3.9749958169e-03
ddc = -7.166362282e-05
dde = 6.9253734224e-05
Reset re-loads circuit * comparator-offset-mc @ sf_mismatch_125c_1.08v -- generated by sim/harness, do not edit

Circuit: * comparator-offset-mc @ sf_mismatch_125c_1.08v -- generated by sim/harness, do not edit

Doing analysis at TEMP = 125.000000 and TNOM = 27.000000

Using SPARSE 1.3 as Direct Linear Solver

No. of Data Rows : 6
voa = -2.741586438e-03
ddc = 2.9255030818e-05
dde = -1.643773533e-05
Reset re-loads circuit * comparator-offset-mc @ sf_mismatch_125c_1.08v -- generated by sim/harness, do not edit

Circuit: * comparator-offset-mc @ sf_mismatch_125c_1.08v -- generated by sim/harness, do not edit

Doing analysis at TEMP = 125.000000 and TNOM = 27.000000

Using SPARSE 1.3 as Direct Linear Solver

No. of Data Rows : 6
voa = -9.461799496e-04
ddc = 4.9169304155e-06
dde = -1.097334454e-06
Reset re-loads circuit * comparator-offset-mc @ sf_mismatch_125c_1.08v -- generated by sim/harness, do not edit

Circuit: * comparator-offset-mc @ sf_mismatch_125c_1.08v -- generated by sim/harness, do not edit

Doing analysis at TEMP = 125.000000 and TNOM = 27.000000

Using SPARSE 1.3 as Direct Linear Solver

No. of Data Rows : 6
voa = -5.724014125e-03
ddc = 1.2813098034e-04
dde = -1.288295721e-04
Reset re-loads circuit * comparator-offset-mc @ sf_mismatch_125c_1.08v -- generated by sim/harness, do not edit

Circuit: * comparator-offset-mc @ sf_mismatch_125c_1.08v -- generated by sim/harness, do not edit

Doing analysis at TEMP = 125.000000 and TNOM = 27.000000

Using SPARSE 1.3 as Direct Linear Solver
 Reference value :  0.00000e+00
No. of Data Rows : 6
voa = 6.8817390624e-03
ddc = -2.509875236e-05
dde = 4.0083479484e-05
Reset re-loads circuit * comparator-offset-mc @ sf_mismatch_125c_1.08v -- generated by sim/harness, do not edit

Circuit: * comparator-offset-mc @ sf_mismatch_125c_1.08v -- generated by sim/harness, do not edit

Doing analysis at TEMP = 125.000000 and TNOM = 27.000000

Using SPARSE 1.3 as Direct Linear Solver

No. of Data Rows : 6
voa = -9.952481200e-05
ddc = -2.485233476e-05
dde = 3.5382081314e-05
Reset re-loads circuit * comparator-offset-mc @ sf_mismatch_125c_1.08v -- generated by sim/harness, do not edit

Circuit: * comparator-offset-mc @ sf_mismatch_125c_1.08v -- generated by sim/harness, do not edit

Doing analysis at TEMP = 125.000000 and TNOM = 27.000000

Using SPARSE 1.3 as Direct Linear Solver

No. of Data Rows : 6
voa = 4.9110405619e-03
ddc = -2.158921557e-05
dde = 4.1404563182e-05
Reset re-loads circuit * comparator-offset-mc @ sf_mismatch_125c_1.08v -- generated by sim/harness, do not edit

Circuit: * comparator-offset-mc @ sf_mismatch_125c_1.08v -- generated by sim/harness, do not edit

Doing analysis at TEMP = 125.000000 and TNOM = 27.000000

Using SPARSE 1.3 as Direct Linear Solver

No. of Data Rows : 6
voa = 1.6711936984e-03
ddc = 3.5839527580e-05
dde = -3.043521859e-05
Reset re-loads circuit * comparator-offset-mc @ sf_mismatch_125c_1.08v -- generated by sim/harness, do not edit

Circuit: * comparator-offset-mc @ sf_mismatch_125c_1.08v -- generated by sim/harness, do not edit

Doing analysis at TEMP = 125.000000 and TNOM = 27.000000

Using SPARSE 1.3 as Direct Linear Solver

No. of Data Rows : 6
voa = -3.577022296e-03
ddc = 5.9357479087e-05
dde = -4.723673862e-05
Reset re-loads circuit * comparator-offset-mc @ sf_mismatch_125c_1.08v -- generated by sim/harness, do not edit

Circuit: * comparator-offset-mc @ sf_mismatch_125c_1.08v -- generated by sim/harness, do not edit

Doing analysis at TEMP = 125.000000 and TNOM = 27.000000

Using SPARSE 1.3 as Direct Linear Solver

No. of Data Rows : 6
voa = 1.4475995193e-03
ddc = -6.296981632e-05
dde = 5.8078821067e-05
Reset re-loads circuit * comparator-offset-mc @ sf_mismatch_125c_1.08v -- generated by sim/harness, do not edit

Circuit: * comparator-offset-mc @ sf_mismatch_125c_1.08v -- generated by sim/harness, do not edit

Doing analysis at TEMP = 125.000000 and TNOM = 27.000000

Using SPARSE 1.3 as Direct Linear Solver

No. of Data Rows : 6
voa = -8.843154314e-04
ddc = -3.026224261e-05
dde = 3.2839448957e-05
Reset re-loads circuit * comparator-offset-mc @ sf_mismatch_125c_1.08v -- generated by sim/harness, do not edit

Circuit: * comparator-offset-mc @ sf_mismatch_125c_1.08v -- generated by sim/harness, do not edit

Doing analysis at TEMP = 125.000000 and TNOM = 27.000000

Using SPARSE 1.3 as Direct Linear Solver

No. of Data Rows : 6
voa = -1.419778494e-04
ddc = 4.1847069358e-05
dde = -3.823120552e-05
Reset re-loads circuit * comparator-offset-mc @ sf_mismatch_125c_1.08v -- generated by sim/harness, do not edit

Circuit: * comparator-offset-mc @ sf_mismatch_125c_1.08v -- generated by sim/harness, do not edit

Doing analysis at TEMP = 125.000000 and TNOM = 27.000000

Using SPARSE 1.3 as Direct Linear Solver

No. of Data Rows : 6
voa = 5.6521248991e-03
ddc = -8.240536914e-05
dde = 1.0174418267e-04
Reset re-loads circuit * comparator-offset-mc @ sf_mismatch_125c_1.08v -- generated by sim/harness, do not edit

Circuit: * comparator-offset-mc @ sf_mismatch_125c_1.08v -- generated by sim/harness, do not edit

Doing analysis at TEMP = 125.000000 and TNOM = 27.000000

Using SPARSE 1.3 as Direct Linear Solver

No. of Data Rows : 6
voa = 1.2790659428e-03
ddc = -1.047216528e-04
dde = 1.0722036671e-04
Reset re-loads circuit * comparator-offset-mc @ sf_mismatch_125c_1.08v -- generated by sim/harness, do not edit

Circuit: * comparator-offset-mc @ sf_mismatch_125c_1.08v -- generated by sim/harness, do not edit

Doing analysis at TEMP = 125.000000 and TNOM = 27.000000

Using SPARSE 1.3 as Direct Linear Solver

No. of Data Rows : 6
voa = 1.0088787280e-03
ddc = 2.7177409282e-05
dde = -3.214953290e-05
Reset re-loads circuit * comparator-offset-mc @ sf_mismatch_125c_1.08v -- generated by sim/harness, do not edit

Circuit: * comparator-offset-mc @ sf_mismatch_125c_1.08v -- generated by sim/harness, do not edit

Doing analysis at TEMP = 125.000000 and TNOM = 27.000000

Using SPARSE 1.3 as Direct Linear Solver

No. of Data Rows : 6
voa = 1.4134536160e-02
ddc = -1.195759085e-04
dde = 1.3236886968e-04
Reset re-loads circuit * comparator-offset-mc @ sf_mismatch_125c_1.08v -- generated by sim/harness, do not edit

Circuit: * comparator-offset-mc @ sf_mismatch_125c_1.08v -- generated by sim/harness, do not edit

Doing analysis at TEMP = 125.000000 and TNOM = 27.000000

Using SPARSE 1.3 as Direct Linear Solver

No. of Data Rows : 6
voa = -1.795970288e-03
ddc = 6.6633823398e-05
dde = -7.768537337e-05
Reset re-loads circuit * comparator-offset-mc @ sf_mismatch_125c_1.08v -- generated by sim/harness, do not edit

Circuit: * comparator-offset-mc @ sf_mismatch_125c_1.08v -- generated by sim/harness, do not edit

Doing analysis at TEMP = 125.000000 and TNOM = 27.000000

Using SPARSE 1.3 as Direct Linear Solver

No. of Data Rows : 6
voa = 3.6195608664e-03
ddc = -1.184215756e-04
dde = 1.3506658773e-04
Reset re-loads circuit * comparator-offset-mc @ sf_mismatch_125c_1.08v -- generated by sim/harness, do not edit

Circuit: * comparator-offset-mc @ sf_mismatch_125c_1.08v -- generated by sim/harness, do not edit

Doing analysis at TEMP = 125.000000 and TNOM = 27.000000

Using SPARSE 1.3 as Direct Linear Solver

No. of Data Rows : 6
voa = 1.0134276515e-02
ddc = -2.621513349e-05
dde = 5.8981380776e-05
Reset re-loads circuit * comparator-offset-mc @ sf_mismatch_125c_1.08v -- generated by sim/harness, do not edit

Circuit: * comparator-offset-mc @ sf_mismatch_125c_1.08v -- generated by sim/harness, do not edit

Doing analysis at TEMP = 125.000000 and TNOM = 27.000000

Using SPARSE 1.3 as Direct Linear Solver

No. of Data Rows : 6
voa = -1.746480013e-03
ddc = 4.0851212322e-05
dde = -3.092137065e-05
Reset re-loads circuit * comparator-offset-mc @ sf_mismatch_125c_1.08v -- generated by sim/harness, do not edit

Circuit: * comparator-offset-mc @ sf_mismatch_125c_1.08v -- generated by sim/harness, do not edit

Doing analysis at TEMP = 125.000000 and TNOM = 27.000000

Using SPARSE 1.3 as Direct Linear Solver
 Reference value :  0.00000e+00
No. of Data Rows : 6
voa = -7.778249342e-03
ddc = 4.3268796418e-05
dde = -5.836792832e-05
Reset re-loads circuit * comparator-offset-mc @ sf_mismatch_125c_1.08v -- generated by sim/harness, do not edit

Circuit: * comparator-offset-mc @ sf_mismatch_125c_1.08v -- generated by sim/harness, do not edit

Doing analysis at TEMP = 125.000000 and TNOM = 27.000000

Using SPARSE 1.3 as Direct Linear Solver

No. of Data Rows : 6
voa = 7.1448113798e-03
ddc = -3.981960017e-05
dde = 7.2809283993e-05
Reset re-loads circuit * comparator-offset-mc @ sf_mismatch_125c_1.08v -- generated by sim/harness, do not edit

Circuit: * comparator-offset-mc @ sf_mismatch_125c_1.08v -- generated by sim/harness, do not edit

Doing analysis at TEMP = 125.000000 and TNOM = 27.000000

Using SPARSE 1.3 as Direct Linear Solver

No. of Data Rows : 6
voa = -2.777949127e-03
ddc = -7.109279053e-05
dde = 6.8037600440e-05
Reset re-loads circuit * comparator-offset-mc @ sf_mismatch_125c_1.08v -- generated by sim/harness, do not edit

Circuit: * comparator-offset-mc @ sf_mismatch_125c_1.08v -- generated by sim/harness, do not edit

Doing analysis at TEMP = 125.000000 and TNOM = 27.000000

Using SPARSE 1.3 as Direct Linear Solver

No. of Data Rows : 6
voa = -7.758980238e-03
ddc = 1.2319492763e-04
dde = -1.309630329e-04
Reset re-loads circuit * comparator-offset-mc @ sf_mismatch_125c_1.08v -- generated by sim/harness, do not edit

Circuit: * comparator-offset-mc @ sf_mismatch_125c_1.08v -- generated by sim/harness, do not edit

Doing analysis at TEMP = 125.000000 and TNOM = 27.000000

Using SPARSE 1.3 as Direct Linear Solver

No. of Data Rows : 6
voa = -7.968842249e-04
ddc = -2.172389376e-05
dde = 7.8562820448e-06
Reset re-loads circuit * comparator-offset-mc @ sf_mismatch_125c_1.08v -- generated by sim/harness, do not edit

Circuit: * comparator-offset-mc @ sf_mismatch_125c_1.08v -- generated by sim/harness, do not edit

Doing analysis at TEMP = 125.000000 and TNOM = 27.000000

Using SPARSE 1.3 as Direct Linear Solver

No. of Data Rows : 6
voa = -7.573778452e-03
ddc = -8.669790887e-06
dde = 2.9718321764e-06
Reset re-loads circuit * comparator-offset-mc @ sf_mismatch_125c_1.08v -- generated by sim/harness, do not edit

Circuit: * comparator-offset-mc @ sf_mismatch_125c_1.08v -- generated by sim/harness, do not edit

Doing analysis at TEMP = 125.000000 and TNOM = 27.000000

Using SPARSE 1.3 as Direct Linear Solver

No. of Data Rows : 6
voa = -4.404753207e-03
ddc = 6.6251704954e-05
dde = -7.048207794e-05
Reset re-loads circuit * comparator-offset-mc @ sf_mismatch_125c_1.08v -- generated by sim/harness, do not edit

Circuit: * comparator-offset-mc @ sf_mismatch_125c_1.08v -- generated by sim/harness, do not edit

Doing analysis at TEMP = 125.000000 and TNOM = 27.000000

Using SPARSE 1.3 as Direct Linear Solver

No. of Data Rows : 6
voa = -8.950871791e-03
ddc = 1.1917676589e-05
dde = -1.218097884e-05
Reset re-loads circuit * comparator-offset-mc @ sf_mismatch_125c_1.08v -- generated by sim/harness, do not edit

Circuit: * comparator-offset-mc @ sf_mismatch_125c_1.08v -- generated by sim/harness, do not edit

Doing analysis at TEMP = 125.000000 and TNOM = 27.000000

Using SPARSE 1.3 as Direct Linear Solver

No. of Data Rows : 6
voa = -2.690751914e-03
ddc = -1.048414006e-05
dde = -5.179550718e-07
Reset re-loads circuit * comparator-offset-mc @ sf_mismatch_125c_1.08v -- generated by sim/harness, do not edit

Circuit: * comparator-offset-mc @ sf_mismatch_125c_1.08v -- generated by sim/harness, do not edit

Doing analysis at TEMP = 125.000000 and TNOM = 27.000000

Using SPARSE 1.3 as Direct Linear Solver

No. of Data Rows : 6
voa = -2.103705371e-03
ddc = -8.858929275e-06
dde = 1.0776902519e-05
Reset re-loads circuit * comparator-offset-mc @ sf_mismatch_125c_1.08v -- generated by sim/harness, do not edit

Circuit: * comparator-offset-mc @ sf_mismatch_125c_1.08v -- generated by sim/harness, do not edit

Doing analysis at TEMP = 125.000000 and TNOM = 27.000000

Using SPARSE 1.3 as Direct Linear Solver

No. of Data Rows : 6
voa = -7.692445659e-03
ddc = 1.0870273974e-04
dde = -1.120990058e-04
Reset re-loads circuit * comparator-offset-mc @ sf_mismatch_125c_1.08v -- generated by sim/harness, do not edit

Circuit: * comparator-offset-mc @ sf_mismatch_125c_1.08v -- generated by sim/harness, do not edit

Doing analysis at TEMP = 125.000000 and TNOM = 27.000000

Using SPARSE 1.3 as Direct Linear Solver

No. of Data Rows : 6
voa = 4.1638624172e-03
ddc = -7.733125471e-05
dde = 8.9521907128e-05
Reset re-loads circuit * comparator-offset-mc @ sf_mismatch_125c_1.08v -- generated by sim/harness, do not edit

Circuit: * comparator-offset-mc @ sf_mismatch_125c_1.08v -- generated by sim/harness, do not edit

Doing analysis at TEMP = 125.000000 and TNOM = 27.000000

Using SPARSE 1.3 as Direct Linear Solver

No. of Data Rows : 6
voa = -5.962475303e-03
ddc = 5.8614153847e-05
dde = -7.689894580e-05
Reset re-loads circuit * comparator-offset-mc @ sf_mismatch_125c_1.08v -- generated by sim/harness, do not edit

Circuit: * comparator-offset-mc @ sf_mismatch_125c_1.08v -- generated by sim/harness, do not edit

Doing analysis at TEMP = 125.000000 and TNOM = 27.000000

Using SPARSE 1.3 as Direct Linear Solver

No. of Data Rows : 6
voa = 2.2654850211e-03
ddc = -6.864401700e-05
dde = 6.2327308577e-05
Reset re-loads circuit * comparator-offset-mc @ sf_mismatch_125c_1.08v -- generated by sim/harness, do not edit

Circuit: * comparator-offset-mc @ sf_mismatch_125c_1.08v -- generated by sim/harness, do not edit

Doing analysis at TEMP = 125.000000 and TNOM = 27.000000

Using SPARSE 1.3 as Direct Linear Solver

No. of Data Rows : 6
voa = -3.844296990e-03
ddc = 3.7191077650e-05
dde = -3.948497430e-05
Reset re-loads circuit * comparator-offset-mc @ sf_mismatch_125c_1.08v -- generated by sim/harness, do not edit

Circuit: * comparator-offset-mc @ sf_mismatch_125c_1.08v -- generated by sim/harness, do not edit

Doing analysis at TEMP = 125.000000 and TNOM = 27.000000

Using SPARSE 1.3 as Direct Linear Solver

No. of Data Rows : 6
voa = 6.0178469888e-03
ddc = 1.0750113911e-05
dde = 8.5436862196e-06
Reset re-loads circuit * comparator-offset-mc @ sf_mismatch_125c_1.08v -- generated by sim/harness, do not edit

Circuit: * comparator-offset-mc @ sf_mismatch_125c_1.08v -- generated by sim/harness, do not edit

Doing analysis at TEMP = 125.000000 and TNOM = 27.000000

Using SPARSE 1.3 as Direct Linear Solver
 Reference value :  0.00000e+00
No. of Data Rows : 6
voa = 6.5187068889e-03
ddc = -6.417153719e-05
dde = 7.6421874888e-05
Reset re-loads circuit * comparator-offset-mc @ sf_mismatch_125c_1.08v -- generated by sim/harness, do not edit

Circuit: * comparator-offset-mc @ sf_mismatch_125c_1.08v -- generated by sim/harness, do not edit

Doing analysis at TEMP = 125.000000 and TNOM = 27.000000

Using SPARSE 1.3 as Direct Linear Solver

No. of Data Rows : 6
voa = 6.3584581265e-03
ddc = -1.083882815e-04
dde = 1.2018816458e-04
Reset re-loads circuit * comparator-offset-mc @ sf_mismatch_125c_1.08v -- generated by sim/harness, do not edit

Circuit: * comparator-offset-mc @ sf_mismatch_125c_1.08v -- generated by sim/harness, do not edit

Doing analysis at TEMP = 125.000000 and TNOM = 27.000000

Using SPARSE 1.3 as Direct Linear Solver

No. of Data Rows : 6
voa = -4.943417462e-04
ddc = -5.934727928e-05
dde = 5.2073316461e-05
Reset re-loads circuit * comparator-offset-mc @ sf_mismatch_125c_1.08v -- generated by sim/harness, do not edit

Circuit: * comparator-offset-mc @ sf_mismatch_125c_1.08v -- generated by sim/harness, do not edit

Doing analysis at TEMP = 125.000000 and TNOM = 27.000000

Using SPARSE 1.3 as Direct Linear Solver

No. of Data Rows : 6
voa = -1.667249912e-03
ddc = 1.7977720159e-05
dde = -7.801454247e-06
Reset re-loads circuit * comparator-offset-mc @ sf_mismatch_125c_1.08v -- generated by sim/harness, do not edit

Circuit: * comparator-offset-mc @ sf_mismatch_125c_1.08v -- generated by sim/harness, do not edit

Doing analysis at TEMP = 125.000000 and TNOM = 27.000000

Using SPARSE 1.3 as Direct Linear Solver

No. of Data Rows : 6
voa = -1.337139212e-03
ddc = 7.2938011531e-07
dde = -4.903573046e-06
Reset re-loads circuit * comparator-offset-mc @ sf_mismatch_125c_1.08v -- generated by sim/harness, do not edit

Circuit: * comparator-offset-mc @ sf_mismatch_125c_1.08v -- generated by sim/harness, do not edit

Doing analysis at TEMP = 125.000000 and TNOM = 27.000000

Using SPARSE 1.3 as Direct Linear Solver

No. of Data Rows : 6
voa = -7.971525355e-03
ddc = 1.1020710855e-04
dde = -1.144493126e-04
Reset re-loads circuit * comparator-offset-mc @ sf_mismatch_125c_1.08v -- generated by sim/harness, do not edit

Circuit: * comparator-offset-mc @ sf_mismatch_125c_1.08v -- generated by sim/harness, do not edit

Doing analysis at TEMP = 125.000000 and TNOM = 27.000000

Using SPARSE 1.3 as Direct Linear Solver

No. of Data Rows : 6
voa = -5.163311640e-04
ddc = 5.4405199278e-06
dde = -3.109981436e-06
Reset re-loads circuit * comparator-offset-mc @ sf_mismatch_125c_1.08v -- generated by sim/harness, do not edit

Circuit: * comparator-offset-mc @ sf_mismatch_125c_1.08v -- generated by sim/harness, do not edit

Doing analysis at TEMP = 125.000000 and TNOM = 27.000000

Using SPARSE 1.3 as Direct Linear Solver

No. of Data Rows : 6
voa = -6.321720525e-03
ddc = 1.2595552388e-05
dde = -2.606690856e-05
Reset re-loads circuit * comparator-offset-mc @ sf_mismatch_125c_1.08v -- generated by sim/harness, do not edit

Circuit: * comparator-offset-mc @ sf_mismatch_125c_1.08v -- generated by sim/harness, do not edit

Doing analysis at TEMP = 125.000000 and TNOM = 27.000000

Using SPARSE 1.3 as Direct Linear Solver

No. of Data Rows : 6
voa = -7.852835748e-03
ddc = 1.2885935494e-05
dde = -2.560568737e-05
Reset re-loads circuit * comparator-offset-mc @ sf_mismatch_125c_1.08v -- generated by sim/harness, do not edit

Circuit: * comparator-offset-mc @ sf_mismatch_125c_1.08v -- generated by sim/harness, do not edit

Doing analysis at TEMP = 125.000000 and TNOM = 27.000000

Using SPARSE 1.3 as Direct Linear Solver

No. of Data Rows : 6
voa = -2.966408647e-03
ddc = 5.8391117960e-05
dde = -4.811015438e-05
Reset re-loads circuit * comparator-offset-mc @ sf_mismatch_125c_1.08v -- generated by sim/harness, do not edit

Circuit: * comparator-offset-mc @ sf_mismatch_125c_1.08v -- generated by sim/harness, do not edit

Doing analysis at TEMP = 125.000000 and TNOM = 27.000000

Using SPARSE 1.3 as Direct Linear Solver

No. of Data Rows : 6
voa = -1.973658678e-04
ddc = 1.3859532140e-05
dde = -1.482444258e-05
Reset re-loads circuit * comparator-offset-mc @ sf_mismatch_125c_1.08v -- generated by sim/harness, do not edit

Circuit: * comparator-offset-mc @ sf_mismatch_125c_1.08v -- generated by sim/harness, do not edit

Doing analysis at TEMP = 125.000000 and TNOM = 27.000000

Using SPARSE 1.3 as Direct Linear Solver

No. of Data Rows : 6
voa = -3.820726604e-03
ddc = 1.1968249839e-05
dde = -9.233165680e-06
Reset re-loads circuit * comparator-offset-mc @ sf_mismatch_125c_1.08v -- generated by sim/harness, do not edit

Circuit: * comparator-offset-mc @ sf_mismatch_125c_1.08v -- generated by sim/harness, do not edit

Doing analysis at TEMP = 125.000000 and TNOM = 27.000000

Using SPARSE 1.3 as Direct Linear Solver

No. of Data Rows : 6
voa = 1.3635721044e-03
ddc = -2.926514563e-05
dde = 2.5588146878e-05
Reset re-loads circuit * comparator-offset-mc @ sf_mismatch_125c_1.08v -- generated by sim/harness, do not edit

Circuit: * comparator-offset-mc @ sf_mismatch_125c_1.08v -- generated by sim/harness, do not edit

Doing analysis at TEMP = 125.000000 and TNOM = 27.000000

Using SPARSE 1.3 as Direct Linear Solver

No. of Data Rows : 6
voa = -6.376953929e-04
ddc = -1.860398258e-06
dde = 1.3534512209e-06
Reset re-loads circuit * comparator-offset-mc @ sf_mismatch_125c_1.08v -- generated by sim/harness, do not edit

Circuit: * comparator-offset-mc @ sf_mismatch_125c_1.08v -- generated by sim/harness, do not edit

Doing analysis at TEMP = 125.000000 and TNOM = 27.000000

Using SPARSE 1.3 as Direct Linear Solver
 Reference value :  0.00000e+00
No. of Data Rows : 6
voa = -3.616825204e-03
ddc = -3.243540907e-05
dde = 1.4482042791e-05
Reset re-loads circuit * comparator-offset-mc @ sf_mismatch_125c_1.08v -- generated by sim/harness, do not edit

Circuit: * comparator-offset-mc @ sf_mismatch_125c_1.08v -- generated by sim/harness, do not edit

Doing analysis at TEMP = 125.000000 and TNOM = 27.000000

Using SPARSE 1.3 as Direct Linear Solver

No. of Data Rows : 6
voa = -9.364747181e-03
ddc = 5.2038377848e-05
dde = -6.056429963e-05
Reset re-loads circuit * comparator-offset-mc @ sf_mismatch_125c_1.08v -- generated by sim/harness, do not edit

Circuit: * comparator-offset-mc @ sf_mismatch_125c_1.08v -- generated by sim/harness, do not edit

Doing analysis at TEMP = 125.000000 and TNOM = 27.000000

Using SPARSE 1.3 as Direct Linear Solver

No. of Data Rows : 6
voa = 1.8972016157e-03
ddc = -2.862917288e-05
dde = 1.7116416231e-05
Reset re-loads circuit * comparator-offset-mc @ sf_mismatch_125c_1.08v -- generated by sim/harness, do not edit

Circuit: * comparator-offset-mc @ sf_mismatch_125c_1.08v -- generated by sim/harness, do not edit

Doing analysis at TEMP = 125.000000 and TNOM = 27.000000

Using SPARSE 1.3 as Direct Linear Solver

No. of Data Rows : 6
voa = -7.543151887e-03
ddc = -3.224617986e-05
dde = 1.7102560516e-05
Reset re-loads circuit * comparator-offset-mc @ sf_mismatch_125c_1.08v -- generated by sim/harness, do not edit

Circuit: * comparator-offset-mc @ sf_mismatch_125c_1.08v -- generated by sim/harness, do not edit

Doing analysis at TEMP = 125.000000 and TNOM = 27.000000

Using SPARSE 1.3 as Direct Linear Solver

No. of Data Rows : 6
voa = 1.0810202856e-03
ddc = -9.192079911e-06
dde = 6.1153103281e-06
Reset re-loads circuit * comparator-offset-mc @ sf_mismatch_125c_1.08v -- generated by sim/harness, do not edit

Circuit: * comparator-offset-mc @ sf_mismatch_125c_1.08v -- generated by sim/harness, do not edit

Doing analysis at TEMP = 125.000000 and TNOM = 27.000000

Using SPARSE 1.3 as Direct Linear Solver

No. of Data Rows : 6
voa = 7.1812557752e-03
ddc = -9.239935912e-05
dde = 1.0270471272e-04
Reset re-loads circuit * comparator-offset-mc @ sf_mismatch_125c_1.08v -- generated by sim/harness, do not edit

Circuit: * comparator-offset-mc @ sf_mismatch_125c_1.08v -- generated by sim/harness, do not edit

Doing analysis at TEMP = 125.000000 and TNOM = 27.000000

Using SPARSE 1.3 as Direct Linear Solver

No. of Data Rows : 6
voa = -6.215184644e-03
ddc = 2.6882734296e-05
dde = -5.126324953e-05
Reset re-loads circuit * comparator-offset-mc @ sf_mismatch_125c_1.08v -- generated by sim/harness, do not edit

Circuit: * comparator-offset-mc @ sf_mismatch_125c_1.08v -- generated by sim/harness, do not edit

Doing analysis at TEMP = 125.000000 and TNOM = 27.000000

Using SPARSE 1.3 as Direct Linear Solver

No. of Data Rows : 6
voa = -5.005079992e-04
ddc = -9.053762469e-05
dde = 8.0463292766e-05
Reset re-loads circuit * comparator-offset-mc @ sf_mismatch_125c_1.08v -- generated by sim/harness, do not edit

Circuit: * comparator-offset-mc @ sf_mismatch_125c_1.08v -- generated by sim/harness, do not edit

Doing analysis at TEMP = 125.000000 and TNOM = 27.000000

Using SPARSE 1.3 as Direct Linear Solver

No. of Data Rows : 6
voa = -6.907871837e-03
ddc = 1.5181066209e-04
dde = -1.469466352e-04
Reset re-loads circuit * comparator-offset-mc @ sf_mismatch_125c_1.08v -- generated by sim/harness, do not edit

Circuit: * comparator-offset-mc @ sf_mismatch_125c_1.08v -- generated by sim/harness, do not edit

Doing analysis at TEMP = 125.000000 and TNOM = 27.000000

Using SPARSE 1.3 as Direct Linear Solver

No. of Data Rows : 6
voa = 2.0453407198e-03
ddc = -1.450614930e-06
dde = 3.0075865677e-06
Reset re-loads circuit * comparator-offset-mc @ sf_mismatch_125c_1.08v -- generated by sim/harness, do not edit

Circuit: * comparator-offset-mc @ sf_mismatch_125c_1.08v -- generated by sim/harness, do not edit

Doing analysis at TEMP = 125.000000 and TNOM = 27.000000

Using SPARSE 1.3 as Direct Linear Solver

No. of Data Rows : 6
voa = -1.568206859e-04
ddc = 2.6908724814e-05
dde = -2.527338987e-05
Reset re-loads circuit * comparator-offset-mc @ sf_mismatch_125c_1.08v -- generated by sim/harness, do not edit

Circuit: * comparator-offset-mc @ sf_mismatch_125c_1.08v -- generated by sim/harness, do not edit

Doing analysis at TEMP = 125.000000 and TNOM = 27.000000

Using SPARSE 1.3 as Direct Linear Solver

No. of Data Rows : 6
voa = 6.1226217463e-03
ddc = -7.907390447e-06
dde = 7.3719260784e-06
Reset re-loads circuit * comparator-offset-mc @ sf_mismatch_125c_1.08v -- generated by sim/harness, do not edit

Circuit: * comparator-offset-mc @ sf_mismatch_125c_1.08v -- generated by sim/harness, do not edit

Doing analysis at TEMP = 125.000000 and TNOM = 27.000000

Using SPARSE 1.3 as Direct Linear Solver

No. of Data Rows : 6
voa = 5.3327208018e-03
ddc = -1.372724963e-05
dde = 2.6273293724e-05
Reset re-loads circuit * comparator-offset-mc @ sf_mismatch_125c_1.08v -- generated by sim/harness, do not edit

Circuit: * comparator-offset-mc @ sf_mismatch_125c_1.08v -- generated by sim/harness, do not edit

Doing analysis at TEMP = 125.000000 and TNOM = 27.000000

Using SPARSE 1.3 as Direct Linear Solver
 Reference value :  0.00000e+00
No. of Data Rows : 6
voa = -2.919671020e-03
ddc = 1.2111325449e-05
dde = -1.482721414e-05
Reset re-loads circuit * comparator-offset-mc @ sf_mismatch_125c_1.08v -- generated by sim/harness, do not edit

Circuit: * comparator-offset-mc @ sf_mismatch_125c_1.08v -- generated by sim/harness, do not edit

Doing analysis at TEMP = 125.000000 and TNOM = 27.000000

Using SPARSE 1.3 as Direct Linear Solver

No. of Data Rows : 6
voa = 2.5694027877e-03
ddc = 5.3244058939e-05
dde = -4.220898226e-05
Reset re-loads circuit * comparator-offset-mc @ sf_mismatch_125c_1.08v -- generated by sim/harness, do not edit

Circuit: * comparator-offset-mc @ sf_mismatch_125c_1.08v -- generated by sim/harness, do not edit

Doing analysis at TEMP = 125.000000 and TNOM = 27.000000

Using SPARSE 1.3 as Direct Linear Solver

No. of Data Rows : 6
voa = -5.023693300e-03
ddc = -2.946805168e-05
dde = 1.9620642068e-05
Reset re-loads circuit * comparator-offset-mc @ sf_mismatch_125c_1.08v -- generated by sim/harness, do not edit

Circuit: * comparator-offset-mc @ sf_mismatch_125c_1.08v -- generated by sim/harness, do not edit

Doing analysis at TEMP = 125.000000 and TNOM = 27.000000

Using SPARSE 1.3 as Direct Linear Solver

No. of Data Rows : 6
voa = 7.1329382953e-03
ddc = -1.194332847e-04
dde = 1.3265840260e-04
Reset re-loads circuit * comparator-offset-mc @ sf_mismatch_125c_1.08v -- generated by sim/harness, do not edit

Circuit: * comparator-offset-mc @ sf_mismatch_125c_1.08v -- generated by sim/harness, do not edit

Doing analysis at TEMP = 125.000000 and TNOM = 27.000000

Using SPARSE 1.3 as Direct Linear Solver

No. of Data Rows : 6
voa = 7.9284901621e-03
ddc = -7.870988546e-05
dde = 8.6549361070e-05
Reset re-loads circuit * comparator-offset-mc @ sf_mismatch_125c_1.08v -- generated by sim/harness, do not edit

Circuit: * comparator-offset-mc @ sf_mismatch_125c_1.08v -- generated by sim/harness, do not edit

Doing analysis at TEMP = 125.000000 and TNOM = 27.000000

Using SPARSE 1.3 as Direct Linear Solver

No. of Data Rows : 6
voa = 1.9751363337e-03
ddc = -7.314088815e-05
dde = 8.2309670441e-05
Reset re-loads circuit * comparator-offset-mc @ sf_mismatch_125c_1.08v -- generated by sim/harness, do not edit

Circuit: * comparator-offset-mc @ sf_mismatch_125c_1.08v -- generated by sim/harness, do not edit

Doing analysis at TEMP = 125.000000 and TNOM = 27.000000

Using SPARSE 1.3 as Direct Linear Solver

No. of Data Rows : 6
voa = 1.1916181734e-02
ddc = -4.551069023e-05
dde = 6.6072613738e-05
Reset re-loads circuit * comparator-offset-mc @ sf_mismatch_125c_1.08v -- generated by sim/harness, do not edit

Circuit: * comparator-offset-mc @ sf_mismatch_125c_1.08v -- generated by sim/harness, do not edit

Doing analysis at TEMP = 125.000000 and TNOM = 27.000000

Using SPARSE 1.3 as Direct Linear Solver

No. of Data Rows : 6
voa = -3.259669495e-04
ddc = -1.859030032e-05
dde = 1.3123633709e-05
Reset re-loads circuit * comparator-offset-mc @ sf_mismatch_125c_1.08v -- generated by sim/harness, do not edit

Circuit: * comparator-offset-mc @ sf_mismatch_125c_1.08v -- generated by sim/harness, do not edit

Doing analysis at TEMP = 125.000000 and TNOM = 27.000000

Using SPARSE 1.3 as Direct Linear Solver

No. of Data Rows : 6
voa = 2.9644489247e-04
ddc = -3.448166094e-05
dde = 3.0373403139e-05
Reset re-loads circuit * comparator-offset-mc @ sf_mismatch_125c_1.08v -- generated by sim/harness, do not edit

Circuit: * comparator-offset-mc @ sf_mismatch_125c_1.08v -- generated by sim/harness, do not edit

Doing analysis at TEMP = 125.000000 and TNOM = 27.000000

Using SPARSE 1.3 as Direct Linear Solver

No. of Data Rows : 6
voa = 9.2510963343e-03
ddc = -1.098516299e-04
dde = 1.1827229898e-04
Reset re-loads circuit * comparator-offset-mc @ sf_mismatch_125c_1.08v -- generated by sim/harness, do not edit

Circuit: * comparator-offset-mc @ sf_mismatch_125c_1.08v -- generated by sim/harness, do not edit

Doing analysis at TEMP = 125.000000 and TNOM = 27.000000

Using SPARSE 1.3 as Direct Linear Solver

No. of Data Rows : 6
voa = 3.8988614637e-03
ddc = -8.359616064e-05
dde = 8.8609068982e-05
Reset re-loads circuit * comparator-offset-mc @ sf_mismatch_125c_1.08v -- generated by sim/harness, do not edit

Circuit: * comparator-offset-mc @ sf_mismatch_125c_1.08v -- generated by sim/harness, do not edit

Doing analysis at TEMP = 125.000000 and TNOM = 27.000000

Using SPARSE 1.3 as Direct Linear Solver

No. of Data Rows : 6
voa = 1.2044746075e-02
ddc = -9.229662335e-05
dde = 1.1994694657e-04
Reset re-loads circuit * comparator-offset-mc @ sf_mismatch_125c_1.08v -- generated by sim/harness, do not edit

Circuit: * comparator-offset-mc @ sf_mismatch_125c_1.08v -- generated by sim/harness, do not edit

Doing analysis at TEMP = 125.000000 and TNOM = 27.000000

Using SPARSE 1.3 as Direct Linear Solver

No. of Data Rows : 6
voa = -5.147654876e-03
ddc = 1.0107422251e-04
dde = -1.133764282e-04
Reset re-loads circuit * comparator-offset-mc @ sf_mismatch_125c_1.08v -- generated by sim/harness, do not edit

Circuit: * comparator-offset-mc @ sf_mismatch_125c_1.08v -- generated by sim/harness, do not edit

Doing analysis at TEMP = 125.000000 and TNOM = 27.000000

Using SPARSE 1.3 as Direct Linear Solver

No. of Data Rows : 6
voa = 1.1028982686e-03
ddc = -3.129100298e-05
dde = 3.6941959218e-05
Reset re-loads circuit * comparator-offset-mc @ sf_mismatch_125c_1.08v -- generated by sim/harness, do not edit

Circuit: * comparator-offset-mc @ sf_mismatch_125c_1.08v -- generated by sim/harness, do not edit

Doing analysis at TEMP = 125.000000 and TNOM = 27.000000

Using SPARSE 1.3 as Direct Linear Solver

No. of Data Rows : 6
voa = 9.0075597594e-03
ddc = -6.353676262e-05
dde = 8.7064642019e-05
Reset re-loads circuit * comparator-offset-mc @ sf_mismatch_125c_1.08v -- generated by sim/harness, do not edit

Circuit: * comparator-offset-mc @ sf_mismatch_125c_1.08v -- generated by sim/harness, do not edit

Doing analysis at TEMP = 125.000000 and TNOM = 27.000000

Using SPARSE 1.3 as Direct Linear Solver

No. of Data Rows : 6
voa = -6.305943561e-03
ddc = 3.3880895312e-05
dde = -4.286644820e-05
Reset re-loads circuit * comparator-offset-mc @ sf_mismatch_125c_1.08v -- generated by sim/harness, do not edit

Circuit: * comparator-offset-mc @ sf_mismatch_125c_1.08v -- generated by sim/harness, do not edit

Doing analysis at TEMP = 125.000000 and TNOM = 27.000000

Using SPARSE 1.3 as Direct Linear Solver
 Reference value :  0.00000e+00
No. of Data Rows : 6
voa = 1.4171886396e-02
ddc = -1.311076725e-04
dde = 1.5009957580e-04
Reset re-loads circuit * comparator-offset-mc @ sf_mismatch_125c_1.08v -- generated by sim/harness, do not edit

Circuit: * comparator-offset-mc @ sf_mismatch_125c_1.08v -- generated by sim/harness, do not edit

Doing analysis at TEMP = 125.000000 and TNOM = 27.000000

Using SPARSE 1.3 as Direct Linear Solver

No. of Data Rows : 6
voa = -3.567673674e-03
ddc = -6.707646313e-07
dde = 4.1585370442e-06
Reset re-loads circuit * comparator-offset-mc @ sf_mismatch_125c_1.08v -- generated by sim/harness, do not edit

Circuit: * comparator-offset-mc @ sf_mismatch_125c_1.08v -- generated by sim/harness, do not edit

Doing analysis at TEMP = 125.000000 and TNOM = 27.000000

Using SPARSE 1.3 as Direct Linear Solver

No. of Data Rows : 6
voa = 3.7944612923e-03
ddc = -4.399137995e-05
dde = 4.9569679533e-05
Reset re-loads circuit * comparator-offset-mc @ sf_mismatch_125c_1.08v -- generated by sim/harness, do not edit

Circuit: * comparator-offset-mc @ sf_mismatch_125c_1.08v -- generated by sim/harness, do not edit

Doing analysis at TEMP = 125.000000 and TNOM = 27.000000

Using SPARSE 1.3 as Direct Linear Solver

No. of Data Rows : 6
voa = -3.052987856e-03
ddc = 7.1088177854e-05
dde = -7.049964145e-05
Reset re-loads circuit * comparator-offset-mc @ sf_mismatch_125c_1.08v -- generated by sim/harness, do not edit

Circuit: * comparator-offset-mc @ sf_mismatch_125c_1.08v -- generated by sim/harness, do not edit

Doing analysis at TEMP = 125.000000 and TNOM = 27.000000

Using SPARSE 1.3 as Direct Linear Solver

No. of Data Rows : 6
voa = -4.979990924e-03
ddc = 2.7047607565e-05
dde = -5.010345920e-05
Reset re-loads circuit * comparator-offset-mc @ sf_mismatch_125c_1.08v -- generated by sim/harness, do not edit

Circuit: * comparator-offset-mc @ sf_mismatch_125c_1.08v -- generated by sim/harness, do not edit

Doing analysis at TEMP = 125.000000 and TNOM = 27.000000

Using SPARSE 1.3 as Direct Linear Solver

No. of Data Rows : 6
voa = 5.5431417452e-03
ddc = -3.227065270e-05
dde = 5.3030317899e-05
Reset re-loads circuit * comparator-offset-mc @ sf_mismatch_125c_1.08v -- generated by sim/harness, do not edit

Circuit: * comparator-offset-mc @ sf_mismatch_125c_1.08v -- generated by sim/harness, do not edit

Doing analysis at TEMP = 125.000000 and TNOM = 27.000000

Using SPARSE 1.3 as Direct Linear Solver

No. of Data Rows : 6
voa = 4.4822045973e-03
ddc = 1.8900075549e-05
dde = 1.8881740585e-06
Reset re-loads circuit * comparator-offset-mc @ sf_mismatch_125c_1.08v -- generated by sim/harness, do not edit

Circuit: * comparator-offset-mc @ sf_mismatch_125c_1.08v -- generated by sim/harness, do not edit

Doing analysis at TEMP = 125.000000 and TNOM = 27.000000

Using SPARSE 1.3 as Direct Linear Solver

No. of Data Rows : 6
voa = 7.6104090340e-03
ddc = -7.785089455e-05
dde = 9.6445878235e-05
Reset re-loads circuit * comparator-offset-mc @ sf_mismatch_125c_1.08v -- generated by sim/harness, do not edit

Circuit: * comparator-offset-mc @ sf_mismatch_125c_1.08v -- generated by sim/harness, do not edit

Doing analysis at TEMP = 125.000000 and TNOM = 27.000000

Using SPARSE 1.3 as Direct Linear Solver

No. of Data Rows : 6
voa = 3.5830399920e-03
ddc = -1.872794657e-05
dde = 1.8301230345e-05
Reset re-loads circuit * comparator-offset-mc @ sf_mismatch_125c_1.08v -- generated by sim/harness, do not edit

Circuit: * comparator-offset-mc @ sf_mismatch_125c_1.08v -- generated by sim/harness, do not edit

Doing analysis at TEMP = 125.000000 and TNOM = 27.000000

Using SPARSE 1.3 as Direct Linear Solver

No. of Data Rows : 6
voa = 2.7932293384e-03
ddc = 5.5319597853e-05
dde = -3.545668381e-05
Reset re-loads circuit * comparator-offset-mc @ sf_mismatch_125c_1.08v -- generated by sim/harness, do not edit

Circuit: * comparator-offset-mc @ sf_mismatch_125c_1.08v -- generated by sim/harness, do not edit

Doing analysis at TEMP = 125.000000 and TNOM = 27.000000

Using SPARSE 1.3 as Direct Linear Solver

No. of Data Rows : 6
voa = -6.661547337e-03
ddc = 3.6791748044e-05
dde = -4.691184976e-05
Reset re-loads circuit * comparator-offset-mc @ sf_mismatch_125c_1.08v -- generated by sim/harness, do not edit

Circuit: * comparator-offset-mc @ sf_mismatch_125c_1.08v -- generated by sim/harness, do not edit

Doing analysis at TEMP = 125.000000 and TNOM = 27.000000

Using SPARSE 1.3 as Direct Linear Solver

No. of Data Rows : 6
voa = 1.3389070711e-02
ddc = -8.464156485e-05
dde = 1.0505000151e-04
Reset re-loads circuit * comparator-offset-mc @ sf_mismatch_125c_1.08v -- generated by sim/harness, do not edit

Circuit: * comparator-offset-mc @ sf_mismatch_125c_1.08v -- generated by sim/harness, do not edit

Doing analysis at TEMP = 125.000000 and TNOM = 27.000000

Using SPARSE 1.3 as Direct Linear Solver

No. of Data Rows : 6
voa = 7.8448554139e-03
ddc = 5.6250979642e-05
dde = -3.610691692e-05
Reset re-loads circuit * comparator-offset-mc @ sf_mismatch_125c_1.08v -- generated by sim/harness, do not edit

Circuit: * comparator-offset-mc @ sf_mismatch_125c_1.08v -- generated by sim/harness, do not edit

Doing analysis at TEMP = 125.000000 and TNOM = 27.000000

Using SPARSE 1.3 as Direct Linear Solver

No. of Data Rows : 6
voa = 4.0530991707e-03
ddc = -4.108544343e-05
dde = 4.3304404955e-05
Reset re-loads circuit * comparator-offset-mc @ sf_mismatch_125c_1.08v -- generated by sim/harness, do not edit

Circuit: * comparator-offset-mc @ sf_mismatch_125c_1.08v -- generated by sim/harness, do not edit

Doing analysis at TEMP = 125.000000 and TNOM = 27.000000

Using SPARSE 1.3 as Direct Linear Solver

No. of Data Rows : 6
voa = -8.220183370e-04
ddc = 1.4138965524e-05
dde = -2.057217673e-05
Reset re-loads circuit * comparator-offset-mc @ sf_mismatch_125c_1.08v -- generated by sim/harness, do not edit

Circuit: * comparator-offset-mc @ sf_mismatch_125c_1.08v -- generated by sim/harness, do not edit

Doing analysis at TEMP = 125.000000 and TNOM = 27.000000

Using SPARSE 1.3 as Direct Linear Solver
 Reference value :  0.00000e+00
No. of Data Rows : 6
voa = 2.6930419539e-03
ddc = 1.3153711527e-05
dde = -2.424907670e-05
Reset re-loads circuit * comparator-offset-mc @ sf_mismatch_125c_1.08v -- generated by sim/harness, do not edit

Circuit: * comparator-offset-mc @ sf_mismatch_125c_1.08v -- generated by sim/harness, do not edit

Doing analysis at TEMP = 125.000000 and TNOM = 27.000000

Using SPARSE 1.3 as Direct Linear Solver

No. of Data Rows : 6
voa = -1.302555707e-03
ddc = 3.5485960318e-05
dde = -3.991181899e-05
Reset re-loads circuit * comparator-offset-mc @ sf_mismatch_125c_1.08v -- generated by sim/harness, do not edit

Circuit: * comparator-offset-mc @ sf_mismatch_125c_1.08v -- generated by sim/harness, do not edit

Doing analysis at TEMP = 125.000000 and TNOM = 27.000000

Using SPARSE 1.3 as Direct Linear Solver

No. of Data Rows : 6
voa = -1.630266868e-04
ddc = -8.241153015e-07
dde = 1.6698360318e-06
Reset re-loads circuit * comparator-offset-mc @ sf_mismatch_125c_1.08v -- generated by sim/harness, do not edit

Circuit: * comparator-offset-mc @ sf_mismatch_125c_1.08v -- generated by sim/harness, do not edit

Doing analysis at TEMP = 125.000000 and TNOM = 27.000000

Using SPARSE 1.3 as Direct Linear Solver

No. of Data Rows : 6
voa = 3.2501476014e-03
ddc = -7.446672253e-05
dde = 9.1632894285e-05
Reset re-loads circuit * comparator-offset-mc @ sf_mismatch_125c_1.08v -- generated by sim/harness, do not edit

Circuit: * comparator-offset-mc @ sf_mismatch_125c_1.08v -- generated by sim/harness, do not edit

Doing analysis at TEMP = 125.000000 and TNOM = 27.000000

Using SPARSE 1.3 as Direct Linear Solver

No. of Data Rows : 6
voa = 7.5076620596e-04
ddc = -3.330996270e-06
dde = 1.4134289252e-05
Reset re-loads circuit * comparator-offset-mc @ sf_mismatch_125c_1.08v -- generated by sim/harness, do not edit

Circuit: * comparator-offset-mc @ sf_mismatch_125c_1.08v -- generated by sim/harness, do not edit

Doing analysis at TEMP = 125.000000 and TNOM = 27.000000

Using SPARSE 1.3 as Direct Linear Solver

No. of Data Rows : 6
voa = 5.2971855067e-03
ddc = -3.867815959e-05
dde = 4.8230364085e-05
Reset re-loads circuit * comparator-offset-mc @ sf_mismatch_125c_1.08v -- generated by sim/harness, do not edit

Circuit: * comparator-offset-mc @ sf_mismatch_125c_1.08v -- generated by sim/harness, do not edit

Doing analysis at TEMP = 125.000000 and TNOM = 27.000000

Using SPARSE 1.3 as Direct Linear Solver

No. of Data Rows : 6
voa = -5.995637833e-03
ddc = 6.0938281710e-05
dde = -8.017137381e-05
Reset re-loads circuit * comparator-offset-mc @ sf_mismatch_125c_1.08v -- generated by sim/harness, do not edit

Circuit: * comparator-offset-mc @ sf_mismatch_125c_1.08v -- generated by sim/harness, do not edit

Doing analysis at TEMP = 125.000000 and TNOM = 27.000000

Using SPARSE 1.3 as Direct Linear Solver

No. of Data Rows : 6
voa = -6.817239461e-03
ddc = 7.0167934283e-05
dde = -8.387402344e-05
Reset re-loads circuit * comparator-offset-mc @ sf_mismatch_125c_1.08v -- generated by sim/harness, do not edit

Circuit: * comparator-offset-mc @ sf_mismatch_125c_1.08v -- generated by sim/harness, do not edit

Doing analysis at TEMP = 125.000000 and TNOM = 27.000000

Using SPARSE 1.3 as Direct Linear Solver

No. of Data Rows : 6
voa = -2.515742603e-03
ddc = 8.8844491220e-06
dde = -1.866956704e-05
Reset re-loads circuit * comparator-offset-mc @ sf_mismatch_125c_1.08v -- generated by sim/harness, do not edit

Circuit: * comparator-offset-mc @ sf_mismatch_125c_1.08v -- generated by sim/harness, do not edit

Doing analysis at TEMP = 125.000000 and TNOM = 27.000000

Using SPARSE 1.3 as Direct Linear Solver

No. of Data Rows : 6
voa = -7.834809574e-03
ddc = 3.3846774467e-05
dde = -5.789204583e-05
Reset re-loads circuit * comparator-offset-mc @ sf_mismatch_125c_1.08v -- generated by sim/harness, do not edit

Circuit: * comparator-offset-mc @ sf_mismatch_125c_1.08v -- generated by sim/harness, do not edit

Doing analysis at TEMP = 125.000000 and TNOM = 27.000000

Using SPARSE 1.3 as Direct Linear Solver

No. of Data Rows : 6
voa = -3.297712702e-04
ddc = 2.0882471402e-05
dde = -1.273638751e-05
Reset re-loads circuit * comparator-offset-mc @ sf_mismatch_125c_1.08v -- generated by sim/harness, do not edit

Circuit: * comparator-offset-mc @ sf_mismatch_125c_1.08v -- generated by sim/harness, do not edit

Doing analysis at TEMP = 125.000000 and TNOM = 27.000000

Using SPARSE 1.3 as Direct Linear Solver

No. of Data Rows : 6
voa = 8.2170584097e-03
ddc = -3.144577049e-05
dde = 5.0285464420e-05
Reset re-loads circuit * comparator-offset-mc @ sf_mismatch_125c_1.08v -- generated by sim/harness, do not edit

Circuit: * comparator-offset-mc @ sf_mismatch_125c_1.08v -- generated by sim/harness, do not edit

Doing analysis at TEMP = 125.000000 and TNOM = 27.000000

Using SPARSE 1.3 as Direct Linear Solver

No. of Data Rows : 6
voa = -7.814736121e-03
ddc = 2.2366013824e-05
dde = -2.291438243e-05
Reset re-loads circuit * comparator-offset-mc @ sf_mismatch_125c_1.08v -- generated by sim/harness, do not edit

Circuit: * comparator-offset-mc @ sf_mismatch_125c_1.08v -- generated by sim/harness, do not edit

Doing analysis at TEMP = 125.000000 and TNOM = 27.000000

Using SPARSE 1.3 as Direct Linear Solver

No. of Data Rows : 6
voa = -7.780125410e-03
ddc = 2.9424569697e-06
dde = -1.975068686e-05
Reset re-loads circuit * comparator-offset-mc @ sf_mismatch_125c_1.08v -- generated by sim/harness, do not edit

Circuit: * comparator-offset-mc @ sf_mismatch_125c_1.08v -- generated by sim/harness, do not edit

Doing analysis at TEMP = 125.000000 and TNOM = 27.000000

Using SPARSE 1.3 as Direct Linear Solver

No. of Data Rows : 6
voa = -3.258672259e-03
ddc = 4.0249733162e-05
dde = -2.948797553e-05
Reset re-loads circuit * comparator-offset-mc @ sf_mismatch_125c_1.08v -- generated by sim/harness, do not edit

Circuit: * comparator-offset-mc @ sf_mismatch_125c_1.08v -- generated by sim/harness, do not edit

Doing analysis at TEMP = 125.000000 and TNOM = 27.000000

Using SPARSE 1.3 as Direct Linear Solver

No. of Data Rows : 6
voa = -2.136000677e-03
ddc = -2.475616484e-05
dde = 1.1093345813e-05
Reset re-loads circuit * comparator-offset-mc @ sf_mismatch_125c_1.08v -- generated by sim/harness, do not edit

Circuit: * comparator-offset-mc @ sf_mismatch_125c_1.08v -- generated by sim/harness, do not edit

Doing analysis at TEMP = 125.000000 and TNOM = 27.000000

Using SPARSE 1.3 as Direct Linear Solver

No. of Data Rows : 6
voa = -8.978146632e-03
ddc = 1.1870807991e-05
dde = -2.748341806e-05
Reset re-loads circuit * comparator-offset-mc @ sf_mismatch_125c_1.08v -- generated by sim/harness, do not edit

Circuit: * comparator-offset-mc @ sf_mismatch_125c_1.08v -- generated by sim/harness, do not edit

Doing analysis at TEMP = 125.000000 and TNOM = 27.000000

Using SPARSE 1.3 as Direct Linear Solver

No. of Data Rows : 6
voa = -1.160309960e-03
ddc = -1.711128964e-06
dde = 8.2942225410e-07
Reset re-loads circuit * comparator-offset-mc @ sf_mismatch_125c_1.08v -- generated by sim/harness, do not edit

Circuit: * comparator-offset-mc @ sf_mismatch_125c_1.08v -- generated by sim/harness, do not edit

Doing analysis at TEMP = 125.000000 and TNOM = 27.000000

Using SPARSE 1.3 as Direct Linear Solver

No. of Data Rows : 6
voa = 1.5368677843e-03
ddc = -4.076726042e-05
dde = 4.1054014182e-05
Reset re-loads circuit * comparator-offset-mc @ sf_mismatch_125c_1.08v -- generated by sim/harness, do not edit

Circuit: * comparator-offset-mc @ sf_mismatch_125c_1.08v -- generated by sim/harness, do not edit

Doing analysis at TEMP = 125.000000 and TNOM = 27.000000

Using SPARSE 1.3 as Direct Linear Solver
 Reference value :  0.00000e+00
No. of Data Rows : 6
voa = 3.2530989271e-03
ddc = 1.7349774660e-06
dde = 3.3484291890e-06
Reset re-loads circuit * comparator-offset-mc @ sf_mismatch_125c_1.08v -- generated by sim/harness, do not edit

Circuit: * comparator-offset-mc @ sf_mismatch_125c_1.08v -- generated by sim/harness, do not edit

Doing analysis at TEMP = 125.000000 and TNOM = 27.000000

Using SPARSE 1.3 as Direct Linear Solver

No. of Data Rows : 6
voa = -3.788056486e-03
ddc = 9.7359297799e-05
dde = -1.027770548e-04
Reset re-loads circuit * comparator-offset-mc @ sf_mismatch_125c_1.08v -- generated by sim/harness, do not edit

Circuit: * comparator-offset-mc @ sf_mismatch_125c_1.08v -- generated by sim/harness, do not edit

Doing analysis at TEMP = 125.000000 and TNOM = 27.000000

Using SPARSE 1.3 as Direct Linear Solver

No. of Data Rows : 6
voa = -6.288060884e-03
ddc = 1.0105173684e-04
dde = -1.116786776e-04
Reset re-loads circuit * comparator-offset-mc @ sf_mismatch_125c_1.08v -- generated by sim/harness, do not edit

Circuit: * comparator-offset-mc @ sf_mismatch_125c_1.08v -- generated by sim/harness, do not edit

Doing analysis at TEMP = 125.000000 and TNOM = 27.000000

Using SPARSE 1.3 as Direct Linear Solver

No. of Data Rows : 6
voa = -1.077472177e-02
ddc = 1.0369199181e-04
dde = -1.203327988e-04
Reset re-loads circuit * comparator-offset-mc @ sf_mismatch_125c_1.08v -- generated by sim/harness, do not edit

Circuit: * comparator-offset-mc @ sf_mismatch_125c_1.08v -- generated by sim/harness, do not edit

Doing analysis at TEMP = 125.000000 and TNOM = 27.000000

Using SPARSE 1.3 as Direct Linear Solver

No. of Data Rows : 6
voa = -1.086771453e-03
ddc = 3.5645633713e-05
dde = -3.357696385e-05
Reset re-loads circuit * comparator-offset-mc @ sf_mismatch_125c_1.08v -- generated by sim/harness, do not edit

Circuit: * comparator-offset-mc @ sf_mismatch_125c_1.08v -- generated by sim/harness, do not edit

Doing analysis at TEMP = 125.000000 and TNOM = 27.000000

Using SPARSE 1.3 as Direct Linear Solver

No. of Data Rows : 6
voa = -3.299728931e-03
ddc = -2.914295822e-05
dde = 2.1217261351e-05
Reset re-loads circuit * comparator-offset-mc @ sf_mismatch_125c_1.08v -- generated by sim/harness, do not edit

Circuit: * comparator-offset-mc @ sf_mismatch_125c_1.08v -- generated by sim/harness, do not edit

Doing analysis at TEMP = 125.000000 and TNOM = 27.000000

Using SPARSE 1.3 as Direct Linear Solver

No. of Data Rows : 6
voa = -9.005689806e-04
ddc = 2.2474479197e-05
dde = -2.347220510e-05
Reset re-loads circuit * comparator-offset-mc @ sf_mismatch_125c_1.08v -- generated by sim/harness, do not edit

Circuit: * comparator-offset-mc @ sf_mismatch_125c_1.08v -- generated by sim/harness, do not edit

Doing analysis at TEMP = 125.000000 and TNOM = 27.000000

Using SPARSE 1.3 as Direct Linear Solver

No. of Data Rows : 6
voa = 2.9740148660e-03
ddc = -6.049103539e-05
dde = 5.5316781744e-05
Reset re-loads circuit * comparator-offset-mc @ sf_mismatch_125c_1.08v -- generated by sim/harness, do not edit

Circuit: * comparator-offset-mc @ sf_mismatch_125c_1.08v -- generated by sim/harness, do not edit

Doing analysis at TEMP = 125.000000 and TNOM = 27.000000

Using SPARSE 1.3 as Direct Linear Solver

No. of Data Rows : 6
voa = 1.4408971784e-02
ddc = -6.672691647e-05
dde = 8.3585484421e-05
Reset re-loads circuit * comparator-offset-mc @ sf_mismatch_125c_1.08v -- generated by sim/harness, do not edit

Circuit: * comparator-offset-mc @ sf_mismatch_125c_1.08v -- generated by sim/harness, do not edit

Doing analysis at TEMP = 125.000000 and TNOM = 27.000000

Using SPARSE 1.3 as Direct Linear Solver

No. of Data Rows : 6
voa = -3.824557637e-03
ddc = 2.4343089597e-05
dde = -2.333327912e-05
Reset re-loads circuit * comparator-offset-mc @ sf_mismatch_125c_1.08v -- generated by sim/harness, do not edit

Circuit: * comparator-offset-mc @ sf_mismatch_125c_1.08v -- generated by sim/harness, do not edit

Doing analysis at TEMP = 125.000000 and TNOM = 27.000000

Using SPARSE 1.3 as Direct Linear Solver

No. of Data Rows : 6
voa = 1.0559406330e-03
ddc = -3.605795106e-05
dde = 3.2103713531e-05
m_n_samples = 2.0000000000e+02
m_sig_vos_mv = 5.6614039943e+00
m_vos_3sig_mv = 1.6984211983e+01
m_mean_vos_uv = -6.314271771e+01
m_mean_vos_sem = -1.577299339e-01
m_sig_dvos_dn_uv = 5.5460597028e+01
m_sig_dvos_up_uv = 6.1512849787e+01
m_mean_dvos_dn_uv = -6.229534135e+00
m_mean_dvos_up_uv = 6.8190217207e+00
m_av_mean = 1.3844097719e+00
m_av_sigma_pct = 8.3103484950e-01
m_vbias_anchor_mv = 2.7304289907e+02
Note: Simulation executed from .control section 

Note: Starting dynamic gmin stepping
Note: Dynamic gmin stepping completed
Note: Starting dynamic gmin stepping
Note: Dynamic gmin stepping completed
Note: Starting dynamic gmin stepping
Note: Dynamic gmin stepping completed
Note: Starting dynamic gmin stepping
Note: Dynamic gmin stepping completed
Note: Starting dynamic gmin stepping
Note: Dynamic gmin stepping completed
Note: Starting dynamic gmin stepping
Note: Dynamic gmin stepping completed
Note: Starting dynamic gmin stepping
Note: Dynamic gmin stepping completed
Note: Starting dynamic gmin stepping
Note: Dynamic gmin stepping completed
Note: Starting dynamic gmin stepping
Note: Dynamic gmin stepping completed
Note: Starting dynamic gmin stepping
Note: Dynamic gmin stepping completed
