
Note: No compatibility mode selected!


Circuit: * comparator-offset-mc @ ss_mismatch_27c_1.20v -- generated by sim/harness, do not edit

Reset re-loads circuit * comparator-offset-mc @ ss_mismatch_27c_1.20v -- generated by sim/harness, do not edit

Circuit: * comparator-offset-mc @ ss_mismatch_27c_1.20v -- generated by sim/harness, do not edit

Doing analysis at TEMP = 27.000000 and TNOM = 27.000000

Using SPARSE 1.3 as Direct Linear Solver

No. of Data Rows : 6
voa = -3.557137311e-03
ddc = -3.528273812e-05
dde = 2.2799050011e-05
Reset re-loads circuit * comparator-offset-mc @ ss_mismatch_27c_1.20v -- generated by sim/harness, do not edit

Circuit: * comparator-offset-mc @ ss_mismatch_27c_1.20v -- generated by sim/harness, do not edit

Doing analysis at TEMP = 27.000000 and TNOM = 27.000000

Using SPARSE 1.3 as Direct Linear Solver

No. of Data Rows : 6
voa = 3.4399044973e-03
ddc = -7.472942252e-05
dde = 5.5089429066e-05
Reset re-loads circuit * comparator-offset-mc @ ss_mismatch_27c_1.20v -- generated by sim/harness, do not edit

Circuit: * comparator-offset-mc @ ss_mismatch_27c_1.20v -- generated by sim/harness, do not edit

Doing analysis at TEMP = 27.000000 and TNOM = 27.000000

Using SPARSE 1.3 as Direct Linear Solver

No. of Data Rows : 6
voa = 3.3866031483e-03
ddc = -3.464492808e-05
dde = 2.6809136640e-05
Reset re-loads circuit * comparator-offset-mc @ ss_mismatch_27c_1.20v -- generated by sim/harness, do not edit

Circuit: * comparator-offset-mc @ ss_mismatch_27c_1.20v -- generated by sim/harness, do not edit

Doing analysis at TEMP = 27.000000 and TNOM = 27.000000

Using SPARSE 1.3 as Direct Linear Solver

No. of Data Rows : 6
voa = 4.3876016264e-04
ddc = 4.0086451094e-05
dde = -2.630663235e-05
Reset re-loads circuit * comparator-offset-mc @ ss_mismatch_27c_1.20v -- generated by sim/harness, do not edit

Circuit: * comparator-offset-mc @ ss_mismatch_27c_1.20v -- generated by sim/harness, do not edit

Doing analysis at TEMP = 27.000000 and TNOM = 27.000000

Using SPARSE 1.3 as Direct Linear Solver

No. of Data Rows : 6
voa = -2.179777102e-03
ddc = 1.2385187672e-04
dde = -8.669342699e-05
Reset re-loads circuit * comparator-offset-mc @ ss_mismatch_27c_1.20v -- generated by sim/harness, do not edit

Circuit: * comparator-offset-mc @ ss_mismatch_27c_1.20v -- generated by sim/harness, do not edit

Doing analysis at TEMP = 27.000000 and TNOM = 27.000000

Using SPARSE 1.3 as Direct Linear Solver

No. of Data Rows : 6
voa = 3.1897246581e-03
ddc = 8.4127436161e-06
dde = -8.391175639e-06
Reset re-loads circuit * comparator-offset-mc @ ss_mismatch_27c_1.20v -- generated by sim/harness, do not edit

Circuit: * comparator-offset-mc @ ss_mismatch_27c_1.20v -- generated by sim/harness, do not edit

Doing analysis at TEMP = 27.000000 and TNOM = 27.000000

Using SPARSE 1.3 as Direct Linear Solver

No. of Data Rows : 6
voa = 2.0021773170e-03
ddc = -5.163279689e-05
dde = 3.8719545616e-05
Reset re-loads circuit * comparator-offset-mc @ ss_mismatch_27c_1.20v -- generated by sim/harness, do not edit

Circuit: * comparator-offset-mc @ ss_mismatch_27c_1.20v -- generated by sim/harness, do not edit

Doing analysis at TEMP = 27.000000 and TNOM = 27.000000

Using SPARSE 1.3 as Direct Linear Solver

No. of Data Rows : 6
voa = 8.9087305302e-04
ddc = -7.179518051e-05
dde = 4.9250433875e-05
Reset re-loads circuit * comparator-offset-mc @ ss_mismatch_27c_1.20v -- generated by sim/harness, do not edit

Circuit: * comparator-offset-mc @ ss_mismatch_27c_1.20v -- generated by sim/harness, do not edit

Doing analysis at TEMP = 27.000000 and TNOM = 27.000000

Using SPARSE 1.3 as Direct Linear Solver
 Reference value :  0.00000e+00
No. of Data Rows : 6
voa = -5.682480548e-03
ddc = -1.105837144e-04
dde = 7.6817699002e-05
Reset re-loads circuit * comparator-offset-mc @ ss_mismatch_27c_1.20v -- generated by sim/harness, do not edit

Circuit: * comparator-offset-mc @ ss_mismatch_27c_1.20v -- generated by sim/harness, do not edit

Doing analysis at TEMP = 27.000000 and TNOM = 27.000000

Using SPARSE 1.3 as Direct Linear Solver

No. of Data Rows : 6
voa = -3.894747759e-03
ddc = -2.150207318e-05
dde = 1.4104696686e-05
Reset re-loads circuit * comparator-offset-mc @ ss_mismatch_27c_1.20v -- generated by sim/harness, do not edit

Circuit: * comparator-offset-mc @ ss_mismatch_27c_1.20v -- generated by sim/harness, do not edit

Doing analysis at TEMP = 27.000000 and TNOM = 27.000000

Using SPARSE 1.3 as Direct Linear Solver

No. of Data Rows : 6
voa = 3.8688632674e-03
ddc = -1.018900817e-04
dde = 7.4821278204e-05
Reset re-loads circuit * comparator-offset-mc @ ss_mismatch_27c_1.20v -- generated by sim/harness, do not edit

Circuit: * comparator-offset-mc @ ss_mismatch_27c_1.20v -- generated by sim/harness, do not edit

Doing analysis at TEMP = 27.000000 and TNOM = 27.000000

Using SPARSE 1.3 as Direct Linear Solver

No. of Data Rows : 6
voa = 1.1015298638e-03
ddc = -8.148585865e-06
dde = 7.6224978006e-06
Reset re-loads circuit * comparator-offset-mc @ ss_mismatch_27c_1.20v -- generated by sim/harness, do not edit

Circuit: * comparator-offset-mc @ ss_mismatch_27c_1.20v -- generated by sim/harness, do not edit

Doing analysis at TEMP = 27.000000 and TNOM = 27.000000

Using SPARSE 1.3 as Direct Linear Solver

No. of Data Rows : 6
voa = -2.768299247e-03
ddc = 5.5237055737e-05
dde = -4.275401795e-05
Reset re-loads circuit * comparator-offset-mc @ ss_mismatch_27c_1.20v -- generated by sim/harness, do not edit

Circuit: * comparator-offset-mc @ ss_mismatch_27c_1.20v -- generated by sim/harness, do not edit

Doing analysis at TEMP = 27.000000 and TNOM = 27.000000

Using SPARSE 1.3 as Direct Linear Solver

No. of Data Rows : 6
voa = 3.0929978597e-03
ddc = 7.3283135372e-05
dde = -4.796921128e-05
Reset re-loads circuit * comparator-offset-mc @ ss_mismatch_27c_1.20v -- generated by sim/harness, do not edit

Circuit: * comparator-offset-mc @ ss_mismatch_27c_1.20v -- generated by sim/harness, do not edit

Doing analysis at TEMP = 27.000000 and TNOM = 27.000000

Using SPARSE 1.3 as Direct Linear Solver

No. of Data Rows : 6
voa = -2.160108637e-03
ddc = -1.943674690e-05
dde = 1.2648474630e-05
Reset re-loads circuit * comparator-offset-mc @ ss_mismatch_27c_1.20v -- generated by sim/harness, do not edit

Circuit: * comparator-offset-mc @ ss_mismatch_27c_1.20v -- generated by sim/harness, do not edit

Doing analysis at TEMP = 27.000000 and TNOM = 27.000000

Using SPARSE 1.3 as Direct Linear Solver

No. of Data Rows : 6
voa = 5.7008786544e-03
ddc = -9.075522842e-05
dde = 6.1758373361e-05
Reset re-loads circuit * comparator-offset-mc @ ss_mismatch_27c_1.20v -- generated by sim/harness, do not edit

Circuit: * comparator-offset-mc @ ss_mismatch_27c_1.20v -- generated by sim/harness, do not edit

Doing analysis at TEMP = 27.000000 and TNOM = 27.000000

Using SPARSE 1.3 as Direct Linear Solver

No. of Data Rows : 6
voa = -9.049360946e-04
ddc = 1.1411779327e-04
dde = -7.864672461e-05
Reset re-loads circuit * comparator-offset-mc @ ss_mismatch_27c_1.20v -- generated by sim/harness, do not edit

Circuit: * comparator-offset-mc @ ss_mismatch_27c_1.20v -- generated by sim/harness, do not edit

Doing analysis at TEMP = 27.000000 and TNOM = 27.000000

Using SPARSE 1.3 as Direct Linear Solver

No. of Data Rows : 6
voa = 2.1218640525e-03
ddc = -5.560607155e-05
dde = 4.0567325114e-05
Reset re-loads circuit * comparator-offset-mc @ ss_mismatch_27c_1.20v -- generated by sim/harness, do not edit

Circuit: * comparator-offset-mc @ ss_mismatch_27c_1.20v -- generated by sim/harness, do not edit

Doing analysis at TEMP = 27.000000 and TNOM = 27.000000

Using SPARSE 1.3 as Direct Linear Solver

No. of Data Rows : 6
voa = 1.1258704937e-03
ddc = -2.614007028e-05
dde = 1.8350913276e-05
Reset re-loads circuit * comparator-offset-mc @ ss_mismatch_27c_1.20v -- generated by sim/harness, do not edit

Circuit: * comparator-offset-mc @ ss_mismatch_27c_1.20v -- generated by sim/harness, do not edit

Doing analysis at TEMP = 27.000000 and TNOM = 27.000000

Using SPARSE 1.3 as Direct Linear Solver

No. of Data Rows : 6
voa = -4.902210665e-05
ddc = 9.3802908863e-05
dde = -6.922152722e-05
Reset re-loads circuit * comparator-offset-mc @ ss_mismatch_27c_1.20v -- generated by sim/harness, do not edit

Circuit: * comparator-offset-mc @ ss_mismatch_27c_1.20v -- generated by sim/harness, do not edit

Doing analysis at TEMP = 27.000000 and TNOM = 27.000000

Using SPARSE 1.3 as Direct Linear Solver

No. of Data Rows : 6
voa = 2.5342097233e-03
ddc = 6.0722287351e-05
dde = -4.111310569e-05
Reset re-loads circuit * comparator-offset-mc @ ss_mismatch_27c_1.20v -- generated by sim/harness, do not edit

Circuit: * comparator-offset-mc @ ss_mismatch_27c_1.20v -- generated by sim/harness, do not edit

Doing analysis at TEMP = 27.000000 and TNOM = 27.000000

Using SPARSE 1.3 as Direct Linear Solver

No. of Data Rows : 6
voa = 4.5089856261e-03
ddc = 5.2805788101e-05
dde = -3.877364195e-05
Reset re-loads circuit * comparator-offset-mc @ ss_mismatch_27c_1.20v -- generated by sim/harness, do not edit

Circuit: * comparator-offset-mc @ ss_mismatch_27c_1.20v -- generated by sim/harness, do not edit

Doing analysis at TEMP = 27.000000 and TNOM = 27.000000

Using SPARSE 1.3 as Direct Linear Solver

No. of Data Rows : 6
voa = -8.956704541e-03
ddc = 1.0444440281e-04
dde = -7.042245423e-05
Reset re-loads circuit * comparator-offset-mc @ ss_mismatch_27c_1.20v -- generated by sim/harness, do not edit

Circuit: * comparator-offset-mc @ ss_mismatch_27c_1.20v -- generated by sim/harness, do not edit

Doing analysis at TEMP = 27.000000 and TNOM = 27.000000

Using SPARSE 1.3 as Direct Linear Solver

No. of Data Rows : 6
voa = 3.4693221410e-03
ddc = -1.013826121e-04
dde = 7.8885791949e-05
Reset re-loads circuit * comparator-offset-mc @ ss_mismatch_27c_1.20v -- generated by sim/harness, do not edit

Circuit: * comparator-offset-mc @ ss_mismatch_27c_1.20v -- generated by sim/harness, do not edit

Doing analysis at TEMP = 27.000000 and TNOM = 27.000000

Using SPARSE 1.3 as Direct Linear Solver
 Reference value :  0.00000e+00
No. of Data Rows : 6
voa = 6.7913185199e-03
ddc = 2.1310579780e-05
dde = -1.358074193e-05
Reset re-loads circuit * comparator-offset-mc @ ss_mismatch_27c_1.20v -- generated by sim/harness, do not edit

Circuit: * comparator-offset-mc @ ss_mismatch_27c_1.20v -- generated by sim/harness, do not edit

Doing analysis at TEMP = 27.000000 and TNOM = 27.000000

Using SPARSE 1.3 as Direct Linear Solver

No. of Data Rows : 6
voa = 1.5079381211e-03
ddc = -2.223816033e-05
dde = 1.8276094150e-05
Reset re-loads circuit * comparator-offset-mc @ ss_mismatch_27c_1.20v -- generated by sim/harness, do not edit

Circuit: * comparator-offset-mc @ ss_mismatch_27c_1.20v -- generated by sim/harness, do not edit

Doing analysis at TEMP = 27.000000 and TNOM = 27.000000

Using SPARSE 1.3 as Direct Linear Solver

No. of Data Rows : 6
voa = 1.5804343581e-03
ddc = 4.4346176107e-05
dde = -3.489329793e-05
Reset re-loads circuit * comparator-offset-mc @ ss_mismatch_27c_1.20v -- generated by sim/harness, do not edit

Circuit: * comparator-offset-mc @ ss_mismatch_27c_1.20v -- generated by sim/harness, do not edit

Doing analysis at TEMP = 27.000000 and TNOM = 27.000000

Using SPARSE 1.3 as Direct Linear Solver

No. of Data Rows : 6
voa = 1.4125110473e-03
ddc = -7.306945247e-05
dde = 5.5288705263e-05
Reset re-loads circuit * comparator-offset-mc @ ss_mismatch_27c_1.20v -- generated by sim/harness, do not edit

Circuit: * comparator-offset-mc @ ss_mismatch_27c_1.20v -- generated by sim/harness, do not edit

Doing analysis at TEMP = 27.000000 and TNOM = 27.000000

Using SPARSE 1.3 as Direct Linear Solver

No. of Data Rows : 6
voa = -5.418063940e-03
ddc = -1.701978216e-05
dde = 9.6602416925e-06
Reset re-loads circuit * comparator-offset-mc @ ss_mismatch_27c_1.20v -- generated by sim/harness, do not edit

Circuit: * comparator-offset-mc @ ss_mismatch_27c_1.20v -- generated by sim/harness, do not edit

Doing analysis at TEMP = 27.000000 and TNOM = 27.000000

Using SPARSE 1.3 as Direct Linear Solver

No. of Data Rows : 6
voa = 2.0778368278e-04
ddc = -6.708417835e-05
dde = 5.1375562754e-05
Reset re-loads circuit * comparator-offset-mc @ ss_mismatch_27c_1.20v -- generated by sim/harness, do not edit

Circuit: * comparator-offset-mc @ ss_mismatch_27c_1.20v -- generated by sim/harness, do not edit

Doing analysis at TEMP = 27.000000 and TNOM = 27.000000

Using SPARSE 1.3 as Direct Linear Solver

No. of Data Rows : 6
voa = 7.6824222159e-03
ddc = -1.542938255e-05
dde = 1.4756180153e-05
Reset re-loads circuit * comparator-offset-mc @ ss_mismatch_27c_1.20v -- generated by sim/harness, do not edit

Circuit: * comparator-offset-mc @ ss_mismatch_27c_1.20v -- generated by sim/harness, do not edit

Doing analysis at TEMP = 27.000000 and TNOM = 27.000000

Using SPARSE 1.3 as Direct Linear Solver

No. of Data Rows : 6
voa = 3.4214104418e-03
ddc = -4.880261403e-05
dde = 3.8764744658e-05
Reset re-loads circuit * comparator-offset-mc @ ss_mismatch_27c_1.20v -- generated by sim/harness, do not edit

Circuit: * comparator-offset-mc @ ss_mismatch_27c_1.20v -- generated by sim/harness, do not edit

Doing analysis at TEMP = 27.000000 and TNOM = 27.000000

Using SPARSE 1.3 as Direct Linear Solver

No. of Data Rows : 6
voa = 2.6544748958e-03
ddc = 7.0178511263e-06
dde = -1.664257499e-06
Reset re-loads circuit * comparator-offset-mc @ ss_mismatch_27c_1.20v -- generated by sim/harness, do not edit

Circuit: * comparator-offset-mc @ ss_mismatch_27c_1.20v -- generated by sim/harness, do not edit

Doing analysis at TEMP = 27.000000 and TNOM = 27.000000

Using SPARSE 1.3 as Direct Linear Solver

No. of Data Rows : 6
voa = -5.873329116e-03
ddc = -4.211706832e-05
dde = 2.8800543029e-05
Reset re-loads circuit * comparator-offset-mc @ ss_mismatch_27c_1.20v -- generated by sim/harness, do not edit

Circuit: * comparator-offset-mc @ ss_mismatch_27c_1.20v -- generated by sim/harness, do not edit

Doing analysis at TEMP = 27.000000 and TNOM = 27.000000

Using SPARSE 1.3 as Direct Linear Solver

No. of Data Rows : 6
voa = -1.331489286e-03
ddc = 5.6191965722e-05
dde = -3.914637621e-05
Reset re-loads circuit * comparator-offset-mc @ ss_mismatch_27c_1.20v -- generated by sim/harness, do not edit

Circuit: * comparator-offset-mc @ ss_mismatch_27c_1.20v -- generated by sim/harness, do not edit

Doing analysis at TEMP = 27.000000 and TNOM = 27.000000

Using SPARSE 1.3 as Direct Linear Solver

No. of Data Rows : 6
voa = -2.636777947e-03
ddc = -4.400054754e-05
dde = 3.0591177066e-05
Reset re-loads circuit * comparator-offset-mc @ ss_mismatch_27c_1.20v -- generated by sim/harness, do not edit

Circuit: * comparator-offset-mc @ ss_mismatch_27c_1.20v -- generated by sim/harness, do not edit

Doing analysis at TEMP = 27.000000 and TNOM = 27.000000

Using SPARSE 1.3 as Direct Linear Solver

No. of Data Rows : 6
voa = 3.4022728985e-03
ddc = 4.2952390072e-05
dde = -2.703118470e-05
Reset re-loads circuit * comparator-offset-mc @ ss_mismatch_27c_1.20v -- generated by sim/harness, do not edit

Circuit: * comparator-offset-mc @ ss_mismatch_27c_1.20v -- generated by sim/harness, do not edit

Doing analysis at TEMP = 27.000000 and TNOM = 27.000000

Using SPARSE 1.3 as Direct Linear Solver

No. of Data Rows : 6
voa = -3.325675866e-03
ddc = -2.201136734e-05
dde = 1.7198788485e-05
Reset re-loads circuit * comparator-offset-mc @ ss_mismatch_27c_1.20v -- generated by sim/harness, do not edit

Circuit: * comparator-offset-mc @ ss_mismatch_27c_1.20v -- generated by sim/harness, do not edit

Doing analysis at TEMP = 27.000000 and TNOM = 27.000000

Using SPARSE 1.3 as Direct Linear Solver

No. of Data Rows : 6
voa = 5.6771079234e-03
ddc = 3.4368240989e-05
dde = -1.932443025e-05
Reset re-loads circuit * comparator-offset-mc @ ss_mismatch_27c_1.20v -- generated by sim/harness, do not edit

Circuit: * comparator-offset-mc @ ss_mismatch_27c_1.20v -- generated by sim/harness, do not edit

Doing analysis at TEMP = 27.000000 and TNOM = 27.000000

Using SPARSE 1.3 as Direct Linear Solver

No. of Data Rows : 6
voa = 1.0244603913e-03
ddc = 2.2592927630e-05
dde = -1.314856492e-05
Reset re-loads circuit * comparator-offset-mc @ ss_mismatch_27c_1.20v -- generated by sim/harness, do not edit

Circuit: * comparator-offset-mc @ ss_mismatch_27c_1.20v -- generated by sim/harness, do not edit

Doing analysis at TEMP = 27.000000 and TNOM = 27.000000

Using SPARSE 1.3 as Direct Linear Solver
 Reference value :  0.00000e+00
No. of Data Rows : 6
voa = 6.5452150885e-03
ddc = -6.287456770e-05
dde = 4.8190054717e-05
Reset re-loads circuit * comparator-offset-mc @ ss_mismatch_27c_1.20v -- generated by sim/harness, do not edit

Circuit: * comparator-offset-mc @ ss_mismatch_27c_1.20v -- generated by sim/harness, do not edit

Doing analysis at TEMP = 27.000000 and TNOM = 27.000000

Using SPARSE 1.3 as Direct Linear Solver

No. of Data Rows : 6
voa = -8.818511711e-04
ddc = -1.447441240e-04
dde = 1.0230440847e-04
Reset re-loads circuit * comparator-offset-mc @ ss_mismatch_27c_1.20v -- generated by sim/harness, do not edit

Circuit: * comparator-offset-mc @ ss_mismatch_27c_1.20v -- generated by sim/harness, do not edit

Doing analysis at TEMP = 27.000000 and TNOM = 27.000000

Using SPARSE 1.3 as Direct Linear Solver

No. of Data Rows : 6
voa = -9.006553365e-03
ddc = -2.712877764e-05
dde = 1.3763100891e-05
Reset re-loads circuit * comparator-offset-mc @ ss_mismatch_27c_1.20v -- generated by sim/harness, do not edit

Circuit: * comparator-offset-mc @ ss_mismatch_27c_1.20v -- generated by sim/harness, do not edit

Doing analysis at TEMP = 27.000000 and TNOM = 27.000000

Using SPARSE 1.3 as Direct Linear Solver

No. of Data Rows : 6
voa = 2.4016190291e-03
ddc = -4.651891517e-06
dde = 3.3655987591e-06
Reset re-loads circuit * comparator-offset-mc @ ss_mismatch_27c_1.20v -- generated by sim/harness, do not edit

Circuit: * comparator-offset-mc @ ss_mismatch_27c_1.20v -- generated by sim/harness, do not edit

Doing analysis at TEMP = 27.000000 and TNOM = 27.000000

Using SPARSE 1.3 as Direct Linear Solver

No. of Data Rows : 6
voa = -8.915873700e-03
ddc = -4.389564716e-05
dde = 2.5665623248e-05
Reset re-loads circuit * comparator-offset-mc @ ss_mismatch_27c_1.20v -- generated by sim/harness, do not edit

Circuit: * comparator-offset-mc @ ss_mismatch_27c_1.20v -- generated by sim/harness, do not edit

Doing analysis at TEMP = 27.000000 and TNOM = 27.000000

Using SPARSE 1.3 as Direct Linear Solver

No. of Data Rows : 6
voa = -3.363385588e-03
ddc = -2.278226286e-05
dde = 1.1881657200e-05
Reset re-loads circuit * comparator-offset-mc @ ss_mismatch_27c_1.20v -- generated by sim/harness, do not edit

Circuit: * comparator-offset-mc @ ss_mismatch_27c_1.20v -- generated by sim/harness, do not edit

Doing analysis at TEMP = 27.000000 and TNOM = 27.000000

Using SPARSE 1.3 as Direct Linear Solver

No. of Data Rows : 6
voa = -2.458708254e-03
ddc = 4.2051249110e-06
dde = -2.943001123e-06
Reset re-loads circuit * comparator-offset-mc @ ss_mismatch_27c_1.20v -- generated by sim/harness, do not edit

Circuit: * comparator-offset-mc @ ss_mismatch_27c_1.20v -- generated by sim/harness, do not edit

Doing analysis at TEMP = 27.000000 and TNOM = 27.000000

Using SPARSE 1.3 as Direct Linear Solver

No. of Data Rows : 6
voa = -7.522529435e-03
ddc = -5.662342865e-05
dde = 3.6455500441e-05
Reset re-loads circuit * comparator-offset-mc @ ss_mismatch_27c_1.20v -- generated by sim/harness, do not edit

Circuit: * comparator-offset-mc @ ss_mismatch_27c_1.20v -- generated by sim/harness, do not edit

Doing analysis at TEMP = 27.000000 and TNOM = 27.000000

Using SPARSE 1.3 as Direct Linear Solver

No. of Data Rows : 6
voa = -6.575486244e-03
ddc = -1.358465780e-05
dde = 9.2165511434e-06
Reset re-loads circuit * comparator-offset-mc @ ss_mismatch_27c_1.20v -- generated by sim/harness, do not edit

Circuit: * comparator-offset-mc @ ss_mismatch_27c_1.20v -- generated by sim/harness, do not edit

Doing analysis at TEMP = 27.000000 and TNOM = 27.000000

Using SPARSE 1.3 as Direct Linear Solver

No. of Data Rows : 6
voa = 4.4742893214e-05
ddc = -1.209062362e-04
dde = 8.7313429948e-05
Reset re-loads circuit * comparator-offset-mc @ ss_mismatch_27c_1.20v -- generated by sim/harness, do not edit

Circuit: * comparator-offset-mc @ ss_mismatch_27c_1.20v -- generated by sim/harness, do not edit

Doing analysis at TEMP = 27.000000 and TNOM = 27.000000

Using SPARSE 1.3 as Direct Linear Solver

No. of Data Rows : 6
voa = -1.169934535e-03
ddc = -4.979734543e-05
dde = 3.7374015312e-05
Reset re-loads circuit * comparator-offset-mc @ ss_mismatch_27c_1.20v -- generated by sim/harness, do not edit

Circuit: * comparator-offset-mc @ ss_mismatch_27c_1.20v -- generated by sim/harness, do not edit

Doing analysis at TEMP = 27.000000 and TNOM = 27.000000

Using SPARSE 1.3 as Direct Linear Solver

No. of Data Rows : 6
voa = -3.567830841e-03
ddc = -6.127589136e-05
dde = 4.0131508461e-05
Reset re-loads circuit * comparator-offset-mc @ ss_mismatch_27c_1.20v -- generated by sim/harness, do not edit

Circuit: * comparator-offset-mc @ ss_mismatch_27c_1.20v -- generated by sim/harness, do not edit

Doing analysis at TEMP = 27.000000 and TNOM = 27.000000

Using SPARSE 1.3 as Direct Linear Solver

No. of Data Rows : 6
voa = -6.139014152e-03
ddc = -1.147875793e-05
dde = 5.4847879559e-06
Reset re-loads circuit * comparator-offset-mc @ ss_mismatch_27c_1.20v -- generated by sim/harness, do not edit

Circuit: * comparator-offset-mc @ ss_mismatch_27c_1.20v -- generated by sim/harness, do not edit

Doing analysis at TEMP = 27.000000 and TNOM = 27.000000

Using SPARSE 1.3 as Direct Linear Solver

No. of Data Rows : 6
voa = 8.9677490180e-03
ddc = -1.541888411e-05
dde = 1.2269580606e-05
Reset re-loads circuit * comparator-offset-mc @ ss_mismatch_27c_1.20v -- generated by sim/harness, do not edit

Circuit: * comparator-offset-mc @ ss_mismatch_27c_1.20v -- generated by sim/harness, do not edit

Doing analysis at TEMP = 27.000000 and TNOM = 27.000000

Using SPARSE 1.3 as Direct Linear Solver

No. of Data Rows : 6
voa = -1.102019192e-04
ddc = -5.580433404e-06
dde = 8.2753356389e-07
Reset re-loads circuit * comparator-offset-mc @ ss_mismatch_27c_1.20v -- generated by sim/harness, do not edit

Circuit: * comparator-offset-mc @ ss_mismatch_27c_1.20v -- generated by sim/harness, do not edit

Doing analysis at TEMP = 27.000000 and TNOM = 27.000000

Using SPARSE 1.3 as Direct Linear Solver

No. of Data Rows : 6
voa = 2.7666801412e-03
ddc = 2.9286216733e-05
dde = -2.077463368e-05
Reset re-loads circuit * comparator-offset-mc @ ss_mismatch_27c_1.20v -- generated by sim/harness, do not edit

Circuit: * comparator-offset-mc @ ss_mismatch_27c_1.20v -- generated by sim/harness, do not edit

Doing analysis at TEMP = 27.000000 and TNOM = 27.000000

Using SPARSE 1.3 as Direct Linear Solver
 Reference value :  0.00000e+00
No. of Data Rows : 6
voa = -3.001621234e-03
ddc = 9.1256011762e-05
dde = -6.226799928e-05
Reset re-loads circuit * comparator-offset-mc @ ss_mismatch_27c_1.20v -- generated by sim/harness, do not edit

Circuit: * comparator-offset-mc @ ss_mismatch_27c_1.20v -- generated by sim/harness, do not edit

Doing analysis at TEMP = 27.000000 and TNOM = 27.000000

Using SPARSE 1.3 as Direct Linear Solver

No. of Data Rows : 6
voa = -1.880590421e-05
ddc = 3.6381057683e-06
dde = -3.179404796e-06
Reset re-loads circuit * comparator-offset-mc @ ss_mismatch_27c_1.20v -- generated by sim/harness, do not edit

Circuit: * comparator-offset-mc @ ss_mismatch_27c_1.20v -- generated by sim/harness, do not edit

Doing analysis at TEMP = 27.000000 and TNOM = 27.000000

Using SPARSE 1.3 as Direct Linear Solver

No. of Data Rows : 6
voa = -9.078011287e-03
ddc = -8.057276797e-05
dde = 5.1776036413e-05
Reset re-loads circuit * comparator-offset-mc @ ss_mismatch_27c_1.20v -- generated by sim/harness, do not edit

Circuit: * comparator-offset-mc @ ss_mismatch_27c_1.20v -- generated by sim/harness, do not edit

Doing analysis at TEMP = 27.000000 and TNOM = 27.000000

Using SPARSE 1.3 as Direct Linear Solver

No. of Data Rows : 6
voa = -2.754904197e-03
ddc = -1.724890095e-05
dde = 1.2724257497e-05
Reset re-loads circuit * comparator-offset-mc @ ss_mismatch_27c_1.20v -- generated by sim/harness, do not edit

Circuit: * comparator-offset-mc @ ss_mismatch_27c_1.20v -- generated by sim/harness, do not edit

Doing analysis at TEMP = 27.000000 and TNOM = 27.000000

Using SPARSE 1.3 as Direct Linear Solver

No. of Data Rows : 6
voa = -5.272314367e-03
ddc = 1.8957240037e-05
dde = -2.099672234e-05
Reset re-loads circuit * comparator-offset-mc @ ss_mismatch_27c_1.20v -- generated by sim/harness, do not edit

Circuit: * comparator-offset-mc @ ss_mismatch_27c_1.20v -- generated by sim/harness, do not edit

Doing analysis at TEMP = 27.000000 and TNOM = 27.000000

Using SPARSE 1.3 as Direct Linear Solver

No. of Data Rows : 6
voa = -1.104332146e-03
ddc = 6.2924411019e-06
dde = -2.327083187e-06
Reset re-loads circuit * comparator-offset-mc @ ss_mismatch_27c_1.20v -- generated by sim/harness, do not edit

Circuit: * comparator-offset-mc @ ss_mismatch_27c_1.20v -- generated by sim/harness, do not edit

Doing analysis at TEMP = 27.000000 and TNOM = 27.000000

Using SPARSE 1.3 as Direct Linear Solver

No. of Data Rows : 6
voa = 2.3711635080e-03
ddc = -2.085100209e-05
dde = 1.4118826899e-05
Reset re-loads circuit * comparator-offset-mc @ ss_mismatch_27c_1.20v -- generated by sim/harness, do not edit

Circuit: * comparator-offset-mc @ ss_mismatch_27c_1.20v -- generated by sim/harness, do not edit

Doing analysis at TEMP = 27.000000 and TNOM = 27.000000

Using SPARSE 1.3 as Direct Linear Solver

No. of Data Rows : 6
voa = -6.808484212e-03
ddc = 1.6261918410e-04
dde = -1.181231749e-04
Reset re-loads circuit * comparator-offset-mc @ ss_mismatch_27c_1.20v -- generated by sim/harness, do not edit

Circuit: * comparator-offset-mc @ ss_mismatch_27c_1.20v -- generated by sim/harness, do not edit

Doing analysis at TEMP = 27.000000 and TNOM = 27.000000

Using SPARSE 1.3 as Direct Linear Solver

No. of Data Rows : 6
voa = 7.1336711819e-04
ddc = -2.716884752e-05
dde = 1.9774348251e-05
Reset re-loads circuit * comparator-offset-mc @ ss_mismatch_27c_1.20v -- generated by sim/harness, do not edit

Circuit: * comparator-offset-mc @ ss_mismatch_27c_1.20v -- generated by sim/harness, do not edit

Doing analysis at TEMP = 27.000000 and TNOM = 27.000000

Using SPARSE 1.3 as Direct Linear Solver

No. of Data Rows : 6
voa = -3.287000849e-03
ddc = -8.500333803e-05
dde = 6.2348307998e-05
Reset re-loads circuit * comparator-offset-mc @ ss_mismatch_27c_1.20v -- generated by sim/harness, do not edit

Circuit: * comparator-offset-mc @ ss_mismatch_27c_1.20v -- generated by sim/harness, do not edit

Doing analysis at TEMP = 27.000000 and TNOM = 27.000000

Using SPARSE 1.3 as Direct Linear Solver

No. of Data Rows : 6
voa = -3.953389622e-03
ddc = -3.129742040e-05
dde = 1.7846398975e-05
Reset re-loads circuit * comparator-offset-mc @ ss_mismatch_27c_1.20v -- generated by sim/harness, do not edit

Circuit: * comparator-offset-mc @ ss_mismatch_27c_1.20v -- generated by sim/harness, do not edit

Doing analysis at TEMP = 27.000000 and TNOM = 27.000000

Using SPARSE 1.3 as Direct Linear Solver

No. of Data Rows : 6
voa = -1.214497983e-03
ddc = -8.743267253e-06
dde = 9.4775047520e-06
Reset re-loads circuit * comparator-offset-mc @ ss_mismatch_27c_1.20v -- generated by sim/harness, do not edit

Circuit: * comparator-offset-mc @ ss_mismatch_27c_1.20v -- generated by sim/harness, do not edit

Doing analysis at TEMP = 27.000000 and TNOM = 27.000000

Using SPARSE 1.3 as Direct Linear Solver

No. of Data Rows : 6
voa = 1.3863545562e-03
ddc = -1.278893548e-04
dde = 9.4844723025e-05
Reset re-loads circuit * comparator-offset-mc @ ss_mismatch_27c_1.20v -- generated by sim/harness, do not edit

Circuit: * comparator-offset-mc @ ss_mismatch_27c_1.20v -- generated by sim/harness, do not edit

Doing analysis at TEMP = 27.000000 and TNOM = 27.000000

Using SPARSE 1.3 as Direct Linear Solver

No. of Data Rows : 6
voa = -5.114723572e-03
ddc = 6.0116487827e-06
dde = -5.680351824e-06
Reset re-loads circuit * comparator-offset-mc @ ss_mismatch_27c_1.20v -- generated by sim/harness, do not edit

Circuit: * comparator-offset-mc @ ss_mismatch_27c_1.20v -- generated by sim/harness, do not edit

Doing analysis at TEMP = 27.000000 and TNOM = 27.000000

Using SPARSE 1.3 as Direct Linear Solver

No. of Data Rows : 6
voa = -1.525146323e-03
ddc = -5.375038447e-05
dde = 4.1045742413e-05
Reset re-loads circuit * comparator-offset-mc @ ss_mismatch_27c_1.20v -- generated by sim/harness, do not edit

Circuit: * comparator-offset-mc @ ss_mismatch_27c_1.20v -- generated by sim/harness, do not edit

Doing analysis at TEMP = 27.000000 and TNOM = 27.000000

Using SPARSE 1.3 as Direct Linear Solver
 Reference value :  0.00000e+00
No. of Data Rows : 6
voa = -1.021110320e-02
ddc = 3.2415051402e-05
dde = -3.151789148e-05
Reset re-loads circuit * comparator-offset-mc @ ss_mismatch_27c_1.20v -- generated by sim/harness, do not edit

Circuit: * comparator-offset-mc @ ss_mismatch_27c_1.20v -- generated by sim/harness, do not edit

Doing analysis at TEMP = 27.000000 and TNOM = 27.000000

Using SPARSE 1.3 as Direct Linear Solver

No. of Data Rows : 6
voa = -2.087854055e-03
ddc = 5.5297390474e-05
dde = -3.734563017e-05
Reset re-loads circuit * comparator-offset-mc @ ss_mismatch_27c_1.20v -- generated by sim/harness, do not edit

Circuit: * comparator-offset-mc @ ss_mismatch_27c_1.20v -- generated by sim/harness, do not edit

Doing analysis at TEMP = 27.000000 and TNOM = 27.000000

Using SPARSE 1.3 as Direct Linear Solver

No. of Data Rows : 6
voa = -2.017785098e-03
ddc = 1.3983480710e-04
dde = -9.720869307e-05
Reset re-loads circuit * comparator-offset-mc @ ss_mismatch_27c_1.20v -- generated by sim/harness, do not edit

Circuit: * comparator-offset-mc @ ss_mismatch_27c_1.20v -- generated by sim/harness, do not edit

Doing analysis at TEMP = 27.000000 and TNOM = 27.000000

Using SPARSE 1.3 as Direct Linear Solver

No. of Data Rows : 6
voa = 7.2716426086e-03
ddc = -3.742847980e-05
dde = 2.9864954332e-05
Reset re-loads circuit * comparator-offset-mc @ ss_mismatch_27c_1.20v -- generated by sim/harness, do not edit

Circuit: * comparator-offset-mc @ ss_mismatch_27c_1.20v -- generated by sim/harness, do not edit

Doing analysis at TEMP = 27.000000 and TNOM = 27.000000

Using SPARSE 1.3 as Direct Linear Solver

No. of Data Rows : 6
voa = -3.278254385e-04
ddc = -4.894593277e-05
dde = 3.8983605846e-05
Reset re-loads circuit * comparator-offset-mc @ ss_mismatch_27c_1.20v -- generated by sim/harness, do not edit

Circuit: * comparator-offset-mc @ ss_mismatch_27c_1.20v -- generated by sim/harness, do not edit

Doing analysis at TEMP = 27.000000 and TNOM = 27.000000

Using SPARSE 1.3 as Direct Linear Solver

No. of Data Rows : 6
voa = 1.0695823332e-03
ddc = -9.482965981e-05
dde = 6.5117866040e-05
Reset re-loads circuit * comparator-offset-mc @ ss_mismatch_27c_1.20v -- generated by sim/harness, do not edit

Circuit: * comparator-offset-mc @ ss_mismatch_27c_1.20v -- generated by sim/harness, do not edit

Doing analysis at TEMP = 27.000000 and TNOM = 27.000000

Using SPARSE 1.3 as Direct Linear Solver

No. of Data Rows : 6
voa = -2.252164428e-03
ddc = 4.3118057153e-05
dde = -3.001819778e-05
Reset re-loads circuit * comparator-offset-mc @ ss_mismatch_27c_1.20v -- generated by sim/harness, do not edit

Circuit: * comparator-offset-mc @ ss_mismatch_27c_1.20v -- generated by sim/harness, do not edit

Doing analysis at TEMP = 27.000000 and TNOM = 27.000000

Using SPARSE 1.3 as Direct Linear Solver

No. of Data Rows : 6
voa = -2.707072582e-04
ddc = 1.4236766649e-05
dde = -7.186224523e-06
Reset re-loads circuit * comparator-offset-mc @ ss_mismatch_27c_1.20v -- generated by sim/harness, do not edit

Circuit: * comparator-offset-mc @ ss_mismatch_27c_1.20v -- generated by sim/harness, do not edit

Doing analysis at TEMP = 27.000000 and TNOM = 27.000000

Using SPARSE 1.3 as Direct Linear Solver

No. of Data Rows : 6
voa = -4.974512792e-04
ddc = 1.6888798441e-04
dde = -1.176899654e-04
Reset re-loads circuit * comparator-offset-mc @ ss_mismatch_27c_1.20v -- generated by sim/harness, do not edit

Circuit: * comparator-offset-mc @ ss_mismatch_27c_1.20v -- generated by sim/harness, do not edit

Doing analysis at TEMP = 27.000000 and TNOM = 27.000000

Using SPARSE 1.3 as Direct Linear Solver

No. of Data Rows : 6
voa = 5.4339986973e-03
ddc = -1.878141651e-05
dde = 1.7422175923e-05
Reset re-loads circuit * comparator-offset-mc @ ss_mismatch_27c_1.20v -- generated by sim/harness, do not edit

Circuit: * comparator-offset-mc @ ss_mismatch_27c_1.20v -- generated by sim/harness, do not edit

Doing analysis at TEMP = 27.000000 and TNOM = 27.000000

Using SPARSE 1.3 as Direct Linear Solver

No. of Data Rows : 6
voa = -1.778618470e-03
ddc = -2.616406911e-05
dde = 1.9313280748e-05
Reset re-loads circuit * comparator-offset-mc @ ss_mismatch_27c_1.20v -- generated by sim/harness, do not edit

Circuit: * comparator-offset-mc @ ss_mismatch_27c_1.20v -- generated by sim/harness, do not edit

Doing analysis at TEMP = 27.000000 and TNOM = 27.000000

Using SPARSE 1.3 as Direct Linear Solver

No. of Data Rows : 6
voa = 2.7902676307e-03
ddc = -1.617585008e-05
dde = 1.3533199889e-05
Reset re-loads circuit * comparator-offset-mc @ ss_mismatch_27c_1.20v -- generated by sim/harness, do not edit

Circuit: * comparator-offset-mc @ ss_mismatch_27c_1.20v -- generated by sim/harness, do not edit

Doing analysis at TEMP = 27.000000 and TNOM = 27.000000

Using SPARSE 1.3 as Direct Linear Solver

No. of Data Rows : 6
voa = 1.7042024770e-03
ddc = 3.9967572153e-05
dde = -3.238247978e-05
Reset re-loads circuit * comparator-offset-mc @ ss_mismatch_27c_1.20v -- generated by sim/harness, do not edit

Circuit: * comparator-offset-mc @ ss_mismatch_27c_1.20v -- generated by sim/harness, do not edit

Doing analysis at TEMP = 27.000000 and TNOM = 27.000000

Using SPARSE 1.3 as Direct Linear Solver

No. of Data Rows : 6
voa = -1.962493342e-03
ddc = 8.3175613741e-05
dde = -5.733714698e-05
Reset re-loads circuit * comparator-offset-mc @ ss_mismatch_27c_1.20v -- generated by sim/harness, do not edit

Circuit: * comparator-offset-mc @ ss_mismatch_27c_1.20v -- generated by sim/harness, do not edit

Doing analysis at TEMP = 27.000000 and TNOM = 27.000000

Using SPARSE 1.3 as Direct Linear Solver

No. of Data Rows : 6
voa = -4.613141936e-04
ddc = -8.603953589e-05
dde = 5.9049175739e-05
Reset re-loads circuit * comparator-offset-mc @ ss_mismatch_27c_1.20v -- generated by sim/harness, do not edit

Circuit: * comparator-offset-mc @ ss_mismatch_27c_1.20v -- generated by sim/harness, do not edit

Doing analysis at TEMP = 27.000000 and TNOM = 27.000000

Using SPARSE 1.3 as Direct Linear Solver
 Reference value :  0.00000e+00
No. of Data Rows : 6
voa = -2.460085104e-03
ddc = -4.058217289e-05
dde = 2.7175438243e-05
Reset re-loads circuit * comparator-offset-mc @ ss_mismatch_27c_1.20v -- generated by sim/harness, do not edit

Circuit: * comparator-offset-mc @ ss_mismatch_27c_1.20v -- generated by sim/harness, do not edit

Doing analysis at TEMP = 27.000000 and TNOM = 27.000000

Using SPARSE 1.3 as Direct Linear Solver

No. of Data Rows : 6
voa = 1.4754755677e-03
ddc = 5.7577171106e-05
dde = -4.095062645e-05
Reset re-loads circuit * comparator-offset-mc @ ss_mismatch_27c_1.20v -- generated by sim/harness, do not edit

Circuit: * comparator-offset-mc @ ss_mismatch_27c_1.20v -- generated by sim/harness, do not edit

Doing analysis at TEMP = 27.000000 and TNOM = 27.000000

Using SPARSE 1.3 as Direct Linear Solver

No. of Data Rows : 6
voa = 9.1695065271e-04
ddc = -1.019742346e-04
dde = 6.9603489068e-05
Reset re-loads circuit * comparator-offset-mc @ ss_mismatch_27c_1.20v -- generated by sim/harness, do not edit

Circuit: * comparator-offset-mc @ ss_mismatch_27c_1.20v -- generated by sim/harness, do not edit

Doing analysis at TEMP = 27.000000 and TNOM = 27.000000

Using SPARSE 1.3 as Direct Linear Solver

No. of Data Rows : 6
voa = -2.037312306e-03
ddc = -1.236149291e-04
dde = 9.1808073141e-05
Reset re-loads circuit * comparator-offset-mc @ ss_mismatch_27c_1.20v -- generated by sim/harness, do not edit

Circuit: * comparator-offset-mc @ ss_mismatch_27c_1.20v -- generated by sim/harness, do not edit

Doing analysis at TEMP = 27.000000 and TNOM = 27.000000

Using SPARSE 1.3 as Direct Linear Solver

No. of Data Rows : 6
voa = 2.2000962379e-03
ddc = 2.6751498578e-05
dde = -2.225913066e-05
Reset re-loads circuit * comparator-offset-mc @ ss_mismatch_27c_1.20v -- generated by sim/harness, do not edit

Circuit: * comparator-offset-mc @ ss_mismatch_27c_1.20v -- generated by sim/harness, do not edit

Doing analysis at TEMP = 27.000000 and TNOM = 27.000000

Using SPARSE 1.3 as Direct Linear Solver

No. of Data Rows : 6
voa = 9.1299029536e-03
ddc = -1.360375459e-04
dde = 1.0793289678e-04
Reset re-loads circuit * comparator-offset-mc @ ss_mismatch_27c_1.20v -- generated by sim/harness, do not edit

Circuit: * comparator-offset-mc @ ss_mismatch_27c_1.20v -- generated by sim/harness, do not edit

Doing analysis at TEMP = 27.000000 and TNOM = 27.000000

Using SPARSE 1.3 as Direct Linear Solver

No. of Data Rows : 6
voa = 9.0964294131e-04
ddc = 7.8103693252e-05
dde = -5.471673207e-05
Reset re-loads circuit * comparator-offset-mc @ ss_mismatch_27c_1.20v -- generated by sim/harness, do not edit

Circuit: * comparator-offset-mc @ ss_mismatch_27c_1.20v -- generated by sim/harness, do not edit

Doing analysis at TEMP = 27.000000 and TNOM = 27.000000

Using SPARSE 1.3 as Direct Linear Solver

No. of Data Rows : 6
voa = -1.590377773e-03
ddc = -1.436748662e-04
dde = 1.0056488292e-04
Reset re-loads circuit * comparator-offset-mc @ ss_mismatch_27c_1.20v -- generated by sim/harness, do not edit

Circuit: * comparator-offset-mc @ ss_mismatch_27c_1.20v -- generated by sim/harness, do not edit

Doing analysis at TEMP = 27.000000 and TNOM = 27.000000

Using SPARSE 1.3 as Direct Linear Solver

No. of Data Rows : 6
voa = 8.4472477533e-03
ddc = -9.993569980e-06
dde = 1.3044698390e-05
Reset re-loads circuit * comparator-offset-mc @ ss_mismatch_27c_1.20v -- generated by sim/harness, do not edit

Circuit: * comparator-offset-mc @ ss_mismatch_27c_1.20v -- generated by sim/harness, do not edit

Doing analysis at TEMP = 27.000000 and TNOM = 27.000000

Using SPARSE 1.3 as Direct Linear Solver

No. of Data Rows : 6
voa = -5.601553570e-04
ddc = 6.2219194404e-05
dde = -4.112351850e-05
Reset re-loads circuit * comparator-offset-mc @ ss_mismatch_27c_1.20v -- generated by sim/harness, do not edit

Circuit: * comparator-offset-mc @ ss_mismatch_27c_1.20v -- generated by sim/harness, do not edit

Doing analysis at TEMP = 27.000000 and TNOM = 27.000000

Using SPARSE 1.3 as Direct Linear Solver

No. of Data Rows : 6
voa = -5.289017629e-03
ddc = 4.2853047953e-05
dde = -3.388785671e-05
Reset re-loads circuit * comparator-offset-mc @ ss_mismatch_27c_1.20v -- generated by sim/harness, do not edit

Circuit: * comparator-offset-mc @ ss_mismatch_27c_1.20v -- generated by sim/harness, do not edit

Doing analysis at TEMP = 27.000000 and TNOM = 27.000000

Using SPARSE 1.3 as Direct Linear Solver

No. of Data Rows : 6
voa = 4.0972157974e-03
ddc = -2.635138095e-05
dde = 2.5221276995e-05
Reset re-loads circuit * comparator-offset-mc @ ss_mismatch_27c_1.20v -- generated by sim/harness, do not edit

Circuit: * comparator-offset-mc @ ss_mismatch_27c_1.20v -- generated by sim/harness, do not edit

Doing analysis at TEMP = 27.000000 and TNOM = 27.000000

Using SPARSE 1.3 as Direct Linear Solver

No. of Data Rows : 6
voa = -5.682428537e-03
ddc = -9.546525840e-05
dde = 6.6048530028e-05
Reset re-loads circuit * comparator-offset-mc @ ss_mismatch_27c_1.20v -- generated by sim/harness, do not edit

Circuit: * comparator-offset-mc @ ss_mismatch_27c_1.20v -- generated by sim/harness, do not edit

Doing analysis at TEMP = 27.000000 and TNOM = 27.000000

Using SPARSE 1.3 as Direct Linear Solver

No. of Data Rows : 6
voa = -3.695784901e-03
ddc = 1.4735728937e-04
dde = -1.077424542e-04
Reset re-loads circuit * comparator-offset-mc @ ss_mismatch_27c_1.20v -- generated by sim/harness, do not edit

Circuit: * comparator-offset-mc @ ss_mismatch_27c_1.20v -- generated by sim/harness, do not edit

Doing analysis at TEMP = 27.000000 and TNOM = 27.000000

Using SPARSE 1.3 as Direct Linear Solver

No. of Data Rows : 6
voa = -6.321062880e-04
ddc = -3.925764895e-05
dde = 2.3742902691e-05
Reset re-loads circuit * comparator-offset-mc @ ss_mismatch_27c_1.20v -- generated by sim/harness, do not edit

Circuit: * comparator-offset-mc @ ss_mismatch_27c_1.20v -- generated by sim/harness, do not edit

Doing analysis at TEMP = 27.000000 and TNOM = 27.000000

Using SPARSE 1.3 as Direct Linear Solver
 Reference value :  0.00000e+00
No. of Data Rows : 6
voa = -7.103555727e-03
ddc = -1.090315672e-05
dde = 8.8224799771e-06
Reset re-loads circuit * comparator-offset-mc @ ss_mismatch_27c_1.20v -- generated by sim/harness, do not edit

Circuit: * comparator-offset-mc @ ss_mismatch_27c_1.20v -- generated by sim/harness, do not edit

Doing analysis at TEMP = 27.000000 and TNOM = 27.000000

Using SPARSE 1.3 as Direct Linear Solver

No. of Data Rows : 6
voa = -2.638385164e-03
ddc = 7.5672551012e-05
dde = -5.681868185e-05
Reset re-loads circuit * comparator-offset-mc @ ss_mismatch_27c_1.20v -- generated by sim/harness, do not edit

Circuit: * comparator-offset-mc @ ss_mismatch_27c_1.20v -- generated by sim/harness, do not edit

Doing analysis at TEMP = 27.000000 and TNOM = 27.000000

Using SPARSE 1.3 as Direct Linear Solver

No. of Data Rows : 6
voa = -7.988232203e-03
ddc = 2.0984515158e-05
dde = -1.194234624e-05
Reset re-loads circuit * comparator-offset-mc @ ss_mismatch_27c_1.20v -- generated by sim/harness, do not edit

Circuit: * comparator-offset-mc @ ss_mismatch_27c_1.20v -- generated by sim/harness, do not edit

Doing analysis at TEMP = 27.000000 and TNOM = 27.000000

Using SPARSE 1.3 as Direct Linear Solver

No. of Data Rows : 6
voa = -2.782086358e-03
ddc = -2.275611470e-05
dde = 1.4167289830e-05
Reset re-loads circuit * comparator-offset-mc @ ss_mismatch_27c_1.20v -- generated by sim/harness, do not edit

Circuit: * comparator-offset-mc @ ss_mismatch_27c_1.20v -- generated by sim/harness, do not edit

Doing analysis at TEMP = 27.000000 and TNOM = 27.000000

Using SPARSE 1.3 as Direct Linear Solver

No. of Data Rows : 6
voa = -2.727453553e-03
ddc = -1.290941375e-05
dde = 7.5466008447e-06
Reset re-loads circuit * comparator-offset-mc @ ss_mismatch_27c_1.20v -- generated by sim/harness, do not edit

Circuit: * comparator-offset-mc @ ss_mismatch_27c_1.20v -- generated by sim/harness, do not edit

Doing analysis at TEMP = 27.000000 and TNOM = 27.000000

Using SPARSE 1.3 as Direct Linear Solver

No. of Data Rows : 6
voa = -3.014757152e-03
ddc = 1.4069268468e-04
dde = -9.890899348e-05
Reset re-loads circuit * comparator-offset-mc @ ss_mismatch_27c_1.20v -- generated by sim/harness, do not edit

Circuit: * comparator-offset-mc @ ss_mismatch_27c_1.20v -- generated by sim/harness, do not edit

Doing analysis at TEMP = 27.000000 and TNOM = 27.000000

Using SPARSE 1.3 as Direct Linear Solver

No. of Data Rows : 6
voa = 5.9262493397e-04
ddc = -9.490177940e-05
dde = 6.6303701527e-05
Reset re-loads circuit * comparator-offset-mc @ ss_mismatch_27c_1.20v -- generated by sim/harness, do not edit

Circuit: * comparator-offset-mc @ ss_mismatch_27c_1.20v -- generated by sim/harness, do not edit

Doing analysis at TEMP = 27.000000 and TNOM = 27.000000

Using SPARSE 1.3 as Direct Linear Solver

No. of Data Rows : 6
voa = -3.410994332e-03
ddc = 6.0505967887e-05
dde = -4.633879482e-05
Reset re-loads circuit * comparator-offset-mc @ ss_mismatch_27c_1.20v -- generated by sim/harness, do not edit

Circuit: * comparator-offset-mc @ ss_mismatch_27c_1.20v -- generated by sim/harness, do not edit

Doing analysis at TEMP = 27.000000 and TNOM = 27.000000

Using SPARSE 1.3 as Direct Linear Solver

No. of Data Rows : 6
voa = -9.616426584e-04
ddc = -9.868345614e-05
dde = 6.7932420883e-05
Reset re-loads circuit * comparator-offset-mc @ ss_mismatch_27c_1.20v -- generated by sim/harness, do not edit

Circuit: * comparator-offset-mc @ ss_mismatch_27c_1.20v -- generated by sim/harness, do not edit

Doing analysis at TEMP = 27.000000 and TNOM = 27.000000

Using SPARSE 1.3 as Direct Linear Solver

No. of Data Rows : 6
voa = -2.041237926e-03
ddc = 4.7841543768e-05
dde = -3.386485628e-05
Reset re-loads circuit * comparator-offset-mc @ ss_mismatch_27c_1.20v -- generated by sim/harness, do not edit

Circuit: * comparator-offset-mc @ ss_mismatch_27c_1.20v -- generated by sim/harness, do not edit

Doing analysis at TEMP = 27.000000 and TNOM = 27.000000

Using SPARSE 1.3 as Direct Linear Solver

No. of Data Rows : 6
voa = 5.7694909162e-03
ddc = 2.8660381857e-05
dde = -1.605481698e-05
Reset re-loads circuit * comparator-offset-mc @ ss_mismatch_27c_1.20v -- generated by sim/harness, do not edit

Circuit: * comparator-offset-mc @ ss_mismatch_27c_1.20v -- generated by sim/harness, do not edit

Doing analysis at TEMP = 27.000000 and TNOM = 27.000000

Using SPARSE 1.3 as Direct Linear Solver

No. of Data Rows : 6
voa = 4.0403515060e-03
ddc = -6.647394037e-05
dde = 5.2725640739e-05
Reset re-loads circuit * comparator-offset-mc @ ss_mismatch_27c_1.20v -- generated by sim/harness, do not edit

Circuit: * comparator-offset-mc @ ss_mismatch_27c_1.20v -- generated by sim/harness, do not edit

Doing analysis at TEMP = 27.000000 and TNOM = 27.000000

Using SPARSE 1.3 as Direct Linear Solver

No. of Data Rows : 6
voa = 2.4503411932e-03
ddc = -1.258322057e-04
dde = 9.1108314110e-05
Reset re-loads circuit * comparator-offset-mc @ ss_mismatch_27c_1.20v -- generated by sim/harness, do not edit

Circuit: * comparator-offset-mc @ ss_mismatch_27c_1.20v -- generated by sim/harness, do not edit

Doing analysis at TEMP = 27.000000 and TNOM = 27.000000

Using SPARSE 1.3 as Direct Linear Solver

No. of Data Rows : 6
voa = -2.665734106e-03
ddc = -8.326047674e-05
dde = 5.8252738890e-05
Reset re-loads circuit * comparator-offset-mc @ ss_mismatch_27c_1.20v -- generated by sim/harness, do not edit

Circuit: * comparator-offset-mc @ ss_mismatch_27c_1.20v -- generated by sim/harness, do not edit

Doing analysis at TEMP = 27.000000 and TNOM = 27.000000

Using SPARSE 1.3 as Direct Linear Solver

No. of Data Rows : 6
voa = -1.321532018e-03
ddc = 3.7699047560e-05
dde = -2.032010729e-05
Reset re-loads circuit * comparator-offset-mc @ ss_mismatch_27c_1.20v -- generated by sim/harness, do not edit

Circuit: * comparator-offset-mc @ ss_mismatch_27c_1.20v -- generated by sim/harness, do not edit

Doing analysis at TEMP = 27.000000 and TNOM = 27.000000

Using SPARSE 1.3 as Direct Linear Solver
 Reference value :  0.00000e+00
No. of Data Rows : 6
voa = -9.884696263e-04
ddc = 8.6302855129e-07
dde = 1.1558488512e-07
Reset re-loads circuit * comparator-offset-mc @ ss_mismatch_27c_1.20v -- generated by sim/harness, do not edit

Circuit: * comparator-offset-mc @ ss_mismatch_27c_1.20v -- generated by sim/harness, do not edit

Doing analysis at TEMP = 27.000000 and TNOM = 27.000000

Using SPARSE 1.3 as Direct Linear Solver

No. of Data Rows : 6
voa = -4.025945867e-03
ddc = 1.3262132972e-04
dde = -9.964667690e-05
Reset re-loads circuit * comparator-offset-mc @ ss_mismatch_27c_1.20v -- generated by sim/harness, do not edit

Circuit: * comparator-offset-mc @ ss_mismatch_27c_1.20v -- generated by sim/harness, do not edit

Doing analysis at TEMP = 27.000000 and TNOM = 27.000000

Using SPARSE 1.3 as Direct Linear Solver

No. of Data Rows : 6
voa = 2.3054114929e-04
ddc = 2.0265543982e-05
dde = -8.094014402e-06
Reset re-loads circuit * comparator-offset-mc @ ss_mismatch_27c_1.20v -- generated by sim/harness, do not edit

Circuit: * comparator-offset-mc @ ss_mismatch_27c_1.20v -- generated by sim/harness, do not edit

Doing analysis at TEMP = 27.000000 and TNOM = 27.000000

Using SPARSE 1.3 as Direct Linear Solver

No. of Data Rows : 6
voa = -5.314005829e-03
ddc = 6.4880737578e-06
dde = -6.819404215e-06
Reset re-loads circuit * comparator-offset-mc @ ss_mismatch_27c_1.20v -- generated by sim/harness, do not edit

Circuit: * comparator-offset-mc @ ss_mismatch_27c_1.20v -- generated by sim/harness, do not edit

Doing analysis at TEMP = 27.000000 and TNOM = 27.000000

Using SPARSE 1.3 as Direct Linear Solver

No. of Data Rows : 6
voa = -6.231537734e-03
ddc = 1.2186102753e-05
dde = -8.957561396e-06
Reset re-loads circuit * comparator-offset-mc @ ss_mismatch_27c_1.20v -- generated by sim/harness, do not edit

Circuit: * comparator-offset-mc @ ss_mismatch_27c_1.20v -- generated by sim/harness, do not edit

Doing analysis at TEMP = 27.000000 and TNOM = 27.000000

Using SPARSE 1.3 as Direct Linear Solver

No. of Data Rows : 6
voa = -1.293655726e-03
ddc = 7.9235497811e-05
dde = -5.538233099e-05
Reset re-loads circuit * comparator-offset-mc @ ss_mismatch_27c_1.20v -- generated by sim/harness, do not edit

Circuit: * comparator-offset-mc @ ss_mismatch_27c_1.20v -- generated by sim/harness, do not edit

Doing analysis at TEMP = 27.000000 and TNOM = 27.000000

Using SPARSE 1.3 as Direct Linear Solver

No. of Data Rows : 6
voa = 4.5102566369e-04
ddc = 1.5637176066e-05
dde = -1.235929390e-05
Reset re-loads circuit * comparator-offset-mc @ ss_mismatch_27c_1.20v -- generated by sim/harness, do not edit

Circuit: * comparator-offset-mc @ ss_mismatch_27c_1.20v -- generated by sim/harness, do not edit

Doing analysis at TEMP = 27.000000 and TNOM = 27.000000

Using SPARSE 1.3 as Direct Linear Solver

No. of Data Rows : 6
voa = -3.343168766e-03
ddc = 1.8271994160e-05
dde = -1.193085538e-05
Reset re-loads circuit * comparator-offset-mc @ ss_mismatch_27c_1.20v -- generated by sim/harness, do not edit

Circuit: * comparator-offset-mc @ ss_mismatch_27c_1.20v -- generated by sim/harness, do not edit

Doing analysis at TEMP = 27.000000 and TNOM = 27.000000

Using SPARSE 1.3 as Direct Linear Solver

No. of Data Rows : 6
voa = 5.9515418036e-04
ddc = -3.922441202e-05
dde = 2.7147733832e-05
Reset re-loads circuit * comparator-offset-mc @ ss_mismatch_27c_1.20v -- generated by sim/harness, do not edit

Circuit: * comparator-offset-mc @ ss_mismatch_27c_1.20v -- generated by sim/harness, do not edit

Doing analysis at TEMP = 27.000000 and TNOM = 27.000000

Using SPARSE 1.3 as Direct Linear Solver

No. of Data Rows : 6
voa = -3.291995474e-04
ddc = 2.5003711729e-06
dde = 7.1107495685e-07
Reset re-loads circuit * comparator-offset-mc @ ss_mismatch_27c_1.20v -- generated by sim/harness, do not edit

Circuit: * comparator-offset-mc @ ss_mismatch_27c_1.20v -- generated by sim/harness, do not edit

Doing analysis at TEMP = 27.000000 and TNOM = 27.000000

Using SPARSE 1.3 as Direct Linear Solver

No. of Data Rows : 6
voa = -3.470801821e-03
ddc = -5.179984839e-05
dde = 3.5071068960e-05
Reset re-loads circuit * comparator-offset-mc @ ss_mismatch_27c_1.20v -- generated by sim/harness, do not edit

Circuit: * comparator-offset-mc @ ss_mismatch_27c_1.20v -- generated by sim/harness, do not edit

Doing analysis at TEMP = 27.000000 and TNOM = 27.000000

Using SPARSE 1.3 as Direct Linear Solver

No. of Data Rows : 6
voa = -7.323987166e-03
ddc = 5.5404051058e-05
dde = -4.366981941e-05
Reset re-loads circuit * comparator-offset-mc @ ss_mismatch_27c_1.20v -- generated by sim/harness, do not edit

Circuit: * comparator-offset-mc @ ss_mismatch_27c_1.20v -- generated by sim/harness, do not edit

Doing analysis at TEMP = 27.000000 and TNOM = 27.000000

Using SPARSE 1.3 as Direct Linear Solver

No. of Data Rows : 6
voa = 1.6475993621e-03
ddc = -4.554510103e-05
dde = 2.9672957649e-05
Reset re-loads circuit * comparator-offset-mc @ ss_mismatch_27c_1.20v -- generated by sim/harness, do not edit

Circuit: * comparator-offset-mc @ ss_mismatch_27c_1.20v -- generated by sim/harness, do not edit

Doing analysis at TEMP = 27.000000 and TNOM = 27.000000

Using SPARSE 1.3 as Direct Linear Solver

No. of Data Rows : 6
voa = -7.596269869e-03
ddc = -4.910487474e-05
dde = 3.3796942603e-05
Reset re-loads circuit * comparator-offset-mc @ ss_mismatch_27c_1.20v -- generated by sim/harness, do not edit

Circuit: * comparator-offset-mc @ ss_mismatch_27c_1.20v -- generated by sim/harness, do not edit

Doing analysis at TEMP = 27.000000 and TNOM = 27.000000

Using SPARSE 1.3 as Direct Linear Solver

No. of Data Rows : 6
voa = 1.1246478841e-03
ddc = -1.300460814e-05
dde = 9.1278013102e-06
Reset re-loads circuit * comparator-offset-mc @ ss_mismatch_27c_1.20v -- generated by sim/harness, do not edit

Circuit: * comparator-offset-mc @ ss_mismatch_27c_1.20v -- generated by sim/harness, do not edit

Doing analysis at TEMP = 27.000000 and TNOM = 27.000000

Using SPARSE 1.3 as Direct Linear Solver
 Reference value :  0.00000e+00
No. of Data Rows : 6
voa = 2.9011988933e-03
ddc = -1.086202878e-04
dde = 8.0814134957e-05
Reset re-loads circuit * comparator-offset-mc @ ss_mismatch_27c_1.20v -- generated by sim/harness, do not edit

Circuit: * comparator-offset-mc @ ss_mismatch_27c_1.20v -- generated by sim/harness, do not edit

Doing analysis at TEMP = 27.000000 and TNOM = 27.000000

Using SPARSE 1.3 as Direct Linear Solver

No. of Data Rows : 6
voa = -4.256472068e-03
ddc = 1.5522087632e-05
dde = -1.599914488e-05
Reset re-loads circuit * comparator-offset-mc @ ss_mismatch_27c_1.20v -- generated by sim/harness, do not edit

Circuit: * comparator-offset-mc @ ss_mismatch_27c_1.20v -- generated by sim/harness, do not edit

Doing analysis at TEMP = 27.000000 and TNOM = 27.000000

Using SPARSE 1.3 as Direct Linear Solver

No. of Data Rows : 6
voa = -3.633528914e-03
ddc = -1.221255548e-04
dde = 8.6355286564e-05
Reset re-loads circuit * comparator-offset-mc @ ss_mismatch_27c_1.20v -- generated by sim/harness, do not edit

Circuit: * comparator-offset-mc @ ss_mismatch_27c_1.20v -- generated by sim/harness, do not edit

Doing analysis at TEMP = 27.000000 and TNOM = 27.000000

Using SPARSE 1.3 as Direct Linear Solver

No. of Data Rows : 6
voa = -1.312684725e-03
ddc = 1.9916002543e-04
dde = -1.412910886e-04
Reset re-loads circuit * comparator-offset-mc @ ss_mismatch_27c_1.20v -- generated by sim/harness, do not edit

Circuit: * comparator-offset-mc @ ss_mismatch_27c_1.20v -- generated by sim/harness, do not edit

Doing analysis at TEMP = 27.000000 and TNOM = 27.000000

Using SPARSE 1.3 as Direct Linear Solver

No. of Data Rows : 6
voa = 2.2993079243e-03
ddc = 5.0555535582e-06
dde = -3.707577287e-07
Reset re-loads circuit * comparator-offset-mc @ ss_mismatch_27c_1.20v -- generated by sim/harness, do not edit

Circuit: * comparator-offset-mc @ ss_mismatch_27c_1.20v -- generated by sim/harness, do not edit

Doing analysis at TEMP = 27.000000 and TNOM = 27.000000

Using SPARSE 1.3 as Direct Linear Solver

No. of Data Rows : 6
voa = 1.2393244310e-03
ddc = 3.8200086474e-05
dde = -2.643677901e-05
Reset re-loads circuit * comparator-offset-mc @ ss_mismatch_27c_1.20v -- generated by sim/harness, do not edit

Circuit: * comparator-offset-mc @ ss_mismatch_27c_1.20v -- generated by sim/harness, do not edit

Doing analysis at TEMP = 27.000000 and TNOM = 27.000000

Using SPARSE 1.3 as Direct Linear Solver

No. of Data Rows : 6
voa = 5.2150168284e-03
ddc = -1.734121561e-05
dde = 8.8808428462e-06
Reset re-loads circuit * comparator-offset-mc @ ss_mismatch_27c_1.20v -- generated by sim/harness, do not edit

Circuit: * comparator-offset-mc @ ss_mismatch_27c_1.20v -- generated by sim/harness, do not edit

Doing analysis at TEMP = 27.000000 and TNOM = 27.000000

Using SPARSE 1.3 as Direct Linear Solver

No. of Data Rows : 6
voa = 3.7165968771e-03
ddc = -1.571388364e-05
dde = 9.7734038745e-06
Reset re-loads circuit * comparator-offset-mc @ ss_mismatch_27c_1.20v -- generated by sim/harness, do not edit

Circuit: * comparator-offset-mc @ ss_mismatch_27c_1.20v -- generated by sim/harness, do not edit

Doing analysis at TEMP = 27.000000 and TNOM = 27.000000

Using SPARSE 1.3 as Direct Linear Solver

No. of Data Rows : 6
voa = -1.767992108e-03
ddc = 1.4529324345e-05
dde = -1.061515325e-05
Reset re-loads circuit * comparator-offset-mc @ ss_mismatch_27c_1.20v -- generated by sim/harness, do not edit

Circuit: * comparator-offset-mc @ ss_mismatch_27c_1.20v -- generated by sim/harness, do not edit

Doing analysis at TEMP = 27.000000 and TNOM = 27.000000

Using SPARSE 1.3 as Direct Linear Solver

No. of Data Rows : 6
voa = 3.9185940044e-03
ddc = 7.4508889346e-05
dde = -5.190374321e-05
Reset re-loads circuit * comparator-offset-mc @ ss_mismatch_27c_1.20v -- generated by sim/harness, do not edit

Circuit: * comparator-offset-mc @ ss_mismatch_27c_1.20v -- generated by sim/harness, do not edit

Doing analysis at TEMP = 27.000000 and TNOM = 27.000000

Using SPARSE 1.3 as Direct Linear Solver

No. of Data Rows : 6
voa = -5.176154655e-03
ddc = -4.276368925e-05
dde = 3.0199336796e-05
Reset re-loads circuit * comparator-offset-mc @ ss_mismatch_27c_1.20v -- generated by sim/harness, do not edit

Circuit: * comparator-offset-mc @ ss_mismatch_27c_1.20v -- generated by sim/harness, do not edit

Doing analysis at TEMP = 27.000000 and TNOM = 27.000000

Using SPARSE 1.3 as Direct Linear Solver

No. of Data Rows : 6
voa = 1.1057088295e-03
ddc = -1.439434003e-04
dde = 1.0774956672e-04
Reset re-loads circuit * comparator-offset-mc @ ss_mismatch_27c_1.20v -- generated by sim/harness, do not edit

Circuit: * comparator-offset-mc @ ss_mismatch_27c_1.20v -- generated by sim/harness, do not edit

Doing analysis at TEMP = 27.000000 and TNOM = 27.000000

Using SPARSE 1.3 as Direct Linear Solver

No. of Data Rows : 6
voa = 4.8251300152e-03
ddc = -9.630863041e-05
dde = 6.7651126850e-05
Reset re-loads circuit * comparator-offset-mc @ ss_mismatch_27c_1.20v -- generated by sim/harness, do not edit

Circuit: * comparator-offset-mc @ ss_mismatch_27c_1.20v -- generated by sim/harness, do not edit

Doing analysis at TEMP = 27.000000 and TNOM = 27.000000

Using SPARSE 1.3 as Direct Linear Solver

No. of Data Rows : 6
voa = -9.475763862e-04
ddc = -8.580536950e-05
dde = 6.3349832936e-05
Reset re-loads circuit * comparator-offset-mc @ ss_mismatch_27c_1.20v -- generated by sim/harness, do not edit

Circuit: * comparator-offset-mc @ ss_mismatch_27c_1.20v -- generated by sim/harness, do not edit

Doing analysis at TEMP = 27.000000 and TNOM = 27.000000

Using SPARSE 1.3 as Direct Linear Solver

No. of Data Rows : 6
voa = 9.0177188354e-03
ddc = -4.721510762e-05
dde = 3.5176527827e-05
Reset re-loads circuit * comparator-offset-mc @ ss_mismatch_27c_1.20v -- generated by sim/harness, do not edit

Circuit: * comparator-offset-mc @ ss_mismatch_27c_1.20v -- generated by sim/harness, do not edit

Doing analysis at TEMP = 27.000000 and TNOM = 27.000000

Using SPARSE 1.3 as Direct Linear Solver
 Reference value :  0.00000e+00
No. of Data Rows : 6
voa = -8.293870243e-04
ddc = -2.978498048e-05
dde = 1.9146472158e-05
Reset re-loads circuit * comparator-offset-mc @ ss_mismatch_27c_1.20v -- generated by sim/harness, do not edit

Circuit: * comparator-offset-mc @ ss_mismatch_27c_1.20v -- generated by sim/harness, do not edit

Doing analysis at TEMP = 27.000000 and TNOM = 27.000000

Using SPARSE 1.3 as Direct Linear Solver

No. of Data Rows : 6
voa = -9.798917618e-04
ddc = -4.740707754e-05
dde = 3.2218077424e-05
Reset re-loads circuit * comparator-offset-mc @ ss_mismatch_27c_1.20v -- generated by sim/harness, do not edit

Circuit: * comparator-offset-mc @ ss_mismatch_27c_1.20v -- generated by sim/harness, do not edit

Doing analysis at TEMP = 27.000000 and TNOM = 27.000000

Using SPARSE 1.3 as Direct Linear Solver

No. of Data Rows : 6
voa = 4.1850881833e-03
ddc = -1.386783821e-04
dde = 9.6857879559e-05
Reset re-loads circuit * comparator-offset-mc @ ss_mismatch_27c_1.20v -- generated by sim/harness, do not edit

Circuit: * comparator-offset-mc @ ss_mismatch_27c_1.20v -- generated by sim/harness, do not edit

Doing analysis at TEMP = 27.000000 and TNOM = 27.000000

Using SPARSE 1.3 as Direct Linear Solver

No. of Data Rows : 6
voa = 4.3031409206e-04
ddc = -1.037946109e-04
dde = 7.4076982518e-05
Reset re-loads circuit * comparator-offset-mc @ ss_mismatch_27c_1.20v -- generated by sim/harness, do not edit

Circuit: * comparator-offset-mc @ ss_mismatch_27c_1.20v -- generated by sim/harness, do not edit

Doing analysis at TEMP = 27.000000 and TNOM = 27.000000

Using SPARSE 1.3 as Direct Linear Solver

No. of Data Rows : 6
voa = 6.8208960047e-03
ddc = -1.013082825e-04
dde = 7.5476205279e-05
Reset re-loads circuit * comparator-offset-mc @ ss_mismatch_27c_1.20v -- generated by sim/harness, do not edit

Circuit: * comparator-offset-mc @ ss_mismatch_27c_1.20v -- generated by sim/harness, do not edit

Doing analysis at TEMP = 27.000000 and TNOM = 27.000000

Using SPARSE 1.3 as Direct Linear Solver

No. of Data Rows : 6
voa = -4.779899564e-04
ddc = 1.2082615193e-04
dde = -8.840293489e-05
Reset re-loads circuit * comparator-offset-mc @ ss_mismatch_27c_1.20v -- generated by sim/harness, do not edit

Circuit: * comparator-offset-mc @ ss_mismatch_27c_1.20v -- generated by sim/harness, do not edit

Doing analysis at TEMP = 27.000000 and TNOM = 27.000000

Using SPARSE 1.3 as Direct Linear Solver

No. of Data Rows : 6
voa = -4.365331415e-04
ddc = -3.941964811e-05
dde = 2.7604927574e-05
Reset re-loads circuit * comparator-offset-mc @ ss_mismatch_27c_1.20v -- generated by sim/harness, do not edit

Circuit: * comparator-offset-mc @ ss_mismatch_27c_1.20v -- generated by sim/harness, do not edit

Doing analysis at TEMP = 27.000000 and TNOM = 27.000000

Using SPARSE 1.3 as Direct Linear Solver

No. of Data Rows : 6
voa = 4.8045384866e-03
ddc = -6.582440156e-05
dde = 5.0636350598e-05
Reset re-loads circuit * comparator-offset-mc @ ss_mismatch_27c_1.20v -- generated by sim/harness, do not edit

Circuit: * comparator-offset-mc @ ss_mismatch_27c_1.20v -- generated by sim/harness, do not edit

Doing analysis at TEMP = 27.000000 and TNOM = 27.000000

Using SPARSE 1.3 as Direct Linear Solver

No. of Data Rows : 6
voa = -4.603186039e-03
ddc = 3.7462890460e-05
dde = -2.769376381e-05
Reset re-loads circuit * comparator-offset-mc @ ss_mismatch_27c_1.20v -- generated by sim/harness, do not edit

Circuit: * comparator-offset-mc @ ss_mismatch_27c_1.20v -- generated by sim/harness, do not edit

Doing analysis at TEMP = 27.000000 and TNOM = 27.000000

Using SPARSE 1.3 as Direct Linear Solver

No. of Data Rows : 6
voa = 8.5168435887e-03
ddc = -1.509275506e-04
dde = 1.1393029530e-04
Reset re-loads circuit * comparator-offset-mc @ ss_mismatch_27c_1.20v -- generated by sim/harness, do not edit

Circuit: * comparator-offset-mc @ ss_mismatch_27c_1.20v -- generated by sim/harness, do not edit

Doing analysis at TEMP = 27.000000 and TNOM = 27.000000

Using SPARSE 1.3 as Direct Linear Solver

No. of Data Rows : 6
voa = -3.931287825e-03
ddc = 1.6981971672e-06
dde = -5.624351241e-07
Reset re-loads circuit * comparator-offset-mc @ ss_mismatch_27c_1.20v -- generated by sim/harness, do not edit

Circuit: * comparator-offset-mc @ ss_mismatch_27c_1.20v -- generated by sim/harness, do not edit

Doing analysis at TEMP = 27.000000 and TNOM = 27.000000

Using SPARSE 1.3 as Direct Linear Solver

No. of Data Rows : 6
voa = 1.6552784090e-03
ddc = -4.951786621e-05
dde = 3.9010832611e-05
Reset re-loads circuit * comparator-offset-mc @ ss_mismatch_27c_1.20v -- generated by sim/harness, do not edit

Circuit: * comparator-offset-mc @ ss_mismatch_27c_1.20v -- generated by sim/harness, do not edit

Doing analysis at TEMP = 27.000000 and TNOM = 27.000000

Using SPARSE 1.3 as Direct Linear Solver

No. of Data Rows : 6
voa = -6.646435967e-04
ddc = 8.8950193292e-05
dde = -6.433256479e-05
Reset re-loads circuit * comparator-offset-mc @ ss_mismatch_27c_1.20v -- generated by sim/harness, do not edit

Circuit: * comparator-offset-mc @ ss_mismatch_27c_1.20v -- generated by sim/harness, do not edit

Doing analysis at TEMP = 27.000000 and TNOM = 27.000000

Using SPARSE 1.3 as Direct Linear Solver
 Reference value :  0.00000e+00
No. of Data Rows : 6
voa = -2.703128864e-03
ddc = 1.8631755403e-05
dde = -1.711725635e-05
Reset re-loads circuit * comparator-offset-mc @ ss_mismatch_27c_1.20v -- generated by sim/harness, do not edit

Circuit: * comparator-offset-mc @ ss_mismatch_27c_1.20v -- generated by sim/harness, do not edit

Doing analysis at TEMP = 27.000000 and TNOM = 27.000000

Using SPARSE 1.3 as Direct Linear Solver

No. of Data Rows : 6
voa = 4.6866957221e-03
ddc = -1.814368794e-05
dde = 2.0729883214e-05
Reset re-loads circuit * comparator-offset-mc @ ss_mismatch_27c_1.20v -- generated by sim/harness, do not edit

Circuit: * comparator-offset-mc @ ss_mismatch_27c_1.20v -- generated by sim/harness, do not edit

Doing analysis at TEMP = 27.000000 and TNOM = 27.000000

Using SPARSE 1.3 as Direct Linear Solver

No. of Data Rows : 6
voa = 3.8199215331e-03
ddc = 3.6700324501e-05
dde = -2.421757848e-05
Reset re-loads circuit * comparator-offset-mc @ ss_mismatch_27c_1.20v -- generated by sim/harness, do not edit

Circuit: * comparator-offset-mc @ ss_mismatch_27c_1.20v -- generated by sim/harness, do not edit

Doing analysis at TEMP = 27.000000 and TNOM = 27.000000

Using SPARSE 1.3 as Direct Linear Solver

No. of Data Rows : 6
voa = 3.8330350127e-03
ddc = -8.862379927e-05
dde = 6.3366634816e-05
Reset re-loads circuit * comparator-offset-mc @ ss_mismatch_27c_1.20v -- generated by sim/harness, do not edit

Circuit: * comparator-offset-mc @ ss_mismatch_27c_1.20v -- generated by sim/harness, do not edit

Doing analysis at TEMP = 27.000000 and TNOM = 27.000000

Using SPARSE 1.3 as Direct Linear Solver

No. of Data Rows : 6
voa = 3.2756839765e-03
ddc = -1.831494298e-05
dde = 1.5819771479e-05
Reset re-loads circuit * comparator-offset-mc @ ss_mismatch_27c_1.20v -- generated by sim/harness, do not edit

Circuit: * comparator-offset-mc @ ss_mismatch_27c_1.20v -- generated by sim/harness, do not edit

Doing analysis at TEMP = 27.000000 and TNOM = 27.000000

Using SPARSE 1.3 as Direct Linear Solver

No. of Data Rows : 6
voa = 4.1240593151e-03
ddc = 8.4390802792e-05
dde = -5.783081422e-05
Reset re-loads circuit * comparator-offset-mc @ ss_mismatch_27c_1.20v -- generated by sim/harness, do not edit

Circuit: * comparator-offset-mc @ ss_mismatch_27c_1.20v -- generated by sim/harness, do not edit

Doing analysis at TEMP = 27.000000 and TNOM = 27.000000

Using SPARSE 1.3 as Direct Linear Solver

No. of Data Rows : 6
voa = -5.126069853e-03
ddc = 3.5040274872e-05
dde = -2.899786424e-05
Reset re-loads circuit * comparator-offset-mc @ ss_mismatch_27c_1.20v -- generated by sim/harness, do not edit

Circuit: * comparator-offset-mc @ ss_mismatch_27c_1.20v -- generated by sim/harness, do not edit

Doing analysis at TEMP = 27.000000 and TNOM = 27.000000

Using SPARSE 1.3 as Direct Linear Solver

No. of Data Rows : 6
voa = 9.3335063184e-03
ddc = -9.750195889e-05
dde = 7.0261737634e-05
Reset re-loads circuit * comparator-offset-mc @ ss_mismatch_27c_1.20v -- generated by sim/harness, do not edit

Circuit: * comparator-offset-mc @ ss_mismatch_27c_1.20v -- generated by sim/harness, do not edit

Doing analysis at TEMP = 27.000000 and TNOM = 27.000000

Using SPARSE 1.3 as Direct Linear Solver

No. of Data Rows : 6
voa = 9.0968589271e-03
ddc = 8.7893012261e-05
dde = -5.856002073e-05
Reset re-loads circuit * comparator-offset-mc @ ss_mismatch_27c_1.20v -- generated by sim/harness, do not edit

Circuit: * comparator-offset-mc @ ss_mismatch_27c_1.20v -- generated by sim/harness, do not edit

Doing analysis at TEMP = 27.000000 and TNOM = 27.000000

Using SPARSE 1.3 as Direct Linear Solver

No. of Data Rows : 6
voa = 1.8226705464e-03
ddc = -5.455080661e-05
dde = 3.8460661446e-05
Reset re-loads circuit * comparator-offset-mc @ ss_mismatch_27c_1.20v -- generated by sim/harness, do not edit

Circuit: * comparator-offset-mc @ ss_mismatch_27c_1.20v -- generated by sim/harness, do not edit

Doing analysis at TEMP = 27.000000 and TNOM = 27.000000

Using SPARSE 1.3 as Direct Linear Solver

No. of Data Rows : 6
voa = 4.2321331420e-04
ddc = 1.6633189104e-05
dde = -1.114657611e-05
Reset re-loads circuit * comparator-offset-mc @ ss_mismatch_27c_1.20v -- generated by sim/harness, do not edit

Circuit: * comparator-offset-mc @ ss_mismatch_27c_1.20v -- generated by sim/harness, do not edit

Doing analysis at TEMP = 27.000000 and TNOM = 27.000000

Using SPARSE 1.3 as Direct Linear Solver

No. of Data Rows : 6
voa = 3.6136337294e-03
ddc = 6.5719711446e-06
dde = -7.695931984e-06
Reset re-loads circuit * comparator-offset-mc @ ss_mismatch_27c_1.20v -- generated by sim/harness, do not edit

Circuit: * comparator-offset-mc @ ss_mismatch_27c_1.20v -- generated by sim/harness, do not edit

Doing analysis at TEMP = 27.000000 and TNOM = 27.000000

Using SPARSE 1.3 as Direct Linear Solver

No. of Data Rows : 6
voa = 5.6797382596e-04
ddc = 4.2508356482e-05
dde = -3.097611806e-05
Reset re-loads circuit * comparator-offset-mc @ ss_mismatch_27c_1.20v -- generated by sim/harness, do not edit

Circuit: * comparator-offset-mc @ ss_mismatch_27c_1.20v -- generated by sim/harness, do not edit

Doing analysis at TEMP = 27.000000 and TNOM = 27.000000

Using SPARSE 1.3 as Direct Linear Solver
 Reference value :  0.00000e+00
No. of Data Rows : 6
voa = -1.015502669e-03
ddc = -7.833662780e-06
dde = 1.8034303029e-06
Reset re-loads circuit * comparator-offset-mc @ ss_mismatch_27c_1.20v -- generated by sim/harness, do not edit

Circuit: * comparator-offset-mc @ ss_mismatch_27c_1.20v -- generated by sim/harness, do not edit

Doing analysis at TEMP = 27.000000 and TNOM = 27.000000

Using SPARSE 1.3 as Direct Linear Solver

No. of Data Rows : 6
voa = 1.1948559732e-04
ddc = -7.912821217e-05
dde = 6.0496546672e-05
Reset re-loads circuit * comparator-offset-mc @ ss_mismatch_27c_1.20v -- generated by sim/harness, do not edit

Circuit: * comparator-offset-mc @ ss_mismatch_27c_1.20v -- generated by sim/harness, do not edit

Doing analysis at TEMP = 27.000000 and TNOM = 27.000000

Using SPARSE 1.3 as Direct Linear Solver

No. of Data Rows : 6
voa = -2.902822454e-04
ddc = 1.5270893782e-08
dde = 2.5653694020e-07
Reset re-loads circuit * comparator-offset-mc @ ss_mismatch_27c_1.20v -- generated by sim/harness, do not edit

Circuit: * comparator-offset-mc @ ss_mismatch_27c_1.20v -- generated by sim/harness, do not edit

Doing analysis at TEMP = 27.000000 and TNOM = 27.000000

Using SPARSE 1.3 as Direct Linear Solver

No. of Data Rows : 6
voa = 3.2687663126e-03
ddc = -4.118968613e-05
dde = 3.2069756154e-05
Reset re-loads circuit * comparator-offset-mc @ ss_mismatch_27c_1.20v -- generated by sim/harness, do not edit

Circuit: * comparator-offset-mc @ ss_mismatch_27c_1.20v -- generated by sim/harness, do not edit

Doing analysis at TEMP = 27.000000 and TNOM = 27.000000

Using SPARSE 1.3 as Direct Linear Solver

No. of Data Rows : 6
voa = -1.979777825e-03
ddc = 7.1118855523e-05
dde = -5.075260952e-05
Reset re-loads circuit * comparator-offset-mc @ ss_mismatch_27c_1.20v -- generated by sim/harness, do not edit

Circuit: * comparator-offset-mc @ ss_mismatch_27c_1.20v -- generated by sim/harness, do not edit

Doing analysis at TEMP = 27.000000 and TNOM = 27.000000

Using SPARSE 1.3 as Direct Linear Solver

No. of Data Rows : 6
voa = -3.442154010e-03
ddc = 8.2709782215e-05
dde = -5.768839968e-05
Reset re-loads circuit * comparator-offset-mc @ ss_mismatch_27c_1.20v -- generated by sim/harness, do not edit

Circuit: * comparator-offset-mc @ ss_mismatch_27c_1.20v -- generated by sim/harness, do not edit

Doing analysis at TEMP = 27.000000 and TNOM = 27.000000

Using SPARSE 1.3 as Direct Linear Solver

No. of Data Rows : 6
voa = -2.112475879e-03
ddc = 4.3983291609e-07
dde = -4.110792687e-06
Reset re-loads circuit * comparator-offset-mc @ ss_mismatch_27c_1.20v -- generated by sim/harness, do not edit

Circuit: * comparator-offset-mc @ ss_mismatch_27c_1.20v -- generated by sim/harness, do not edit

Doing analysis at TEMP = 27.000000 and TNOM = 27.000000

Using SPARSE 1.3 as Direct Linear Solver

No. of Data Rows : 6
voa = -4.926165921e-03
ddc = 3.2144409967e-05
dde = -2.342417680e-05
Reset re-loads circuit * comparator-offset-mc @ ss_mismatch_27c_1.20v -- generated by sim/harness, do not edit

Circuit: * comparator-offset-mc @ ss_mismatch_27c_1.20v -- generated by sim/harness, do not edit

Doing analysis at TEMP = 27.000000 and TNOM = 27.000000

Using SPARSE 1.3 as Direct Linear Solver

No. of Data Rows : 6
voa = 1.6443811934e-04
ddc = 3.5601472309e-05
dde = -2.163143482e-05
Reset re-loads circuit * comparator-offset-mc @ ss_mismatch_27c_1.20v -- generated by sim/harness, do not edit

Circuit: * comparator-offset-mc @ ss_mismatch_27c_1.20v -- generated by sim/harness, do not edit

Doing analysis at TEMP = 27.000000 and TNOM = 27.000000

Using SPARSE 1.3 as Direct Linear Solver

No. of Data Rows : 6
voa = 5.8333749589e-03
ddc = -2.794684297e-05
dde = 2.2322799814e-05
Reset re-loads circuit * comparator-offset-mc @ ss_mismatch_27c_1.20v -- generated by sim/harness, do not edit

Circuit: * comparator-offset-mc @ ss_mismatch_27c_1.20v -- generated by sim/harness, do not edit

Doing analysis at TEMP = 27.000000 and TNOM = 27.000000

Using SPARSE 1.3 as Direct Linear Solver

No. of Data Rows : 6
voa = -6.744753406e-03
ddc = 3.3103880045e-05
dde = -2.073049973e-05
Reset re-loads circuit * comparator-offset-mc @ ss_mismatch_27c_1.20v -- generated by sim/harness, do not edit

Circuit: * comparator-offset-mc @ ss_mismatch_27c_1.20v -- generated by sim/harness, do not edit

Doing analysis at TEMP = 27.000000 and TNOM = 27.000000

Using SPARSE 1.3 as Direct Linear Solver

No. of Data Rows : 6
voa = -7.113771685e-03
ddc = -8.459086728e-06
dde = 2.9360878911e-06
Reset re-loads circuit * comparator-offset-mc @ ss_mismatch_27c_1.20v -- generated by sim/harness, do not edit

Circuit: * comparator-offset-mc @ ss_mismatch_27c_1.20v -- generated by sim/harness, do not edit

Doing analysis at TEMP = 27.000000 and TNOM = 27.000000

Using SPARSE 1.3 as Direct Linear Solver

No. of Data Rows : 6
voa = -2.051558249e-03
ddc = 6.1414428177e-05
dde = -3.914717465e-05
Reset re-loads circuit * comparator-offset-mc @ ss_mismatch_27c_1.20v -- generated by sim/harness, do not edit

Circuit: * comparator-offset-mc @ ss_mismatch_27c_1.20v -- generated by sim/harness, do not edit

Doing analysis at TEMP = 27.000000 and TNOM = 27.000000

Using SPARSE 1.3 as Direct Linear Solver
 Reference value :  0.00000e+00
No. of Data Rows : 6
voa = -2.803013204e-03
ddc = -4.339162745e-05
dde = 2.8631786591e-05
Reset re-loads circuit * comparator-offset-mc @ ss_mismatch_27c_1.20v -- generated by sim/harness, do not edit

Circuit: * comparator-offset-mc @ ss_mismatch_27c_1.20v -- generated by sim/harness, do not edit

Doing analysis at TEMP = 27.000000 and TNOM = 27.000000

Using SPARSE 1.3 as Direct Linear Solver

No. of Data Rows : 6
voa = -7.545264064e-03
ddc = 1.0131914521e-05
dde = -6.969968835e-06
Reset re-loads circuit * comparator-offset-mc @ ss_mismatch_27c_1.20v -- generated by sim/harness, do not edit

Circuit: * comparator-offset-mc @ ss_mismatch_27c_1.20v -- generated by sim/harness, do not edit

Doing analysis at TEMP = 27.000000 and TNOM = 27.000000

Using SPARSE 1.3 as Direct Linear Solver

No. of Data Rows : 6
voa = -1.173574341e-03
ddc = -1.817227005e-06
dde = 1.5331232405e-06
Reset re-loads circuit * comparator-offset-mc @ ss_mismatch_27c_1.20v -- generated by sim/harness, do not edit

Circuit: * comparator-offset-mc @ ss_mismatch_27c_1.20v -- generated by sim/harness, do not edit

Doing analysis at TEMP = 27.000000 and TNOM = 27.000000

Using SPARSE 1.3 as Direct Linear Solver

No. of Data Rows : 6
voa = -8.175242517e-05
ddc = -5.441729470e-05
dde = 3.6548929040e-05
Reset re-loads circuit * comparator-offset-mc @ ss_mismatch_27c_1.20v -- generated by sim/harness, do not edit

Circuit: * comparator-offset-mc @ ss_mismatch_27c_1.20v -- generated by sim/harness, do not edit

Doing analysis at TEMP = 27.000000 and TNOM = 27.000000

Using SPARSE 1.3 as Direct Linear Solver

No. of Data Rows : 6
voa = 3.5178674091e-03
ddc = 9.3264558233e-06
dde = -3.851276895e-06
Reset re-loads circuit * comparator-offset-mc @ ss_mismatch_27c_1.20v -- generated by sim/harness, do not edit

Circuit: * comparator-offset-mc @ ss_mismatch_27c_1.20v -- generated by sim/harness, do not edit

Doing analysis at TEMP = 27.000000 and TNOM = 27.000000

Using SPARSE 1.3 as Direct Linear Solver

No. of Data Rows : 6
voa = 3.8318238259e-04
ddc = 1.1886049025e-04
dde = -8.773852866e-05
Reset re-loads circuit * comparator-offset-mc @ ss_mismatch_27c_1.20v -- generated by sim/harness, do not edit

Circuit: * comparator-offset-mc @ ss_mismatch_27c_1.20v -- generated by sim/harness, do not edit

Doing analysis at TEMP = 27.000000 and TNOM = 27.000000

Using SPARSE 1.3 as Direct Linear Solver

No. of Data Rows : 6
voa = -2.215947604e-03
ddc = 1.2183945644e-04
dde = -8.658593060e-05
Reset re-loads circuit * comparator-offset-mc @ ss_mismatch_27c_1.20v -- generated by sim/harness, do not edit

Circuit: * comparator-offset-mc @ ss_mismatch_27c_1.20v -- generated by sim/harness, do not edit

Doing analysis at TEMP = 27.000000 and TNOM = 27.000000

Using SPARSE 1.3 as Direct Linear Solver

No. of Data Rows : 6
voa = -6.535817548e-03
ddc = 1.2053477953e-04
dde = -8.849181280e-05
Reset re-loads circuit * comparator-offset-mc @ ss_mismatch_27c_1.20v -- generated by sim/harness, do not edit

Circuit: * comparator-offset-mc @ ss_mismatch_27c_1.20v -- generated by sim/harness, do not edit

Doing analysis at TEMP = 27.000000 and TNOM = 27.000000

Using SPARSE 1.3 as Direct Linear Solver

No. of Data Rows : 6
voa = -2.839220054e-04
ddc = 4.5007125468e-05
dde = -3.257775823e-05
Reset re-loads circuit * comparator-offset-mc @ ss_mismatch_27c_1.20v -- generated by sim/harness, do not edit

Circuit: * comparator-offset-mc @ ss_mismatch_27c_1.20v -- generated by sim/harness, do not edit

Doing analysis at TEMP = 27.000000 and TNOM = 27.000000

Using SPARSE 1.3 as Direct Linear Solver

No. of Data Rows : 6
voa = -3.796173603e-03
ddc = -4.098218500e-05
dde = 2.8977875416e-05
Reset re-loads circuit * comparator-offset-mc @ ss_mismatch_27c_1.20v -- generated by sim/harness, do not edit

Circuit: * comparator-offset-mc @ ss_mismatch_27c_1.20v -- generated by sim/harness, do not edit

Doing analysis at TEMP = 27.000000 and TNOM = 27.000000

Using SPARSE 1.3 as Direct Linear Solver

No. of Data Rows : 6
voa = -3.448686298e-04
ddc = 2.4607485192e-05
dde = -1.899790798e-05
Reset re-loads circuit * comparator-offset-mc @ ss_mismatch_27c_1.20v -- generated by sim/harness, do not edit

Circuit: * comparator-offset-mc @ ss_mismatch_27c_1.20v -- generated by sim/harness, do not edit

Doing analysis at TEMP = 27.000000 and TNOM = 27.000000

Using SPARSE 1.3 as Direct Linear Solver

No. of Data Rows : 6
voa = 1.0526311861e-03
ddc = -8.109824412e-05
dde = 5.5492782537e-05
Reset re-loads circuit * comparator-offset-mc @ ss_mismatch_27c_1.20v -- generated by sim/harness, do not edit

Circuit: * comparator-offset-mc @ ss_mismatch_27c_1.20v -- generated by sim/harness, do not edit

Doing analysis at TEMP = 27.000000 and TNOM = 27.000000

Using SPARSE 1.3 as Direct Linear Solver
 Reference value :  0.00000e+00
No. of Data Rows : 6
voa = 1.1849816093e-02
ddc = -6.869074873e-05
dde = 5.5354793205e-05
Reset re-loads circuit * comparator-offset-mc @ ss_mismatch_27c_1.20v -- generated by sim/harness, do not edit

Circuit: * comparator-offset-mc @ ss_mismatch_27c_1.20v -- generated by sim/harness, do not edit

Doing analysis at TEMP = 27.000000 and TNOM = 27.000000

Using SPARSE 1.3 as Direct Linear Solver

No. of Data Rows : 6
voa = -2.684544434e-03
ddc = 3.7147819767e-05
dde = -2.285208004e-05
Reset re-loads circuit * comparator-offset-mc @ ss_mismatch_27c_1.20v -- generated by sim/harness, do not edit

Circuit: * comparator-offset-mc @ ss_mismatch_27c_1.20v -- generated by sim/harness, do not edit

Doing analysis at TEMP = 27.000000 and TNOM = 27.000000

Using SPARSE 1.3 as Direct Linear Solver

No. of Data Rows : 6
voa = -4.368055437e-04
ddc = -5.262753883e-05
dde = 3.4639566722e-05
m_n_samples = 2.0000000000e+02
m_sig_vos_mv = 4.1280850136e+00
m_vos_3sig_mv = 1.2384255041e+01
m_mean_vos_uv = -3.058853896e+02
m_mean_vos_sem = -1.047912689e+00
m_sig_dvos_dn_uv = 6.8403193489e+01
m_sig_dvos_up_uv = 4.9065137129e+01
m_mean_dvos_dn_uv = -7.230411657e+00
m_mean_dvos_up_uv = 5.4657332071e+00
m_av_mean = 1.6488776668e+00
m_av_sigma_pct = 9.3026073432e-01
m_vbias_anchor_mv = 3.5525174223e+02
Note: Simulation executed from .control section 

