
Note: No compatibility mode selected!


Circuit: * comparator-offset-mc @ tt_mismatch_-40c_1.20v -- generated by sim/harness, do not edit

Reset re-loads circuit * comparator-offset-mc @ tt_mismatch_-40c_1.20v -- generated by sim/harness, do not edit

Circuit: * comparator-offset-mc @ tt_mismatch_-40c_1.20v -- generated by sim/harness, do not edit

Doing analysis at TEMP = -40.000000 and TNOM = 27.000000

Using SPARSE 1.3 as Direct Linear Solver

No. of Data Rows : 6
voa = -3.253893767e-03
ddc = -1.989815213e-05
dde = 1.6636566781e-05
Reset re-loads circuit * comparator-offset-mc @ tt_mismatch_-40c_1.20v -- generated by sim/harness, do not edit

Circuit: * comparator-offset-mc @ tt_mismatch_-40c_1.20v -- generated by sim/harness, do not edit

Doing analysis at TEMP = -40.000000 and TNOM = 27.000000

Using SPARSE 1.3 as Direct Linear Solver

No. of Data Rows : 6
voa = 3.8271425437e-03
ddc = -5.257981084e-05
dde = 4.7072120464e-05
Reset re-loads circuit * comparator-offset-mc @ tt_mismatch_-40c_1.20v -- generated by sim/harness, do not edit

Circuit: * comparator-offset-mc @ tt_mismatch_-40c_1.20v -- generated by sim/harness, do not edit

Doing analysis at TEMP = -40.000000 and TNOM = 27.000000

Using SPARSE 1.3 as Direct Linear Solver

No. of Data Rows : 6
voa = 3.5989399597e-03
ddc = -2.513302089e-05
dde = 2.2873710503e-05
Reset re-loads circuit * comparator-offset-mc @ tt_mismatch_-40c_1.20v -- generated by sim/harness, do not edit

Circuit: * comparator-offset-mc @ tt_mismatch_-40c_1.20v -- generated by sim/harness, do not edit

Doing analysis at TEMP = -40.000000 and TNOM = 27.000000

Using SPARSE 1.3 as Direct Linear Solver

No. of Data Rows : 6
voa = 2.4435484395e-04
ddc = 2.4452871378e-05
dde = -2.051839379e-05
Reset re-loads circuit * comparator-offset-mc @ tt_mismatch_-40c_1.20v -- generated by sim/harness, do not edit

Circuit: * comparator-offset-mc @ tt_mismatch_-40c_1.20v -- generated by sim/harness, do not edit

Doing analysis at TEMP = -40.000000 and TNOM = 27.000000

Using SPARSE 1.3 as Direct Linear Solver

No. of Data Rows : 6
voa = -3.007644685e-03
ddc = 8.0079616274e-05
dde = -6.996021664e-05
Reset re-loads circuit * comparator-offset-mc @ tt_mismatch_-40c_1.20v -- generated by sim/harness, do not edit

Circuit: * comparator-offset-mc @ tt_mismatch_-40c_1.20v -- generated by sim/harness, do not edit

Doing analysis at TEMP = -40.000000 and TNOM = 27.000000

Using SPARSE 1.3 as Direct Linear Solver

No. of Data Rows : 6
voa = 2.9895932438e-03
ddc = 8.2241882070e-06
dde = -8.258231226e-06
Reset re-loads circuit * comparator-offset-mc @ tt_mismatch_-40c_1.20v -- generated by sim/harness, do not edit

Circuit: * comparator-offset-mc @ tt_mismatch_-40c_1.20v -- generated by sim/harness, do not edit

Doing analysis at TEMP = -40.000000 and TNOM = 27.000000

Using SPARSE 1.3 as Direct Linear Solver

No. of Data Rows : 6
voa = 2.3212448626e-03
ddc = -3.626103539e-05
dde = 3.2561348154e-05
Reset re-loads circuit * comparator-offset-mc @ tt_mismatch_-40c_1.20v -- generated by sim/harness, do not edit

Circuit: * comparator-offset-mc @ tt_mismatch_-40c_1.20v -- generated by sim/harness, do not edit

Doing analysis at TEMP = -40.000000 and TNOM = 27.000000

Using SPARSE 1.3 as Direct Linear Solver

No. of Data Rows : 6
voa = 1.5107391798e-03
ddc = -4.501907739e-05
dde = 3.8970335250e-05
Reset re-loads circuit * comparator-offset-mc @ tt_mismatch_-40c_1.20v -- generated by sim/harness, do not edit

Circuit: * comparator-offset-mc @ tt_mismatch_-40c_1.20v -- generated by sim/harness, do not edit

Doing analysis at TEMP = -40.000000 and TNOM = 27.000000

Using SPARSE 1.3 as Direct Linear Solver
 Reference value :  0.00000e+00
No. of Data Rows : 6
voa = -4.744475057e-03
ddc = -6.754583174e-05
dde = 5.8764212455e-05
Reset re-loads circuit * comparator-offset-mc @ tt_mismatch_-40c_1.20v -- generated by sim/harness, do not edit

Circuit: * comparator-offset-mc @ tt_mismatch_-40c_1.20v -- generated by sim/harness, do not edit

Doing analysis at TEMP = -40.000000 and TNOM = 27.000000

Using SPARSE 1.3 as Direct Linear Solver

No. of Data Rows : 6
voa = -3.700432222e-03
ddc = -1.302396161e-05
dde = 1.1024707524e-05
Reset re-loads circuit * comparator-offset-mc @ tt_mismatch_-40c_1.20v -- generated by sim/harness, do not edit

Circuit: * comparator-offset-mc @ tt_mismatch_-40c_1.20v -- generated by sim/harness, do not edit

Doing analysis at TEMP = -40.000000 and TNOM = 27.000000

Using SPARSE 1.3 as Direct Linear Solver

No. of Data Rows : 6
voa = 4.5672813924e-03
ddc = -7.018021531e-05
dde = 6.2637311519e-05
Reset re-loads circuit * comparator-offset-mc @ tt_mismatch_-40c_1.20v -- generated by sim/harness, do not edit

Circuit: * comparator-offset-mc @ tt_mismatch_-40c_1.20v -- generated by sim/harness, do not edit

Doing analysis at TEMP = -40.000000 and TNOM = 27.000000

Using SPARSE 1.3 as Direct Linear Solver

No. of Data Rows : 6
voa = 1.1873961303e-03
ddc = -7.594341138e-06
dde = 7.4665464574e-06
Reset re-loads circuit * comparator-offset-mc @ tt_mismatch_-40c_1.20v -- generated by sim/harness, do not edit

Circuit: * comparator-offset-mc @ tt_mismatch_-40c_1.20v -- generated by sim/harness, do not edit

Doing analysis at TEMP = -40.000000 and TNOM = 27.000000

Using SPARSE 1.3 as Direct Linear Solver

No. of Data Rows : 6
voa = -3.248846192e-03
ddc = 4.0593651861e-05
dde = -3.720015499e-05
Reset re-loads circuit * comparator-offset-mc @ tt_mismatch_-40c_1.20v -- generated by sim/harness, do not edit

Circuit: * comparator-offset-mc @ tt_mismatch_-40c_1.20v -- generated by sim/harness, do not edit

Doing analysis at TEMP = -40.000000 and TNOM = 27.000000

Using SPARSE 1.3 as Direct Linear Solver

No. of Data Rows : 6
voa = 2.4908350252e-03
ddc = 4.4032146276e-05
dde = -3.722920002e-05
Reset re-loads circuit * comparator-offset-mc @ tt_mismatch_-40c_1.20v -- generated by sim/harness, do not edit

Circuit: * comparator-offset-mc @ tt_mismatch_-40c_1.20v -- generated by sim/harness, do not edit

Doing analysis at TEMP = -40.000000 and TNOM = 27.000000

Using SPARSE 1.3 as Direct Linear Solver

No. of Data Rows : 6
voa = -1.849489987e-03
ddc = -1.092551992e-05
dde = 9.3663518905e-06
Reset re-loads circuit * comparator-offset-mc @ tt_mismatch_-40c_1.20v -- generated by sim/harness, do not edit

Circuit: * comparator-offset-mc @ tt_mismatch_-40c_1.20v -- generated by sim/harness, do not edit

Doing analysis at TEMP = -40.000000 and TNOM = 27.000000

Using SPARSE 1.3 as Direct Linear Solver

No. of Data Rows : 6
voa = 5.9955484427e-03
ddc = -5.847702709e-05
dde = 5.0061964088e-05
Reset re-loads circuit * comparator-offset-mc @ tt_mismatch_-40c_1.20v -- generated by sim/harness, do not edit

Circuit: * comparator-offset-mc @ tt_mismatch_-40c_1.20v -- generated by sim/harness, do not edit

Doing analysis at TEMP = -40.000000 and TNOM = 27.000000

Using SPARSE 1.3 as Direct Linear Solver

No. of Data Rows : 6
voa = -1.496821657e-03
ddc = 7.2343915593e-05
dde = -6.219890342e-05
Reset re-loads circuit * comparator-offset-mc @ tt_mismatch_-40c_1.20v -- generated by sim/harness, do not edit

Circuit: * comparator-offset-mc @ tt_mismatch_-40c_1.20v -- generated by sim/harness, do not edit

Doing analysis at TEMP = -40.000000 and TNOM = 27.000000

Using SPARSE 1.3 as Direct Linear Solver

No. of Data Rows : 6
voa = 2.5834977515e-03
ddc = -3.747077906e-05
dde = 3.3281251109e-05
Reset re-loads circuit * comparator-offset-mc @ tt_mismatch_-40c_1.20v -- generated by sim/harness, do not edit

Circuit: * comparator-offset-mc @ tt_mismatch_-40c_1.20v -- generated by sim/harness, do not edit

Doing analysis at TEMP = -40.000000 and TNOM = 27.000000

Using SPARSE 1.3 as Direct Linear Solver

No. of Data Rows : 6
voa = 1.4213650877e-03
ddc = -1.611781461e-05
dde = 1.4165788311e-05
Reset re-loads circuit * comparator-offset-mc @ tt_mismatch_-40c_1.20v -- generated by sim/harness, do not edit

Circuit: * comparator-offset-mc @ tt_mismatch_-40c_1.20v -- generated by sim/harness, do not edit

Doing analysis at TEMP = -40.000000 and TNOM = 27.000000

Using SPARSE 1.3 as Direct Linear Solver

No. of Data Rows : 6
voa = -7.245068219e-04
ddc = 6.3851675594e-05
dde = -5.712439471e-05
Reset re-loads circuit * comparator-offset-mc @ tt_mismatch_-40c_1.20v -- generated by sim/harness, do not edit

Circuit: * comparator-offset-mc @ tt_mismatch_-40c_1.20v -- generated by sim/harness, do not edit

Doing analysis at TEMP = -40.000000 and TNOM = 27.000000

Using SPARSE 1.3 as Direct Linear Solver

No. of Data Rows : 6
voa = 1.9765964213e-03
ddc = 3.8366900312e-05
dde = -3.317852419e-05
Reset re-loads circuit * comparator-offset-mc @ tt_mismatch_-40c_1.20v -- generated by sim/harness, do not edit

Circuit: * comparator-offset-mc @ tt_mismatch_-40c_1.20v -- generated by sim/harness, do not edit

Doing analysis at TEMP = -40.000000 and TNOM = 27.000000

Using SPARSE 1.3 as Direct Linear Solver

No. of Data Rows : 6
voa = 4.1766580692e-03
ddc = 3.6929063428e-05
dde = -3.313626836e-05
Reset re-loads circuit * comparator-offset-mc @ tt_mismatch_-40c_1.20v -- generated by sim/harness, do not edit

Circuit: * comparator-offset-mc @ tt_mismatch_-40c_1.20v -- generated by sim/harness, do not edit

Doing analysis at TEMP = -40.000000 and TNOM = 27.000000

Using SPARSE 1.3 as Direct Linear Solver

No. of Data Rows : 6
voa = -9.632846258e-03
ddc = 6.4908000744e-05
dde = -5.529664478e-05
Reset re-loads circuit * comparator-offset-mc @ tt_mismatch_-40c_1.20v -- generated by sim/harness, do not edit

Circuit: * comparator-offset-mc @ tt_mismatch_-40c_1.20v -- generated by sim/harness, do not edit

Doing analysis at TEMP = -40.000000 and TNOM = 27.000000

Using SPARSE 1.3 as Direct Linear Solver
 Reference value :  0.00000e+00
No. of Data Rows : 6
voa = 4.2225357990e-03
ddc = -7.524482418e-05
dde = 6.9284229498e-05
Reset re-loads circuit * comparator-offset-mc @ tt_mismatch_-40c_1.20v -- generated by sim/harness, do not edit

Circuit: * comparator-offset-mc @ tt_mismatch_-40c_1.20v -- generated by sim/harness, do not edit

Doing analysis at TEMP = -40.000000 and TNOM = 27.000000

Using SPARSE 1.3 as Direct Linear Solver

No. of Data Rows : 6
voa = 6.5572633677e-03
ddc = 1.1871487615e-05
dde = -9.893116965e-06
Reset re-loads circuit * comparator-offset-mc @ tt_mismatch_-40c_1.20v -- generated by sim/harness, do not edit

Circuit: * comparator-offset-mc @ tt_mismatch_-40c_1.20v -- generated by sim/harness, do not edit

Doing analysis at TEMP = -40.000000 and TNOM = 27.000000

Using SPARSE 1.3 as Direct Linear Solver

No. of Data Rows : 6
voa = 1.6318373990e-03
ddc = -1.825069701e-05
dde = 1.7142698602e-05
Reset re-loads circuit * comparator-offset-mc @ tt_mismatch_-40c_1.20v -- generated by sim/harness, do not edit

Circuit: * comparator-offset-mc @ tt_mismatch_-40c_1.20v -- generated by sim/harness, do not edit

Doing analysis at TEMP = -40.000000 and TNOM = 27.000000

Using SPARSE 1.3 as Direct Linear Solver

No. of Data Rows : 6
voa = 9.7257544488e-04
ddc = 3.2615731358e-05
dde = -3.046922270e-05
Reset re-loads circuit * comparator-offset-mc @ tt_mismatch_-40c_1.20v -- generated by sim/harness, do not edit

Circuit: * comparator-offset-mc @ tt_mismatch_-40c_1.20v -- generated by sim/harness, do not edit

Doing analysis at TEMP = -40.000000 and TNOM = 27.000000

Using SPARSE 1.3 as Direct Linear Solver

No. of Data Rows : 6
voa = 2.0162173180e-03
ddc = -5.264303114e-05
dde = 4.7756664749e-05
Reset re-loads circuit * comparator-offset-mc @ tt_mismatch_-40c_1.20v -- generated by sim/harness, do not edit

Circuit: * comparator-offset-mc @ tt_mismatch_-40c_1.20v -- generated by sim/harness, do not edit

Doing analysis at TEMP = -40.000000 and TNOM = 27.000000

Using SPARSE 1.3 as Direct Linear Solver

No. of Data Rows : 6
voa = -4.962268048e-03
ddc = -9.129726271e-06
dde = 7.4559989398e-06
Reset re-loads circuit * comparator-offset-mc @ tt_mismatch_-40c_1.20v -- generated by sim/harness, do not edit

Circuit: * comparator-offset-mc @ tt_mismatch_-40c_1.20v -- generated by sim/harness, do not edit

Doing analysis at TEMP = -40.000000 and TNOM = 27.000000

Using SPARSE 1.3 as Direct Linear Solver

No. of Data Rows : 6
voa = 5.3419785244e-04
ddc = -4.910472007e-05
dde = 4.4630915016e-05
Reset re-loads circuit * comparator-offset-mc @ tt_mismatch_-40c_1.20v -- generated by sim/harness, do not edit

Circuit: * comparator-offset-mc @ tt_mismatch_-40c_1.20v -- generated by sim/harness, do not edit

Doing analysis at TEMP = -40.000000 and TNOM = 27.000000

Using SPARSE 1.3 as Direct Linear Solver

No. of Data Rows : 6
voa = 7.7166419024e-03
ddc = -1.486866877e-05
dde = 1.4540518939e-05
Reset re-loads circuit * comparator-offset-mc @ tt_mismatch_-40c_1.20v -- generated by sim/harness, do not edit

Circuit: * comparator-offset-mc @ tt_mismatch_-40c_1.20v -- generated by sim/harness, do not edit

Doing analysis at TEMP = -40.000000 and TNOM = 27.000000

Using SPARSE 1.3 as Direct Linear Solver

No. of Data Rows : 6
voa = 3.6532172193e-03
ddc = -3.735082197e-05
dde = 3.4506502699e-05
Reset re-loads circuit * comparator-offset-mc @ tt_mismatch_-40c_1.20v -- generated by sim/harness, do not edit

Circuit: * comparator-offset-mc @ tt_mismatch_-40c_1.20v -- generated by sim/harness, do not edit

Doing analysis at TEMP = -40.000000 and TNOM = 27.000000

Using SPARSE 1.3 as Direct Linear Solver

No. of Data Rows : 6
voa = 2.6882396631e-03
ddc = 4.8570187702e-07
dde = 1.0634767788e-06
Reset re-loads circuit * comparator-offset-mc @ tt_mismatch_-40c_1.20v -- generated by sim/harness, do not edit

Circuit: * comparator-offset-mc @ tt_mismatch_-40c_1.20v -- generated by sim/harness, do not edit

Doing analysis at TEMP = -40.000000 and TNOM = 27.000000

Using SPARSE 1.3 as Direct Linear Solver

No. of Data Rows : 6
voa = -5.285292279e-03
ddc = -2.661886763e-05
dde = 2.3375598652e-05
Reset re-loads circuit * comparator-offset-mc @ tt_mismatch_-40c_1.20v -- generated by sim/harness, do not edit

Circuit: * comparator-offset-mc @ tt_mismatch_-40c_1.20v -- generated by sim/harness, do not edit

Doing analysis at TEMP = -40.000000 and TNOM = 27.000000

Using SPARSE 1.3 as Direct Linear Solver

No. of Data Rows : 6
voa = -1.499671654e-03
ddc = 3.6642848584e-05
dde = -3.154600936e-05
Reset re-loads circuit * comparator-offset-mc @ tt_mismatch_-40c_1.20v -- generated by sim/harness, do not edit

Circuit: * comparator-offset-mc @ tt_mismatch_-40c_1.20v -- generated by sim/harness, do not edit

Doing analysis at TEMP = -40.000000 and TNOM = 27.000000

Using SPARSE 1.3 as Direct Linear Solver

No. of Data Rows : 6
voa = -2.370340892e-03
ddc = -2.893187900e-05
dde = 2.5108060580e-05
Reset re-loads circuit * comparator-offset-mc @ tt_mismatch_-40c_1.20v -- generated by sim/harness, do not edit

Circuit: * comparator-offset-mc @ tt_mismatch_-40c_1.20v -- generated by sim/harness, do not edit

Doing analysis at TEMP = -40.000000 and TNOM = 27.000000

Using SPARSE 1.3 as Direct Linear Solver

No. of Data Rows : 6
voa = 3.0162991635e-03
ddc = 2.3077189966e-05
dde = -1.891956867e-05
Reset re-loads circuit * comparator-offset-mc @ tt_mismatch_-40c_1.20v -- generated by sim/harness, do not edit

Circuit: * comparator-offset-mc @ tt_mismatch_-40c_1.20v -- generated by sim/harness, do not edit

Doing analysis at TEMP = -40.000000 and TNOM = 27.000000

Using SPARSE 1.3 as Direct Linear Solver

No. of Data Rows : 6
voa = -2.922529697e-03
ddc = -1.592573880e-05
dde = 1.4917496361e-05
Reset re-loads circuit * comparator-offset-mc @ tt_mismatch_-40c_1.20v -- generated by sim/harness, do not edit

Circuit: * comparator-offset-mc @ tt_mismatch_-40c_1.20v -- generated by sim/harness, do not edit

Doing analysis at TEMP = -40.000000 and TNOM = 27.000000

Using SPARSE 1.3 as Direct Linear Solver
 Reference value :  0.00000e+00
No. of Data Rows : 6
voa = 5.4829338985e-03
ddc = 1.6750064631e-05
dde = -1.257267115e-05
Reset re-loads circuit * comparator-offset-mc @ tt_mismatch_-40c_1.20v -- generated by sim/harness, do not edit

Circuit: * comparator-offset-mc @ tt_mismatch_-40c_1.20v -- generated by sim/harness, do not edit

Doing analysis at TEMP = -40.000000 and TNOM = 27.000000

Using SPARSE 1.3 as Direct Linear Solver

No. of Data Rows : 6
voa = 8.3477413294e-04
ddc = 1.2959223525e-05
dde = -1.027063844e-05
Reset re-loads circuit * comparator-offset-mc @ tt_mismatch_-40c_1.20v -- generated by sim/harness, do not edit

Circuit: * comparator-offset-mc @ tt_mismatch_-40c_1.20v -- generated by sim/harness, do not edit

Doing analysis at TEMP = -40.000000 and TNOM = 27.000000

Using SPARSE 1.3 as Direct Linear Solver

No. of Data Rows : 6
voa = 6.8721217904e-03
ddc = -4.625217072e-05
dde = 4.2049751074e-05
Reset re-loads circuit * comparator-offset-mc @ tt_mismatch_-40c_1.20v -- generated by sim/harness, do not edit

Circuit: * comparator-offset-mc @ tt_mismatch_-40c_1.20v -- generated by sim/harness, do not edit

Doing analysis at TEMP = -40.000000 and TNOM = 27.000000

Using SPARSE 1.3 as Direct Linear Solver

No. of Data Rows : 6
voa = 2.7969861588e-04
ddc = -9.542231375e-05
dde = 8.3875644651e-05
Reset re-loads circuit * comparator-offset-mc @ tt_mismatch_-40c_1.20v -- generated by sim/harness, do not edit

Circuit: * comparator-offset-mc @ tt_mismatch_-40c_1.20v -- generated by sim/harness, do not edit

Doing analysis at TEMP = -40.000000 and TNOM = 27.000000

Using SPARSE 1.3 as Direct Linear Solver

No. of Data Rows : 6
voa = -8.711913005e-03
ddc = -1.078376404e-05
dde = 7.2726548600e-06
Reset re-loads circuit * comparator-offset-mc @ tt_mismatch_-40c_1.20v -- generated by sim/harness, do not edit

Circuit: * comparator-offset-mc @ tt_mismatch_-40c_1.20v -- generated by sim/harness, do not edit

Doing analysis at TEMP = -40.000000 and TNOM = 27.000000

Using SPARSE 1.3 as Direct Linear Solver

No. of Data Rows : 6
voa = 2.3476736841e-03
ddc = -3.327248792e-06
dde = 2.7875527324e-06
Reset re-loads circuit * comparator-offset-mc @ tt_mismatch_-40c_1.20v -- generated by sim/harness, do not edit

Circuit: * comparator-offset-mc @ tt_mismatch_-40c_1.20v -- generated by sim/harness, do not edit

Doing analysis at TEMP = -40.000000 and TNOM = 27.000000

Using SPARSE 1.3 as Direct Linear Solver

No. of Data Rows : 6
voa = -8.610489749e-03
ddc = -2.388269335e-05
dde = 1.8964235543e-05
Reset re-loads circuit * comparator-offset-mc @ tt_mismatch_-40c_1.20v -- generated by sim/harness, do not edit

Circuit: * comparator-offset-mc @ tt_mismatch_-40c_1.20v -- generated by sim/harness, do not edit

Doing analysis at TEMP = -40.000000 and TNOM = 27.000000

Using SPARSE 1.3 as Direct Linear Solver

No. of Data Rows : 6
voa = -3.358214164e-03
ddc = -1.029375113e-05
dde = 7.0359288518e-06
Reset re-loads circuit * comparator-offset-mc @ tt_mismatch_-40c_1.20v -- generated by sim/harness, do not edit

Circuit: * comparator-offset-mc @ tt_mismatch_-40c_1.20v -- generated by sim/harness, do not edit

Doing analysis at TEMP = -40.000000 and TNOM = 27.000000

Using SPARSE 1.3 as Direct Linear Solver

No. of Data Rows : 6
voa = -2.672168811e-03
ddc = 1.6702250257e-06
dde = -1.544492300e-06
Reset re-loads circuit * comparator-offset-mc @ tt_mismatch_-40c_1.20v -- generated by sim/harness, do not edit

Circuit: * comparator-offset-mc @ tt_mismatch_-40c_1.20v -- generated by sim/harness, do not edit

Doing analysis at TEMP = -40.000000 and TNOM = 27.000000

Using SPARSE 1.3 as Direct Linear Solver

No. of Data Rows : 6
voa = -7.136615612e-03
ddc = -3.263695510e-05
dde = 2.7235060681e-05
Reset re-loads circuit * comparator-offset-mc @ tt_mismatch_-40c_1.20v -- generated by sim/harness, do not edit

Circuit: * comparator-offset-mc @ tt_mismatch_-40c_1.20v -- generated by sim/harness, do not edit

Doing analysis at TEMP = -40.000000 and TNOM = 27.000000

Using SPARSE 1.3 as Direct Linear Solver

No. of Data Rows : 6
voa = -6.551128259e-03
ddc = -9.211593826e-06
dde = 7.9600394449e-06
Reset re-loads circuit * comparator-offset-mc @ tt_mismatch_-40c_1.20v -- generated by sim/harness, do not edit

Circuit: * comparator-offset-mc @ tt_mismatch_-40c_1.20v -- generated by sim/harness, do not edit

Doing analysis at TEMP = -40.000000 and TNOM = 27.000000

Using SPARSE 1.3 as Direct Linear Solver

No. of Data Rows : 6
voa = 7.6551014264e-04
ddc = -8.238646189e-05
dde = 7.3127481011e-05
Reset re-loads circuit * comparator-offset-mc @ tt_mismatch_-40c_1.20v -- generated by sim/harness, do not edit

Circuit: * comparator-offset-mc @ tt_mismatch_-40c_1.20v -- generated by sim/harness, do not edit

Doing analysis at TEMP = -40.000000 and TNOM = 27.000000

Using SPARSE 1.3 as Direct Linear Solver

No. of Data Rows : 6
voa = -8.937217205e-04
ddc = -3.556359862e-05
dde = 3.2012819952e-05
Reset re-loads circuit * comparator-offset-mc @ tt_mismatch_-40c_1.20v -- generated by sim/harness, do not edit

Circuit: * comparator-offset-mc @ tt_mismatch_-40c_1.20v -- generated by sim/harness, do not edit

Doing analysis at TEMP = -40.000000 and TNOM = 27.000000

Using SPARSE 1.3 as Direct Linear Solver

No. of Data Rows : 6
voa = -3.187039538e-03
ddc = -3.777308916e-05
dde = 3.1859214854e-05
Reset re-loads circuit * comparator-offset-mc @ tt_mismatch_-40c_1.20v -- generated by sim/harness, do not edit

Circuit: * comparator-offset-mc @ tt_mismatch_-40c_1.20v -- generated by sim/harness, do not edit

Doing analysis at TEMP = -40.000000 and TNOM = 27.000000

Using SPARSE 1.3 as Direct Linear Solver

No. of Data Rows : 6
voa = -6.012799778e-03
ddc = -2.857247935e-06
dde = 1.7188364573e-06
Reset re-loads circuit * comparator-offset-mc @ tt_mismatch_-40c_1.20v -- generated by sim/harness, do not edit

Circuit: * comparator-offset-mc @ tt_mismatch_-40c_1.20v -- generated by sim/harness, do not edit

Doing analysis at TEMP = -40.000000 and TNOM = 27.000000

Using SPARSE 1.3 as Direct Linear Solver
 Reference value :  0.00000e+00
No. of Data Rows : 6
voa = 9.0134857187e-03
ddc = -9.288603312e-06
dde = 8.4393711934e-06
Reset re-loads circuit * comparator-offset-mc @ tt_mismatch_-40c_1.20v -- generated by sim/harness, do not edit

Circuit: * comparator-offset-mc @ tt_mismatch_-40c_1.20v -- generated by sim/harness, do not edit

Doing analysis at TEMP = -40.000000 and TNOM = 27.000000

Using SPARSE 1.3 as Direct Linear Solver

No. of Data Rows : 6
voa = -3.407379301e-04
ddc = -3.194223690e-07
dde = -1.278343941e-06
Reset re-loads circuit * comparator-offset-mc @ tt_mismatch_-40c_1.20v -- generated by sim/harness, do not edit

Circuit: * comparator-offset-mc @ tt_mismatch_-40c_1.20v -- generated by sim/harness, do not edit

Doing analysis at TEMP = -40.000000 and TNOM = 27.000000

Using SPARSE 1.3 as Direct Linear Solver

No. of Data Rows : 6
voa = 2.4028788663e-03
ddc = 2.0657777807e-05
dde = -1.842849732e-05
Reset re-loads circuit * comparator-offset-mc @ tt_mismatch_-40c_1.20v -- generated by sim/harness, do not edit

Circuit: * comparator-offset-mc @ tt_mismatch_-40c_1.20v -- generated by sim/harness, do not edit

Doing analysis at TEMP = -40.000000 and TNOM = 27.000000

Using SPARSE 1.3 as Direct Linear Solver

No. of Data Rows : 6
voa = -3.304674579e-03
ddc = 5.7198788258e-05
dde = -4.886562509e-05
Reset re-loads circuit * comparator-offset-mc @ tt_mismatch_-40c_1.20v -- generated by sim/harness, do not edit

Circuit: * comparator-offset-mc @ tt_mismatch_-40c_1.20v -- generated by sim/harness, do not edit

Doing analysis at TEMP = -40.000000 and TNOM = 27.000000

Using SPARSE 1.3 as Direct Linear Solver

No. of Data Rows : 6
voa = -5.351151205e-04
ddc = 2.5261462793e-06
dde = -3.011299784e-06
Reset re-loads circuit * comparator-offset-mc @ tt_mismatch_-40c_1.20v -- generated by sim/harness, do not edit

Circuit: * comparator-offset-mc @ tt_mismatch_-40c_1.20v -- generated by sim/harness, do not edit

Doing analysis at TEMP = -40.000000 and TNOM = 27.000000

Using SPARSE 1.3 as Direct Linear Solver

No. of Data Rows : 6
voa = -8.315965597e-03
ddc = -4.827133273e-05
dde = 4.0705636064e-05
Reset re-loads circuit * comparator-offset-mc @ tt_mismatch_-40c_1.20v -- generated by sim/harness, do not edit

Circuit: * comparator-offset-mc @ tt_mismatch_-40c_1.20v -- generated by sim/harness, do not edit

Doing analysis at TEMP = -40.000000 and TNOM = 27.000000

Using SPARSE 1.3 as Direct Linear Solver

No. of Data Rows : 6
voa = -2.455057724e-03
ddc = -1.126834100e-05
dde = 1.0272709569e-05
Reset re-loads circuit * comparator-offset-mc @ tt_mismatch_-40c_1.20v -- generated by sim/harness, do not edit

Circuit: * comparator-offset-mc @ tt_mismatch_-40c_1.20v -- generated by sim/harness, do not edit

Doing analysis at TEMP = -40.000000 and TNOM = 27.000000

Using SPARSE 1.3 as Direct Linear Solver

No. of Data Rows : 6
voa = -5.318063582e-03
ddc = 2.1952275590e-05
dde = -2.221372744e-05
Reset re-loads circuit * comparator-offset-mc @ tt_mismatch_-40c_1.20v -- generated by sim/harness, do not edit

Circuit: * comparator-offset-mc @ tt_mismatch_-40c_1.20v -- generated by sim/harness, do not edit

Doing analysis at TEMP = -40.000000 and TNOM = 27.000000

Using SPARSE 1.3 as Direct Linear Solver

No. of Data Rows : 6
voa = -8.264191354e-04
ddc = 2.1221366812e-06
dde = -5.143171538e-07
Reset re-loads circuit * comparator-offset-mc @ tt_mismatch_-40c_1.20v -- generated by sim/harness, do not edit

Circuit: * comparator-offset-mc @ tt_mismatch_-40c_1.20v -- generated by sim/harness, do not edit

Doing analysis at TEMP = -40.000000 and TNOM = 27.000000

Using SPARSE 1.3 as Direct Linear Solver

No. of Data Rows : 6
voa = 2.5037676225e-03
ddc = -1.356777974e-05
dde = 1.1686345030e-05
Reset re-loads circuit * comparator-offset-mc @ tt_mismatch_-40c_1.20v -- generated by sim/harness, do not edit

Circuit: * comparator-offset-mc @ tt_mismatch_-40c_1.20v -- generated by sim/harness, do not edit

Doing analysis at TEMP = -40.000000 and TNOM = 27.000000

Using SPARSE 1.3 as Direct Linear Solver

No. of Data Rows : 6
voa = -7.738384363e-03
ddc = 1.1111361526e-04
dde = -9.868152246e-05
Reset re-loads circuit * comparator-offset-mc @ tt_mismatch_-40c_1.20v -- generated by sim/harness, do not edit

Circuit: * comparator-offset-mc @ tt_mismatch_-40c_1.20v -- generated by sim/harness, do not edit

Doing analysis at TEMP = -40.000000 and TNOM = 27.000000

Using SPARSE 1.3 as Direct Linear Solver

No. of Data Rows : 6
voa = 8.2225069758e-04
ddc = -1.827784470e-05
dde = 1.6138884066e-05
Reset re-loads circuit * comparator-offset-mc @ tt_mismatch_-40c_1.20v -- generated by sim/harness, do not edit

Circuit: * comparator-offset-mc @ tt_mismatch_-40c_1.20v -- generated by sim/harness, do not edit

Doing analysis at TEMP = -40.000000 and TNOM = 27.000000

Using SPARSE 1.3 as Direct Linear Solver

No. of Data Rows : 6
voa = -2.587138077e-03
ddc = -5.635353907e-05
dde = 5.0497283118e-05
Reset re-loads circuit * comparator-offset-mc @ tt_mismatch_-40c_1.20v -- generated by sim/harness, do not edit

Circuit: * comparator-offset-mc @ tt_mismatch_-40c_1.20v -- generated by sim/harness, do not edit

Doing analysis at TEMP = -40.000000 and TNOM = 27.000000

Using SPARSE 1.3 as Direct Linear Solver

No. of Data Rows : 6
voa = -3.922416373e-03
ddc = -1.593366582e-05
dde = 1.2085028738e-05
Reset re-loads circuit * comparator-offset-mc @ tt_mismatch_-40c_1.20v -- generated by sim/harness, do not edit

Circuit: * comparator-offset-mc @ tt_mismatch_-40c_1.20v -- generated by sim/harness, do not edit

Doing analysis at TEMP = -40.000000 and TNOM = 27.000000

Using SPARSE 1.3 as Direct Linear Solver
 Reference value :  0.00000e+00
No. of Data Rows : 6
voa = -1.035909644e-03
ddc = -1.076018584e-05
dde = 1.1044422137e-05
Reset re-loads circuit * comparator-offset-mc @ tt_mismatch_-40c_1.20v -- generated by sim/harness, do not edit

Circuit: * comparator-offset-mc @ tt_mismatch_-40c_1.20v -- generated by sim/harness, do not edit

Doing analysis at TEMP = -40.000000 and TNOM = 27.000000

Using SPARSE 1.3 as Direct Linear Solver

No. of Data Rows : 6
voa = 2.1804650421e-03
ddc = -8.850175855e-05
dde = 7.9240032473e-05
Reset re-loads circuit * comparator-offset-mc @ tt_mismatch_-40c_1.20v -- generated by sim/harness, do not edit

Circuit: * comparator-offset-mc @ tt_mismatch_-40c_1.20v -- generated by sim/harness, do not edit

Doing analysis at TEMP = -40.000000 and TNOM = 27.000000

Using SPARSE 1.3 as Direct Linear Solver

No. of Data Rows : 6
voa = -4.852796334e-03
ddc = 6.8209010734e-06
dde = -6.332568299e-06
Reset re-loads circuit * comparator-offset-mc @ tt_mismatch_-40c_1.20v -- generated by sim/harness, do not edit

Circuit: * comparator-offset-mc @ tt_mismatch_-40c_1.20v -- generated by sim/harness, do not edit

Doing analysis at TEMP = -40.000000 and TNOM = 27.000000

Using SPARSE 1.3 as Direct Linear Solver

No. of Data Rows : 6
voa = -1.214789825e-03
ddc = -3.973408489e-05
dde = 3.6138101624e-05
Reset re-loads circuit * comparator-offset-mc @ tt_mismatch_-40c_1.20v -- generated by sim/harness, do not edit

Circuit: * comparator-offset-mc @ tt_mismatch_-40c_1.20v -- generated by sim/harness, do not edit

Doing analysis at TEMP = -40.000000 and TNOM = 27.000000

Using SPARSE 1.3 as Direct Linear Solver

No. of Data Rows : 6
voa = -1.023960504e-02
ddc = 3.0471345611e-05
dde = -2.992670654e-05
Reset re-loads circuit * comparator-offset-mc @ tt_mismatch_-40c_1.20v -- generated by sim/harness, do not edit

Circuit: * comparator-offset-mc @ tt_mismatch_-40c_1.20v -- generated by sim/harness, do not edit

Doing analysis at TEMP = -40.000000 and TNOM = 27.000000

Using SPARSE 1.3 as Direct Linear Solver

No. of Data Rows : 6
voa = -2.437257530e-03
ddc = 3.5150676604e-05
dde = -3.016591628e-05
Reset re-loads circuit * comparator-offset-mc @ tt_mismatch_-40c_1.20v -- generated by sim/harness, do not edit

Circuit: * comparator-offset-mc @ tt_mismatch_-40c_1.20v -- generated by sim/harness, do not edit

Doing analysis at TEMP = -40.000000 and TNOM = 27.000000

Using SPARSE 1.3 as Direct Linear Solver

No. of Data Rows : 6
voa = -2.741843288e-03
ddc = 9.3483746008e-05
dde = -8.095833294e-05
Reset re-loads circuit * comparator-offset-mc @ tt_mismatch_-40c_1.20v -- generated by sim/harness, do not edit

Circuit: * comparator-offset-mc @ tt_mismatch_-40c_1.20v -- generated by sim/harness, do not edit

Doing analysis at TEMP = -40.000000 and TNOM = 27.000000

Using SPARSE 1.3 as Direct Linear Solver

No. of Data Rows : 6
voa = 7.4670774569e-03
ddc = -2.893632792e-05
dde = 2.6617277740e-05
Reset re-loads circuit * comparator-offset-mc @ tt_mismatch_-40c_1.20v -- generated by sim/harness, do not edit

Circuit: * comparator-offset-mc @ tt_mismatch_-40c_1.20v -- generated by sim/harness, do not edit

Doing analysis at TEMP = -40.000000 and TNOM = 27.000000

Using SPARSE 1.3 as Direct Linear Solver

No. of Data Rows : 6
voa = 5.0667172952e-05
ddc = -3.798613507e-05
dde = 3.5370502443e-05
Reset re-loads circuit * comparator-offset-mc @ tt_mismatch_-40c_1.20v -- generated by sim/harness, do not edit

Circuit: * comparator-offset-mc @ tt_mismatch_-40c_1.20v -- generated by sim/harness, do not edit

Doing analysis at TEMP = -40.000000 and TNOM = 27.000000

Using SPARSE 1.3 as Direct Linear Solver

No. of Data Rows : 6
voa = 1.9718821264e-03
ddc = -6.036761883e-05
dde = 5.2390574076e-05
Reset re-loads circuit * comparator-offset-mc @ tt_mismatch_-40c_1.20v -- generated by sim/harness, do not edit

Circuit: * comparator-offset-mc @ tt_mismatch_-40c_1.20v -- generated by sim/harness, do not edit

Doing analysis at TEMP = -40.000000 and TNOM = 27.000000

Using SPARSE 1.3 as Direct Linear Solver

No. of Data Rows : 6
voa = -2.867283878e-03
ddc = 2.7151872724e-05
dde = -2.398841667e-05
Reset re-loads circuit * comparator-offset-mc @ tt_mismatch_-40c_1.20v -- generated by sim/harness, do not edit

Circuit: * comparator-offset-mc @ tt_mismatch_-40c_1.20v -- generated by sim/harness, do not edit

Doing analysis at TEMP = -40.000000 and TNOM = 27.000000

Using SPARSE 1.3 as Direct Linear Solver

No. of Data Rows : 6
voa = -4.159518706e-04
ddc = 4.7139717177e-06
dde = -2.804229203e-06
Reset re-loads circuit * comparator-offset-mc @ tt_mismatch_-40c_1.20v -- generated by sim/harness, do not edit

Circuit: * comparator-offset-mc @ tt_mismatch_-40c_1.20v -- generated by sim/harness, do not edit

Doing analysis at TEMP = -40.000000 and TNOM = 27.000000

Using SPARSE 1.3 as Direct Linear Solver

No. of Data Rows : 6
voa = -1.595907615e-03
ddc = 1.1036634634e-04
dde = -9.607930284e-05
Reset re-loads circuit * comparator-offset-mc @ tt_mismatch_-40c_1.20v -- generated by sim/harness, do not edit

Circuit: * comparator-offset-mc @ tt_mismatch_-40c_1.20v -- generated by sim/harness, do not edit

Doing analysis at TEMP = -40.000000 and TNOM = 27.000000

Using SPARSE 1.3 as Direct Linear Solver

No. of Data Rows : 6
voa = 5.5994392576e-03
ddc = -1.695827760e-05
dde = 1.6626874263e-05
Reset re-loads circuit * comparator-offset-mc @ tt_mismatch_-40c_1.20v -- generated by sim/harness, do not edit

Circuit: * comparator-offset-mc @ tt_mismatch_-40c_1.20v -- generated by sim/harness, do not edit

Doing analysis at TEMP = -40.000000 and TNOM = 27.000000

Using SPARSE 1.3 as Direct Linear Solver
 Reference value :  0.00000e+00
No. of Data Rows : 6
voa = -1.478922568e-03
ddc = -1.672567546e-05
dde = 1.5078652744e-05
Reset re-loads circuit * comparator-offset-mc @ tt_mismatch_-40c_1.20v -- generated by sim/harness, do not edit

Circuit: * comparator-offset-mc @ tt_mismatch_-40c_1.20v -- generated by sim/harness, do not edit

Doing analysis at TEMP = -40.000000 and TNOM = 27.000000

Using SPARSE 1.3 as Direct Linear Solver

No. of Data Rows : 6
voa = 2.8907879829e-03
ddc = -1.224865057e-05
dde = 1.1422306818e-05
Reset re-loads circuit * comparator-offset-mc @ tt_mismatch_-40c_1.20v -- generated by sim/harness, do not edit

Circuit: * comparator-offset-mc @ tt_mismatch_-40c_1.20v -- generated by sim/harness, do not edit

Doing analysis at TEMP = -40.000000 and TNOM = 27.000000

Using SPARSE 1.3 as Direct Linear Solver

No. of Data Rows : 6
voa = 1.1788887904e-03
ddc = 3.2145731768e-05
dde = -3.037960884e-05
Reset re-loads circuit * comparator-offset-mc @ tt_mismatch_-40c_1.20v -- generated by sim/harness, do not edit

Circuit: * comparator-offset-mc @ tt_mismatch_-40c_1.20v -- generated by sim/harness, do not edit

Doing analysis at TEMP = -40.000000 and TNOM = 27.000000

Using SPARSE 1.3 as Direct Linear Solver

No. of Data Rows : 6
voa = -2.645624276e-03
ddc = 5.3192565650e-05
dde = -4.625297368e-05
Reset re-loads circuit * comparator-offset-mc @ tt_mismatch_-40c_1.20v -- generated by sim/harness, do not edit

Circuit: * comparator-offset-mc @ tt_mismatch_-40c_1.20v -- generated by sim/harness, do not edit

Doing analysis at TEMP = -40.000000 and TNOM = 27.000000

Using SPARSE 1.3 as Direct Linear Solver

No. of Data Rows : 6
voa = -7.738504871e-05
ddc = -5.575360872e-05
dde = 4.8030960287e-05
Reset re-loads circuit * comparator-offset-mc @ tt_mismatch_-40c_1.20v -- generated by sim/harness, do not edit

Circuit: * comparator-offset-mc @ tt_mismatch_-40c_1.20v -- generated by sim/harness, do not edit

Doing analysis at TEMP = -40.000000 and TNOM = 27.000000

Using SPARSE 1.3 as Direct Linear Solver

No. of Data Rows : 6
voa = -2.162784188e-03
ddc = -2.413224036e-05
dde = 2.0498428542e-05
Reset re-loads circuit * comparator-offset-mc @ tt_mismatch_-40c_1.20v -- generated by sim/harness, do not edit

Circuit: * comparator-offset-mc @ tt_mismatch_-40c_1.20v -- generated by sim/harness, do not edit

Doing analysis at TEMP = -40.000000 and TNOM = 27.000000

Using SPARSE 1.3 as Direct Linear Solver

No. of Data Rows : 6
voa = 1.1743071907e-03
ddc = 3.7358753964e-05
dde = -3.268346516e-05
Reset re-loads circuit * comparator-offset-mc @ tt_mismatch_-40c_1.20v -- generated by sim/harness, do not edit

Circuit: * comparator-offset-mc @ tt_mismatch_-40c_1.20v -- generated by sim/harness, do not edit

Doing analysis at TEMP = -40.000000 and TNOM = 27.000000

Using SPARSE 1.3 as Direct Linear Solver

No. of Data Rows : 6
voa = 1.3616058502e-03
ddc = -6.353905181e-05
dde = 5.4319956160e-05
Reset re-loads circuit * comparator-offset-mc @ tt_mismatch_-40c_1.20v -- generated by sim/harness, do not edit

Circuit: * comparator-offset-mc @ tt_mismatch_-40c_1.20v -- generated by sim/harness, do not edit

Doing analysis at TEMP = -40.000000 and TNOM = 27.000000

Using SPARSE 1.3 as Direct Linear Solver

No. of Data Rows : 6
voa = -1.046807174e-03
ddc = -8.673878422e-05
dde = 7.8330246414e-05
Reset re-loads circuit * comparator-offset-mc @ tt_mismatch_-40c_1.20v -- generated by sim/harness, do not edit

Circuit: * comparator-offset-mc @ tt_mismatch_-40c_1.20v -- generated by sim/harness, do not edit

Doing analysis at TEMP = -40.000000 and TNOM = 27.000000

Using SPARSE 1.3 as Direct Linear Solver

No. of Data Rows : 6
voa = 1.7560484431e-03
ddc = 2.0709741225e-05
dde = -1.979714762e-05
Reset re-loads circuit * comparator-offset-mc @ tt_mismatch_-40c_1.20v -- generated by sim/harness, do not edit

Circuit: * comparator-offset-mc @ tt_mismatch_-40c_1.20v -- generated by sim/harness, do not edit

Doing analysis at TEMP = -40.000000 and TNOM = 27.000000

Using SPARSE 1.3 as Direct Linear Solver

No. of Data Rows : 6
voa = 1.0073380416e-02
ddc = -1.033801980e-04
dde = 9.5305102047e-05
Reset re-loads circuit * comparator-offset-mc @ tt_mismatch_-40c_1.20v -- generated by sim/harness, do not edit

Circuit: * comparator-offset-mc @ tt_mismatch_-40c_1.20v -- generated by sim/harness, do not edit

Doing analysis at TEMP = -40.000000 and TNOM = 27.000000

Using SPARSE 1.3 as Direct Linear Solver

No. of Data Rows : 6
voa = 3.9725831838e-04
ddc = 5.1686466332e-05
dde = -4.506678551e-05
Reset re-loads circuit * comparator-offset-mc @ tt_mismatch_-40c_1.20v -- generated by sim/harness, do not edit

Circuit: * comparator-offset-mc @ tt_mismatch_-40c_1.20v -- generated by sim/harness, do not edit

Doing analysis at TEMP = -40.000000 and TNOM = 27.000000

Using SPARSE 1.3 as Direct Linear Solver

No. of Data Rows : 6
voa = -8.148787469e-04
ddc = -9.503749715e-05
dde = 8.2636509898e-05
Reset re-loads circuit * comparator-offset-mc @ tt_mismatch_-40c_1.20v -- generated by sim/harness, do not edit

Circuit: * comparator-offset-mc @ tt_mismatch_-40c_1.20v -- generated by sim/harness, do not edit

Doing analysis at TEMP = -40.000000 and TNOM = 27.000000

Using SPARSE 1.3 as Direct Linear Solver

No. of Data Rows : 6
voa = 8.1886274929e-03
ddc = -1.183502973e-05
dde = 1.2449820647e-05
Reset re-loads circuit * comparator-offset-mc @ tt_mismatch_-40c_1.20v -- generated by sim/harness, do not edit

Circuit: * comparator-offset-mc @ tt_mismatch_-40c_1.20v -- generated by sim/harness, do not edit

Doing analysis at TEMP = -40.000000 and TNOM = 27.000000

Using SPARSE 1.3 as Direct Linear Solver
 Reference value :  0.00000e+00
No. of Data Rows : 6
voa = -9.254548975e-04
ddc = 3.7435683655e-05
dde = -3.160475410e-05
Reset re-loads circuit * comparator-offset-mc @ tt_mismatch_-40c_1.20v -- generated by sim/harness, do not edit

Circuit: * comparator-offset-mc @ tt_mismatch_-40c_1.20v -- generated by sim/harness, do not edit

Doing analysis at TEMP = -40.000000 and TNOM = 27.000000

Using SPARSE 1.3 as Direct Linear Solver

No. of Data Rows : 6
voa = -5.718428499e-03
ddc = 3.2046776666e-05
dde = -2.969556572e-05
Reset re-loads circuit * comparator-offset-mc @ tt_mismatch_-40c_1.20v -- generated by sim/harness, do not edit

Circuit: * comparator-offset-mc @ tt_mismatch_-40c_1.20v -- generated by sim/harness, do not edit

Doing analysis at TEMP = -40.000000 and TNOM = 27.000000

Using SPARSE 1.3 as Direct Linear Solver

No. of Data Rows : 6
voa = 4.0619070954e-03
ddc = -2.544383188e-05
dde = 2.4658132518e-05
Reset re-loads circuit * comparator-offset-mc @ tt_mismatch_-40c_1.20v -- generated by sim/harness, do not edit

Circuit: * comparator-offset-mc @ tt_mismatch_-40c_1.20v -- generated by sim/harness, do not edit

Doing analysis at TEMP = -40.000000 and TNOM = 27.000000

Using SPARSE 1.3 as Direct Linear Solver

No. of Data Rows : 6
voa = -4.788396183e-03
ddc = -6.075943331e-05
dde = 5.2937711007e-05
Reset re-loads circuit * comparator-offset-mc @ tt_mismatch_-40c_1.20v -- generated by sim/harness, do not edit

Circuit: * comparator-offset-mc @ tt_mismatch_-40c_1.20v -- generated by sim/harness, do not edit

Doing analysis at TEMP = -40.000000 and TNOM = 27.000000

Using SPARSE 1.3 as Direct Linear Solver

No. of Data Rows : 6
voa = -4.477101440e-03
ddc = 1.0203555563e-04
dde = -9.105980053e-05
Reset re-loads circuit * comparator-offset-mc @ tt_mismatch_-40c_1.20v -- generated by sim/harness, do not edit

Circuit: * comparator-offset-mc @ tt_mismatch_-40c_1.20v -- generated by sim/harness, do not edit

Doing analysis at TEMP = -40.000000 and TNOM = 27.000000

Using SPARSE 1.3 as Direct Linear Solver

No. of Data Rows : 6
voa = -4.970496948e-04
ddc = -2.357788934e-05
dde = 1.8907579273e-05
Reset re-loads circuit * comparator-offset-mc @ tt_mismatch_-40c_1.20v -- generated by sim/harness, do not edit

Circuit: * comparator-offset-mc @ tt_mismatch_-40c_1.20v -- generated by sim/harness, do not edit

Doing analysis at TEMP = -40.000000 and TNOM = 27.000000

Using SPARSE 1.3 as Direct Linear Solver

No. of Data Rows : 6
voa = -7.024370686e-03
ddc = -9.193136374e-06
dde = 8.7394171631e-06
Reset re-loads circuit * comparator-offset-mc @ tt_mismatch_-40c_1.20v -- generated by sim/harness, do not edit

Circuit: * comparator-offset-mc @ tt_mismatch_-40c_1.20v -- generated by sim/harness, do not edit

Doing analysis at TEMP = -40.000000 and TNOM = 27.000000

Using SPARSE 1.3 as Direct Linear Solver

No. of Data Rows : 6
voa = -3.107636006e-03
ddc = 5.5580838853e-05
dde = -5.027272519e-05
Reset re-loads circuit * comparator-offset-mc @ tt_mismatch_-40c_1.20v -- generated by sim/harness, do not edit

Circuit: * comparator-offset-mc @ tt_mismatch_-40c_1.20v -- generated by sim/harness, do not edit

Doing analysis at TEMP = -40.000000 and TNOM = 27.000000

Using SPARSE 1.3 as Direct Linear Solver

No. of Data Rows : 6
voa = -8.160729091e-03
ddc = 9.2124289193e-06
dde = -6.793171427e-06
Reset re-loads circuit * comparator-offset-mc @ tt_mismatch_-40c_1.20v -- generated by sim/harness, do not edit

Circuit: * comparator-offset-mc @ tt_mismatch_-40c_1.20v -- generated by sim/harness, do not edit

Doing analysis at TEMP = -40.000000 and TNOM = 27.000000

Using SPARSE 1.3 as Direct Linear Solver

No. of Data Rows : 6
voa = -2.530967166e-03
ddc = -1.140244653e-05
dde = 9.2883140674e-06
Reset re-loads circuit * comparator-offset-mc @ tt_mismatch_-40c_1.20v -- generated by sim/harness, do not edit

Circuit: * comparator-offset-mc @ tt_mismatch_-40c_1.20v -- generated by sim/harness, do not edit

Doing analysis at TEMP = -40.000000 and TNOM = 27.000000

Using SPARSE 1.3 as Direct Linear Solver

No. of Data Rows : 6
voa = -2.722384449e-03
ddc = -6.755594288e-06
dde = 5.1538423853e-06
Reset re-loads circuit * comparator-offset-mc @ tt_mismatch_-40c_1.20v -- generated by sim/harness, do not edit

Circuit: * comparator-offset-mc @ tt_mismatch_-40c_1.20v -- generated by sim/harness, do not edit

Doing analysis at TEMP = -40.000000 and TNOM = 27.000000

Using SPARSE 1.3 as Direct Linear Solver

No. of Data Rows : 6
voa = -3.971380719e-03
ddc = 9.1895262041e-05
dde = -8.033967871e-05
Reset re-loads circuit * comparator-offset-mc @ tt_mismatch_-40c_1.20v -- generated by sim/harness, do not edit

Circuit: * comparator-offset-mc @ tt_mismatch_-40c_1.20v -- generated by sim/harness, do not edit

Doing analysis at TEMP = -40.000000 and TNOM = 27.000000

Using SPARSE 1.3 as Direct Linear Solver

No. of Data Rows : 6
voa = 9.8897445805e-04
ddc = -6.157732352e-05
dde = 5.3400320442e-05
Reset re-loads circuit * comparator-offset-mc @ tt_mismatch_-40c_1.20v -- generated by sim/harness, do not edit

Circuit: * comparator-offset-mc @ tt_mismatch_-40c_1.20v -- generated by sim/harness, do not edit

Doing analysis at TEMP = -40.000000 and TNOM = 27.000000

Using SPARSE 1.3 as Direct Linear Solver

No. of Data Rows : 6
voa = -3.616176844e-03
ddc = 4.4907920118e-05
dde = -4.074462950e-05
Reset re-loads circuit * comparator-offset-mc @ tt_mismatch_-40c_1.20v -- generated by sim/harness, do not edit

Circuit: * comparator-offset-mc @ tt_mismatch_-40c_1.20v -- generated by sim/harness, do not edit

Doing analysis at TEMP = -40.000000 and TNOM = 27.000000

Using SPARSE 1.3 as Direct Linear Solver
 Reference value :  0.00000e+00
No. of Data Rows : 6
voa = -1.483102803e-04
ddc = -6.014635348e-05
dde = 5.1940757849e-05
Reset re-loads circuit * comparator-offset-mc @ tt_mismatch_-40c_1.20v -- generated by sim/harness, do not edit

Circuit: * comparator-offset-mc @ tt_mismatch_-40c_1.20v -- generated by sim/harness, do not edit

Doing analysis at TEMP = -40.000000 and TNOM = 27.000000

Using SPARSE 1.3 as Direct Linear Solver

No. of Data Rows : 6
voa = -2.418599067e-03
ddc = 3.0502431003e-05
dde = -2.678202281e-05
Reset re-loads circuit * comparator-offset-mc @ tt_mismatch_-40c_1.20v -- generated by sim/harness, do not edit

Circuit: * comparator-offset-mc @ tt_mismatch_-40c_1.20v -- generated by sim/harness, do not edit

Doing analysis at TEMP = -40.000000 and TNOM = 27.000000

Using SPARSE 1.3 as Direct Linear Solver

No. of Data Rows : 6
voa = 5.3226866270e-03
ddc = 1.3469960492e-05
dde = -1.029858687e-05
Reset re-loads circuit * comparator-offset-mc @ tt_mismatch_-40c_1.20v -- generated by sim/harness, do not edit

Circuit: * comparator-offset-mc @ tt_mismatch_-40c_1.20v -- generated by sim/harness, do not edit

Doing analysis at TEMP = -40.000000 and TNOM = 27.000000

Using SPARSE 1.3 as Direct Linear Solver

No. of Data Rows : 6
voa = 4.6580375947e-03
ddc = -5.143149404e-05
dde = 4.7731610906e-05
Reset re-loads circuit * comparator-offset-mc @ tt_mismatch_-40c_1.20v -- generated by sim/harness, do not edit

Circuit: * comparator-offset-mc @ tt_mismatch_-40c_1.20v -- generated by sim/harness, do not edit

Doing analysis at TEMP = -40.000000 and TNOM = 27.000000

Using SPARSE 1.3 as Direct Linear Solver

No. of Data Rows : 6
voa = 3.5029726526e-03
ddc = -8.618897994e-05
dde = 7.6787532629e-05
Reset re-loads circuit * comparator-offset-mc @ tt_mismatch_-40c_1.20v -- generated by sim/harness, do not edit

Circuit: * comparator-offset-mc @ tt_mismatch_-40c_1.20v -- generated by sim/harness, do not edit

Doing analysis at TEMP = -40.000000 and TNOM = 27.000000

Using SPARSE 1.3 as Direct Linear Solver

No. of Data Rows : 6
voa = -1.956859650e-03
ddc = -5.294011246e-05
dde = 4.6293209951e-05
Reset re-loads circuit * comparator-offset-mc @ tt_mismatch_-40c_1.20v -- generated by sim/harness, do not edit

Circuit: * comparator-offset-mc @ tt_mismatch_-40c_1.20v -- generated by sim/harness, do not edit

Doing analysis at TEMP = -40.000000 and TNOM = 27.000000

Using SPARSE 1.3 as Direct Linear Solver

No. of Data Rows : 6
voa = -1.283470997e-03
ddc = 1.8778105120e-05
dde = -1.352111345e-05
Reset re-loads circuit * comparator-offset-mc @ tt_mismatch_-40c_1.20v -- generated by sim/harness, do not edit

Circuit: * comparator-offset-mc @ tt_mismatch_-40c_1.20v -- generated by sim/harness, do not edit

Doing analysis at TEMP = -40.000000 and TNOM = 27.000000

Using SPARSE 1.3 as Direct Linear Solver

No. of Data Rows : 6
voa = -8.435101593e-04
ddc = -1.812825273e-07
dde = 6.4303163445e-07
Reset re-loads circuit * comparator-offset-mc @ tt_mismatch_-40c_1.20v -- generated by sim/harness, do not edit

Circuit: * comparator-offset-mc @ tt_mismatch_-40c_1.20v -- generated by sim/harness, do not edit

Doing analysis at TEMP = -40.000000 and TNOM = 27.000000

Using SPARSE 1.3 as Direct Linear Solver

No. of Data Rows : 6
voa = -5.021513772e-03
ddc = 9.3413536623e-05
dde = -8.454651110e-05
Reset re-loads circuit * comparator-offset-mc @ tt_mismatch_-40c_1.20v -- generated by sim/harness, do not edit

Circuit: * comparator-offset-mc @ tt_mismatch_-40c_1.20v -- generated by sim/harness, do not edit

Doing analysis at TEMP = -40.000000 and TNOM = 27.000000

Using SPARSE 1.3 as Direct Linear Solver

No. of Data Rows : 6
voa = 4.5580540773e-04
ddc = 6.0779320433e-06
dde = -2.268316569e-06
Reset re-loads circuit * comparator-offset-mc @ tt_mismatch_-40c_1.20v -- generated by sim/harness, do not edit

Circuit: * comparator-offset-mc @ tt_mismatch_-40c_1.20v -- generated by sim/harness, do not edit

Doing analysis at TEMP = -40.000000 and TNOM = 27.000000

Using SPARSE 1.3 as Direct Linear Solver

No. of Data Rows : 6
voa = -5.226890761e-03
ddc = 7.4043838952e-06
dde = -7.259097662e-06
Reset re-loads circuit * comparator-offset-mc @ tt_mismatch_-40c_1.20v -- generated by sim/harness, do not edit

Circuit: * comparator-offset-mc @ tt_mismatch_-40c_1.20v -- generated by sim/harness, do not edit

Doing analysis at TEMP = -40.000000 and TNOM = 27.000000

Using SPARSE 1.3 as Direct Linear Solver

No. of Data Rows : 6
voa = -6.147954533e-03
ddc = 8.4027035198e-06
dde = -7.196203518e-06
Reset re-loads circuit * comparator-offset-mc @ tt_mismatch_-40c_1.20v -- generated by sim/harness, do not edit

Circuit: * comparator-offset-mc @ tt_mismatch_-40c_1.20v -- generated by sim/harness, do not edit

Doing analysis at TEMP = -40.000000 and TNOM = 27.000000

Using SPARSE 1.3 as Direct Linear Solver

No. of Data Rows : 6
voa = -2.116454215e-03
ddc = 5.0858626995e-05
dde = -4.469097074e-05
Reset re-loads circuit * comparator-offset-mc @ tt_mismatch_-40c_1.20v -- generated by sim/harness, do not edit

Circuit: * comparator-offset-mc @ tt_mismatch_-40c_1.20v -- generated by sim/harness, do not edit

Doing analysis at TEMP = -40.000000 and TNOM = 27.000000

Using SPARSE 1.3 as Direct Linear Solver

No. of Data Rows : 6
voa = 1.1856977897e-04
ddc = 1.0792081255e-05
dde = -1.020110888e-05
Reset re-loads circuit * comparator-offset-mc @ tt_mismatch_-40c_1.20v -- generated by sim/harness, do not edit

Circuit: * comparator-offset-mc @ tt_mismatch_-40c_1.20v -- generated by sim/harness, do not edit

Doing analysis at TEMP = -40.000000 and TNOM = 27.000000

Using SPARSE 1.3 as Direct Linear Solver
 Reference value :  0.00000e+00
No. of Data Rows : 6
voa = -3.580357376e-03
ddc = 1.0310342152e-05
dde = -8.732393315e-06
Reset re-loads circuit * comparator-offset-mc @ tt_mismatch_-40c_1.20v -- generated by sim/harness, do not edit

Circuit: * comparator-offset-mc @ tt_mismatch_-40c_1.20v -- generated by sim/harness, do not edit

Doing analysis at TEMP = -40.000000 and TNOM = 27.000000

Using SPARSE 1.3 as Direct Linear Solver

No. of Data Rows : 6
voa = 8.2031575748e-04
ddc = -2.595104814e-05
dde = 2.2533016921e-05
Reset re-loads circuit * comparator-offset-mc @ tt_mismatch_-40c_1.20v -- generated by sim/harness, do not edit

Circuit: * comparator-offset-mc @ tt_mismatch_-40c_1.20v -- generated by sim/harness, do not edit

Doing analysis at TEMP = -40.000000 and TNOM = 27.000000

Using SPARSE 1.3 as Direct Linear Solver

No. of Data Rows : 6
voa = -2.244997332e-04
ddc = -1.672597164e-06
dde = 2.6810364116e-06
Reset re-loads circuit * comparator-offset-mc @ tt_mismatch_-40c_1.20v -- generated by sim/harness, do not edit

Circuit: * comparator-offset-mc @ tt_mismatch_-40c_1.20v -- generated by sim/harness, do not edit

Doing analysis at TEMP = -40.000000 and TNOM = 27.000000

Using SPARSE 1.3 as Direct Linear Solver

No. of Data Rows : 6
voa = -3.058711498e-03
ddc = -3.257642238e-05
dde = 2.8231399737e-05
Reset re-loads circuit * comparator-offset-mc @ tt_mismatch_-40c_1.20v -- generated by sim/harness, do not edit

Circuit: * comparator-offset-mc @ tt_mismatch_-40c_1.20v -- generated by sim/harness, do not edit

Doing analysis at TEMP = -40.000000 and TNOM = 27.000000

Using SPARSE 1.3 as Direct Linear Solver

No. of Data Rows : 6
voa = -8.039125711e-03
ddc = 4.0760395189e-05
dde = -3.796934777e-05
Reset re-loads circuit * comparator-offset-mc @ tt_mismatch_-40c_1.20v -- generated by sim/harness, do not edit

Circuit: * comparator-offset-mc @ tt_mismatch_-40c_1.20v -- generated by sim/harness, do not edit

Doing analysis at TEMP = -40.000000 and TNOM = 27.000000

Using SPARSE 1.3 as Direct Linear Solver

No. of Data Rows : 6
voa = 1.8606153297e-03
ddc = -2.788424085e-05
dde = 2.3417957529e-05
Reset re-loads circuit * comparator-offset-mc @ tt_mismatch_-40c_1.20v -- generated by sim/harness, do not edit

Circuit: * comparator-offset-mc @ tt_mismatch_-40c_1.20v -- generated by sim/harness, do not edit

Doing analysis at TEMP = -40.000000 and TNOM = 27.000000

Using SPARSE 1.3 as Direct Linear Solver

No. of Data Rows : 6
voa = -7.283557566e-03
ddc = -3.201804864e-05
dde = 2.7938550594e-05
Reset re-loads circuit * comparator-offset-mc @ tt_mismatch_-40c_1.20v -- generated by sim/harness, do not edit

Circuit: * comparator-offset-mc @ tt_mismatch_-40c_1.20v -- generated by sim/harness, do not edit

Doing analysis at TEMP = -40.000000 and TNOM = 27.000000

Using SPARSE 1.3 as Direct Linear Solver

No. of Data Rows : 6
voa = 1.1518758522e-03
ddc = -8.985671235e-06
dde = 7.8833841236e-06
Reset re-loads circuit * comparator-offset-mc @ tt_mismatch_-40c_1.20v -- generated by sim/harness, do not edit

Circuit: * comparator-offset-mc @ tt_mismatch_-40c_1.20v -- generated by sim/harness, do not edit

Doing analysis at TEMP = -40.000000 and TNOM = 27.000000

Using SPARSE 1.3 as Direct Linear Solver

No. of Data Rows : 6
voa = 4.0942214392e-03
ddc = -7.555113156e-05
dde = 6.8348225493e-05
Reset re-loads circuit * comparator-offset-mc @ tt_mismatch_-40c_1.20v -- generated by sim/harness, do not edit

Circuit: * comparator-offset-mc @ tt_mismatch_-40c_1.20v -- generated by sim/harness, do not edit

Doing analysis at TEMP = -40.000000 and TNOM = 27.000000

Using SPARSE 1.3 as Direct Linear Solver

No. of Data Rows : 6
voa = -4.296739720e-03
ddc = 1.5023274753e-05
dde = -1.515355208e-05
Reset re-loads circuit * comparator-offset-mc @ tt_mismatch_-40c_1.20v -- generated by sim/harness, do not edit

Circuit: * comparator-offset-mc @ tt_mismatch_-40c_1.20v -- generated by sim/harness, do not edit

Doing analysis at TEMP = -40.000000 and TNOM = 27.000000

Using SPARSE 1.3 as Direct Linear Solver

No. of Data Rows : 6
voa = -2.603857857e-03
ddc = -7.907496435e-05
dde = 6.9610704441e-05
Reset re-loads circuit * comparator-offset-mc @ tt_mismatch_-40c_1.20v -- generated by sim/harness, do not edit

Circuit: * comparator-offset-mc @ tt_mismatch_-40c_1.20v -- generated by sim/harness, do not edit

Doing analysis at TEMP = -40.000000 and TNOM = 27.000000

Using SPARSE 1.3 as Direct Linear Solver

No. of Data Rows : 6
voa = -2.923289009e-03
ddc = 1.3165946336e-04
dde = -1.160351288e-04
Reset re-loads circuit * comparator-offset-mc @ tt_mismatch_-40c_1.20v -- generated by sim/harness, do not edit

Circuit: * comparator-offset-mc @ tt_mismatch_-40c_1.20v -- generated by sim/harness, do not edit

Doing analysis at TEMP = -40.000000 and TNOM = 27.000000

Using SPARSE 1.3 as Direct Linear Solver

No. of Data Rows : 6
voa = 2.4376521220e-03
ddc = -7.547842555e-07
dde = 2.2010714294e-06
Reset re-loads circuit * comparator-offset-mc @ tt_mismatch_-40c_1.20v -- generated by sim/harness, do not edit

Circuit: * comparator-offset-mc @ tt_mismatch_-40c_1.20v -- generated by sim/harness, do not edit

Doing analysis at TEMP = -40.000000 and TNOM = 27.000000

Using SPARSE 1.3 as Direct Linear Solver
 Reference value :  0.00000e+00
No. of Data Rows : 6
voa = 9.3063410235e-04
ddc = 2.3633512994e-05
dde = -2.041185142e-05
Reset re-loads circuit * comparator-offset-mc @ tt_mismatch_-40c_1.20v -- generated by sim/harness, do not edit

Circuit: * comparator-offset-mc @ tt_mismatch_-40c_1.20v -- generated by sim/harness, do not edit

Doing analysis at TEMP = -40.000000 and TNOM = 27.000000

Using SPARSE 1.3 as Direct Linear Solver

No. of Data Rows : 6
voa = 5.1873664873e-03
ddc = -6.953868238e-06
dde = 4.3988870200e-06
Reset re-loads circuit * comparator-offset-mc @ tt_mismatch_-40c_1.20v -- generated by sim/harness, do not edit

Circuit: * comparator-offset-mc @ tt_mismatch_-40c_1.20v -- generated by sim/harness, do not edit

Doing analysis at TEMP = -40.000000 and TNOM = 27.000000

Using SPARSE 1.3 as Direct Linear Solver

No. of Data Rows : 6
voa = 3.4984209015e-03
ddc = -8.979280002e-06
dde = 6.9097742321e-06
Reset re-loads circuit * comparator-offset-mc @ tt_mismatch_-40c_1.20v -- generated by sim/harness, do not edit

Circuit: * comparator-offset-mc @ tt_mismatch_-40c_1.20v -- generated by sim/harness, do not edit

Doing analysis at TEMP = -40.000000 and TNOM = 27.000000

Using SPARSE 1.3 as Direct Linear Solver

No. of Data Rows : 6
voa = -2.188949964e-03
ddc = 8.2164070504e-06
dde = -7.472953755e-06
Reset re-loads circuit * comparator-offset-mc @ tt_mismatch_-40c_1.20v -- generated by sim/harness, do not edit

Circuit: * comparator-offset-mc @ tt_mismatch_-40c_1.20v -- generated by sim/harness, do not edit

Doing analysis at TEMP = -40.000000 and TNOM = 27.000000

Using SPARSE 1.3 as Direct Linear Solver

No. of Data Rows : 6
voa = 3.2629750245e-03
ddc = 4.7542716916e-05
dde = -4.164627605e-05
Reset re-loads circuit * comparator-offset-mc @ tt_mismatch_-40c_1.20v -- generated by sim/harness, do not edit

Circuit: * comparator-offset-mc @ tt_mismatch_-40c_1.20v -- generated by sim/harness, do not edit

Doing analysis at TEMP = -40.000000 and TNOM = 27.000000

Using SPARSE 1.3 as Direct Linear Solver

No. of Data Rows : 6
voa = -4.882119359e-03
ddc = -2.797783325e-05
dde = 2.4709819504e-05
Reset re-loads circuit * comparator-offset-mc @ tt_mismatch_-40c_1.20v -- generated by sim/harness, do not edit

Circuit: * comparator-offset-mc @ tt_mismatch_-40c_1.20v -- generated by sim/harness, do not edit

Doing analysis at TEMP = -40.000000 and TNOM = 27.000000

Using SPARSE 1.3 as Direct Linear Solver

No. of Data Rows : 6
voa = 2.2913033873e-03
ddc = -1.007393749e-04
dde = 9.0763111305e-05
Reset re-loads circuit * comparator-offset-mc @ tt_mismatch_-40c_1.20v -- generated by sim/harness, do not edit

Circuit: * comparator-offset-mc @ tt_mismatch_-40c_1.20v -- generated by sim/harness, do not edit

Doing analysis at TEMP = -40.000000 and TNOM = 27.000000

Using SPARSE 1.3 as Direct Linear Solver

No. of Data Rows : 6
voa = 5.2348578362e-03
ddc = -6.474418974e-05
dde = 5.6412307011e-05
Reset re-loads circuit * comparator-offset-mc @ tt_mismatch_-40c_1.20v -- generated by sim/harness, do not edit

Circuit: * comparator-offset-mc @ tt_mismatch_-40c_1.20v -- generated by sim/harness, do not edit

Doing analysis at TEMP = -40.000000 and TNOM = 27.000000

Using SPARSE 1.3 as Direct Linear Solver

No. of Data Rows : 6
voa = -4.840355345e-04
ddc = -5.977814836e-05
dde = 5.3540662985e-05
Reset re-loads circuit * comparator-offset-mc @ tt_mismatch_-40c_1.20v -- generated by sim/harness, do not edit

Circuit: * comparator-offset-mc @ tt_mismatch_-40c_1.20v -- generated by sim/harness, do not edit

Doing analysis at TEMP = -40.000000 and TNOM = 27.000000

Using SPARSE 1.3 as Direct Linear Solver

No. of Data Rows : 6
voa = 9.1767046225e-03
ddc = -3.279479511e-05
dde = 2.9198532203e-05
Reset re-loads circuit * comparator-offset-mc @ tt_mismatch_-40c_1.20v -- generated by sim/harness, do not edit

Circuit: * comparator-offset-mc @ tt_mismatch_-40c_1.20v -- generated by sim/harness, do not edit

Doing analysis at TEMP = -40.000000 and TNOM = 27.000000

Using SPARSE 1.3 as Direct Linear Solver

No. of Data Rows : 6
voa = -6.993852491e-04
ddc = -1.751244458e-05
dde = 1.4531844849e-05
Reset re-loads circuit * comparator-offset-mc @ tt_mismatch_-40c_1.20v -- generated by sim/harness, do not edit

Circuit: * comparator-offset-mc @ tt_mismatch_-40c_1.20v -- generated by sim/harness, do not edit

Doing analysis at TEMP = -40.000000 and TNOM = 27.000000

Using SPARSE 1.3 as Direct Linear Solver

No. of Data Rows : 6
voa = -5.093551010e-04
ddc = -2.925625616e-05
dde = 2.5278598044e-05
Reset re-loads circuit * comparator-offset-mc @ tt_mismatch_-40c_1.20v -- generated by sim/harness, do not edit

Circuit: * comparator-offset-mc @ tt_mismatch_-40c_1.20v -- generated by sim/harness, do not edit

Doing analysis at TEMP = -40.000000 and TNOM = 27.000000

Using SPARSE 1.3 as Direct Linear Solver

No. of Data Rows : 6
voa = 5.1888511480e-03
ddc = -8.898343818e-05
dde = 7.7520945172e-05
Reset re-loads circuit * comparator-offset-mc @ tt_mismatch_-40c_1.20v -- generated by sim/harness, do not edit

Circuit: * comparator-offset-mc @ tt_mismatch_-40c_1.20v -- generated by sim/harness, do not edit

Doing analysis at TEMP = -40.000000 and TNOM = 27.000000

Using SPARSE 1.3 as Direct Linear Solver
 Reference value :  0.00000e+00
No. of Data Rows : 6
voa = 1.2369076884e-03
ddc = -6.860243059e-05
dde = 6.0563400834e-05
Reset re-loads circuit * comparator-offset-mc @ tt_mismatch_-40c_1.20v -- generated by sim/harness, do not edit

Circuit: * comparator-offset-mc @ tt_mismatch_-40c_1.20v -- generated by sim/harness, do not edit

Doing analysis at TEMP = -40.000000 and TNOM = 27.000000

Using SPARSE 1.3 as Direct Linear Solver

No. of Data Rows : 6
voa = 7.2879336625e-03
ddc = -7.146549163e-05
dde = 6.3953145645e-05
Reset re-loads circuit * comparator-offset-mc @ tt_mismatch_-40c_1.20v -- generated by sim/harness, do not edit

Circuit: * comparator-offset-mc @ tt_mismatch_-40c_1.20v -- generated by sim/harness, do not edit

Doing analysis at TEMP = -40.000000 and TNOM = 27.000000

Using SPARSE 1.3 as Direct Linear Solver

No. of Data Rows : 6
voa = -1.231131275e-03
ddc = 8.3860471038e-05
dde = -7.472074513e-05
Reset re-loads circuit * comparator-offset-mc @ tt_mismatch_-40c_1.20v -- generated by sim/harness, do not edit

Circuit: * comparator-offset-mc @ tt_mismatch_-40c_1.20v -- generated by sim/harness, do not edit

Doing analysis at TEMP = -40.000000 and TNOM = 27.000000

Using SPARSE 1.3 as Direct Linear Solver

No. of Data Rows : 6
voa = -4.044524457e-04
ddc = -2.597774454e-05
dde = 2.2442524381e-05
Reset re-loads circuit * comparator-offset-mc @ tt_mismatch_-40c_1.20v -- generated by sim/harness, do not edit

Circuit: * comparator-offset-mc @ tt_mismatch_-40c_1.20v -- generated by sim/harness, do not edit

Doing analysis at TEMP = -40.000000 and TNOM = 27.000000

Using SPARSE 1.3 as Direct Linear Solver

No. of Data Rows : 6
voa = 5.2641536861e-03
ddc = -4.817013081e-05
dde = 4.3749135051e-05
Reset re-loads circuit * comparator-offset-mc @ tt_mismatch_-40c_1.20v -- generated by sim/harness, do not edit

Circuit: * comparator-offset-mc @ tt_mismatch_-40c_1.20v -- generated by sim/harness, do not edit

Doing analysis at TEMP = -40.000000 and TNOM = 27.000000

Using SPARSE 1.3 as Direct Linear Solver

No. of Data Rows : 6
voa = -4.768490352e-03
ddc = 2.6589029237e-05
dde = -2.372654211e-05
Reset re-loads circuit * comparator-offset-mc @ tt_mismatch_-40c_1.20v -- generated by sim/harness, do not edit

Circuit: * comparator-offset-mc @ tt_mismatch_-40c_1.20v -- generated by sim/harness, do not edit

Doing analysis at TEMP = -40.000000 and TNOM = 27.000000

Using SPARSE 1.3 as Direct Linear Solver

No. of Data Rows : 6
voa = 9.3143883337e-03
ddc = -1.078256758e-04
dde = 9.7367541671e-05
Reset re-loads circuit * comparator-offset-mc @ tt_mismatch_-40c_1.20v -- generated by sim/harness, do not edit

Circuit: * comparator-offset-mc @ tt_mismatch_-40c_1.20v -- generated by sim/harness, do not edit

Doing analysis at TEMP = -40.000000 and TNOM = 27.000000

Using SPARSE 1.3 as Direct Linear Solver

No. of Data Rows : 6
voa = -3.831956448e-03
ddc = 8.4013791108e-07
dde = -4.125238195e-07
Reset re-loads circuit * comparator-offset-mc @ tt_mismatch_-40c_1.20v -- generated by sim/harness, do not edit

Circuit: * comparator-offset-mc @ tt_mismatch_-40c_1.20v -- generated by sim/harness, do not edit

Doing analysis at TEMP = -40.000000 and TNOM = 27.000000

Using SPARSE 1.3 as Direct Linear Solver

No. of Data Rows : 6
voa = 2.1744589654e-03
ddc = -3.639597839e-05
dde = 3.3637763011e-05
Reset re-loads circuit * comparator-offset-mc @ tt_mismatch_-40c_1.20v -- generated by sim/harness, do not edit

Circuit: * comparator-offset-mc @ tt_mismatch_-40c_1.20v -- generated by sim/harness, do not edit

Doing analysis at TEMP = -40.000000 and TNOM = 27.000000

Using SPARSE 1.3 as Direct Linear Solver

No. of Data Rows : 6
voa = -1.210750708e-03
ddc = 6.0550280982e-05
dde = -5.381903634e-05
Reset re-loads circuit * comparator-offset-mc @ tt_mismatch_-40c_1.20v -- generated by sim/harness, do not edit

Circuit: * comparator-offset-mc @ tt_mismatch_-40c_1.20v -- generated by sim/harness, do not edit

Doing analysis at TEMP = -40.000000 and TNOM = 27.000000

Using SPARSE 1.3 as Direct Linear Solver

No. of Data Rows : 6
voa = -2.739604066e-03
ddc = 1.6824503897e-05
dde = -1.619267223e-05
Reset re-loads circuit * comparator-offset-mc @ tt_mismatch_-40c_1.20v -- generated by sim/harness, do not edit

Circuit: * comparator-offset-mc @ tt_mismatch_-40c_1.20v -- generated by sim/harness, do not edit

Doing analysis at TEMP = -40.000000 and TNOM = 27.000000

Using SPARSE 1.3 as Direct Linear Solver

No. of Data Rows : 6
voa = 4.5516811906e-03
ddc = -2.241381886e-05
dde = 2.2828617292e-05
Reset re-loads circuit * comparator-offset-mc @ tt_mismatch_-40c_1.20v -- generated by sim/harness, do not edit

Circuit: * comparator-offset-mc @ tt_mismatch_-40c_1.20v -- generated by sim/harness, do not edit

Doing analysis at TEMP = -40.000000 and TNOM = 27.000000

Using SPARSE 1.3 as Direct Linear Solver
 Reference value :  0.00000e+00
No. of Data Rows : 6
voa = 3.3519156563e-03
ddc = 2.1025765984e-05
dde = -1.810441110e-05
Reset re-loads circuit * comparator-offset-mc @ tt_mismatch_-40c_1.20v -- generated by sim/harness, do not edit

Circuit: * comparator-offset-mc @ tt_mismatch_-40c_1.20v -- generated by sim/harness, do not edit

Doing analysis at TEMP = -40.000000 and TNOM = 27.000000

Using SPARSE 1.3 as Direct Linear Solver

No. of Data Rows : 6
voa = 4.3568512494e-03
ddc = -5.906282744e-05
dde = 5.2040252635e-05
Reset re-loads circuit * comparator-offset-mc @ tt_mismatch_-40c_1.20v -- generated by sim/harness, do not edit

Circuit: * comparator-offset-mc @ tt_mismatch_-40c_1.20v -- generated by sim/harness, do not edit

Doing analysis at TEMP = -40.000000 and TNOM = 27.000000

Using SPARSE 1.3 as Direct Linear Solver

No. of Data Rows : 6
voa = 3.6495090200e-03
ddc = -1.554277069e-05
dde = 1.5123210485e-05
Reset re-loads circuit * comparator-offset-mc @ tt_mismatch_-40c_1.20v -- generated by sim/harness, do not edit

Circuit: * comparator-offset-mc @ tt_mismatch_-40c_1.20v -- generated by sim/harness, do not edit

Doing analysis at TEMP = -40.000000 and TNOM = 27.000000

Using SPARSE 1.3 as Direct Linear Solver

No. of Data Rows : 6
voa = 3.5571086655e-03
ddc = 5.2004998216e-05
dde = -4.490247441e-05
Reset re-loads circuit * comparator-offset-mc @ tt_mismatch_-40c_1.20v -- generated by sim/harness, do not edit

Circuit: * comparator-offset-mc @ tt_mismatch_-40c_1.20v -- generated by sim/harness, do not edit

Doing analysis at TEMP = -40.000000 and TNOM = 27.000000

Using SPARSE 1.3 as Direct Linear Solver

No. of Data Rows : 6
voa = -5.579991147e-03
ddc = 2.8008785435e-05
dde = -2.654939652e-05
Reset re-loads circuit * comparator-offset-mc @ tt_mismatch_-40c_1.20v -- generated by sim/harness, do not edit

Circuit: * comparator-offset-mc @ tt_mismatch_-40c_1.20v -- generated by sim/harness, do not edit

Doing analysis at TEMP = -40.000000 and TNOM = 27.000000

Using SPARSE 1.3 as Direct Linear Solver

No. of Data Rows : 6
voa = 9.7964218573e-03
ddc = -6.667591278e-05
dde = 5.8824682518e-05
Reset re-loads circuit * comparator-offset-mc @ tt_mismatch_-40c_1.20v -- generated by sim/harness, do not edit

Circuit: * comparator-offset-mc @ tt_mismatch_-40c_1.20v -- generated by sim/harness, do not edit

Doing analysis at TEMP = -40.000000 and TNOM = 27.000000

Using SPARSE 1.3 as Direct Linear Solver

No. of Data Rows : 6
voa = 8.2716361919e-03
ddc = 5.2681593768e-05
dde = -4.511953988e-05
Reset re-loads circuit * comparator-offset-mc @ tt_mismatch_-40c_1.20v -- generated by sim/harness, do not edit

Circuit: * comparator-offset-mc @ tt_mismatch_-40c_1.20v -- generated by sim/harness, do not edit

Doing analysis at TEMP = -40.000000 and TNOM = 27.000000

Using SPARSE 1.3 as Direct Linear Solver

No. of Data Rows : 6
voa = 2.0526140786e-03
ddc = -3.623773411e-05
dde = 3.1477315380e-05
Reset re-loads circuit * comparator-offset-mc @ tt_mismatch_-40c_1.20v -- generated by sim/harness, do not edit

Circuit: * comparator-offset-mc @ tt_mismatch_-40c_1.20v -- generated by sim/harness, do not edit

Doing analysis at TEMP = -40.000000 and TNOM = 27.000000

Using SPARSE 1.3 as Direct Linear Solver

No. of Data Rows : 6
voa = 2.6986789899e-04
ddc = 9.2672730474e-06
dde = -7.812160088e-06
Reset re-loads circuit * comparator-offset-mc @ tt_mismatch_-40c_1.20v -- generated by sim/harness, do not edit

Circuit: * comparator-offset-mc @ tt_mismatch_-40c_1.20v -- generated by sim/harness, do not edit

Doing analysis at TEMP = -40.000000 and TNOM = 27.000000

Using SPARSE 1.3 as Direct Linear Solver

No. of Data Rows : 6
voa = 3.4724587520e-03
ddc = 7.4500041682e-06
dde = -7.893110052e-06
Reset re-loads circuit * comparator-offset-mc @ tt_mismatch_-40c_1.20v -- generated by sim/harness, do not edit

Circuit: * comparator-offset-mc @ tt_mismatch_-40c_1.20v -- generated by sim/harness, do not edit

Doing analysis at TEMP = -40.000000 and TNOM = 27.000000

Using SPARSE 1.3 as Direct Linear Solver

No. of Data Rows : 6
voa = 1.1158976850e-04
ddc = 2.8002998067e-05
dde = -2.501265350e-05
Reset re-loads circuit * comparator-offset-mc @ tt_mismatch_-40c_1.20v -- generated by sim/harness, do not edit

Circuit: * comparator-offset-mc @ tt_mismatch_-40c_1.20v -- generated by sim/harness, do not edit

Doing analysis at TEMP = -40.000000 and TNOM = 27.000000

Using SPARSE 1.3 as Direct Linear Solver

No. of Data Rows : 6
voa = -1.040394623e-03
ddc = 3.5186401997e-09
dde = -1.777436042e-06
Reset re-loads circuit * comparator-offset-mc @ tt_mismatch_-40c_1.20v -- generated by sim/harness, do not edit

Circuit: * comparator-offset-mc @ tt_mismatch_-40c_1.20v -- generated by sim/harness, do not edit

Doing analysis at TEMP = -40.000000 and TNOM = 27.000000

Using SPARSE 1.3 as Direct Linear Solver

No. of Data Rows : 6
voa = 7.6098012832e-04
ddc = -5.654960887e-05
dde = 5.1630412968e-05
Reset re-loads circuit * comparator-offset-mc @ tt_mismatch_-40c_1.20v -- generated by sim/harness, do not edit

Circuit: * comparator-offset-mc @ tt_mismatch_-40c_1.20v -- generated by sim/harness, do not edit

Doing analysis at TEMP = -40.000000 and TNOM = 27.000000

Using SPARSE 1.3 as Direct Linear Solver
 Reference value :  0.00000e+00
No. of Data Rows : 6
voa = -2.771638992e-04
ddc = 6.5409248484e-07
dde = -5.953971660e-07
Reset re-loads circuit * comparator-offset-mc @ tt_mismatch_-40c_1.20v -- generated by sim/harness, do not edit

Circuit: * comparator-offset-mc @ tt_mismatch_-40c_1.20v -- generated by sim/harness, do not edit

Doing analysis at TEMP = -40.000000 and TNOM = 27.000000

Using SPARSE 1.3 as Direct Linear Solver

No. of Data Rows : 6
voa = 3.7255795609e-03
ddc = -2.923020389e-05
dde = 2.6943631270e-05
Reset re-loads circuit * comparator-offset-mc @ tt_mismatch_-40c_1.20v -- generated by sim/harness, do not edit

Circuit: * comparator-offset-mc @ tt_mismatch_-40c_1.20v -- generated by sim/harness, do not edit

Doing analysis at TEMP = -40.000000 and TNOM = 27.000000

Using SPARSE 1.3 as Direct Linear Solver

No. of Data Rows : 6
voa = -2.079653805e-03
ddc = 4.8938965475e-05
dde = -4.259779118e-05
Reset re-loads circuit * comparator-offset-mc @ tt_mismatch_-40c_1.20v -- generated by sim/harness, do not edit

Circuit: * comparator-offset-mc @ tt_mismatch_-40c_1.20v -- generated by sim/harness, do not edit

Doing analysis at TEMP = -40.000000 and TNOM = 27.000000

Using SPARSE 1.3 as Direct Linear Solver

No. of Data Rows : 6
voa = -4.066606419e-03
ddc = 5.3903467723e-05
dde = -4.695399227e-05
Reset re-loads circuit * comparator-offset-mc @ tt_mismatch_-40c_1.20v -- generated by sim/harness, do not edit

Circuit: * comparator-offset-mc @ tt_mismatch_-40c_1.20v -- generated by sim/harness, do not edit

Doing analysis at TEMP = -40.000000 and TNOM = 27.000000

Using SPARSE 1.3 as Direct Linear Solver

No. of Data Rows : 6
voa = -2.109163695e-03
ddc = 5.1552339109e-06
dde = -6.145598487e-06
Reset re-loads circuit * comparator-offset-mc @ tt_mismatch_-40c_1.20v -- generated by sim/harness, do not edit

Circuit: * comparator-offset-mc @ tt_mismatch_-40c_1.20v -- generated by sim/harness, do not edit

Doing analysis at TEMP = -40.000000 and TNOM = 27.000000

Using SPARSE 1.3 as Direct Linear Solver

No. of Data Rows : 6
voa = -4.988300395e-03
ddc = 2.0993250803e-05
dde = -1.843641397e-05
Reset re-loads circuit * comparator-offset-mc @ tt_mismatch_-40c_1.20v -- generated by sim/harness, do not edit

Circuit: * comparator-offset-mc @ tt_mismatch_-40c_1.20v -- generated by sim/harness, do not edit

Doing analysis at TEMP = -40.000000 and TNOM = 27.000000

Using SPARSE 1.3 as Direct Linear Solver

No. of Data Rows : 6
voa = -5.710614494e-06
ddc = 1.9901322099e-05
dde = -1.592326866e-05
Reset re-loads circuit * comparator-offset-mc @ tt_mismatch_-40c_1.20v -- generated by sim/harness, do not edit

Circuit: * comparator-offset-mc @ tt_mismatch_-40c_1.20v -- generated by sim/harness, do not edit

Doing analysis at TEMP = -40.000000 and TNOM = 27.000000

Using SPARSE 1.3 as Direct Linear Solver

No. of Data Rows : 6
voa = 6.0224755202e-03
ddc = -2.116979224e-05
dde = 1.9511602104e-05
Reset re-loads circuit * comparator-offset-mc @ tt_mismatch_-40c_1.20v -- generated by sim/harness, do not edit

Circuit: * comparator-offset-mc @ tt_mismatch_-40c_1.20v -- generated by sim/harness, do not edit

Doing analysis at TEMP = -40.000000 and TNOM = 27.000000

Using SPARSE 1.3 as Direct Linear Solver

No. of Data Rows : 6
voa = -6.803897592e-03
ddc = 1.8621745984e-05
dde = -1.500626008e-05
Reset re-loads circuit * comparator-offset-mc @ tt_mismatch_-40c_1.20v -- generated by sim/harness, do not edit

Circuit: * comparator-offset-mc @ tt_mismatch_-40c_1.20v -- generated by sim/harness, do not edit

Doing analysis at TEMP = -40.000000 and TNOM = 27.000000

Using SPARSE 1.3 as Direct Linear Solver

No. of Data Rows : 6
voa = -6.782424600e-03
ddc = -1.283919426e-06
dde = 1.6931603601e-07
Reset re-loads circuit * comparator-offset-mc @ tt_mismatch_-40c_1.20v -- generated by sim/harness, do not edit

Circuit: * comparator-offset-mc @ tt_mismatch_-40c_1.20v -- generated by sim/harness, do not edit

Doing analysis at TEMP = -40.000000 and TNOM = 27.000000

Using SPARSE 1.3 as Direct Linear Solver

No. of Data Rows : 6
voa = -2.603511638e-03
ddc = 3.6254061006e-05
dde = -3.014605811e-05
Reset re-loads circuit * comparator-offset-mc @ tt_mismatch_-40c_1.20v -- generated by sim/harness, do not edit

Circuit: * comparator-offset-mc @ tt_mismatch_-40c_1.20v -- generated by sim/harness, do not edit

Doing analysis at TEMP = -40.000000 and TNOM = 27.000000

Using SPARSE 1.3 as Direct Linear Solver

No. of Data Rows : 6
voa = -2.240275267e-03
ddc = -2.348528374e-05
dde = 1.9952138791e-05
Reset re-loads circuit * comparator-offset-mc @ tt_mismatch_-40c_1.20v -- generated by sim/harness, do not edit

Circuit: * comparator-offset-mc @ tt_mismatch_-40c_1.20v -- generated by sim/harness, do not edit

Doing analysis at TEMP = -40.000000 and TNOM = 27.000000

Using SPARSE 1.3 as Direct Linear Solver
 Reference value :  0.00000e+00
No. of Data Rows : 6
voa = -7.370625144e-03
ddc = 5.5670077711e-06
dde = -4.439937411e-06
Reset re-loads circuit * comparator-offset-mc @ tt_mismatch_-40c_1.20v -- generated by sim/harness, do not edit

Circuit: * comparator-offset-mc @ tt_mismatch_-40c_1.20v -- generated by sim/harness, do not edit

Doing analysis at TEMP = -40.000000 and TNOM = 27.000000

Using SPARSE 1.3 as Direct Linear Solver

No. of Data Rows : 6
voa = -1.098817449e-03
ddc = -1.464426489e-06
dde = 1.4575948709e-06
Reset re-loads circuit * comparator-offset-mc @ tt_mismatch_-40c_1.20v -- generated by sim/harness, do not edit

Circuit: * comparator-offset-mc @ tt_mismatch_-40c_1.20v -- generated by sim/harness, do not edit

Doing analysis at TEMP = -40.000000 and TNOM = 27.000000

Using SPARSE 1.3 as Direct Linear Solver

No. of Data Rows : 6
voa = 2.4990886343e-04
ddc = -3.335362807e-05
dde = 2.8438954983e-05
Reset re-loads circuit * comparator-offset-mc @ tt_mismatch_-40c_1.20v -- generated by sim/harness, do not edit

Circuit: * comparator-offset-mc @ tt_mismatch_-40c_1.20v -- generated by sim/harness, do not edit

Doing analysis at TEMP = -40.000000 and TNOM = 27.000000

Using SPARSE 1.3 as Direct Linear Solver

No. of Data Rows : 6
voa = 3.3967150790e-03
ddc = 2.4850022493e-06
dde = -1.033123739e-06
Reset re-loads circuit * comparator-offset-mc @ tt_mismatch_-40c_1.20v -- generated by sim/harness, do not edit

Circuit: * comparator-offset-mc @ tt_mismatch_-40c_1.20v -- generated by sim/harness, do not edit

Doing analysis at TEMP = -40.000000 and TNOM = 27.000000

Using SPARSE 1.3 as Direct Linear Solver

No. of Data Rows : 6
voa = -5.138466262e-04
ddc = 8.1547483387e-05
dde = -7.305793411e-05
Reset re-loads circuit * comparator-offset-mc @ tt_mismatch_-40c_1.20v -- generated by sim/harness, do not edit

Circuit: * comparator-offset-mc @ tt_mismatch_-40c_1.20v -- generated by sim/harness, do not edit

Doing analysis at TEMP = -40.000000 and TNOM = 27.000000

Using SPARSE 1.3 as Direct Linear Solver

No. of Data Rows : 6
voa = -2.910491987e-03
ddc = 8.1777521116e-05
dde = -7.177533909e-05
Reset re-loads circuit * comparator-offset-mc @ tt_mismatch_-40c_1.20v -- generated by sim/harness, do not edit

Circuit: * comparator-offset-mc @ tt_mismatch_-40c_1.20v -- generated by sim/harness, do not edit

Doing analysis at TEMP = -40.000000 and TNOM = 27.000000

Using SPARSE 1.3 as Direct Linear Solver

No. of Data Rows : 6
voa = -7.114388839e-03
ddc = 8.4251765691e-05
dde = -7.510495888e-05
Reset re-loads circuit * comparator-offset-mc @ tt_mismatch_-40c_1.20v -- generated by sim/harness, do not edit

Circuit: * comparator-offset-mc @ tt_mismatch_-40c_1.20v -- generated by sim/harness, do not edit

Doing analysis at TEMP = -40.000000 and TNOM = 27.000000

Using SPARSE 1.3 as Direct Linear Solver

No. of Data Rows : 6
voa = -4.881562555e-04
ddc = 3.1505868874e-05
dde = -2.800341261e-05
Reset re-loads circuit * comparator-offset-mc @ tt_mismatch_-40c_1.20v -- generated by sim/harness, do not edit

Circuit: * comparator-offset-mc @ tt_mismatch_-40c_1.20v -- generated by sim/harness, do not edit

Doing analysis at TEMP = -40.000000 and TNOM = 27.000000

Using SPARSE 1.3 as Direct Linear Solver

No. of Data Rows : 6
voa = -3.442513789e-03
ddc = -2.686167016e-05
dde = 2.3756576155e-05
Reset re-loads circuit * comparator-offset-mc @ tt_mismatch_-40c_1.20v -- generated by sim/harness, do not edit

Circuit: * comparator-offset-mc @ tt_mismatch_-40c_1.20v -- generated by sim/harness, do not edit

Doing analysis at TEMP = -40.000000 and TNOM = 27.000000

Using SPARSE 1.3 as Direct Linear Solver

No. of Data Rows : 6
voa = -5.416506806e-04
ddc = 1.8643433719e-05
dde = -1.714105449e-05
Reset re-loads circuit * comparator-offset-mc @ tt_mismatch_-40c_1.20v -- generated by sim/harness, do not edit

Circuit: * comparator-offset-mc @ tt_mismatch_-40c_1.20v -- generated by sim/harness, do not edit

Doing analysis at TEMP = -40.000000 and TNOM = 27.000000

Using SPARSE 1.3 as Direct Linear Solver

No. of Data Rows : 6
voa = 1.6168710327e-03
ddc = -5.196813899e-05
dde = 4.4902025415e-05
Reset re-loads circuit * comparator-offset-mc @ tt_mismatch_-40c_1.20v -- generated by sim/harness, do not edit

Circuit: * comparator-offset-mc @ tt_mismatch_-40c_1.20v -- generated by sim/harness, do not edit

Doing analysis at TEMP = -40.000000 and TNOM = 27.000000

Using SPARSE 1.3 as Direct Linear Solver
 Reference value :  0.00000e+00
No. of Data Rows : 6
voa = 1.2225850998e-02
ddc = -5.244320837e-05
dde = 4.8688951470e-05
Reset re-loads circuit * comparator-offset-mc @ tt_mismatch_-40c_1.20v -- generated by sim/harness, do not edit

Circuit: * comparator-offset-mc @ tt_mismatch_-40c_1.20v -- generated by sim/harness, do not edit

Doing analysis at TEMP = -40.000000 and TNOM = 27.000000

Using SPARSE 1.3 as Direct Linear Solver

No. of Data Rows : 6
voa = -2.678211151e-03
ddc = 2.1050315639e-05
dde = -1.674612629e-05
Reset re-loads circuit * comparator-offset-mc @ tt_mismatch_-40c_1.20v -- generated by sim/harness, do not edit

Circuit: * comparator-offset-mc @ tt_mismatch_-40c_1.20v -- generated by sim/harness, do not edit

Doing analysis at TEMP = -40.000000 and TNOM = 27.000000

Using SPARSE 1.3 as Direct Linear Solver

No. of Data Rows : 6
voa = -1.044218391e-04
ddc = -3.148942582e-05
dde = 2.6490891868e-05
m_n_samples = 2.0000000000e+02
m_sig_vos_mv = 4.1996708172e+00
m_vos_3sig_mv = 1.2599012452e+01
m_mean_vos_uv = -2.541536032e+02
m_mean_vos_sem = -8.558467750e-01
m_sig_dvos_dn_uv = 4.5906978068e+01
m_sig_dvos_up_uv = 4.0639778476e+01
m_mean_dvos_dn_uv = -5.135303707e+00
m_mean_dvos_up_uv = 4.6591951448e+00
m_av_mean = 1.7799411910e+00
m_av_sigma_pct = 9.2903600900e-01
m_vbias_anchor_mv = 3.4497677769e+02
Note: Simulation executed from .control section 

Note: Starting dynamic gmin stepping
Note: Dynamic gmin stepping completed
