
Note: No compatibility mode selected!


Circuit: * klt sim -- generated corner deck, do not edit

Doing analysis at TEMP = 27.000000 and TNOM = 27.000000

Using SPARSE 1.3 as Direct Linear Solver

Initial Transient Solution
--------------------------

Node                                   Voltage
----                                   -------
vdd                                       1.32
cm                                         0.6
vd                                      -0.048
ap                                       0.576
an                                       0.624
clku                                         0
clk                                          0
ibn                                   0.266937
xa.x1.tmid                         7.06319e-06
xa.x1.tail                             0.57629
xa.x1.np                                  1.32
xa.x1.nn                               1.31999
xa.x1.ln                                  1.32
xa.x1.lp                                  1.32
xa.x1.lnb                          6.45444e-07
xa.x1.lpb                          6.43652e-07
xa.x1.na                                  1.32
doutb                                     1.32
dout                               8.82233e-07
xa.x1.nb                                  1.32
doutn                              6.68358e-07
tcheck                                      27
pa_00                                  266.937
bpa_00#branch                                0
btchk#branch                                 0
bdoutn#branch                                0
bclk#branch                        1.38517e-09
ean#branch                         7.10018e-12
eap#branch                          8.7946e-12
vclku#branch                                 0
vd#branch                                    0
vcm#branch                         1.58948e-11
vsup#branch                       -2.00245e-05


No. of Data Rows : 12385

  Measurements for Transient Analysis

dlev0               =  -3.12688e-06
dlev1               =  -5.13898e-06
dlev2               =  -3.84630e-06
dlev3               =  -2.53514e-06
dlev4               =  -5.44526e-06
dlev5               =  -4.18999e-06
dlev6               =  -1.85310e-06
dlev7               =  -3.03011e-06
dlev8               =  -4.85226e-06
dlev9               =  -2.38213e-06
dlev10              =  -1.81347e-06
dlev11              =  -3.81709e-06
dlev12              =  -6.21571e-06
dlev13              =  -2.11423e-06
dlev14              =  -5.82756e-06
dlev15              =  2.71057e-07
dlev16              =  -1.86263e-06
dlev17              =  1.00000e+00
dlev18              =  1.00000e+00
dlev19              =  1.00000e+00
dlev20              =  1.00000e+00
dlev21              =  1.00000e+00
dlev22              =  1.00000e+00
dlev23              =  1.00000e+00
dlev24              =  9.99999e-01
dlev25              =  1.00000e+00
dlev26              =  1.00000e+00
dlev27              =  9.99998e-01
dlev28              =  1.00000e+00
dlev29              =  1.00000e+00
dlev30              =  9.99998e-01
dlev31              =  9.99997e-01
dlev32              =  1.00000e+00
vdd_meas            =  1.32000e+00
temp_meas           =  2.70000e+01
vbias_mv            =  2.66937e+02
lowcount            =  1.70001e+01
vos_mv              =  1.50017e+00

ngspice-46 done
