
Note: No compatibility mode selected!


Circuit: * klt sim -- generated corner deck, do not edit

Doing analysis at TEMP = 27.000000 and TNOM = 27.000000

Using SPARSE 1.3 as Direct Linear Solver

Initial Transient Solution
--------------------------

Node                                   Voltage
----                                   -------
vdd                                       1.08
cm                                         0.6
vd                                      -0.048
ap                                       0.576
an                                       0.624
clku                                         0
clk                                          0
ibn                                    0.26615
xa.x1.tmid                         7.47159e-06
xa.x1.tail                            0.567482
xa.x1.np                                  1.08
xa.x1.nn                               1.07999
xa.x1.ln                                  1.08
xa.x1.lp                                  1.08
xa.x1.lnb                          5.94217e-07
xa.x1.lpb                          4.96991e-07
xa.x1.na                               1.06412
doutb                                 0.560473
dout                                  0.562665
xa.x1.nb                               1.06334
doutn                                 0.520986
tcheck                                      27
pa_00                                   266.15
bpa_00#branch                                0
btchk#branch                                 0
bdoutn#branch                                0
bclk#branch                        6.97912e-10
ean#branch                           2.153e-12
eap#branch                         2.82441e-12
vclku#branch                                 0
vd#branch                                    0
vcm#branch                         4.97741e-12
vsup#branch                       -9.16246e-05


No. of Data Rows : 12220

  Measurements for Transient Analysis

dlev0               =  1.17116e-06
dlev1               =  5.92893e-06
dlev2               =  1.16738e-06
dlev3               =  2.67997e-06
dlev4               =  3.89641e-06
dlev5               =  4.33226e-06
dlev6               =  1.44980e-06
dlev7               =  8.94223e-07
dlev8               =  4.68101e-06
dlev9               =  6.59355e-07
dlev10              =  7.27954e-07
dlev11              =  7.00422e-07
dlev12              =  4.57534e-06
dlev13              =  3.74530e-06
dlev14              =  7.71515e-07
dlev15              =  6.23438e-07
dlev16              =  9.99999e-01
dlev17              =  1.00000e+00
dlev18              =  9.99999e-01
dlev19              =  1.00000e+00
dlev20              =  9.99999e-01
dlev21              =  1.00000e+00
dlev22              =  1.00000e+00
dlev23              =  9.99999e-01
dlev24              =  9.99999e-01
dlev25              =  1.00000e+00
dlev26              =  9.99999e-01
dlev27              =  9.99999e-01
dlev28              =  9.99999e-01
dlev29              =  1.00000e+00
dlev30              =  9.99999e-01
dlev31              =  1.00000e+00
dlev32              =  1.00000e+00
vdd_meas            =  1.08000e+00
temp_meas           =  2.70000e+01
vbias_mv            =  2.66150e+02
lowcount            =  1.60000e+01
vos_mv              =  -1.50009e+00

ngspice-46 done
