
Note: No compatibility mode selected!


Circuit: * klt sim -- generated corner deck, do not edit

Doing analysis at TEMP = -40.000000 and TNOM = 27.000000

Using SPARSE 1.3 as Direct Linear Solver

Initial Transient Solution
--------------------------

Node                                   Voltage
----                                   -------
vdd                                       1.32
cm                                        0.55
vd                                      -0.048
ap                                       0.526
an                                       0.574
clku                                         0
clk                                          0
ibn                                   0.302278
xa.x1.tmid                         1.98824e-07
xa.x1.tail                            0.523889
xa.x1.np                                  1.32
xa.x1.nn                                  1.32
xa.x1.ln                                  1.32
xa.x1.lp                                  1.32
xa.x1.lnb                          1.29097e-07
xa.x1.lpb                          1.26021e-07
xa.x1.na                               1.29253
doutb                                 0.690849
dout                                  0.677991
xa.x1.nb                               1.29277
doutn                                 0.513629
tcheck                                     -40
pa_00                                  302.278
bpa_00#branch                                0
btchk#branch                                 0
bdoutn#branch                                0
bclk#branch                        8.93345e-10
ean#branch                         4.29989e-12
eap#branch                          5.2896e-12
vclku#branch                                 0
vd#branch                                    0
vcm#branch                          9.5895e-12
vsup#branch                       -0.000180641


No. of Data Rows : 12440

  Measurements for Transient Analysis

dlev0               =  -2.81274e-07
dlev1               =  -1.36649e-06
dlev2               =  -1.86364e-06
dlev3               =  -2.48665e-06
dlev4               =  -3.19039e-06
dlev5               =  -2.31078e-06
dlev6               =  -1.89749e-06
dlev7               =  -8.22508e-07
dlev8               =  -6.43041e-07
dlev9               =  -1.82743e-06
dlev10              =  -7.24930e-07
dlev11              =  -1.35854e-06
dlev12              =  1.81658e-06
dlev13              =  1.91070e-06
dlev14              =  2.00709e-06
dlev15              =  1.00000e+00
dlev16              =  1.00000e+00
dlev17              =  1.00000e+00
dlev18              =  1.00000e+00
dlev19              =  1.00000e+00
dlev20              =  1.00000e+00
dlev21              =  1.00000e+00
dlev22              =  1.00000e+00
dlev23              =  9.99999e-01
dlev24              =  1.00000e+00
dlev25              =  1.00000e+00
dlev26              =  1.00000e+00
dlev27              =  1.00000e+00
dlev28              =  1.00000e+00
dlev29              =  1.00000e+00
dlev30              =  1.00000e+00
dlev31              =  9.99998e-01
dlev32              =  9.99999e-01
vdd_meas            =  1.32000e+00
temp_meas           =  -4.00000e+01
vbias_mv            =  3.02278e+02
lowcount            =  1.50000e+01
vos_mv              =  -4.49998e+00
vcm_meas            =  5.50000e-01

ngspice-46 done
