
Note: No compatibility mode selected!


Circuit: * klt sim -- generated corner deck, do not edit

Doing analysis at TEMP = 125.000000 and TNOM = 27.000000

Using SPARSE 1.3 as Direct Linear Solver
Note: Starting dynamic gmin stepping
Note: Dynamic gmin stepping completed

Initial Transient Solution
--------------------------

Node                                   Voltage
----                                   -------
vdd                                        1.2
cm                                        0.55
vd                                      -0.048
ap                                       0.526
an                                       0.574
clku                                         0
clk                                          0
ibn                                   0.227287
xa.x1.tmid                         0.000164395
xa.x1.tail                            0.536134
xa.x1.np                               1.19995
xa.x1.nn                               1.19983
xa.x1.ln                                   1.2
xa.x1.lp                                   1.2
xa.x1.lnb                          1.75559e-06
xa.x1.lpb                          1.48321e-06
xa.x1.na                               1.19999
doutb                                  1.19998
dout                               2.34404e-06
xa.x1.nb                                   1.2
doutn                              1.95336e-06
tcheck                                     125
pa_00                                  227.287
bpa_00#branch                                0
btchk#branch                                 0
bdoutn#branch                                0
bclk#branch                        2.74691e-10
ean#branch                         5.55692e-12
eap#branch                         7.00859e-12
vclku#branch                                 0
vd#branch                                    0
vcm#branch                         1.25655e-11
vsup#branch                       -2.03047e-05


No. of Data Rows : 12193

  Measurements for Transient Analysis

dlev0               =  2.38139e-06
dlev1               =  2.01079e-06
dlev2               =  2.63501e-06
dlev3               =  2.66691e-06
dlev4               =  2.99958e-06
dlev5               =  2.16862e-06
dlev6               =  2.31845e-06
dlev7               =  2.20463e-06
dlev8               =  1.92633e-06
dlev9               =  2.02718e-06
dlev10              =  2.15751e-06
dlev11              =  2.69548e-06
dlev12              =  1.94401e-06
dlev13              =  2.21590e-06
dlev14              =  1.93635e-06
dlev15              =  2.03450e-06
dlev16              =  2.09342e-06
dlev17              =  1.93929e-06
dlev18              =  9.99989e-01
dlev19              =  9.99989e-01
dlev20              =  9.99989e-01
dlev21              =  9.99989e-01
dlev22              =  9.99989e-01
dlev23              =  9.99990e-01
dlev24              =  9.99989e-01
dlev25              =  9.99989e-01
dlev26              =  9.99989e-01
dlev27              =  9.99989e-01
dlev28              =  9.99989e-01
dlev29              =  9.99989e-01
dlev30              =  9.99989e-01
dlev31              =  9.99989e-01
dlev32              =  9.99989e-01
vdd_meas            =  1.20000e+00
temp_meas           =  1.25000e+02
vbias_mv            =  2.27287e+02
lowcount            =  1.80001e+01
vos_mv              =  4.50037e+00
vcm_meas            =  5.50000e-01

ngspice-46 done
