
Note: No compatibility mode selected!


Circuit: * klt sim -- generated corner deck, do not edit

Doing analysis at TEMP = 27.000000 and TNOM = 27.000000

Using SPARSE 1.3 as Direct Linear Solver

Initial Transient Solution
--------------------------

Node                                   Voltage
----                                   -------
vdd                                        1.2
cm                                         0.6
vd                                      -0.048
ap                                       0.576
an                                       0.624
clku                                         0
clk                                          0
ibn                                   0.316768
xa.x1.tmid                         4.33334e-07
xa.x1.tail                            0.588686
xa.x1.np                                   1.2
xa.x1.nn                                   1.2
xa.x1.ln                                   1.2
xa.x1.lp                                   1.2
xa.x1.lnb                          2.47441e-07
xa.x1.lpb                            2.006e-07
xa.x1.na                                   1.2
doutb                               2.5205e-07
dout                                       1.2
xa.x1.nb                                   1.2
doutn                                        1
tcheck                                      27
pa_00                                  316.768
bpa_00#branch                                0
btchk#branch                                 0
bdoutn#branch                                0
bclk#branch                        5.56272e-10
ean#branch                         4.51555e-13
eap#branch                          5.8098e-13
vclku#branch                                 0
vd#branch                                    0
vcm#branch                         1.03254e-12
vsup#branch                        -1.5003e-05


No. of Data Rows : 12219

  Measurements for Transient Analysis

dlev0               =  -1.19513e-06
dlev1               =  4.87373e-06
dlev2               =  4.84150e-06
dlev3               =  4.94323e-06
dlev4               =  4.80205e-06
dlev5               =  6.57174e-06
dlev6               =  5.97366e-06
dlev7               =  6.02075e-06
dlev8               =  3.94646e-06
dlev9               =  4.97066e-06
dlev10              =  5.62384e-06
dlev11              =  4.24647e-06
dlev12              =  5.42612e-06
dlev13              =  3.27323e-06
dlev14              =  1.07371e-06
dlev15              =  3.41014e-06
dlev16              =  9.99998e-01
dlev17              =  1.00000e+00
dlev18              =  1.00000e+00
dlev19              =  1.00000e+00
dlev20              =  1.00000e+00
dlev21              =  1.00000e+00
dlev22              =  1.00000e+00
dlev23              =  1.00000e+00
dlev24              =  1.00000e+00
dlev25              =  1.00000e+00
dlev26              =  1.00000e+00
dlev27              =  1.00000e+00
dlev28              =  1.00000e+00
dlev29              =  1.00000e+00
dlev30              =  1.00000e+00
dlev31              =  9.99999e-01
dlev32              =  1.00000e+00
vdd_meas            =  1.20000e+00
temp_meas           =  2.70000e+01
vbias_mv            =  3.16768e+02
lowcount            =  1.59999e+01
vos_mv              =  -1.50023e+00

ngspice-46 done
