
Note: No compatibility mode selected!


Circuit: * klt sim -- generated corner deck, do not edit

Doing analysis at TEMP = 125.000000 and TNOM = 27.000000

Using SPARSE 1.3 as Direct Linear Solver

Initial Transient Solution
--------------------------

Node                                   Voltage
----                                   -------
vdd                                       1.32
cm                                         0.6
vd                                      -0.048
ap                                       0.576
an                                       0.624
clku                                         0
clk                                          0
ibn                                    0.23128
xa.x1.tmid                         4.66335e-05
xa.x1.tail                            0.599039
xa.x1.np                               1.31999
xa.x1.nn                               1.31998
xa.x1.ln                                  1.32
xa.x1.lp                                  1.32
xa.x1.lnb                           1.0047e-05
xa.x1.lpb                          9.03468e-06
xa.x1.na                               1.28394
doutb                                 0.711187
dout                                  0.707125
xa.x1.nb                               1.28481
doutn                                 0.535701
tcheck                                     125
pa_00                                   231.28
bpa_00#branch                                0
btchk#branch                                 0
bdoutn#branch                                0
bclk#branch                        1.21434e-09
ean#branch                         1.84103e-12
eap#branch                         2.31345e-12
vclku#branch                                 0
vd#branch                                    0
vcm#branch                         4.15448e-12
vsup#branch                       -0.000170057


No. of Data Rows : 12112

  Measurements for Transient Analysis

dlev0               =  3.31563e-06
dlev1               =  4.19590e-06
dlev2               =  3.90439e-06
dlev3               =  5.31459e-06
dlev4               =  5.50760e-06
dlev5               =  4.77090e-06
dlev6               =  3.31519e-06
dlev7               =  5.19139e-06
dlev8               =  5.54133e-06
dlev9               =  6.77138e-06
dlev10              =  8.51901e-06
dlev11              =  6.08959e-06
dlev12              =  2.06362e-06
dlev13              =  6.17031e-06
dlev14              =  5.03522e-06
dlev15              =  3.11271e-06
dlev16              =  6.32600e-06
dlev17              =  6.06361e-06
dlev18              =  9.99997e-01
dlev19              =  9.99997e-01
dlev20              =  9.99997e-01
dlev21              =  1.00000e+00
dlev22              =  1.00000e+00
dlev23              =  9.99997e-01
dlev24              =  9.99998e-01
dlev25              =  9.99998e-01
dlev26              =  9.99998e-01
dlev27              =  9.99998e-01
dlev28              =  9.99997e-01
dlev29              =  9.99998e-01
dlev30              =  9.99999e-01
dlev31              =  9.99999e-01
dlev32              =  1.00000e+00
vdd_meas            =  1.32000e+00
temp_meas           =  1.25000e+02
vbias_mv            =  2.31280e+02
lowcount            =  1.79999e+01
vos_mv              =  4.49981e+00

ngspice-46 done
