
Note: No compatibility mode selected!


Circuit: * klt sim -- generated corner deck, do not edit

Doing analysis at TEMP = 27.000000 and TNOM = 27.000000

Using SPARSE 1.3 as Direct Linear Solver

Initial Transient Solution
--------------------------

Node                                   Voltage
----                                   -------
vdd                                       1.08
cm                                         0.6
vd                                      -0.048
ap                                       0.576
an                                       0.624
clku                                         0
clk                                          0
ibn                                   0.286173
xa.x1.tmid                         3.42837e-06
xa.x1.tail                            0.569041
xa.x1.np                                  1.08
xa.x1.nn                                  1.08
xa.x1.ln                                  1.08
xa.x1.lp                                  1.08
xa.x1.lnb                          4.24113e-08
xa.x1.lpb                          4.09975e-08
xa.x1.na                                  1.08
doutb                              4.73777e-08
dout                                      1.08
xa.x1.nb                                  1.08
doutn                                        1
tcheck                                      27
pa_00                                  286.173
bpa_00#branch                                0
btchk#branch                                 0
bdoutn#branch                                0
bclk#branch                        1.23397e-10
ean#branch                         1.02193e-12
eap#branch                         1.34742e-12
vclku#branch                                 0
vd#branch                                    0
vcm#branch                         2.36935e-12
vsup#branch                       -2.00083e-05


No. of Data Rows : 12172

  Measurements for Transient Analysis

dlev0               =  3.88076e-06
dlev1               =  -7.05630e-06
dlev2               =  -7.13043e-06
dlev3               =  -6.97832e-06
dlev4               =  -6.67797e-06
dlev5               =  -1.78259e-06
dlev6               =  5.40315e-08
dlev7               =  4.64413e-07
dlev8               =  -1.23874e-06
dlev9               =  -3.05159e-06
dlev10              =  -2.32100e-06
dlev11              =  -1.75304e-06
dlev12              =  -3.35329e-06
dlev13              =  -2.30693e-06
dlev14              =  -2.16290e-06
dlev15              =  -3.00677e-06
dlev16              =  1.00000e+00
dlev17              =  1.00000e+00
dlev18              =  1.00000e+00
dlev19              =  1.00000e+00
dlev20              =  1.00000e+00
dlev21              =  1.00000e+00
dlev22              =  9.99997e-01
dlev23              =  1.00000e+00
dlev24              =  1.00000e+00
dlev25              =  9.99997e-01
dlev26              =  1.00000e+00
dlev27              =  1.00000e+00
dlev28              =  1.00000e+00
dlev29              =  1.00000e+00
dlev30              =  1.00000e+00
dlev31              =  9.99998e-01
dlev32              =  9.99997e-01
vdd_meas            =  1.08000e+00
temp_meas           =  2.70000e+01
vbias_mv            =  2.86173e+02
lowcount            =  1.60001e+01
vos_mv              =  -1.49983e+00

ngspice-46 done
