
Note: No compatibility mode selected!


Circuit: * klt sim -- generated corner deck, do not edit

Doing analysis at TEMP = -40.000000 and TNOM = 27.000000

Using SPARSE 1.3 as Direct Linear Solver

Initial Transient Solution
--------------------------

Node                                   Voltage
----                                   -------
vdd                                       1.08
cm                                         0.6
vd                                      -0.048
ap                                       0.576
an                                       0.624
clku                                         0
clk                                          0
ibn                                   0.287392
xa.x1.tmid                         2.43741e-07
xa.x1.tail                            0.565075
xa.x1.np                                  1.08
xa.x1.nn                                  1.08
xa.x1.ln                                  1.08
xa.x1.lp                                  1.08
xa.x1.lnb                          7.72975e-08
xa.x1.lpb                          7.83421e-08
xa.x1.na                                  1.08
doutb                              8.13073e-08
dout                                      1.08
xa.x1.nb                                  1.08
doutn                                        1
tcheck                                     -40
pa_00                                  287.392
bpa_00#branch                                0
btchk#branch                                 0
bdoutn#branch                                0
bclk#branch                        4.57146e-10
ean#branch                         1.04156e-12
eap#branch                         1.36821e-12
vclku#branch                                 0
vd#branch                                    0
vcm#branch                         2.40977e-12
vsup#branch                       -1.50016e-05


No. of Data Rows : 12186

  Measurements for Transient Analysis

dlev0               =  -3.32315e-06
dlev1               =  1.01066e-05
dlev2               =  1.02875e-05
dlev3               =  8.73532e-06
dlev4               =  8.13116e-06
dlev5               =  -8.28672e-07
dlev6               =  -6.83571e-07
dlev7               =  4.73599e-07
dlev8               =  5.62846e-06
dlev9               =  -5.21972e-07
dlev10              =  7.27231e-06
dlev11              =  7.97450e-06
dlev12              =  -9.20518e-07
dlev13              =  9.70301e-06
dlev14              =  -7.03531e-07
dlev15              =  2.75438e-06
dlev16              =  2.55746e-06
dlev17              =  4.95993e-06
dlev18              =  9.99997e-01
dlev19              =  1.00000e+00
dlev20              =  1.00000e+00
dlev21              =  1.00000e+00
dlev22              =  1.00000e+00
dlev23              =  1.00000e+00
dlev24              =  1.00000e+00
dlev25              =  1.00000e+00
dlev26              =  1.00000e+00
dlev27              =  1.00000e+00
dlev28              =  1.00000e+00
dlev29              =  1.00000e+00
dlev30              =  1.00000e+00
dlev31              =  1.00000e+00
dlev32              =  1.00000e+00
vdd_meas            =  1.08000e+00
temp_meas           =  -4.00000e+01
vbias_mv            =  2.87392e+02
lowcount            =  1.79999e+01
vos_mv              =  4.49977e+00

ngspice-46 done
