
Note: No compatibility mode selected!


Circuit: * klt sim -- generated corner deck, do not edit

Doing analysis at TEMP = 27.000000 and TNOM = 27.000000

Using SPARSE 1.3 as Direct Linear Solver

Initial Transient Solution
--------------------------

Node                                   Voltage
----                                   -------
vdd                                       1.08
cm                                         0.6
vd                                      -0.048
ap                                       0.576
an                                       0.624
clku                                         0
clk                                          0
ibn                                   0.309069
xa.x1.tmid                         1.18075e-06
xa.x1.tail                            0.554068
xa.x1.np                                  1.08
xa.x1.nn                                  1.08
xa.x1.ln                                  1.08
xa.x1.lp                                  1.08
xa.x1.lnb                          7.96111e-08
xa.x1.lpb                          8.98178e-08
xa.x1.na                               1.06878
doutb                                 0.557241
dout                                  0.556774
xa.x1.nb                               1.06923
doutn                                 0.515532
tcheck                                      27
pa_00                                  309.069
bpa_00#branch                                0
btchk#branch                                 0
bdoutn#branch                                0
bclk#branch                        2.14728e-10
ean#branch                         3.22103e-13
eap#branch                         4.27797e-13
vclku#branch                                 0
vd#branch                                    0
vcm#branch                           7.499e-13
vsup#branch                       -5.72461e-05


No. of Data Rows : 12129

  Measurements for Transient Analysis

dlev0               =  5.43356e-06
dlev1               =  6.82394e-07
dlev2               =  -6.09842e-06
dlev3               =  4.98498e-07
dlev4               =  -5.53751e-06
dlev5               =  -3.38157e-07
dlev6               =  -5.35568e-06
dlev7               =  -3.73242e-06
dlev8               =  3.43404e-08
dlev9               =  8.55006e-07
dlev10              =  -4.70802e-06
dlev11              =  -2.30572e-06
dlev12              =  -3.32201e-08
dlev13              =  -2.57072e-07
dlev14              =  -5.93651e-06
dlev15              =  -2.96956e-06
dlev16              =  1.00000e+00
dlev17              =  9.99998e-01
dlev18              =  1.00000e+00
dlev19              =  9.99998e-01
dlev20              =  1.00000e+00
dlev21              =  1.00000e+00
dlev22              =  1.00000e+00
dlev23              =  1.00000e+00
dlev24              =  1.00000e+00
dlev25              =  1.00000e+00
dlev26              =  1.00000e+00
dlev27              =  1.00000e+00
dlev28              =  1.00000e+00
dlev29              =  1.00000e+00
dlev30              =  9.99999e-01
dlev31              =  9.99998e-01
dlev32              =  1.00000e+00
vdd_meas            =  1.08000e+00
temp_meas           =  2.70000e+01
vbias_mv            =  3.09069e+02
lowcount            =  1.60000e+01
vos_mv              =  -1.49991e+00

ngspice-46 done
