
Note: No compatibility mode selected!


Circuit: * klt sim -- generated corner deck, do not edit

Doing analysis at TEMP = 27.000000 and TNOM = 27.000000

Using SPARSE 1.3 as Direct Linear Solver

Initial Transient Solution
--------------------------

Node                                   Voltage
----                                   -------
vdd                                       1.08
cm                                         0.6
vd                                      -0.048
ap                                       0.576
an                                       0.624
clku                                         0
clk                                          0
ibn                                   0.306828
xa.x1.tmid                         1.11104e-06
xa.x1.tail                              0.5288
xa.x1.np                                  1.08
xa.x1.nn                                  1.08
xa.x1.ln                                  1.08
xa.x1.lp                                  1.08
xa.x1.lnb                          7.65107e-08
xa.x1.lpb                          7.70126e-08
xa.x1.na                               1.06924
doutb                                 0.559284
dout                                  0.557205
xa.x1.nb                               1.06994
doutn                                  0.51593
tcheck                                      27
pa_00                                  306.828
bpa_00#branch                                0
btchk#branch                                 0
bdoutn#branch                                0
bclk#branch                        2.15278e-10
ean#branch                         3.19592e-13
eap#branch                         4.25687e-13
vclku#branch                                 0
vd#branch                                    0
vcm#branch                         7.45279e-13
vsup#branch                        -5.6273e-05


No. of Data Rows : 12101

  Measurements for Transient Analysis

dlev0               =  -7.03906e-06
dlev1               =  -7.10100e-06
dlev2               =  7.38221e-07
dlev3               =  9.21729e-07
dlev4               =  -6.58903e-06
dlev5               =  2.22248e-07
dlev6               =  -5.70509e-07
dlev7               =  8.57091e-07
dlev8               =  -7.64494e-07
dlev9               =  -1.70422e-06
dlev10              =  7.60265e-07
dlev11              =  -1.19890e-07
dlev12              =  -1.39128e-06
dlev13              =  5.37294e-07
dlev14              =  -1.10421e-07
dlev15              =  9.99999e-01
dlev16              =  1.00000e+00
dlev17              =  1.00000e+00
dlev18              =  1.00000e+00
dlev19              =  9.99999e-01
dlev20              =  9.99999e-01
dlev21              =  9.99998e-01
dlev22              =  1.00000e+00
dlev23              =  1.00000e+00
dlev24              =  1.00000e+00
dlev25              =  1.00000e+00
dlev26              =  1.00000e+00
dlev27              =  9.99999e-01
dlev28              =  9.99999e-01
dlev29              =  1.00000e+00
dlev30              =  1.00000e+00
dlev31              =  1.00000e+00
dlev32              =  1.00000e+00
vdd_meas            =  1.08000e+00
temp_meas           =  2.70000e+01
vbias_mv            =  3.06828e+02
lowcount            =  1.50000e+01
vos_mv              =  -4.49993e+00

ngspice-46 done
