
Note: No compatibility mode selected!


Circuit: * klt sim -- generated corner deck, do not edit

Doing analysis at TEMP = 125.000000 and TNOM = 27.000000

Using SPARSE 1.3 as Direct Linear Solver

Initial Transient Solution
--------------------------

Node                                   Voltage
----                                   -------
vdd                                       1.32
cm                                        0.55
vd                                      -0.048
ap                                       0.526
an                                       0.574
clku                                         0
clk                                          0
ibn                                   0.228826
xa.x1.tmid                         0.000150499
xa.x1.tail                            0.543926
xa.x1.np                               1.31995
xa.x1.nn                               1.31986
xa.x1.ln                                  1.32
xa.x1.lp                                  1.32
xa.x1.lnb                          1.70412e-06
xa.x1.lpb                          1.71946e-06
xa.x1.na                                  1.32
doutb                              2.41166e-06
dout                                   1.31999
xa.x1.nb                               1.31999
doutn                                  0.99999
tcheck                                     125
pa_00                                  228.826
bpa_00#branch                                0
btchk#branch                                 0
bdoutn#branch                                0
bclk#branch                        3.87392e-10
ean#branch                         9.68012e-12
eap#branch                         1.19594e-11
vclku#branch                                 0
vd#branch                                    0
vcm#branch                         2.16395e-11
vsup#branch                       -2.02839e-05


No. of Data Rows : 12301

  Measurements for Transient Analysis

dlev0               =  -6.24792e-07
dlev1               =  3.45900e-06
dlev2               =  2.22451e-06
dlev3               =  1.42821e-06
dlev4               =  -1.59158e-07
dlev5               =  -5.03810e-07
dlev6               =  2.57091e-06
dlev7               =  2.71545e-07
dlev8               =  -9.32821e-07
dlev9               =  -8.20136e-07
dlev10              =  7.92984e-07
dlev11              =  1.37769e-06
dlev12              =  9.95505e-07
dlev13              =  -3.63793e-07
dlev14              =  -7.84256e-07
dlev15              =  -1.18133e-07
dlev16              =  -6.89030e-07
dlev17              =  9.99990e-01
dlev18              =  9.99990e-01
dlev19              =  9.99990e-01
dlev20              =  9.99990e-01
dlev21              =  9.99991e-01
dlev22              =  9.99990e-01
dlev23              =  9.99991e-01
dlev24              =  9.99991e-01
dlev25              =  9.99991e-01
dlev26              =  9.99990e-01
dlev27              =  9.99991e-01
dlev28              =  9.99990e-01
dlev29              =  9.99990e-01
dlev30              =  9.99991e-01
dlev31              =  9.99991e-01
dlev32              =  9.99992e-01
vdd_meas            =  1.32000e+00
temp_meas           =  1.25000e+02
vbias_mv            =  2.28826e+02
lowcount            =  1.70001e+01
vos_mv              =  1.50043e+00
vcm_meas            =  5.50000e-01

ngspice-46 done
