
Note: No compatibility mode selected!


Circuit: * klt sim -- generated corner deck, do not edit

Doing analysis at TEMP = 125.000000 and TNOM = 27.000000

Using SPARSE 1.3 as Direct Linear Solver

Initial Transient Solution
--------------------------

Node                                   Voltage
----                                   -------
vdd                                        1.2
cm                                        0.55
vd                                      -0.048
ap                                       0.526
an                                       0.574
clku                                         0
clk                                          0
ibn                                   0.204971
xa.x1.tmid                         0.000300827
xa.x1.tail                            0.533718
xa.x1.np                               1.19993
xa.x1.nn                               1.19977
xa.x1.ln                                   1.2
xa.x1.lp                                   1.2
xa.x1.lnb                          1.94581e-05
xa.x1.lpb                          1.94946e-05
xa.x1.na                               1.19999
doutb                                  1.19998
dout                               3.30938e-05
xa.x1.nb                               1.19997
doutn                              2.75781e-05
tcheck                                     125
pa_00                                  204.971
bpa_00#branch                                0
btchk#branch                                 0
bdoutn#branch                                0
bclk#branch                        1.59621e-09
ean#branch                         1.14781e-11
eap#branch                          1.4416e-11
vclku#branch                                 0
vd#branch                                    0
vcm#branch                         2.58941e-11
vsup#branch                        -2.0671e-05


No. of Data Rows : 12140

  Measurements for Transient Analysis

dlev0               =  2.75126e-05
dlev1               =  2.43201e-05
dlev2               =  2.39753e-05
dlev3               =  2.86400e-05
dlev4               =  2.57195e-05
dlev5               =  2.50251e-05
dlev6               =  2.42922e-05
dlev7               =  2.35627e-05
dlev8               =  2.35323e-05
dlev9               =  2.38504e-05
dlev10              =  2.40975e-05
dlev11              =  3.18074e-05
dlev12              =  2.30899e-05
dlev13              =  2.58634e-05
dlev14              =  2.40161e-05
dlev15              =  2.37662e-05
dlev16              =  2.25677e-05
dlev17              =  9.99985e-01
dlev18              =  9.99984e-01
dlev19              =  9.99984e-01
dlev20              =  9.99986e-01
dlev21              =  9.99984e-01
dlev22              =  9.99985e-01
dlev23              =  9.99986e-01
dlev24              =  9.99985e-01
dlev25              =  9.99985e-01
dlev26              =  9.99984e-01
dlev27              =  9.99985e-01
dlev28              =  9.99985e-01
dlev29              =  9.99984e-01
dlev30              =  9.99984e-01
dlev31              =  9.99984e-01
dlev32              =  9.99985e-01
vdd_meas            =  1.20000e+00
temp_meas           =  1.25000e+02
vbias_mv            =  2.04971e+02
lowcount            =  1.69998e+01
vos_mv              =  1.49946e+00
vcm_meas            =  5.50000e-01

ngspice-46 done
