
Note: No compatibility mode selected!


Circuit: * klt sim -- generated corner deck, do not edit

Doing analysis at TEMP = -40.000000 and TNOM = 27.000000

Using SPARSE 1.3 as Direct Linear Solver

Initial Transient Solution
--------------------------

Node                                   Voltage
----                                   -------
vdd                                       1.32
cm                                         0.6
vd                                      -0.048
ap                                       0.576
an                                       0.624
clku                                         0
clk                                          0
ibn                                   0.317134
xa.x1.tmid                          3.6895e-08
xa.x1.tail                            0.571275
xa.x1.np                                  1.32
xa.x1.nn                                  1.32
xa.x1.ln                                  1.32
xa.x1.lp                                  1.32
xa.x1.lnb                          3.36221e-08
xa.x1.lpb                          3.37422e-08
xa.x1.na                                  1.32
doutb                              3.46313e-08
dout                                      1.32
xa.x1.nb                                  1.32
doutn                                        1
tcheck                                     -40
pa_00                                  317.134
bpa_00#branch                                0
btchk#branch                                 0
bdoutn#branch                                0
bclk#branch                        2.85817e-10
ean#branch                         8.22148e-13
eap#branch                         1.03062e-12
vclku#branch                                 0
vd#branch                                    0
vcm#branch                         1.85277e-12
vsup#branch                       -1.00007e-05


No. of Data Rows : 12264

  Measurements for Transient Analysis

dlev0               =  2.78504e-07
dlev1               =  -3.18784e-06
dlev2               =  -3.40085e-06
dlev3               =  -3.18159e-06
dlev4               =  -2.84584e-06
dlev5               =  -3.37768e-06
dlev6               =  -2.70576e-06
dlev7               =  -5.12503e-07
dlev8               =  -3.04573e-06
dlev9               =  -2.79232e-06
dlev10              =  -2.72265e-06
dlev11              =  -1.80696e-06
dlev12              =  -1.52840e-06
dlev13              =  -2.47695e-06
dlev14              =  4.30709e-07
dlev15              =  9.99999e-01
dlev16              =  1.00000e+00
dlev17              =  1.00000e+00
dlev18              =  1.00000e+00
dlev19              =  1.00000e+00
dlev20              =  1.00000e+00
dlev21              =  1.00000e+00
dlev22              =  1.00000e+00
dlev23              =  1.00000e+00
dlev24              =  9.99999e-01
dlev25              =  9.99999e-01
dlev26              =  1.00000e+00
dlev27              =  1.00000e+00
dlev28              =  1.00000e+00
dlev29              =  9.99999e-01
dlev30              =  9.99999e-01
dlev31              =  9.99999e-01
dlev32              =  9.99999e-01
vdd_meas            =  1.32000e+00
temp_meas           =  -4.00000e+01
vbias_mv            =  3.17134e+02
lowcount            =  1.50000e+01
vos_mv              =  -4.49990e+00

ngspice-46 done
