
Note: No compatibility mode selected!


Circuit: * klt sim -- generated corner deck, do not edit

Doing analysis at TEMP = 27.000000 and TNOM = 27.000000

Using SPARSE 1.3 as Direct Linear Solver

Initial Transient Solution
--------------------------

Node                                   Voltage
----                                   -------
vdd                                        1.2
cm                                         0.6
vd                                      -0.048
ap                                       0.576
an                                       0.624
clku                                         0
clk                                          0
ibn                                   0.353499
xa.x1.tmid                         7.89919e-08
xa.x1.tail                            0.547456
xa.x1.np                                   1.2
xa.x1.nn                                   1.2
xa.x1.ln                                   1.2
xa.x1.lp                                   1.2
xa.x1.lnb                          1.57757e-08
xa.x1.lpb                          1.68725e-08
xa.x1.na                               1.18939
doutb                                 0.621703
dout                                  0.607207
xa.x1.nb                                1.1901
doutn                                 0.506006
tcheck                                      27
pa_00                                  353.499
bpa_00#branch                                0
btchk#branch                                 0
bdoutn#branch                                0
bclk#branch                        9.47718e-11
ean#branch                         1.44135e-13
eap#branch                         1.86809e-13
vclku#branch                                 0
vd#branch                                    0
vcm#branch                         3.30944e-13
vsup#branch                       -5.43552e-05


No. of Data Rows : 12124

  Measurements for Transient Analysis

dlev0               =  1.74920e-06
dlev1               =  -9.29406e-07
dlev2               =  -5.93135e-06
dlev3               =  -8.71837e-06
dlev4               =  -3.03471e-06
dlev5               =  -2.76009e-06
dlev6               =  -1.16008e-05
dlev7               =  -1.11295e-05
dlev8               =  -1.15346e-05
dlev9               =  -1.14365e-05
dlev10              =  -1.04964e-05
dlev11              =  -9.08854e-06
dlev12              =  -9.32728e-07
dlev13              =  -7.65544e-06
dlev14              =  -3.38412e-07
dlev15              =  -7.99425e-06
dlev16              =  -1.19060e-06
dlev17              =  1.00000e+00
dlev18              =  9.99996e-01
dlev19              =  9.99996e-01
dlev20              =  9.99996e-01
dlev21              =  9.99996e-01
dlev22              =  9.99996e-01
dlev23              =  9.99995e-01
dlev24              =  9.99995e-01
dlev25              =  9.99999e-01
dlev26              =  9.99996e-01
dlev27              =  9.99996e-01
dlev28              =  9.99996e-01
dlev29              =  1.00000e+00
dlev30              =  9.99999e-01
dlev31              =  1.00000e+00
dlev32              =  9.99995e-01
vdd_meas            =  1.20000e+00
temp_meas           =  2.70000e+01
vbias_mv            =  3.53499e+02
lowcount            =  1.70001e+01
vos_mv              =  1.50045e+00

ngspice-46 done
