
Note: No compatibility mode selected!


Circuit: * klt sim -- generated corner deck, do not edit

Doing analysis at TEMP = 27.000000 and TNOM = 27.000000

Using SPARSE 1.3 as Direct Linear Solver

Initial Transient Solution
--------------------------

Node                                   Voltage
----                                   -------
vdd                                       1.08
cm                                         0.6
vd                                      -0.048
ap                                       0.576
an                                       0.624
clku                                         0
clk                                          0
ibn                                   0.309589
xa.x1.tmid                         1.19651e-06
xa.x1.tail                            0.531125
xa.x1.np                                  1.08
xa.x1.nn                                  1.08
xa.x1.ln                                  1.08
xa.x1.lp                                  1.08
xa.x1.lnb                          8.30975e-08
xa.x1.lpb                          8.08038e-08
xa.x1.na                                  1.08
doutb                              1.00195e-07
dout                                      1.08
xa.x1.nb                                  1.08
doutn                                        1
tcheck                                      27
pa_00                                  309.589
bpa_00#branch                                0
btchk#branch                                 0
bdoutn#branch                                0
bclk#branch                        2.13163e-10
ean#branch                         3.20063e-13
eap#branch                         4.25673e-13
vclku#branch                                 0
vd#branch                                    0
vcm#branch                         7.45737e-13
vsup#branch                       -2.00036e-05


No. of Data Rows : 12110

  Measurements for Transient Analysis

dlev0               =  -7.60982e-07
dlev1               =  -1.09335e-06
dlev2               =  -2.22442e-06
dlev3               =  -8.64512e-07
dlev4               =  -7.64614e-07
dlev5               =  -1.07913e-06
dlev6               =  -1.40749e-06
dlev7               =  -1.14377e-06
dlev8               =  2.51388e-07
dlev9               =  -2.44838e-07
dlev10              =  8.81709e-08
dlev11              =  2.25868e-07
dlev12              =  3.68546e-07
dlev13              =  3.49066e-07
dlev14              =  -1.48166e-06
dlev15              =  2.40842e-07
dlev16              =  1.45112e-07
dlev17              =  2.70596e-07
dlev18              =  2.25686e-07
dlev19              =  1.00000e+00
dlev20              =  1.00000e+00
dlev21              =  1.00000e+00
dlev22              =  1.00000e+00
dlev23              =  1.00000e+00
dlev24              =  1.00000e+00
dlev25              =  1.00000e+00
dlev26              =  1.00000e+00
dlev27              =  1.00000e+00
dlev28              =  1.00000e+00
dlev29              =  1.00000e+00
dlev30              =  1.00000e+00
dlev31              =  1.00000e+00
dlev32              =  1.00000e+00
vdd_meas            =  1.08000e+00
temp_meas           =  2.70000e+01
vbias_mv            =  3.09589e+02
lowcount            =  1.90000e+01
vos_mv              =  7.50003e+00

ngspice-46 done
