
Note: No compatibility mode selected!


Circuit: * klt sim -- generated corner deck, do not edit

Doing analysis at TEMP = 27.000000 and TNOM = 27.000000

Using SPARSE 1.3 as Direct Linear Solver

Initial Transient Solution
--------------------------

Node                                   Voltage
----                                   -------
vdd                                       1.08
cm                                         0.6
vd                                      -0.048
ap                                       0.576
an                                       0.624
clku                                         0
clk                                          0
ibn                                   0.297928
xa.x1.tmid                         5.08521e-07
xa.x1.tail                            0.584143
xa.x1.np                                  1.08
xa.x1.nn                                  1.08
xa.x1.ln                                  1.08
xa.x1.lp                                  1.08
xa.x1.lnb                          2.43933e-07
xa.x1.lpb                          2.34792e-07
xa.x1.na                               1.07013
doutb                                 0.585479
dout                                  0.586418
xa.x1.nb                               1.06979
doutn                                  0.54298
tcheck                                      27
pa_00                                  297.928
bpa_00#branch                                0
btchk#branch                                 0
bdoutn#branch                                0
bclk#branch                        3.82668e-10
ean#branch                         2.30649e-13
eap#branch                         3.07143e-13
vclku#branch                                 0
vd#branch                                    0
vcm#branch                         5.37792e-13
vsup#branch                       -4.99581e-05


No. of Data Rows : 12036

  Measurements for Transient Analysis

dlev0               =  3.38524e-06
dlev1               =  -4.66412e-06
dlev2               =  -1.43789e-07
dlev3               =  -1.66524e-06
dlev4               =  -5.30596e-06
dlev5               =  -2.01961e-06
dlev6               =  5.56671e-07
dlev7               =  1.29204e-06
dlev8               =  1.68419e-06
dlev9               =  2.09794e-06
dlev10              =  1.55305e-06
dlev11              =  1.90819e-06
dlev12              =  1.27134e-06
dlev13              =  1.40033e-06
dlev14              =  2.06869e-06
dlev15              =  1.00000e+00
dlev16              =  9.99999e-01
dlev17              =  1.00000e+00
dlev18              =  1.00000e+00
dlev19              =  1.00000e+00
dlev20              =  1.00000e+00
dlev21              =  1.00000e+00
dlev22              =  1.00000e+00
dlev23              =  9.99999e-01
dlev24              =  9.99999e-01
dlev25              =  9.99998e-01
dlev26              =  9.99997e-01
dlev27              =  9.99999e-01
dlev28              =  1.00000e+00
dlev29              =  9.99999e-01
dlev30              =  9.99999e-01
dlev31              =  1.00000e+00
dlev32              =  1.00000e+00
vdd_meas            =  1.08000e+00
temp_meas           =  2.70000e+01
vbias_mv            =  2.97928e+02
lowcount            =  1.50000e+01
vos_mv              =  -4.49999e+00

ngspice-46 done
