
Note: No compatibility mode selected!


Circuit: * klt sim -- generated corner deck, do not edit

Doing analysis at TEMP = 27.000000 and TNOM = 27.000000

Using SPARSE 1.3 as Direct Linear Solver

Initial Transient Solution
--------------------------

Node                                   Voltage
----                                   -------
vdd                                       1.32
cm                                         0.6
vd                                      -0.048
ap                                       0.576
an                                       0.624
clku                                         0
clk                                          0
ibn                                   0.330304
xa.x1.tmid                         3.58134e-07
xa.x1.tail                             0.59059
xa.x1.np                                  1.32
xa.x1.nn                                  1.32
xa.x1.ln                                  1.32
xa.x1.lp                                  1.32
xa.x1.lnb                          2.30368e-07
xa.x1.lpb                          2.27575e-07
xa.x1.na                               1.29329
doutb                                 0.704618
dout                                  0.700693
xa.x1.nb                               1.29452
doutn                                 0.530828
tcheck                                      27
pa_00                                  330.304
bpa_00#branch                                0
btchk#branch                                 0
bdoutn#branch                                0
bclk#branch                        7.65392e-10
ean#branch                         8.26866e-13
eap#branch                         1.03934e-12
vclku#branch                                 0
vd#branch                                    0
vcm#branch                          1.8662e-12
vsup#branch                       -0.000147586


No. of Data Rows : 12309

  Measurements for Transient Analysis

dlev0               =  -5.02654e-06
dlev1               =  -5.83678e-06
dlev2               =  -5.03296e-06
dlev3               =  -6.07669e-06
dlev4               =  -4.41372e-06
dlev5               =  -3.80521e-06
dlev6               =  -4.04636e-06
dlev7               =  -4.52063e-06
dlev8               =  -6.34156e-06
dlev9               =  -6.26816e-06
dlev10              =  -6.27539e-06
dlev11              =  -3.72544e-06
dlev12              =  -6.40887e-06
dlev13              =  -6.50433e-06
dlev14              =  -5.18476e-06
dlev15              =  -4.62622e-06
dlev16              =  -6.19396e-06
dlev17              =  9.99999e-01
dlev18              =  9.99998e-01
dlev19              =  9.99998e-01
dlev20              =  9.99998e-01
dlev21              =  9.99998e-01
dlev22              =  9.99999e-01
dlev23              =  9.99999e-01
dlev24              =  9.99999e-01
dlev25              =  9.99998e-01
dlev26              =  9.99998e-01
dlev27              =  9.99999e-01
dlev28              =  9.99998e-01
dlev29              =  9.99998e-01
dlev30              =  9.99998e-01
dlev31              =  9.99998e-01
dlev32              =  9.99998e-01
vdd_meas            =  1.32000e+00
temp_meas           =  2.70000e+01
vbias_mv            =  3.30304e+02
lowcount            =  1.70001e+01
vos_mv              =  1.50035e+00

ngspice-46 done
