
Note: No compatibility mode selected!


Circuit: * klt sim -- generated corner deck, do not edit

Doing analysis at TEMP = 27.000000 and TNOM = 27.000000

Using SPARSE 1.3 as Direct Linear Solver

Initial Transient Solution
--------------------------

Node                                   Voltage
----                                   -------
vdd                                        1.2
cm                                         0.6
vd                                      -0.048
ap                                       0.576
an                                       0.624
clku                                         0
clk                                          0
ibn                                   0.307972
xa.x1.tmid                          1.3641e-06
xa.x1.tail                            0.575228
xa.x1.np                                   1.2
xa.x1.nn                                   1.2
xa.x1.ln                                   1.2
xa.x1.lp                                   1.2
xa.x1.lnb                          9.76106e-08
xa.x1.lpb                          9.17155e-08
xa.x1.na                                   1.2
doutb                                      1.2
dout                               1.06012e-07
xa.x1.nb                                   1.2
doutn                              8.83432e-08
tcheck                                      27
pa_00                                  307.972
bpa_00#branch                                0
btchk#branch                                 0
bdoutn#branch                                0
bclk#branch                        3.09451e-10
ean#branch                         9.36445e-13
eap#branch                         1.19946e-12
vclku#branch                                 0
vd#branch                                    0
vcm#branch                          2.1359e-12
vsup#branch                       -2.00041e-05


No. of Data Rows : 12202

  Measurements for Transient Analysis

dlev0               =  2.11670e-06
dlev1               =  2.66759e-06
dlev2               =  6.28112e-07
dlev3               =  2.74077e-06
dlev4               =  -2.35532e-07
dlev5               =  2.80380e-06
dlev6               =  2.77625e-06
dlev7               =  -2.17669e-06
dlev8               =  -9.84493e-07
dlev9               =  8.71591e-07
dlev10              =  1.33353e-06
dlev11              =  1.89619e-06
dlev12              =  -2.59615e-06
dlev13              =  -1.96643e-06
dlev14              =  1.75967e-06
dlev15              =  1.97914e-06
dlev16              =  9.99999e-01
dlev17              =  9.99999e-01
dlev18              =  1.00000e+00
dlev19              =  1.00000e+00
dlev20              =  1.00000e+00
dlev21              =  1.00000e+00
dlev22              =  9.99999e-01
dlev23              =  9.99999e-01
dlev24              =  1.00000e+00
dlev25              =  1.00000e+00
dlev26              =  1.00000e+00
dlev27              =  1.00000e+00
dlev28              =  1.00000e+00
dlev29              =  1.00000e+00
dlev30              =  1.00000e+00
dlev31              =  9.99999e-01
dlev32              =  9.99999e-01
vdd_meas            =  1.20000e+00
temp_meas           =  2.70000e+01
vbias_mv            =  3.07972e+02
lowcount            =  1.60000e+01
vos_mv              =  -1.50003e+00

ngspice-46 done
