
Note: No compatibility mode selected!


Circuit: * klt sim -- generated corner deck, do not edit

Doing analysis at TEMP = 27.000000 and TNOM = 27.000000

Using SPARSE 1.3 as Direct Linear Solver

Initial Transient Solution
--------------------------

Node                                   Voltage
----                                   -------
vdd                                       1.08
cm                                         0.6
vd                                      -0.048
ap                                       0.576
an                                       0.624
clku                                         0
clk                                          0
ibn                                   0.333311
xa.x1.tmid                         3.46631e-07
xa.x1.tail                             0.56593
xa.x1.np                                  1.08
xa.x1.nn                                  1.08
xa.x1.ln                                  1.08
xa.x1.lp                                  1.08
xa.x1.lnb                          2.16651e-07
xa.x1.lpb                          2.52109e-07
xa.x1.na                               1.06808
doutb                                 0.590881
dout                                  0.569604
xa.x1.nb                               1.07033
doutn                                 0.527411
tcheck                                      27
pa_00                                  333.311
bpa_00#branch                                0
btchk#branch                                 0
bdoutn#branch                                0
bclk#branch                        3.85316e-10
ean#branch                         1.53266e-13
eap#branch                         2.04212e-13
vclku#branch                                 0
vd#branch                                    0
vcm#branch                         3.57478e-13
vsup#branch                       -6.08436e-05


No. of Data Rows : 12114

  Measurements for Transient Analysis

dlev0               =  -9.36438e-06
dlev1               =  -8.89036e-06
dlev2               =  -6.95683e-06
dlev3               =  -8.80181e-06
dlev4               =  -8.56844e-06
dlev5               =  -8.18459e-06
dlev6               =  -8.73513e-06
dlev7               =  -2.89231e-06
dlev8               =  -8.51224e-06
dlev9               =  -8.17907e-06
dlev10              =  -8.46448e-06
dlev11              =  -8.34832e-06
dlev12              =  -2.33826e-06
dlev13              =  -8.42932e-06
dlev14              =  -2.20126e-06
dlev15              =  -2.12881e-06
dlev16              =  -1.55791e-06
dlev17              =  9.99999e-01
dlev18              =  9.99997e-01
dlev19              =  9.99997e-01
dlev20              =  9.99997e-01
dlev21              =  9.99997e-01
dlev22              =  9.99997e-01
dlev23              =  9.99997e-01
dlev24              =  9.99997e-01
dlev25              =  9.99997e-01
dlev26              =  1.00000e+00
dlev27              =  9.99997e-01
dlev28              =  9.99997e-01
dlev29              =  9.99997e-01
dlev30              =  9.99997e-01
dlev31              =  9.99997e-01
dlev32              =  9.99997e-01
vdd_meas            =  1.08000e+00
temp_meas           =  2.70000e+01
vbias_mv            =  3.33311e+02
lowcount            =  1.70002e+01
vos_mv              =  1.50047e+00

ngspice-46 done
