
Note: No compatibility mode selected!


Circuit: * klt sim -- generated corner deck, do not edit

Doing analysis at TEMP = -40.000000 and TNOM = 27.000000

Using SPARSE 1.3 as Direct Linear Solver

Initial Transient Solution
--------------------------

Node                                   Voltage
----                                   -------
vdd                                       1.08
cm                                        0.55
vd                                      -0.048
ap                                       0.526
an                                       0.574
clku                                         0
clk                                          0
ibn                                   0.324698
xa.x1.tmid                         6.88379e-08
xa.x1.tail                            0.526838
xa.x1.np                                  1.08
xa.x1.nn                                  1.08
xa.x1.ln                                  1.08
xa.x1.lp                                  1.08
xa.x1.lnb                          1.71369e-08
xa.x1.lpb                          1.71246e-08
xa.x1.na                               1.07377
doutb                                 0.521947
dout                                  0.525997
xa.x1.nb                               1.07378
doutn                                 0.487034
tcheck                                     -40
pa_00                                  324.698
bpa_00#branch                                0
btchk#branch                                 0
bdoutn#branch                                0
bclk#branch                        8.22907e-11
ean#branch                         6.54976e-13
eap#branch                          8.4896e-13
vclku#branch                                 0
vd#branch                                    0
vcm#branch                         1.50394e-12
vsup#branch                       -4.13987e-05


No. of Data Rows : 12151

  Measurements for Transient Analysis

dlev0               =  -2.74659e-06
dlev1               =  1.35024e-06
dlev2               =  1.30697e-06
dlev3               =  -1.19989e-06
dlev4               =  3.12634e-07
dlev5               =  3.24364e-07
dlev6               =  -2.84225e-07
dlev7               =  -2.87559e-07
dlev8               =  -1.31960e-06
dlev9               =  8.95483e-07
dlev10              =  1.17125e-06
dlev11              =  2.69428e-07
dlev12              =  -8.17503e-06
dlev13              =  2.10870e-06
dlev14              =  -8.73295e-07
dlev15              =  2.28045e-06
dlev16              =  3.34925e-06
dlev17              =  2.50580e-06
dlev18              =  1.00000e+00
dlev19              =  1.00000e+00
dlev20              =  1.00000e+00
dlev21              =  1.00000e+00
dlev22              =  9.99996e-01
dlev23              =  1.00000e+00
dlev24              =  1.00000e+00
dlev25              =  1.00000e+00
dlev26              =  1.00000e+00
dlev27              =  1.00000e+00
dlev28              =  9.99999e-01
dlev29              =  1.00000e+00
dlev30              =  1.00000e+00
dlev31              =  1.00000e+00
dlev32              =  1.00000e+00
vdd_meas            =  1.08000e+00
temp_meas           =  -4.00000e+01
vbias_mv            =  3.24698e+02
lowcount            =  1.80000e+01
vos_mv              =  4.49998e+00
vcm_meas            =  5.50000e-01

ngspice-46 done
