
Note: No compatibility mode selected!


Circuit: * klt sim -- generated corner deck, do not edit

Doing analysis at TEMP = 27.000000 and TNOM = 27.000000

Using SPARSE 1.3 as Direct Linear Solver

Initial Transient Solution
--------------------------

Node                                   Voltage
----                                   -------
vdd                                       1.08
cm                                         0.6
vd                                      -0.048
ap                                       0.576
an                                       0.624
clku                                         0
clk                                          0
ibn                                   0.354129
xa.x1.tmid                         7.48745e-08
xa.x1.tail                             0.54495
xa.x1.np                                  1.08
xa.x1.nn                                  1.08
xa.x1.ln                                  1.08
xa.x1.lp                                  1.08
xa.x1.lnb                          1.48058e-08
xa.x1.lpb                          1.39826e-08
xa.x1.na                               1.07415
doutb                                 0.545654
dout                                  0.544187
xa.x1.nb                               1.07468
doutn                                 0.503877
tcheck                                      27
pa_00                                  354.129
bpa_00#branch                                0
btchk#branch                                 0
bdoutn#branch                                0
bclk#branch                        6.50394e-11
ean#branch                         7.23727e-14
eap#branch                         9.71445e-14
vclku#branch                                 0
vd#branch                                    0
vcm#branch                         1.69517e-13
vsup#branch                       -3.61672e-05


No. of Data Rows : 12081

  Measurements for Transient Analysis

dlev0               =  7.51145e-06
dlev1               =  5.36706e-06
dlev2               =  -4.92584e-08
dlev3               =  2.68469e-06
dlev4               =  3.00323e-06
dlev5               =  7.47649e-08
dlev6               =  1.83263e-06
dlev7               =  1.92067e-06
dlev8               =  3.55161e-06
dlev9               =  3.84694e-06
dlev10              =  3.70041e-06
dlev11              =  3.57774e-06
dlev12              =  1.42339e-08
dlev13              =  4.07946e-06
dlev14              =  4.70014e-06
dlev15              =  4.65258e-06
dlev16              =  -4.52740e-07
dlev17              =  1.00000e+00
dlev18              =  1.00000e+00
dlev19              =  1.00000e+00
dlev20              =  1.00000e+00
dlev21              =  1.00000e+00
dlev22              =  1.00000e+00
dlev23              =  1.00000e+00
dlev24              =  1.00000e+00
dlev25              =  1.00000e+00
dlev26              =  1.00000e+00
dlev27              =  1.00000e+00
dlev28              =  1.00000e+00
dlev29              =  1.00000e+00
dlev30              =  1.00000e+00
dlev31              =  1.00000e+00
dlev32              =  1.00000e+00
vdd_meas            =  1.08000e+00
temp_meas           =  2.70000e+01
vbias_mv            =  3.54129e+02
lowcount            =  1.69999e+01
vos_mv              =  1.49977e+00

ngspice-46 done
