
Note: No compatibility mode selected!


Circuit: * klt sim -- generated corner deck, do not edit

Doing analysis at TEMP = 125.000000 and TNOM = 27.000000

Using SPARSE 1.3 as Direct Linear Solver

Initial Transient Solution
--------------------------

Node                                   Voltage
----                                   -------
vdd                                       1.08
cm                                         0.6
vd                                      -0.048
ap                                       0.576
an                                       0.624
clku                                         0
clk                                          0
ibn                                   0.275227
xa.x1.tmid                         3.01606e-05
xa.x1.tail                            0.586352
xa.x1.np                               1.07999
xa.x1.nn                               1.07997
xa.x1.ln                                  1.08
xa.x1.lp                                  1.08
xa.x1.lnb                          1.06002e-05
xa.x1.lpb                          9.04238e-06
xa.x1.na                               1.06093
doutb                                 0.593345
dout                                  0.592971
xa.x1.nb                               1.06094
doutn                                 0.549048
tcheck                                     125
pa_00                                  275.227
bpa_00#branch                                0
btchk#branch                                 0
bdoutn#branch                                0
bclk#branch                          6.058e-10
ean#branch                         5.17558e-13
eap#branch                         6.88616e-13
vclku#branch                                 0
vd#branch                                    0
vcm#branch                         1.20617e-12
vsup#branch                       -8.83202e-05


No. of Data Rows : 12072

  Measurements for Transient Analysis

dlev0               =  1.26853e-05
dlev1               =  1.22326e-05
dlev2               =  1.20035e-05
dlev3               =  1.23797e-05
dlev4               =  1.24587e-05
dlev5               =  1.28604e-05
dlev6               =  1.39975e-05
dlev7               =  1.26533e-05
dlev8               =  1.26666e-05
dlev9               =  1.30686e-05
dlev10              =  1.22080e-05
dlev11              =  1.26428e-05
dlev12              =  1.27025e-05
dlev13              =  1.34095e-05
dlev14              =  1.28814e-05
dlev15              =  1.19981e-05
dlev16              =  9.99997e-01
dlev17              =  9.99998e-01
dlev18              =  9.99998e-01
dlev19              =  9.99997e-01
dlev20              =  9.99998e-01
dlev21              =  9.99997e-01
dlev22              =  9.99998e-01
dlev23              =  9.99997e-01
dlev24              =  9.99998e-01
dlev25              =  9.99997e-01
dlev26              =  9.99997e-01
dlev27              =  9.99997e-01
dlev28              =  9.99998e-01
dlev29              =  9.99998e-01
dlev30              =  9.99998e-01
dlev31              =  9.99998e-01
dlev32              =  9.99998e-01
vdd_meas            =  1.08000e+00
temp_meas           =  1.25000e+02
vbias_mv            =  2.75227e+02
lowcount            =  1.59998e+01
vos_mv              =  -1.50049e+00

ngspice-46 done
