
Note: No compatibility mode selected!


Circuit: * klt sim -- generated corner deck, do not edit

Doing analysis at TEMP = 125.000000 and TNOM = 27.000000

Using SPARSE 1.3 as Direct Linear Solver

Initial Transient Solution
--------------------------

Node                                   Voltage
----                                   -------
vdd                                       1.08
cm                                         0.6
vd                                      -0.048
ap                                       0.576
an                                       0.624
clku                                         0
clk                                          0
ibn                                   0.226459
xa.x1.tmid                         0.000170276
xa.x1.tail                            0.574853
xa.x1.np                               1.07994
xa.x1.nn                                1.0798
xa.x1.ln                                  1.08
xa.x1.lp                                  1.08
xa.x1.lnb                          1.58283e-06
xa.x1.lpb                          1.73372e-06
xa.x1.na                               1.07999
doutb                                  1.07999
dout                                2.3184e-06
xa.x1.nb                                  1.08
doutn                              2.14667e-06
tcheck                                     125
pa_00                                  226.459
bpa_00#branch                                0
btchk#branch                                 0
bdoutn#branch                                0
bclk#branch                        1.95294e-10
ean#branch                         2.28798e-12
eap#branch                         3.02328e-12
vclku#branch                                 0
vd#branch                                    0
vcm#branch                         5.31125e-12
vsup#branch                       -2.03084e-05


No. of Data Rows : 12047

  Measurements for Transient Analysis

dlev0               =  3.63723e-06
dlev1               =  9.88814e-08
dlev2               =  3.98570e-07
dlev3               =  4.11478e-06
dlev4               =  4.08179e-06
dlev5               =  4.05598e-06
dlev6               =  4.01972e-06
dlev7               =  4.75718e-06
dlev8               =  3.83039e-06
dlev9               =  1.87519e-06
dlev10              =  3.14722e-06
dlev11              =  3.95586e-06
dlev12              =  4.05358e-06
dlev13              =  3.89147e-06
dlev14              =  3.87622e-06
dlev15              =  4.40078e-06
dlev16              =  9.99989e-01
dlev17              =  9.99991e-01
dlev18              =  9.99989e-01
dlev19              =  9.99990e-01
dlev20              =  9.99989e-01
dlev21              =  9.99989e-01
dlev22              =  9.99989e-01
dlev23              =  9.99989e-01
dlev24              =  9.99989e-01
dlev25              =  9.99990e-01
dlev26              =  9.99990e-01
dlev27              =  9.99990e-01
dlev28              =  9.99990e-01
dlev29              =  9.99989e-01
dlev30              =  9.99989e-01
dlev31              =  9.99989e-01
dlev32              =  9.99989e-01
vdd_meas            =  1.08000e+00
temp_meas           =  1.25000e+02
vbias_mv            =  2.26459e+02
lowcount            =  1.60001e+01
vos_mv              =  -1.49964e+00

ngspice-46 done
