
Note: No compatibility mode selected!


Circuit: * klt sim -- generated corner deck, do not edit

Doing analysis at TEMP = -40.000000 and TNOM = 27.000000

Using SPARSE 1.3 as Direct Linear Solver

Initial Transient Solution
--------------------------

Node                                   Voltage
----                                   -------
vdd                                        1.2
cm                                        0.65
vd                                      -0.048
ap                                       0.626
an                                       0.674
clku                                         0
clk                                          0
ibn                                   0.298804
xa.x1.tmid                         2.20989e-07
xa.x1.tail                            0.610748
xa.x1.np                                   1.2
xa.x1.nn                                   1.2
xa.x1.ln                                   1.2
xa.x1.lp                                   1.2
xa.x1.lnb                           1.0692e-07
xa.x1.lpb                          9.50243e-08
xa.x1.na                               1.18203
doutb                                 0.629326
dout                                  0.619973
xa.x1.nb                               1.18253
doutn                                 0.516644
tcheck                                     -40
pa_00                                  298.804
bpa_00#branch                                0
btchk#branch                                 0
bdoutn#branch                                0
bclk#branch                        6.40312e-10
ean#branch                         1.51887e-12
eap#branch                         1.95055e-12
vclku#branch                                 0
vd#branch                                    0
vcm#branch                         3.46942e-12
vsup#branch                       -0.000114865


No. of Data Rows : 12263

  Measurements for Transient Analysis

dlev0               =  -2.01555e-06
dlev1               =  -7.68467e-07
dlev2               =  -3.77255e-06
dlev3               =  -3.62586e-06
dlev4               =  -3.70251e-06
dlev5               =  -1.01261e-06
dlev6               =  -3.96237e-06
dlev7               =  6.44397e-08
dlev8               =  1.04337e-07
dlev9               =  -1.94927e-07
dlev10              =  -4.81828e-06
dlev11              =  -4.71443e-06
dlev12              =  -5.47787e-06
dlev13              =  -4.87057e-06
dlev14              =  -3.94498e-06
dlev15              =  -4.80717e-06
dlev16              =  -3.70441e-07
dlev17              =  9.99999e-01
dlev18              =  9.99997e-01
dlev19              =  9.99996e-01
dlev20              =  9.99997e-01
dlev21              =  9.99996e-01
dlev22              =  9.99996e-01
dlev23              =  1.00000e+00
dlev24              =  9.99998e-01
dlev25              =  9.99998e-01
dlev26              =  9.99997e-01
dlev27              =  9.99997e-01
dlev28              =  9.99997e-01
dlev29              =  1.00000e+00
dlev30              =  1.00000e+00
dlev31              =  9.99997e-01
dlev32              =  1.00000e+00
vdd_meas            =  1.20000e+00
temp_meas           =  -4.00000e+01
vbias_mv            =  2.98804e+02
lowcount            =  1.70001e+01
vos_mv              =  1.50025e+00
vcm_meas            =  6.50000e-01

ngspice-46 done
