
Note: No compatibility mode selected!


Circuit: * klt sim -- generated corner deck, do not edit

Doing analysis at TEMP = 27.000000 and TNOM = 27.000000

Using SPARSE 1.3 as Direct Linear Solver

Initial Transient Solution
--------------------------

Node                                   Voltage
----                                   -------
vdd                                        1.2
cm                                         0.6
vd                                      -0.048
ap                                       0.576
an                                       0.624
clku                                         0
clk                                          0
ibn                                   0.331011
xa.x1.tmid                         3.18982e-07
xa.x1.tail                            0.542939
xa.x1.np                                   1.2
xa.x1.nn                                   1.2
xa.x1.ln                                   1.2
xa.x1.lp                                   1.2
xa.x1.lnb                           2.2365e-07
xa.x1.lpb                          2.38327e-07
xa.x1.na                                1.1824
doutb                                 0.649864
dout                                  0.647584
xa.x1.nb                                1.1836
doutn                                 0.539653
tcheck                                      27
pa_00                                  331.011
bpa_00#branch                                0
btchk#branch                                 0
bdoutn#branch                                0
bclk#branch                        5.54613e-10
ean#branch                         2.99469e-13
eap#branch                         3.86385e-13
vclku#branch                                 0
vd#branch                                    0
vcm#branch                         6.85854e-13
vsup#branch                       -9.46945e-05


No. of Data Rows : 12159

  Measurements for Transient Analysis

dlev0               =  5.88551e-06
dlev1               =  1.43289e-07
dlev2               =  2.09159e-07
dlev3               =  1.81822e-07
dlev4               =  5.51620e-06
dlev5               =  6.21415e-06
dlev6               =  1.32981e-06
dlev7               =  5.87196e-06
dlev8               =  1.45914e-07
dlev9               =  4.46699e-06
dlev10              =  4.02106e-06
dlev11              =  3.41834e-06
dlev12              =  7.14835e-08
dlev13              =  7.41466e-07
dlev14              =  3.68156e-06
dlev15              =  6.46997e-06
dlev16              =  1.08443e-06
dlev17              =  1.00000e+00
dlev18              =  1.00000e+00
dlev19              =  1.00000e+00
dlev20              =  1.00000e+00
dlev21              =  1.00000e+00
dlev22              =  1.00000e+00
dlev23              =  1.00000e+00
dlev24              =  1.00000e+00
dlev25              =  1.00000e+00
dlev26              =  1.00000e+00
dlev27              =  1.00000e+00
dlev28              =  1.00000e+00
dlev29              =  1.00000e+00
dlev30              =  1.00000e+00
dlev31              =  1.00000e+00
dlev32              =  1.00000e+00
vdd_meas            =  1.20000e+00
temp_meas           =  2.70000e+01
vbias_mv            =  3.31011e+02
lowcount            =  1.69999e+01
vos_mv              =  1.49980e+00

ngspice-46 done
