
Note: No compatibility mode selected!


Circuit: * klt sim -- generated corner deck, do not edit

Doing analysis at TEMP = 125.000000 and TNOM = 27.000000

Using SPARSE 1.3 as Direct Linear Solver
Note: Starting dynamic gmin stepping
Note: Dynamic gmin stepping completed

Initial Transient Solution
--------------------------

Node                                   Voltage
----                                   -------
vdd                                        1.2
cm                                         0.6
vd                                      -0.048
ap                                       0.576
an                                       0.624
clku                                         0
clk                                          0
ibn                                   0.226574
xa.x1.tmid                         0.000147256
xa.x1.tail                            0.545778
xa.x1.np                               1.19996
xa.x1.nn                               1.19985
xa.x1.ln                                   1.2
xa.x1.lp                                   1.2
xa.x1.lnb                          1.63343e-06
xa.x1.lpb                          1.51605e-06
xa.x1.na                               1.16845
doutb                                 0.582958
dout                                   0.57821
xa.x1.nb                               1.17089
doutn                                 0.481842
tcheck                                     125
pa_00                                  226.574
bpa_00#branch                                0
btchk#branch                                 0
bdoutn#branch                                0
bclk#branch                        2.76273e-10
ean#branch                         2.15644e-12
eap#branch                         2.75839e-12
vclku#branch                                 0
vd#branch                                    0
vcm#branch                         4.91483e-12
vsup#branch                       -0.000123082


No. of Data Rows : 12088

  Measurements for Transient Analysis

dlev0               =  1.18105e-06
dlev1               =  8.79414e-07
dlev2               =  1.36738e-06
dlev3               =  1.92036e-06
dlev4               =  2.15959e-06
dlev5               =  2.47877e-06
dlev6               =  1.62240e-06
dlev7               =  1.54582e-06
dlev8               =  9.23009e-07
dlev9               =  1.51678e-06
dlev10              =  1.14231e-06
dlev11              =  1.83943e-06
dlev12              =  8.78619e-07
dlev13              =  7.34445e-07
dlev14              =  1.53719e-06
dlev15              =  1.55326e-06
dlev16              =  2.09037e-06
dlev17              =  1.02830e-06
dlev18              =  9.99990e-01
dlev19              =  9.99990e-01
dlev20              =  9.99990e-01
dlev21              =  9.99990e-01
dlev22              =  9.99990e-01
dlev23              =  9.99990e-01
dlev24              =  9.99990e-01
dlev25              =  9.99990e-01
dlev26              =  9.99990e-01
dlev27              =  9.99990e-01
dlev28              =  9.99990e-01
dlev29              =  9.99990e-01
dlev30              =  9.99990e-01
dlev31              =  9.99990e-01
dlev32              =  9.99990e-01
vdd_meas            =  1.20000e+00
temp_meas           =  1.25000e+02
vbias_mv            =  2.26574e+02
lowcount            =  1.80001e+01
vos_mv              =  4.50038e+00

ngspice-46 done
