
Note: No compatibility mode selected!


Circuit: * klt sim -- generated corner deck, do not edit

Doing analysis at TEMP = -40.000000 and TNOM = 27.000000

Using SPARSE 1.3 as Direct Linear Solver
Note: Starting dynamic gmin stepping
Note: Dynamic gmin stepping completed

Initial Transient Solution
--------------------------

Node                                   Voltage
----                                   -------
vdd                                        1.2
cm                                        0.65
vd                                      -0.048
ap                                       0.626
an                                       0.674
clku                                         0
clk                                          0
ibn                                   0.342857
xa.x1.tmid                         2.61654e-08
xa.x1.tail                            0.615133
xa.x1.np                                   1.2
xa.x1.nn                                   1.2
xa.x1.ln                                   1.2
xa.x1.lp                                   1.2
xa.x1.lnb                          2.77901e-08
xa.x1.lpb                          2.64211e-08
xa.x1.na                                   1.2
doutb                              2.64036e-08
dout                                       1.2
xa.x1.nb                                   1.2
doutn                                        1
tcheck                                     -40
pa_00                                  342.857
bpa_00#branch                                0
btchk#branch                                 0
bdoutn#branch                                0
bclk#branch                        2.02703e-10
ean#branch                         3.48221e-13
eap#branch                         4.51805e-13
vclku#branch                                 0
vd#branch                                    0
vcm#branch                         8.00027e-13
vsup#branch                       -2.00005e-05


No. of Data Rows : 12306

  Measurements for Transient Analysis

dlev0               =  5.76131e-07
dlev1               =  -9.87097e-07
dlev2               =  2.72549e-06
dlev3               =  2.94166e-06
dlev4               =  4.53975e-06
dlev5               =  2.82740e-06
dlev6               =  -4.24321e-06
dlev7               =  1.26180e-07
dlev8               =  -8.79747e-07
dlev9               =  -5.71234e-07
dlev10              =  -3.58251e-06
dlev11              =  -7.19758e-07
dlev12              =  -6.48539e-07
dlev13              =  -1.95097e-06
dlev14              =  2.96358e-06
dlev15              =  -4.12331e-06
dlev16              =  6.74786e-07
dlev17              =  1.00000e+00
dlev18              =  9.99997e-01
dlev19              =  9.99998e-01
dlev20              =  9.99997e-01
dlev21              =  1.00000e+00
dlev22              =  9.99998e-01
dlev23              =  9.99999e-01
dlev24              =  9.99999e-01
dlev25              =  9.99998e-01
dlev26              =  9.99998e-01
dlev27              =  9.99999e-01
dlev28              =  9.99999e-01
dlev29              =  9.99999e-01
dlev30              =  9.99999e-01
dlev31              =  9.99999e-01
dlev32              =  9.99999e-01
vdd_meas            =  1.20000e+00
temp_meas           =  -4.00000e+01
vbias_mv            =  3.42857e+02
lowcount            =  1.70000e+01
vos_mv              =  1.50006e+00
vcm_meas            =  6.50000e-01

ngspice-46 done
