
Note: No compatibility mode selected!


Circuit: * klt sim -- generated corner deck, do not edit

Doing analysis at TEMP = 27.000000 and TNOM = 27.000000

Using SPARSE 1.3 as Direct Linear Solver

Initial Transient Solution
--------------------------

Node                                   Voltage
----                                   -------
vdd                                        1.2
cm                                         0.6
vd                                      -0.048
ap                                       0.576
an                                       0.624
clku                                         0
clk                                          0
ibn                                   0.272359
xa.x1.tmid                         3.27151e-06
xa.x1.tail                            0.578325
xa.x1.np                                   1.2
xa.x1.nn                                   1.2
xa.x1.ln                                   1.2
xa.x1.lp                                   1.2
xa.x1.lnb                          5.36234e-08
xa.x1.lpb                          5.01967e-08
xa.x1.na                                   1.2
doutb                                      1.2
dout                               5.60397e-08
xa.x1.nb                                   1.2
doutn                              4.66998e-08
tcheck                                      27
pa_00                                  272.359
bpa_00#branch                                0
btchk#branch                                 0
bdoutn#branch                                0
bclk#branch                        1.76549e-10
ean#branch                         1.94672e-12
eap#branch                         2.47874e-12
vclku#branch                                 0
vd#branch                                    0
vcm#branch                         4.42546e-12
vsup#branch                       -1.50071e-05


No. of Data Rows : 12201

  Measurements for Transient Analysis

dlev0               =  -2.36726e-06
dlev1               =  8.26950e-07
dlev2               =  1.26413e-06
dlev3               =  1.00586e-07
dlev4               =  5.43541e-07
dlev5               =  1.24262e-06
dlev6               =  -2.98829e-06
dlev7               =  -1.14447e-06
dlev8               =  5.41890e-07
dlev9               =  1.44839e-06
dlev10              =  1.31610e-06
dlev11              =  -2.57131e-06
dlev12              =  -5.60043e-07
dlev13              =  -8.84255e-07
dlev14              =  -3.47446e-07
dlev15              =  1.30379e-06
dlev16              =  -1.02882e-06
dlev17              =  -4.89713e-06
dlev18              =  1.00000e+00
dlev19              =  9.99998e-01
dlev20              =  9.99998e-01
dlev21              =  9.99998e-01
dlev22              =  1.00000e+00
dlev23              =  9.99999e-01
dlev24              =  1.00000e+00
dlev25              =  9.99999e-01
dlev26              =  1.00000e+00
dlev27              =  9.99999e-01
dlev28              =  9.99999e-01
dlev29              =  1.00000e+00
dlev30              =  9.99998e-01
dlev31              =  1.00000e+00
dlev32              =  1.00000e+00
vdd_meas            =  1.20000e+00
temp_meas           =  2.70000e+01
vbias_mv            =  2.72359e+02
lowcount            =  1.80000e+01
vos_mv              =  4.50006e+00

ngspice-46 done
