
Note: No compatibility mode selected!


Circuit: * klt sim -- generated corner deck, do not edit

Doing analysis at TEMP = -40.000000 and TNOM = 27.000000

Using SPARSE 1.3 as Direct Linear Solver

Initial Transient Solution
--------------------------

Node                                   Voltage
----                                   -------
vdd                                       1.08
cm                                        0.65
vd                                      -0.048
ap                                       0.626
an                                       0.674
clku                                         0
clk                                          0
ibn                                   0.298293
xa.x1.tmid                         2.19261e-07
xa.x1.tail                            0.608519
xa.x1.np                                  1.08
xa.x1.nn                                  1.08
xa.x1.ln                                  1.08
xa.x1.lp                                  1.08
xa.x1.lnb                          7.55323e-08
xa.x1.lpb                          7.55749e-08
xa.x1.na                               1.06858
doutb                                 0.560306
dout                                  0.562527
xa.x1.nb                                1.0685
doutn                                 0.520858
tcheck                                     -40
pa_00                                  298.293
bpa_00#branch                                0
btchk#branch                                 0
bdoutn#branch                                0
bclk#branch                        4.57901e-10
ean#branch                         7.74519e-13
eap#branch                         1.04045e-12
vclku#branch                                 0
vd#branch                                    0
vcm#branch                         1.81496e-12
vsup#branch                       -7.36422e-05


No. of Data Rows : 12237

  Measurements for Transient Analysis

dlev0               =  5.16551e-06
dlev1               =  8.42643e-06
dlev2               =  9.79572e-06
dlev3               =  8.65693e-06
dlev4               =  7.75085e-06
dlev5               =  9.14829e-06
dlev6               =  1.00491e-05
dlev7               =  1.12257e-05
dlev8               =  1.21864e-05
dlev9               =  9.34694e-06
dlev10              =  9.30815e-06
dlev11              =  1.08094e-05
dlev12              =  8.57208e-06
dlev13              =  1.14889e-05
dlev14              =  1.19618e-05
dlev15              =  8.06730e-06
dlev16              =  1.06738e-05
dlev17              =  1.00000e+00
dlev18              =  1.00000e+00
dlev19              =  1.00000e+00
dlev20              =  1.00000e+00
dlev21              =  1.00000e+00
dlev22              =  1.00000e+00
dlev23              =  1.00000e+00
dlev24              =  1.00000e+00
dlev25              =  1.00000e+00
dlev26              =  1.00000e+00
dlev27              =  1.00000e+00
dlev28              =  1.00000e+00
dlev29              =  1.00000e+00
dlev30              =  1.00000e+00
dlev31              =  1.00000e+00
dlev32              =  1.00000e+00
vdd_meas            =  1.08000e+00
temp_meas           =  -4.00000e+01
vbias_mv            =  2.98293e+02
lowcount            =  1.69998e+01
vos_mv              =  1.49937e+00
vcm_meas            =  6.50000e-01

ngspice-46 done
