
Note: No compatibility mode selected!


Circuit: * klt sim -- generated corner deck, do not edit

Doing analysis at TEMP = 125.000000 and TNOM = 27.000000

Using SPARSE 1.3 as Direct Linear Solver

Initial Transient Solution
--------------------------

Node                                   Voltage
----                                   -------
vdd                                        1.2
cm                                         0.6
vd                                      -0.048
ap                                       0.576
an                                       0.624
clku                                         0
clk                                          0
ibn                                   0.273181
xa.x1.tmid                         4.08891e-05
xa.x1.tail                            0.559711
xa.x1.np                               1.19999
xa.x1.nn                               1.19997
xa.x1.ln                                   1.2
xa.x1.lp                                   1.2
xa.x1.lnb                          1.08977e-05
xa.x1.lpb                          8.81221e-06
xa.x1.na                               1.17416
doutb                                 0.652619
dout                                  0.641741
xa.x1.nb                               1.17426
doutn                                 0.534784
tcheck                                     125
pa_00                                  273.181
bpa_00#branch                                0
btchk#branch                                 0
bdoutn#branch                                0
bclk#branch                        8.70801e-10
ean#branch                         6.68854e-13
eap#branch                         8.62657e-13
vclku#branch                                 0
vd#branch                                    0
vcm#branch                         1.53151e-12
vsup#branch                       -0.000129235


No. of Data Rows : 12062

  Measurements for Transient Analysis

dlev0               =  1.09277e-05
dlev1               =  8.26258e-06
dlev2               =  1.06592e-05
dlev3               =  1.10343e-05
dlev4               =  9.97931e-06
dlev5               =  9.12667e-06
dlev6               =  9.18389e-06
dlev7               =  8.81327e-06
dlev8               =  8.56628e-06
dlev9               =  9.81719e-06
dlev10              =  1.03643e-05
dlev11              =  8.83892e-06
dlev12              =  1.00956e-05
dlev13              =  1.03997e-05
dlev14              =  8.57840e-06
dlev15              =  9.99999e-01
dlev16              =  9.99999e-01
dlev17              =  9.99998e-01
dlev18              =  9.99998e-01
dlev19              =  9.99998e-01
dlev20              =  9.99999e-01
dlev21              =  9.99998e-01
dlev22              =  9.99998e-01
dlev23              =  9.99998e-01
dlev24              =  9.99998e-01
dlev25              =  9.99999e-01
dlev26              =  9.99999e-01
dlev27              =  1.00000e+00
dlev28              =  9.99999e-01
dlev29              =  9.99999e-01
dlev30              =  1.00000e+00
dlev31              =  9.99998e-01
dlev32              =  9.99998e-01
vdd_meas            =  1.20000e+00
temp_meas           =  1.25000e+02
vbias_mv            =  2.73181e+02
lowcount            =  1.49999e+01
vos_mv              =  -4.50036e+00

ngspice-46 done
