
Note: No compatibility mode selected!


Circuit: * klt sim -- generated corner deck, do not edit

Doing analysis at TEMP = -40.000000 and TNOM = 27.000000

Using SPARSE 1.3 as Direct Linear Solver

Initial Transient Solution
--------------------------

Node                                   Voltage
----                                   -------
vdd                                       1.32
cm                                         0.6
vd                                      -0.048
ap                                       0.576
an                                       0.624
clku                                         0
clk                                          0
ibn                                   0.321246
xa.x1.tmid                         7.56617e-08
xa.x1.tail                             0.57064
xa.x1.np                                  1.32
xa.x1.nn                                  1.32
xa.x1.ln                                  1.32
xa.x1.lp                                  1.32
xa.x1.lnb                          3.07336e-08
xa.x1.lpb                          3.23728e-08
xa.x1.na                                  1.32
doutb                              3.39197e-08
dout                                      1.32
xa.x1.nb                                  1.32
doutn                                        1
tcheck                                     -40
pa_00                                  321.246
bpa_00#branch                                0
btchk#branch                                 0
bdoutn#branch                                0
bclk#branch                        1.63935e-10
ean#branch                          1.6839e-12
eap#branch                         2.09943e-12
vclku#branch                                 0
vd#branch                                    0
vcm#branch                         3.78333e-12
vsup#branch                       -2.00008e-05


No. of Data Rows : 12323

  Measurements for Transient Analysis

dlev0               =  7.39373e-07
dlev1               =  -2.65105e-07
dlev2               =  -8.52406e-07
dlev3               =  -4.67477e-07
dlev4               =  -3.93259e-06
dlev5               =  -5.34509e-06
dlev6               =  -2.51428e-06
dlev7               =  -7.34777e-06
dlev8               =  -2.71674e-06
dlev9               =  -2.16599e-07
dlev10              =  -3.74726e-08
dlev11              =  -3.07887e-06
dlev12              =  -2.73571e-07
dlev13              =  2.44888e-08
dlev14              =  1.60058e-07
dlev15              =  -2.74159e-06
dlev16              =  2.12089e-07
dlev17              =  1.00000e+00
dlev18              =  1.00000e+00
dlev19              =  1.00000e+00
dlev20              =  9.99999e-01
dlev21              =  1.00000e+00
dlev22              =  9.99998e-01
dlev23              =  9.99999e-01
dlev24              =  9.99999e-01
dlev25              =  1.00000e+00
dlev26              =  9.99999e-01
dlev27              =  1.00000e+00
dlev28              =  9.99999e-01
dlev29              =  9.99999e-01
dlev30              =  9.99999e-01
dlev31              =  9.99999e-01
dlev32              =  1.00000e+00
vdd_meas            =  1.32000e+00
temp_meas           =  -4.00000e+01
vbias_mv            =  3.21246e+02
lowcount            =  1.70000e+01
vos_mv              =  1.50010e+00
vcm_meas            =  6.00000e-01

ngspice-46 done
