
Note: No compatibility mode selected!


Circuit: * klt sim -- generated corner deck, do not edit

Doing analysis at TEMP = 125.000000 and TNOM = 27.000000

Using SPARSE 1.3 as Direct Linear Solver

Initial Transient Solution
--------------------------

Node                                   Voltage
----                                   -------
vdd                                       1.08
cm                                         0.6
vd                                      -0.048
ap                                       0.576
an                                       0.624
clku                                         0
clk                                          0
ibn                                   0.294067
xa.x1.tmid                         1.30633e-05
xa.x1.tail                            0.532505
xa.x1.np                                  1.08
xa.x1.nn                               1.07998
xa.x1.ln                                  1.08
xa.x1.lp                                  1.08
xa.x1.lnb                          7.71876e-07
xa.x1.lpb                          7.16357e-07
xa.x1.na                               1.06813
doutb                                 0.553246
dout                                  0.558222
xa.x1.nb                               1.06696
doutn                                 0.516872
tcheck                                     125
pa_00                                  294.067
bpa_00#branch                                0
btchk#branch                                 0
bdoutn#branch                                0
bclk#branch                        1.00182e-10
ean#branch                         1.61413e-13
eap#branch                         2.16979e-13
vclku#branch                                 0
vd#branch                                    0
vcm#branch                         3.78392e-13
vsup#branch                       -5.38505e-05


No. of Data Rows : 11977

  Measurements for Transient Analysis

dlev0               =  7.14059e-06
dlev1               =  1.24921e-06
dlev2               =  6.39905e-06
dlev3               =  1.29088e-06
dlev4               =  4.38317e-06
dlev5               =  5.80777e-06
dlev6               =  5.86556e-06
dlev7               =  1.38734e-06
dlev8               =  1.90306e-06
dlev9               =  1.95582e-06
dlev10              =  1.29955e-06
dlev11              =  1.54569e-06
dlev12              =  1.73395e-06
dlev13              =  1.67627e-06
dlev14              =  7.57720e-06
dlev15              =  1.77852e-06
dlev16              =  1.76660e-06
dlev17              =  1.78015e-06
dlev18              =  9.99998e-01
dlev19              =  9.99999e-01
dlev20              =  1.00000e+00
dlev21              =  9.99999e-01
dlev22              =  9.99999e-01
dlev23              =  9.99999e-01
dlev24              =  1.00000e+00
dlev25              =  9.99999e-01
dlev26              =  9.99999e-01
dlev27              =  1.00000e+00
dlev28              =  9.99999e-01
dlev29              =  9.99999e-01
dlev30              =  9.99999e-01
dlev31              =  9.99999e-01
dlev32              =  9.99999e-01
vdd_meas            =  1.08000e+00
temp_meas           =  1.25000e+02
vbias_mv            =  2.94067e+02
lowcount            =  1.80000e+01
vos_mv              =  4.49985e+00

ngspice-46 done
