
Note: No compatibility mode selected!


Circuit: * klt sim -- generated corner deck, do not edit

Doing analysis at TEMP = -40.000000 and TNOM = 27.000000

Using SPARSE 1.3 as Direct Linear Solver
Note: Starting dynamic gmin stepping
Note: Dynamic gmin stepping completed

Initial Transient Solution
--------------------------

Node                                   Voltage
----                                   -------
vdd                                       1.32
cm                                         0.6
vd                                      -0.048
ap                                       0.576
an                                       0.624
clku                                         0
clk                                          0
ibn                                   0.337781
xa.x1.tmid                         7.79656e-09
xa.x1.tail                            0.582605
xa.x1.np                                  1.32
xa.x1.nn                                  1.32
xa.x1.ln                                  1.32
xa.x1.lp                                  1.32
xa.x1.lnb                          5.11936e-08
xa.x1.lpb                          5.05923e-08
xa.x1.na                                  1.32
doutb                               5.2117e-08
dout                                      1.32
xa.x1.nb                                  1.32
doutn                                        1
tcheck                                     -40
pa_00                                  337.781
bpa_00#branch                                0
btchk#branch                                 0
bdoutn#branch                                0
bclk#branch                        5.06899e-10
ean#branch                         4.01568e-13
eap#branch                         5.05818e-13
vclku#branch                                 0
vd#branch                                    0
vcm#branch                         9.07385e-13
vsup#branch                        -1.0001e-05


No. of Data Rows : 12228

  Measurements for Transient Analysis

dlev0               =  -1.44704e-06
dlev1               =  -1.53806e-06
dlev2               =  -1.02008e-06
dlev3               =  -3.84678e-06
dlev4               =  -4.14485e-06
dlev5               =  -4.02668e-06
dlev6               =  -4.16362e-06
dlev7               =  -4.20019e-06
dlev8               =  3.29308e-07
dlev9               =  3.68634e-07
dlev10              =  3.14967e-07
dlev11              =  -2.49194e-06
dlev12              =  -3.74745e-06
dlev13              =  5.19891e-07
dlev14              =  -3.29900e-06
dlev15              =  -3.48501e-06
dlev16              =  -3.43030e-06
dlev17              =  9.05294e-07
dlev18              =  1.00000e+00
dlev19              =  1.00000e+00
dlev20              =  1.00000e+00
dlev21              =  1.00000e+00
dlev22              =  1.00000e+00
dlev23              =  9.99999e-01
dlev24              =  1.00000e+00
dlev25              =  1.00000e+00
dlev26              =  9.99999e-01
dlev27              =  1.00000e+00
dlev28              =  1.00000e+00
dlev29              =  9.99998e-01
dlev30              =  9.99999e-01
dlev31              =  1.00000e+00
dlev32              =  1.00000e+00
vdd_meas            =  1.32000e+00
temp_meas           =  -4.00000e+01
vbias_mv            =  3.37781e+02
lowcount            =  1.80000e+01
vos_mv              =  4.50013e+00

ngspice-46 done
