
Note: No compatibility mode selected!


Circuit: * klt sim -- generated corner deck, do not edit

Doing analysis at TEMP = 27.000000 and TNOM = 27.000000

Using SPARSE 1.3 as Direct Linear Solver

Initial Transient Solution
--------------------------

Node                                   Voltage
----                                   -------
vdd                                       1.32
cm                                         0.6
vd                                      -0.048
ap                                       0.576
an                                       0.624
clku                                         0
clk                                          0
ibn                                   0.250077
xa.x1.tmid                         7.61844e-06
xa.x1.tail                            0.581247
xa.x1.np                                  1.32
xa.x1.nn                               1.31999
xa.x1.ln                                  1.32
xa.x1.lp                                  1.32
xa.x1.lnb                          7.09138e-07
xa.x1.lpb                          5.78886e-07
xa.x1.na                               1.28474
doutb                                  0.66707
dout                                  0.672587
xa.x1.nb                               1.28401
doutn                                 0.509535
tcheck                                      27
pa_00                                  250.077
bpa_00#branch                                0
btchk#branch                                 0
bdoutn#branch                                0
bclk#branch                        1.37071e-09
ean#branch                         7.10526e-12
eap#branch                         8.79993e-12
vclku#branch                                 0
vd#branch                                    0
vcm#branch                         1.59052e-11
vsup#branch                       -0.000212597


No. of Data Rows : 12330

  Measurements for Transient Analysis

dlev0               =  -4.53008e-06
dlev1               =  -4.31083e-06
dlev2               =  1.73244e-06
dlev3               =  -1.37495e-06
dlev4               =  -2.45895e-06
dlev5               =  -2.02462e-06
dlev6               =  -1.43722e-06
dlev7               =  -2.00187e-06
dlev8               =  -1.66671e-06
dlev9               =  -2.15407e-06
dlev10              =  -6.31712e-06
dlev11              =  7.62954e-07
dlev12              =  -1.58080e-06
dlev13              =  -1.44056e-06
dlev14              =  -5.56291e-06
dlev15              =  -1.11750e-06
dlev16              =  -3.04817e-06
dlev17              =  -3.65764e-07
dlev18              =  1.00000e+00
dlev19              =  9.99998e-01
dlev20              =  1.00000e+00
dlev21              =  1.00000e+00
dlev22              =  9.99999e-01
dlev23              =  1.00000e+00
dlev24              =  9.99998e-01
dlev25              =  1.00000e+00
dlev26              =  9.99997e-01
dlev27              =  9.99999e-01
dlev28              =  9.99998e-01
dlev29              =  9.99999e-01
dlev30              =  1.00000e+00
dlev31              =  9.99999e-01
dlev32              =  9.99998e-01
vdd_meas            =  1.32000e+00
temp_meas           =  2.70000e+01
vbias_mv            =  2.50077e+02
lowcount            =  1.80001e+01
vos_mv              =  4.50015e+00

ngspice-46 done
