
Note: No compatibility mode selected!


Circuit: * klt sim -- generated corner deck, do not edit

Doing analysis at TEMP = -40.000000 and TNOM = 27.000000

Using SPARSE 1.3 as Direct Linear Solver

Initial Transient Solution
--------------------------

Node                                   Voltage
----                                   -------
vdd                                       1.32
cm                                        0.55
vd                                      -0.048
ap                                       0.526
an                                       0.574
clku                                         0
clk                                          0
ibn                                    0.30043
xa.x1.tmid                         1.89766e-07
xa.x1.tail                            0.527701
xa.x1.np                                  1.32
xa.x1.nn                                  1.32
xa.x1.ln                                  1.32
xa.x1.lp                                  1.32
xa.x1.lnb                          1.20837e-07
xa.x1.lpb                          1.24054e-07
xa.x1.na                               1.29216
doutb                                 0.684521
dout                                  0.683446
xa.x1.nb                               1.29262
doutn                                 0.517762
tcheck                                     -40
pa_00                                   300.43
bpa_00#branch                                0
btchk#branch                                 0
bdoutn#branch                                0
bclk#branch                        8.89668e-10
ean#branch                         4.30264e-12
eap#branch                         5.29479e-12
vclku#branch                                 0
vd#branch                                    0
vcm#branch                         9.59743e-12
vsup#branch                       -0.000181408


No. of Data Rows : 12441

  Measurements for Transient Analysis

dlev0               =  8.37044e-06
dlev1               =  -2.38907e-06
dlev2               =  -7.51613e-07
dlev3               =  -1.62548e-06
dlev4               =  1.29929e-06
dlev5               =  1.76588e-06
dlev6               =  1.68675e-06
dlev7               =  2.60843e-06
dlev8               =  9.89512e-07
dlev9               =  1.78405e-06
dlev10              =  2.97095e-06
dlev11              =  3.56556e-06
dlev12              =  3.19527e-06
dlev13              =  3.23544e-06
dlev14              =  2.38856e-06
dlev15              =  3.24076e-06
dlev16              =  1.00000e+00
dlev17              =  1.00000e+00
dlev18              =  1.00000e+00
dlev19              =  1.00000e+00
dlev20              =  1.00000e+00
dlev21              =  1.00000e+00
dlev22              =  1.00000e+00
dlev23              =  1.00000e+00
dlev24              =  9.99999e-01
dlev25              =  1.00000e+00
dlev26              =  1.00000e+00
dlev27              =  1.00000e+00
dlev28              =  1.00000e+00
dlev29              =  1.00000e+00
dlev30              =  9.99999e-01
dlev31              =  9.99999e-01
dlev32              =  9.99999e-01
vdd_meas            =  1.32000e+00
temp_meas           =  -4.00000e+01
vbias_mv            =  3.00430e+02
lowcount            =  1.60000e+01
vos_mv              =  -1.50014e+00
vcm_meas            =  5.50000e-01

ngspice-46 done
