
Note: No compatibility mode selected!


Circuit: * klt sim -- generated corner deck, do not edit

Doing analysis at TEMP = -40.000000 and TNOM = 27.000000

Using SPARSE 1.3 as Direct Linear Solver

Initial Transient Solution
--------------------------

Node                                   Voltage
----                                   -------
vdd                                       1.08
cm                                         0.6
vd                                      -0.048
ap                                       0.576
an                                       0.624
clku                                         0
clk                                          0
ibn                                   0.345706
xa.x1.tmid                         2.35613e-08
xa.x1.tail                            0.567755
xa.x1.np                                  1.08
xa.x1.nn                                  1.08
xa.x1.ln                                  1.08
xa.x1.lp                                  1.08
xa.x1.lnb                          2.08812e-08
xa.x1.lpb                          2.15364e-08
xa.x1.na                                  1.08
doutb                              2.18701e-08
dout                                      1.08
xa.x1.nb                                  1.08
doutn                                        1
tcheck                                     -40
pa_00                                  345.706
bpa_00#branch                                0
btchk#branch                                 0
bdoutn#branch                                0
bclk#branch                        1.43435e-10
ean#branch                         2.34368e-13
eap#branch                         3.11112e-13
vclku#branch                                 0
vd#branch                                    0
vcm#branch                          5.4548e-13
vsup#branch                       -2.00004e-05


No. of Data Rows : 12159

  Measurements for Transient Analysis

dlev0               =  7.39381e-06
dlev1               =  -1.94681e-06
dlev2               =  2.60315e-06
dlev3               =  2.50158e-06
dlev4               =  2.20383e-06
dlev5               =  -1.81902e-07
dlev6               =  1.57097e-06
dlev7               =  -4.19161e-07
dlev8               =  -3.87458e-07
dlev9               =  -8.26532e-07
dlev10              =  -4.06607e-06
dlev11              =  -2.62058e-07
dlev12              =  -1.18447e-06
dlev13              =  2.44645e-06
dlev14              =  3.17616e-06
dlev15              =  -1.77447e-06
dlev16              =  -2.00806e-06
dlev17              =  9.99997e-01
dlev18              =  1.00000e+00
dlev19              =  1.00000e+00
dlev20              =  1.00000e+00
dlev21              =  1.00000e+00
dlev22              =  1.00000e+00
dlev23              =  1.00000e+00
dlev24              =  1.00000e+00
dlev25              =  9.99999e-01
dlev26              =  1.00000e+00
dlev27              =  1.00000e+00
dlev28              =  1.00000e+00
dlev29              =  1.00000e+00
dlev30              =  9.99997e-01
dlev31              =  1.00000e+00
dlev32              =  1.00000e+00
vdd_meas            =  1.08000e+00
temp_meas           =  -4.00000e+01
vbias_mv            =  3.45706e+02
lowcount            =  1.70000e+01
vos_mv              =  1.49997e+00

ngspice-46 done
