
Note: No compatibility mode selected!


Circuit: * klt sim -- generated corner deck, do not edit

Doing analysis at TEMP = -40.000000 and TNOM = 27.000000

Using SPARSE 1.3 as Direct Linear Solver
Note: Starting dynamic gmin stepping
Note: Dynamic gmin stepping completed

Initial Transient Solution
--------------------------

Node                                   Voltage
----                                   -------
vdd                                       1.08
vdda                                      1.08
clku                                         0
clk                                          0
cm                                         0.6
sa                                       -0.05
apa                                      0.575
ana                                      0.625
ibna                                  0.402978
xa.x1.tmid                         4.17268e-09
xa.x1.tail                            0.578975
xa.x1.np                                  1.08
xa.x1.nn                                  1.08
xa.x1.ln                                  1.08
xa.x1.lp                                  1.08
xa.x1.lnb                          3.62246e-08
xa.x1.lpb                          3.62246e-08
xa.x1.na                               1.07448
doutba                                0.587633
douta                                 0.587633
xa.x1.nb                               1.07448
sb                                      -0.001
apb                                     0.5995
anb                                     0.6005
ibnb                                  0.402978
xb.x1.tmid                         4.14323e-09
xb.x1.tail                            0.569605
xb.x1.np                                  1.08
xb.x1.nn                                  1.08
xb.x1.ln                                  1.08
xb.x1.lp                                  1.08
xb.x1.lnb                          3.62246e-08
xb.x1.lpb                          3.62246e-08
xb.x1.na                               1.07448
doutbb                                0.587633
doutb                                 0.587633
xb.x1.nb                               1.07448
sc                                     -0.0001
apc                                    0.59995
anc                                    0.60005
ibnc                                  0.402978
xc.x1.tmid                         4.14321e-09
xc.x1.tail                              0.5696
xc.x1.np                                  1.08
xc.x1.nn                                  1.08
xc.x1.ln                                  1.08
xc.x1.lp                                  1.08
xc.x1.lnb                          3.62246e-08
xc.x1.lpb                          3.62246e-08
xc.x1.na                               1.07448
doutbc                                0.587633
doutc                                 0.587633
xc.x1.nb                               1.07448
clkn                                         0
dan                                   0.544105
dbn                                   0.544105
dcn                                   0.544105
tcheck                                     -40
pa_00                              6.81506e-05
bpa_00#branch                                0
vsupa#branch                      -6.31024e-05
btchk#branch                                 0
bdcn#branch                                  0
bdbn#branch                                  0
bdan#branch                                  0
bclkn#branch                                 0
bclk#branch                        7.63629e-10
eanc#branch                        1.28897e-13
eapc#branch                        1.28952e-13
eanb#branch                        1.28592e-13
eapb#branch                        1.29313e-13
eana#branch                        1.10884e-13
eapa#branch                        1.49547e-13
vsc#branch                                   0
vsb#branch                                   0
vsa#branch                                   0
vcm#branch                         7.76185e-13
vclku#branch                                 0
vsup#branch                       -0.000126205


No. of Data Rows : 12042

  Measurements for Transient Analysis

vdd_meas            =  1.08000e+00
vdda_meas           =  1.08000e+00
temp_meas           =  -4.00000e+01
td_a                =  5.28452e-10 targ=  4.05785e-08 trig=  4.00500e-08
td_b                =  8.00828e-10 targ=  4.08508e-08 trig=  4.00500e-08
td_c                =  9.86046e-10 targ=  4.10360e-08 trig=  4.00500e-08
dout_od50_first     =  1.79416e-08
dout_od1_first      =  1.57705e-08
dout_od01_first     =  1.57158e-08
dout_od50_end       =  1.00000e+00
dout_od1_end        =  1.00000e+00
dout_od01_end       =  1.00000e+00
td_od50_ns          =  5.28452e-01
td_od1_ns           =  8.00828e-01
td_od01_ns          =  9.86046e-01
tau_ps              =  8.04394e+01
resolve_decades     =  9.95567e+00
i_stat              =  -4.02192e-05 from=  2.50000e-08 to=  2.90025e-08
i_static_ua         =  4.02192e+01
p_avg               =  4.96009e-05 from=  3.00000e-08 to=  6.00000e-08
p_avg_uw            =  4.96009e+01
vref_v              =  4.02978e-01
tmid_eval_v         =  1.11566e-01

ngspice-46 done
