
Note: No compatibility mode selected!


Circuit: * klt sim -- generated corner deck, do not edit

Doing analysis at TEMP = -40.000000 and TNOM = 27.000000

Using SPARSE 1.3 as Direct Linear Solver

Initial Transient Solution
--------------------------

Node                                   Voltage
----                                   -------
vdd                                       1.32
cm                                         0.6
vd                                      -0.048
ap                                       0.576
an                                       0.624
clku                                         0
clk                                          0
ibn                                   0.369834
xa.x1.tmid                         5.40745e-09
xa.x1.tail                            0.582874
xa.x1.np                                  1.32
xa.x1.nn                                  1.32
xa.x1.ln                                  1.32
xa.x1.lp                                  1.32
xa.x1.lnb                          4.85978e-08
xa.x1.lpb                          4.74625e-08
xa.x1.na                               1.30192
doutb                                 0.705527
dout                                  0.714134
xa.x1.nb                               1.30017
doutn                                  0.54101
tcheck                                     -40
pa_00                                  369.834
bpa_00#branch                                0
btchk#branch                                 0
bdoutn#branch                                0
bclk#branch                        5.06105e-10
ean#branch                         4.01956e-13
eap#branch                         5.06206e-13
vclku#branch                                 0
vd#branch                                    0
vcm#branch                         9.08162e-13
vsup#branch                       -0.000121058


No. of Data Rows : 12407

  Measurements for Transient Analysis

dlev0               =  -4.06888e-06
dlev1               =  -1.92561e-06
dlev2               =  -2.58230e-06
dlev3               =  -2.99567e-06
dlev4               =  -1.48368e-06
dlev5               =  -3.30663e-06
dlev6               =  -3.54890e-06
dlev7               =  -6.84044e-06
dlev8               =  -2.36438e-06
dlev9               =  -5.02332e-06
dlev10              =  -2.09957e-06
dlev11              =  -5.46881e-06
dlev12              =  -5.52455e-06
dlev13              =  -7.80810e-06
dlev14              =  -5.01820e-06
dlev15              =  -5.12090e-06
dlev16              =  9.99998e-01
dlev17              =  9.99998e-01
dlev18              =  9.99998e-01
dlev19              =  9.99998e-01
dlev20              =  9.99998e-01
dlev21              =  9.99997e-01
dlev22              =  9.99999e-01
dlev23              =  9.99997e-01
dlev24              =  9.99997e-01
dlev25              =  9.99998e-01
dlev26              =  9.99998e-01
dlev27              =  9.99999e-01
dlev28              =  9.99998e-01
dlev29              =  9.99999e-01
dlev30              =  9.99999e-01
dlev31              =  9.99999e-01
dlev32              =  9.99999e-01
vdd_meas            =  1.32000e+00
temp_meas           =  -4.00000e+01
vbias_mv            =  3.69834e+02
lowcount            =  1.60001e+01
vos_mv              =  -1.49971e+00

ngspice-46 done
