
Note: No compatibility mode selected!


Circuit: * klt sim -- generated corner deck, do not edit

Doing analysis at TEMP = -40.000000 and TNOM = 27.000000

Using SPARSE 1.3 as Direct Linear Solver

Initial Transient Solution
--------------------------

Node                                   Voltage
----                                   -------
vdd                                        1.2
cm                                         0.6
vd                                      -0.048
ap                                       0.576
an                                       0.624
clku                                         0
clk                                          0
ibn                                   0.298305
xa.x1.tmid                         2.59342e-07
xa.x1.tail                             0.55952
xa.x1.np                                   1.2
xa.x1.nn                                   1.2
xa.x1.ln                                   1.2
xa.x1.lp                                   1.2
xa.x1.lnb                          9.34149e-08
xa.x1.lpb                          1.01974e-07
xa.x1.na                                   1.2
doutb                              1.08622e-07
dout                                       1.2
xa.x1.nb                                   1.2
doutn                                        1
tcheck                                     -40
pa_00                                  298.305
bpa_00#branch                                0
btchk#branch                                 0
bdoutn#branch                                0
bclk#branch                        6.47718e-10
ean#branch                         1.95677e-12
eap#branch                          2.4814e-12
vclku#branch                                 0
vd#branch                                    0
vcm#branch                         4.43817e-12
vsup#branch                       -2.00023e-05


No. of Data Rows : 12318

  Measurements for Transient Analysis

dlev0               =  -1.99400e-06
dlev1               =  -6.15927e-06
dlev2               =  1.17631e-06
dlev3               =  -5.94090e-06
dlev4               =  -3.62894e-06
dlev5               =  1.39478e-06
dlev6               =  1.34380e-06
dlev7               =  -1.61111e-06
dlev8               =  1.09133e-06
dlev9               =  4.46955e-07
dlev10              =  -6.69785e-07
dlev11              =  1.05283e-06
dlev12              =  -9.54600e-07
dlev13              =  1.94076e-08
dlev14              =  1.00000e+00
dlev15              =  9.99998e-01
dlev16              =  9.99998e-01
dlev17              =  9.99999e-01
dlev18              =  9.99999e-01
dlev19              =  9.99999e-01
dlev20              =  9.99998e-01
dlev21              =  9.99998e-01
dlev22              =  9.99998e-01
dlev23              =  1.00000e+00
dlev24              =  1.00000e+00
dlev25              =  9.99999e-01
dlev26              =  9.99999e-01
dlev27              =  9.99999e-01
dlev28              =  9.99999e-01
dlev29              =  9.99998e-01
dlev30              =  9.99998e-01
dlev31              =  9.99998e-01
dlev32              =  9.99999e-01
vdd_meas            =  1.20000e+00
temp_meas           =  -4.00000e+01
vbias_mv            =  2.98305e+02
lowcount            =  1.40000e+01
vos_mv              =  -7.49989e+00

ngspice-46 done
