
Note: No compatibility mode selected!


Circuit: * klt sim -- generated corner deck, do not edit

Doing analysis at TEMP = 27.000000 and TNOM = 27.000000

Using SPARSE 1.3 as Direct Linear Solver

Initial Transient Solution
--------------------------

Node                                   Voltage
----                                   -------
vdd                                       1.08
cm                                         0.6
vd                                      -0.048
ap                                       0.576
an                                       0.624
clku                                         0
clk                                          0
ibn                                   0.322033
xa.x1.tmid                         1.25175e-07
xa.x1.tail                            0.599654
xa.x1.np                                  1.08
xa.x1.nn                                  1.08
xa.x1.ln                                  1.08
xa.x1.lp                                  1.08
xa.x1.lnb                           1.3761e-08
xa.x1.lpb                          1.34738e-08
xa.x1.na                                  1.08
doutb                              1.53286e-08
dout                                      1.08
xa.x1.nb                                  1.08
doutn                                        1
tcheck                                      27
pa_00                                  322.033
bpa_00#branch                                0
btchk#branch                                 0
bdoutn#branch                                0
bclk#branch                        6.51692e-11
ean#branch                         1.09801e-13
eap#branch                         1.46688e-13
vclku#branch                                 0
vd#branch                                    0
vcm#branch                         2.56489e-13
vsup#branch                       -1.00003e-05


No. of Data Rows : 11984

  Measurements for Transient Analysis

dlev0               =  9.71785e-07
dlev1               =  -7.39683e-06
dlev2               =  -6.91406e-06
dlev3               =  -7.47350e-06
dlev4               =  -3.54219e-06
dlev5               =  3.18257e-07
dlev6               =  3.10898e-07
dlev7               =  -1.14890e-05
dlev8               =  -5.34972e-06
dlev9               =  -9.81288e-06
dlev10              =  -1.09370e-05
dlev11              =  -1.15462e-05
dlev12              =  -1.09959e-05
dlev13              =  -1.11128e-05
dlev14              =  -1.27753e-05
dlev15              =  -1.17882e-05
dlev16              =  -1.28719e-05
dlev17              =  -1.28071e-05
dlev18              =  1.00000e+00
dlev19              =  9.99996e-01
dlev20              =  9.99997e-01
dlev21              =  9.99997e-01
dlev22              =  9.99997e-01
dlev23              =  9.99997e-01
dlev24              =  9.99998e-01
dlev25              =  9.99997e-01
dlev26              =  9.99998e-01
dlev27              =  9.99998e-01
dlev28              =  9.99998e-01
dlev29              =  9.99997e-01
dlev30              =  1.00000e+00
dlev31              =  1.00000e+00
dlev32              =  1.00000e+00
vdd_meas            =  1.08000e+00
temp_meas           =  2.70000e+01
vbias_mv            =  3.22033e+02
lowcount            =  1.80002e+01
vos_mv              =  4.50053e+00

ngspice-46 done
