
Note: No compatibility mode selected!


Circuit: * klt sim -- generated corner deck, do not edit

Doing analysis at TEMP = 27.000000 and TNOM = 27.000000

Using SPARSE 1.3 as Direct Linear Solver

Initial Transient Solution
--------------------------

Node                                   Voltage
----                                   -------
vdd                                        1.2
cm                                         0.6
vd                                      -0.048
ap                                       0.576
an                                       0.624
clku                                         0
clk                                          0
ibn                                   0.309401
xa.x1.tmid                         1.31125e-06
xa.x1.tail                            0.543268
xa.x1.np                                   1.2
xa.x1.nn                                   1.2
xa.x1.ln                                   1.2
xa.x1.lp                                   1.2
xa.x1.lnb                          1.06546e-07
xa.x1.lpb                          9.67962e-08
xa.x1.na                                   1.2
doutb                              1.16645e-07
dout                                       1.2
xa.x1.nb                                   1.2
doutn                                        1
tcheck                                      27
pa_00                                  309.401
bpa_00#branch                                0
btchk#branch                                 0
bdoutn#branch                                0
bclk#branch                        3.07889e-10
ean#branch                         4.66724e-13
eap#branch                         5.99285e-13
vclku#branch                                 0
vd#branch                                    0
vcm#branch                         1.06601e-12
vsup#branch                       -2.00041e-05


No. of Data Rows : 12145

  Measurements for Transient Analysis

dlev0               =  1.95500e-06
dlev1               =  3.25962e-06
dlev2               =  3.54936e-06
dlev3               =  3.84652e-06
dlev4               =  1.83807e-06
dlev5               =  4.63957e-06
dlev6               =  1.98110e-06
dlev7               =  3.75574e-06
dlev8               =  3.12338e-06
dlev9               =  2.03792e-06
dlev10              =  3.97150e-06
dlev11              =  4.21425e-06
dlev12              =  2.90370e-06
dlev13              =  3.62968e-06
dlev14              =  -2.44748e-08
dlev15              =  -1.13805e-07
dlev16              =  7.82783e-07
dlev17              =  5.01384e-06
dlev18              =  1.00000e+00
dlev19              =  1.00000e+00
dlev20              =  1.00000e+00
dlev21              =  1.00000e+00
dlev22              =  1.00000e+00
dlev23              =  1.00000e+00
dlev24              =  1.00000e+00
dlev25              =  1.00000e+00
dlev26              =  1.00000e+00
dlev27              =  1.00000e+00
dlev28              =  1.00000e+00
dlev29              =  1.00000e+00
dlev30              =  1.00000e+00
dlev31              =  1.00000e+00
dlev32              =  1.00000e+00
vdd_meas            =  1.20000e+00
temp_meas           =  2.70000e+01
vbias_mv            =  3.09401e+02
lowcount            =  1.79999e+01
vos_mv              =  4.49979e+00

ngspice-46 done
