
Note: Compatibility modes selected: hs a


Circuit: * comparator-kickback @ ff_27c_1.20v -- generated by sim/harness, do not edit

Doing analysis at TEMP = 27.000000 and TNOM = 27.000000

Using SPARSE 1.3 as Direct Linear Solver

Initial Transient Solution
--------------------------

Node                                   Voltage
----                                   -------
vdd                                        1.2
cm                                         0.6
clk                                          0
sa                                       0.001
asp                                     0.6005
asn                                     0.5995
apa                                     0.6005
ana                                     0.5995
ibna                                  0.264662
xa.x1.tmid                         7.29088e-06
xa.x1.tail                            0.566323
xa.x1.np                                   1.2
xa.x1.nn                                   1.2
xa.x1.ln                                   1.2
xa.x1.lp                                   1.2
xa.x1.lnb                          6.04047e-07
xa.x1.lpb                          6.04047e-07
xa.x1.na                               1.17493
doutba                                0.619218
douta                                 0.619218
xa.x1.nb                               1.17493
sb                                       0.001
bsp                                     0.6005
bsn                                     0.5995
bpp                                   0.604946
bpn                                   0.603968
ibnb                                  0.264662
xb.x1.tmid                         7.32157e-06
xb.x1.tail                            0.570148
xb.x1.np                                   1.2
xb.x1.nn                                   1.2
xb.x1.ln                                   1.2
xb.x1.lp                                   1.2
xb.x1.lnb                          6.04047e-07
xb.x1.lpb                          6.04047e-07
xb.x1.na                               1.17493
doutbb                                0.619218
doutb                                 0.619218
xb.x1.nb                               1.17493
sc                                         0.1
csp                                       0.65
csn                                       0.55
cpp                                   0.653483
cpn                                   0.555658
ibnc                                  0.264662
xc.x1.tmid                         7.51708e-06
xc.x1.tail                            0.594581
xc.x1.np                               1.19999
xc.x1.nn                                   1.2
xc.x1.ln                                   1.2
xc.x1.lp                                   1.2
xc.x1.lnb                          6.04047e-07
xc.x1.lpb                          6.04047e-07
xc.x1.na                               1.17493
doutbc                                0.619218
doutc                                 0.619218
xc.x1.nb                               1.17493
ad                                 4.54273e-09
bd                                 0.000978358
cd                                    0.097825
bc                                  0.00445679
dan                                   0.516015
dbn                                   0.516015
dcn                                   0.516015
bdcn#branch                                  0
bdbn#branch                                  0
bdan#branch                                  0
bbc#branch                                   0
bcd#branch                                   0
bbd#branch                                   0
bad#branch                                   0
ecsn#branch                         5.6584e-12
ecsp#branch                        3.48344e-12
ebsn#branch                        4.46761e-12
ebsp#branch                        4.44596e-12
easn#branch                        4.56524e-12
easp#branch                        4.54273e-12
vsc#branch                                   0
vsb#branch                                   0
vsa#branch                                   0
vclk#branch                        2.99736e-09
vcm#branch                         2.71634e-11
vsup#branch                       -0.000429292

 Reference value :  0.00000e+00
 Reference value :  6.06400e-10
 Reference value :  1.08716e-09
 Reference value :  1.76216e-09
 Reference value :  2.42216e-09
 Reference value :  3.08216e-09
 Reference value :  3.75216e-09
 Reference value :  4.40716e-09
 Reference value :  5.05716e-09
 Reference value :  5.73216e-09
 Reference value :  6.38216e-09
 Reference value :  7.03716e-09
 Reference value :  7.71216e-09
 Reference value :  8.37216e-09
 Reference value :  9.03716e-09
 Reference value :  9.69216e-09
 Reference value :  1.03572e-08
 Reference value :  1.10322e-08
 Reference value :  1.16822e-08
 Reference value :  1.23372e-08
 Reference value :  1.29972e-08
 Reference value :  1.36622e-08
 Reference value :  1.43472e-08
 Reference value :  1.50072e-08
 Reference value :  1.56922e-08
 Reference value :  1.63522e-08
 Reference value :  1.70222e-08
 Reference value :  1.76822e-08
 Reference value :  1.83472e-08
 Reference value :  1.90322e-08
 Reference value :  1.96972e-08
 Reference value :  2.03422e-08
 Reference value :  2.10022e-08
 Reference value :  2.16722e-08
 Reference value :  2.23272e-08
 Reference value :  2.29822e-08
 Reference value :  2.36572e-08
 Reference value :  2.43322e-08
 Reference value :  2.49872e-08
 Reference value :  2.56422e-08
 Reference value :  2.63022e-08
 Reference value :  2.69522e-08
 Reference value :  2.76122e-08
 Reference value :  2.83022e-08
 Reference value :  2.89522e-08
 Reference value :  2.96072e-08
 Reference value :  3.01005e-08
 Reference value :  3.05292e-08
 Reference value :  3.09595e-08
 Reference value :  3.14095e-08
 Reference value :  3.18945e-08
 Reference value :  3.25445e-08
 Reference value :  3.31995e-08
 Reference value :  3.38695e-08
 Reference value :  3.45245e-08
 Reference value :  3.51895e-08
 Reference value :  3.58545e-08
 Reference value :  3.65145e-08
 Reference value :  3.71695e-08
 Reference value :  3.78195e-08
 Reference value :  3.84845e-08
 Reference value :  3.91795e-08
 Reference value :  3.98345e-08
 Reference value :  4.02079e-08
 Reference value :  4.05353e-08
 Reference value :  4.10753e-08
 Reference value :  4.17403e-08
 Reference value :  4.24003e-08
 Reference value :  4.30453e-08
 Reference value :  4.38053e-08
 Reference value :  4.44753e-08
 Reference value :  4.51503e-08
 Reference value :  4.58053e-08
 Reference value :  4.64653e-08
 Reference value :  4.71303e-08
 Reference value :  4.77853e-08
 Reference value :  4.84503e-08
 Reference value :  4.91203e-08
 Reference value :  4.97653e-08
 Reference value :  5.04403e-08
 Reference value :  5.10903e-08
 Reference value :  5.17453e-08
 Reference value :  5.24153e-08
 Reference value :  5.30703e-08
 Reference value :  5.37603e-08
 Reference value :  5.44153e-08
 Reference value :  5.50803e-08
 Reference value :  5.57403e-08
 Reference value :  5.64003e-08
 Reference value :  5.70553e-08
 Reference value :  5.77053e-08
 Reference value :  5.83953e-08
 Reference value :  5.90653e-08
 Reference value :  5.97253e-08
No. of Data Rows : 12068
ad_pos              =  1.33514e-01 at=  4.02442e-08
ad_neg              =  -3.53586e-02 at=  4.01515e-08
ap0                 =  6.00500e-01
apmax               =  7.34014e-01 at=  4.02442e-08
apmin               =  5.65141e-01 at=  4.01515e-08
bd0                 =  9.78358e-04
bd1                 =  9.78517e-04
cd0                 =  9.78250e-02
cd1                 =  9.78183e-02
bc0                 =  4.45679e-03
bc1                 =  4.04172e-03
bp0                 =  6.04946e-01
bn0                 =  6.03968e-01
bp1                 =  6.04531e-01
bn1                 =  6.03552e-01
da_end              =  9.99999e-01
db_end              =  9.99999e-01
dc_end              =  9.99999e-01
m_kick_1k_peak_mv = 1.3351360000e+02
m_kick_1k_pos_mv = 1.3351360000e+02
m_kick_1k_neg_mv = -3.535857000e+01
m_kick_1k_raw_mv = 1.3351360000e+02
m_kick_resid_small_nv = 1.5890000000e+02
m_kick_resid_big_nv = -6.780000000e+03
m_kick_sigdep_nv = 6.9389000000e+03
m_kick_cm_nv = -4.150690000e+05
m_kick_resid_raw_uv = 1.0000000006e-01
m_q_resid_small_ac = 1.5890000000e-01
m_dout_1k_end = 9.9999930000e-01
m_dout_float_small_end = 9.9999930000e-01
m_dout_float_big_end = 9.9999930000e-01
Note: Simulation executed from .control section 

Warning: m=xx on .subckt line will override multiplier m hierarchy!

