
Note: Compatibility modes selected: hs a


Circuit: * comparator-kickback @ ss_27c_1.20v -- generated by sim/harness, do not edit

Doing analysis at TEMP = 27.000000 and TNOM = 27.000000

Using SPARSE 1.3 as Direct Linear Solver

Initial Transient Solution
--------------------------

Node                                   Voltage
----                                   -------
vdd                                        1.2
cm                                         0.6
clk                                          0
sa                                       0.001
asp                                     0.6005
asn                                     0.5995
apa                                     0.6005
ana                                     0.5995
ibna                                  0.355198
xa.x1.tmid                         8.86927e-08
xa.x1.tail                             0.59293
xa.x1.np                                   1.2
xa.x1.nn                                   1.2
xa.x1.ln                                   1.2
xa.x1.lp                                   1.2
xa.x1.lnb                           1.6427e-08
xa.x1.lpb                           1.6427e-08
xa.x1.na                                1.1895
doutba                                0.611232
douta                                 0.611232
xa.x1.nb                                1.1895
sb                                       0.001
bsp                                     0.6005
bsn                                     0.5995
bpp                                   0.600747
bpn                                   0.599748
ibnb                                  0.355198
xb.x1.tmid                         8.87127e-08
xb.x1.tail                            0.593141
xb.x1.np                                   1.2
xb.x1.nn                                   1.2
xb.x1.ln                                   1.2
xb.x1.lp                                   1.2
xb.x1.lnb                           1.6427e-08
xb.x1.lpb                           1.6427e-08
xb.x1.na                                1.1895
doutbb                                0.611232
doutb                                 0.611232
xb.x1.nb                                1.1895
sc                                         0.1
csp                                       0.65
csn                                       0.55
cpp                                   0.650188
cpn                                   0.550323
ibnc                                  0.355198
xc.x1.tmid                         9.11162e-08
xc.x1.tail                            0.618695
xc.x1.np                                   1.2
xc.x1.nn                                   1.2
xc.x1.ln                                   1.2
xc.x1.lp                                   1.2
xc.x1.lnb                           1.6427e-08
xc.x1.lpb                           1.6427e-08
xc.x1.na                                1.1895
doutbc                                0.611232
doutc                                 0.611232
xc.x1.nb                                1.1895
ad                                 2.46923e-10
bd                                 0.000998705
cd                                   0.0998659
bc                                 0.000247265
dan                                    0.50936
dbn                                    0.50936
dcn                                    0.50936
bdcn#branch                                  0
bdbn#branch                                  0
bdan#branch                                  0
bbc#branch                                   0
bcd#branch                                   0
bbd#branch                                   0
bad#branch                                   0
ecsn#branch                        3.22501e-13
ecsp#branch                        1.88446e-13
ebsn#branch                        2.47912e-13
ebsp#branch                        2.46617e-13
easn#branch                        2.48253e-13
easp#branch                        2.46923e-13
vsc#branch                                   0
vsb#branch                                   0
vsa#branch                                   0
vclk#branch                        2.85763e-10
vcm#branch                         1.50065e-12
vsup#branch                       -0.000167214

 Reference value :  0.00000e+00
 Reference value :  6.26400e-10
 Reference value :  1.22640e-09
 Reference value :  1.65140e-09
 Reference value :  2.27640e-09
 Reference value :  2.93640e-09
 Reference value :  3.60140e-09
 Reference value :  4.25140e-09
 Reference value :  4.93640e-09
 Reference value :  5.59140e-09
 Reference value :  6.23640e-09
 Reference value :  6.88640e-09
 Reference value :  7.61640e-09
 Reference value :  8.27640e-09
 Reference value :  8.93140e-09
 Reference value :  9.59640e-09
 Reference value :  1.02914e-08
 Reference value :  1.09464e-08
 Reference value :  1.16064e-08
 Reference value :  1.22614e-08
 Reference value :  1.29364e-08
 Reference value :  1.36014e-08
 Reference value :  1.42864e-08
 Reference value :  1.49414e-08
 Reference value :  1.56414e-08
 Reference value :  1.62964e-08
 Reference value :  1.69614e-08
 Reference value :  1.76264e-08
 Reference value :  1.82864e-08
 Reference value :  1.90064e-08
 Reference value :  1.96664e-08
 Reference value :  2.03164e-08
 Reference value :  2.09764e-08
 Reference value :  2.16364e-08
 Reference value :  2.22964e-08
 Reference value :  2.29564e-08
 Reference value :  2.36314e-08
 Reference value :  2.43114e-08
 Reference value :  2.49614e-08
 Reference value :  2.56114e-08
 Reference value :  2.62764e-08
 Reference value :  2.69214e-08
 Reference value :  2.75764e-08
 Reference value :  2.82464e-08
 Reference value :  2.88864e-08
 Reference value :  2.95264e-08
 Reference value :  3.00728e-08
 Reference value :  3.04760e-08
 Reference value :  3.09760e-08
 Reference value :  3.14210e-08
 Reference value :  3.19060e-08
 Reference value :  3.25560e-08
 Reference value :  3.32110e-08
 Reference value :  3.38760e-08
 Reference value :  3.45210e-08
 Reference value :  3.51760e-08
 Reference value :  3.58310e-08
 Reference value :  3.65010e-08
 Reference value :  3.71560e-08
 Reference value :  3.78010e-08
 Reference value :  3.84810e-08
 Reference value :  3.91610e-08
 Reference value :  3.98260e-08
 Reference value :  4.02219e-08
 Reference value :  4.05662e-08
 Reference value :  4.10912e-08
 Reference value :  4.17412e-08
 Reference value :  4.24112e-08
 Reference value :  4.30662e-08
 Reference value :  4.37712e-08
 Reference value :  4.44662e-08
 Reference value :  4.51362e-08
 Reference value :  4.57862e-08
 Reference value :  4.64412e-08
 Reference value :  4.71062e-08
 Reference value :  4.77612e-08
 Reference value :  4.84362e-08
 Reference value :  4.91112e-08
 Reference value :  4.97512e-08
 Reference value :  5.04062e-08
 Reference value :  5.10562e-08
 Reference value :  5.17212e-08
 Reference value :  5.23912e-08
 Reference value :  5.30512e-08
 Reference value :  5.37212e-08
 Reference value :  5.43762e-08
 Reference value :  5.50312e-08
 Reference value :  5.56912e-08
 Reference value :  5.63412e-08
 Reference value :  5.69962e-08
 Reference value :  5.76612e-08
 Reference value :  5.83462e-08
 Reference value :  5.90212e-08
 Reference value :  5.96762e-08
No. of Data Rows : 12057
ad_pos              =  1.00031e-01 at=  4.02665e-08
ad_neg              =  -3.61235e-02 at=  4.01591e-08
ap0                 =  6.00500e-01
apmax               =  7.00531e-01 at=  4.02665e-08
apmin               =  5.64377e-01 at=  4.01591e-08
bd0                 =  9.98705e-04
bd1                 =  9.98830e-04
cd0                 =  9.98659e-02
cd1                 =  9.98539e-02
bc0                 =  2.47265e-04
bc1                 =  -9.77808e-04
bp0                 =  6.00747e-01
bn0                 =  5.99748e-01
bp1                 =  5.99522e-01
bn1                 =  5.98523e-01
da_end              =  1.00000e+00
db_end              =  1.00000e+00
dc_end              =  1.00000e+00
m_kick_1k_peak_mv = 1.0003130000e+02
m_kick_1k_pos_mv = 1.0003130000e+02
m_kick_1k_neg_mv = -3.612350000e+01
m_kick_1k_raw_mv = 1.0003130000e+02
m_kick_resid_small_nv = 1.2510000000e+02
m_kick_resid_big_nv = -1.204000000e+04
m_kick_sigdep_nv = 1.2165100000e+04
m_kick_cm_nv = -1.225073100e+06
m_kick_resid_raw_uv = 9.9999999947e-02
m_q_resid_small_ac = 1.2510000000e-01
m_dout_1k_end = 1.0000000000e+00
m_dout_float_small_end = 1.0000000000e+00
m_dout_float_big_end = 1.0000000000e+00
Note: Simulation executed from .control section 

Warning: m=xx on .subckt line will override multiplier m hierarchy!

