
Note: Compatibility modes selected: hs a


Circuit: * comparator-kickback @ tt_27c_1.08v -- generated by sim/harness, do not edit

Doing analysis at TEMP = 27.000000 and TNOM = 27.000000

Using SPARSE 1.3 as Direct Linear Solver

Initial Transient Solution
--------------------------

Node                                   Voltage
----                                   -------
vdd                                       1.08
cm                                         0.6
clk                                          0
sa                                       0.001
asp                                     0.6005
asn                                     0.5995
apa                                     0.6005
ana                                     0.5995
ibna                                  0.308665
xa.x1.tmid                         1.30504e-06
xa.x1.tail                            0.567289
xa.x1.np                                  1.08
xa.x1.nn                                  1.08
xa.x1.ln                                  1.08
xa.x1.lp                                  1.08
xa.x1.lnb                          8.59789e-08
xa.x1.lpb                          8.59789e-08
xa.x1.na                               1.06942
doutba                                 0.55819
douta                                  0.55819
xa.x1.nb                               1.06942
sb                                       0.001
bsp                                     0.6005
bsn                                     0.5995
bpp                                   0.601056
bpn                                   0.600059
ibnb                                  0.308665
xb.x1.tmid                         1.30573e-06
xb.x1.tail                            0.567763
xb.x1.np                                  1.08
xb.x1.nn                                  1.08
xb.x1.ln                                  1.08
xb.x1.lp                                  1.08
xb.x1.lnb                          8.59789e-08
xb.x1.lpb                          8.59789e-08
xb.x1.na                               1.06942
doutbb                                 0.55819
doutb                                  0.55819
xb.x1.nb                               1.06942
sc                                         0.1
csp                                       0.65
csn                                       0.55
cpp                                   0.650414
cpn                                   0.550743
ibnc                                  0.308665
xc.x1.tmid                          1.3418e-06
xc.x1.tail                            0.592678
xc.x1.np                                  1.08
xc.x1.nn                                  1.08
xc.x1.ln                                  1.08
xc.x1.lp                                  1.08
xc.x1.lnb                          8.59789e-08
xc.x1.lpb                          8.59789e-08
xc.x1.na                               1.06942
doutbc                                 0.55819
doutc                                  0.55819
xc.x1.nb                               1.06942
ad                                  5.5791e-10
bd                                 0.000996729
cd                                   0.0996708
bc                                 0.000557772
dan                                   0.516842
dbn                                   0.516842
dcn                                   0.516842
bdcn#branch                                  0
bdbn#branch                                  0
bdan#branch                                  0
bbc#branch                                   0
bcd#branch                                   0
bbd#branch                                   0
bad#branch                                   0
ecsn#branch                        7.42752e-13
ecsp#branch                        4.13518e-13
ebsn#branch                        5.59407e-13
ebsp#branch                        5.56136e-13
easn#branch                        5.61214e-13
easp#branch                         5.5791e-13
vsc#branch                                   0
vsb#branch                                   0
vsa#branch                                   0
vclk#branch                        6.46136e-10
vcm#branch                         3.39094e-12
vsup#branch                       -0.000170122

 Reference value :  0.00000e+00
 Reference value :  6.16400e-10
 Reference value :  1.21640e-09
 Reference value :  1.66640e-09
 Reference value :  2.32640e-09
 Reference value :  2.98640e-09
 Reference value :  3.52640e-09
 Reference value :  4.06640e-09
 Reference value :  4.72140e-09
 Reference value :  5.39640e-09
 Reference value :  6.05640e-09
 Reference value :  6.70140e-09
 Reference value :  7.39640e-09
 Reference value :  8.05140e-09
 Reference value :  8.73640e-09
 Reference value :  9.40640e-09
 Reference value :  1.00764e-08
 Reference value :  1.07414e-08
 Reference value :  1.14014e-08
 Reference value :  1.20614e-08
 Reference value :  1.27214e-08
 Reference value :  1.34014e-08
 Reference value :  1.41064e-08
 Reference value :  1.47514e-08
 Reference value :  1.54314e-08
 Reference value :  1.61014e-08
 Reference value :  1.67514e-08
 Reference value :  1.74164e-08
 Reference value :  1.80714e-08
 Reference value :  1.87664e-08
 Reference value :  1.94464e-08
 Reference value :  2.01064e-08
 Reference value :  2.07614e-08
 Reference value :  2.14164e-08
 Reference value :  2.21014e-08
 Reference value :  2.27564e-08
 Reference value :  2.34164e-08
 Reference value :  2.41064e-08
 Reference value :  2.47614e-08
 Reference value :  2.54114e-08
 Reference value :  2.60614e-08
 Reference value :  2.67264e-08
 Reference value :  2.73764e-08
 Reference value :  2.80264e-08
 Reference value :  2.87014e-08
 Reference value :  2.93614e-08
 Reference value :  3.00000e-08
 Reference value :  3.03498e-08
 Reference value :  3.07898e-08
 Reference value :  3.12948e-08
 Reference value :  3.17748e-08
 Reference value :  3.24298e-08
 Reference value :  3.30798e-08
 Reference value :  3.37398e-08
 Reference value :  3.44098e-08
 Reference value :  3.50648e-08
 Reference value :  3.57348e-08
 Reference value :  3.63898e-08
 Reference value :  3.70398e-08
 Reference value :  3.76948e-08
 Reference value :  3.83498e-08
 Reference value :  3.90198e-08
 Reference value :  3.97148e-08
 Reference value :  4.02002e-08
 Reference value :  4.05161e-08
 Reference value :  4.09961e-08
 Reference value :  4.16561e-08
 Reference value :  4.23061e-08
 Reference value :  4.29761e-08
 Reference value :  4.35861e-08
 Reference value :  4.43861e-08
 Reference value :  4.50361e-08
 Reference value :  4.57061e-08
 Reference value :  4.63611e-08
 Reference value :  4.70061e-08
 Reference value :  4.76711e-08
 Reference value :  4.83211e-08
 Reference value :  4.89911e-08
 Reference value :  4.96461e-08
 Reference value :  5.02961e-08
 Reference value :  5.09511e-08
 Reference value :  5.16061e-08
 Reference value :  5.22711e-08
 Reference value :  5.29311e-08
 Reference value :  5.36061e-08
 Reference value :  5.42711e-08
 Reference value :  5.49261e-08
 Reference value :  5.55911e-08
 Reference value :  5.62561e-08
 Reference value :  5.69111e-08
 Reference value :  5.75711e-08
 Reference value :  5.82411e-08
 Reference value :  5.89111e-08
 Reference value :  5.95761e-08
No. of Data Rows : 12056
ad_pos              =  1.05159e-01 at=  4.02713e-08
ad_neg              =  -3.39091e-02 at=  4.01581e-08
ap0                 =  6.00500e-01
apmax               =  7.05659e-01 at=  4.02713e-08
apmin               =  5.66591e-01 at=  4.01581e-08
bd0                 =  9.96729e-04
bd1                 =  9.96717e-04
cd0                 =  9.96708e-02
cd1                 =  9.96617e-02
bc0                 =  5.57772e-04
bc1                 =  -1.83477e-04
bp0                 =  6.01056e-01
bn0                 =  6.00059e-01
bp1                 =  6.00315e-01
bn1                 =  5.99318e-01
da_end              =  1.00000e+00
db_end              =  1.00000e+00
dc_end              =  1.00000e+00
m_kick_1k_peak_mv = 1.0515940000e+02
m_kick_1k_pos_mv = 1.0515940000e+02
m_kick_1k_neg_mv = -3.390911000e+01
m_kick_1k_raw_mv = 1.0515940000e+02
m_kick_resid_small_nv = -1.150000000e+01
m_kick_resid_big_nv = -9.090000000e+03
m_kick_sigdep_nv = 9.0785000000e+03
m_kick_cm_nv = -7.412488000e+05
m_kick_resid_raw_uv = 0.0000000000e+00
m_q_resid_small_ac = -1.150000000e-02
m_dout_1k_end = 9.9999980000e-01
m_dout_float_small_end = 9.9999980000e-01
m_dout_float_big_end = 9.9999980000e-01
Note: Simulation executed from .control section 

Warning: m=xx on .subckt line will override multiplier m hierarchy!

