
Note: No compatibility mode selected!


Circuit: * klt sim -- generated corner deck, do not edit

Doing analysis at TEMP = -40.000000 and TNOM = 27.000000

Using SPARSE 1.3 as Direct Linear Solver

Initial Transient Solution
--------------------------

Node                                   Voltage
----                                   -------
vdd                                       1.32
cm                                        0.55
vd                                      -0.048
ap                                       0.526
an                                       0.574
clku                                         0
clk                                          0
ibn                                   0.300603
xa.x1.tmid                         2.16142e-07
xa.x1.tail                            0.521892
xa.x1.np                                  1.32
xa.x1.nn                                  1.32
xa.x1.ln                                  1.32
xa.x1.lp                                  1.32
xa.x1.lnb                           1.3087e-07
xa.x1.lpb                          1.28224e-07
xa.x1.na                               1.29586
doutb                                  0.67758
dout                                  0.689264
xa.x1.nb                                1.2919
doutn                                  0.52217
tcheck                                     -40
pa_00                                  300.603
bpa_00#branch                                0
btchk#branch                                 0
bdoutn#branch                                0
bclk#branch                        8.90006e-10
ean#branch                         4.30214e-12
eap#branch                         5.29343e-12
vclku#branch                                 0
vd#branch                                    0
vcm#branch                         9.59557e-12
vsup#branch                       -0.000178523


No. of Data Rows : 12392

  Measurements for Transient Analysis

dlev0               =  7.06185e-06
dlev1               =  -3.81808e-06
dlev2               =  -3.44858e-06
dlev3               =  -3.72294e-06
dlev4               =  1.66281e-06
dlev5               =  3.99395e-06
dlev6               =  2.70535e-06
dlev7               =  5.71434e-06
dlev8               =  8.28586e-07
dlev9               =  2.07294e-07
dlev10              =  2.26551e-06
dlev11              =  5.90929e-07
dlev12              =  -4.20578e-06
dlev13              =  7.76954e-06
dlev14              =  8.37193e-06
dlev15              =  5.56416e-06
dlev16              =  1.45400e-06
dlev17              =  1.00000e+00
dlev18              =  1.00000e+00
dlev19              =  1.00000e+00
dlev20              =  1.00000e+00
dlev21              =  1.00000e+00
dlev22              =  1.00000e+00
dlev23              =  9.99999e-01
dlev24              =  1.00000e+00
dlev25              =  1.00000e+00
dlev26              =  1.00000e+00
dlev27              =  1.00000e+00
dlev28              =  1.00000e+00
dlev29              =  1.00000e+00
dlev30              =  1.00000e+00
dlev31              =  1.00000e+00
dlev32              =  1.00000e+00
vdd_meas            =  1.32000e+00
temp_meas           =  -4.00000e+01
vbias_mv            =  3.00603e+02
lowcount            =  1.70000e+01
vos_mv              =  1.49986e+00
vcm_meas            =  5.50000e-01

ngspice-46 done
