
Note: No compatibility mode selected!


Circuit: * klt sim -- generated corner deck, do not edit

Doing analysis at TEMP = 125.000000 and TNOM = 27.000000

Using SPARSE 1.3 as Direct Linear Solver

Initial Transient Solution
--------------------------

Node                                   Voltage
----                                   -------
vdd                                        1.2
cm                                         0.6
vd                                      -0.048
ap                                       0.576
an                                       0.624
clku                                         0
clk                                          0
ibn                                   0.227942
xa.x1.tmid                         5.66789e-05
xa.x1.tail                            0.587634
xa.x1.np                               1.19999
xa.x1.nn                               1.19997
xa.x1.ln                                   1.2
xa.x1.lp                                   1.2
xa.x1.lnb                          8.56074e-06
xa.x1.lpb                            8.526e-06
xa.x1.na                                   1.2
doutb                                      1.2
dout                               1.11135e-05
xa.x1.nb                               1.19999
doutn                              9.26123e-06
tcheck                                     125
pa_00                                  227.942
bpa_00#branch                                0
btchk#branch                                 0
bdoutn#branch                                0
bclk#branch                        8.67023e-10
ean#branch                         1.00714e-12
eap#branch                         1.29577e-12
vclku#branch                                 0
vd#branch                                    0
vcm#branch                         2.30291e-12
vsup#branch                       -1.01161e-05


No. of Data Rows : 12109

  Measurements for Transient Analysis

dlev0               =  9.09763e-06
dlev1               =  9.14552e-06
dlev2               =  9.09297e-06
dlev3               =  8.99024e-06
dlev4               =  9.33740e-06
dlev5               =  1.09431e-05
dlev6               =  1.09050e-05
dlev7               =  1.00967e-05
dlev8               =  1.02517e-05
dlev9               =  1.12859e-05
dlev10              =  1.01408e-05
dlev11              =  1.00349e-05
dlev12              =  8.87998e-06
dlev13              =  9.52843e-06
dlev14              =  1.15928e-05
dlev15              =  1.02570e-05
dlev16              =  8.65133e-06
dlev17              =  9.99998e-01
dlev18              =  9.99999e-01
dlev19              =  9.99998e-01
dlev20              =  9.99998e-01
dlev21              =  9.99999e-01
dlev22              =  1.00000e+00
dlev23              =  9.99999e-01
dlev24              =  9.99999e-01
dlev25              =  1.00000e+00
dlev26              =  9.99998e-01
dlev27              =  9.99999e-01
dlev28              =  9.99999e-01
dlev29              =  9.99999e-01
dlev30              =  9.99999e-01
dlev31              =  9.99999e-01
dlev32              =  9.99998e-01
vdd_meas            =  1.20000e+00
temp_meas           =  1.25000e+02
vbias_mv            =  2.27942e+02
lowcount            =  1.69999e+01
vos_mv              =  1.49955e+00

ngspice-46 done
