
Note: No compatibility mode selected!


Circuit: * klt sim -- generated corner deck, do not edit

Doing analysis at TEMP = 27.000000 and TNOM = 27.000000

Using SPARSE 1.3 as Direct Linear Solver

Initial Transient Solution
--------------------------

Node                                   Voltage
----                                   -------
vdd                                       1.08
cm                                         0.6
vd                                      -0.048
ap                                       0.576
an                                       0.624
clku                                         0
clk                                          0
ibn                                   0.267035
xa.x1.tmid                         6.48656e-06
xa.x1.tail                            0.573217
xa.x1.np                                  1.08
xa.x1.nn                               1.07999
xa.x1.ln                                  1.08
xa.x1.lp                                  1.08
xa.x1.lnb                          6.07839e-07
xa.x1.lpb                           5.2652e-07
xa.x1.na                                  1.08
doutb                              8.44779e-07
dout                                      1.08
xa.x1.nb                                  1.08
doutn                                 0.999999
tcheck                                      27
pa_00                                  267.035
bpa_00#branch                                0
btchk#branch                                 0
bdoutn#branch                                0
bclk#branch                        7.04584e-10
ean#branch                         2.15622e-12
eap#branch                          2.8279e-12
vclku#branch                                 0
vd#branch                                    0
vcm#branch                         4.98412e-12
vsup#branch                       -2.00207e-05


No. of Data Rows : 12183

  Measurements for Transient Analysis

dlev0               =  4.31059e-07
dlev1               =  4.08206e-06
dlev2               =  3.91035e-06
dlev3               =  3.51871e-06
dlev4               =  3.61237e-06
dlev5               =  3.72401e-06
dlev6               =  4.04420e-06
dlev7               =  2.59428e-06
dlev8               =  1.70714e-06
dlev9               =  3.08012e-06
dlev10              =  -4.98825e-07
dlev11              =  -5.42743e-07
dlev12              =  3.58343e-08
dlev13              =  -5.78608e-07
dlev14              =  -4.31217e-07
dlev15              =  -9.36260e-07
dlev16              =  1.67544e-06
dlev17              =  1.00000e+00
dlev18              =  1.00000e+00
dlev19              =  1.00000e+00
dlev20              =  1.00000e+00
dlev21              =  1.00000e+00
dlev22              =  9.99999e-01
dlev23              =  1.00000e+00
dlev24              =  1.00000e+00
dlev25              =  1.00000e+00
dlev26              =  1.00000e+00
dlev27              =  1.00000e+00
dlev28              =  1.00000e+00
dlev29              =  1.00000e+00
dlev30              =  1.00000e+00
dlev31              =  1.00000e+00
dlev32              =  1.00000e+00
vdd_meas            =  1.08000e+00
temp_meas           =  2.70000e+01
vbias_mv            =  2.67035e+02
lowcount            =  1.70000e+01
vos_mv              =  1.49986e+00

ngspice-46 done
