
Note: No compatibility mode selected!


Circuit: * klt sim -- generated corner deck, do not edit

Doing analysis at TEMP = -40.000000 and TNOM = 27.000000

Using SPARSE 1.3 as Direct Linear Solver

Initial Transient Solution
--------------------------

Node                                   Voltage
----                                   -------
vdd                                       1.32
cm                                         0.6
vd                                      -0.048
ap                                       0.576
an                                       0.624
clku                                         0
clk                                          0
ibn                                   0.366823
xa.x1.tmid                         5.87363e-09
xa.x1.tail                             0.58088
xa.x1.np                                  1.32
xa.x1.nn                                  1.32
xa.x1.ln                                  1.32
xa.x1.lp                                  1.32
xa.x1.lnb                           5.1194e-08
xa.x1.lpb                          5.16349e-08
xa.x1.na                                  1.32
doutb                              5.19451e-08
dout                                      1.32
xa.x1.nb                                  1.32
doutn                                        1
tcheck                                     -40
pa_00                                  366.823
bpa_00#branch                                0
btchk#branch                                 0
bdoutn#branch                                0
bclk#branch                        5.05485e-10
ean#branch                         4.01651e-13
eap#branch                         5.05901e-13
vclku#branch                                 0
vd#branch                                    0
vcm#branch                         9.07552e-13
vsup#branch                        -2.0001e-05


No. of Data Rows : 12399

  Measurements for Transient Analysis

dlev0               =  2.88278e-06
dlev1               =  -2.91778e-06
dlev2               =  -1.87194e-06
dlev3               =  -5.43302e-06
dlev4               =  -6.08141e-06
dlev5               =  -6.52997e-06
dlev6               =  -1.43804e-06
dlev7               =  -4.60540e-06
dlev8               =  -6.18181e-06
dlev9               =  -5.27916e-06
dlev10              =  -5.19248e-07
dlev11              =  -1.34876e-06
dlev12              =  -4.32076e-06
dlev13              =  -6.06991e-06
dlev14              =  -4.56330e-06
dlev15              =  -5.56553e-06
dlev16              =  -6.01467e-06
dlev17              =  1.00000e+00
dlev18              =  9.99997e-01
dlev19              =  9.99997e-01
dlev20              =  1.00000e+00
dlev21              =  1.00000e+00
dlev22              =  9.99999e-01
dlev23              =  9.99997e-01
dlev24              =  1.00000e+00
dlev25              =  1.00000e+00
dlev26              =  1.00000e+00
dlev27              =  1.00000e+00
dlev28              =  9.99997e-01
dlev29              =  9.99999e-01
dlev30              =  9.99998e-01
dlev31              =  9.99999e-01
dlev32              =  9.99999e-01
vdd_meas            =  1.32000e+00
temp_meas           =  -4.00000e+01
vbias_mv            =  3.66823e+02
lowcount            =  1.70001e+01
vos_mv              =  1.50026e+00

ngspice-46 done
