
Note: No compatibility mode selected!


Circuit: * klt sim -- generated corner deck, do not edit

Doing analysis at TEMP = 27.000000 and TNOM = 27.000000

Using SPARSE 1.3 as Direct Linear Solver

Initial Transient Solution
--------------------------

Node                                   Voltage
----                                   -------
vdd                                       1.08
cm                                         0.6
vd                                      -0.048
ap                                       0.576
an                                       0.624
clku                                         0
clk                                          0
ibn                                   0.264751
xa.x1.tmid                         7.41117e-06
xa.x1.tail                            0.524045
xa.x1.np                                  1.08
xa.x1.nn                               1.07999
xa.x1.ln                                  1.08
xa.x1.lp                                  1.08
xa.x1.lnb                          6.02872e-07
xa.x1.lpb                          7.65396e-07
xa.x1.na                               1.06437
doutb                                 0.562585
dout                                   0.56425
xa.x1.nb                               1.06364
doutn                                 0.522454
tcheck                                      27
pa_00                                  264.751
bpa_00#branch                                0
btchk#branch                                 0
bdoutn#branch                                0
bclk#branch                        7.00566e-10
ean#branch                         1.41562e-12
eap#branch                         1.86744e-12
vclku#branch                                 0
vd#branch                                    0
vcm#branch                         3.28305e-12
vsup#branch                       -8.93984e-05


No. of Data Rows : 12123

  Measurements for Transient Analysis

dlev0               =  2.15834e-06
dlev1               =  1.66622e-06
dlev2               =  1.41402e-06
dlev3               =  7.42285e-07
dlev4               =  4.25232e-07
dlev5               =  5.07735e-07
dlev6               =  2.39306e-06
dlev7               =  2.51292e-06
dlev8               =  8.26221e-07
dlev9               =  2.74826e-07
dlev10              =  8.10019e-07
dlev11              =  2.81187e-07
dlev12              =  2.13927e-06
dlev13              =  2.27832e-06
dlev14              =  6.76496e-07
dlev15              =  1.58372e-07
dlev16              =  9.99999e-01
dlev17              =  1.00000e+00
dlev18              =  1.00000e+00
dlev19              =  1.00000e+00
dlev20              =  1.00000e+00
dlev21              =  1.00000e+00
dlev22              =  1.00000e+00
dlev23              =  1.00000e+00
dlev24              =  9.99999e-01
dlev25              =  9.99999e-01
dlev26              =  9.99999e-01
dlev27              =  1.00000e+00
dlev28              =  9.99999e-01
dlev29              =  9.99999e-01
dlev30              =  9.99999e-01
dlev31              =  1.00000e+00
dlev32              =  9.99999e-01
vdd_meas            =  1.08000e+00
temp_meas           =  2.70000e+01
vbias_mv            =  2.64751e+02
lowcount            =  1.60000e+01
vos_mv              =  -1.50004e+00

ngspice-46 done
