
Note: No compatibility mode selected!


Circuit: * klt sim -- generated corner deck, do not edit

Doing analysis at TEMP = 27.000000 and TNOM = 27.000000

Using SPARSE 1.3 as Direct Linear Solver

Initial Transient Solution
--------------------------

Node                                   Voltage
----                                   -------
vdd                                       1.08
cm                                         0.6
vd                                      -0.048
ap                                       0.576
an                                       0.624
clku                                         0
clk                                          0
ibn                                    0.27447
xa.x1.tmid                         1.82371e-06
xa.x1.tail                            0.575553
xa.x1.np                                  1.08
xa.x1.nn                                  1.08
xa.x1.ln                                  1.08
xa.x1.lp                                  1.08
xa.x1.lnb                          8.20641e-08
xa.x1.lpb                          9.92933e-08
xa.x1.na                                  1.08
doutb                                     1.08
dout                               1.00948e-07
xa.x1.nb                                  1.08
doutn                              9.34707e-08
tcheck                                      27
pa_00                                   274.47
bpa_00#branch                                0
btchk#branch                                 0
bdoutn#branch                                0
bclk#branch                        2.16958e-10
ean#branch                         4.85473e-13
eap#branch                         6.43041e-13
vclku#branch                                 0
vd#branch                                    0
vcm#branch                         1.12851e-12
vsup#branch                       -1.00035e-05


No. of Data Rows : 12032

  Measurements for Transient Analysis

dlev0               =  -1.35401e-06
dlev1               =  -2.12983e-06
dlev2               =  -2.90947e-06
dlev3               =  -2.53070e-07
dlev4               =  3.76732e-07
dlev5               =  -2.22443e-07
dlev6               =  -8.07621e-07
dlev7               =  -7.58189e-07
dlev8               =  -1.65594e-06
dlev9               =  3.91373e-07
dlev10              =  3.27711e-07
dlev11              =  2.04160e-06
dlev12              =  1.16250e-06
dlev13              =  1.14181e-06
dlev14              =  2.00576e-06
dlev15              =  1.99318e-06
dlev16              =  1.00000e+00
dlev17              =  1.00000e+00
dlev18              =  1.00000e+00
dlev19              =  9.99999e-01
dlev20              =  1.00000e+00
dlev21              =  9.99999e-01
dlev22              =  1.00000e+00
dlev23              =  1.00000e+00
dlev24              =  9.99998e-01
dlev25              =  1.00000e+00
dlev26              =  1.00000e+00
dlev27              =  9.99999e-01
dlev28              =  9.99999e-01
dlev29              =  1.00000e+00
dlev30              =  9.99999e-01
dlev31              =  9.99999e-01
dlev32              =  9.99999e-01
vdd_meas            =  1.08000e+00
temp_meas           =  2.70000e+01
vbias_mv            =  2.74470e+02
lowcount            =  1.60000e+01
vos_mv              =  -1.49999e+00

ngspice-46 done
