
Note: No compatibility mode selected!


Circuit: * klt sim -- generated corner deck, do not edit

Doing analysis at TEMP = 27.000000 and TNOM = 27.000000

Using SPARSE 1.3 as Direct Linear Solver

Initial Transient Solution
--------------------------

Node                                   Voltage
----                                   -------
vdd                                       1.32
cm                                         0.6
vd                                      -0.048
ap                                       0.576
an                                       0.624
clku                                         0
clk                                          0
ibn                                    0.33282
xa.x1.tmid                         3.68234e-07
xa.x1.tail                            0.590375
xa.x1.np                                  1.32
xa.x1.nn                                  1.32
xa.x1.ln                                  1.32
xa.x1.lp                                  1.32
xa.x1.lnb                          2.30247e-07
xa.x1.lpb                           2.2504e-07
xa.x1.na                                  1.32
doutb                                     1.32
dout                               3.16184e-07
xa.x1.nb                                  1.32
doutn                              2.39533e-07
tcheck                                      27
pa_00                                   332.82
bpa_00#branch                                0
btchk#branch                                 0
bdoutn#branch                                0
bclk#branch                        7.61359e-10
ean#branch                         8.26644e-13
eap#branch                          1.0405e-12
vclku#branch                                 0
vd#branch                                    0
vcm#branch                         1.86715e-12
vsup#branch                       -2.00036e-05


No. of Data Rows : 12305

  Measurements for Transient Analysis

dlev0               =  -5.90042e-06
dlev1               =  -5.78441e-06
dlev2               =  -5.80321e-06
dlev3               =  -5.96317e-06
dlev4               =  -2.22008e-06
dlev5               =  -2.04871e-06
dlev6               =  -1.74960e-06
dlev7               =  -1.74983e-06
dlev8               =  -5.35381e-06
dlev9               =  -4.17902e-06
dlev10              =  -5.72358e-06
dlev11              =  -5.75991e-06
dlev12              =  -6.61202e-07
dlev13              =  -2.21322e-06
dlev14              =  -4.68021e-07
dlev15              =  -1.91551e-07
dlev16              =  -5.88009e-06
dlev17              =  9.99998e-01
dlev18              =  9.99998e-01
dlev19              =  9.99998e-01
dlev20              =  9.99998e-01
dlev21              =  9.99998e-01
dlev22              =  9.99999e-01
dlev23              =  9.99998e-01
dlev24              =  9.99999e-01
dlev25              =  9.99998e-01
dlev26              =  9.99998e-01
dlev27              =  9.99998e-01
dlev28              =  9.99998e-01
dlev29              =  9.99998e-01
dlev30              =  9.99998e-01
dlev31              =  9.99999e-01
dlev32              =  9.99999e-01
vdd_meas            =  1.32000e+00
temp_meas           =  2.70000e+01
vbias_mv            =  3.32820e+02
lowcount            =  1.70001e+01
vos_mv              =  1.50027e+00
vcm_meas            =  6.00000e-01

ngspice-46 done
