
Note: No compatibility mode selected!


Circuit: * klt sim -- generated corner deck, do not edit

Doing analysis at TEMP = -40.000000 and TNOM = 27.000000

Using SPARSE 1.3 as Direct Linear Solver
Note: Starting dynamic gmin stepping
Warning: Dynamic gmin stepping failed
Note: Starting true gmin stepping
Warning: True gmin stepping failed
Note: Starting source stepping
Warning: source stepping failed
Note: Transient op started
Note: Transient op finished successfully

Initial Transient Solution
--------------------------

Node                                   Voltage
----                                   -------
vdd                                       1.08
cm                                         0.6
clku                                         0
clk                                          0
sa                                       0.001
asp                                     0.6005
asn                                     0.5995
apa                                     0.6005
ana                                     0.5995
apa_pin                                 0.6005
ana_pin                                 0.5995
ibna                                  0.390914
xa.x1.tmid                         1.22508e-09
xa.x1.tail                             0.45351
xa.x1.np                                  1.08
xa.x1.nn                                  1.08
xa.x1.ln                                  1.08
xa.x1.lp                                  1.08
xa.x1.lnb                          4.14681e-08
xa.x1.lpb                           5.8072e-08
xa.x1.na                                  1.08
doutba                              3.7898e-08
douta                                     1.08
xa.x1.nb                                  1.08
qp                                 -0.00115721
qn                                 -0.00117273
sb                                       0.001
bsp                                     0.6005
bsn                                     0.5995
bpp                                  0.0168033
bpn                                  0.0167872
ibnb                                  0.390914
xb.x1.tmid                         1.64228e-09
xb.x1.tail                          0.00426945
xb.x1.np                                  1.08
xb.x1.nn                                  1.08
xb.x1.ln                                  1.08
xb.x1.lp                                  1.08
xb.x1.lnb                          5.18504e-08
xb.x1.lpb                          1.02408e-08
xb.x1.na                                  1.08
doutbb                            -1.18543e-07
doutb                                     1.08
xb.x1.nb                                  1.08
sc                                         0.1
csp                                       0.65
csn                                       0.55
cpp                                  0.0176011
cpn                                  0.0159895
ibnc                                  0.390914
xc.x1.tmid                         1.63711e-09
xc.x1.tail                          0.00426972
xc.x1.np                                  1.08
xc.x1.nn                                  1.08
xc.x1.ln                                  1.08
xc.x1.lp                                  1.08
xc.x1.lnb                          3.99261e-08
xc.x1.lpb                          7.06223e-08
xc.x1.na                                  1.08
doutbc                             2.88902e-08
doutc                                     1.08
xc.x1.nb                                  1.08
ad                                 1.11719e-08
bd                                 1.61165e-05
cd                                  0.00161165
bc                                   -0.583205
dan                                          1
dbn                                          1
dcn                                          1
tcheck                                     -40
btchk#branch                                 0
bdcn#branch                                  0
bdbn#branch                                  0
bdan#branch                                  0
bbc#branch                                   0
bcd#branch                                   0
bbd#branch                                   0
bad#branch                                   0
vkn#branch                        -4.10924e-09
vkp#branch                        -4.14247e-09
bclk#branch                        1.71902e-07
ecsn#branch                       -5.34011e-10
ecsp#branch                       -6.32399e-10
ebsn#branch                       -5.82713e-10
ebsp#branch                       -5.83697e-10
easn#branch                        1.11803e-11
easp#branch                        1.11719e-11
vsc#branch                                   0
vsb#branch                                   0
vsa#branch                                   0
vclku#branch                                 0
vcm#branch                        -2.31047e-09
vsup#branch                       -6.01761e-05


No. of Data Rows : 12063

  Measurements for Transient Analysis

vdd_meas            =  1.08000e+00
temp_meas           =  -4.00000e+01
ad_pos              =  6.80575e-02 at=  4.02733e-08
ad_neg              =  -2.60880e-02 at=  4.01662e-08
kick_1k_peak_mv     =  6.80575e+01
kick_1k_pos_mv      =  6.80575e+01
kick_1k_neg_mv      =  -2.60880e+01
qp29                =  -1.15760e-03
qpmax               =  1.58699e-02 at=  4.01712e-08
qpmin               =  -3.10726e-03 at=  3.00640e-08
qkick_p_fc          =  1.70275e+01
qn29                =  -1.17312e-03
qnmax               =  1.59906e-02 at=  4.01762e-08
qnmin               =  -3.12262e-03 at=  3.00640e-08
qkick_n_fc          =  1.71637e+01
qkick_fc            =  1.71637e+01
bd0                 =  1.61446e-05
bd1                 =  1.61675e-05
cd0                 =  1.61446e-03
cd1                 =  1.61675e-03
kick_sigdep_uv      =  2.26624e+00
bc0                 =  -5.83188e-01
bc1                 =  -5.84696e-01
kick_cm_uv          =  -1.50768e+03
dout_1k_end         =  1.00000e+00
dout_float_small_end=  1.00000e+00
dout_float_big_end  =  1.00000e+00

ngspice-46 done
