
Note: No compatibility mode selected!


Circuit: * klt sim -- generated corner deck, do not edit

Doing analysis at TEMP = 27.000000 and TNOM = 27.000000

Using SPARSE 1.3 as Direct Linear Solver

Initial Transient Solution
--------------------------

Node                                   Voltage
----                                   -------
vdd                                       1.08
cm                                         0.6
vd                                      -0.048
ap                                       0.576
an                                       0.624
clku                                         0
clk                                          0
ibn                                   0.263532
xa.x1.tmid                         6.88334e-06
xa.x1.tail                            0.571728
xa.x1.np                                  1.08
xa.x1.nn                               1.07999
xa.x1.ln                                  1.08
xa.x1.lp                                  1.08
xa.x1.lnb                          5.87648e-07
xa.x1.lpb                           5.2958e-07
xa.x1.na                               1.06424
doutb                                 0.562944
dout                                  0.566276
xa.x1.nb                               1.06514
doutn                                  0.52433
tcheck                                      27
pa_00                                  263.532
bpa_00#branch                                0
btchk#branch                                 0
bdoutn#branch                                0
bclk#branch                        7.02325e-10
ean#branch                           2.156e-12
eap#branch                         2.82738e-12
vclku#branch                                 0
vd#branch                                    0
vcm#branch                         4.98337e-12
vsup#branch                       -8.75455e-05


No. of Data Rows : 12199

  Measurements for Transient Analysis

dlev0               =  7.14195e-07
dlev1               =  2.34800e-06
dlev2               =  2.43092e-06
dlev3               =  2.21166e-06
dlev4               =  2.85323e-06
dlev5               =  5.60409e-07
dlev6               =  2.83901e-06
dlev7               =  2.88988e-06
dlev8               =  2.09580e-06
dlev9               =  -4.78675e-07
dlev10              =  2.18333e-06
dlev11              =  2.91438e-06
dlev12              =  3.51509e-06
dlev13              =  -1.70674e-07
dlev14              =  -2.32284e-07
dlev15              =  1.44801e-06
dlev16              =  9.99999e-01
dlev17              =  1.00000e+00
dlev18              =  1.00000e+00
dlev19              =  9.99999e-01
dlev20              =  9.99999e-01
dlev21              =  1.00000e+00
dlev22              =  1.00000e+00
dlev23              =  1.00000e+00
dlev24              =  1.00000e+00
dlev25              =  1.00000e+00
dlev26              =  9.99999e-01
dlev27              =  1.00000e+00
dlev28              =  1.00000e+00
dlev29              =  1.00000e+00
dlev30              =  1.00000e+00
dlev31              =  1.00000e+00
dlev32              =  1.00000e+00
vdd_meas            =  1.08000e+00
temp_meas           =  2.70000e+01
vbias_mv            =  2.63532e+02
lowcount            =  1.60000e+01
vos_mv              =  -1.50008e+00

ngspice-46 done
