
Note: No compatibility mode selected!


Circuit: * klt sim -- generated corner deck, do not edit

Doing analysis at TEMP = 125.000000 and TNOM = 27.000000

Using SPARSE 1.3 as Direct Linear Solver

Initial Transient Solution
--------------------------

Node                                   Voltage
----                                   -------
vdd                                        1.2
cm                                         0.6
vd                                      -0.048
ap                                       0.576
an                                       0.624
clku                                         0
clk                                          0
ibn                                    0.22754
xa.x1.tmid                         0.000170193
xa.x1.tail                            0.574876
xa.x1.np                               1.19994
xa.x1.nn                               1.19983
xa.x1.ln                                   1.2
xa.x1.lp                                   1.2
xa.x1.lnb                          1.63101e-06
xa.x1.lpb                          1.67179e-06
xa.x1.na                                   1.2
doutb                              2.09713e-06
dout                                   1.19999
xa.x1.nb                               1.19999
doutn                                 0.999989
tcheck                                     125
pa_00                                   227.54
bpa_00#branch                                0
btchk#branch                                 0
bdoutn#branch                                0
bclk#branch                        2.78757e-10
ean#branch                         4.34022e-12
eap#branch                         5.53493e-12
vclku#branch                                 0
vd#branch                                    0
vcm#branch                         9.87516e-12
vsup#branch                       -2.03136e-05


No. of Data Rows : 12201

  Measurements for Transient Analysis

dlev0               =  2.45998e-06
dlev1               =  2.08543e-06
dlev2               =  2.68711e-06
dlev3               =  1.87152e-06
dlev4               =  2.25390e-06
dlev5               =  2.27928e-06
dlev6               =  1.87711e-06
dlev7               =  2.30955e-06
dlev8               =  2.52570e-06
dlev9               =  2.20874e-06
dlev10              =  2.17067e-06
dlev11              =  2.40441e-06
dlev12              =  2.38952e-06
dlev13              =  2.41031e-06
dlev14              =  9.99989e-01
dlev15              =  9.99989e-01
dlev16              =  9.99989e-01
dlev17              =  9.99989e-01
dlev18              =  9.99989e-01
dlev19              =  9.99989e-01
dlev20              =  9.99989e-01
dlev21              =  9.99989e-01
dlev22              =  9.99989e-01
dlev23              =  9.99989e-01
dlev24              =  9.99989e-01
dlev25              =  9.99989e-01
dlev26              =  9.99989e-01
dlev27              =  9.99989e-01
dlev28              =  9.99989e-01
dlev29              =  9.99989e-01
dlev30              =  9.99989e-01
dlev31              =  9.99989e-01
dlev32              =  9.99989e-01
vdd_meas            =  1.20000e+00
temp_meas           =  1.25000e+02
vbias_mv            =  2.27540e+02
lowcount            =  1.40002e+01
vos_mv              =  -7.49945e+00

ngspice-46 done
