
Note: No compatibility mode selected!


Circuit: * klt sim -- generated corner deck, do not edit

Doing analysis at TEMP = 125.000000 and TNOM = 27.000000

Using SPARSE 1.3 as Direct Linear Solver

Initial Transient Solution
--------------------------

Node                                   Voltage
----                                   -------
vdd                                       1.32
cm                                         0.6
vd                                      -0.048
ap                                       0.576
an                                       0.624
clku                                         0
clk                                          0
ibn                                   0.276444
xa.x1.tmid                         2.96024e-05
xa.x1.tail                            0.597837
xa.x1.np                               1.31999
xa.x1.nn                               1.31998
xa.x1.ln                                  1.32
xa.x1.lp                                  1.32
xa.x1.lnb                            7.318e-06
xa.x1.lpb                          7.60681e-06
xa.x1.na                               1.28247
doutb                                 0.703305
dout                                  0.707555
xa.x1.nb                               1.28287
doutn                                 0.536027
tcheck                                     125
pa_00                                  276.444
bpa_00#branch                                0
btchk#branch                                 0
bdoutn#branch                                0
bclk#branch                        1.21194e-09
ean#branch                         1.84019e-12
eap#branch                         2.31448e-12
vclku#branch                                 0
vd#branch                                    0
vcm#branch                         4.15468e-12
vsup#branch                       -0.000179074


No. of Data Rows : 12236

  Measurements for Transient Analysis

dlev0               =  7.70152e-06
dlev1               =  9.59872e-06
dlev2               =  9.76801e-06
dlev3               =  8.80099e-06
dlev4               =  8.75782e-06
dlev5               =  8.69313e-06
dlev6               =  5.56640e-06
dlev7               =  6.03457e-06
dlev8               =  2.32045e-06
dlev9               =  1.57588e-06
dlev10              =  1.29575e-06
dlev11              =  8.84608e-07
dlev12              =  5.09571e-06
dlev13              =  5.93554e-06
dlev14              =  6.91539e-06
dlev15              =  8.78504e-06
dlev16              =  2.72011e-06
dlev17              =  9.99997e-01
dlev18              =  1.00000e+00
dlev19              =  9.99999e-01
dlev20              =  9.99998e-01
dlev21              =  9.99997e-01
dlev22              =  9.99997e-01
dlev23              =  9.99999e-01
dlev24              =  9.99998e-01
dlev25              =  9.99998e-01
dlev26              =  9.99999e-01
dlev27              =  9.99999e-01
dlev28              =  1.00000e+00
dlev29              =  1.00000e+00
dlev30              =  1.00000e+00
dlev31              =  9.99999e-01
dlev32              =  9.99999e-01
vdd_meas            =  1.32000e+00
temp_meas           =  1.25000e+02
vbias_mv            =  2.76444e+02
lowcount            =  1.69999e+01
vos_mv              =  1.49976e+00

ngspice-46 done
