
Note: No compatibility mode selected!


Circuit: * klt sim -- generated corner deck, do not edit

Doing analysis at TEMP = -40.000000 and TNOM = 27.000000

Using SPARSE 1.3 as Direct Linear Solver

Initial Transient Solution
--------------------------

Node                                   Voltage
----                                   -------
vdd                                       1.32
cm                                         0.6
vd                                      -0.048
ap                                       0.576
an                                       0.624
clku                                         0
clk                                          0
ibn                                   0.365762
xa.x1.tmid                         5.56457e-09
xa.x1.tail                             0.58508
xa.x1.np                                  1.32
xa.x1.nn                                  1.32
xa.x1.ln                                  1.32
xa.x1.lp                                  1.32
xa.x1.lnb                           5.0476e-08
xa.x1.lpb                          5.16099e-08
xa.x1.na                               1.30025
doutb                                 0.709299
dout                                  0.705232
xa.x1.nb                               1.30207
doutn                                 0.534267
tcheck                                     -40
pa_00                                  365.762
bpa_00#branch                                0
btchk#branch                                 0
bdoutn#branch                                0
bclk#branch                        5.03798e-10
ean#branch                         4.01734e-13
eap#branch                         5.06123e-13
vclku#branch                                 0
vd#branch                                    0
vcm#branch                         9.07857e-13
vsup#branch                        -0.00012109


No. of Data Rows : 12420

  Measurements for Transient Analysis

dlev0               =  -4.64693e-06
dlev1               =  -7.49317e-06
dlev2               =  -6.67320e-06
dlev3               =  -7.09906e-06
dlev4               =  -4.81552e-06
dlev5               =  -6.05916e-06
dlev6               =  -3.43621e-06
dlev7               =  -2.72493e-06
dlev8               =  -2.75361e-06
dlev9               =  -7.31254e-06
dlev10              =  -8.64809e-06
dlev11              =  -7.26584e-06
dlev12              =  -4.20757e-07
dlev13              =  -7.48333e-06
dlev14              =  -7.53694e-06
dlev15              =  -5.97884e-06
dlev16              =  1.00000e+00
dlev17              =  1.00000e+00
dlev18              =  1.00000e+00
dlev19              =  1.00000e+00
dlev20              =  1.00000e+00
dlev21              =  1.00000e+00
dlev22              =  9.99997e-01
dlev23              =  9.99997e-01
dlev24              =  9.99999e-01
dlev25              =  9.99999e-01
dlev26              =  9.99997e-01
dlev27              =  9.99999e-01
dlev28              =  9.99997e-01
dlev29              =  9.99997e-01
dlev30              =  9.99997e-01
dlev31              =  9.99997e-01
dlev32              =  9.99997e-01
vdd_meas            =  1.32000e+00
temp_meas           =  -4.00000e+01
vbias_mv            =  3.65762e+02
lowcount            =  1.60001e+01
vos_mv              =  -1.49965e+00

ngspice-46 done
