
Note: No compatibility mode selected!


Circuit: * klt sim -- generated corner deck, do not edit

Doing analysis at TEMP = -40.000000 and TNOM = 27.000000

Using SPARSE 1.3 as Direct Linear Solver

Initial Transient Solution
--------------------------

Node                                   Voltage
----                                   -------
vdd                                       1.08
cm                                         0.6
vd                                      -0.048
ap                                       0.576
an                                       0.624
clku                                         0
clk                                          0
ibn                                   0.324104
xa.x1.tmid                         7.36062e-08
xa.x1.tail                            0.523486
xa.x1.np                                  1.08
xa.x1.nn                                  1.08
xa.x1.ln                                  1.08
xa.x1.lp                                  1.08
xa.x1.lnb                          1.60968e-08
xa.x1.lpb                          1.68661e-08
xa.x1.na                                  1.08
doutb                              1.72767e-08
dout                                      1.08
xa.x1.nb                                  1.08
doutn                                        1
tcheck                                     -40
pa_00                                  324.104
bpa_00#branch                                0
btchk#branch                                 0
bdoutn#branch                                0
bclk#branch                        8.24067e-11
ean#branch                         3.25268e-13
eap#branch                          4.3171e-13
vclku#branch                                 0
vd#branch                                    0
vcm#branch                         7.56978e-13
vsup#branch                       -2.00004e-05


No. of Data Rows : 12106

  Measurements for Transient Analysis

dlev0               =  -1.63098e-06
dlev1               =  -5.91366e-07
dlev2               =  -7.36257e-08
dlev3               =  -1.35930e-06
dlev4               =  -1.62722e-06
dlev5               =  -1.29602e-07
dlev6               =  -1.10293e-07
dlev7               =  -5.11071e-06
dlev8               =  -1.25624e-05
dlev9               =  -1.16645e-05
dlev10              =  -1.10577e-06
dlev11              =  -1.12783e-06
dlev12              =  -1.17229e-06
dlev13              =  -1.10230e-06
dlev14              =  -5.26664e-08
dlev15              =  -1.64605e-06
dlev16              =  -1.11421e-06
dlev17              =  -7.42163e-07
dlev18              =  -7.43676e-07
dlev19              =  -3.49355e-07
dlev20              =  1.00000e+00
dlev21              =  9.99998e-01
dlev22              =  9.99998e-01
dlev23              =  9.99998e-01
dlev24              =  9.99998e-01
dlev25              =  9.99998e-01
dlev26              =  9.99998e-01
dlev27              =  9.99998e-01
dlev28              =  9.99998e-01
dlev29              =  9.99999e-01
dlev30              =  9.99998e-01
dlev31              =  9.99998e-01
dlev32              =  9.99999e-01
vdd_meas            =  1.08000e+00
temp_meas           =  -4.00000e+01
vbias_mv            =  3.24104e+02
lowcount            =  2.00001e+01
vos_mv              =  1.05002e+01

ngspice-46 done
