
Note: No compatibility mode selected!


Circuit: * klt sim -- generated corner deck, do not edit

Doing analysis at TEMP = 27.000000 and TNOM = 27.000000

Using SPARSE 1.3 as Direct Linear Solver

Initial Transient Solution
--------------------------

Node                                   Voltage
----                                   -------
vdd                                        1.2
cm                                         0.6
vd                                      -0.048
ap                                       0.576
an                                       0.624
clku                                         0
clk                                          0
ibn                                   0.328012
xa.x1.tmid                         3.43903e-07
xa.x1.tail                            0.540498
xa.x1.np                                   1.2
xa.x1.nn                                   1.2
xa.x1.ln                                   1.2
xa.x1.lp                                   1.2
xa.x1.lnb                          2.25636e-07
xa.x1.lpb                          2.46955e-07
xa.x1.na                                1.1837
doutb                                 0.647153
dout                                   0.64984
xa.x1.nb                               1.18361
doutn                                 0.541533
tcheck                                      27
pa_00                                  328.012
bpa_00#branch                                0
btchk#branch                                 0
bdoutn#branch                                0
bclk#branch                        5.53846e-10
ean#branch                         2.99413e-13
eap#branch                         3.86205e-13
vclku#branch                                 0
vd#branch                                    0
vcm#branch                         6.85618e-13
vsup#branch                       -9.24315e-05


No. of Data Rows : 12146

  Measurements for Transient Analysis

dlev0               =  2.26722e-06
dlev1               =  5.78195e-06
dlev2               =  6.75109e-06
dlev3               =  4.44013e-07
dlev4               =  6.26321e-06
dlev5               =  4.81066e-06
dlev6               =  6.60311e-06
dlev7               =  5.49581e-06
dlev8               =  2.40946e-07
dlev9               =  2.27525e-07
dlev10              =  2.28590e-07
dlev11              =  2.35560e-07
dlev12              =  6.96382e-06
dlev13              =  1.72905e-06
dlev14              =  3.24151e-07
dlev15              =  2.64179e-07
dlev16              =  1.01754e-06
dlev17              =  6.04072e-06
dlev18              =  9.99999e-01
dlev19              =  1.00000e+00
dlev20              =  1.00000e+00
dlev21              =  1.00000e+00
dlev22              =  1.00000e+00
dlev23              =  1.00000e+00
dlev24              =  1.00000e+00
dlev25              =  1.00000e+00
dlev26              =  1.00000e+00
dlev27              =  1.00000e+00
dlev28              =  1.00000e+00
dlev29              =  1.00000e+00
dlev30              =  1.00000e+00
dlev31              =  1.00000e+00
dlev32              =  1.00000e+00
vdd_meas            =  1.20000e+00
temp_meas           =  2.70000e+01
vbias_mv            =  3.28012e+02
lowcount            =  1.79999e+01
vos_mv              =  4.49979e+00

ngspice-46 done
