
Note: No compatibility mode selected!


Circuit: * klt sim -- generated corner deck, do not edit

Doing analysis at TEMP = 27.000000 and TNOM = 27.000000

Using SPARSE 1.3 as Direct Linear Solver

Initial Transient Solution
--------------------------

Node                                   Voltage
----                                   -------
vdd                                       1.32
cm                                        0.65
vd                                      -0.048
ap                                       0.626
an                                       0.674
clku                                         0
clk                                          0
ibn                                   0.311574
xa.x1.tmid                         1.30499e-06
xa.x1.tail                            0.626931
xa.x1.np                                  1.32
xa.x1.nn                                  1.32
xa.x1.ln                                  1.32
xa.x1.lp                                  1.32
xa.x1.lnb                          9.85601e-08
xa.x1.lpb                          9.75372e-08
xa.x1.na                               1.29312
doutb                                 0.682543
dout                                  0.673262
xa.x1.nb                               1.29512
doutn                                 0.510047
tcheck                                      27
pa_00                                  311.574
bpa_00#branch                                0
btchk#branch                                 0
bdoutn#branch                                0
bclk#branch                        4.36163e-10
ean#branch                         1.33069e-12
eap#branch                         1.68185e-12
vclku#branch                                 0
vd#branch                                    0
vcm#branch                         3.01253e-12
vsup#branch                       -0.000138472


No. of Data Rows : 12289

  Measurements for Transient Analysis

dlev0               =  -5.85197e-07
dlev1               =  -3.63088e-07
dlev2               =  -4.74853e-07
dlev3               =  -1.02548e-06
dlev4               =  -1.08397e-06
dlev5               =  -3.63541e-08
dlev6               =  -1.51915e-08
dlev7               =  -2.41843e-07
dlev8               =  -1.02977e-06
dlev9               =  -4.69313e-08
dlev10              =  -2.68655e-07
dlev11              =  -5.76618e-07
dlev12              =  -2.64682e-06
dlev13              =  -5.09288e-06
dlev14              =  -5.17048e-06
dlev15              =  -1.10605e-06
dlev16              =  -2.96628e-06
dlev17              =  1.00000e+00
dlev18              =  9.99998e-01
dlev19              =  9.99998e-01
dlev20              =  9.99998e-01
dlev21              =  9.99998e-01
dlev22              =  9.99999e-01
dlev23              =  9.99998e-01
dlev24              =  9.99998e-01
dlev25              =  9.99998e-01
dlev26              =  9.99997e-01
dlev27              =  9.99998e-01
dlev28              =  9.99997e-01
dlev29              =  9.99997e-01
dlev30              =  1.00000e+00
dlev31              =  9.99997e-01
dlev32              =  9.99998e-01
vdd_meas            =  1.32000e+00
temp_meas           =  2.70000e+01
vbias_mv            =  3.11574e+02
lowcount            =  1.70001e+01
vos_mv              =  1.50016e+00
vcm_meas            =  6.50000e-01

ngspice-46 done
