
Note: No compatibility mode selected!


Circuit: * klt sim -- generated corner deck, do not edit

Doing analysis at TEMP = -40.000000 and TNOM = 27.000000

Using SPARSE 1.3 as Direct Linear Solver

Initial Transient Solution
--------------------------

Node                                   Voltage
----                                   -------
vdd                                        1.2
cm                                        0.65
vd                                      -0.048
ap                                       0.626
an                                       0.674
clku                                         0
clk                                          0
ibn                                   0.344763
xa.x1.tmid                         2.56179e-08
xa.x1.tail                            0.617131
xa.x1.np                                   1.2
xa.x1.nn                                   1.2
xa.x1.ln                                   1.2
xa.x1.lp                                   1.2
xa.x1.lnb                          2.68964e-08
xa.x1.lpb                          2.56452e-08
xa.x1.na                               1.18714
doutb                                 0.614207
dout                                  0.616957
xa.x1.nb                               1.18707
doutn                                  0.51413
tcheck                                     -40
pa_00                                  344.763
bpa_00#branch                                0
btchk#branch                                 0
bdoutn#branch                                0
bclk#branch                        2.04672e-10
ean#branch                         3.48194e-13
eap#branch                         4.52083e-13
vclku#branch                                 0
vd#branch                                    0
vcm#branch                         8.00277e-13
vsup#branch                       -7.57083e-05


No. of Data Rows : 12279

  Measurements for Transient Analysis

dlev0               =  -5.64155e-07
dlev1               =  2.17462e-06
dlev2               =  -5.64445e-06
dlev3               =  -4.96417e-06
dlev4               =  -3.91639e-06
dlev5               =  -2.14140e-06
dlev6               =  -2.56995e-06
dlev7               =  -2.79627e-06
dlev8               =  2.99106e-06
dlev9               =  -1.90231e-06
dlev10              =  -5.33939e-06
dlev11              =  -4.08377e-07
dlev12              =  -5.21590e-06
dlev13              =  -3.09836e-06
dlev14              =  -6.08443e-06
dlev15              =  -6.52090e-07
dlev16              =  1.00000e+00
dlev17              =  1.00000e+00
dlev18              =  1.00000e+00
dlev19              =  1.00000e+00
dlev20              =  9.99999e-01
dlev21              =  1.00000e+00
dlev22              =  1.00000e+00
dlev23              =  1.00000e+00
dlev24              =  1.00000e+00
dlev25              =  1.00000e+00
dlev26              =  1.00000e+00
dlev27              =  1.00000e+00
dlev28              =  1.00000e+00
dlev29              =  9.99999e-01
dlev30              =  1.00000e+00
dlev31              =  9.99999e-01
dlev32              =  9.99999e-01
vdd_meas            =  1.20000e+00
temp_meas           =  -4.00000e+01
vbias_mv            =  3.44763e+02
lowcount            =  1.60000e+01
vos_mv              =  -1.49991e+00
vcm_meas            =  6.50000e-01

ngspice-46 done
