
Note: No compatibility mode selected!


Circuit: * klt sim -- generated corner deck, do not edit

Doing analysis at TEMP = 27.000000 and TNOM = 27.000000

Using SPARSE 1.3 as Direct Linear Solver

Initial Transient Solution
--------------------------

Node                                   Voltage
----                                   -------
vdd                                       1.32
cm                                         0.6
vd                                      -0.048
ap                                       0.576
an                                       0.624
clku                                         0
clk                                          0
ibn                                   0.328513
xa.x1.tmid                         3.82374e-07
xa.x1.tail                            0.545906
xa.x1.np                                  1.32
xa.x1.nn                                  1.32
xa.x1.ln                                  1.32
xa.x1.lp                                  1.32
xa.x1.lnb                          2.23191e-07
xa.x1.lpb                           2.4276e-07
xa.x1.na                                  1.32
doutb                              2.97788e-07
dout                                      1.32
xa.x1.nb                                  1.32
doutn                                        1
tcheck                                      27
pa_00                                  328.513
bpa_00#branch                                0
btchk#branch                                 0
bdoutn#branch                                0
bclk#branch                        7.62573e-10
ean#branch                         5.49838e-13
eap#branch                         6.93057e-13
vclku#branch                                 0
vd#branch                                    0
vcm#branch                         1.24289e-12
vsup#branch                       -2.00036e-05


No. of Data Rows : 12227

  Measurements for Transient Analysis

dlev0               =  -2.70199e-08
dlev1               =  -5.92485e-06
dlev2               =  -6.25319e-06
dlev3               =  -6.43596e-06
dlev4               =  -4.80935e-06
dlev5               =  -6.16436e-06
dlev6               =  -3.96563e-06
dlev7               =  -5.05727e-06
dlev8               =  -2.89766e-08
dlev9               =  -2.50108e-06
dlev10              =  -5.13615e-06
dlev11              =  -5.53233e-06
dlev12              =  -5.55501e-06
dlev13              =  -5.83535e-06
dlev14              =  -5.56300e-06
dlev15              =  -5.43680e-06
dlev16              =  7.10527e-07
dlev17              =  -5.63520e-06
dlev18              =  -7.11071e-06
dlev19              =  -6.42920e-06
dlev20              =  -2.43729e-06
dlev21              =  9.99999e-01
dlev22              =  9.99997e-01
dlev23              =  1.00000e+00
dlev24              =  9.99997e-01
dlev25              =  9.99997e-01
dlev26              =  9.99999e-01
dlev27              =  9.99997e-01
dlev28              =  9.99997e-01
dlev29              =  9.99997e-01
dlev30              =  9.99997e-01
dlev31              =  9.99997e-01
dlev32              =  9.99998e-01
vdd_meas            =  1.32000e+00
temp_meas           =  2.70000e+01
vbias_mv            =  3.28513e+02
lowcount            =  2.10001e+01
vos_mv              =  1.35004e+01

ngspice-46 done
