
Note: No compatibility mode selected!


Circuit: * klt sim -- generated corner deck, do not edit

Doing analysis at TEMP = 125.000000 and TNOM = 27.000000

Using SPARSE 1.3 as Direct Linear Solver

Initial Transient Solution
--------------------------

Node                                   Voltage
----                                   -------
vdd                                       1.32
cm                                         0.6
vd                                      -0.048
ap                                       0.576
an                                       0.624
clku                                         0
clk                                          0
ibn                                   0.251089
xa.x1.tmid                         7.90195e-05
xa.x1.tail                            0.537884
xa.x1.np                               1.31998
xa.x1.nn                               1.31993
xa.x1.ln                                  1.32
xa.x1.lp                                  1.32
xa.x1.lnb                           4.3779e-06
xa.x1.lpb                          3.52023e-06
xa.x1.na                                  1.32
doutb                                  1.31999
dout                               4.91165e-06
xa.x1.nb                                  1.32
doutn                              3.72095e-06
tcheck                                     125
pa_00                                  251.089
bpa_00#branch                                0
btchk#branch                                 0
bdoutn#branch                                0
bclk#branch                        6.65741e-10
ean#branch                         2.50336e-12
eap#branch                         3.14124e-12
vclku#branch                                 0
vd#branch                                    0
vcm#branch                          5.6446e-12
vsup#branch                       -2.01709e-05


No. of Data Rows : 12215

  Measurements for Transient Analysis

dlev0               =  1.00577e-05
dlev1               =  3.97063e-06
dlev2               =  2.28531e-06
dlev3               =  1.55228e-06
dlev4               =  3.50381e-06
dlev5               =  3.71438e-06
dlev6               =  4.83113e-06
dlev7               =  4.48838e-06
dlev8               =  5.42595e-06
dlev9               =  6.02586e-06
dlev10              =  4.94896e-06
dlev11              =  6.33796e-06
dlev12              =  3.77954e-06
dlev13              =  1.09119e-05
dlev14              =  1.74387e-06
dlev15              =  4.64182e-06
dlev16              =  9.99993e-01
dlev17              =  9.99994e-01
dlev18              =  9.99995e-01
dlev19              =  9.99996e-01
dlev20              =  9.99996e-01
dlev21              =  9.99995e-01
dlev22              =  9.99995e-01
dlev23              =  9.99995e-01
dlev24              =  9.99995e-01
dlev25              =  9.99995e-01
dlev26              =  9.99995e-01
dlev27              =  9.99994e-01
dlev28              =  9.99994e-01
dlev29              =  9.99994e-01
dlev30              =  9.99995e-01
dlev31              =  9.99995e-01
dlev32              =  9.99995e-01
vdd_meas            =  1.32000e+00
temp_meas           =  1.25000e+02
vbias_mv            =  2.51089e+02
lowcount            =  1.60000e+01
vos_mv              =  -1.49997e+00

ngspice-46 done
