
Note: No compatibility mode selected!


Circuit: * klt sim -- generated corner deck, do not edit

Doing analysis at TEMP = 125.000000 and TNOM = 27.000000

Using SPARSE 1.3 as Direct Linear Solver

Initial Transient Solution
--------------------------

Node                                   Voltage
----                                   -------
vdd                                       1.08
cm                                         0.6
clku                                         0
clk                                          0
sa                                       0.001
asp                                     0.6005
asn                                     0.5995
apa                                     0.6005
ana                                     0.5995
apa_pin                                 0.6005
ana_pin                                 0.5995
ibna                                  0.296519
xa.x1.tmid                         1.30885e-05
xa.x1.tail                            0.588342
xa.x1.np                               1.07999
xa.x1.nn                               1.07999
xa.x1.ln                                  1.08
xa.x1.lp                                  1.08
xa.x1.lnb                          7.89712e-07
xa.x1.lpb                          7.89712e-07
xa.x1.na                               1.06765
doutba                                0.554838
douta                                 0.554838
xa.x1.nb                               1.06765
qp                                -0.000283666
qn                                -0.000285406
sb                                       0.001
bsp                                     0.6005
bsn                                     0.5995
bpp                                   0.600783
bpn                                   0.599785
ibnb                                  0.296519
xb.x1.tmid                         1.30916e-05
xb.x1.tail                            0.588579
xb.x1.np                               1.07999
xb.x1.nn                               1.07999
xb.x1.ln                                  1.08
xb.x1.lp                                  1.08
xb.x1.lnb                          7.89712e-07
xb.x1.lpb                          7.89712e-07
xb.x1.na                               1.06765
doutbb                                0.554838
doutb                                 0.554838
xb.x1.nb                               1.06765
sc                                         0.1
csp                                       0.65
csn                                       0.55
cpp                                   0.650209
cpn                                   0.550382
ibnc                                  0.296519
xc.x1.tmid                         1.33633e-05
xc.x1.tail                             0.60968
xc.x1.np                               1.07998
xc.x1.nn                                  1.08
xc.x1.ln                                  1.08
xc.x1.lp                                  1.08
xc.x1.lnb                          7.89712e-07
xc.x1.lpb                          7.89712e-07
xc.x1.na                               1.06765
doutbc                                0.554838
doutc                                 0.554838
xc.x1.nb                               1.06765
ad                                 2.83666e-10
bd                                 0.000998267
cd                                   0.0998264
bc                                 0.000284071
dan                                   0.513738
dbn                                   0.513738
dcn                                   0.513738
tcheck                                     125
btchk#branch                                 0
bdcn#branch                                  0
bdbn#branch                                  0
bdan#branch                                  0
bbc#branch                                   0
bcd#branch                                   0
bbd#branch                                   0
bad#branch                                   0
vkn#branch                        -2.85406e-13
vkp#branch                        -2.83666e-13
bclk#branch                        3.01171e-10
ecsn#branch                        3.82178e-13
ecsp#branch                        2.08553e-13
ebsn#branch                        2.84938e-13
ebsp#branch                        2.83204e-13
easn#branch                        2.85406e-13
easp#branch                        2.83666e-13
vsc#branch                                   0
vsb#branch                                   0
vsa#branch                                   0
vclku#branch                                 0
vcm#branch                         1.72795e-12
vsup#branch                       -0.000160901


No. of Data Rows : 12051

  Measurements for Transient Analysis

vdd_meas            =  1.08000e+00
temp_meas           =  1.25000e+02
ad_pos              =  9.19290e-02 at=  4.02925e-08
ad_neg              =  -3.23362e-02 at=  4.01610e-08
kick_1k_peak_mv     =  9.19290e+01
kick_1k_pos_mv      =  9.19290e+01
kick_1k_neg_mv      =  -3.23362e+01
qp29                =  -2.83666e-04
qpmax               =  2.49834e-02 at=  4.01710e-08
qpmin               =  -1.70622e-03 at=  3.00552e-08
qkick_p_fc          =  2.52671e+01
qn29                =  -2.85406e-04
qnmax               =  2.53600e-02 at=  4.01760e-08
qnmin               =  -1.70783e-03 at=  3.00552e-08
qkick_n_fc          =  2.56454e+01
qkick_fc            =  2.56454e+01
bd0                 =  9.98267e-04
bd1                 =  9.98175e-04
cd0                 =  9.98264e-02
cd1                 =  9.98192e-02
kick_sigdep_uv      =  7.09321e+00
bc0                 =  2.84071e-04
bc1                 =  -1.97647e-04
kick_cm_uv          =  -4.81718e+02
dout_1k_end         =  9.99999e-01
dout_float_small_end=  9.99999e-01
dout_float_big_end  =  9.99999e-01

ngspice-46 done
