
Note: No compatibility mode selected!


Circuit: * klt sim -- generated corner deck, do not edit

Doing analysis at TEMP = 27.000000 and TNOM = 27.000000

Using SPARSE 1.3 as Direct Linear Solver

Initial Transient Solution
--------------------------

Node                                   Voltage
----                                   -------
vdd                                        1.2
cm                                         0.6
vd                                      -0.048
ap                                       0.576
an                                       0.624
clku                                         0
clk                                          0
ibn                                   0.332287
xa.x1.tmid                         3.08433e-07
xa.x1.tail                            0.540027
xa.x1.np                                   1.2
xa.x1.nn                                   1.2
xa.x1.ln                                   1.2
xa.x1.lp                                   1.2
xa.x1.lnb                          2.12576e-07
xa.x1.lpb                          2.50985e-07
xa.x1.na                               1.18331
doutb                                 0.650002
dout                                  0.646978
xa.x1.nb                               1.18432
doutn                                 0.539149
tcheck                                      27
pa_00                                  332.287
bpa_00#branch                                0
btchk#branch                                 0
bdoutn#branch                                0
bclk#branch                        5.58738e-10
ean#branch                          2.9933e-13
eap#branch                          3.8608e-13
vclku#branch                                 0
vd#branch                                    0
vcm#branch                          6.8541e-13
vsup#branch                       -9.10961e-05


No. of Data Rows : 12170

  Measurements for Transient Analysis

dlev0               =  -1.94007e-07
dlev1               =  3.01784e-06
dlev2               =  4.04379e-06
dlev3               =  4.06764e-06
dlev4               =  -1.08731e-07
dlev5               =  4.80806e-06
dlev6               =  3.60989e-06
dlev7               =  -5.00156e-07
dlev8               =  3.35262e-06
dlev9               =  2.17494e-07
dlev10              =  3.82272e-06
dlev11              =  -3.12353e-07
dlev12              =  -2.52501e-07
dlev13              =  4.64781e-06
dlev14              =  9.99999e-01
dlev15              =  1.00000e+00
dlev16              =  1.00000e+00
dlev17              =  1.00000e+00
dlev18              =  1.00000e+00
dlev19              =  1.00000e+00
dlev20              =  1.00000e+00
dlev21              =  1.00000e+00
dlev22              =  1.00000e+00
dlev23              =  1.00000e+00
dlev24              =  1.00000e+00
dlev25              =  1.00000e+00
dlev26              =  1.00000e+00
dlev27              =  1.00000e+00
dlev28              =  1.00000e+00
dlev29              =  1.00000e+00
dlev30              =  1.00000e+00
dlev31              =  1.00000e+00
dlev32              =  1.00000e+00
vdd_meas            =  1.20000e+00
temp_meas           =  2.70000e+01
vbias_mv            =  3.32287e+02
lowcount            =  1.39999e+01
vos_mv              =  -7.50016e+00

ngspice-46 done
