
Note: No compatibility mode selected!


Circuit: * klt sim -- generated corner deck, do not edit

Doing analysis at TEMP = 27.000000 and TNOM = 27.000000

Using SPARSE 1.3 as Direct Linear Solver

Initial Transient Solution
--------------------------

Node                                   Voltage
----                                   -------
vdd                                       1.32
cm                                         0.6
vd                                      -0.048
ap                                       0.576
an                                       0.624
clku                                         0
clk                                          0
ibn                                   0.355549
xa.x1.tmid                         9.74867e-08
xa.x1.tail                            0.602182
xa.x1.np                                  1.32
xa.x1.nn                                  1.32
xa.x1.ln                                  1.32
xa.x1.lp                                  1.32
xa.x1.lnb                          2.03401e-08
xa.x1.lpb                          2.04486e-08
xa.x1.na                               1.30127
doutb                                 0.668971
dout                                  0.667531
xa.x1.nb                               1.30001
doutn                                 0.505705
tcheck                                      27
pa_00                                  355.549
bpa_00#branch                                0
btchk#branch                                 0
bdoutn#branch                                0
bclk#branch                        1.34318e-10
ean#branch                         4.03566e-13
eap#branch                         5.10397e-13
vclku#branch                                 0
vd#branch                                    0
vcm#branch                         9.13963e-13
vsup#branch                       -9.30378e-05


No. of Data Rows : 12266

  Measurements for Transient Analysis

dlev0               =  3.30731e-06
dlev1               =  1.46303e-06
dlev2               =  1.24122e-06
dlev3               =  1.23227e-06
dlev4               =  -1.74378e-06
dlev5               =  1.40037e-06
dlev6               =  1.28412e-06
dlev7               =  1.14153e-06
dlev8               =  8.77111e-07
dlev9               =  -4.46395e-08
dlev10              =  7.03349e-07
dlev11              =  5.56769e-07
dlev12              =  3.10761e-07
dlev13              =  2.72602e-07
dlev14              =  4.24107e-07
dlev15              =  2.46632e-07
dlev16              =  1.00000e+00
dlev17              =  1.00000e+00
dlev18              =  1.00000e+00
dlev19              =  1.00000e+00
dlev20              =  1.00000e+00
dlev21              =  1.00000e+00
dlev22              =  1.00000e+00
dlev23              =  1.00000e+00
dlev24              =  1.00000e+00
dlev25              =  1.00000e+00
dlev26              =  1.00000e+00
dlev27              =  1.00000e+00
dlev28              =  1.00000e+00
dlev29              =  1.00000e+00
dlev30              =  1.00000e+00
dlev31              =  1.00000e+00
dlev32              =  1.00000e+00
vdd_meas            =  1.32000e+00
temp_meas           =  2.70000e+01
vbias_mv            =  3.55549e+02
lowcount            =  1.60000e+01
vos_mv              =  -1.50005e+00

ngspice-46 done
