
Note: No compatibility mode selected!


Circuit: * klt sim -- generated corner deck, do not edit

Doing analysis at TEMP = 125.000000 and TNOM = 27.000000

Using SPARSE 1.3 as Direct Linear Solver

Initial Transient Solution
--------------------------

Node                                   Voltage
----                                   -------
vdd                                       1.32
cm                                         0.6
vd                                      -0.048
ap                                       0.576
an                                       0.624
clku                                         0
clk                                          0
ibn                                   0.252471
xa.x1.tmid                         9.11398e-05
xa.x1.tail                            0.581488
xa.x1.np                               1.31997
xa.x1.nn                               1.31992
xa.x1.ln                                  1.32
xa.x1.lp                                  1.32
xa.x1.lnb                          3.91371e-06
xa.x1.lpb                          3.73967e-06
xa.x1.na                                1.2802
doutb                                 0.670842
dout                                  0.674777
xa.x1.nb                               1.27779
doutn                                 0.511195
tcheck                                     125
pa_00                                  252.471
bpa_00#branch                                0
btchk#branch                                 0
bdoutn#branch                                0
bclk#branch                         6.7462e-10
ean#branch                         3.76491e-12
eap#branch                         4.71931e-12
vclku#branch                                 0
vd#branch                                    0
vcm#branch                         8.48421e-12
vsup#branch                       -0.000180662


No. of Data Rows : 12238

  Measurements for Transient Analysis

dlev0               =  -2.07890e-06
dlev1               =  2.02306e-06
dlev2               =  5.71916e-06
dlev3               =  7.05767e-06
dlev4               =  6.45502e-06
dlev5               =  3.50515e-07
dlev6               =  2.51306e-06
dlev7               =  6.91113e-08
dlev8               =  -8.83409e-07
dlev9               =  3.74185e-06
dlev10              =  1.91374e-06
dlev11              =  3.62455e-06
dlev12              =  4.51211e-06
dlev13              =  4.58809e-06
dlev14              =  3.71369e-06
dlev15              =  2.48519e-06
dlev16              =  9.99995e-01
dlev17              =  9.99993e-01
dlev18              =  9.99994e-01
dlev19              =  9.99995e-01
dlev20              =  9.99995e-01
dlev21              =  9.99994e-01
dlev22              =  9.99993e-01
dlev23              =  9.99996e-01
dlev24              =  9.99995e-01
dlev25              =  9.99995e-01
dlev26              =  9.99995e-01
dlev27              =  9.99993e-01
dlev28              =  9.99993e-01
dlev29              =  9.99996e-01
dlev30              =  9.99996e-01
dlev31              =  9.99996e-01
dlev32              =  9.99993e-01
vdd_meas            =  1.32000e+00
temp_meas           =  1.25000e+02
vbias_mv            =  2.52471e+02
lowcount            =  1.60000e+01
vos_mv              =  -1.49985e+00
vcm_meas            =  6.00000e-01

ngspice-46 done
