
Note: No compatibility mode selected!


Circuit: * klt sim -- generated corner deck, do not edit

Doing analysis at TEMP = 125.000000 and TNOM = 27.000000

Using SPARSE 1.3 as Direct Linear Solver

Initial Transient Solution
--------------------------

Node                                   Voltage
----                                   -------
vdd                                       1.32
cm                                         0.6
vd0                                          0
ap0                                        0.6
an0                                        0.6
ibn0                                  0.296519
x0.x1.tmid                         1.29018e-05
x0.x1.tail                             0.57391
clk                                          0
x0.x1.np                               1.31999
x0.x1.nn                               1.31999
x0.x1.ln                                  1.32
x0.x1.lp                                  1.32
x0.x1.lnb                           7.2442e-07
x0.x1.lpb                           7.2442e-07
x0.x1.na                               1.29056
doutb0                                0.669446
dout0                                 0.669446
x0.x1.nb                               1.29056
vd1                                      0.001
ap1                                     0.6005
an1                                     0.5995
ibn1                                  0.296519
x1.x1.tmid                         1.29018e-05
x1.x1.tail                            0.573913
x1.x1.np                               1.31999
x1.x1.nn                               1.31999
x1.x1.ln                                  1.32
x1.x1.lp                                  1.32
x1.x1.lnb                           7.2442e-07
x1.x1.lpb                           7.2442e-07
x1.x1.na                               1.29056
doutb1                                0.669446
dout1                                 0.669446
x1.x1.nb                               1.29056
vd2                                     -0.001
ap2                                     0.5995
an2                                     0.6005
ibn2                                  0.296519
x2.x1.tmid                         1.29018e-05
x2.x1.tail                            0.573913
x2.x1.np                               1.31999
x2.x1.nn                               1.31999
x2.x1.ln                                  1.32
x2.x1.lp                                  1.32
x2.x1.lnb                           7.2442e-07
x2.x1.lpb                           7.2442e-07
x2.x1.na                               1.29056
doutb2                                0.669446
dout2                                 0.669446
x2.x1.nb                               1.29056
clku                                         0
dn0                                   0.507156
dn1                                   0.507156
dn2                                   0.507156
h0                                           1
h1                                           1
h2                                           1
tcheck                                     125
btchk#branch                                 0
bh2#branch                                   0
bh1#branch                                   0
bh0#branch                                   0
bd2#branch                                   0
bd1#branch                                   0
bd0#branch                                   0
bclk#branch                        6.19202e-10
ean2#branch                        6.71518e-13
eap2#branch                        6.74821e-13
ean1#branch                        6.74821e-13
eap1#branch                        6.71518e-13
ean0#branch                        6.73239e-13
eap0#branch                        6.73239e-13
vclku#branch                                 0
vd2#branch                                   0
vd1#branch                                   0
vd0#branch                                   0
vcm#branch                         4.03916e-12
vsup#branch                       -0.000362829


No. of Data Rows : 1345

  Measurements for Transient Analysis

vdd_meas            =  1.32000e+00
temp_meas           =  1.25000e+02
vn0_a               =  -4.15385e-03
vn0_b               =  2.19906e-03
vn1_a               =  8.65733e-03
d_zero              =  9.99981e-01
d_plus              =  9.99998e-01
d_minus             =  9.99985e-01
res_zero            =  4.99981e-01
res_plus            =  4.99998e-01
res_minus           =  4.99985e-01
hit_zero            =  1.00000e+00
hit_plus            =  1.00000e+00
hit_minus           =  1.00000e+00

ngspice-46 done
