
Note: No compatibility mode selected!


Circuit: * klt sim -- generated corner deck, do not edit

Doing analysis at TEMP = 125.000000 and TNOM = 27.000000

Using SPARSE 1.3 as Direct Linear Solver

Initial Transient Solution
--------------------------

Node                                   Voltage
----                                   -------
vdd                                       1.32
cm                                         0.6
vd                                      -0.048
ap                                       0.576
an                                       0.624
clku                                         0
clk                                          0
ibn                                   0.225526
xa.x1.tmid                         0.000155094
xa.x1.tail                            0.585436
xa.x1.np                               1.31996
xa.x1.nn                               1.31986
xa.x1.ln                                  1.32
xa.x1.lp                                  1.32
xa.x1.lnb                          1.62451e-06
xa.x1.lpb                          1.59667e-06
xa.x1.na                               1.31999
doutb                                  1.31999
dout                                2.0007e-06
xa.x1.nb                                  1.32
doutn                              1.51568e-06
tcheck                                     125
pa_00                                  225.526
bpa_00#branch                                0
btchk#branch                                 0
bdoutn#branch                                0
bclk#branch                        3.83626e-10
ean#branch                         7.72341e-12
eap#branch                         9.62291e-12
vclku#branch                                 0
vd#branch                                    0
vcm#branch                         1.73463e-11
vsup#branch                        -2.0285e-05


No. of Data Rows : 12237

  Measurements for Transient Analysis

dlev0               =  -1.50810e-06
dlev1               =  9.96147e-07
dlev2               =  2.37450e-06
dlev3               =  3.60898e-06
dlev4               =  3.36000e-06
dlev5               =  2.38613e-06
dlev6               =  3.04891e-06
dlev7               =  2.23525e-06
dlev8               =  2.60162e-06
dlev9               =  2.93138e-06
dlev10              =  3.09372e-06
dlev11              =  -1.68209e-06
dlev12              =  2.62499e-06
dlev13              =  2.41486e-06
dlev14              =  2.46628e-06
dlev15              =  2.44646e-06
dlev16              =  2.06746e-06
dlev17              =  9.99990e-01
dlev18              =  9.99988e-01
dlev19              =  9.99988e-01
dlev20              =  9.99988e-01
dlev21              =  9.99988e-01
dlev22              =  9.99989e-01
dlev23              =  9.99989e-01
dlev24              =  9.99989e-01
dlev25              =  9.99990e-01
dlev26              =  9.99990e-01
dlev27              =  9.99988e-01
dlev28              =  9.99989e-01
dlev29              =  9.99988e-01
dlev30              =  9.99988e-01
dlev31              =  9.99988e-01
dlev32              =  9.99988e-01
vdd_meas            =  1.32000e+00
temp_meas           =  1.25000e+02
vbias_mv            =  2.25526e+02
lowcount            =  1.70001e+01
vos_mv              =  1.50044e+00

ngspice-46 done
