
Note: No compatibility mode selected!


Circuit: * klt sim -- generated corner deck, do not edit

Doing analysis at TEMP = -40.000000 and TNOM = 27.000000

Using SPARSE 1.3 as Direct Linear Solver

Initial Transient Solution
--------------------------

Node                                   Voltage
----                                   -------
vdd                                        1.2
cm                                         0.6
vd                                      -0.048
ap                                       0.576
an                                       0.624
clku                                         0
clk                                          0
ibn                                   0.369938
xa.x1.tmid                           5.386e-09
xa.x1.tail                            0.583048
xa.x1.np                                   1.2
xa.x1.nn                                   1.2
xa.x1.ln                                   1.2
xa.x1.lp                                   1.2
xa.x1.lnb                          4.15547e-08
xa.x1.lpb                           4.1301e-08
xa.x1.na                               1.18842
doutb                                  0.64782
dout                                  0.647091
xa.x1.nb                                1.1895
doutn                                 0.539242
tcheck                                     -40
pa_00                                  369.938
bpa_00#branch                                0
btchk#branch                                 0
bdoutn#branch                                0
bclk#branch                        3.63157e-10
ean#branch                         2.19103e-13
eap#branch                         2.82191e-13
vclku#branch                                 0
vd#branch                                    0
vcm#branch                         5.01293e-13
vsup#branch                       -7.26947e-05


No. of Data Rows : 12314

  Measurements for Transient Analysis

dlev0               =  -2.09324e-06
dlev1               =  5.29884e-06
dlev2               =  2.97091e-06
dlev3               =  -4.35785e-07
dlev4               =  -1.21732e-06
dlev5               =  -1.54581e-06
dlev6               =  -1.14959e-06
dlev7               =  -6.51588e-07
dlev8               =  5.03148e-06
dlev9               =  -1.43989e-06
dlev10              =  -1.72772e-06
dlev11              =  -1.80781e-06
dlev12              =  6.99724e-07
dlev13              =  -1.50319e-06
dlev14              =  8.99734e-07
dlev15              =  -1.83019e-06
dlev16              =  4.63531e-06
dlev17              =  9.99999e-01
dlev18              =  9.99999e-01
dlev19              =  9.99999e-01
dlev20              =  1.00000e+00
dlev21              =  1.00000e+00
dlev22              =  9.99999e-01
dlev23              =  9.99999e-01
dlev24              =  1.00000e+00
dlev25              =  1.00000e+00
dlev26              =  1.00000e+00
dlev27              =  1.00000e+00
dlev28              =  1.00000e+00
dlev29              =  9.99999e-01
dlev30              =  1.00000e+00
dlev31              =  1.00000e+00
dlev32              =  1.00000e+00
vdd_meas            =  1.20000e+00
temp_meas           =  -4.00000e+01
vbias_mv            =  3.69938e+02
lowcount            =  1.70000e+01
vos_mv              =  1.49997e+00

ngspice-46 done
