
Note: No compatibility mode selected!


Circuit: * klt sim -- generated corner deck, do not edit

Doing analysis at TEMP = 125.000000 and TNOM = 27.000000

Using SPARSE 1.3 as Direct Linear Solver

Initial Transient Solution
--------------------------

Node                                   Voltage
----                                   -------
vdd                                       1.08
cm                                         0.6
vd                                      -0.048
ap                                       0.576
an                                       0.624
clku                                         0
clk                                          0
ibn                                   0.296712
xa.x1.tmid                         1.27188e-05
xa.x1.tail                            0.594153
xa.x1.np                                  1.08
xa.x1.nn                               1.07998
xa.x1.ln                                  1.08
xa.x1.lp                                  1.08
xa.x1.lnb                          8.05466e-07
xa.x1.lpb                          8.31831e-07
xa.x1.na                                  1.08
doutb                              9.03103e-07
dout                                      1.08
xa.x1.nb                                  1.08
doutn                                 0.999999
tcheck                                     125
pa_00                                  296.712
bpa_00#branch                                0
btchk#branch                                 0
bdoutn#branch                                0
bclk#branch                        1.01235e-10
ean#branch                         2.45803e-13
eap#branch                         3.28321e-13
vclku#branch                                 0
vd#branch                                    0
vcm#branch                         5.74124e-13
vsup#branch                       -2.00256e-05


No. of Data Rows : 12027

  Measurements for Transient Analysis

dlev0               =  -1.35201e-06
dlev1               =  2.82461e-06
dlev2               =  2.13481e-06
dlev3               =  2.08789e-06
dlev4               =  2.50039e-06
dlev5               =  2.34816e-06
dlev6               =  2.12695e-06
dlev7               =  1.54884e-06
dlev8               =  2.62149e-06
dlev9               =  1.69003e-06
dlev10              =  4.56670e-07
dlev11              =  1.21985e-06
dlev12              =  1.04475e-06
dlev13              =  8.72004e-07
dlev14              =  9.54763e-07
dlev15              =  5.36594e-07
dlev16              =  -2.95987e-06
dlev17              =  1.70482e-07
dlev18              =  9.99998e-01
dlev19              =  9.99999e-01
dlev20              =  9.99999e-01
dlev21              =  9.99999e-01
dlev22              =  9.99999e-01
dlev23              =  9.99999e-01
dlev24              =  9.99999e-01
dlev25              =  9.99999e-01
dlev26              =  9.99999e-01
dlev27              =  9.99999e-01
dlev28              =  9.99998e-01
dlev29              =  9.99998e-01
dlev30              =  9.99998e-01
dlev31              =  9.99998e-01
dlev32              =  9.99998e-01
vdd_meas            =  1.08000e+00
temp_meas           =  1.25000e+02
vbias_mv            =  2.96712e+02
lowcount            =  1.80000e+01
vos_mv              =  4.50000e+00

ngspice-46 done
