
Note: No compatibility mode selected!


Circuit: * klt sim -- generated corner deck, do not edit

Doing analysis at TEMP = -40.000000 and TNOM = 27.000000

Using SPARSE 1.3 as Direct Linear Solver

Initial Transient Solution
--------------------------

Node                                   Voltage
----                                   -------
vdd                                        1.2
cm                                         0.6
vd                                      -0.048
ap                                       0.576
an                                       0.624
clku                                         0
clk                                          0
ibn                                   0.345092
xa.x1.tmid                         2.61118e-08
xa.x1.tail                            0.571248
xa.x1.np                                   1.2
xa.x1.nn                                   1.2
xa.x1.ln                                   1.2
xa.x1.lp                                   1.2
xa.x1.lnb                          2.69066e-08
xa.x1.lpb                          2.59517e-08
xa.x1.na                                   1.2
doutb                                      1.2
dout                               2.62189e-08
xa.x1.nb                                   1.2
doutn                              2.18491e-08
tcheck                                     -40
pa_00                                  345.092
bpa_00#branch                                0
btchk#branch                                 0
bdoutn#branch                                0
bclk#branch                        2.05411e-10
ean#branch                         4.54359e-13
eap#branch                         5.82201e-13
vclku#branch                                 0
vd#branch                                    0
vcm#branch                         1.03656e-12
vsup#branch                       -2.00005e-05


No. of Data Rows : 12232

  Measurements for Transient Analysis

dlev0               =  3.28017e-06
dlev1               =  -1.61621e-06
dlev2               =  2.81433e-06
dlev3               =  -1.22955e-06
dlev4               =  3.47023e-06
dlev5               =  2.96422e-06
dlev6               =  -1.99166e-06
dlev7               =  2.17635e-06
dlev8               =  -1.30066e-06
dlev9               =  1.98049e-06
dlev10              =  1.17449e-06
dlev11              =  7.62073e-07
dlev12              =  1.19186e-06
dlev13              =  1.20402e-06
dlev14              =  -1.96808e-06
dlev15              =  3.05736e-06
dlev16              =  9.99999e-01
dlev17              =  9.99999e-01
dlev18              =  1.00000e+00
dlev19              =  9.99999e-01
dlev20              =  9.99999e-01
dlev21              =  9.99999e-01
dlev22              =  9.99999e-01
dlev23              =  9.99999e-01
dlev24              =  9.99999e-01
dlev25              =  1.00000e+00
dlev26              =  9.99999e-01
dlev27              =  1.00000e+00
dlev28              =  1.00000e+00
dlev29              =  1.00000e+00
dlev30              =  1.00000e+00
dlev31              =  9.99998e-01
dlev32              =  1.00000e+00
vdd_meas            =  1.20000e+00
temp_meas           =  -4.00000e+01
vbias_mv            =  3.45092e+02
lowcount            =  1.60000e+01
vos_mv              =  -1.50004e+00

ngspice-46 done
