
Note: No compatibility mode selected!


Circuit: * klt sim -- generated corner deck, do not edit

Doing analysis at TEMP = 27.000000 and TNOM = 27.000000

Using SPARSE 1.3 as Direct Linear Solver

Initial Transient Solution
--------------------------

Node                                   Voltage
----                                   -------
vdd                                       1.08
cm                                        0.55
vd                                      -0.048
ap                                       0.526
an                                       0.574
clku                                         0
clk                                          0
ibn                                   0.287161
xa.x1.tmid                         2.88952e-06
xa.x1.tail                            0.530463
xa.x1.np                                  1.08
xa.x1.nn                                  1.08
xa.x1.ln                                  1.08
xa.x1.lp                                  1.08
xa.x1.lnb                          4.07074e-08
xa.x1.lpb                          3.72183e-08
xa.x1.na                                  1.08
doutb                                     1.08
dout                               4.61621e-08
xa.x1.nb                                  1.08
doutn                              4.27427e-08
tcheck                                      27
pa_00                                  287.161
bpa_00#branch                                0
btchk#branch                                 0
bdoutn#branch                                0
bclk#branch                        1.23339e-10
ean#branch                         1.35272e-12
eap#branch                         1.75226e-12
vclku#branch                                 0
vd#branch                                    0
vcm#branch                         3.10499e-12
vsup#branch                       -2.00071e-05


No. of Data Rows : 12154

  Measurements for Transient Analysis

dlev0               =  -1.73670e-06
dlev1               =  -2.12207e-06
dlev2               =  -1.08319e-06
dlev3               =  -1.77373e-06
dlev4               =  -1.53908e-06
dlev5               =  8.96042e-07
dlev6               =  -5.21755e-06
dlev7               =  -4.76361e-06
dlev8               =  -4.98461e-06
dlev9               =  4.11997e-07
dlev10              =  -4.08499e-06
dlev11              =  1.42232e-06
dlev12              =  6.18921e-07
dlev13              =  5.94290e-07
dlev14              =  -4.17630e-08
dlev15              =  2.89325e-06
dlev16              =  1.70160e-06
dlev17              =  1.00000e+00
dlev18              =  1.00000e+00
dlev19              =  1.00000e+00
dlev20              =  1.00000e+00
dlev21              =  1.00000e+00
dlev22              =  1.00000e+00
dlev23              =  1.00000e+00
dlev24              =  1.00000e+00
dlev25              =  1.00000e+00
dlev26              =  1.00000e+00
dlev27              =  1.00000e+00
dlev28              =  1.00000e+00
dlev29              =  1.00000e+00
dlev30              =  1.00000e+00
dlev31              =  1.00000e+00
dlev32              =  1.00000e+00
vdd_meas            =  1.08000e+00
temp_meas           =  2.70000e+01
vbias_mv            =  2.87161e+02
lowcount            =  1.70000e+01
vos_mv              =  1.50000e+00
vcm_meas            =  5.50000e-01

ngspice-46 done
