
Note: No compatibility mode selected!


Circuit: * klt sim -- generated corner deck, do not edit

Doing analysis at TEMP = -40.000000 and TNOM = 27.000000

Using SPARSE 1.3 as Direct Linear Solver
Note: Starting dynamic gmin stepping
Note: Dynamic gmin stepping completed

Initial Transient Solution
--------------------------

Node                                   Voltage
----                                   -------
vdd                                       1.08
cm                                         0.6
vd                                      -0.048
ap                                       0.576
an                                       0.624
clku                                         0
clk                                          0
ibn                                   0.380879
xa.x1.tmid                         1.52818e-09
xa.x1.tail                            0.587628
xa.x1.np                                  1.08
xa.x1.nn                                  1.08
xa.x1.ln                                  1.08
xa.x1.lp                                  1.08
xa.x1.lnb                          6.36569e-09
xa.x1.lpb                          6.74807e-09
xa.x1.na                               1.07755
doutb                                 0.550708
dout                                  0.541644
xa.x1.nb                               1.07813
doutn                                 0.501522
tcheck                                     -40
pa_00                                  380.879
bpa_00#branch                                0
btchk#branch                                 0
bdoutn#branch                                0
bclk#branch                        4.41281e-11
ean#branch                         5.30131e-14
eap#branch                         7.09433e-14
vclku#branch                                 0
vd#branch                                    0
vcm#branch                         1.23956e-13
vsup#branch                       -2.18733e-05


No. of Data Rows : 12102

  Measurements for Transient Analysis

dlev0               =  -3.60398e-07
dlev1               =  8.05070e-06
dlev2               =  6.37297e-06
dlev3               =  1.75817e-06
dlev4               =  9.30140e-06
dlev5               =  2.44822e-08
dlev6               =  9.89022e-07
dlev7               =  2.77322e-06
dlev8               =  -8.12605e-07
dlev9               =  7.52493e-07
dlev10              =  -3.50079e-07
dlev11              =  9.98113e-06
dlev12              =  -6.26353e-07
dlev13              =  -5.95925e-07
dlev14              =  3.71436e-06
dlev15              =  1.00000e+00
dlev16              =  9.99999e-01
dlev17              =  9.99997e-01
dlev18              =  1.00000e+00
dlev19              =  9.99998e-01
dlev20              =  9.99997e-01
dlev21              =  9.99997e-01
dlev22              =  9.99999e-01
dlev23              =  9.99999e-01
dlev24              =  1.00000e+00
dlev25              =  1.00000e+00
dlev26              =  9.99999e-01
dlev27              =  1.00000e+00
dlev28              =  1.00000e+00
dlev29              =  1.00000e+00
dlev30              =  1.00000e+00
dlev31              =  1.00000e+00
dlev32              =  9.99997e-01
vdd_meas            =  1.08000e+00
temp_meas           =  -4.00000e+01
vbias_mv            =  3.80879e+02
lowcount            =  1.50000e+01
vos_mv              =  -4.50012e+00

ngspice-46 done
