
Note: No compatibility mode selected!


Circuit: * klt sim -- generated corner deck, do not edit

Doing analysis at TEMP = -40.000000 and TNOM = 27.000000

Using SPARSE 1.3 as Direct Linear Solver
Note: Starting dynamic gmin stepping
Note: Dynamic gmin stepping completed

Initial Transient Solution
--------------------------

Node                                   Voltage
----                                   -------
vdd                                        1.2
cm                                        0.65
vd                                      -0.048
ap                                       0.626
an                                       0.674
clku                                         0
clk                                          0
ibn                                   0.366458
xa.x1.tmid                         5.69849e-09
xa.x1.tail                            0.624474
xa.x1.np                                   1.2
xa.x1.nn                                   1.2
xa.x1.ln                                   1.2
xa.x1.lp                                   1.2
xa.x1.lnb                           4.3345e-08
xa.x1.lpb                          4.16802e-08
xa.x1.na                                   1.2
doutb                                      1.2
dout                               4.58024e-08
xa.x1.nb                                   1.2
doutn                              3.81687e-08
tcheck                                     -40
pa_00                                  366.458
bpa_00#branch                                0
btchk#branch                                 0
bdoutn#branch                                0
bclk#branch                        3.65002e-10
ean#branch                         1.66867e-13
eap#branch                         2.17604e-13
vclku#branch                                 0
vd#branch                                    0
vcm#branch                          3.8447e-13
vsup#branch                       -2.00007e-05


No. of Data Rows : 12270

  Measurements for Transient Analysis

dlev0               =  6.14948e-06
dlev1               =  7.13702e-06
dlev2               =  6.98990e-06
dlev3               =  6.86208e-06
dlev4               =  6.08754e-06
dlev5               =  5.96191e-06
dlev6               =  2.90668e-06
dlev7               =  5.62322e-06
dlev8               =  5.52378e-06
dlev9               =  5.01535e-06
dlev10              =  5.15014e-06
dlev11              =  4.53360e-06
dlev12              =  2.67886e-06
dlev13              =  -2.74563e-06
dlev14              =  4.08036e-06
dlev15              =  -5.72939e-06
dlev16              =  1.00000e+00
dlev17              =  1.00000e+00
dlev18              =  1.00000e+00
dlev19              =  1.00000e+00
dlev20              =  1.00000e+00
dlev21              =  1.00000e+00
dlev22              =  1.00000e+00
dlev23              =  1.00000e+00
dlev24              =  1.00000e+00
dlev25              =  1.00000e+00
dlev26              =  1.00000e+00
dlev27              =  1.00000e+00
dlev28              =  1.00000e+00
dlev29              =  1.00000e+00
dlev30              =  1.00000e+00
dlev31              =  1.00000e+00
dlev32              =  1.00000e+00
vdd_meas            =  1.20000e+00
temp_meas           =  -4.00000e+01
vbias_mv            =  3.66458e+02
lowcount            =  1.59999e+01
vos_mv              =  -1.50031e+00
vcm_meas            =  6.50000e-01

ngspice-46 done
