
Note: No compatibility mode selected!


Circuit: * klt sim -- generated corner deck, do not edit

Doing analysis at TEMP = -40.000000 and TNOM = 27.000000

Using SPARSE 1.3 as Direct Linear Solver
Note: Starting dynamic gmin stepping
Note: Dynamic gmin stepping completed

Initial Transient Solution
--------------------------

Node                                   Voltage
----                                   -------
vdd                                       1.08
cm                                         0.6
vd                                      -0.048
ap                                       0.576
an                                       0.624
clku                                         0
clk                                          0
ibn                                   0.389756
xa.x1.tmid                         1.42779e-09
xa.x1.tail                            0.591895
xa.x1.np                                  1.08
xa.x1.nn                                  1.08
xa.x1.ln                                  1.08
xa.x1.lp                                  1.08
xa.x1.lnb                          6.55643e-09
xa.x1.lpb                          6.44464e-09
xa.x1.na                               1.07824
doutb                                 0.547637
dout                                  0.559699
xa.x1.nb                               1.07779
doutn                                  0.51824
tcheck                                     -40
pa_00                                  389.756
bpa_00#branch                                0
btchk#branch                                 0
bdoutn#branch                                0
bclk#branch                        4.46875e-11
ean#branch                         5.30687e-14
eap#branch                          7.1082e-14
vclku#branch                                 0
vd#branch                                    0
vcm#branch                         1.24151e-13
vsup#branch                       -2.64135e-05


No. of Data Rows : 12166

  Measurements for Transient Analysis

dlev0               =  -1.17329e-05
dlev1               =  -1.76825e-06
dlev2               =  -2.64270e-06
dlev3               =  -5.94844e-06
dlev4               =  -6.47194e-06
dlev5               =  -3.10318e-06
dlev6               =  2.25825e-06
dlev7               =  -3.21688e-06
dlev8               =  -3.39916e-06
dlev9               =  -4.05414e-06
dlev10              =  -1.11792e-05
dlev11              =  -1.05514e-05
dlev12              =  -1.36099e-05
dlev13              =  8.34990e-08
dlev14              =  -1.22036e-05
dlev15              =  -5.44842e-06
dlev16              =  -9.78207e-07
dlev17              =  -7.95144e-07
dlev18              =  9.99997e-01
dlev19              =  1.00000e+00
dlev20              =  1.00000e+00
dlev21              =  9.99998e-01
dlev22              =  1.00000e+00
dlev23              =  9.99999e-01
dlev24              =  1.00000e+00
dlev25              =  1.00000e+00
dlev26              =  1.00000e+00
dlev27              =  1.00000e+00
dlev28              =  1.00000e+00
dlev29              =  1.00000e+00
dlev30              =  1.00000e+00
dlev31              =  1.00000e+00
dlev32              =  1.00000e+00
vdd_meas            =  1.08000e+00
temp_meas           =  -4.00000e+01
vbias_mv            =  3.89756e+02
lowcount            =  1.80001e+01
vos_mv              =  4.50024e+00

ngspice-46 done
