
Note: Compatibility modes selected: hs a


Circuit: * comparator-regeneration @ ss_125c_1.20v -- generated by sim/harness, do not edit

Doing analysis at TEMP = 125.000000 and TNOM = 27.000000

Using SPARSE 1.3 as Direct Linear Solver

Initial Transient Solution
--------------------------

Node                                   Voltage
----                                   -------
vdd                                        1.2
vdda                                       1.2
clk                                          0
cm                                         0.6
sa                                       -0.05
apa                                      0.575
ana                                      0.625
ibna                                  0.296519
xa.x1.tmid                         1.32301e-05
xa.x1.tail                            0.599324
xa.x1.np                                   1.2
xa.x1.nn                               1.19999
xa.x1.ln                                   1.2
xa.x1.lp                                   1.2
xa.x1.lnb                          7.40062e-07
xa.x1.lpb                          7.40062e-07
xa.x1.na                               1.18005
doutba                                 0.61272
douta                                  0.61272
xa.x1.nb                               1.18005
sb                                      -0.001
apb                                     0.5995
anb                                     0.6005
ibnb                                  0.296519
xb.x1.tmid                         1.31506e-05
xb.x1.tail                            0.593152
xb.x1.np                               1.19999
xb.x1.nn                               1.19999
xb.x1.ln                                   1.2
xb.x1.lp                                   1.2
xb.x1.lnb                          7.40062e-07
xb.x1.lpb                          7.40062e-07
xb.x1.na                               1.18005
doutbb                                 0.61272
doutb                                  0.61272
xb.x1.nb                               1.18005
sc                                     -0.0001
apc                                    0.59995
anc                                    0.60005
ibnc                                  0.296519
xc.x1.tmid                         1.31506e-05
xc.x1.tail                             0.59315
xc.x1.np                               1.19999
xc.x1.nn                               1.19999
xc.x1.ln                                   1.2
xc.x1.lp                                   1.2
xc.x1.lnb                          7.40062e-07
xc.x1.lpb                          7.40062e-07
xc.x1.na                               1.18005
doutbc                                 0.61272
doutc                                  0.61272
xc.x1.nb                               1.18005
clkn                                         0
dan                                     0.5106
dbn                                     0.5106
dcn                                     0.5106
bdcn#branch                                  0
bdbn#branch                                  0
bdan#branch                                  0
bclkn#branch                                 0
eanc#branch                          5.521e-13
eapc#branch                        5.52364e-13
eanb#branch                        5.50779e-13
eapb#branch                         5.5376e-13
eana#branch                        4.82733e-13
eapa#branch                        6.30501e-13
vsc#branch                                   0
vsb#branch                                   0
vsa#branch                                   0
vcm#branch                         3.32224e-12
vclk#branch                        4.38579e-10
vsupa#branch                      -8.18219e-05
vsup#branch                       -0.000163644

 Reference value :  0.00000e+00
 Reference value :  6.76400e-10
 Reference value :  1.22640e-09
 Reference value :  1.79140e-09
 Reference value :  2.50140e-09
 Reference value :  3.21140e-09
 Reference value :  3.93640e-09
 Reference value :  4.65640e-09
 Reference value :  5.37140e-09
 Reference value :  6.08640e-09
 Reference value :  6.79140e-09
 Reference value :  7.51640e-09
 Reference value :  8.22640e-09
 Reference value :  8.95140e-09
 Reference value :  9.66140e-09
 Reference value :  1.02018e-08
 Reference value :  1.07018e-08
 Reference value :  1.11868e-08
 Reference value :  1.16768e-08
 Reference value :  1.21618e-08
 Reference value :  1.27468e-08
 Reference value :  1.34268e-08
 Reference value :  1.41368e-08
 Reference value :  1.48518e-08
 Reference value :  1.55718e-08
 Reference value :  1.63068e-08
 Reference value :  1.70168e-08
 Reference value :  1.77418e-08
 Reference value :  1.84768e-08
 Reference value :  1.91868e-08
 Reference value :  1.99268e-08
 Reference value :  2.03618e-08
 Reference value :  2.08418e-08
 Reference value :  2.13125e-08
 Reference value :  2.17975e-08
 Reference value :  2.22825e-08
 Reference value :  2.29425e-08
 Reference value :  2.36625e-08
 Reference value :  2.43825e-08
 Reference value :  2.51125e-08
 Reference value :  2.58175e-08
 Reference value :  2.65375e-08
 Reference value :  2.72375e-08
 Reference value :  2.79575e-08
 Reference value :  2.86875e-08
 Reference value :  2.93925e-08
 Reference value :  3.01175e-08
 Reference value :  3.08275e-08
 Reference value :  3.15425e-08
 Reference value :  3.22525e-08
 Reference value :  3.29625e-08
 Reference value :  3.37125e-08
 Reference value :  3.44225e-08
 Reference value :  3.51375e-08
 Reference value :  3.58675e-08
 Reference value :  3.65775e-08
 Reference value :  3.72875e-08
 Reference value :  3.80025e-08
 Reference value :  3.87175e-08
 Reference value :  3.94375e-08
 Reference value :  4.00822e-08
 Reference value :  4.05369e-08
 Reference value :  4.10219e-08
 Reference value :  4.14969e-08
 Reference value :  4.19769e-08
 Reference value :  4.25319e-08
 Reference value :  4.31769e-08
 Reference value :  4.38919e-08
 Reference value :  4.46169e-08
 Reference value :  4.53269e-08
 Reference value :  4.60369e-08
 Reference value :  4.67569e-08
 Reference value :  4.74719e-08
 Reference value :  4.81869e-08
 Reference value :  4.88969e-08
 Reference value :  4.96019e-08
 Reference value :  5.03618e-08
 Reference value :  5.09768e-08
 Reference value :  5.15018e-08
 Reference value :  5.20718e-08
 Reference value :  5.27218e-08
 Reference value :  5.35918e-08
 Reference value :  5.44718e-08
 Reference value :  5.53418e-08
 Reference value :  5.60168e-08
 Reference value :  5.67018e-08
 Reference value :  5.73568e-08
 Reference value :  5.80218e-08
 Reference value :  5.87068e-08
 Reference value :  5.94918e-08
No. of Data Rows : 12042
vsup_v              =  1.20000e+00
td_a                =  8.30420e-10 targ=  4.08804e-08 trig=  4.00500e-08
td_b                =  1.13064e-09 targ=  4.11806e-08 trig=  4.00500e-08
td_c                =  1.30012e-09 targ=  4.13501e-08 trig=  4.00500e-08
da_first            =  5.75008e-06
db_first            =  5.83119e-06
dc_first            =  5.80305e-06
da_end              =  9.99999e-01
db_end              =  9.99999e-01
dc_end              =  9.99999e-01
i_stat              =  -2.03630e-05 from=  2.50000e-08 to=  2.90025e-08
q_dec               =  -1.98415e-13 from=  3.99000e-08 to=  4.80000e-08
m_td_od50_ns = 8.3041960000e-01
m_td_od1_ns = 1.1306430000e+00
m_td_od01_ns = 1.3001230000e+00
m_tau_ps = 7.3604228793e+01
m_resolve_decades = 1.5361114688e+01
m_dout_od50_end = 9.9999920000e-01
m_dout_od1_end = 9.9999920000e-01
m_dout_od01_end = 9.9999920000e-01
m_dout_od50_first = 5.7500770000e-06
m_dout_od1_first = 5.8311910000e-06
m_dout_od01_first = 5.8030480000e-06
m_i_static_ua = 2.0363000000e+01
m_e_dec_fj = 4.0169040000e+01
Note: Simulation executed from .control section 

Warning: m=xx on .subckt line will override multiplier m hierarchy!

