
Note: Compatibility modes selected: hs a


Circuit: * comparator-regeneration @ ss_125c_1.08v -- generated by sim/harness, do not edit

Doing analysis at TEMP = 125.000000 and TNOM = 27.000000

Using SPARSE 1.3 as Direct Linear Solver

Initial Transient Solution
--------------------------

Node                                   Voltage
----                                   -------
vdd                                       1.08
vdda                                      1.08
clk                                          0
cm                                         0.6
sa                                       -0.05
apa                                      0.575
ana                                      0.625
ibna                                  0.296519
xa.x1.tmid                         1.31673e-05
xa.x1.tail                             0.59445
xa.x1.np                                  1.08
xa.x1.nn                               1.07998
xa.x1.ln                                  1.08
xa.x1.lp                                  1.08
xa.x1.lnb                          7.89712e-07
xa.x1.lpb                          7.89712e-07
xa.x1.na                               1.06765
doutba                                0.554838
douta                                 0.554838
xa.x1.nb                               1.06765
sb                                      -0.001
apb                                     0.5995
anb                                     0.6005
ibnb                                  0.296519
xb.x1.tmid                         1.30885e-05
xb.x1.tail                            0.588342
xb.x1.np                               1.07999
xb.x1.nn                               1.07999
xb.x1.ln                                  1.08
xb.x1.lp                                  1.08
xb.x1.lnb                          7.89712e-07
xb.x1.lpb                          7.89712e-07
xb.x1.na                               1.06765
doutbb                                0.554838
doutb                                 0.554838
xb.x1.nb                               1.06765
sc                                     -0.0001
apc                                    0.59995
anc                                    0.60005
ibnc                                  0.296519
xc.x1.tmid                         1.30885e-05
xc.x1.tail                            0.588339
xc.x1.np                               1.07999
xc.x1.nn                               1.07999
xc.x1.ln                                  1.08
xc.x1.lp                                  1.08
xc.x1.lnb                          7.89712e-07
xc.x1.lpb                          7.89712e-07
xc.x1.na                               1.06765
doutbc                                0.554838
doutc                                 0.554838
xc.x1.nb                               1.06765
clkn                                         0
dan                                   0.513738
dbn                                   0.513738
dcn                                   0.513738
bdcn#branch                                  0
bdbn#branch                                  0
bdan#branch                                  0
bclkn#branch                                 0
eanc#branch                        2.84455e-13
eapc#branch                         2.8458e-13
eanb#branch                        2.83692e-13
eapb#branch                        2.85455e-13
eana#branch                        2.44267e-13
eapa#branch                        3.30236e-13
vsc#branch                                   0
vsb#branch                                   0
vsa#branch                                   0
vcm#branch                         1.71269e-12
vclk#branch                         3.0102e-10
vsupa#branch                      -5.36337e-05
vsup#branch                       -0.000107267

 Reference value :  0.00000e+00
 Reference value :  6.71400e-10
 Reference value :  1.36140e-09
 Reference value :  1.83140e-09
 Reference value :  2.52640e-09
 Reference value :  3.24140e-09
 Reference value :  3.96640e-09
 Reference value :  4.70140e-09
 Reference value :  5.40640e-09
 Reference value :  6.13140e-09
 Reference value :  6.84140e-09
 Reference value :  7.55640e-09
 Reference value :  8.26640e-09
 Reference value :  8.98640e-09
 Reference value :  9.69140e-09
 Reference value :  1.02267e-08
 Reference value :  1.07217e-08
 Reference value :  1.11967e-08
 Reference value :  1.16767e-08
 Reference value :  1.21767e-08
 Reference value :  1.27767e-08
 Reference value :  1.34867e-08
 Reference value :  1.41917e-08
 Reference value :  1.49017e-08
 Reference value :  1.56117e-08
 Reference value :  1.63267e-08
 Reference value :  1.70267e-08
 Reference value :  1.77617e-08
 Reference value :  1.84767e-08
 Reference value :  1.91917e-08
 Reference value :  1.99167e-08
 Reference value :  2.03525e-08
 Reference value :  2.08325e-08
 Reference value :  2.13025e-08
 Reference value :  2.17975e-08
 Reference value :  2.22825e-08
 Reference value :  2.28875e-08
 Reference value :  2.36075e-08
 Reference value :  2.43125e-08
 Reference value :  2.50225e-08
 Reference value :  2.57525e-08
 Reference value :  2.64525e-08
 Reference value :  2.71625e-08
 Reference value :  2.78925e-08
 Reference value :  2.86025e-08
 Reference value :  2.93025e-08
 Reference value :  3.00275e-08
 Reference value :  3.07425e-08
 Reference value :  3.14775e-08
 Reference value :  3.21975e-08
 Reference value :  3.29075e-08
 Reference value :  3.36275e-08
 Reference value :  3.43475e-08
 Reference value :  3.50625e-08
 Reference value :  3.57725e-08
 Reference value :  3.64775e-08
 Reference value :  3.72075e-08
 Reference value :  3.79175e-08
 Reference value :  3.86325e-08
 Reference value :  3.93725e-08
 Reference value :  4.00431e-08
 Reference value :  4.04968e-08
 Reference value :  4.09868e-08
 Reference value :  4.14618e-08
 Reference value :  4.19468e-08
 Reference value :  4.24968e-08
 Reference value :  4.31418e-08
 Reference value :  4.38868e-08
 Reference value :  4.46018e-08
 Reference value :  4.53068e-08
 Reference value :  4.60268e-08
 Reference value :  4.67368e-08
 Reference value :  4.74418e-08
 Reference value :  4.81618e-08
 Reference value :  4.88618e-08
 Reference value :  4.97068e-08
 Reference value :  5.04475e-08
 Reference value :  5.09775e-08
 Reference value :  5.15575e-08
 Reference value :  5.21475e-08
 Reference value :  5.28375e-08
 Reference value :  5.36725e-08
 Reference value :  5.45575e-08
 Reference value :  5.52175e-08
 Reference value :  5.58725e-08
 Reference value :  5.65325e-08
 Reference value :  5.71975e-08
 Reference value :  5.78725e-08
 Reference value :  5.86175e-08
 Reference value :  5.95225e-08
No. of Data Rows : 12042
vsup_v              =  1.08000e+00
td_a                =  8.36464e-10 targ=  4.08865e-08 trig=  4.00500e-08
td_b                =  1.21919e-09 targ=  4.12692e-08 trig=  4.00500e-08
td_c                =  1.43685e-09 targ=  4.14869e-08 trig=  4.00500e-08
da_first            =  6.99775e-06
db_first            =  1.40946e-07
dc_first            =  1.41360e-07
da_end              =  9.99999e-01
db_end              =  9.99999e-01
dc_end              =  9.99999e-01
i_stat              =  -2.03626e-05 from=  2.50000e-08 to=  2.90025e-08
q_dec               =  -1.94859e-13 from=  3.99000e-08 to=  4.80000e-08
m_td_od50_ns = 8.3646350000e-01
m_td_od1_ns = 1.2191890000e+00
m_td_od01_ns = 1.4368530000e+00
m_tau_ps = 9.4530274109e+01
m_resolve_decades = 1.2897339096e+01
m_dout_od50_end = 9.9999910000e-01
m_dout_od1_end = 9.9999910000e-01
m_dout_od01_end = 9.9999910000e-01
m_dout_od50_first = 6.9977470000e-06
m_dout_od1_first = 1.4094570000e-07
m_dout_od01_first = 1.4135960000e-07
m_i_static_ua = 2.0362600000e+01
m_e_dec_fj = 3.2315695200e+01
Note: Simulation executed from .control section 

Warning: m=xx on .subckt line will override multiplier m hierarchy!

