
Note: No compatibility mode selected!


Circuit: * klt sim -- generated corner deck, do not edit

Doing analysis at TEMP = -40.000000 and TNOM = 27.000000

Using SPARSE 1.3 as Direct Linear Solver

Initial Transient Solution
--------------------------

Node                                   Voltage
----                                   -------
vdd                                       1.08
cm                                         0.6
vd                                      -0.048
ap                                       0.576
an                                       0.624
clku                                         0
clk                                          0
ibn                                   0.355453
xa.x1.tmid                         5.60976e-09
xa.x1.tail                            0.583058
xa.x1.np                                  1.08
xa.x1.nn                                  1.08
xa.x1.ln                                  1.08
xa.x1.lp                                  1.08
xa.x1.lnb                          3.65746e-08
xa.x1.lpb                          3.84631e-08
xa.x1.na                                1.0744
doutb                                 0.582689
dout                                  0.589353
xa.x1.nb                                 1.074
doutn                                 0.545697
tcheck                                     -40
pa_00                                  355.453
bpa_00#branch                                0
btchk#branch                                 0
bdoutn#branch                                0
bclk#branch                        2.55152e-10
ean#branch                         1.11716e-13
eap#branch                         1.48742e-13
vclku#branch                                 0
vd#branch                                    0
vcm#branch                         2.60458e-13
vsup#branch                       -3.93391e-05


No. of Data Rows : 12154

  Measurements for Transient Analysis

dlev0               =  4.36802e-06
dlev1               =  -6.10251e-06
dlev2               =  -6.46714e-06
dlev3               =  -4.96228e-06
dlev4               =  5.38172e-07
dlev5               =  -7.16004e-07
dlev6               =  -6.03710e-07
dlev7               =  -8.34678e-07
dlev8               =  -1.99761e-06
dlev9               =  -4.59264e-06
dlev10              =  -1.15674e-05
dlev11              =  -6.13289e-06
dlev12              =  -1.08750e-05
dlev13              =  4.68614e-06
dlev14              =  -2.50701e-06
dlev15              =  5.24879e-06
dlev16              =  -7.68899e-06
dlev17              =  4.73576e-06
dlev18              =  1.00000e+00
dlev19              =  9.99998e-01
dlev20              =  9.99997e-01
dlev21              =  9.99997e-01
dlev22              =  1.00000e+00
dlev23              =  1.00000e+00
dlev24              =  1.00000e+00
dlev25              =  1.00000e+00
dlev26              =  9.99996e-01
dlev27              =  1.00000e+00
dlev28              =  1.00000e+00
dlev29              =  1.00000e+00
dlev30              =  1.00000e+00
dlev31              =  1.00000e+00
dlev32              =  1.00000e+00
vdd_meas            =  1.08000e+00
temp_meas           =  -4.00000e+01
vbias_mv            =  3.55453e+02
lowcount            =  1.80001e+01
vos_mv              =  4.50015e+00

ngspice-46 done
