
Note: No compatibility mode selected!


Circuit: * klt sim -- generated corner deck, do not edit

Doing analysis at TEMP = -40.000000 and TNOM = 27.000000

Using SPARSE 1.3 as Direct Linear Solver

Initial Transient Solution
--------------------------

Node                                   Voltage
----                                   -------
vdd                                        1.2
cm                                        0.55
vd                                      -0.048
ap                                       0.526
an                                       0.574
clku                                         0
clk                                          0
ibn                                   0.367486
xa.x1.tmid                          4.9805e-09
xa.x1.tail                            0.541431
xa.x1.np                                   1.2
xa.x1.nn                                   1.2
xa.x1.ln                                   1.2
xa.x1.lp                                   1.2
xa.x1.lnb                          4.40084e-08
xa.x1.lpb                          4.13148e-08
xa.x1.na                                1.1891
doutb                                 0.649462
dout                                  0.653377
xa.x1.nb                               1.18948
doutn                                 0.544481
tcheck                                     -40
pa_00                                  367.486
bpa_00#branch                                0
btchk#branch                                 0
bdoutn#branch                                0
bclk#branch                        3.61666e-10
ean#branch                         2.84189e-13
eap#branch                         3.62238e-13
vclku#branch                                 0
vd#branch                                    0
vcm#branch                         6.46427e-13
vsup#branch                       -7.19743e-05


No. of Data Rows : 12277

  Measurements for Transient Analysis

dlev0               =  -3.28801e-06
dlev1               =  9.52919e-06
dlev2               =  6.21521e-06
dlev3               =  7.66551e-06
dlev4               =  4.17471e-06
dlev5               =  4.18018e-06
dlev6               =  7.66678e-06
dlev7               =  8.00259e-06
dlev8               =  6.26279e-06
dlev9               =  6.00777e-06
dlev10              =  3.49173e-06
dlev11              =  5.91211e-06
dlev12              =  5.42532e-06
dlev13              =  6.99100e-06
dlev14              =  4.91869e-06
dlev15              =  4.91849e-06
dlev16              =  4.99019e-06
dlev17              =  9.99998e-01
dlev18              =  1.00000e+00
dlev19              =  1.00000e+00
dlev20              =  1.00000e+00
dlev21              =  1.00000e+00
dlev22              =  1.00000e+00
dlev23              =  1.00000e+00
dlev24              =  1.00000e+00
dlev25              =  1.00000e+00
dlev26              =  1.00000e+00
dlev27              =  1.00000e+00
dlev28              =  1.00000e+00
dlev29              =  1.00000e+00
dlev30              =  1.00000e+00
dlev31              =  1.00000e+00
dlev32              =  1.00000e+00
vdd_meas            =  1.20000e+00
temp_meas           =  -4.00000e+01
vbias_mv            =  3.67486e+02
lowcount            =  1.69999e+01
vos_mv              =  1.49959e+00
vcm_meas            =  5.50000e-01

ngspice-46 done
