
Note: No compatibility mode selected!


Circuit: * klt sim -- generated corner deck, do not edit

Doing analysis at TEMP = 27.000000 and TNOM = 27.000000

Using SPARSE 1.3 as Direct Linear Solver

Initial Transient Solution
--------------------------

Node                                   Voltage
----                                   -------
vdd                                        1.2
cm                                         0.6
vd                                      -0.048
ap                                       0.576
an                                       0.624
clku                                         0
clk                                          0
ibn                                   0.355148
xa.x1.tmid                         1.00346e-07
xa.x1.tail                             0.59774
xa.x1.np                                   1.2
xa.x1.nn                                   1.2
xa.x1.ln                                   1.2
xa.x1.lp                                   1.2
xa.x1.lnb                          1.67662e-08
xa.x1.lpb                          1.65444e-08
xa.x1.na                                   1.2
doutb                                      1.2
dout                               1.83187e-08
xa.x1.nb                                   1.2
doutn                              1.52656e-08
tcheck                                      27
pa_00                                  355.148
bpa_00#branch                                0
btchk#branch                                 0
bdoutn#branch                                0
bclk#branch                         9.5918e-11
ean#branch                          2.1752e-13
eap#branch                         2.81247e-13
vclku#branch                                 0
vd#branch                                    0
vcm#branch                         4.98768e-13
vsup#branch                       -2.00004e-05


No. of Data Rows : 12181

  Measurements for Transient Analysis

dlev0               =  3.21729e-06
dlev1               =  2.07638e-06
dlev2               =  2.04159e-06
dlev3               =  2.07302e-06
dlev4               =  1.78028e-06
dlev5               =  1.52114e-06
dlev6               =  2.17960e-06
dlev7               =  1.55448e-06
dlev8               =  3.90353e-06
dlev9               =  4.50367e-06
dlev10              =  2.98831e-06
dlev11              =  1.98816e-07
dlev12              =  3.89426e-06
dlev13              =  3.45461e-06
dlev14              =  3.45196e-07
dlev15              =  1.31110e-06
dlev16              =  -5.71494e-07
dlev17              =  9.99999e-01
dlev18              =  1.00000e+00
dlev19              =  1.00000e+00
dlev20              =  1.00000e+00
dlev21              =  1.00000e+00
dlev22              =  1.00000e+00
dlev23              =  1.00000e+00
dlev24              =  1.00000e+00
dlev25              =  1.00000e+00
dlev26              =  1.00000e+00
dlev27              =  1.00000e+00
dlev28              =  1.00000e+00
dlev29              =  1.00000e+00
dlev30              =  1.00000e+00
dlev31              =  1.00000e+00
dlev32              =  1.00000e+00
vdd_meas            =  1.20000e+00
temp_meas           =  2.70000e+01
vbias_mv            =  3.55148e+02
lowcount            =  1.69999e+01
vos_mv              =  1.49984e+00

ngspice-46 done
