
Note: No compatibility mode selected!


Circuit: * klt sim -- generated corner deck, do not edit

Doing analysis at TEMP = 125.000000 and TNOM = 27.000000

Using SPARSE 1.3 as Direct Linear Solver

Initial Transient Solution
--------------------------

Node                                   Voltage
----                                   -------
vdd                                       1.08
cm                                        0.55
vd                                      -0.048
ap                                       0.526
an                                       0.574
clku                                         0
clk                                          0
ibn                                   0.248993
xa.x1.tmid                         8.21237e-05
xa.x1.tail                            0.534012
xa.x1.np                               1.07998
xa.x1.nn                               1.07991
xa.x1.ln                                  1.08
xa.x1.lp                                  1.08
xa.x1.lnb                          4.09335e-06
xa.x1.lpb                          4.09952e-06
xa.x1.na                               1.07999
doutb                              5.84779e-06
dout                                   1.07999
xa.x1.nb                                  1.08
doutn                                 0.999994
tcheck                                     125
pa_00                                  248.993
bpa_00#branch                                0
btchk#branch                                 0
bdoutn#branch                                0
bclk#branch                        3.35302e-10
ean#branch                         1.44468e-12
eap#branch                         1.88102e-12
vclku#branch                                 0
vd#branch                                    0
vcm#branch                          3.3257e-12
vsup#branch                       -2.01657e-05


No. of Data Rows : 12113

  Measurements for Transient Analysis

dlev0               =  5.70853e-06
dlev1               =  4.45722e-06
dlev2               =  4.51347e-06
dlev3               =  4.94114e-06
dlev4               =  5.02862e-06
dlev5               =  6.09770e-06
dlev6               =  4.75206e-06
dlev7               =  4.90989e-06
dlev8               =  4.66784e-06
dlev9               =  4.76833e-06
dlev10              =  4.77399e-06
dlev11              =  5.51852e-06
dlev12              =  5.27531e-06
dlev13              =  4.77387e-06
dlev14              =  5.02275e-06
dlev15              =  6.53016e-06
dlev16              =  5.78944e-06
dlev17              =  5.22778e-06
dlev18              =  9.99993e-01
dlev19              =  9.99993e-01
dlev20              =  9.99993e-01
dlev21              =  9.99993e-01
dlev22              =  9.99993e-01
dlev23              =  9.99994e-01
dlev24              =  9.99993e-01
dlev25              =  9.99993e-01
dlev26              =  9.99993e-01
dlev27              =  9.99993e-01
dlev28              =  9.99993e-01
dlev29              =  9.99993e-01
dlev30              =  9.99993e-01
dlev31              =  9.99993e-01
dlev32              =  9.99993e-01
vdd_meas            =  1.08000e+00
temp_meas           =  1.25000e+02
vbias_mv            =  2.48993e+02
lowcount            =  1.80000e+01
vos_mv              =  4.50003e+00
vcm_meas            =  5.50000e-01

ngspice-46 done
