
Note: No compatibility mode selected!


Circuit: * klt sim -- generated corner deck, do not edit

Doing analysis at TEMP = 27.000000 and TNOM = 27.000000

Using SPARSE 1.3 as Direct Linear Solver

Initial Transient Solution
--------------------------

Node                                   Voltage
----                                   -------
vdd                                       1.08
cm                                         0.6
vd                                      -0.048
ap                                       0.576
an                                       0.624
clku                                         0
clk                                          0
ibn                                   0.332178
xa.x1.tmid                         3.39733e-07
xa.x1.tail                            0.587706
xa.x1.np                                  1.08
xa.x1.nn                                  1.08
xa.x1.ln                                  1.08
xa.x1.lp                                  1.08
xa.x1.lnb                          2.26205e-07
xa.x1.lpb                          2.97587e-07
xa.x1.na                               1.07032
doutb                                 0.591214
dout                                  0.591628
xa.x1.nb                               1.07045
doutn                                 0.547804
tcheck                                      27
pa_00                                  332.178
bpa_00#branch                                0
btchk#branch                                 0
bdoutn#branch                                0
bclk#branch                        3.86391e-10
ean#branch                         2.30926e-13
eap#branch                         3.07254e-13
vclku#branch                                 0
vd#branch                                    0
vcm#branch                         5.38181e-13
vsup#branch                       -5.68106e-05


No. of Data Rows : 12129

  Measurements for Transient Analysis

dlev0               =  2.74849e-06
dlev1               =  -1.25097e-06
dlev2               =  -5.94595e-07
dlev3               =  3.68463e-06
dlev4               =  3.87153e-06
dlev5               =  3.85294e-06
dlev6               =  -5.51111e-06
dlev7               =  3.22156e-06
dlev8               =  -8.16649e-06
dlev9               =  -5.26408e-06
dlev10              =  4.56226e-06
dlev11              =  5.08778e-06
dlev12              =  4.63847e-06
dlev13              =  -6.68002e-06
dlev14              =  -4.12472e-06
dlev15              =  -5.93005e-06
dlev16              =  6.46494e-06
dlev17              =  1.00000e+00
dlev18              =  9.99999e-01
dlev19              =  1.00000e+00
dlev20              =  1.00000e+00
dlev21              =  1.00000e+00
dlev22              =  1.00000e+00
dlev23              =  1.00000e+00
dlev24              =  1.00000e+00
dlev25              =  1.00000e+00
dlev26              =  1.00000e+00
dlev27              =  1.00000e+00
dlev28              =  1.00000e+00
dlev29              =  1.00000e+00
dlev30              =  9.99997e-01
dlev31              =  1.00000e+00
dlev32              =  1.00000e+00
vdd_meas            =  1.08000e+00
temp_meas           =  2.70000e+01
vbias_mv            =  3.32178e+02
lowcount            =  1.70000e+01
vos_mv              =  1.50000e+00

ngspice-46 done
