
Note: No compatibility mode selected!


Circuit: * klt sim -- generated corner deck, do not edit

Doing analysis at TEMP = -40.000000 and TNOM = 27.000000

Using SPARSE 1.3 as Direct Linear Solver

Initial Transient Solution
--------------------------

Node                                   Voltage
----                                   -------
vdd                                       1.32
cm                                         0.6
clku                                         0
clk                                          0
sa                                       0.001
asp                                     0.6005
asn                                     0.5995
apa                                     0.6005
ana                                     0.5995
apa_pin                                 0.6005
ana_pin                                 0.5995
ibna                                  0.344918
xa.x1.tmid                         2.46187e-08
xa.x1.tail                            0.546967
xa.x1.np                                  1.32
xa.x1.nn                                  1.32
xa.x1.ln                                  1.32
xa.x1.lp                                  1.32
xa.x1.lnb                          3.36782e-08
xa.x1.lpb                          3.36782e-08
xa.x1.na                               1.29971
doutba                                0.680142
douta                                 0.680142
xa.x1.nb                               1.29971
qp                                -0.000612468
qn                                -0.000615369
sb                                       0.001
bsp                                     0.6005
bsn                                     0.5995
bpp                                   0.601111
bpn                                   0.600114
ibnb                                  0.344918
xb.x1.tmid                         2.46333e-08
xb.x1.tail                            0.547496
xb.x1.np                                  1.32
xb.x1.nn                                  1.32
xb.x1.ln                                  1.32
xb.x1.lp                                  1.32
xb.x1.lnb                          3.36782e-08
xb.x1.lpb                          3.36782e-08
xb.x1.na                               1.29971
doutbb                                0.680142
doutb                                 0.680142
xb.x1.nb                               1.29971
sc                                         0.1
csp                                       0.65
csn                                       0.55
cpp                                   0.650483
cpn                                   0.550772
ibnc                                  0.344918
xc.x1.tmid                         2.54183e-08
xc.x1.tail                            0.575979
xc.x1.np                                  1.32
xc.x1.nn                                  1.32
xc.x1.ln                                  1.32
xc.x1.lp                                  1.32
xc.x1.lnb                          3.36782e-08
xc.x1.lpb                          3.36782e-08
xc.x1.na                               1.29971
doutbc                                0.680142
doutc                                 0.680142
xc.x1.nb                               1.29971
ad                                 6.12468e-10
bd                                 0.000997102
cd                                    0.099711
bc                                 0.000612172
dan                                   0.515259
dbn                                   0.515259
dcn                                   0.515259
tcheck                                     -40
btchk#branch                                 0
bdcn#branch                                  0
bdbn#branch                                  0
bdan#branch                                  0
bbc#branch                                   0
bcd#branch                                   0
bbd#branch                                   0
bad#branch                                   0
vkn#branch                        -6.15369e-13
vkp#branch                        -6.12468e-13
bclk#branch                        8.54587e-10
ecsn#branch                        7.71559e-13
ecsp#branch                        4.82566e-13
ebsn#branch                        6.13621e-13
ebsp#branch                        6.10723e-13
easn#branch                        6.15369e-13
easp#branch                        6.12468e-13
vsc#branch                                   0
vsb#branch                                   0
vsa#branch                                   0
vclku#branch                                 0
vcm#branch                         3.70631e-12
vsup#branch                       -0.000351654


No. of Data Rows : 12078

  Measurements for Transient Analysis

vdd_meas            =  1.32000e+00
temp_meas           =  -4.00000e+01
ad_pos              =  8.42979e-02 at=  4.02321e-08
ad_neg              =  -2.98153e-02 at=  4.01500e-08
kick_1k_peak_mv     =  8.42979e+01
kick_1k_pos_mv      =  8.42979e+01
kick_1k_neg_mv      =  -2.98153e+01
qp29                =  -6.12468e-04
qpmax               =  1.76146e-02 at=  4.01550e-08
qpmin               =  -1.94967e-03 at=  3.00519e-08
qkick_p_fc          =  1.82271e+01
qn29                =  -6.15369e-04
qnmax               =  1.79140e-02 at=  4.01600e-08
qnmin               =  -1.95243e-03 at=  3.00519e-08
qkick_n_fc          =  1.85294e+01
qkick_fc            =  1.85294e+01
bd0                 =  9.97102e-04
bd1                 =  9.96955e-04
cd0                 =  9.97110e-02
cd1                 =  9.97027e-02
kick_sigdep_uv      =  8.19285e+00
bc0                 =  6.12172e-04
bc1                 =  -1.78524e-04
kick_cm_uv          =  -7.90696e+02
dout_1k_end         =  1.00000e+00
dout_float_small_end=  1.00000e+00
dout_float_big_end  =  1.00000e+00

ngspice-46 done
