
Note: No compatibility mode selected!


Circuit: * klt sim -- generated corner deck, do not edit

Doing analysis at TEMP = 125.000000 and TNOM = 27.000000

Using SPARSE 1.3 as Direct Linear Solver

Initial Transient Solution
--------------------------

Node                                   Voltage
----                                   -------
vdd                                       1.08
cm                                         0.6
vd                                      -0.048
ap                                       0.576
an                                       0.624
clku                                         0
clk                                          0
ibn                                   0.234244
xa.x1.tmid                         9.72737e-05
xa.x1.tail                             0.57453
xa.x1.np                               1.07997
xa.x1.nn                               1.07991
xa.x1.ln                                  1.08
xa.x1.lp                                  1.08
xa.x1.lnb                          4.16896e-06
xa.x1.lpb                          4.26061e-06
xa.x1.na                               1.05932
doutb                                 0.556735
dout                                  0.558618
xa.x1.nb                               1.05971
doutn                                 0.517239
tcheck                                     125
pa_00                                  234.244
bpa_00#branch                                0
btchk#branch                                 0
bdoutn#branch                                0
bclk#branch                        3.37517e-10
ean#branch                         1.08713e-12
eap#branch                         1.44107e-12
vclku#branch                                 0
vd#branch                                    0
vcm#branch                          2.5282e-12
vsup#branch                       -7.99988e-05


No. of Data Rows : 12080

  Measurements for Transient Analysis

dlev0               =  3.29467e-06
dlev1               =  5.06525e-06
dlev2               =  3.22993e-06
dlev3               =  3.98254e-06
dlev4               =  3.67224e-06
dlev5               =  3.30881e-06
dlev6               =  3.75170e-06
dlev7               =  3.62959e-06
dlev8               =  3.68842e-06
dlev9               =  3.61724e-06
dlev10              =  2.97103e-06
dlev11              =  3.80587e-06
dlev12              =  3.38131e-06
dlev13              =  2.76544e-06
dlev14              =  3.49906e-06
dlev15              =  9.99994e-01
dlev16              =  9.99994e-01
dlev17              =  9.99995e-01
dlev18              =  9.99995e-01
dlev19              =  9.99994e-01
dlev20              =  9.99994e-01
dlev21              =  9.99994e-01
dlev22              =  9.99994e-01
dlev23              =  9.99994e-01
dlev24              =  9.99994e-01
dlev25              =  9.99994e-01
dlev26              =  9.99993e-01
dlev27              =  9.99995e-01
dlev28              =  9.99994e-01
dlev29              =  9.99994e-01
dlev30              =  9.99994e-01
dlev31              =  9.99994e-01
dlev32              =  9.99995e-01
vdd_meas            =  1.08000e+00
temp_meas           =  1.25000e+02
vbias_mv            =  2.34244e+02
lowcount            =  1.50001e+01
vos_mv              =  -4.49984e+00

ngspice-46 done
