
Note: No compatibility mode selected!


Circuit: * klt sim -- generated corner deck, do not edit

Doing analysis at TEMP = 27.000000 and TNOM = 27.000000

Using SPARSE 1.3 as Direct Linear Solver

Initial Transient Solution
--------------------------

Node                                   Voltage
----                                   -------
vdd                                       1.08
cm                                         0.6
vd                                      -0.048
ap                                       0.576
an                                       0.624
clku                                         0
clk                                          0
ibn                                   0.297303
xa.x1.tmid                         5.49155e-07
xa.x1.tail                            0.582914
xa.x1.np                                  1.08
xa.x1.nn                                  1.08
xa.x1.ln                                  1.08
xa.x1.lp                                  1.08
xa.x1.lnb                          2.43851e-07
xa.x1.lpb                          1.93995e-07
xa.x1.na                               1.06993
doutb                                 0.583817
dout                                   0.58444
xa.x1.nb                               1.06965
doutn                                 0.541148
tcheck                                      27
pa_00                                  297.303
bpa_00#branch                                0
btchk#branch                                 0
bdoutn#branch                                0
bclk#branch                        3.88115e-10
ean#branch                         2.30843e-13
eap#branch                          3.0681e-13
vclku#branch                                 0
vd#branch                                    0
vcm#branch                         5.37653e-13
vsup#branch                       -5.01429e-05


No. of Data Rows : 12043

  Measurements for Transient Analysis

dlev0               =  1.04915e-06
dlev1               =  1.59805e-06
dlev2               =  2.44760e-06
dlev3               =  2.73581e-06
dlev4               =  2.43646e-06
dlev5               =  2.59778e-06
dlev6               =  -6.10837e-06
dlev7               =  2.81053e-06
dlev8               =  1.41249e-06
dlev9               =  -3.34872e-07
dlev10              =  2.63031e-08
dlev11              =  -6.78994e-06
dlev12              =  2.84568e-06
dlev13              =  -4.37421e-06
dlev14              =  3.15045e-06
dlev15              =  6.79158e-07
dlev16              =  1.00000e+00
dlev17              =  1.00000e+00
dlev18              =  1.00000e+00
dlev19              =  1.00000e+00
dlev20              =  1.00000e+00
dlev21              =  1.00000e+00
dlev22              =  1.00000e+00
dlev23              =  1.00000e+00
dlev24              =  9.99997e-01
dlev25              =  1.00000e+00
dlev26              =  1.00000e+00
dlev27              =  1.00000e+00
dlev28              =  1.00000e+00
dlev29              =  1.00000e+00
dlev30              =  1.00000e+00
dlev31              =  9.99996e-01
dlev32              =  1.00000e+00
vdd_meas            =  1.08000e+00
temp_meas           =  2.70000e+01
vbias_mv            =  2.97303e+02
lowcount            =  1.60000e+01
vos_mv              =  -1.50003e+00

ngspice-46 done
