
Note: No compatibility mode selected!


Circuit: * klt sim -- generated corner deck, do not edit

Doing analysis at TEMP = 27.000000 and TNOM = 27.000000

Using SPARSE 1.3 as Direct Linear Solver

Initial Transient Solution
--------------------------

Node                                   Voltage
----                                   -------
vdd                                       1.08
cm                                         0.6
vd                                      -0.048
ap                                       0.576
an                                       0.624
clku                                         0
clk                                          0
ibn                                   0.308249
xa.x1.tmid                         1.17213e-06
xa.x1.tail                            0.525476
xa.x1.np                                  1.08
xa.x1.nn                                  1.08
xa.x1.ln                                  1.08
xa.x1.lp                                  1.08
xa.x1.lnb                          8.82127e-08
xa.x1.lpb                          8.47807e-08
xa.x1.na                                  1.08
doutb                                     1.08
dout                               1.17162e-07
xa.x1.nb                                  1.08
doutn                              1.08484e-07
tcheck                                      27
pa_00                                  308.249
bpa_00#branch                                0
btchk#branch                                 0
bdoutn#branch                                0
bclk#branch                        2.14585e-10
ean#branch                         3.19453e-13
eap#branch                         4.25687e-13
vclku#branch                                 0
vd#branch                                    0
vcm#branch                          7.4514e-13
vsup#branch                       -2.00035e-05


No. of Data Rows : 12103

  Measurements for Transient Analysis

dlev0               =  -2.29432e-06
dlev1               =  -4.29616e-06
dlev2               =  -4.58890e-06
dlev3               =  -2.17581e-06
dlev4               =  -2.26123e-06
dlev5               =  1.98549e-07
dlev6               =  3.80813e-07
dlev7               =  -1.54366e-08
dlev8               =  -5.91942e-07
dlev9               =  -1.30359e-06
dlev10              =  -1.45349e-07
dlev11              =  -8.93759e-07
dlev12              =  -1.20523e-06
dlev13              =  -2.77981e-08
dlev14              =  9.99999e-01
dlev15              =  1.00000e+00
dlev16              =  1.00000e+00
dlev17              =  1.00000e+00
dlev18              =  9.99999e-01
dlev19              =  1.00000e+00
dlev20              =  1.00000e+00
dlev21              =  9.99999e-01
dlev22              =  1.00000e+00
dlev23              =  1.00000e+00
dlev24              =  1.00000e+00
dlev25              =  1.00000e+00
dlev26              =  1.00000e+00
dlev27              =  1.00000e+00
dlev28              =  9.99999e-01
dlev29              =  9.99999e-01
dlev30              =  1.00000e+00
dlev31              =  1.00000e+00
dlev32              =  1.00000e+00
vdd_meas            =  1.08000e+00
temp_meas           =  2.70000e+01
vbias_mv            =  3.08249e+02
lowcount            =  1.40000e+01
vos_mv              =  -7.49992e+00

ngspice-46 done
