
Note: No compatibility mode selected!


Circuit: * klt sim -- generated corner deck, do not edit

Doing analysis at TEMP = 27.000000 and TNOM = 27.000000

Using SPARSE 1.3 as Direct Linear Solver

Initial Transient Solution
--------------------------

Node                                   Voltage
----                                   -------
vdd                                       1.32
cm                                         0.6
vd                                      -0.048
ap                                       0.576
an                                       0.624
clku                                         0
clk                                          0
ibn                                   0.252131
xa.x1.tmid                         8.85712e-06
xa.x1.tail                            0.574732
xa.x1.np                                  1.32
xa.x1.nn                               1.31999
xa.x1.ln                                  1.32
xa.x1.lp                                  1.32
xa.x1.lnb                          5.61531e-07
xa.x1.lpb                          6.42268e-07
xa.x1.na                                  1.32
doutb                                     1.32
dout                               7.88473e-07
xa.x1.nb                                  1.32
doutn                              5.97328e-07
tcheck                                      27
pa_00                                  252.131
bpa_00#branch                                0
btchk#branch                                 0
bdoutn#branch                                0
bclk#branch                        1.36466e-09
ean#branch                         7.09441e-12
eap#branch                         8.80337e-12
vclku#branch                                 0
vd#branch                                    0
vcm#branch                         1.58978e-11
vsup#branch                       -1.50248e-05


No. of Data Rows : 12354

  Measurements for Transient Analysis

dlev0               =  -3.73200e-06
dlev1               =  -3.22634e-06
dlev2               =  1.15126e-06
dlev3               =  -6.47480e-06
dlev4               =  -2.72659e-06
dlev5               =  -2.47754e-08
dlev6               =  -2.02337e-07
dlev7               =  -2.10469e-06
dlev8               =  1.77319e-06
dlev9               =  -5.39564e-06
dlev10              =  -1.78874e-06
dlev11              =  -5.31045e-06
dlev12              =  -5.14410e-06
dlev13              =  4.53790e-06
dlev14              =  6.15893e-06
dlev15              =  3.18915e-06
dlev16              =  -4.15935e-06
dlev17              =  1.00000e+00
dlev18              =  9.99999e-01
dlev19              =  9.99999e-01
dlev20              =  9.99999e-01
dlev21              =  9.99998e-01
dlev22              =  9.99999e-01
dlev23              =  9.99999e-01
dlev24              =  9.99999e-01
dlev25              =  9.99999e-01
dlev26              =  9.99999e-01
dlev27              =  9.99999e-01
dlev28              =  9.99999e-01
dlev29              =  1.00000e+00
dlev30              =  9.99998e-01
dlev31              =  9.99999e-01
dlev32              =  9.99999e-01
vdd_meas            =  1.32000e+00
temp_meas           =  2.70000e+01
vbias_mv            =  2.52131e+02
lowcount            =  1.70000e+01
vos_mv              =  1.50012e+00

ngspice-46 done
