
Note: No compatibility mode selected!


Circuit: * klt sim -- generated corner deck, do not edit

Doing analysis at TEMP = -40.000000 and TNOM = 27.000000

Using SPARSE 1.3 as Direct Linear Solver

Initial Transient Solution
--------------------------

Node                                   Voltage
----                                   -------
vdd                                       1.32
cm                                        0.65
vd                                      -0.048
ap                                       0.626
an                                       0.674
clku                                         0
clk                                          0
ibn                                   0.300404
xa.x1.tmid                          2.4806e-07
xa.x1.tail                            0.608755
xa.x1.np                                  1.32
xa.x1.nn                                  1.32
xa.x1.ln                                  1.32
xa.x1.lp                                  1.32
xa.x1.lnb                          1.19353e-07
xa.x1.lpb                            1.303e-07
xa.x1.na                               1.29244
doutb                                 0.687211
dout                                  0.678023
xa.x1.nb                                1.2927
doutn                                 0.513654
tcheck                                     -40
pa_00                                  300.404
bpa_00#branch                                0
btchk#branch                                 0
bdoutn#branch                                0
bclk#branch                        8.88819e-10
ean#branch                           2.739e-12
eap#branch                          3.4259e-12
vclku#branch                                 0
vd#branch                                    0
vcm#branch                          6.1649e-12
vsup#branch                       -0.000183339


No. of Data Rows : 12436

  Measurements for Transient Analysis

dlev0               =  8.07963e-06
dlev1               =  -6.18864e-06
dlev2               =  -3.77392e-06
dlev3               =  1.57822e-06
dlev4               =  -1.76521e-06
dlev5               =  -4.04396e-06
dlev6               =  -5.03533e-06
dlev7               =  5.63500e-07
dlev8               =  -4.80072e-06
dlev9               =  1.69488e-06
dlev10              =  3.33409e-06
dlev11              =  3.74723e-06
dlev12              =  -2.77180e-06
dlev13              =  4.59366e-06
dlev14              =  8.52853e-07
dlev15              =  2.73301e-06
dlev16              =  1.00000e+00
dlev17              =  1.00000e+00
dlev18              =  9.99999e-01
dlev19              =  9.99998e-01
dlev20              =  9.99998e-01
dlev21              =  1.00000e+00
dlev22              =  1.00000e+00
dlev23              =  1.00000e+00
dlev24              =  1.00000e+00
dlev25              =  1.00000e+00
dlev26              =  1.00000e+00
dlev27              =  9.99999e-01
dlev28              =  9.99999e-01
dlev29              =  1.00000e+00
dlev30              =  1.00000e+00
dlev31              =  1.00000e+00
dlev32              =  1.00000e+00
vdd_meas            =  1.32000e+00
temp_meas           =  -4.00000e+01
vbias_mv            =  3.00404e+02
lowcount            =  1.60000e+01
vos_mv              =  -1.50003e+00
vcm_meas            =  6.50000e-01

ngspice-46 done
