
Note: No compatibility mode selected!


Circuit: * klt sim -- generated corner deck, do not edit

Doing analysis at TEMP = 27.000000 and TNOM = 27.000000

Using SPARSE 1.3 as Direct Linear Solver

Initial Transient Solution
--------------------------

Node                                   Voltage
----                                   -------
vdd                                       1.08
cm                                         0.6
vd                                      -0.048
ap                                       0.576
an                                       0.624
clku                                         0
clk                                          0
ibn                                   0.341387
xa.x1.tmid                          1.1388e-07
xa.x1.tail                            0.592901
xa.x1.np                                  1.08
xa.x1.nn                                  1.08
xa.x1.ln                                  1.08
xa.x1.lp                                  1.08
xa.x1.lnb                          1.47122e-08
xa.x1.lpb                          1.39635e-08
xa.x1.na                                  1.08
doutb                                     1.08
dout                               1.55324e-08
xa.x1.nb                                  1.08
doutn                              1.43819e-08
tcheck                                      27
pa_00                                  341.387
bpa_00#branch                                0
btchk#branch                                 0
bdoutn#branch                                0
bclk#branch                        6.54429e-11
ean#branch                          1.0969e-13
eap#branch                         1.46605e-13
vclku#branch                                 0
vd#branch                                    0
vcm#branch                         2.56295e-13
vsup#branch                       -1.50004e-05


No. of Data Rows : 12052

  Measurements for Transient Analysis

dlev0               =  -4.58510e-06
dlev1               =  -2.62258e-06
dlev2               =  -2.84718e-06
dlev3               =  2.72562e-06
dlev4               =  -4.01704e-06
dlev5               =  -4.55584e-06
dlev6               =  -4.12278e-06
dlev7               =  -1.55863e-06
dlev8               =  -3.21093e-06
dlev9               =  1.86281e-06
dlev10              =  -1.55722e-06
dlev11              =  3.23937e-07
dlev12              =  -4.94357e-06
dlev13              =  -8.15892e-06
dlev14              =  -8.03394e-06
dlev15              =  9.99997e-01
dlev16              =  9.99999e-01
dlev17              =  9.99999e-01
dlev18              =  1.00000e+00
dlev19              =  1.00000e+00
dlev20              =  9.99999e-01
dlev21              =  9.99999e-01
dlev22              =  9.99999e-01
dlev23              =  9.99999e-01
dlev24              =  1.00000e+00
dlev25              =  1.00000e+00
dlev26              =  1.00000e+00
dlev27              =  1.00000e+00
dlev28              =  1.00000e+00
dlev29              =  1.00000e+00
dlev30              =  1.00000e+00
dlev31              =  1.00000e+00
dlev32              =  1.00000e+00
vdd_meas            =  1.08000e+00
temp_meas           =  2.70000e+01
vbias_mv            =  3.41387e+02
lowcount            =  1.50000e+01
vos_mv              =  -4.49986e+00

ngspice-46 done
