
Note: No compatibility mode selected!


Circuit: * klt sim -- generated corner deck, do not edit

Doing analysis at TEMP = -40.000000 and TNOM = 27.000000

Using SPARSE 1.3 as Direct Linear Solver

Initial Transient Solution
--------------------------

Node                                   Voltage
----                                   -------
vdd                                       1.32
cm                                         0.6
vd                                      -0.048
ap                                       0.576
an                                       0.624
clku                                         0
clk                                          0
ibn                                   0.273744
xa.x1.tmid                         3.31069e-07
xa.x1.tail                            0.566403
xa.x1.np                                  1.32
xa.x1.nn                                  1.32
xa.x1.ln                                  1.32
xa.x1.lp                                  1.32
xa.x1.lnb                          1.19761e-07
xa.x1.lpb                          1.27048e-07
xa.x1.na                               1.29285
doutb                                 0.685872
dout                                  0.677525
xa.x1.nb                               1.29223
doutn                                 0.513276
tcheck                                     -40
pa_00                                  273.744
bpa_00#branch                                0
btchk#branch                                 0
bdoutn#branch                                0
bclk#branch                        8.85257e-10
ean#branch                         3.44422e-12
eap#branch                         4.27755e-12
vclku#branch                                 0
vd#branch                                    0
vcm#branch                         7.72177e-12
vsup#branch                       -0.000172352


No. of Data Rows : 12322

  Measurements for Transient Analysis

dlev0               =  3.53447e-06
dlev1               =  3.62399e-06
dlev2               =  6.53649e-06
dlev3               =  3.56928e-06
dlev4               =  -2.91879e-06
dlev5               =  -1.15623e-06
dlev6               =  -2.63587e-07
dlev7               =  3.97948e-06
dlev8               =  4.28205e-06
dlev9               =  4.17614e-06
dlev10              =  -7.07391e-07
dlev11              =  3.98362e-06
dlev12              =  4.86338e-06
dlev13              =  4.42820e-06
dlev14              =  3.00212e-06
dlev15              =  4.12889e-06
dlev16              =  9.99999e-01
dlev17              =  1.00000e+00
dlev18              =  1.00000e+00
dlev19              =  1.00000e+00
dlev20              =  1.00000e+00
dlev21              =  1.00000e+00
dlev22              =  1.00000e+00
dlev23              =  1.00000e+00
dlev24              =  1.00000e+00
dlev25              =  1.00000e+00
dlev26              =  1.00000e+00
dlev27              =  1.00000e+00
dlev28              =  1.00000e+00
dlev29              =  1.00000e+00
dlev30              =  1.00000e+00
dlev31              =  1.00000e+00
dlev32              =  1.00000e+00
vdd_meas            =  1.32000e+00
temp_meas           =  -4.00000e+01
vbias_mv            =  2.73744e+02
lowcount            =  1.60000e+01
vos_mv              =  -1.50014e+00

ngspice-46 done
