
Note: No compatibility mode selected!


Circuit: * klt sim -- generated corner deck, do not edit

Doing analysis at TEMP = 27.000000 and TNOM = 27.000000

Using SPARSE 1.3 as Direct Linear Solver

Initial Transient Solution
--------------------------

Node                                   Voltage
----                                   -------
vdd                                       1.08
cm                                        0.55
vd                                      -0.048
ap                                       0.526
an                                       0.574
clku                                         0
clk                                          0
ibn                                   0.285155
xa.x1.tmid                         3.12792e-06
xa.x1.tail                            0.530145
xa.x1.np                                  1.08
xa.x1.nn                                  1.08
xa.x1.ln                                  1.08
xa.x1.lp                                  1.08
xa.x1.lnb                          4.42693e-08
xa.x1.lpb                          3.85696e-08
xa.x1.na                                  1.08
doutb                              4.39769e-08
dout                                      1.08
xa.x1.nb                                  1.08
doutn                                        1
tcheck                                      27
pa_00                                  285.155
bpa_00#branch                                0
btchk#branch                                 0
bdoutn#branch                                0
bclk#branch                        1.22807e-10
ean#branch                         1.35131e-12
eap#branch                         1.75224e-12
vclku#branch                                 0
vd#branch                                    0
vcm#branch                         3.10355e-12
vsup#branch                       -2.00075e-05


No. of Data Rows : 12173

  Measurements for Transient Analysis

dlev0               =  -6.00103e-06
dlev1               =  -5.75899e-06
dlev2               =  -1.68013e-07
dlev3               =  -2.72476e-06
dlev4               =  -4.18513e-06
dlev5               =  -4.71281e-07
dlev6               =  -4.59869e-06
dlev7               =  -1.08888e-06
dlev8               =  -2.13263e-07
dlev9               =  -3.54606e-09
dlev10              =  -3.78461e-06
dlev11              =  -1.12052e-06
dlev12              =  1.15636e-06
dlev13              =  4.09097e-07
dlev14              =  1.35197e-06
dlev15              =  7.32102e-07
dlev16              =  9.99999e-01
dlev17              =  1.00000e+00
dlev18              =  1.00000e+00
dlev19              =  1.00000e+00
dlev20              =  1.00000e+00
dlev21              =  1.00000e+00
dlev22              =  1.00000e+00
dlev23              =  1.00000e+00
dlev24              =  9.99999e-01
dlev25              =  1.00000e+00
dlev26              =  1.00000e+00
dlev27              =  1.00000e+00
dlev28              =  1.00000e+00
dlev29              =  1.00000e+00
dlev30              =  1.00000e+00
dlev31              =  1.00000e+00
dlev32              =  1.00000e+00
vdd_meas            =  1.08000e+00
temp_meas           =  2.70000e+01
vbias_mv            =  2.85155e+02
lowcount            =  1.60000e+01
vos_mv              =  -1.49998e+00
vcm_meas            =  5.50000e-01

ngspice-46 done
