
Note: No compatibility mode selected!


Circuit: * klt sim -- generated corner deck, do not edit

Doing analysis at TEMP = -40.000000 and TNOM = 27.000000

Using SPARSE 1.3 as Direct Linear Solver

Initial Transient Solution
--------------------------

Node                                   Voltage
----                                   -------
vdd                                       1.08
cm                                        0.55
vd                                      -0.048
ap                                       0.526
an                                       0.574
clku                                         0
clk                                          0
ibn                                   0.300794
xa.x1.tmid                         2.19051e-07
xa.x1.tail                            0.519412
xa.x1.np                                  1.08
xa.x1.nn                                  1.08
xa.x1.ln                                  1.08
xa.x1.lp                                  1.08
xa.x1.lnb                          7.44892e-08
xa.x1.lpb                          7.66349e-08
xa.x1.na                                  1.08
doutb                              8.82381e-08
dout                                      1.08
xa.x1.nb                                  1.08
doutn                                        1
tcheck                                     -40
pa_00                                  300.794
bpa_00#branch                                0
btchk#branch                                 0
bdoutn#branch                                0
bclk#branch                        4.55149e-10
ean#branch                         1.37107e-12
eap#branch                         1.76714e-12
vclku#branch                                 0
vd#branch                                    0
vcm#branch                         3.13821e-12
vsup#branch                       -2.00017e-05


No. of Data Rows : 12163

  Measurements for Transient Analysis

dlev0               =  -5.52040e-06
dlev1               =  4.30396e-07
dlev2               =  5.26886e-06
dlev3               =  8.33683e-06
dlev4               =  6.32510e-06
dlev5               =  1.04526e-06
dlev6               =  -2.21172e-07
dlev7               =  1.09732e-05
dlev8               =  9.35470e-06
dlev9               =  7.30477e-06
dlev10              =  1.00865e-05
dlev11              =  2.01885e-06
dlev12              =  5.75402e-06
dlev13              =  1.06744e-05
dlev14              =  7.19996e-06
dlev15              =  6.51026e-06
dlev16              =  7.17674e-06
dlev17              =  1.00000e+00
dlev18              =  1.00000e+00
dlev19              =  1.00000e+00
dlev20              =  1.00000e+00
dlev21              =  1.00000e+00
dlev22              =  1.00000e+00
dlev23              =  1.00000e+00
dlev24              =  1.00000e+00
dlev25              =  1.00000e+00
dlev26              =  1.00000e+00
dlev27              =  1.00000e+00
dlev28              =  1.00000e+00
dlev29              =  1.00000e+00
dlev30              =  1.00000e+00
dlev31              =  1.00000e+00
dlev32              =  1.00000e+00
vdd_meas            =  1.08000e+00
temp_meas           =  -4.00000e+01
vbias_mv            =  3.00794e+02
lowcount            =  1.69999e+01
vos_mv              =  1.49963e+00
vcm_meas            =  5.50000e-01

ngspice-46 done
