
Note: No compatibility mode selected!


Circuit: * klt sim -- generated corner deck, do not edit

Doing analysis at TEMP = 125.000000 and TNOM = 27.000000

Using SPARSE 1.3 as Direct Linear Solver

Initial Transient Solution
--------------------------

Node                                   Voltage
----                                   -------
vdd                                       1.32
cm                                         0.6
vd                                      -0.048
ap                                       0.576
an                                       0.624
clku                                         0
clk                                          0
ibn                                   0.248053
xa.x1.tmid                         9.17592e-05
xa.x1.tail                            0.530505
xa.x1.np                               1.31998
xa.x1.nn                               1.31992
xa.x1.ln                                  1.32
xa.x1.lp                                  1.32
xa.x1.lnb                          3.70522e-06
xa.x1.lpb                          3.95551e-06
xa.x1.na                               1.28105
doutb                                 0.673468
dout                                  0.675527
xa.x1.nb                               1.28078
doutn                                 0.511763
tcheck                                     125
pa_00                                  248.053
bpa_00#branch                                0
btchk#branch                                 0
bdoutn#branch                                0
bclk#branch                        6.71856e-10
ean#branch                         2.50261e-12
eap#branch                         3.13882e-12
vclku#branch                                 0
vd#branch                                    0
vcm#branch                         5.64143e-12
vsup#branch                       -0.000176216


No. of Data Rows : 12223

  Measurements for Transient Analysis

dlev0               =  4.45414e-06
dlev1               =  5.20640e-06
dlev2               =  6.83052e-06
dlev3               =  8.77751e-06
dlev4               =  4.07400e-06
dlev5               =  6.29660e-06
dlev6               =  7.40189e-06
dlev7               =  9.09130e-06
dlev8               =  6.14548e-06
dlev9               =  3.56607e-06
dlev10              =  2.54977e-06
dlev11              =  1.32013e-06
dlev12              =  4.71902e-06
dlev13              =  5.62512e-06
dlev14              =  3.65846e-06
dlev15              =  6.37343e-06
dlev16              =  5.91690e-06
dlev17              =  9.99997e-01
dlev18              =  9.99999e-01
dlev19              =  9.99999e-01
dlev20              =  9.99997e-01
dlev21              =  9.99996e-01
dlev22              =  9.99999e-01
dlev23              =  9.99998e-01
dlev24              =  9.99999e-01
dlev25              =  9.99998e-01
dlev26              =  9.99996e-01
dlev27              =  9.99996e-01
dlev28              =  9.99997e-01
dlev29              =  9.99999e-01
dlev30              =  9.99996e-01
dlev31              =  9.99999e-01
dlev32              =  9.99998e-01
vdd_meas            =  1.32000e+00
temp_meas           =  1.25000e+02
vbias_mv            =  2.48053e+02
lowcount            =  1.69999e+01
vos_mv              =  1.49984e+00

ngspice-46 done
