
Note: No compatibility mode selected!


Circuit: * klt sim -- generated corner deck, do not edit

Doing analysis at TEMP = 27.000000 and TNOM = 27.000000

Using SPARSE 1.3 as Direct Linear Solver

Initial Transient Solution
--------------------------

Node                                   Voltage
----                                   -------
vdd                                       1.32
cm                                         0.6
vd                                      -0.048
ap                                       0.576
an                                       0.624
clku                                         0
clk                                          0
ibn                                   0.270079
xa.x1.tmid                         6.53411e-06
xa.x1.tail                            0.579602
xa.x1.np                                  1.32
xa.x1.nn                               1.31999
xa.x1.ln                                  1.32
xa.x1.lp                                  1.32
xa.x1.lnb                          6.28437e-07
xa.x1.lpb                          5.85495e-07
xa.x1.na                               1.28489
doutb                                 0.670478
dout                                  0.677332
xa.x1.nb                               1.28249
doutn                                 0.513131
tcheck                                      27
pa_00                                  270.079
bpa_00#branch                                0
btchk#branch                                 0
bdoutn#branch                                0
bclk#branch                        1.37637e-09
ean#branch                         7.10232e-12
eap#branch                         8.80304e-12
vclku#branch                                 0
vd#branch                                    0
vcm#branch                         1.59054e-11
vsup#branch                       -0.000218432


No. of Data Rows : 12423

  Measurements for Transient Analysis

dlev0               =  1.08006e-05
dlev1               =  -6.79200e-06
dlev2               =  3.85174e-06
dlev3               =  -1.00002e-06
dlev4               =  -2.37958e-06
dlev5               =  -5.82491e-06
dlev6               =  -9.18149e-06
dlev7               =  -4.24074e-06
dlev8               =  -1.74622e-06
dlev9               =  -5.56329e-06
dlev10              =  -5.61365e-06
dlev11              =  -4.80969e-06
dlev12              =  -4.42902e-06
dlev13              =  -8.27850e-06
dlev14              =  -3.58649e-06
dlev15              =  -5.81706e-07
dlev16              =  2.14129e-07
dlev17              =  -5.00560e-06
dlev18              =  1.00000e+00
dlev19              =  1.00000e+00
dlev20              =  9.99999e-01
dlev21              =  9.99998e-01
dlev22              =  9.99998e-01
dlev23              =  9.99999e-01
dlev24              =  9.99999e-01
dlev25              =  9.99999e-01
dlev26              =  9.99998e-01
dlev27              =  9.99997e-01
dlev28              =  9.99999e-01
dlev29              =  9.99998e-01
dlev30              =  9.99998e-01
dlev31              =  9.99998e-01
dlev32              =  9.99998e-01
vdd_meas            =  1.32000e+00
temp_meas           =  2.70000e+01
vbias_mv            =  2.70079e+02
lowcount            =  1.80001e+01
vos_mv              =  4.50022e+00

ngspice-46 done
