
Note: No compatibility mode selected!


Circuit: * klt sim -- generated corner deck, do not edit

Doing analysis at TEMP = 27.000000 and TNOM = 27.000000

Using SPARSE 1.3 as Direct Linear Solver

Initial Transient Solution
--------------------------

Node                                   Voltage
----                                   -------
vdd                                        1.2
cm                                        0.65
vd                                      -0.048
ap                                       0.626
an                                       0.674
clku                                         0
clk                                          0
ibn                                   0.331725
xa.x1.tmid                         3.81515e-07
xa.x1.tail                            0.631509
xa.x1.np                                   1.2
xa.x1.nn                                   1.2
xa.x1.ln                                   1.2
xa.x1.lp                                   1.2
xa.x1.lnb                          2.47441e-07
xa.x1.lpb                            2.006e-07
xa.x1.na                                   1.2
doutb                               2.5205e-07
dout                                       1.2
xa.x1.nb                                   1.2
doutn                                        1
tcheck                                      27
pa_00                                  331.725
bpa_00#branch                                0
btchk#branch                                 0
bdoutn#branch                                0
bclk#branch                        5.56667e-10
ean#branch                          3.4453e-13
eap#branch                         4.48669e-13
vclku#branch                                 0
vd#branch                                    0
vcm#branch                         7.93199e-13
vsup#branch                        -2.0003e-05


No. of Data Rows : 12252

  Measurements for Transient Analysis

dlev0               =  -9.70581e-07
dlev1               =  4.61819e-06
dlev2               =  4.71189e-06
dlev3               =  4.79087e-06
dlev4               =  3.67148e-06
dlev5               =  3.86534e-06
dlev6               =  2.52513e-06
dlev7               =  3.46571e-06
dlev8               =  3.11087e-06
dlev9               =  3.29651e-06
dlev10              =  8.18636e-07
dlev11              =  2.31752e-06
dlev12              =  5.39821e-07
dlev13              =  4.66411e-06
dlev14              =  1.78457e-06
dlev15              =  3.10940e-06
dlev16              =  9.99997e-01
dlev17              =  1.00000e+00
dlev18              =  9.99999e-01
dlev19              =  1.00000e+00
dlev20              =  1.00000e+00
dlev21              =  1.00000e+00
dlev22              =  1.00000e+00
dlev23              =  1.00000e+00
dlev24              =  1.00000e+00
dlev25              =  1.00000e+00
dlev26              =  9.99999e-01
dlev27              =  9.99999e-01
dlev28              =  9.99999e-01
dlev29              =  1.00000e+00
dlev30              =  1.00000e+00
dlev31              =  1.00000e+00
dlev32              =  1.00000e+00
vdd_meas            =  1.20000e+00
temp_meas           =  2.70000e+01
vbias_mv            =  3.31725e+02
lowcount            =  1.59999e+01
vos_mv              =  -1.50015e+00
vcm_meas            =  6.50000e-01

ngspice-46 done
