
Note: No compatibility mode selected!


Circuit: * klt sim -- generated corner deck, do not edit

Doing analysis at TEMP = 125.000000 and TNOM = 27.000000

Using SPARSE 1.3 as Direct Linear Solver

Initial Transient Solution
--------------------------

Node                                   Voltage
----                                   -------
vdd                                       1.32
cm                                         0.6
vd                                      -0.048
ap                                       0.576
an                                       0.624
clku                                         0
clk                                          0
ibn                                   0.205616
xa.x1.tmid                         0.000120166
xa.x1.tail                             0.58955
xa.x1.np                               1.31998
xa.x1.nn                               1.31993
xa.x1.ln                                  1.32
xa.x1.lp                                  1.32
xa.x1.lnb                           3.8875e-06
xa.x1.lpb                          3.27346e-06
xa.x1.na                               1.27831
doutb                                 0.658931
dout                                  0.677432
xa.x1.nb                               1.27884
doutn                                 0.513206
tcheck                                     125
pa_00                                  205.616
bpa_00#branch                                0
btchk#branch                                 0
bdoutn#branch                                0
bclk#branch                         6.7162e-10
ean#branch                         3.77073e-12
eap#branch                           4.719e-12
vclku#branch                                 0
vd#branch                                    0
vcm#branch                         8.48974e-12
vsup#branch                       -0.000174267


No. of Data Rows : 12144

  Measurements for Transient Analysis

dlev0               =  2.66678e-06
dlev1               =  8.60228e-07
dlev2               =  1.23601e-06
dlev3               =  -1.45363e-06
dlev4               =  1.56111e-06
dlev5               =  3.73760e-06
dlev6               =  3.38365e-06
dlev7               =  3.36950e-06
dlev8               =  2.11230e-06
dlev9               =  3.99485e-06
dlev10              =  3.08772e-06
dlev11              =  3.04559e-06
dlev12              =  2.30458e-06
dlev13              =  3.43661e-06
dlev14              =  -2.85876e-06
dlev15              =  2.37382e-06
dlev16              =  2.24873e-06
dlev17              =  9.99995e-01
dlev18              =  9.99994e-01
dlev19              =  9.99995e-01
dlev20              =  9.99994e-01
dlev21              =  9.99995e-01
dlev22              =  9.99995e-01
dlev23              =  9.99994e-01
dlev24              =  9.99994e-01
dlev25              =  9.99993e-01
dlev26              =  9.99995e-01
dlev27              =  9.99992e-01
dlev28              =  9.99995e-01
dlev29              =  9.99992e-01
dlev30              =  9.99995e-01
dlev31              =  9.99994e-01
dlev32              =  9.99995e-01
vdd_meas            =  1.32000e+00
temp_meas           =  1.25000e+02
vbias_mv            =  2.05616e+02
lowcount            =  1.70001e+01
vos_mv              =  1.50018e+00

ngspice-46 done
