
Note: No compatibility mode selected!


Circuit: * klt sim -- generated corner deck, do not edit

Doing analysis at TEMP = -40.000000 and TNOM = 27.000000

Using SPARSE 1.3 as Direct Linear Solver

Initial Transient Solution
--------------------------

Node                                   Voltage
----                                   -------
vdd                                        1.2
cm                                         0.6
vd                                      -0.048
ap                                       0.576
an                                       0.624
clku                                         0
clk                                          0
ibn                                   0.300383
xa.x1.tmid                         2.07243e-07
xa.x1.tail                            0.564821
xa.x1.np                                   1.2
xa.x1.nn                                   1.2
xa.x1.ln                                   1.2
xa.x1.lp                                   1.2
xa.x1.lnb                          9.82096e-08
xa.x1.lpb                          1.03063e-07
xa.x1.na                               1.18233
doutb                                 0.619663
dout                                  0.619206
xa.x1.nb                               1.18125
doutn                                 0.516005
tcheck                                     -40
pa_00                                  300.383
bpa_00#branch                                0
btchk#branch                                 0
bdoutn#branch                                0
bclk#branch                        6.42345e-10
ean#branch                          1.9581e-12
eap#branch                         2.48288e-12
vclku#branch                                 0
vd#branch                                    0
vcm#branch                         4.44098e-12
vsup#branch                       -0.000116554


No. of Data Rows : 12344

  Measurements for Transient Analysis

dlev0               =  -1.17224e-06
dlev1               =  -4.23062e-06
dlev2               =  -2.65585e-06
dlev3               =  -7.95193e-07
dlev4               =  -2.60066e-06
dlev5               =  -1.65427e-06
dlev6               =  -1.61220e-06
dlev7               =  -1.72043e-06
dlev8               =  -1.83245e-06
dlev9               =  -2.15682e-06
dlev10              =  -3.53703e-06
dlev11              =  -2.35303e-06
dlev12              =  -2.67781e-06
dlev13              =  -2.87446e-06
dlev14              =  -4.20815e-06
dlev15              =  -5.17971e-06
dlev16              =  -3.51901e-06
dlev17              =  9.99999e-01
dlev18              =  9.99996e-01
dlev19              =  9.99997e-01
dlev20              =  9.99996e-01
dlev21              =  9.99997e-01
dlev22              =  9.99996e-01
dlev23              =  9.99997e-01
dlev24              =  9.99997e-01
dlev25              =  9.99997e-01
dlev26              =  9.99997e-01
dlev27              =  9.99997e-01
dlev28              =  9.99998e-01
dlev29              =  9.99997e-01
dlev30              =  9.99997e-01
dlev31              =  9.99996e-01
dlev32              =  9.99997e-01
vdd_meas            =  1.20000e+00
temp_meas           =  -4.00000e+01
vbias_mv            =  3.00383e+02
lowcount            =  1.70001e+01
vos_mv              =  1.50028e+00
vcm_meas            =  6.00000e-01

ngspice-46 done
