
Note: No compatibility mode selected!


Circuit: * klt sim -- generated corner deck, do not edit

Doing analysis at TEMP = -40.000000 and TNOM = 27.000000

Using SPARSE 1.3 as Direct Linear Solver

Initial Transient Solution
--------------------------

Node                                   Voltage
----                                   -------
vdd                                       1.08
cm                                        0.55
vd                                      -0.048
ap                                       0.526
an                                       0.574
clku                                         0
clk                                          0
ibn                                   0.369094
xa.x1.tmid                         5.27674e-09
xa.x1.tail                            0.535674
xa.x1.np                                  1.08
xa.x1.nn                                  1.08
xa.x1.ln                                  1.08
xa.x1.lp                                  1.08
xa.x1.lnb                          3.74963e-08
xa.x1.lpb                          3.67602e-08
xa.x1.na                               1.07438
doutb                                  0.58399
dout                                  0.590439
xa.x1.nb                               1.07412
doutn                                 0.546703
tcheck                                     -40
pa_00                                  369.094
bpa_00#branch                                0
btchk#branch                                 0
bdoutn#branch                                0
bclk#branch                        2.56963e-10
ean#branch                         1.49492e-13
eap#branch                         1.95899e-13
vclku#branch                                 0
vd#branch                                    0
vcm#branch                          3.4539e-13
vsup#branch                       -4.41517e-05


No. of Data Rows : 12132

  Measurements for Transient Analysis

dlev0               =  -2.99829e-07
dlev1               =  -6.52791e-06
dlev2               =  -7.88224e-06
dlev3               =  -3.30549e-09
dlev4               =  -8.74421e-06
dlev5               =  -4.39809e-06
dlev6               =  -7.76326e-06
dlev7               =  -9.09370e-06
dlev8               =  -9.17450e-06
dlev9               =  -9.22738e-06
dlev10              =  -9.29476e-06
dlev11              =  -8.91253e-06
dlev12              =  -9.26475e-06
dlev13              =  -5.09605e-06
dlev14              =  -9.27511e-06
dlev15              =  -4.19588e-07
dlev16              =  -1.06387e-05
dlev17              =  1.00000e+00
dlev18              =  9.99995e-01
dlev19              =  1.00000e+00
dlev20              =  9.99995e-01
dlev21              =  9.99995e-01
dlev22              =  9.99995e-01
dlev23              =  9.99995e-01
dlev24              =  9.99995e-01
dlev25              =  9.99995e-01
dlev26              =  1.00000e+00
dlev27              =  9.99996e-01
dlev28              =  1.00000e+00
dlev29              =  9.99995e-01
dlev30              =  9.99994e-01
dlev31              =  9.99994e-01
dlev32              =  1.00000e+00
vdd_meas            =  1.08000e+00
temp_meas           =  -4.00000e+01
vbias_mv            =  3.69094e+02
lowcount            =  1.70002e+01
vos_mv              =  1.50051e+00
vcm_meas            =  5.50000e-01

ngspice-46 done
