
Note: No compatibility mode selected!


Circuit: * klt sim -- generated corner deck, do not edit

Doing analysis at TEMP = 27.000000 and TNOM = 27.000000

Using SPARSE 1.3 as Direct Linear Solver

Initial Transient Solution
--------------------------

Node                                   Voltage
----                                   -------
vdd                                        1.2
cm                                         0.6
vd                                      -0.048
ap                                       0.576
an                                       0.624
clku                                         0
clk                                          0
ibn                                   0.288347
xa.x1.tmid                         2.70368e-06
xa.x1.tail                             0.56192
xa.x1.np                                   1.2
xa.x1.nn                                   1.2
xa.x1.ln                                   1.2
xa.x1.lp                                   1.2
xa.x1.lnb                          5.35186e-08
xa.x1.lpb                          5.22636e-08
xa.x1.na                                   1.2
doutb                              5.45971e-08
dout                                       1.2
xa.x1.nb                                   1.2
doutn                                        1
tcheck                                      27
pa_00                                  288.347
bpa_00#branch                                0
btchk#branch                                 0
bdoutn#branch                                0
bclk#branch                         1.7837e-10
ean#branch                         1.29541e-12
eap#branch                         1.65198e-12
vclku#branch                                 0
vd#branch                                    0
vcm#branch                         2.94739e-12
vsup#branch                       -2.00072e-05


No. of Data Rows : 12207

  Measurements for Transient Analysis

dlev0               =  4.16941e-06
dlev1               =  2.13958e-06
dlev2               =  4.25472e-06
dlev3               =  4.07471e-06
dlev4               =  6.19867e-06
dlev5               =  6.29476e-06
dlev6               =  6.35756e-06
dlev7               =  6.30941e-06
dlev8               =  6.35700e-06
dlev9               =  6.10443e-06
dlev10              =  2.95449e-06
dlev11              =  6.55859e-06
dlev12              =  6.55796e-06
dlev13              =  6.55433e-06
dlev14              =  6.66913e-06
dlev15              =  7.95530e-07
dlev16              =  6.74514e-06
dlev17              =  7.07974e-06
dlev18              =  1.00000e+00
dlev19              =  1.00000e+00
dlev20              =  1.00000e+00
dlev21              =  1.00000e+00
dlev22              =  1.00000e+00
dlev23              =  1.00000e+00
dlev24              =  1.00000e+00
dlev25              =  1.00000e+00
dlev26              =  1.00000e+00
dlev27              =  1.00000e+00
dlev28              =  1.00000e+00
dlev29              =  1.00000e+00
dlev30              =  1.00000e+00
dlev31              =  1.00000e+00
dlev32              =  1.00000e+00
vdd_meas            =  1.20000e+00
temp_meas           =  2.70000e+01
vbias_mv            =  2.88347e+02
lowcount            =  1.79999e+01
vos_mv              =  4.49961e+00

ngspice-46 done
