
Note: No compatibility mode selected!


Circuit: * klt sim -- generated corner deck, do not edit

Doing analysis at TEMP = 125.000000 and TNOM = 27.000000

Using SPARSE 1.3 as Direct Linear Solver

Initial Transient Solution
--------------------------

Node                                   Voltage
----                                   -------
vdd                                        1.2
cm                                         0.6
vd                                      -0.048
ap                                       0.576
an                                       0.624
clku                                         0
clk                                          0
ibn                                   0.294826
xa.x1.tmid                          1.4515e-05
xa.x1.tail                            0.596504
xa.x1.np                                   1.2
xa.x1.nn                               1.19998
xa.x1.ln                                   1.2
xa.x1.lp                                   1.2
xa.x1.lnb                          7.68329e-07
xa.x1.lpb                          7.28015e-07
xa.x1.na                                   1.2
doutb                               9.4877e-07
dout                                       1.2
xa.x1.nb                                   1.2
doutn                                 0.999999
tcheck                                     125
pa_00                                  294.826
bpa_00#branch                                0
btchk#branch                                 0
bdoutn#branch                                0
bclk#branch                        1.45864e-10
ean#branch                         4.85417e-13
eap#branch                         6.27026e-13
vclku#branch                                 0
vd#branch                                    0
vcm#branch                         1.11244e-12
vsup#branch                       -2.00292e-05


No. of Data Rows : 12158

  Measurements for Transient Analysis

dlev0               =  4.18903e-06
dlev1               =  4.04470e-07
dlev2               =  6.20199e-07
dlev3               =  1.28308e-06
dlev4               =  1.75230e-06
dlev5               =  1.79597e-06
dlev6               =  6.24933e-07
dlev7               =  1.56495e-06
dlev8               =  2.18608e-06
dlev9               =  2.78462e-06
dlev10              =  2.28806e-06
dlev11              =  2.71280e-06
dlev12              =  2.56845e-06
dlev13              =  2.64981e-06
dlev14              =  6.98877e-07
dlev15              =  2.72771e-06
dlev16              =  2.67824e-06
dlev17              =  9.99999e-01
dlev18              =  1.00000e+00
dlev19              =  9.99999e-01
dlev20              =  1.00000e+00
dlev21              =  1.00000e+00
dlev22              =  1.00000e+00
dlev23              =  1.00000e+00
dlev24              =  9.99999e-01
dlev25              =  9.99999e-01
dlev26              =  1.00000e+00
dlev27              =  9.99999e-01
dlev28              =  9.99999e-01
dlev29              =  9.99999e-01
dlev30              =  9.99999e-01
dlev31              =  9.99999e-01
dlev32              =  9.99999e-01
vdd_meas            =  1.20000e+00
temp_meas           =  1.25000e+02
vbias_mv            =  2.94826e+02
lowcount            =  1.70000e+01
vos_mv              =  1.49993e+00

ngspice-46 done
