
Note: No compatibility mode selected!


Circuit: * klt sim -- generated corner deck, do not edit

Doing analysis at TEMP = 125.000000 and TNOM = 27.000000

Using SPARSE 1.3 as Direct Linear Solver

Initial Transient Solution
--------------------------

Node                                   Voltage
----                                   -------
vdd                                       1.32
cm                                         0.6
vd                                      -0.048
ap                                       0.576
an                                       0.624
clku                                         0
clk                                          0
ibn                                   0.205689
xa.x1.tmid                         0.000316968
xa.x1.tail                            0.577243
xa.x1.np                               1.31993
xa.x1.nn                               1.31977
xa.x1.ln                                  1.32
xa.x1.lp                                  1.32
xa.x1.lnb                          1.83677e-05
xa.x1.lpb                          1.94319e-05
xa.x1.na                               1.31999
doutb                                  1.31998
dout                               2.68235e-05
xa.x1.nb                               1.31998
doutn                              2.03209e-05
tcheck                                     125
pa_00                                  205.689
bpa_00#branch                                0
btchk#branch                                 0
bdoutn#branch                                0
bclk#branch                        2.20345e-09
ean#branch                         1.58015e-11
eap#branch                         1.96183e-11
vclku#branch                                 0
vd#branch                                    0
vcm#branch                         3.54198e-11
vsup#branch                       -2.07086e-05


No. of Data Rows : 12224

  Measurements for Transient Analysis

dlev0               =  1.88919e-05
dlev1               =  1.72454e-05
dlev2               =  1.62557e-05
dlev3               =  2.08095e-05
dlev4               =  1.70521e-05
dlev5               =  2.13448e-05
dlev6               =  1.61880e-05
dlev7               =  2.21358e-05
dlev8               =  2.17120e-05
dlev9               =  2.08394e-05
dlev10              =  1.69587e-05
dlev11              =  1.64850e-05
dlev12              =  1.29410e-05
dlev13              =  1.80823e-05
dlev14              =  1.71046e-05
dlev15              =  1.55489e-05
dlev16              =  9.99987e-01
dlev17              =  9.99985e-01
dlev18              =  9.99986e-01
dlev19              =  9.99986e-01
dlev20              =  9.99986e-01
dlev21              =  9.99986e-01
dlev22              =  9.99986e-01
dlev23              =  9.99986e-01
dlev24              =  9.99984e-01
dlev25              =  9.99985e-01
dlev26              =  9.99986e-01
dlev27              =  9.99984e-01
dlev28              =  9.99985e-01
dlev29              =  9.99986e-01
dlev30              =  9.99984e-01
dlev31              =  9.99983e-01
dlev32              =  9.99984e-01
vdd_meas            =  1.32000e+00
temp_meas           =  1.25000e+02
vbias_mv            =  2.05689e+02
lowcount            =  1.60000e+01
vos_mv              =  -1.50012e+00
vcm_meas            =  6.00000e-01

ngspice-46 done
