
Note: No compatibility mode selected!


Circuit: * klt sim -- generated corner deck, do not edit

Doing analysis at TEMP = -40.000000 and TNOM = 27.000000

Using SPARSE 1.3 as Direct Linear Solver

Initial Transient Solution
--------------------------

Node                                   Voltage
----                                   -------
vdd                                       1.08
cm                                         0.6
vd                                      -0.048
ap                                       0.576
an                                       0.624
clku                                         0
clk                                          0
ibn                                    0.35508
xa.x1.tmid                         5.84164e-09
xa.x1.tail                            0.579829
xa.x1.np                                  1.08
xa.x1.nn                                  1.08
xa.x1.ln                                  1.08
xa.x1.lp                                  1.08
xa.x1.lnb                          3.53744e-08
xa.x1.lpb                          3.76936e-08
xa.x1.na                               1.07431
doutb                                 0.590104
dout                                  0.588015
xa.x1.nb                               1.07429
doutn                                 0.544458
tcheck                                     -40
pa_00                                   355.08
bpa_00#branch                                0
btchk#branch                                 0
bdoutn#branch                                0
bclk#branch                        2.55136e-10
ean#branch                         1.11522e-13
eap#branch                         1.48659e-13
vclku#branch                                 0
vd#branch                                    0
vcm#branch                         2.60181e-13
vsup#branch                       -3.88224e-05


No. of Data Rows : 12195

  Measurements for Transient Analysis

dlev0               =  1.16464e-05
dlev1               =  2.56041e-06
dlev2               =  1.59164e-06
dlev3               =  1.78653e-06
dlev4               =  1.86131e-06
dlev5               =  1.64711e-06
dlev6               =  1.23916e-06
dlev7               =  5.77896e-07
dlev8               =  5.05646e-07
dlev9               =  9.10125e-07
dlev10              =  -5.49729e-06
dlev11              =  2.50174e-06
dlev12              =  8.44241e-07
dlev13              =  -9.14923e-06
dlev14              =  2.54941e-06
dlev15              =  -9.49465e-06
dlev16              =  -8.56094e-06
dlev17              =  1.00000e+00
dlev18              =  9.99997e-01
dlev19              =  1.00000e+00
dlev20              =  1.00000e+00
dlev21              =  1.00000e+00
dlev22              =  1.00000e+00
dlev23              =  9.99997e-01
dlev24              =  9.99996e-01
dlev25              =  9.99994e-01
dlev26              =  1.00000e+00
dlev27              =  1.00000e+00
dlev28              =  1.00000e+00
dlev29              =  1.00000e+00
dlev30              =  1.00000e+00
dlev31              =  1.00000e+00
dlev32              =  1.00000e+00
vdd_meas            =  1.08000e+00
temp_meas           =  -4.00000e+01
vbias_mv            =  3.55080e+02
lowcount            =  1.70000e+01
vos_mv              =  1.50003e+00

ngspice-46 done
