
Note: No compatibility mode selected!


Circuit: * klt sim -- generated corner deck, do not edit

Doing analysis at TEMP = 125.000000 and TNOM = 27.000000

Using SPARSE 1.3 as Direct Linear Solver

Initial Transient Solution
--------------------------

Node                                   Voltage
----                                   -------
vdd                                       1.32
cm                                         0.6
vd                                      -0.048
ap                                       0.576
an                                       0.624
clku                                         0
clk                                          0
ibn                                   0.227943
xa.x1.tmid                         0.000172172
xa.x1.tail                             0.55565
xa.x1.np                               1.31995
xa.x1.nn                               1.31984
xa.x1.ln                                  1.32
xa.x1.lp                                  1.32
xa.x1.lnb                          1.71031e-06
xa.x1.lpb                          1.67396e-06
xa.x1.na                               1.31999
doutb                                  1.31999
dout                               2.28026e-06
xa.x1.nb                                  1.32
doutn                              1.72747e-06
tcheck                                     125
pa_00                                  227.943
bpa_00#branch                                0
btchk#branch                                 0
bdoutn#branch                                0
bclk#branch                        3.83143e-10
ean#branch                         5.12632e-12
eap#branch                         6.40787e-12
vclku#branch                                 0
vd#branch                                    0
vcm#branch                         1.15342e-11
vsup#branch                       -2.03163e-05


No. of Data Rows : 12258

  Measurements for Transient Analysis

dlev0               =  3.71105e-06
dlev1               =  3.50579e-06
dlev2               =  7.80440e-07
dlev3               =  2.75957e-07
dlev4               =  6.26334e-07
dlev5               =  7.23812e-06
dlev6               =  1.83267e-07
dlev7               =  -3.05218e-07
dlev8               =  2.03297e-06
dlev9               =  5.90670e-06
dlev10              =  5.83607e-06
dlev11              =  -2.26272e-07
dlev12              =  2.89280e-06
dlev13              =  7.58408e-07
dlev14              =  9.99992e-01
dlev15              =  9.99991e-01
dlev16              =  9.99992e-01
dlev17              =  9.99992e-01
dlev18              =  9.99993e-01
dlev19              =  9.99992e-01
dlev20              =  9.99992e-01
dlev21              =  9.99991e-01
dlev22              =  9.99992e-01
dlev23              =  9.99991e-01
dlev24              =  9.99993e-01
dlev25              =  9.99991e-01
dlev26              =  9.99991e-01
dlev27              =  9.99993e-01
dlev28              =  9.99994e-01
dlev29              =  9.99995e-01
dlev30              =  9.99992e-01
dlev31              =  9.99995e-01
dlev32              =  9.99993e-01
vdd_meas            =  1.32000e+00
temp_meas           =  1.25000e+02
vbias_mv            =  2.27943e+02
lowcount            =  1.40001e+01
vos_mv              =  -7.49967e+00

ngspice-46 done
