
Note: No compatibility mode selected!


Circuit: * klt sim -- generated corner deck, do not edit

Doing analysis at TEMP = 27.000000 and TNOM = 27.000000

Using SPARSE 1.3 as Direct Linear Solver

Initial Transient Solution
--------------------------

Node                                   Voltage
----                                   -------
vdd                                       1.32
cm                                         0.6
vd                                      -0.048
ap                                       0.576
an                                       0.624
clku                                         0
clk                                          0
ibn                                   0.264749
xa.x1.tmid                         7.58932e-06
xa.x1.tail                             0.53409
xa.x1.np                                  1.32
xa.x1.nn                               1.31999
xa.x1.ln                                  1.32
xa.x1.lp                                  1.32
xa.x1.lnb                          6.40206e-07
xa.x1.lpb                          7.47794e-07
xa.x1.na                                1.2852
doutb                                  0.67567
dout                                  0.676462
xa.x1.nb                               1.28686
doutn                                 0.512471
tcheck                                      27
pa_00                                  264.749
bpa_00#branch                                0
btchk#branch                                 0
bdoutn#branch                                0
bclk#branch                        1.37239e-09
ean#branch                         4.71806e-12
eap#branch                         5.86266e-12
vclku#branch                                 0
vd#branch                                    0
vcm#branch                         1.05807e-11
vsup#branch                       -0.000209896


No. of Data Rows : 12293

  Measurements for Transient Analysis

dlev0               =  -9.16482e-07
dlev1               =  1.68204e-06
dlev2               =  -1.01312e-06
dlev3               =  2.13409e-06
dlev4               =  2.07508e-06
dlev5               =  1.88287e-06
dlev6               =  3.04305e-06
dlev7               =  -3.85278e-06
dlev8               =  -5.54131e-08
dlev9               =  -3.87569e-06
dlev10              =  7.28273e-07
dlev11              =  -8.07756e-07
dlev12              =  1.08517e-06
dlev13              =  1.54537e-06
dlev14              =  1.11908e-06
dlev15              =  1.26264e-06
dlev16              =  1.12866e-06
dlev17              =  1.00000e+00
dlev18              =  9.99997e-01
dlev19              =  1.00000e+00
dlev20              =  1.00000e+00
dlev21              =  1.00000e+00
dlev22              =  9.99999e-01
dlev23              =  1.00000e+00
dlev24              =  9.99997e-01
dlev25              =  1.00000e+00
dlev26              =  9.99996e-01
dlev27              =  9.99999e-01
dlev28              =  1.00000e+00
dlev29              =  1.00000e+00
dlev30              =  1.00000e+00
dlev31              =  1.00000e+00
dlev32              =  1.00000e+00
vdd_meas            =  1.32000e+00
temp_meas           =  2.70000e+01
vbias_mv            =  2.64749e+02
lowcount            =  1.70000e+01
vos_mv              =  1.50001e+00

ngspice-46 done
