
Note: No compatibility mode selected!


Circuit: * klt sim -- generated corner deck, do not edit

Doing analysis at TEMP = 27.000000 and TNOM = 27.000000

Using SPARSE 1.3 as Direct Linear Solver

Initial Transient Solution
--------------------------

Node                                   Voltage
----                                   -------
vdd                                       1.32
cm                                        0.55
vd                                      -0.048
ap                                       0.526
an                                       0.574
clku                                         0
clk                                          0
ibn                                   0.354154
xa.x1.tmid                         8.15066e-08
xa.x1.tail                             0.56274
xa.x1.np                                  1.32
xa.x1.nn                                  1.32
xa.x1.ln                                  1.32
xa.x1.lp                                  1.32
xa.x1.lnb                          1.99815e-08
xa.x1.lpb                          2.12791e-08
xa.x1.na                               1.30204
doutb                                  0.66758
dout                                  0.669762
xa.x1.nb                               1.30143
doutn                                 0.507396
tcheck                                      27
pa_00                                  354.154
bpa_00#branch                                0
btchk#branch                                 0
bdoutn#branch                                0
bclk#branch                        1.33367e-10
ean#branch                         5.14616e-13
eap#branch                         6.46261e-13
vclku#branch                                 0
vd#branch                                    0
vcm#branch                         1.16088e-12
vsup#branch                       -8.86035e-05


No. of Data Rows : 12291

  Measurements for Transient Analysis

dlev0               =  2.64112e-07
dlev1               =  -3.52055e-06
dlev2               =  -4.16150e-06
dlev3               =  -3.73042e-06
dlev4               =  2.04109e-08
dlev5               =  4.87316e-09
dlev6               =  -4.83705e-07
dlev7               =  -3.18851e-06
dlev8               =  -1.04098e-06
dlev9               =  -3.46190e-07
dlev10              =  -2.27407e-07
dlev11              =  -5.52458e-08
dlev12              =  -9.12646e-08
dlev13              =  -5.91335e-06
dlev14              =  -4.68994e-06
dlev15              =  -6.43688e-07
dlev16              =  -4.96143e-06
dlev17              =  1.00000e+00
dlev18              =  9.99998e-01
dlev19              =  1.00000e+00
dlev20              =  9.99999e-01
dlev21              =  1.00000e+00
dlev22              =  1.00000e+00
dlev23              =  1.00000e+00
dlev24              =  1.00000e+00
dlev25              =  1.00000e+00
dlev26              =  9.99999e-01
dlev27              =  9.99999e-01
dlev28              =  9.99999e-01
dlev29              =  9.99999e-01
dlev30              =  1.00000e+00
dlev31              =  1.00000e+00
dlev32              =  1.00000e+00
vdd_meas            =  1.32000e+00
temp_meas           =  2.70000e+01
vbias_mv            =  3.54154e+02
lowcount            =  1.70000e+01
vos_mv              =  1.50012e+00
vcm_meas            =  5.50000e-01

ngspice-46 done
