
Note: No compatibility mode selected!


Circuit: * klt sim -- generated corner deck, do not edit

Doing analysis at TEMP = 27.000000 and TNOM = 27.000000

Using SPARSE 1.3 as Direct Linear Solver

Initial Transient Solution
--------------------------

Node                                   Voltage
----                                   -------
vdd                                       1.32
cm                                        0.65
vd                                      -0.048
ap                                       0.626
an                                       0.674
clku                                         0
clk                                          0
ibn                                   0.304051
xa.x1.tmid                         1.54564e-06
xa.x1.tail                            0.621717
xa.x1.np                                  1.32
xa.x1.nn                                  1.32
xa.x1.ln                                  1.32
xa.x1.lp                                  1.32
xa.x1.lnb                          1.05277e-07
xa.x1.lpb                          1.06032e-07
xa.x1.na                               1.29354
doutb                                 0.666993
dout                                  0.677387
xa.x1.nb                               1.29015
doutn                                 0.513172
tcheck                                      27
pa_00                                  304.051
bpa_00#branch                                0
btchk#branch                                 0
bdoutn#branch                                0
bclk#branch                        4.34204e-10
ean#branch                         1.33091e-12
eap#branch                         1.68054e-12
vclku#branch                                 0
vd#branch                                    0
vcm#branch                         3.01145e-12
vsup#branch                       -0.000143221


No. of Data Rows : 12312

  Measurements for Transient Analysis

dlev0               =  3.70406e-07
dlev1               =  -1.19706e-07
dlev2               =  -4.71741e-08
dlev3               =  -2.19600e-07
dlev4               =  -8.41124e-07
dlev5               =  -8.54996e-07
dlev6               =  -1.16587e-06
dlev7               =  -1.51743e-06
dlev8               =  -1.81546e-06
dlev9               =  -4.38655e-07
dlev10              =  -3.30602e-06
dlev11              =  -2.48888e-06
dlev12              =  -3.50471e-06
dlev13              =  -3.08617e-06
dlev14              =  -1.84639e-06
dlev15              =  1.00000e+00
dlev16              =  9.99998e-01
dlev17              =  9.99999e-01
dlev18              =  9.99999e-01
dlev19              =  9.99999e-01
dlev20              =  9.99999e-01
dlev21              =  9.99999e-01
dlev22              =  9.99999e-01
dlev23              =  9.99999e-01
dlev24              =  9.99999e-01
dlev25              =  9.99999e-01
dlev26              =  9.99999e-01
dlev27              =  9.99999e-01
dlev28              =  9.99999e-01
dlev29              =  9.99999e-01
dlev30              =  1.00000e+00
dlev31              =  1.00000e+00
dlev32              =  1.00000e+00
vdd_meas            =  1.32000e+00
temp_meas           =  2.70000e+01
vbias_mv            =  3.04051e+02
lowcount            =  1.50000e+01
vos_mv              =  -4.49990e+00
vcm_meas            =  6.50000e-01

ngspice-46 done
