
Note: No compatibility mode selected!


Circuit: * klt sim -- generated corner deck, do not edit

Doing analysis at TEMP = 125.000000 and TNOM = 27.000000

Using SPARSE 1.3 as Direct Linear Solver

Initial Transient Solution
--------------------------

Node                                   Voltage
----                                   -------
vdd                                       1.08
cm                                         0.6
vd                                      -0.048
ap                                       0.576
an                                       0.624
clku                                         0
clk                                          0
ibn                                   0.298705
xa.x1.tmid                         1.36542e-05
xa.x1.tail                            0.554096
xa.x1.np                                  1.08
xa.x1.nn                               1.07998
xa.x1.ln                                  1.08
xa.x1.lp                                  1.08
xa.x1.lnb                          7.23067e-07
xa.x1.lpb                           7.4063e-07
xa.x1.na                                  1.08
doutb                                     1.08
dout                               9.90957e-07
xa.x1.nb                                  1.08
doutn                              9.17553e-07
tcheck                                     125
pa_00                                  298.705
bpa_00#branch                                0
btchk#branch                                 0
bdoutn#branch                                0
bclk#branch                        1.00059e-10
ean#branch                         1.21639e-13
eap#branch                          1.6355e-13
vclku#branch                                 0
vd#branch                                    0
vcm#branch                         2.85189e-13
vsup#branch                       -2.00273e-05


No. of Data Rows : 11920

  Measurements for Transient Analysis

dlev0               =  -7.24518e-07
dlev1               =  -4.78414e-07
dlev2               =  -7.94551e-07
dlev3               =  -7.56255e-07
dlev4               =  -2.43839e-07
dlev5               =  -3.17314e-07
dlev6               =  4.99787e-07
dlev7               =  -3.08857e-07
dlev8               =  3.86618e-07
dlev9               =  -3.78624e-07
dlev10              =  -9.88082e-07
dlev11              =  -3.28242e-07
dlev12              =  -5.58584e-07
dlev13              =  1.94672e-07
dlev14              =  -1.28893e-06
dlev15              =  -6.43747e-07
dlev16              =  2.65688e-06
dlev17              =  -1.43522e-06
dlev18              =  9.99998e-01
dlev19              =  9.99999e-01
dlev20              =  9.99999e-01
dlev21              =  1.00000e+00
dlev22              =  9.99999e-01
dlev23              =  9.99999e-01
dlev24              =  9.99999e-01
dlev25              =  9.99999e-01
dlev26              =  9.99999e-01
dlev27              =  9.99999e-01
dlev28              =  9.99999e-01
dlev29              =  9.99999e-01
dlev30              =  9.99999e-01
dlev31              =  9.99999e-01
dlev32              =  9.99999e-01
vdd_meas            =  1.08000e+00
temp_meas           =  1.25000e+02
vbias_mv            =  2.98705e+02
lowcount            =  1.80000e+01
vos_mv              =  4.50006e+00

ngspice-46 done
