
Note: No compatibility mode selected!


Circuit: * klt sim -- generated corner deck, do not edit

Doing analysis at TEMP = -40.000000 and TNOM = 27.000000

Using SPARSE 1.3 as Direct Linear Solver

Initial Transient Solution
--------------------------

Node                                   Voltage
----                                   -------
vdd                                        1.2
cm                                         0.6
vd                                      -0.048
ap                                       0.576
an                                       0.624
clku                                         0
clk                                          0
ibn                                   0.393065
xa.x1.tmid                         1.40107e-09
xa.x1.tail                            0.574894
xa.x1.np                                   1.2
xa.x1.nn                                   1.2
xa.x1.ln                                   1.2
xa.x1.lp                                   1.2
xa.x1.lnb                           8.2368e-09
xa.x1.lpb                          7.99925e-09
xa.x1.na                                   1.2
doutb                                      1.2
dout                               8.21469e-09
xa.x1.nb                                   1.2
doutn                              6.84558e-09
tcheck                                     -40
pa_00                                  393.065
bpa_00#branch                                0
btchk#branch                                 0
bdoutn#branch                                0
bclk#branch                        6.44501e-11
ean#branch                         7.01383e-14
eap#branch                         9.10522e-14
vclku#branch                                 0
vd#branch                                    0
vcm#branch                         1.61191e-13
vsup#branch                       -2.00001e-05


No. of Data Rows : 12214

  Measurements for Transient Analysis

dlev0               =  -9.59870e-07
dlev1               =  -2.99946e-06
dlev2               =  4.14862e-06
dlev3               =  -8.79282e-06
dlev4               =  -2.79788e-06
dlev5               =  -7.22046e-06
dlev6               =  -2.69768e-06
dlev7               =  -2.45610e-06
dlev8               =  -1.51011e-06
dlev9               =  -2.10291e-06
dlev10              =  -1.91089e-06
dlev11              =  -4.57840e-07
dlev12              =  3.58091e-06
dlev13              =  -7.02937e-06
dlev14              =  -6.09971e-06
dlev15              =  1.00000e+00
dlev16              =  9.99999e-01
dlev17              =  1.00000e+00
dlev18              =  9.99999e-01
dlev19              =  1.00000e+00
dlev20              =  9.99999e-01
dlev21              =  9.99999e-01
dlev22              =  9.99999e-01
dlev23              =  9.99999e-01
dlev24              =  9.99997e-01
dlev25              =  9.99997e-01
dlev26              =  1.00000e+00
dlev27              =  9.99998e-01
dlev28              =  9.99999e-01
dlev29              =  9.99997e-01
dlev30              =  9.99999e-01
dlev31              =  9.99999e-01
dlev32              =  9.99999e-01
vdd_meas            =  1.20000e+00
temp_meas           =  -4.00000e+01
vbias_mv            =  3.93065e+02
lowcount            =  1.50001e+01
vos_mv              =  -4.49983e+00

ngspice-46 done
