
Note: No compatibility mode selected!


Circuit: * klt sim -- generated corner deck, do not edit

Doing analysis at TEMP = -40.000000 and TNOM = 27.000000

Using SPARSE 1.3 as Direct Linear Solver

Initial Transient Solution
--------------------------

Node                                   Voltage
----                                   -------
vdd                                        1.2
cm                                        0.65
vd                                      -0.048
ap                                       0.626
an                                       0.674
clku                                         0
clk                                          0
ibn                                   0.393065
xa.x1.tmid                         1.43716e-09
xa.x1.tail                            0.635095
xa.x1.np                                   1.2
xa.x1.nn                                   1.2
xa.x1.ln                                   1.2
xa.x1.lp                                   1.2
xa.x1.lnb                           8.2368e-09
xa.x1.lpb                          7.99925e-09
xa.x1.na                                   1.2
doutb                                      1.2
dout                               8.21469e-09
xa.x1.nb                                   1.2
doutn                              6.84558e-09
tcheck                                     -40
pa_00                                  393.065
bpa_00#branch                                0
btchk#branch                                 0
bdoutn#branch                                0
bclk#branch                        6.45811e-11
ean#branch                         7.98805e-14
eap#branch                         1.04777e-13
vclku#branch                                 0
vd#branch                                    0
vcm#branch                         1.84658e-13
vsup#branch                       -2.00001e-05


No. of Data Rows : 12285

  Measurements for Transient Analysis

dlev0               =  6.17713e-06
dlev1               =  9.44114e-06
dlev2               =  5.58292e-06
dlev3               =  9.60680e-06
dlev4               =  9.99102e-06
dlev5               =  1.18028e-05
dlev6               =  1.15447e-05
dlev7               =  1.09342e-05
dlev8               =  1.12154e-05
dlev9               =  1.26415e-05
dlev10              =  -4.03095e-07
dlev11              =  1.14972e-05
dlev12              =  1.06743e-05
dlev13              =  1.09644e-05
dlev14              =  1.27384e-05
dlev15              =  9.99998e-01
dlev16              =  1.00001e+00
dlev17              =  1.00000e+00
dlev18              =  1.00000e+00
dlev19              =  1.00000e+00
dlev20              =  1.00000e+00
dlev21              =  1.00000e+00
dlev22              =  1.00000e+00
dlev23              =  1.00000e+00
dlev24              =  9.99999e-01
dlev25              =  1.00000e+00
dlev26              =  1.00000e+00
dlev27              =  9.99997e-01
dlev28              =  1.00000e+00
dlev29              =  1.00000e+00
dlev30              =  1.00000e+00
dlev31              =  1.00000e+00
dlev32              =  1.00000e+00
vdd_meas            =  1.20000e+00
temp_meas           =  -4.00000e+01
vbias_mv            =  3.93065e+02
lowcount            =  1.49998e+01
vos_mv              =  -4.50048e+00
vcm_meas            =  6.50000e-01

ngspice-46 done
