
Note: No compatibility mode selected!


Circuit: * klt sim -- generated corner deck, do not edit

Doing analysis at TEMP = 125.000000 and TNOM = 27.000000

Using SPARSE 1.3 as Direct Linear Solver

Initial Transient Solution
--------------------------

Node                                   Voltage
----                                   -------
vdd                                       1.32
cm                                        0.65
vd                                      -0.048
ap                                       0.626
an                                       0.674
clku                                         0
clk                                          0
ibn                                    0.20353
xa.x1.tmid                         0.000367026
xa.x1.tail                            0.618412
xa.x1.np                               1.31992
xa.x1.nn                               1.31975
xa.x1.ln                                  1.32
xa.x1.lp                                  1.32
xa.x1.lnb                          1.73249e-05
xa.x1.lpb                           1.7777e-05
xa.x1.na                               1.31999
doutb                                  1.31998
dout                                2.6151e-05
xa.x1.nb                               1.31998
doutn                              1.98114e-05
tcheck                                     125
pa_00                                   203.53
bpa_00#branch                                0
btchk#branch                                 0
bdoutn#branch                                0
bclk#branch                        2.22176e-09
ean#branch                          1.2564e-11
eap#branch                         1.57413e-11
vclku#branch                                 0
vd#branch                                    0
vcm#branch                         2.83053e-11
vsup#branch                       -2.07719e-05


No. of Data Rows : 12260

  Measurements for Transient Analysis

dlev0               =  1.99759e-05
dlev1               =  1.98580e-05
dlev2               =  1.79678e-05
dlev3               =  2.04490e-05
dlev4               =  1.69386e-05
dlev5               =  1.96899e-05
dlev6               =  2.06763e-05
dlev7               =  2.08798e-05
dlev8               =  2.19210e-05
dlev9               =  1.93296e-05
dlev10              =  2.18196e-05
dlev11              =  1.71034e-05
dlev12              =  1.76061e-05
dlev13              =  1.63072e-05
dlev14              =  1.97234e-05
dlev15              =  9.99987e-01
dlev16              =  9.99986e-01
dlev17              =  9.99985e-01
dlev18              =  9.99986e-01
dlev19              =  9.99984e-01
dlev20              =  9.99987e-01
dlev21              =  9.99987e-01
dlev22              =  9.99986e-01
dlev23              =  9.99986e-01
dlev24              =  9.99985e-01
dlev25              =  9.99984e-01
dlev26              =  9.99985e-01
dlev27              =  9.99986e-01
dlev28              =  9.99986e-01
dlev29              =  9.99986e-01
dlev30              =  9.99986e-01
dlev31              =  9.99985e-01
dlev32              =  9.99985e-01
vdd_meas            =  1.32000e+00
temp_meas           =  1.25000e+02
vbias_mv            =  2.03530e+02
lowcount            =  1.50000e+01
vos_mv              =  -4.50010e+00
vcm_meas            =  6.50000e-01

ngspice-46 done
