
Note: No compatibility mode selected!


Circuit: * klt sim -- generated corner deck, do not edit

Doing analysis at TEMP = 27.000000 and TNOM = 27.000000

Using SPARSE 1.3 as Direct Linear Solver

Initial Transient Solution
--------------------------

Node                                   Voltage
----                                   -------
vdd                                       1.08
cm                                         0.6
vd                                      -0.048
ap                                       0.576
an                                       0.624
clku                                         0
clk                                          0
ibn                                   0.311117
xa.x1.tmid                         1.27116e-06
xa.x1.tail                            0.575347
xa.x1.np                                  1.08
xa.x1.nn                                  1.08
xa.x1.ln                                  1.08
xa.x1.lp                                  1.08
xa.x1.lnb                          7.81901e-08
xa.x1.lpb                          9.84634e-08
xa.x1.na                                  1.08
doutb                              1.06077e-07
dout                                      1.08
xa.x1.nb                                  1.08
doutn                                        1
tcheck                                      27
pa_00                                  311.117
bpa_00#branch                                0
btchk#branch                                 0
bdoutn#branch                                0
bclk#branch                        2.15719e-10
ean#branch                         4.85639e-13
eap#branch                          6.4293e-13
vclku#branch                                 0
vd#branch                                    0
vcm#branch                         1.12857e-12
vsup#branch                       -2.00037e-05


No. of Data Rows : 12204

  Measurements for Transient Analysis

dlev0               =  5.19589e-06
dlev1               =  -1.69860e-06
dlev2               =  -1.73808e-06
dlev3               =  -1.75777e-06
dlev4               =  -2.03740e-06
dlev5               =  -3.02656e-08
dlev6               =  -2.09349e-06
dlev7               =  -2.23646e-06
dlev8               =  -1.94297e-06
dlev9               =  4.56943e-07
dlev10              =  8.57015e-07
dlev11              =  -2.70914e-06
dlev12              =  -1.14297e-06
dlev13              =  -1.55494e-06
dlev14              =  -1.65448e-06
dlev15              =  -1.22485e-06
dlev16              =  1.00000e+00
dlev17              =  1.00000e+00
dlev18              =  1.00000e+00
dlev19              =  1.00000e+00
dlev20              =  1.00000e+00
dlev21              =  1.00000e+00
dlev22              =  9.99999e-01
dlev23              =  1.00000e+00
dlev24              =  1.00000e+00
dlev25              =  1.00000e+00
dlev26              =  1.00000e+00
dlev27              =  9.99999e-01
dlev28              =  1.00000e+00
dlev29              =  1.00000e+00
dlev30              =  1.00000e+00
dlev31              =  1.00000e+00
dlev32              =  1.00000e+00
vdd_meas            =  1.08000e+00
temp_meas           =  2.70000e+01
vbias_mv            =  3.11117e+02
lowcount            =  1.60000e+01
vos_mv              =  -1.49996e+00

ngspice-46 done
