
Note: No compatibility mode selected!


Circuit: * klt sim -- generated corner deck, do not edit

Doing analysis at TEMP = 27.000000 and TNOM = 27.000000

Using SPARSE 1.3 as Direct Linear Solver

Initial Transient Solution
--------------------------

Node                                   Voltage
----                                   -------
vdd                                       1.08
cm                                        0.55
vd                                      -0.048
ap                                       0.526
an                                       0.574
clku                                         0
clk                                          0
ibn                                   0.264922
xa.x1.tmid                         6.67408e-06
xa.x1.tail                            0.530015
xa.x1.np                                  1.08
xa.x1.nn                               1.07999
xa.x1.ln                                  1.08
xa.x1.lp                                  1.08
xa.x1.lnb                          5.74627e-07
xa.x1.lpb                          7.81598e-07
xa.x1.na                                1.0635
doutb                                 0.564684
dout                                  0.564575
xa.x1.nb                               1.06359
doutn                                 0.522754
tcheck                                      27
pa_00                                  264.922
bpa_00#branch                                0
btchk#branch                                 0
bdoutn#branch                                0
bclk#branch                        7.03421e-10
ean#branch                         2.83423e-12
eap#branch                         3.65369e-12
vclku#branch                                 0
vd#branch                                    0
vcm#branch                         6.48792e-12
vsup#branch                       -9.04745e-05


No. of Data Rows : 12188

  Measurements for Transient Analysis

dlev0               =  3.46814e-06
dlev1               =  3.30776e-06
dlev2               =  3.90197e-06
dlev3               =  9.53537e-07
dlev4               =  3.28461e-06
dlev5               =  1.69731e-06
dlev6               =  8.29812e-07
dlev7               =  7.40307e-07
dlev8               =  8.35027e-07
dlev9               =  5.52208e-07
dlev10              =  3.32006e-06
dlev11              =  6.27819e-07
dlev12              =  8.11935e-07
dlev13              =  8.35330e-07
dlev14              =  1.26860e-06
dlev15              =  2.97292e-06
dlev16              =  3.97840e-07
dlev17              =  1.00000e+00
dlev18              =  1.00000e+00
dlev19              =  9.99999e-01
dlev20              =  1.00000e+00
dlev21              =  1.00000e+00
dlev22              =  1.00000e+00
dlev23              =  1.00000e+00
dlev24              =  1.00000e+00
dlev25              =  9.99999e-01
dlev26              =  1.00000e+00
dlev27              =  1.00000e+00
dlev28              =  1.00000e+00
dlev29              =  1.00000e+00
dlev30              =  1.00000e+00
dlev31              =  1.00000e+00
dlev32              =  1.00000e+00
vdd_meas            =  1.08000e+00
temp_meas           =  2.70000e+01
vbias_mv            =  2.64922e+02
lowcount            =  1.70000e+01
vos_mv              =  1.49989e+00
vcm_meas            =  5.50000e-01

ngspice-46 done
