
Note: No compatibility mode selected!


Circuit: * klt sim -- generated corner deck, do not edit

Doing analysis at TEMP = 27.000000 and TNOM = 27.000000

Using SPARSE 1.3 as Direct Linear Solver

Initial Transient Solution
--------------------------

Node                                   Voltage
----                                   -------
vdd                                        1.2
cm                                        0.65
vd                                      -0.048
ap                                       0.626
an                                       0.674
clku                                         0
clk                                          0
ibn                                   0.308354
xa.x1.tmid                         1.44873e-06
xa.x1.tail                            0.620916
xa.x1.np                                   1.2
xa.x1.nn                                   1.2
xa.x1.ln                                   1.2
xa.x1.lp                                   1.2
xa.x1.lnb                          9.38734e-08
xa.x1.lpb                          9.04098e-08
xa.x1.na                               1.18084
doutb                                 0.607943
dout                                  0.611249
xa.x1.nb                               1.18173
doutn                                 0.509374
tcheck                                      27
pa_00                                  308.354
bpa_00#branch                                0
btchk#branch                                 0
bdoutn#branch                                0
bclk#branch                        3.10387e-10
ean#branch                         7.18897e-13
eap#branch                         9.31921e-13
vclku#branch                                 0
vd#branch                                    0
vcm#branch                         1.65082e-12
vsup#branch                       -9.35906e-05


No. of Data Rows : 12231

  Measurements for Transient Analysis

dlev0               =  -2.37548e-06
dlev1               =  5.49738e-07
dlev2               =  8.04812e-07
dlev3               =  -1.15103e-07
dlev4               =  -2.35496e-07
dlev5               =  5.82429e-07
dlev6               =  -3.61116e-06
dlev7               =  5.33089e-07
dlev8               =  -1.97530e-06
dlev9               =  -5.91599e-07
dlev10              =  -1.73378e-07
dlev11              =  -5.32006e-07
dlev12              =  -3.85812e-06
dlev13              =  -2.15164e-07
dlev14              =  -1.49942e-07
dlev15              =  6.68132e-08
dlev16              =  9.99999e-01
dlev17              =  9.99999e-01
dlev18              =  9.99999e-01
dlev19              =  9.99999e-01
dlev20              =  1.00000e+00
dlev21              =  1.00000e+00
dlev22              =  9.99999e-01
dlev23              =  1.00000e+00
dlev24              =  9.99999e-01
dlev25              =  1.00000e+00
dlev26              =  9.99999e-01
dlev27              =  1.00000e+00
dlev28              =  1.00000e+00
dlev29              =  1.00000e+00
dlev30              =  9.99999e-01
dlev31              =  9.99999e-01
dlev32              =  1.00000e+00
vdd_meas            =  1.20000e+00
temp_meas           =  2.70000e+01
vbias_mv            =  3.08354e+02
lowcount            =  1.60000e+01
vos_mv              =  -1.49994e+00
vcm_meas            =  6.50000e-01

ngspice-46 done
