
Note: No compatibility mode selected!


Circuit: * klt sim -- generated corner deck, do not edit

Doing analysis at TEMP = -40.000000 and TNOM = 27.000000

Using SPARSE 1.3 as Direct Linear Solver

Initial Transient Solution
--------------------------

Node                                   Voltage
----                                   -------
vdd                                       1.32
cm                                         0.6
vd                                      -0.048
ap                                       0.576
an                                       0.624
clku                                         0
clk                                          0
ibn                                   0.322732
xa.x1.tmid                         7.34443e-08
xa.x1.tail                            0.573051
xa.x1.np                                  1.32
xa.x1.nn                                  1.32
xa.x1.ln                                  1.32
xa.x1.lp                                  1.32
xa.x1.lnb                          3.55897e-08
xa.x1.lpb                           3.4401e-08
xa.x1.na                                  1.32
doutb                                     1.32
dout                               3.15734e-08
xa.x1.nb                                  1.32
doutn                              2.39193e-08
tcheck                                     -40
pa_00                                  322.732
bpa_00#branch                                0
btchk#branch                                 0
bdoutn#branch                                0
bclk#branch                        1.64015e-10
ean#branch                         1.68343e-12
eap#branch                         2.09857e-12
vclku#branch                                 0
vd#branch                                    0
vcm#branch                           3.782e-12
vsup#branch                       -2.00008e-05


No. of Data Rows : 12342

  Measurements for Transient Analysis

dlev0               =  4.21788e-07
dlev1               =  -1.04111e-07
dlev2               =  9.18261e-07
dlev3               =  8.82733e-07
dlev4               =  6.59688e-07
dlev5               =  6.91609e-07
dlev6               =  5.22933e-07
dlev7               =  1.95065e-07
dlev8               =  -4.71253e-07
dlev9               =  -1.11164e-07
dlev10              =  1.48553e-06
dlev11              =  1.34615e-06
dlev12              =  4.03497e-07
dlev13              =  2.07833e-06
dlev14              =  1.43620e-06
dlev15              =  2.00573e-06
dlev16              =  9.56643e-07
dlev17              =  9.99999e-01
dlev18              =  9.99998e-01
dlev19              =  9.99999e-01
dlev20              =  9.99997e-01
dlev21              =  1.00000e+00
dlev22              =  9.99999e-01
dlev23              =  9.99998e-01
dlev24              =  9.99999e-01
dlev25              =  9.99999e-01
dlev26              =  9.99998e-01
dlev27              =  9.99999e-01
dlev28              =  9.99999e-01
dlev29              =  1.00000e+00
dlev30              =  1.00000e+00
dlev31              =  1.00000e+00
dlev32              =  9.99999e-01
vdd_meas            =  1.32000e+00
temp_meas           =  -4.00000e+01
vbias_mv            =  3.22732e+02
lowcount            =  1.70000e+01
vos_mv              =  1.50001e+00

ngspice-46 done
