
Note: No compatibility mode selected!


Circuit: * klt sim -- generated corner deck, do not edit

Doing analysis at TEMP = -40.000000 and TNOM = 27.000000

Using SPARSE 1.3 as Direct Linear Solver

Initial Transient Solution
--------------------------

Node                                   Voltage
----                                   -------
vdd                                       1.32
cm                                         0.6
vd                                      -0.048
ap                                       0.576
an                                       0.624
clku                                         0
clk                                          0
ibn                                   0.321926
xa.x1.tmid                         7.14119e-08
xa.x1.tail                            0.543248
xa.x1.np                                  1.32
xa.x1.nn                                  1.32
xa.x1.ln                                  1.32
xa.x1.lp                                  1.32
xa.x1.lnb                          3.20745e-08
xa.x1.lpb                          3.50594e-08
xa.x1.na                                  1.32
doutb                               3.5207e-08
dout                                      1.32
xa.x1.nb                                  1.32
doutn                                        1
tcheck                                     -40
pa_00                                  321.926
bpa_00#branch                                0
btchk#branch                                 0
bdoutn#branch                                0
bclk#branch                         1.6445e-10
ean#branch                         8.41244e-13
eap#branch                          1.0488e-12
vclku#branch                                 0
vd#branch                                    0
vcm#branch                         1.89004e-12
vsup#branch                       -2.00008e-05


No. of Data Rows : 12329

  Measurements for Transient Analysis

dlev0               =  -3.89930e-06
dlev1               =  -2.90463e-06
dlev2               =  -1.93074e-06
dlev3               =  -5.98725e-06
dlev4               =  -6.74279e-06
dlev5               =  -6.48077e-06
dlev6               =  -3.77391e-07
dlev7               =  -6.28726e-09
dlev8               =  -5.11482e-06
dlev9               =  -7.69087e-06
dlev10              =  -6.88585e-06
dlev11              =  -5.82939e-06
dlev12              =  -6.47658e-06
dlev13              =  -5.31693e-06
dlev14              =  -3.56985e-08
dlev15              =  3.50275e-08
dlev16              =  -4.23794e-06
dlev17              =  -5.38957e-06
dlev18              =  -4.50881e-06
dlev19              =  9.99999e-01
dlev20              =  9.99997e-01
dlev21              =  9.99998e-01
dlev22              =  9.99997e-01
dlev23              =  9.99998e-01
dlev24              =  9.99997e-01
dlev25              =  9.99998e-01
dlev26              =  9.99998e-01
dlev27              =  9.99997e-01
dlev28              =  9.99998e-01
dlev29              =  9.99997e-01
dlev30              =  9.99997e-01
dlev31              =  9.99998e-01
dlev32              =  9.99998e-01
vdd_meas            =  1.32000e+00
temp_meas           =  -4.00000e+01
vbias_mv            =  3.21926e+02
lowcount            =  1.90001e+01
vos_mv              =  7.50034e+00

ngspice-46 done
