
Note: No compatibility mode selected!


Circuit: * klt sim -- generated corner deck, do not edit

Doing analysis at TEMP = -40.000000 and TNOM = 27.000000

Using SPARSE 1.3 as Direct Linear Solver
Note: Starting dynamic gmin stepping
Note: Dynamic gmin stepping completed

Initial Transient Solution
--------------------------

Node                                   Voltage
----                                   -------
vdd                                       1.32
cm                                         0.6
vd                                      -0.048
ap                                       0.576
an                                       0.624
clku                                         0
clk                                          0
ibn                                   0.388665
xa.x1.tmid                         1.41418e-09
xa.x1.tail                            0.548863
xa.x1.np                                  1.32
xa.x1.nn                                  1.32
xa.x1.ln                                  1.32
xa.x1.lp                                  1.32
xa.x1.lnb                          9.86497e-09
xa.x1.lpb                          1.04263e-08
xa.x1.na                               1.30724
doutb                                 0.682064
dout                                  0.671266
xa.x1.nb                               1.30864
doutn                                 0.508535
tcheck                                     -40
pa_00                                  388.665
bpa_00#branch                                0
btchk#branch                                 0
bdoutn#branch                                0
bclk#branch                        9.03837e-11
ean#branch                         1.30659e-13
eap#branch                         1.65479e-13
vclku#branch                                 0
vd#branch                                    0
vcm#branch                         2.96138e-13
vsup#branch                       -7.14166e-05


No. of Data Rows : 12283

  Measurements for Transient Analysis

dlev0               =  5.23329e-06
dlev1               =  -2.64347e-06
dlev2               =  1.14325e-05
dlev3               =  1.09032e-05
dlev4               =  1.13622e-05
dlev5               =  1.17799e-05
dlev6               =  1.21964e-05
dlev7               =  2.09072e-06
dlev8               =  2.27416e-06
dlev9               =  -1.67471e-06
dlev10              =  1.05876e-06
dlev11              =  -1.94278e-06
dlev12              =  1.19821e-05
dlev13              =  2.97810e-07
dlev14              =  1.19262e-05
dlev15              =  -1.93571e-06
dlev16              =  9.89449e-06
dlev17              =  1.12208e-05
dlev18              =  1.00000e+00
dlev19              =  1.00000e+00
dlev20              =  1.00000e+00
dlev21              =  1.00000e+00
dlev22              =  1.00000e+00
dlev23              =  1.00000e+00
dlev24              =  1.00000e+00
dlev25              =  1.00000e+00
dlev26              =  1.00000e+00
dlev27              =  1.00000e+00
dlev28              =  1.00000e+00
dlev29              =  1.00000e+00
dlev30              =  1.00000e+00
dlev31              =  1.00000e+00
dlev32              =  1.00000e+00
vdd_meas            =  1.32000e+00
temp_meas           =  -4.00000e+01
vbias_mv            =  3.88665e+02
lowcount            =  1.79999e+01
vos_mv              =  4.49958e+00

ngspice-46 done
