
Note: No compatibility mode selected!


Circuit: * klt sim -- generated corner deck, do not edit

Doing analysis at TEMP = -40.000000 and TNOM = 27.000000

Using SPARSE 1.3 as Direct Linear Solver

Initial Transient Solution
--------------------------

Node                                   Voltage
----                                   -------
vdd                                       1.08
cm                                         0.6
vd                                      -0.048
ap                                       0.576
an                                       0.624
clku                                         0
clk                                          0
ibn                                   0.298479
xa.x1.tmid                         2.15893e-07
xa.x1.tail                            0.538018
xa.x1.np                                  1.08
xa.x1.nn                                  1.08
xa.x1.ln                                  1.08
xa.x1.lp                                  1.08
xa.x1.lnb                          7.88414e-08
xa.x1.lpb                          7.42783e-08
xa.x1.na                                  1.08
doutb                                     1.08
dout                               8.29692e-08
xa.x1.nb                                  1.08
doutn                              7.68233e-08
tcheck                                     -40
pa_00                                  298.479
bpa_00#branch                                0
btchk#branch                                 0
bdoutn#branch                                0
bclk#branch                        4.54558e-10
ean#branch                         5.16684e-13
eap#branch                         6.81455e-13
vclku#branch                                 0
vd#branch                                    0
vcm#branch                         1.19814e-12
vsup#branch                       -2.00017e-05


No. of Data Rows : 12101

  Measurements for Transient Analysis

dlev0               =  1.03941e-05
dlev1               =  6.56535e-06
dlev2               =  3.08972e-06
dlev3               =  6.75833e-06
dlev4               =  1.04737e-05
dlev5               =  1.04806e-05
dlev6               =  5.55004e-06
dlev7               =  1.73670e-08
dlev8               =  7.12435e-06
dlev9               =  1.01623e-05
dlev10              =  1.04515e-05
dlev11              =  1.06317e-07
dlev12              =  7.18069e-06
dlev13              =  1.05426e-05
dlev14              =  2.18005e-06
dlev15              =  7.32297e-06
dlev16              =  7.23285e-06
dlev17              =  1.05285e-05
dlev18              =  9.99999e-01
dlev19              =  1.00000e+00
dlev20              =  1.00000e+00
dlev21              =  1.00000e+00
dlev22              =  1.00000e+00
dlev23              =  1.00000e+00
dlev24              =  1.00000e+00
dlev25              =  1.00000e+00
dlev26              =  1.00000e+00
dlev27              =  1.00000e+00
dlev28              =  1.00000e+00
dlev29              =  1.00000e+00
dlev30              =  1.00000e+00
dlev31              =  1.00000e+00
dlev32              =  1.00000e+00
vdd_meas            =  1.08000e+00
temp_meas           =  -4.00000e+01
vbias_mv            =  2.98479e+02
lowcount            =  1.79999e+01
vos_mv              =  4.49956e+00

ngspice-46 done
