
Note: No compatibility mode selected!


Circuit: * klt sim -- generated corner deck, do not edit

Doing analysis at TEMP = 27.000000 and TNOM = 27.000000

Using SPARSE 1.3 as Direct Linear Solver

Initial Transient Solution
--------------------------

Node                                   Voltage
----                                   -------
vdd                                       1.08
cm                                         0.6
vd                                      -0.048
ap                                       0.576
an                                       0.624
clku                                         0
clk                                          0
ibn                                   0.327547
xa.x1.tmid                         3.39535e-07
xa.x1.tail                            0.535711
xa.x1.np                                  1.08
xa.x1.nn                                  1.08
xa.x1.ln                                  1.08
xa.x1.lp                                  1.08
xa.x1.lnb                          2.25017e-07
xa.x1.lpb                          2.20778e-07
xa.x1.na                               1.07046
doutb                                  0.58446
dout                                  0.591237
xa.x1.nb                               1.07061
doutn                                 0.547441
tcheck                                      27
pa_00                                  327.547
bpa_00#branch                                0
btchk#branch                                 0
bdoutn#branch                                0
bclk#branch                        3.83981e-10
ean#branch                         1.52045e-13
eap#branch                         2.03615e-13
vclku#branch                                 0
vd#branch                                    0
vcm#branch                          3.5566e-13
vsup#branch                       -5.76534e-05


No. of Data Rows : 12071

  Measurements for Transient Analysis

dlev0               =  -7.68955e-06
dlev1               =  -7.80071e-06
dlev2               =  -7.70368e-06
dlev3               =  -7.73097e-06
dlev4               =  -7.99220e-06
dlev5               =  -7.59061e-06
dlev6               =  -7.66776e-06
dlev7               =  -8.12208e-06
dlev8               =  -7.96375e-06
dlev9               =  -8.26153e-06
dlev10              =  -7.52712e-06
dlev11              =  -5.65318e-07
dlev12              =  -7.82783e-06
dlev13              =  -8.24378e-06
dlev14              =  -3.76169e-07
dlev15              =  -7.36112e-06
dlev16              =  -5.58200e-06
dlev17              =  -7.82652e-06
dlev18              =  -8.18591e-06
dlev19              =  1.00000e+00
dlev20              =  9.99996e-01
dlev21              =  9.99996e-01
dlev22              =  9.99996e-01
dlev23              =  9.99996e-01
dlev24              =  9.99999e-01
dlev25              =  9.99996e-01
dlev26              =  1.00000e+00
dlev27              =  9.99996e-01
dlev28              =  9.99996e-01
dlev29              =  9.99996e-01
dlev30              =  9.99996e-01
dlev31              =  9.99996e-01
dlev32              =  9.99996e-01
vdd_meas            =  1.08000e+00
temp_meas           =  2.70000e+01
vbias_mv            =  3.27547e+02
lowcount            =  1.90002e+01
vos_mv              =  7.50052e+00

ngspice-46 done
