
Note: No compatibility mode selected!


Circuit: * klt sim -- generated corner deck, do not edit

Doing analysis at TEMP = 125.000000 and TNOM = 27.000000

Using SPARSE 1.3 as Direct Linear Solver
Note: Starting dynamic gmin stepping
Note: Dynamic gmin stepping completed

Initial Transient Solution
--------------------------

Node                                   Voltage
----                                   -------
vdd                                       1.08
cm                                         0.6
vd                                      -0.048
ap                                       0.576
an                                       0.624
clku                                         0
clk                                          0
ibn                                   0.247313
xa.x1.tmid                         8.06663e-05
xa.x1.tail                             0.58157
xa.x1.np                               1.07997
xa.x1.nn                               1.07992
xa.x1.ln                                  1.08
xa.x1.lp                                  1.08
xa.x1.lnb                          4.42431e-06
xa.x1.lpb                          4.38818e-06
xa.x1.na                                  1.08
doutb                              4.65535e-06
dout                                   1.07999
xa.x1.nb                                  1.08
doutn                                 0.999994
tcheck                                     125
pa_00                                  247.313
bpa_00#branch                                0
btchk#branch                                 0
bdoutn#branch                                0
bclk#branch                        3.38274e-10
ean#branch                         1.08907e-12
eap#branch                         1.44337e-12
vclku#branch                                 0
vd#branch                                    0
vcm#branch                         2.53245e-12
vsup#branch                       -2.01607e-05


No. of Data Rows : 12053

  Measurements for Transient Analysis

dlev0               =  4.27342e-06
dlev1               =  3.20672e-06
dlev2               =  2.97634e-06
dlev3               =  2.24837e-06
dlev4               =  2.64094e-06
dlev5               =  4.07108e-06
dlev6               =  2.49183e-06
dlev7               =  2.72426e-06
dlev8               =  4.10275e-06
dlev9               =  4.29845e-06
dlev10              =  3.03870e-06
dlev11              =  4.19749e-06
dlev12              =  4.23229e-06
dlev13              =  4.27557e-06
dlev14              =  3.64868e-06
dlev15              =  4.38159e-06
dlev16              =  5.21886e-06
dlev17              =  9.99995e-01
dlev18              =  9.99994e-01
dlev19              =  9.99993e-01
dlev20              =  9.99993e-01
dlev21              =  9.99993e-01
dlev22              =  9.99993e-01
dlev23              =  9.99993e-01
dlev24              =  9.99992e-01
dlev25              =  9.99993e-01
dlev26              =  9.99993e-01
dlev27              =  9.99993e-01
dlev28              =  9.99993e-01
dlev29              =  9.99993e-01
dlev30              =  9.99993e-01
dlev31              =  9.99994e-01
dlev32              =  9.99994e-01
vdd_meas            =  1.08000e+00
temp_meas           =  1.25000e+02
vbias_mv            =  2.47313e+02
lowcount            =  1.70000e+01
vos_mv              =  1.50014e+00

ngspice-46 done
