
Note: No compatibility mode selected!


Circuit: * klt sim -- generated corner deck, do not edit

Doing analysis at TEMP = -40.000000 and TNOM = 27.000000

Using SPARSE 1.3 as Direct Linear Solver

Initial Transient Solution
--------------------------

Node                                   Voltage
----                                   -------
vdd                                        1.2
cm                                         0.6
vd                                      -0.048
ap                                       0.576
an                                       0.624
clku                                         0
clk                                          0
ibn                                   0.300702
xa.x1.tmid                         2.01786e-07
xa.x1.tail                            0.530809
xa.x1.np                                   1.2
xa.x1.nn                                   1.2
xa.x1.ln                                   1.2
xa.x1.lp                                   1.2
xa.x1.lnb                          9.79085e-08
xa.x1.lpb                          9.73003e-08
xa.x1.na                               1.18267
doutb                                  0.62299
dout                                  0.630398
xa.x1.nb                               1.18199
doutn                                 0.525332
tcheck                                     -40
pa_00                                  300.702
bpa_00#branch                                0
btchk#branch                                 0
bdoutn#branch                                0
bclk#branch                        6.44993e-10
ean#branch                         1.29811e-12
eap#branch                         1.65107e-12
vclku#branch                                 0
vd#branch                                    0
vcm#branch                         2.94918e-12
vsup#branch                       -0.000115497


No. of Data Rows : 12227

  Measurements for Transient Analysis

dlev0               =  -2.32842e-06
dlev1               =  -9.72650e-07
dlev2               =  -1.31748e-06
dlev3               =  -1.21555e-06
dlev4               =  -1.33611e-06
dlev5               =  6.08941e-07
dlev6               =  2.09074e-07
dlev7               =  2.28868e-06
dlev8               =  -1.03037e-07
dlev9               =  7.01641e-07
dlev10              =  8.23758e-07
dlev11              =  7.92566e-07
dlev12              =  3.85379e-07
dlev13              =  -1.34615e-06
dlev14              =  -1.52517e-07
dlev15              =  -1.49759e-07
dlev16              =  -1.38294e-06
dlev17              =  5.81103e-07
dlev18              =  5.75789e-09
dlev19              =  -5.36101e-07
dlev20              =  9.99999e-01
dlev21              =  1.00000e+00
dlev22              =  9.99999e-01
dlev23              =  9.99999e-01
dlev24              =  9.99999e-01
dlev25              =  1.00000e+00
dlev26              =  1.00000e+00
dlev27              =  1.00000e+00
dlev28              =  1.00000e+00
dlev29              =  1.00000e+00
dlev30              =  9.99999e-01
dlev31              =  1.00000e+00
dlev32              =  1.00000e+00
vdd_meas            =  1.20000e+00
temp_meas           =  -4.00000e+01
vbias_mv            =  3.00702e+02
lowcount            =  2.00000e+01
vos_mv              =  1.05000e+01

ngspice-46 done
