
Note: No compatibility mode selected!


Circuit: * klt sim -- generated corner deck, do not edit

Doing analysis at TEMP = 27.000000 and TNOM = 27.000000

Using SPARSE 1.3 as Direct Linear Solver

Initial Transient Solution
--------------------------

Node                                   Voltage
----                                   -------
vdd                                       1.32
cm                                         0.6
vd                                      -0.048
ap                                       0.576
an                                       0.624
clku                                         0
clk                                          0
ibn                                   0.276128
xa.x1.tmid                          2.0244e-06
xa.x1.tail                            0.580105
xa.x1.np                                  1.32
xa.x1.nn                                  1.32
xa.x1.ln                                  1.32
xa.x1.lp                                  1.32
xa.x1.lnb                          1.00441e-07
xa.x1.lpb                          1.01244e-07
xa.x1.na                               1.29258
doutb                                 0.665323
dout                                  0.674574
xa.x1.nb                               1.29099
doutn                                 0.511041
tcheck                                      27
pa_00                                  276.128
bpa_00#branch                                0
btchk#branch                                 0
bdoutn#branch                                0
bclk#branch                        4.29093e-10
ean#branch                          1.6914e-12
eap#branch                            2.12e-12
vclku#branch                                 0
vd#branch                                    0
vcm#branch                          3.8114e-12
vsup#branch                       -0.000134496


No. of Data Rows : 12180

  Measurements for Transient Analysis

dlev0               =  -4.74862e-07
dlev1               =  -3.70901e-06
dlev2               =  -2.94064e-07
dlev3               =  -1.83823e-07
dlev4               =  -3.63692e-06
dlev5               =  -3.30083e-06
dlev6               =  -8.45001e-07
dlev7               =  -4.78115e-06
dlev8               =  -4.93205e-06
dlev9               =  -2.72797e-06
dlev10              =  -3.14800e-06
dlev11              =  -2.89150e-06
dlev12              =  1.55382e-07
dlev13              =  -6.43551e-06
dlev14              =  -4.04996e-06
dlev15              =  -2.03708e-06
dlev16              =  -1.98303e-06
dlev17              =  1.00000e+00
dlev18              =  1.00000e+00
dlev19              =  1.00000e+00
dlev20              =  9.99999e-01
dlev21              =  1.00000e+00
dlev22              =  9.99999e-01
dlev23              =  9.99999e-01
dlev24              =  9.99998e-01
dlev25              =  1.00000e+00
dlev26              =  9.99999e-01
dlev27              =  9.99999e-01
dlev28              =  1.00000e+00
dlev29              =  9.99998e-01
dlev30              =  9.99998e-01
dlev31              =  9.99998e-01
dlev32              =  9.99999e-01
vdd_meas            =  1.32000e+00
temp_meas           =  2.70000e+01
vbias_mv            =  2.76128e+02
lowcount            =  1.70001e+01
vos_mv              =  1.50018e+00

ngspice-46 done
