
Note: No compatibility mode selected!


Circuit: * klt sim -- generated corner deck, do not edit

Doing analysis at TEMP = -40.000000 and TNOM = 27.000000

Using SPARSE 1.3 as Direct Linear Solver

Initial Transient Solution
--------------------------

Node                                   Voltage
----                                   -------
vdd                                        1.2
cm                                         0.6
vd                                      -0.048
ap                                       0.576
an                                       0.624
clku                                         0
clk                                          0
ibn                                   0.301286
xa.x1.tmid                         2.10619e-07
xa.x1.tail                            0.566914
xa.x1.np                                   1.2
xa.x1.nn                                   1.2
xa.x1.ln                                   1.2
xa.x1.lp                                   1.2
xa.x1.lnb                          1.08033e-07
xa.x1.lpb                          9.44046e-08
xa.x1.na                                   1.2
doutb                                      1.2
dout                               1.07428e-07
xa.x1.nb                                   1.2
doutn                              8.95233e-08
tcheck                                     -40
pa_00                                  301.286
bpa_00#branch                                0
btchk#branch                                 0
bdoutn#branch                                0
bclk#branch                        6.47596e-10
ean#branch                          1.9591e-12
eap#branch                         2.48288e-12
vclku#branch                                 0
vd#branch                                    0
vcm#branch                         4.44197e-12
vsup#branch                       -2.00022e-05


No. of Data Rows : 12325

  Measurements for Transient Analysis

dlev0               =  -3.75974e-06
dlev1               =  -6.21807e-07
dlev2               =  -9.28220e-07
dlev3               =  -3.13360e-06
dlev4               =  -3.05629e-06
dlev5               =  -3.00782e-06
dlev6               =  -3.10971e-06
dlev7               =  -3.08162e-06
dlev8               =  -3.47993e-06
dlev9               =  -4.73319e-06
dlev10              =  -4.84312e-06
dlev11              =  -4.02127e-06
dlev12              =  -3.80413e-06
dlev13              =  -5.57535e-06
dlev14              =  -5.05018e-06
dlev15              =  -6.60586e-06
dlev16              =  7.91902e-08
dlev17              =  9.99998e-01
dlev18              =  9.99997e-01
dlev19              =  9.99997e-01
dlev20              =  9.99997e-01
dlev21              =  9.99998e-01
dlev22              =  9.99997e-01
dlev23              =  9.99998e-01
dlev24              =  9.99999e-01
dlev25              =  9.99998e-01
dlev26              =  9.99998e-01
dlev27              =  9.99997e-01
dlev28              =  9.99998e-01
dlev29              =  9.99998e-01
dlev30              =  9.99998e-01
dlev31              =  9.99997e-01
dlev32              =  9.99998e-01
vdd_meas            =  1.20000e+00
temp_meas           =  -4.00000e+01
vbias_mv            =  3.01286e+02
lowcount            =  1.70001e+01
vos_mv              =  1.50029e+00

ngspice-46 done
