
Note: Compatibility modes selected: hs a


Circuit: * comparator-preamp-noise @ ff_27c_1.20v -- generated by sim/harness, do not edit

Doing analysis at TEMP = 27.000000 and TNOM = 27.000000

Using SPARSE 1.3 as Direct Linear Solver
 Reference value :  0.00000e+00
No. of Data Rows : 1
Doing analysis at TEMP = 27.000000 and TNOM = 27.000000

Using SPARSE 1.3 as Direct Linear Solver

No. of Data Rows : 181

No. of Data Rows : 1
Doing analysis at TEMP = 27.000000 and TNOM = 27.000000

Using SPARSE 1.3 as Direct Linear Solver

No. of Data Rows : 121

No. of Data Rows : 1
Doing analysis at TEMP = 27.000000 and TNOM = 27.000000

Using SPARSE 1.3 as Direct Linear Solver

No. of Data Rows : 181
m_av_dc = 4.6696844981e+00
m_vn_in_uv = 1.9522483786e+02
m_vn_in_hf_uv = 1.9483654991e+02
m_onoise_uv = 9.1163839899e+02
m_onoise_hf_uv = 9.0982521678e+02
m_inoise_band_uv = 3.2050017191e+02
m_flicker_frac_pct = 3.9738981272e-01
m_white_nv_rthz = 5.1566060488e+01
m_enbw_mhz = 3.1254842308e+02
m_vbias_anchor_mv = 2.6466216861e+02
Note: Simulation executed from .control section 

Warning: m=xx on .subckt line will override multiplier m hierarchy!

