
Note: Compatibility modes selected: hs a


Circuit: * comparator-preamp-noise @ ss_125c_1.08v -- generated by sim/harness, do not edit

Doing analysis at TEMP = 125.000000 and TNOM = 27.000000

Using SPARSE 1.3 as Direct Linear Solver
 Reference value :  0.00000e+00
No. of Data Rows : 1
Doing analysis at TEMP = 125.000000 and TNOM = 27.000000

Using SPARSE 1.3 as Direct Linear Solver

No. of Data Rows : 181

No. of Data Rows : 1
Doing analysis at TEMP = 125.000000 and TNOM = 27.000000

Using SPARSE 1.3 as Direct Linear Solver

No. of Data Rows : 121

No. of Data Rows : 1
Doing analysis at TEMP = 125.000000 and TNOM = 27.000000

Using SPARSE 1.3 as Direct Linear Solver

No. of Data Rows : 181
m_av_dc = 3.3771758755e+00
m_vn_in_uv = 2.7385210983e+02
m_vn_in_hf_uv = 2.7335634385e+02
m_onoise_uv = 9.2484673878e+02
m_onoise_hf_uv = 9.2317244987e+02
m_inoise_band_uv = 4.4497277266e+02
m_flicker_frac_pct = 3.6174067110e-01
m_white_nv_rthz = 5.2177893062e+01
m_enbw_mhz = 3.1417126612e+02
m_vbias_anchor_mv = 2.9651883696e+02
Note: Simulation executed from .control section 

Warning: m=xx on .subckt line will override multiplier m hierarchy!

