
Note: Compatibility modes selected: hs a


Circuit: * comparator-preamp-noise @ tt_125c_1.32v -- generated by sim/harness, do not edit

Doing analysis at TEMP = 125.000000 and TNOM = 27.000000

Using SPARSE 1.3 as Direct Linear Solver
 Reference value :  0.00000e+00
No. of Data Rows : 1
Doing analysis at TEMP = 125.000000 and TNOM = 27.000000

Using SPARSE 1.3 as Direct Linear Solver

No. of Data Rows : 181

No. of Data Rows : 1
Doing analysis at TEMP = 125.000000 and TNOM = 27.000000

Using SPARSE 1.3 as Direct Linear Solver

No. of Data Rows : 121

No. of Data Rows : 1
Doing analysis at TEMP = 125.000000 and TNOM = 27.000000

Using SPARSE 1.3 as Direct Linear Solver

No. of Data Rows : 181
m_av_dc = 3.7016837361e+00
m_vn_in_uv = 2.6249117623e+02
m_vn_in_hf_uv = 2.6207451834e+02
m_onoise_uv = 9.7165931792e+02
m_onoise_hf_uv = 9.7011698219e+02
m_inoise_band_uv = 4.2945224426e+02
m_flicker_frac_pct = 3.1721234259e-01
m_white_nv_rthz = 5.4289662974e+01
m_enbw_mhz = 3.2032714897e+02
m_vbias_anchor_mv = 2.4950880911e+02
Note: Simulation executed from .control section 

Warning: m=xx on .subckt line will override multiplier m hierarchy!

Note: Starting dynamic gmin stepping
Note: Dynamic gmin stepping completed
Note: Starting dynamic gmin stepping
Note: Dynamic gmin stepping completed
Note: Starting dynamic gmin stepping
Note: Dynamic gmin stepping completed
Note: Starting dynamic gmin stepping
Note: Dynamic gmin stepping completed
