
Note: No compatibility mode selected!


Circuit: * klt sim -- generated corner deck, do not edit

Doing analysis at TEMP = 27.000000 and TNOM = 27.000000

Using SPARSE 1.3 as Direct Linear Solver

Initial Transient Solution
--------------------------

Node                                   Voltage
----                                   -------
vdd                                       1.08
cm                                         0.6
vd0                                          0
ap0                                        0.6
an0                                        0.6
ibn0                                  0.286672
x0.x1.tmid                         2.99415e-06
x0.x1.tail                            0.531553
clk                                          0
x0.x1.np                                  1.08
x0.x1.nn                                  1.08
x0.x1.ln                                  1.08
x0.x1.lp                                  1.08
x0.x1.lnb                          4.03241e-08
x0.x1.lpb                          4.03241e-08
x0.x1.na                               1.06903
doutb0                                0.526576
dout0                                 0.526576
x0.x1.nb                               1.06903
vd1                                      0.001
ap1                                     0.6005
an1                                     0.5995
ibn1                                  0.286672
x1.x1.tmid                         2.99419e-06
x1.x1.tail                            0.531564
x1.x1.np                                  1.08
x1.x1.nn                                  1.08
x1.x1.ln                                  1.08
x1.x1.lp                                  1.08
x1.x1.lnb                          4.03241e-08
x1.x1.lpb                          4.03241e-08
x1.x1.na                               1.06903
doutb1                                0.526576
dout1                                 0.526576
x1.x1.nb                               1.06903
vd2                                     -0.001
ap2                                     0.5995
an2                                     0.6005
ibn2                                  0.286672
x2.x1.tmid                         2.99419e-06
x2.x1.tail                            0.531565
x2.x1.np                                  1.08
x2.x1.nn                                  1.08
x2.x1.ln                                  1.08
x2.x1.lp                                  1.08
x2.x1.lnb                          4.03241e-08
x2.x1.lpb                          4.03241e-08
x2.x1.na                               1.06903
doutb2                                0.526576
dout2                                 0.526576
x2.x1.nb                               1.06903
clku                                         0
dn0                                    0.48757
dn1                                    0.48757
dn2                                    0.48757
h0                                           0
h1                                           0
h2                                           0
tcheck                                      27
btchk#branch                                 0
bh2#branch                                   0
bh1#branch                                   0
bh0#branch                                   0
bd2#branch                                   0
bd1#branch                                   0
bd0#branch                                   0
bclk#branch                        3.68721e-10
ean2#branch                        5.82437e-13
eap2#branch                        5.85851e-13
ean1#branch                        5.85879e-13
eap1#branch                        5.82437e-13
ean0#branch                        5.84144e-13
eap0#branch                        5.84144e-13
vclku#branch                                 0
vd2#branch                                   0
vd1#branch                                   0
vd0#branch                                   0
vcm#branch                         3.50489e-12
vsup#branch                       -0.000164792


No. of Data Rows : 1345

  Measurements for Transient Analysis

vdd_meas            =  1.08000e+00
temp_meas           =  2.70000e+01
vn0_a               =  1.14201e-02
vn0_b               =  -4.39825e-03
vn1_a               =  -2.05682e-03
d_zero              =  6.33794e-07
d_plus              =  9.99997e-01
d_minus             =  2.52591e-06
res_zero            =  4.99999e-01
res_plus            =  4.99997e-01
res_minus           =  4.99997e-01
hit_zero            =  0.00000e+00
hit_plus            =  1.00000e+00
hit_minus           =  0.00000e+00

ngspice-46 done
