
Note: No compatibility mode selected!


Circuit: * klt sim -- generated corner deck, do not edit

Doing analysis at TEMP = 125.000000 and TNOM = 27.000000

Using SPARSE 1.3 as Direct Linear Solver

Initial Transient Solution
--------------------------

Node                                   Voltage
----                                   -------
vdd                                       1.32
cm                                         0.6
vd                                      -0.048
ap                                       0.576
an                                       0.624
clku                                         0
clk                                          0
ibn                                   0.275554
xa.x1.tmid                         2.98626e-05
xa.x1.tail                            0.597667
xa.x1.np                               1.31999
xa.x1.nn                               1.31998
xa.x1.ln                                  1.32
xa.x1.lp                                  1.32
xa.x1.lnb                            9.862e-06
xa.x1.lpb                          9.33323e-06
xa.x1.na                               1.28136
doutb                                 0.715737
dout                                  0.706442
xa.x1.nb                               1.28419
doutn                                 0.535183
tcheck                                     125
pa_00                                  275.554
bpa_00#branch                                0
btchk#branch                                 0
bdoutn#branch                                0
bclk#branch                        1.22179e-09
ean#branch                         1.84108e-12
eap#branch                          2.3147e-12
vclku#branch                                 0
vd#branch                                    0
vcm#branch                         4.15579e-12
vsup#branch                       -0.000184604


No. of Data Rows : 12227

  Measurements for Transient Analysis

dlev0               =  1.46907e-06
dlev1               =  1.01061e-05
dlev2               =  1.01178e-05
dlev3               =  1.07426e-05
dlev4               =  1.14525e-05
dlev5               =  1.21016e-05
dlev6               =  1.29306e-05
dlev7               =  1.19822e-05
dlev8               =  6.48014e-06
dlev9               =  6.09430e-06
dlev10              =  6.13753e-06
dlev11              =  7.47757e-06
dlev12              =  6.36903e-06
dlev13              =  7.03313e-06
dlev14              =  1.15702e-05
dlev15              =  5.84041e-06
dlev16              =  9.99998e-01
dlev17              =  9.99999e-01
dlev18              =  9.99999e-01
dlev19              =  9.99999e-01
dlev20              =  9.99996e-01
dlev21              =  9.99997e-01
dlev22              =  9.99996e-01
dlev23              =  9.99998e-01
dlev24              =  9.99999e-01
dlev25              =  9.99999e-01
dlev26              =  9.99999e-01
dlev27              =  9.99999e-01
dlev28              =  9.99999e-01
dlev29              =  9.99998e-01
dlev30              =  9.99998e-01
dlev31              =  9.99997e-01
dlev32              =  9.99997e-01
vdd_meas            =  1.32000e+00
temp_meas           =  1.25000e+02
vbias_mv            =  2.75554e+02
lowcount            =  1.59999e+01
vos_mv              =  -1.50032e+00

ngspice-46 done
