
Note: No compatibility mode selected!


Circuit: * klt sim -- generated corner deck, do not edit

Doing analysis at TEMP = 27.000000 and TNOM = 27.000000

Using SPARSE 1.3 as Direct Linear Solver

Initial Transient Solution
--------------------------

Node                                   Voltage
----                                   -------
vdd                                       1.32
cm                                         0.6
vd                                      -0.048
ap                                       0.576
an                                       0.624
clku                                         0
clk                                          0
ibn                                   0.272675
xa.x1.tmid                         3.66891e-06
xa.x1.tail                            0.580014
xa.x1.np                                  1.32
xa.x1.nn                                  1.32
xa.x1.ln                                  1.32
xa.x1.lp                                  1.32
xa.x1.lnb                          7.51324e-08
xa.x1.lpb                          6.93992e-08
xa.x1.na                                  1.32
doutb                                     1.32
dout                               8.21283e-08
xa.x1.nb                                  1.32
doutn                              6.22184e-08
tcheck                                      27
pa_00                                  272.675
bpa_00#branch                                0
btchk#branch                                 0
bdoutn#branch                                0
bclk#branch                        2.45838e-10
ean#branch                         3.46631e-12
eap#branch                         4.31824e-12
vclku#branch                                 0
vd#branch                                    0
vcm#branch                         7.78455e-12
vsup#branch                       -1.50083e-05


No. of Data Rows : 12251

  Measurements for Transient Analysis

dlev0               =  6.33307e-07
dlev1               =  -4.02311e-06
dlev2               =  -1.98755e-06
dlev3               =  -4.01556e-06
dlev4               =  -3.24897e-06
dlev5               =  -3.34254e-06
dlev6               =  -3.39167e-06
dlev7               =  -3.64630e-06
dlev8               =  -6.03962e-07
dlev9               =  8.38688e-07
dlev10              =  4.43909e-07
dlev11              =  -2.96305e-06
dlev12              =  -2.11001e-07
dlev13              =  -2.98597e-06
dlev14              =  -3.79888e-07
dlev15              =  -7.95355e-07
dlev16              =  3.56909e-07
dlev17              =  1.00000e+00
dlev18              =  9.99998e-01
dlev19              =  9.99998e-01
dlev20              =  9.99999e-01
dlev21              =  9.99999e-01
dlev22              =  9.99999e-01
dlev23              =  9.99999e-01
dlev24              =  9.99999e-01
dlev25              =  9.99997e-01
dlev26              =  1.00000e+00
dlev27              =  1.00000e+00
dlev28              =  1.00000e+00
dlev29              =  9.99998e-01
dlev30              =  9.99997e-01
dlev31              =  1.00000e+00
dlev32              =  9.99998e-01
vdd_meas            =  1.32000e+00
temp_meas           =  2.70000e+01
vbias_mv            =  2.72675e+02
lowcount            =  1.70000e+01
vos_mv              =  1.50015e+00

ngspice-46 done
