
Note: No compatibility mode selected!


Circuit: * klt sim -- generated corner deck, do not edit

Doing analysis at TEMP = 27.000000 and TNOM = 27.000000

Using SPARSE 1.3 as Direct Linear Solver

Initial Transient Solution
--------------------------

Node                                   Voltage
----                                   -------
vdd                                       1.32
cm                                        0.55
vd                                      -0.048
ap                                       0.526
an                                       0.574
clku                                         0
clk                                          0
ibn                                   0.355916
xa.x1.tmid                         7.60792e-08
xa.x1.tail                            0.565318
xa.x1.np                                  1.32
xa.x1.nn                                  1.32
xa.x1.ln                                  1.32
xa.x1.lp                                  1.32
xa.x1.lnb                          2.09112e-08
xa.x1.lpb                          2.16792e-08
xa.x1.na                                  1.32
doutb                              2.13823e-08
dout                                      1.32
xa.x1.nb                                  1.32
doutn                                        1
tcheck                                      27
pa_00                                  355.916
bpa_00#branch                                0
btchk#branch                                 0
bdoutn#branch                                0
bclk#branch                        1.34443e-10
ean#branch                         5.14699e-13
eap#branch                         6.45789e-13
vclku#branch                                 0
vd#branch                                    0
vcm#branch                         1.16049e-12
vsup#branch                       -2.00005e-05


No. of Data Rows : 12288

  Measurements for Transient Analysis

dlev0               =  -1.24503e-08
dlev1               =  -1.93612e-06
dlev2               =  4.11378e-06
dlev3               =  3.57697e-06
dlev4               =  1.50176e-06
dlev5               =  1.31093e-06
dlev6               =  9.90040e-07
dlev7               =  1.10108e-06
dlev8               =  9.65754e-07
dlev9               =  7.59820e-07
dlev10              =  -3.31568e-06
dlev11              =  -1.10318e-06
dlev12              =  -3.95389e-06
dlev13              =  -1.63492e-06
dlev14              =  -4.22046e-06
dlev15              =  9.37580e-07
dlev16              =  -4.93428e-08
dlev17              =  1.00000e+00
dlev18              =  1.00000e+00
dlev19              =  1.00000e+00
dlev20              =  1.00000e+00
dlev21              =  1.00000e+00
dlev22              =  1.00000e+00
dlev23              =  9.99998e-01
dlev24              =  1.00000e+00
dlev25              =  1.00000e+00
dlev26              =  1.00000e+00
dlev27              =  1.00000e+00
dlev28              =  1.00000e+00
dlev29              =  1.00000e+00
dlev30              =  1.00000e+00
dlev31              =  1.00000e+00
dlev32              =  1.00000e+00
vdd_meas            =  1.32000e+00
temp_meas           =  2.70000e+01
vbias_mv            =  3.55916e+02
lowcount            =  1.70000e+01
vos_mv              =  1.50001e+00
vcm_meas            =  5.50000e-01

ngspice-46 done
