
Note: No compatibility mode selected!


Circuit: * klt sim -- generated corner deck, do not edit

Doing analysis at TEMP = -40.000000 and TNOM = 27.000000

Using SPARSE 1.3 as Direct Linear Solver

Initial Transient Solution
--------------------------

Node                                   Voltage
----                                   -------
vdd                                       1.32
cm                                         0.6
vd                                      -0.048
ap                                       0.576
an                                       0.624
clku                                         0
clk                                          0
ibn                                    0.29943
xa.x1.tmid                         2.11215e-07
xa.x1.tail                            0.567061
xa.x1.np                                  1.32
xa.x1.nn                                  1.32
xa.x1.ln                                  1.32
xa.x1.lp                                  1.32
xa.x1.lnb                          1.16443e-07
xa.x1.lpb                          1.22751e-07
xa.x1.na                               1.29141
doutb                                 0.688754
dout                                  0.677274
xa.x1.nb                               1.29468
doutn                                 0.513087
tcheck                                     -40
pa_00                                   299.43
bpa_00#branch                                0
btchk#branch                                 0
bdoutn#branch                                0
bclk#branch                        8.96503e-10
ean#branch                         3.44977e-12
eap#branch                          4.2743e-12
vclku#branch                                 0
vd#branch                                    0
vcm#branch                         7.72407e-12
vsup#branch                       -0.000180677


No. of Data Rows : 12431

  Measurements for Transient Analysis

dlev0               =  2.72750e-06
dlev1               =  5.84945e-06
dlev2               =  2.61117e-06
dlev3               =  3.65621e-06
dlev4               =  2.99926e-06
dlev5               =  1.13803e-06
dlev6               =  -1.70299e-06
dlev7               =  -3.43097e-07
dlev8               =  -2.83471e-07
dlev9               =  -3.21815e-06
dlev10              =  5.62833e-06
dlev11              =  3.83844e-06
dlev12              =  4.52713e-06
dlev13              =  6.41615e-06
dlev14              =  1.36568e-06
dlev15              =  1.10691e-06
dlev16              =  1.00000e+00
dlev17              =  1.00000e+00
dlev18              =  1.00000e+00
dlev19              =  1.00000e+00
dlev20              =  1.00000e+00
dlev21              =  9.99999e-01
dlev22              =  9.99998e-01
dlev23              =  1.00000e+00
dlev24              =  9.99999e-01
dlev25              =  1.00000e+00
dlev26              =  1.00000e+00
dlev27              =  9.99999e-01
dlev28              =  1.00000e+00
dlev29              =  1.00000e+00
dlev30              =  1.00000e+00
dlev31              =  1.00000e+00
dlev32              =  9.99997e-01
vdd_meas            =  1.32000e+00
temp_meas           =  -4.00000e+01
vbias_mv            =  2.99430e+02
lowcount            =  1.60000e+01
vos_mv              =  -1.50010e+00
vcm_meas            =  6.00000e-01

ngspice-46 done
