
Note: No compatibility mode selected!


Circuit: * klt sim -- generated corner deck, do not edit

Doing analysis at TEMP = 125.000000 and TNOM = 27.000000

Using SPARSE 1.3 as Direct Linear Solver

Initial Transient Solution
--------------------------

Node                                   Voltage
----                                   -------
vdd                                        1.2
cm                                         0.6
vd                                      -0.048
ap                                       0.576
an                                       0.624
clku                                         0
clk                                          0
ibn                                   0.207418
xa.x1.tmid                          0.00020461
xa.x1.tail                             0.57928
xa.x1.np                               1.19995
xa.x1.nn                               1.19983
xa.x1.ln                                   1.2
xa.x1.lp                                   1.2
xa.x1.lnb                          1.76275e-06
xa.x1.lpb                          1.79094e-06
xa.x1.na                                   1.2
doutb                              1.79971e-06
dout                                   1.19999
xa.x1.nb                               1.19999
doutn                                 0.999991
tcheck                                     125
pa_00                                  207.418
bpa_00#branch                                0
btchk#branch                                 0
bdoutn#branch                                0
bclk#branch                         2.8003e-10
ean#branch                         4.34666e-12
eap#branch                         5.53724e-12
vclku#branch                                 0
vd#branch                                    0
vcm#branch                          9.8839e-12
vsup#branch                       -1.53093e-05


No. of Data Rows : 12136

  Measurements for Transient Analysis

dlev0               =  1.36800e-06
dlev1               =  1.75777e-06
dlev2               =  2.05191e-06
dlev3               =  2.38809e-06
dlev4               =  1.45933e-06
dlev5               =  1.64498e-06
dlev6               =  1.61887e-06
dlev7               =  2.21050e-06
dlev8               =  1.62215e-06
dlev9               =  1.45671e-06
dlev10              =  1.45236e-06
dlev11              =  1.45483e-06
dlev12              =  1.71755e-06
dlev13              =  1.58963e-06
dlev14              =  1.40464e-06
dlev15              =  1.53118e-06
dlev16              =  1.65415e-06
dlev17              =  9.99991e-01
dlev18              =  9.99991e-01
dlev19              =  9.99991e-01
dlev20              =  9.99991e-01
dlev21              =  9.99991e-01
dlev22              =  9.99991e-01
dlev23              =  9.99991e-01
dlev24              =  9.99991e-01
dlev25              =  9.99991e-01
dlev26              =  9.99991e-01
dlev27              =  9.99991e-01
dlev28              =  9.99991e-01
dlev29              =  9.99991e-01
dlev30              =  9.99991e-01
dlev31              =  9.99991e-01
dlev32              =  9.99991e-01
vdd_meas            =  1.20000e+00
temp_meas           =  1.25000e+02
vbias_mv            =  2.07418e+02
lowcount            =  1.70001e+01
vos_mv              =  1.50034e+00

ngspice-46 done
