
Note: No compatibility mode selected!


Circuit: * klt sim -- generated corner deck, do not edit

Doing analysis at TEMP = -40.000000 and TNOM = 27.000000

Using SPARSE 1.3 as Direct Linear Solver

Initial Transient Solution
--------------------------

Node                                   Voltage
----                                   -------
vdd                                        1.2
cm                                        0.55
vd                                      -0.048
ap                                       0.526
an                                       0.574
clku                                         0
clk                                          0
ibn                                   0.301872
xa.x1.tmid                         2.12607e-07
xa.x1.tail                            0.521894
xa.x1.np                                   1.2
xa.x1.nn                                   1.2
xa.x1.ln                                   1.2
xa.x1.lp                                   1.2
xa.x1.lnb                          1.03727e-07
xa.x1.lpb                           9.7801e-08
xa.x1.na                                   1.2
doutb                                      1.2
dout                               1.05606e-07
xa.x1.nb                                   1.2
doutn                              8.80049e-08
tcheck                                     -40
pa_00                                  301.872
bpa_00#branch                                0
btchk#branch                                 0
bdoutn#branch                                0
bclk#branch                        6.43293e-10
ean#branch                         2.49586e-12
eap#branch                         3.13377e-12
vclku#branch                                 0
vd#branch                                    0
vcm#branch                         5.62964e-12
vsup#branch                       -2.00022e-05


No. of Data Rows : 12321

  Measurements for Transient Analysis

dlev0               =  -3.69738e-06
dlev1               =  -3.02837e-06
dlev2               =  -3.11023e-06
dlev3               =  -3.18452e-06
dlev4               =  -3.24409e-06
dlev5               =  -3.89194e-06
dlev6               =  -4.77615e-06
dlev7               =  -5.53934e-06
dlev8               =  -4.77458e-06
dlev9               =  -4.74505e-06
dlev10              =  -5.02120e-06
dlev11              =  -5.49299e-06
dlev12              =  -5.30283e-06
dlev13              =  -6.66609e-06
dlev14              =  -6.20214e-06
dlev15              =  -5.41691e-06
dlev16              =  -5.82081e-06
dlev17              =  9.99997e-01
dlev18              =  9.99998e-01
dlev19              =  9.99998e-01
dlev20              =  9.99998e-01
dlev21              =  9.99998e-01
dlev22              =  9.99998e-01
dlev23              =  9.99998e-01
dlev24              =  9.99998e-01
dlev25              =  9.99998e-01
dlev26              =  9.99998e-01
dlev27              =  9.99998e-01
dlev28              =  9.99998e-01
dlev29              =  9.99998e-01
dlev30              =  9.99998e-01
dlev31              =  9.99998e-01
dlev32              =  9.99998e-01
vdd_meas            =  1.20000e+00
temp_meas           =  -4.00000e+01
vbias_mv            =  3.01872e+02
lowcount            =  1.70001e+01
vos_mv              =  1.50033e+00
vcm_meas            =  5.50000e-01

ngspice-46 done
