
Note: No compatibility mode selected!


Circuit: * klt sim -- generated corner deck, do not edit

Doing analysis at TEMP = 27.000000 and TNOM = 27.000000

Using SPARSE 1.3 as Direct Linear Solver

Initial Transient Solution
--------------------------

Node                                   Voltage
----                                   -------
vdd                                        1.2
cm                                         0.6
vd                                      -0.048
ap                                       0.576
an                                       0.624
clku                                         0
clk                                          0
ibn                                      0.312
xa.x1.tmid                         1.21304e-06
xa.x1.tail                            0.529302
xa.x1.np                                   1.2
xa.x1.nn                                   1.2
xa.x1.ln                                   1.2
xa.x1.lp                                   1.2
xa.x1.lnb                          8.58577e-08
xa.x1.lpb                          9.40573e-08
xa.x1.na                                   1.2
doutb                                      1.2
dout                               1.05114e-07
xa.x1.nb                                   1.2
doutn                              8.75948e-08
tcheck                                      27
pa_00                                      312
bpa_00#branch                                0
btchk#branch                                 0
bdoutn#branch                                0
bclk#branch                        3.11934e-10
ean#branch                         6.20393e-13
eap#branch                         7.96363e-13
vclku#branch                                 0
vd#branch                                    0
vcm#branch                         1.41676e-12
vsup#branch                       -2.00039e-05


No. of Data Rows : 12184

  Measurements for Transient Analysis

dlev0               =  2.78001e-06
dlev1               =  4.90854e-07
dlev2               =  3.51838e-06
dlev3               =  5.46843e-06
dlev4               =  5.70964e-06
dlev5               =  6.50420e-06
dlev6               =  5.28119e-06
dlev7               =  6.40337e-06
dlev8               =  7.00570e-06
dlev9               =  5.76509e-06
dlev10              =  6.13023e-06
dlev11              =  6.12468e-07
dlev12              =  2.04776e-06
dlev13              =  1.30407e-06
dlev14              =  1.00000e+00
dlev15              =  1.00000e+00
dlev16              =  1.00000e+00
dlev17              =  1.00000e+00
dlev18              =  1.00000e+00
dlev19              =  1.00000e+00
dlev20              =  1.00000e+00
dlev21              =  1.00000e+00
dlev22              =  1.00000e+00
dlev23              =  1.00000e+00
dlev24              =  1.00000e+00
dlev25              =  1.00000e+00
dlev26              =  1.00000e+00
dlev27              =  1.00000e+00
dlev28              =  1.00000e+00
dlev29              =  1.00000e+00
dlev30              =  1.00000e+00
dlev31              =  1.00000e+00
dlev32              =  1.00000e+00
vdd_meas            =  1.20000e+00
temp_meas           =  2.70000e+01
vbias_mv            =  3.12000e+02
lowcount            =  1.39999e+01
vos_mv              =  -7.50024e+00

ngspice-46 done
