
Note: No compatibility mode selected!


Circuit: * klt sim -- generated corner deck, do not edit

Doing analysis at TEMP = 125.000000 and TNOM = 27.000000

Using SPARSE 1.3 as Direct Linear Solver

Initial Transient Solution
--------------------------

Node                                   Voltage
----                                   -------
vdd                                       1.08
cm                                         0.6
vd                                      -0.048
ap                                       0.576
an                                       0.624
clku                                         0
clk                                          0
ibn                                   0.249872
xa.x1.tmid                         9.43031e-05
xa.x1.tail                            0.572427
xa.x1.np                               1.07997
xa.x1.nn                               1.07991
xa.x1.ln                                  1.08
xa.x1.lp                                  1.08
xa.x1.lnb                          3.68817e-06
xa.x1.lpb                          3.70347e-06
xa.x1.na                                  1.08
doutb                              5.38081e-06
dout                                   1.07999
xa.x1.nb                                  1.08
doutn                                 0.999994
tcheck                                     125
pa_00                                  249.872
bpa_00#branch                                0
btchk#branch                                 0
bdoutn#branch                                0
bclk#branch                        3.35038e-10
ean#branch                         1.08571e-12
eap#branch                         1.44049e-12
vclku#branch                                 0
vd#branch                                    0
vcm#branch                          2.5262e-12
vsup#branch                       -2.01825e-05


No. of Data Rows : 12057

  Measurements for Transient Analysis

dlev0               =  1.07057e-05
dlev1               =  7.21658e-06
dlev2               =  6.88442e-06
dlev3               =  6.26923e-06
dlev4               =  6.68470e-06
dlev5               =  6.53486e-06
dlev6               =  6.46410e-06
dlev7               =  7.72923e-06
dlev8               =  7.35945e-06
dlev9               =  7.31118e-06
dlev10              =  6.81884e-06
dlev11              =  6.88743e-06
dlev12              =  6.80853e-06
dlev13              =  7.95712e-06
dlev14              =  8.01677e-06
dlev15              =  6.73770e-06
dlev16              =  9.99994e-01
dlev17              =  9.99993e-01
dlev18              =  9.99993e-01
dlev19              =  9.99993e-01
dlev20              =  9.99993e-01
dlev21              =  9.99993e-01
dlev22              =  9.99994e-01
dlev23              =  9.99993e-01
dlev24              =  9.99993e-01
dlev25              =  9.99993e-01
dlev26              =  9.99993e-01
dlev27              =  9.99993e-01
dlev28              =  9.99993e-01
dlev29              =  9.99993e-01
dlev30              =  9.99993e-01
dlev31              =  9.99993e-01
dlev32              =  9.99993e-01
vdd_meas            =  1.08000e+00
temp_meas           =  1.25000e+02
vbias_mv            =  2.49872e+02
lowcount            =  1.60000e+01
vos_mv              =  -1.50000e+00

ngspice-46 done
