
Note: No compatibility mode selected!


Circuit: * klt sim -- generated corner deck, do not edit

Doing analysis at TEMP = 27.000000 and TNOM = 27.000000

Using SPARSE 1.3 as Direct Linear Solver

Initial Transient Solution
--------------------------

Node                                   Voltage
----                                   -------
vdd                                       1.32
cm                                         0.6
vd                                      -0.048
ap                                       0.576
an                                       0.624
clku                                         0
clk                                          0
ibn                                    0.35229
xa.x1.tmid                         9.61988e-08
xa.x1.tail                             0.60473
xa.x1.np                                  1.32
xa.x1.nn                                  1.32
xa.x1.ln                                  1.32
xa.x1.lp                                  1.32
xa.x1.lnb                          2.11432e-08
xa.x1.lpb                          2.21569e-08
xa.x1.na                                  1.32
doutb                              2.26713e-08
dout                                      1.32
xa.x1.nb                                  1.32
doutn                                        1
tcheck                                      27
pa_00                                   352.29
bpa_00#branch                                0
btchk#branch                                 0
bdoutn#branch                                0
bclk#branch                        1.34569e-10
ean#branch                         4.03788e-13
eap#branch                         5.10786e-13
vclku#branch                                 0
vd#branch                                    0
vcm#branch                         9.14574e-13
vsup#branch                       -2.00005e-05


No. of Data Rows : 12299

  Measurements for Transient Analysis

dlev0               =  2.29982e-07
dlev1               =  2.69313e-06
dlev2               =  -1.17479e-06
dlev3               =  1.41021e-06
dlev4               =  1.69188e-06
dlev5               =  1.69676e-06
dlev6               =  1.60179e-06
dlev7               =  1.37796e-06
dlev8               =  1.23467e-06
dlev9               =  1.27515e-06
dlev10              =  1.00546e-06
dlev11              =  -1.95326e-07
dlev12              =  3.17657e-07
dlev13              =  1.60631e-06
dlev14              =  9.28785e-07
dlev15              =  -5.19446e-07
dlev16              =  1.24080e-06
dlev17              =  1.00000e+00
dlev18              =  1.00000e+00
dlev19              =  9.99999e-01
dlev20              =  1.00000e+00
dlev21              =  1.00000e+00
dlev22              =  9.99999e-01
dlev23              =  9.99999e-01
dlev24              =  1.00000e+00
dlev25              =  9.99999e-01
dlev26              =  9.99999e-01
dlev27              =  1.00000e+00
dlev28              =  1.00000e+00
dlev29              =  1.00000e+00
dlev30              =  1.00000e+00
dlev31              =  1.00000e+00
dlev32              =  1.00000e+00
vdd_meas            =  1.32000e+00
temp_meas           =  2.70000e+01
vbias_mv            =  3.52290e+02
lowcount            =  1.70000e+01
vos_mv              =  1.49996e+00

ngspice-46 done
