
Note: No compatibility mode selected!


Circuit: * klt sim -- generated corner deck, do not edit

Doing analysis at TEMP = 125.000000 and TNOM = 27.000000

Using SPARSE 1.3 as Direct Linear Solver

Initial Transient Solution
--------------------------

Node                                   Voltage
----                                   -------
vdd                                        1.2
cm                                         0.6
vd                                      -0.048
ap                                       0.576
an                                       0.624
clku                                         0
clk                                          0
ibn                                   0.247988
xa.x1.tmid                         8.96901e-05
xa.x1.tail                            0.557182
xa.x1.np                               1.19998
xa.x1.nn                               1.19991
xa.x1.ln                                   1.2
xa.x1.lp                                   1.2
xa.x1.lnb                          3.88253e-06
xa.x1.lpb                          3.94346e-06
xa.x1.na                               1.17119
doutb                                 0.624465
dout                                  0.613855
xa.x1.nb                               1.17003
doutn                                 0.511546
tcheck                                     125
pa_00                                  247.988
bpa_00#branch                                0
btchk#branch                                 0
bdoutn#branch                                0
bclk#branch                        4.83386e-10
ean#branch                         1.38889e-12
eap#branch                         1.78287e-12
vclku#branch                                 0
vd#branch                                    0
vcm#branch                         3.17175e-12
vsup#branch                       -0.000124345


No. of Data Rows : 12142

  Measurements for Transient Analysis

dlev0               =  3.55538e-06
dlev1               =  6.49961e-06
dlev2               =  7.24225e-06
dlev3               =  5.96171e-06
dlev4               =  5.02259e-06
dlev5               =  4.26149e-06
dlev6               =  4.13798e-06
dlev7               =  4.67081e-06
dlev8               =  3.69052e-06
dlev9               =  3.86724e-06
dlev10              =  4.02930e-06
dlev11              =  5.19361e-06
dlev12              =  5.25882e-06
dlev13              =  5.48806e-06
dlev14              =  4.49221e-06
dlev15              =  5.81427e-06
dlev16              =  4.79795e-06
dlev17              =  5.49384e-06
dlev18              =  6.52883e-06
dlev19              =  9.99996e-01
dlev20              =  9.99996e-01
dlev21              =  9.99996e-01
dlev22              =  9.99996e-01
dlev23              =  9.99997e-01
dlev24              =  9.99996e-01
dlev25              =  9.99996e-01
dlev26              =  9.99996e-01
dlev27              =  9.99995e-01
dlev28              =  9.99996e-01
dlev29              =  9.99996e-01
dlev30              =  9.99996e-01
dlev31              =  9.99996e-01
dlev32              =  9.99996e-01
vdd_meas            =  1.20000e+00
temp_meas           =  1.25000e+02
vbias_mv            =  2.47988e+02
lowcount            =  1.90000e+01
vos_mv              =  7.49988e+00

ngspice-46 done
