
Note: No compatibility mode selected!


Circuit: * klt sim -- generated corner deck, do not edit

Doing analysis at TEMP = 27.000000 and TNOM = 27.000000

Using SPARSE 1.3 as Direct Linear Solver

Initial Transient Solution
--------------------------

Node                                   Voltage
----                                   -------
vdd                                       1.08
cm                                         0.6
vd                                      -0.048
ap                                       0.576
an                                       0.624
clku                                         0
clk                                          0
ibn                                   0.286162
xa.x1.tmid                         3.36878e-06
xa.x1.tail                            0.553301
xa.x1.np                                  1.08
xa.x1.nn                               1.07999
xa.x1.ln                                  1.08
xa.x1.lp                                  1.08
xa.x1.lnb                          4.32052e-08
xa.x1.lpb                          4.03646e-08
xa.x1.na                                  1.08
doutb                                     1.08
dout                               4.62998e-08
xa.x1.nb                                  1.08
doutn                              4.28702e-08
tcheck                                      27
pa_00                                  286.162
bpa_00#branch                                0
btchk#branch                                 0
bdoutn#branch                                0
bclk#branch                        1.23786e-10
ean#branch                         6.78291e-13
eap#branch                         8.97199e-13
vclku#branch                                 0
vd#branch                                    0
vcm#branch                         1.57549e-12
vsup#branch                       -2.00082e-05


No. of Data Rows : 12127

  Measurements for Transient Analysis

dlev0               =  -7.68990e-06
dlev1               =  -1.00242e-05
dlev2               =  -7.21553e-06
dlev3               =  -7.02790e-06
dlev4               =  -6.92999e-06
dlev5               =  -9.71940e-06
dlev6               =  -5.43419e-06
dlev7               =  -8.82355e-06
dlev8               =  -3.52239e-06
dlev9               =  -3.14152e-06
dlev10              =  -3.71607e-06
dlev11              =  -6.47147e-07
dlev12              =  -1.73613e-06
dlev13              =  -3.55223e-06
dlev14              =  -5.30709e-06
dlev15              =  -6.77748e-06
dlev16              =  -1.59845e-06
dlev17              =  1.00000e+00
dlev18              =  9.99997e-01
dlev19              =  9.99998e-01
dlev20              =  1.00000e+00
dlev21              =  9.99997e-01
dlev22              =  9.99996e-01
dlev23              =  9.99999e-01
dlev24              =  9.99999e-01
dlev25              =  9.99996e-01
dlev26              =  9.99996e-01
dlev27              =  9.99999e-01
dlev28              =  9.99995e-01
dlev29              =  9.99995e-01
dlev30              =  9.99996e-01
dlev31              =  9.99996e-01
dlev32              =  9.99995e-01
vdd_meas            =  1.08000e+00
temp_meas           =  2.70000e+01
vbias_mv            =  2.86162e+02
lowcount            =  1.70001e+01
vos_mv              =  1.50041e+00

ngspice-46 done
