
Note: No compatibility mode selected!


Circuit: * klt sim -- generated corner deck, do not edit

Doing analysis at TEMP = -40.000000 and TNOM = 27.000000

Using SPARSE 1.3 as Direct Linear Solver
Note: Starting dynamic gmin stepping
Note: Dynamic gmin stepping completed

Initial Transient Solution
--------------------------

Node                                   Voltage
----                                   -------
vdd                                       1.08
cm                                        0.65
vd                                      -0.048
ap                                       0.626
an                                       0.674
clku                                         0
clk                                          0
ibn                                   0.390935
xa.x1.tmid                          1.4417e-09
xa.x1.tail                            0.634678
xa.x1.np                                  1.08
xa.x1.nn                                  1.08
xa.x1.ln                                  1.08
xa.x1.lp                                  1.08
xa.x1.lnb                          6.51068e-09
xa.x1.lpb                          6.73559e-09
xa.x1.na                               1.07808
doutb                                 0.542559
dout                                  0.543473
xa.x1.nb                                1.0778
doutn                                 0.503215
tcheck                                     -40
pa_00                                  390.935
bpa_00#branch                                0
btchk#branch                                 0
bdoutn#branch                                0
bclk#branch                        4.45897e-11
ean#branch                          3.8497e-14
eap#branch                         5.27911e-14
vclku#branch                                 0
vd#branch                                    0
vcm#branch                         9.12881e-14
vsup#branch                       -2.65559e-05


No. of Data Rows : 12119

  Measurements for Transient Analysis

dlev0               =  -6.19761e-06
dlev1               =  -5.58382e-06
dlev2               =  5.32192e-06
dlev3               =  -3.81199e-06
dlev4               =  -2.69676e-06
dlev5               =  -4.17043e-06
dlev6               =  -4.52966e-06
dlev7               =  -2.51199e-06
dlev8               =  -4.98184e-06
dlev9               =  -4.54824e-06
dlev10              =  -4.63697e-06
dlev11              =  -3.48437e-06
dlev12              =  2.22762e-07
dlev13              =  -8.78572e-07
dlev14              =  -5.06022e-06
dlev15              =  -6.39374e-06
dlev16              =  -6.27653e-06
dlev17              =  9.99999e-01
dlev18              =  9.99997e-01
dlev19              =  9.99997e-01
dlev20              =  9.99996e-01
dlev21              =  9.99997e-01
dlev22              =  1.00000e+00
dlev23              =  9.99997e-01
dlev24              =  9.99997e-01
dlev25              =  9.99997e-01
dlev26              =  9.99997e-01
dlev27              =  9.99997e-01
dlev28              =  9.99997e-01
dlev29              =  1.00000e+00
dlev30              =  9.99998e-01
dlev31              =  9.99998e-01
dlev32              =  9.99998e-01
vdd_meas            =  1.08000e+00
temp_meas           =  -4.00000e+01
vbias_mv            =  3.90935e+02
lowcount            =  1.70001e+01
vos_mv              =  1.50029e+00
vcm_meas            =  6.50000e-01

ngspice-46 done
