
Note: No compatibility mode selected!


Circuit: * klt sim -- generated corner deck, do not edit

Doing analysis at TEMP = 27.000000 and TNOM = 27.000000

Using SPARSE 1.3 as Direct Linear Solver

Initial Transient Solution
--------------------------

Node                                   Voltage
----                                   -------
vdd                                       1.08
cm                                         0.6
vd                                      -0.048
ap                                       0.576
an                                       0.624
clku                                         0
clk                                          0
ibn                                    0.35368
xa.x1.tmid                         1.00575e-07
xa.x1.tail                            0.594976
xa.x1.np                                  1.08
xa.x1.nn                                  1.08
xa.x1.ln                                  1.08
xa.x1.lp                                  1.08
xa.x1.lnb                          1.45013e-08
xa.x1.lpb                          1.42645e-08
xa.x1.na                                  1.08
doutb                              1.61961e-08
dout                                      1.08
xa.x1.nb                                  1.08
doutn                                        1
tcheck                                      27
pa_00                                   353.68
bpa_00#branch                                0
btchk#branch                                 0
bdoutn#branch                                0
bclk#branch                        6.59451e-11
ean#branch                         1.09718e-13
eap#branch                         1.46577e-13
vclku#branch                                 0
vd#branch                                    0
vcm#branch                         2.56295e-13
vsup#branch                       -2.00004e-05


No. of Data Rows : 12151

  Measurements for Transient Analysis

dlev0               =  -4.63918e-06
dlev1               =  2.84547e-06
dlev2               =  3.68153e-06
dlev3               =  -3.99673e-06
dlev4               =  -1.04140e-06
dlev5               =  2.87471e-08
dlev6               =  -3.15880e-06
dlev7               =  -3.40630e-06
dlev8               =  -3.70582e-06
dlev9               =  -4.53153e-06
dlev10              =  -4.95653e-06
dlev11              =  -1.60208e-06
dlev12              =  -4.46136e-06
dlev13              =  3.80396e-07
dlev14              =  -6.82988e-06
dlev15              =  -4.02077e-08
dlev16              =  -6.10253e-06
dlev17              =  9.99999e-01
dlev18              =  9.99997e-01
dlev19              =  9.99997e-01
dlev20              =  9.99998e-01
dlev21              =  9.99999e-01
dlev22              =  9.99999e-01
dlev23              =  9.99998e-01
dlev24              =  9.99998e-01
dlev25              =  9.99998e-01
dlev26              =  9.99999e-01
dlev27              =  9.99999e-01
dlev28              =  9.99998e-01
dlev29              =  1.00000e+00
dlev30              =  1.00000e+00
dlev31              =  9.99998e-01
dlev32              =  1.00000e+00
vdd_meas            =  1.08000e+00
temp_meas           =  2.70000e+01
vbias_mv            =  3.53680e+02
lowcount            =  1.70001e+01
vos_mv              =  1.50018e+00

ngspice-46 done
