
Note: No compatibility mode selected!


Circuit: * klt sim -- generated corner deck, do not edit

Doing analysis at TEMP = 27.000000 and TNOM = 27.000000

Using SPARSE 1.3 as Direct Linear Solver

Initial Transient Solution
--------------------------

Node                                   Voltage
----                                   -------
vdd                                       1.32
cm                                         0.6
vd                                      -0.048
ap                                       0.576
an                                       0.624
clku                                         0
clk                                          0
ibn                                   0.331169
xa.x1.tmid                         3.67212e-07
xa.x1.tail                            0.592131
xa.x1.np                                  1.32
xa.x1.nn                                  1.32
xa.x1.ln                                  1.32
xa.x1.lp                                  1.32
xa.x1.lnb                          2.36467e-07
xa.x1.lpb                          2.37331e-07
xa.x1.na                               1.29449
doutb                                 0.699909
dout                                   0.70525
xa.x1.nb                                1.2937
doutn                                 0.534281
tcheck                                      27
pa_00                                  331.169
bpa_00#branch                                0
btchk#branch                                 0
bdoutn#branch                                0
bclk#branch                        7.67236e-10
ean#branch                         8.26728e-13
eap#branch                         1.04045e-12
vclku#branch                                 0
vd#branch                                    0
vcm#branch                         1.86717e-12
vsup#branch                       -0.000143536


No. of Data Rows : 12308

  Measurements for Transient Analysis

dlev0               =  -5.28924e-06
dlev1               =  -1.07778e-06
dlev2               =  -6.08297e-06
dlev3               =  -6.04547e-06
dlev4               =  -6.15675e-06
dlev5               =  -5.94533e-06
dlev6               =  -6.03639e-06
dlev7               =  -4.38001e-06
dlev8               =  -6.00125e-06
dlev9               =  -5.84520e-06
dlev10              =  -5.78719e-06
dlev11              =  -5.67536e-06
dlev12              =  -5.14438e-06
dlev13              =  -2.18937e-06
dlev14              =  -5.37167e-06
dlev15              =  -4.71308e-06
dlev16              =  -5.26504e-06
dlev17              =  -4.43884e-06
dlev18              =  9.99999e-01
dlev19              =  9.99999e-01
dlev20              =  9.99998e-01
dlev21              =  9.99999e-01
dlev22              =  9.99998e-01
dlev23              =  9.99998e-01
dlev24              =  9.99998e-01
dlev25              =  9.99997e-01
dlev26              =  9.99998e-01
dlev27              =  9.99999e-01
dlev28              =  9.99999e-01
dlev29              =  9.99998e-01
dlev30              =  9.99998e-01
dlev31              =  9.99998e-01
dlev32              =  9.99998e-01
vdd_meas            =  1.32000e+00
temp_meas           =  2.70000e+01
vbias_mv            =  3.31169e+02
lowcount            =  1.80001e+01
vos_mv              =  4.50035e+00

ngspice-46 done
