
Note: No compatibility mode selected!


Circuit: * klt sim -- generated corner deck, do not edit

Doing analysis at TEMP = 27.000000 and TNOM = 27.000000

Using SPARSE 1.3 as Direct Linear Solver

Initial Transient Solution
--------------------------

Node                                   Voltage
----                                   -------
vdd                                       1.08
cm                                        0.55
vd                                      -0.048
ap                                       0.526
an                                       0.574
clku                                         0
clk                                          0
ibn                                   0.265163
xa.x1.tmid                         6.98086e-06
xa.x1.tail                            0.526133
xa.x1.np                                  1.08
xa.x1.nn                               1.07999
xa.x1.ln                                  1.08
xa.x1.lp                                  1.08
xa.x1.lnb                           6.9382e-07
xa.x1.lpb                          5.98024e-07
xa.x1.na                               1.06306
doutb                                 0.558059
dout                                  0.566304
xa.x1.nb                                1.0618
doutn                                 0.524356
tcheck                                      27
pa_00                                  265.163
bpa_00#branch                                0
btchk#branch                                 0
bdoutn#branch                                0
bclk#branch                        7.04107e-10
ean#branch                         2.83221e-12
eap#branch                           3.649e-12
vclku#branch                                 0
vd#branch                                    0
vcm#branch                          6.4812e-12
vsup#branch                       -9.56793e-05


No. of Data Rows : 12174

  Measurements for Transient Analysis

dlev0               =  5.60955e-06
dlev1               =  6.03488e-06
dlev2               =  4.75818e-06
dlev3               =  5.46202e-06
dlev4               =  5.15760e-06
dlev5               =  2.11435e-06
dlev6               =  2.96770e-06
dlev7               =  5.43660e-06
dlev8               =  5.22777e-06
dlev9               =  5.09317e-06
dlev10              =  1.73461e-06
dlev11              =  1.26165e-06
dlev12              =  1.61667e-06
dlev13              =  6.31635e-06
dlev14              =  1.50365e-06
dlev15              =  1.62019e-06
dlev16              =  1.38147e-06
dlev17              =  9.99999e-01
dlev18              =  9.99999e-01
dlev19              =  1.00000e+00
dlev20              =  1.00000e+00
dlev21              =  9.99999e-01
dlev22              =  9.99999e-01
dlev23              =  1.00000e+00
dlev24              =  1.00000e+00
dlev25              =  1.00000e+00
dlev26              =  1.00000e+00
dlev27              =  1.00000e+00
dlev28              =  1.00000e+00
dlev29              =  9.99999e-01
dlev30              =  9.99999e-01
dlev31              =  9.99999e-01
dlev32              =  1.00000e+00
vdd_meas            =  1.08000e+00
temp_meas           =  2.70000e+01
vbias_mv            =  2.65163e+02
lowcount            =  1.69999e+01
vos_mv              =  1.49981e+00
vcm_meas            =  5.50000e-01

ngspice-46 done
