
Note: No compatibility mode selected!


Circuit: * klt sim -- generated corner deck, do not edit

Doing analysis at TEMP = 27.000000 and TNOM = 27.000000

Using SPARSE 1.3 as Direct Linear Solver

Initial Transient Solution
--------------------------

Node                                   Voltage
----                                   -------
vdd                                        1.2
cm                                        0.65
vd                                      -0.048
ap                                       0.626
an                                       0.674
clku                                         0
clk                                          0
ibn                                    0.33244
xa.x1.tmid                         3.23073e-07
xa.x1.tail                            0.634427
xa.x1.np                                   1.2
xa.x1.nn                                   1.2
xa.x1.ln                                   1.2
xa.x1.lp                                   1.2
xa.x1.lnb                          2.37335e-07
xa.x1.lpb                          1.97947e-07
xa.x1.na                               1.18415
doutb                                 0.645147
dout                                  0.652342
xa.x1.nb                                1.1833
doutn                                 0.543619
tcheck                                      27
pa_00                                   332.44
bpa_00#branch                                0
btchk#branch                                 0
bdoutn#branch                                0
bclk#branch                        5.50569e-10
ean#branch                         3.44641e-13
eap#branch                         4.48669e-13
vclku#branch                                 0
vd#branch                                    0
vcm#branch                          7.9331e-13
vsup#branch                       -9.23283e-05


No. of Data Rows : 12261

  Measurements for Transient Analysis

dlev0               =  -1.66449e-08
dlev1               =  -7.33877e-08
dlev2               =  -3.48948e-07
dlev3               =  -1.59669e-06
dlev4               =  -2.70544e-06
dlev5               =  -6.82037e-07
dlev6               =  2.97561e-07
dlev7               =  9.49826e-07
dlev8               =  1.26769e-06
dlev9               =  3.35752e-06
dlev10              =  9.21098e-07
dlev11              =  -9.57140e-07
dlev12              =  -2.27670e-06
dlev13              =  7.89496e-07
dlev14              =  7.76543e-07
dlev15              =  1.19300e-06
dlev16              =  -1.39920e-06
dlev17              =  9.30102e-07
dlev18              =  9.99998e-01
dlev19              =  1.00000e+00
dlev20              =  1.00000e+00
dlev21              =  1.00000e+00
dlev22              =  9.99999e-01
dlev23              =  9.99999e-01
dlev24              =  9.99999e-01
dlev25              =  1.00000e+00
dlev26              =  1.00000e+00
dlev27              =  1.00000e+00
dlev28              =  1.00000e+00
dlev29              =  9.99999e-01
dlev30              =  9.99999e-01
dlev31              =  1.00000e+00
dlev32              =  1.00000e+00
vdd_meas            =  1.20000e+00
temp_meas           =  2.70000e+01
vbias_mv            =  3.32440e+02
lowcount            =  1.80000e+01
vos_mv              =  4.50002e+00
vcm_meas            =  6.50000e-01

ngspice-46 done
