
Note: No compatibility mode selected!


Circuit: * klt sim -- generated corner deck, do not edit

Doing analysis at TEMP = 27.000000 and TNOM = 27.000000

Using SPARSE 1.3 as Direct Linear Solver

Initial Transient Solution
--------------------------

Node                                   Voltage
----                                   -------
vdd                                       1.08
cm                                         0.6
vd                                      -0.048
ap                                       0.576
an                                       0.624
clku                                         0
clk                                          0
ibn                                   0.249365
xa.x1.tmid                         9.52214e-06
xa.x1.tail                            0.570229
xa.x1.np                                  1.08
xa.x1.nn                               1.07999
xa.x1.ln                                  1.08
xa.x1.lp                                  1.08
xa.x1.lnb                          6.41846e-07
xa.x1.lpb                           6.0185e-07
xa.x1.na                                1.0636
doutb                                 0.566402
dout                                  0.557765
xa.x1.nb                               1.06427
doutn                                 0.516449
tcheck                                      27
pa_00                                  249.365
bpa_00#branch                                0
btchk#branch                                 0
bdoutn#branch                                0
bclk#branch                         7.0495e-10
ean#branch                         2.15414e-12
eap#branch                         2.82746e-12
vclku#branch                                 0
vd#branch                                    0
vcm#branch                          4.9816e-12
vsup#branch                       -8.56541e-05


No. of Data Rows : 12196

  Measurements for Transient Analysis

dlev0               =  2.40781e-06
dlev1               =  6.22664e-06
dlev2               =  3.71807e-06
dlev3               =  1.39409e-06
dlev4               =  2.98926e-06
dlev5               =  4.67859e-06
dlev6               =  1.52561e-06
dlev7               =  1.84874e-06
dlev8               =  5.72008e-06
dlev9               =  1.84723e-06
dlev10              =  2.24893e-06
dlev11              =  5.33850e-06
dlev12              =  3.77139e-06
dlev13              =  2.08558e-06
dlev14              =  1.39842e-06
dlev15              =  2.10526e-06
dlev16              =  3.33573e-06
dlev17              =  9.99999e-01
dlev18              =  9.99999e-01
dlev19              =  9.99999e-01
dlev20              =  1.00000e+00
dlev21              =  9.99999e-01
dlev22              =  1.00000e+00
dlev23              =  1.00000e+00
dlev24              =  1.00000e+00
dlev25              =  1.00000e+00
dlev26              =  9.99999e-01
dlev27              =  1.00000e+00
dlev28              =  9.99999e-01
dlev29              =  9.99999e-01
dlev30              =  1.00000e+00
dlev31              =  1.00000e+00
dlev32              =  1.00000e+00
vdd_meas            =  1.08000e+00
temp_meas           =  2.70000e+01
vbias_mv            =  2.49365e+02
lowcount            =  1.70000e+01
vos_mv              =  1.49986e+00

ngspice-46 done
