
Note: No compatibility mode selected!


Circuit: * klt sim -- generated corner deck, do not edit

Doing analysis at TEMP = 125.000000 and TNOM = 27.000000

Using SPARSE 1.3 as Direct Linear Solver

Initial Transient Solution
--------------------------

Node                                   Voltage
----                                   -------
vdd                                        1.2
cm                                         0.6
vd                                      -0.048
ap                                       0.576
an                                       0.624
clku                                         0
clk                                          0
ibn                                   0.294766
xa.x1.tmid                         1.55369e-05
xa.x1.tail                            0.568955
xa.x1.np                               1.19999
xa.x1.nn                               1.19998
xa.x1.ln                                   1.2
xa.x1.lp                                   1.2
xa.x1.lnb                          7.80699e-07
xa.x1.lpb                          7.24336e-07
xa.x1.na                                   1.2
doutb                                      1.2
dout                               1.05308e-06
xa.x1.nb                                   1.2
doutn                              8.77571e-07
tcheck                                     125
pa_00                                  294.766
bpa_00#branch                                0
btchk#branch                                 0
bdoutn#branch                                0
bclk#branch                        1.44751e-10
ean#branch                         3.22603e-13
eap#branch                         4.17513e-13
vclku#branch                                 0
vd#branch                                    0
vcm#branch                         7.40116e-13
vsup#branch                       -2.00308e-05


No. of Data Rows : 12068

  Measurements for Transient Analysis

dlev0               =  -1.24834e-07
dlev1               =  -1.59413e-06
dlev2               =  -3.23905e-07
dlev3               =  2.00251e-07
dlev4               =  5.10451e-07
dlev5               =  2.21408e-07
dlev6               =  -2.72287e-07
dlev7               =  -2.43552e-07
dlev8               =  -1.62918e-07
dlev9               =  4.02598e-07
dlev10              =  4.70027e-07
dlev11              =  1.29146e-07
dlev12              =  -3.17419e-07
dlev13              =  -5.05876e-07
dlev14              =  3.11114e-07
dlev15              =  -6.34787e-08
dlev16              =  3.88831e-08
dlev17              =  9.99999e-01
dlev18              =  9.99999e-01
dlev19              =  9.99999e-01
dlev20              =  9.99999e-01
dlev21              =  9.99999e-01
dlev22              =  9.99999e-01
dlev23              =  9.99998e-01
dlev24              =  9.99999e-01
dlev25              =  9.99999e-01
dlev26              =  9.99999e-01
dlev27              =  9.99998e-01
dlev28              =  9.99999e-01
dlev29              =  9.99999e-01
dlev30              =  9.99999e-01
dlev31              =  9.99998e-01
dlev32              =  9.99999e-01
vdd_meas            =  1.20000e+00
temp_meas           =  1.25000e+02
vbias_mv            =  2.94766e+02
lowcount            =  1.70000e+01
vos_mv              =  1.50006e+00

ngspice-46 done
