
Note: No compatibility mode selected!


Circuit: * klt sim -- generated corner deck, do not edit

Doing analysis at TEMP = 27.000000 and TNOM = 27.000000

Using SPARSE 1.3 as Direct Linear Solver

Initial Transient Solution
--------------------------

Node                                   Voltage
----                                   -------
vdd                                       1.32
cm                                         0.6
vd                                      -0.048
ap                                       0.576
an                                       0.624
clku                                         0
clk                                          0
ibn                                   0.309345
xa.x1.tmid                         1.26714e-06
xa.x1.tail                            0.548688
xa.x1.np                                  1.32
xa.x1.nn                                  1.32
xa.x1.ln                                  1.32
xa.x1.lp                                  1.32
xa.x1.lnb                          1.06061e-07
xa.x1.lpb                          1.03394e-07
xa.x1.na                                  1.32
doutb                                     1.32
dout                               1.20707e-07
xa.x1.nb                                  1.32
doutn                              9.14446e-08
tcheck                                      27
pa_00                                  309.345
bpa_00#branch                                0
btchk#branch                                 0
bdoutn#branch                                0
bclk#branch                        4.30253e-10
ean#branch                         8.45407e-13
eap#branch                         1.05907e-12
vclku#branch                                 0
vd#branch                                    0
vcm#branch                         1.90448e-12
vsup#branch                       -2.00043e-05


No. of Data Rows : 12239

  Measurements for Transient Analysis

dlev0               =  -8.43463e-07
dlev1               =  -9.37118e-07
dlev2               =  -1.00836e-06
dlev3               =  -5.86019e-07
dlev4               =  -5.58294e-07
dlev5               =  -7.13208e-08
dlev6               =  -5.60759e-06
dlev7               =  -3.87339e-06
dlev8               =  -1.19813e-06
dlev9               =  -5.75536e-06
dlev10              =  -7.81451e-07
dlev11              =  -2.51659e-06
dlev12              =  -1.57489e-06
dlev13              =  -1.67101e-06
dlev14              =  -4.27963e-06
dlev15              =  9.89267e-08
dlev16              =  -1.90286e-06
dlev17              =  1.23701e-07
dlev18              =  1.00000e+00
dlev19              =  9.99999e-01
dlev20              =  9.99998e-01
dlev21              =  9.99998e-01
dlev22              =  9.99999e-01
dlev23              =  9.99999e-01
dlev24              =  9.99999e-01
dlev25              =  9.99999e-01
dlev26              =  9.99999e-01
dlev27              =  9.99999e-01
dlev28              =  9.99998e-01
dlev29              =  9.99999e-01
dlev30              =  1.00000e+00
dlev31              =  1.00000e+00
dlev32              =  1.00000e+00
vdd_meas            =  1.32000e+00
temp_meas           =  2.70000e+01
vbias_mv            =  3.09345e+02
lowcount            =  1.80000e+01
vos_mv              =  4.50014e+00

ngspice-46 done
