
Note: No compatibility mode selected!


Circuit: * klt sim -- generated corner deck, do not edit

Doing analysis at TEMP = -40.000000 and TNOM = 27.000000

Using SPARSE 1.3 as Direct Linear Solver
Note: Starting dynamic gmin stepping
Note: Dynamic gmin stepping completed

Initial Transient Solution
--------------------------

Node                                   Voltage
----                                   -------
vdd                                        1.2
cm                                         0.6
vd                                      -0.048
ap                                       0.576
an                                       0.624
clku                                         0
clk                                          0
ibn                                   0.344679
xa.x1.tmid                          2.4763e-08
xa.x1.tail                            0.526384
xa.x1.np                                   1.2
xa.x1.nn                                   1.2
xa.x1.ln                                   1.2
xa.x1.lp                                   1.2
xa.x1.lnb                          2.56369e-08
xa.x1.lpb                          2.54312e-08
xa.x1.na                               1.18749
doutb                                 0.614146
dout                                  0.616888
xa.x1.nb                               1.18685
doutn                                 0.514074
tcheck                                     -40
pa_00                                  344.679
bpa_00#branch                                0
btchk#branch                                 0
bdoutn#branch                                0
bclk#branch                        2.05525e-10
ean#branch                         3.01204e-13
eap#branch                         3.86899e-13
vclku#branch                                 0
vd#branch                                    0
vcm#branch                         6.88102e-13
vsup#branch                       -7.57778e-05


No. of Data Rows : 12221

  Measurements for Transient Analysis

dlev0               =  -5.12201e-08
dlev1               =  3.17573e-08
dlev2               =  4.21910e-06
dlev3               =  4.82093e-06
dlev4               =  1.00784e-05
dlev5               =  1.02224e-05
dlev6               =  8.58853e-06
dlev7               =  1.95403e-06
dlev8               =  1.03810e-05
dlev9               =  1.06850e-05
dlev10              =  6.42014e-06
dlev11              =  2.13493e-06
dlev12              =  8.33327e-06
dlev13              =  9.99999e-01
dlev14              =  1.00000e+00
dlev15              =  1.00000e+00
dlev16              =  1.00000e+00
dlev17              =  1.00000e+00
dlev18              =  1.00000e+00
dlev19              =  1.00000e+00
dlev20              =  1.00000e+00
dlev21              =  1.00000e+00
dlev22              =  1.00000e+00
dlev23              =  1.00000e+00
dlev24              =  1.00000e+00
dlev25              =  1.00000e+00
dlev26              =  1.00000e+00
dlev27              =  1.00000e+00
dlev28              =  1.00000e+00
dlev29              =  1.00000e+00
dlev30              =  1.00000e+00
dlev31              =  1.00000e+00
dlev32              =  1.00000e+00
vdd_meas            =  1.20000e+00
temp_meas           =  -4.00000e+01
vbias_mv            =  3.44679e+02
lowcount            =  1.29999e+01
vos_mv              =  -1.05004e+01

ngspice-46 done
