
Note: No compatibility mode selected!


Circuit: * klt sim -- generated corner deck, do not edit

Doing analysis at TEMP = 27.000000 and TNOM = 27.000000

Using SPARSE 1.3 as Direct Linear Solver

Initial Transient Solution
--------------------------

Node                                   Voltage
----                                   -------
vdd                                        1.2
cm                                        0.55
vd                                      -0.048
ap                                       0.526
an                                       0.574
clku                                         0
clk                                          0
ibn                                    0.30606
xa.x1.tmid                         1.20499e-06
xa.x1.tail                            0.539056
xa.x1.np                                   1.2
xa.x1.nn                                   1.2
xa.x1.ln                                   1.2
xa.x1.lp                                   1.2
xa.x1.lnb                          9.47333e-08
xa.x1.lpb                          8.97805e-08
xa.x1.na                                   1.2
doutb                              1.06493e-07
dout                                       1.2
xa.x1.nb                                   1.2
doutn                                        1
tcheck                                      27
pa_00                                   306.06
bpa_00#branch                                0
btchk#branch                                 0
bdoutn#branch                                0
bclk#branch                        3.10601e-10
ean#branch                         1.20742e-12
eap#branch                         1.53022e-12
vclku#branch                                 0
vd#branch                                    0
vcm#branch                         2.73764e-12
vsup#branch                       -2.00037e-05


No. of Data Rows : 12182

  Measurements for Transient Analysis

dlev0               =  -2.11797e-06
dlev1               =  -5.41677e-08
dlev2               =  3.49939e-06
dlev3               =  3.24835e-06
dlev4               =  3.08743e-06
dlev5               =  6.05320e-06
dlev6               =  3.84604e-06
dlev7               =  5.06671e-06
dlev8               =  4.53904e-06
dlev9               =  3.79363e-07
dlev10              =  -3.53446e-07
dlev11              =  2.12310e-06
dlev12              =  5.17969e-06
dlev13              =  2.39722e-06
dlev14              =  4.67957e-06
dlev15              =  3.55604e-06
dlev16              =  1.00000e+00
dlev17              =  1.00000e+00
dlev18              =  1.00000e+00
dlev19              =  1.00000e+00
dlev20              =  1.00000e+00
dlev21              =  1.00000e+00
dlev22              =  9.99999e-01
dlev23              =  1.00000e+00
dlev24              =  1.00000e+00
dlev25              =  1.00000e+00
dlev26              =  1.00000e+00
dlev27              =  1.00000e+00
dlev28              =  1.00000e+00
dlev29              =  1.00000e+00
dlev30              =  9.99999e-01
dlev31              =  1.00000e+00
dlev32              =  1.00000e+00
vdd_meas            =  1.20000e+00
temp_meas           =  2.70000e+01
vbias_mv            =  3.06060e+02
lowcount            =  1.59999e+01
vos_mv              =  -1.50016e+00
vcm_meas            =  5.50000e-01

ngspice-46 done
