
Note: No compatibility mode selected!


Circuit: * klt sim -- generated corner deck, do not edit

Doing analysis at TEMP = 27.000000 and TNOM = 27.000000

Using SPARSE 1.3 as Direct Linear Solver

Initial Transient Solution
--------------------------

Node                                   Voltage
----                                   -------
vdd                                       1.08
cm                                         0.6
vd                                      -0.048
ap                                       0.576
an                                       0.624
clku                                         0
clk                                          0
ibn                                   0.263646
xa.x1.tmid                         6.56104e-06
xa.x1.tail                            0.538232
xa.x1.np                                  1.08
xa.x1.nn                               1.07999
xa.x1.ln                                  1.08
xa.x1.lp                                  1.08
xa.x1.lnb                          6.27521e-07
xa.x1.lpb                          6.27522e-07
xa.x1.na                                1.0615
doutb                                 0.558536
dout                                   0.55499
xa.x1.nb                                1.0624
doutn                                  0.51388
tcheck                                      27
pa_00                                  263.646
bpa_00#branch                                0
btchk#branch                                 0
bdoutn#branch                                0
bclk#branch                        6.97774e-10
ean#branch                         1.06931e-12
eap#branch                         1.40632e-12
vclku#branch                                 0
vd#branch                                    0
vcm#branch                         2.47563e-12
vsup#branch                       -9.74581e-05


No. of Data Rows : 12100

  Measurements for Transient Analysis

dlev0               =  2.33637e-06
dlev1               =  2.22142e-06
dlev2               =  1.08961e-06
dlev3               =  1.55540e-06
dlev4               =  5.29347e-06
dlev5               =  5.57851e-06
dlev6               =  1.46852e-06
dlev7               =  7.52464e-07
dlev8               =  4.78351e-06
dlev9               =  2.83283e-06
dlev10              =  4.45480e-06
dlev11              =  5.86365e-06
dlev12              =  6.07757e-06
dlev13              =  6.01208e-06
dlev14              =  2.37459e-06
dlev15              =  1.10995e-06
dlev16              =  5.35237e-06
dlev17              =  1.00000e+00
dlev18              =  1.00000e+00
dlev19              =  1.00000e+00
dlev20              =  1.00000e+00
dlev21              =  1.00000e+00
dlev22              =  1.00000e+00
dlev23              =  1.00000e+00
dlev24              =  9.99999e-01
dlev25              =  1.00000e+00
dlev26              =  1.00000e+00
dlev27              =  9.99999e-01
dlev28              =  1.00000e+00
dlev29              =  1.00000e+00
dlev30              =  1.00000e+00
dlev31              =  9.99999e-01
dlev32              =  9.99999e-01
vdd_meas            =  1.08000e+00
temp_meas           =  2.70000e+01
vbias_mv            =  2.63646e+02
lowcount            =  1.69999e+01
vos_mv              =  1.49981e+00

ngspice-46 done
