
Note: No compatibility mode selected!


Circuit: * klt sim -- generated corner deck, do not edit

Doing analysis at TEMP = 27.000000 and TNOM = 27.000000

Using SPARSE 1.3 as Direct Linear Solver

Initial Transient Solution
--------------------------

Node                                   Voltage
----                                   -------
vdd                                       1.32
cm                                         0.6
vd                                      -0.048
ap                                       0.576
an                                       0.624
clku                                         0
clk                                          0
ibn                                   0.271774
xa.x1.tmid                         3.89476e-06
xa.x1.tail                            0.578278
xa.x1.np                                  1.32
xa.x1.nn                                  1.32
xa.x1.ln                                  1.32
xa.x1.lp                                  1.32
xa.x1.lnb                          7.60993e-08
xa.x1.lpb                          6.71367e-08
xa.x1.na                                  1.32
doutb                                     1.32
dout                               7.75702e-08
xa.x1.nb                                  1.32
doutn                              5.87653e-08
tcheck                                      27
pa_00                                  271.774
bpa_00#branch                                0
btchk#branch                                 0
bdoutn#branch                                0
bclk#branch                        2.47213e-10
ean#branch                         3.46614e-12
eap#branch                          4.3206e-12
vclku#branch                                 0
vd#branch                                    0
vcm#branch                         7.78674e-12
vsup#branch                       -1.50087e-05


No. of Data Rows : 12252

  Measurements for Transient Analysis

dlev0               =  1.33847e-06
dlev1               =  1.74312e-06
dlev2               =  1.68171e-06
dlev3               =  -2.39197e-06
dlev4               =  1.59512e-06
dlev5               =  -2.24079e-06
dlev6               =  -2.01181e-06
dlev7               =  -1.51496e-06
dlev8               =  -1.82928e-06
dlev9               =  -5.10747e-07
dlev10              =  1.88161e-06
dlev11              =  -1.74342e-06
dlev12              =  1.25661e-06
dlev13              =  -1.47814e-06
dlev14              =  3.11100e-06
dlev15              =  2.01440e-06
dlev16              =  1.00000e+00
dlev17              =  9.99998e-01
dlev18              =  9.99998e-01
dlev19              =  9.99998e-01
dlev20              =  9.99998e-01
dlev21              =  9.99999e-01
dlev22              =  9.99999e-01
dlev23              =  9.99999e-01
dlev24              =  9.99998e-01
dlev25              =  9.99998e-01
dlev26              =  9.99998e-01
dlev27              =  9.99998e-01
dlev28              =  9.99999e-01
dlev29              =  9.99999e-01
dlev30              =  1.00000e+00
dlev31              =  9.99999e-01
dlev32              =  9.99998e-01
vdd_meas            =  1.32000e+00
temp_meas           =  2.70000e+01
vbias_mv            =  2.71774e+02
lowcount            =  1.60000e+01
vos_mv              =  -1.49993e+00

ngspice-46 done
