
Note: No compatibility mode selected!


Circuit: * klt sim -- generated corner deck, do not edit

Doing analysis at TEMP = -40.000000 and TNOM = 27.000000

Using SPARSE 1.3 as Direct Linear Solver

Initial Transient Solution
--------------------------

Node                                   Voltage
----                                   -------
vdd                                       1.32
cm                                        0.55
vd                                      -0.048
ap                                       0.526
an                                       0.574
clku                                         0
clk                                          0
ibn                                   0.321549
xa.x1.tmid                         7.33796e-08
xa.x1.tail                            0.527352
xa.x1.np                                  1.32
xa.x1.nn                                  1.32
xa.x1.ln                                  1.32
xa.x1.lp                                  1.32
xa.x1.lnb                          3.20052e-08
xa.x1.lpb                          3.54054e-08
xa.x1.na                                  1.32
doutb                              3.44642e-08
dout                                      1.32
xa.x1.nb                                  1.32
doutn                                        1
tcheck                                     -40
pa_00                                  321.549
bpa_00#branch                                0
btchk#branch                                 0
bdoutn#branch                                0
bclk#branch                         1.6217e-10
ean#branch                          2.1122e-12
eap#branch                         2.61258e-12
vclku#branch                                 0
vd#branch                                    0
vcm#branch                         4.72478e-12
vsup#branch                       -2.00008e-05


No. of Data Rows : 12363

  Measurements for Transient Analysis

dlev0               =  4.31173e-06
dlev1               =  -2.60590e-06
dlev2               =  -2.73550e-06
dlev3               =  -1.03238e-05
dlev4               =  -5.20655e-06
dlev5               =  -7.22991e-07
dlev6               =  -8.35224e-06
dlev7               =  -8.59704e-06
dlev8               =  -7.43562e-07
dlev9               =  -3.12536e-06
dlev10              =  -6.98726e-06
dlev11              =  -8.19653e-06
dlev12              =  -6.33127e-06
dlev13              =  -7.62397e-06
dlev14              =  -7.99744e-06
dlev15              =  -5.85662e-06
dlev16              =  1.00000e+00
dlev17              =  9.99997e-01
dlev18              =  9.99997e-01
dlev19              =  9.99997e-01
dlev20              =  9.99999e-01
dlev21              =  9.99997e-01
dlev22              =  9.99997e-01
dlev23              =  9.99999e-01
dlev24              =  9.99999e-01
dlev25              =  9.99997e-01
dlev26              =  9.99997e-01
dlev27              =  9.99998e-01
dlev28              =  9.99998e-01
dlev29              =  9.99998e-01
dlev30              =  9.99995e-01
dlev31              =  9.99999e-01
dlev32              =  9.99999e-01
vdd_meas            =  1.32000e+00
temp_meas           =  -4.00000e+01
vbias_mv            =  3.21549e+02
lowcount            =  1.60001e+01
vos_mv              =  -1.49965e+00
vcm_meas            =  5.50000e-01

ngspice-46 done
