
Note: No compatibility mode selected!


Circuit: * klt sim -- generated corner deck, do not edit

Doing analysis at TEMP = -40.000000 and TNOM = 27.000000

Using SPARSE 1.3 as Direct Linear Solver

Initial Transient Solution
--------------------------

Node                                   Voltage
----                                   -------
vdd                                       1.32
cm                                         0.6
vd                                      -0.048
ap                                       0.576
an                                       0.624
clku                                         0
clk                                          0
ibn                                   0.345994
xa.x1.tmid                         2.58916e-08
xa.x1.tail                            0.572297
xa.x1.np                                  1.32
xa.x1.nn                                  1.32
xa.x1.ln                                  1.32
xa.x1.lp                                  1.32
xa.x1.lnb                          3.42591e-08
xa.x1.lpb                          3.45059e-08
xa.x1.na                                  1.32
doutb                              3.57762e-08
dout                                      1.32
xa.x1.nb                                  1.32
doutn                                        1
tcheck                                     -40
pa_00                                  345.994
bpa_00#branch                                0
btchk#branch                                 0
bdoutn#branch                                0
bclk#branch                        2.85884e-10
ean#branch                         8.22259e-13
eap#branch                          1.0302e-12
vclku#branch                                 0
vd#branch                                    0
vcm#branch                         1.85246e-12
vsup#branch                       -2.00007e-05


No. of Data Rows : 12425

  Measurements for Transient Analysis

dlev0               =  -5.99561e-08
dlev1               =  -4.01723e-06
dlev2               =  -3.23740e-07
dlev3               =  -1.46779e-06
dlev4               =  -1.07689e-06
dlev5               =  -1.38509e-06
dlev6               =  -1.37289e-06
dlev7               =  -1.32404e-06
dlev8               =  -1.12950e-06
dlev9               =  -7.92175e-06
dlev10              =  -3.15030e-06
dlev11              =  1.37107e-07
dlev12              =  8.29550e-07
dlev13              =  1.56330e-06
dlev14              =  -2.09765e-06
dlev15              =  1.00000e+00
dlev16              =  1.00000e+00
dlev17              =  1.00000e+00
dlev18              =  1.00000e+00
dlev19              =  1.00000e+00
dlev20              =  1.00000e+00
dlev21              =  1.00000e+00
dlev22              =  1.00000e+00
dlev23              =  1.00000e+00
dlev24              =  1.00000e+00
dlev25              =  1.00000e+00
dlev26              =  1.00000e+00
dlev27              =  1.00000e+00
dlev28              =  1.00000e+00
dlev29              =  1.00000e+00
dlev30              =  1.00000e+00
dlev31              =  1.00000e+00
dlev32              =  1.00000e+00
vdd_meas            =  1.32000e+00
temp_meas           =  -4.00000e+01
vbias_mv            =  3.45994e+02
lowcount            =  1.50000e+01
vos_mv              =  -4.49998e+00

ngspice-46 done
