
Note: No compatibility mode selected!


Circuit: * klt sim -- generated corner deck, do not edit

Doing analysis at TEMP = 125.000000 and TNOM = 27.000000

Using SPARSE 1.3 as Direct Linear Solver

Initial Transient Solution
--------------------------

Node                                   Voltage
----                                   -------
vdd                                       1.08
cm                                         0.6
vd                                      -0.048
ap                                       0.576
an                                       0.624
clku                                         0
clk                                          0
ibn                                   0.229703
xa.x1.tmid                         0.000165289
xa.x1.tail                            0.572678
xa.x1.np                               1.07994
xa.x1.nn                               1.07981
xa.x1.ln                                  1.08
xa.x1.lp                                  1.08
xa.x1.lnb                          1.83876e-06
xa.x1.lpb                          1.74096e-06
xa.x1.na                                  1.08
doutb                              2.29858e-06
dout                                   1.07999
xa.x1.nb                               1.07999
doutn                                 0.999988
tcheck                                     125
pa_00                                  229.703
bpa_00#branch                                0
btchk#branch                                 0
bdoutn#branch                                0
bclk#branch                        1.94697e-10
ean#branch                         2.28564e-12
eap#branch                           3.023e-12
vclku#branch                                 0
vd#branch                                    0
vcm#branch                         5.30864e-12
vsup#branch                       -2.03069e-05


No. of Data Rows : 12063

  Measurements for Transient Analysis

dlev0               =  3.26914e-06
dlev1               =  4.60768e-06
dlev2               =  3.92553e-06
dlev3               =  3.88736e-06
dlev4               =  4.82322e-06
dlev5               =  3.84998e-06
dlev6               =  3.97099e-06
dlev7               =  7.60597e-07
dlev8               =  3.58003e-06
dlev9               =  3.80580e-06
dlev10              =  3.75632e-06
dlev11              =  3.67781e-06
dlev12              =  3.30668e-06
dlev13              =  3.60936e-06
dlev14              =  3.57131e-06
dlev15              =  9.99988e-01
dlev16              =  9.99988e-01
dlev17              =  9.99989e-01
dlev18              =  9.99989e-01
dlev19              =  9.99988e-01
dlev20              =  9.99988e-01
dlev21              =  9.99989e-01
dlev22              =  9.99989e-01
dlev23              =  9.99989e-01
dlev24              =  9.99989e-01
dlev25              =  9.99989e-01
dlev26              =  9.99989e-01
dlev27              =  9.99989e-01
dlev28              =  9.99988e-01
dlev29              =  9.99988e-01
dlev30              =  9.99989e-01
dlev31              =  9.99989e-01
dlev32              =  9.99989e-01
vdd_meas            =  1.08000e+00
temp_meas           =  1.25000e+02
vbias_mv            =  2.29703e+02
lowcount            =  1.50001e+01
vos_mv              =  -4.49956e+00

ngspice-46 done
