
Note: No compatibility mode selected!


Circuit: * klt sim -- generated corner deck, do not edit

Doing analysis at TEMP = -40.000000 and TNOM = 27.000000

Using SPARSE 1.3 as Direct Linear Solver

Initial Transient Solution
--------------------------

Node                                   Voltage
----                                   -------
vdd                                       1.32
cm                                         0.6
vd                                      -0.048
ap                                       0.576
an                                       0.624
clku                                         0
clk                                          0
ibn                                   0.323976
xa.x1.tmid                         7.01315e-08
xa.x1.tail                             0.57239
xa.x1.np                                  1.32
xa.x1.nn                                  1.32
xa.x1.ln                                  1.32
xa.x1.lp                                  1.32
xa.x1.lnb                          3.28552e-08
xa.x1.lpb                          3.40115e-08
xa.x1.na                               1.29903
doutb                                 0.659362
dout                                  0.646001
xa.x1.nb                               1.30004
doutn                                 0.489395
tcheck                                     -40
pa_00                                  323.976
bpa_00#branch                                0
btchk#branch                                 0
bdoutn#branch                                0
bclk#branch                        1.62765e-10
ean#branch                         1.68468e-12
eap#branch                         2.09852e-12
vclku#branch                                 0
vd#branch                                    0
vcm#branch                          3.7832e-12
vsup#branch                       -0.000111382


No. of Data Rows : 12381

  Measurements for Transient Analysis

dlev0               =  -3.68783e-06
dlev1               =  4.39318e-07
dlev2               =  1.46023e-06
dlev3               =  1.38260e-06
dlev4               =  1.25524e-06
dlev5               =  4.57335e-07
dlev6               =  3.72585e-07
dlev7               =  -3.97918e-06
dlev8               =  -4.30122e-06
dlev9               =  -3.00208e-06
dlev10              =  -3.36530e-06
dlev11              =  -3.18676e-06
dlev12              =  1.77483e-06
dlev13              =  2.52978e-06
dlev14              =  -3.46073e-06
dlev15              =  -2.61364e-06
dlev16              =  1.00000e+00
dlev17              =  9.99998e-01
dlev18              =  1.00000e+00
dlev19              =  9.99998e-01
dlev20              =  9.99997e-01
dlev21              =  9.99997e-01
dlev22              =  1.00000e+00
dlev23              =  9.99997e-01
dlev24              =  9.99997e-01
dlev25              =  9.99997e-01
dlev26              =  9.99997e-01
dlev27              =  9.99997e-01
dlev28              =  1.00000e+00
dlev29              =  1.00000e+00
dlev30              =  1.00000e+00
dlev31              =  9.99999e-01
dlev32              =  1.00000e+00
vdd_meas            =  1.32000e+00
temp_meas           =  -4.00000e+01
vbias_mv            =  3.23976e+02
lowcount            =  1.60000e+01
vos_mv              =  -1.49987e+00

ngspice-46 done
