
Note: No compatibility mode selected!


Circuit: * klt sim -- generated corner deck, do not edit

Doing analysis at TEMP = 125.000000 and TNOM = 27.000000

Using SPARSE 1.3 as Direct Linear Solver

Initial Transient Solution
--------------------------

Node                                   Voltage
----                                   -------
vdd                                       1.08
cm                                        0.55
vd                                      -0.048
ap                                       0.526
an                                       0.574
clku                                         0
clk                                          0
ibn                                   0.296319
xa.x1.tmid                         1.29201e-05
xa.x1.tail                            0.551863
xa.x1.np                               1.07999
xa.x1.nn                               1.07998
xa.x1.ln                                  1.08
xa.x1.lp                                  1.08
xa.x1.lnb                          7.79418e-07
xa.x1.lpb                          7.50177e-07
xa.x1.na                               1.06768
doutb                                 0.554441
dout                                  0.559674
xa.x1.nb                                1.0679
doutn                                 0.518217
tcheck                                     125
pa_00                                  296.319
bpa_00#branch                                0
btchk#branch                                 0
bdoutn#branch                                0
bclk#branch                        1.00444e-10
ean#branch                         3.30125e-13
eap#branch                         4.33709e-13
vclku#branch                                 0
vd#branch                                    0
vcm#branch                         7.63833e-13
vsup#branch                       -5.30997e-05


No. of Data Rows : 12027

  Measurements for Transient Analysis

dlev0               =  6.31837e-07
dlev1               =  2.66374e-06
dlev2               =  2.56191e-06
dlev3               =  2.33477e-06
dlev4               =  2.57708e-06
dlev5               =  2.79372e-06
dlev6               =  2.21816e-06
dlev7               =  2.08367e-06
dlev8               =  6.23273e-07
dlev9               =  1.15160e-07
dlev10              =  1.13190e-06
dlev11              =  -1.24817e-06
dlev12              =  4.41487e-07
dlev13              =  9.15293e-07
dlev14              =  -3.45772e-07
dlev15              =  -2.00053e-06
dlev16              =  9.99999e-01
dlev17              =  9.99999e-01
dlev18              =  9.99999e-01
dlev19              =  1.00000e+00
dlev20              =  1.00000e+00
dlev21              =  9.99999e-01
dlev22              =  9.99999e-01
dlev23              =  1.00000e+00
dlev24              =  1.00000e+00
dlev25              =  1.00000e+00
dlev26              =  1.00000e+00
dlev27              =  1.00000e+00
dlev28              =  1.00000e+00
dlev29              =  1.00000e+00
dlev30              =  1.00000e+00
dlev31              =  1.00000e+00
dlev32              =  1.00000e+00
vdd_meas            =  1.08000e+00
temp_meas           =  1.25000e+02
vbias_mv            =  2.96319e+02
lowcount            =  1.60000e+01
vos_mv              =  -1.50004e+00
vcm_meas            =  5.50000e-01

ngspice-46 done
