
Note: No compatibility mode selected!


Circuit: * klt sim -- generated corner deck, do not edit

Doing analysis at TEMP = 27.000000 and TNOM = 27.000000

Using SPARSE 1.3 as Direct Linear Solver

Initial Transient Solution
--------------------------

Node                                   Voltage
----                                   -------
vdd                                        1.2
cm                                         0.6
vd                                      -0.048
ap                                       0.576
an                                       0.624
clku                                         0
clk                                          0
ibn                                   0.265372
xa.x1.tmid                         7.30649e-06
xa.x1.tail                            0.539011
xa.x1.np                                   1.2
xa.x1.nn                               1.19999
xa.x1.ln                                   1.2
xa.x1.lp                                   1.2
xa.x1.lnb                          7.25279e-07
xa.x1.lpb                          6.28828e-07
xa.x1.na                                   1.2
doutb                              8.24519e-07
dout                                       1.2
xa.x1.nb                                   1.2
doutn                                 0.999999
tcheck                                      27
pa_00                                  265.372
bpa_00#branch                                0
btchk#branch                                 0
bdoutn#branch                                0
bclk#branch                        9.94081e-10
ean#branch                         2.01145e-12
eap#branch                         2.55716e-12
vclku#branch                                 0
vd#branch                                    0
vcm#branch                         4.56861e-12
vsup#branch                       -2.00235e-05


No. of Data Rows : 12191

  Measurements for Transient Analysis

dlev0               =  -3.86928e-06
dlev1               =  -3.54686e-06
dlev2               =  -2.63397e-06
dlev3               =  -1.40594e-06
dlev4               =  -2.71319e-07
dlev5               =  -3.97071e-07
dlev6               =  -1.14774e-06
dlev7               =  -1.13136e-06
dlev8               =  6.66329e-07
dlev9               =  1.78556e-06
dlev10              =  -2.12568e-06
dlev11              =  4.02406e-07
dlev12              =  1.40626e-06
dlev13              =  1.97931e-06
dlev14              =  -3.98938e-06
dlev15              =  7.55294e-07
dlev16              =  4.33378e-07
dlev17              =  2.07266e-06
dlev18              =  9.99998e-01
dlev19              =  9.99999e-01
dlev20              =  9.99999e-01
dlev21              =  9.99998e-01
dlev22              =  9.99998e-01
dlev23              =  1.00000e+00
dlev24              =  9.99999e-01
dlev25              =  9.99998e-01
dlev26              =  1.00000e+00
dlev27              =  1.00000e+00
dlev28              =  9.99998e-01
dlev29              =  9.99998e-01
dlev30              =  9.99998e-01
dlev31              =  9.99998e-01
dlev32              =  1.00000e+00
vdd_meas            =  1.20000e+00
temp_meas           =  2.70000e+01
vbias_mv            =  2.65372e+02
lowcount            =  1.80000e+01
vos_mv              =  4.50009e+00

ngspice-46 done
