
Note: No compatibility mode selected!


Circuit: * klt sim -- generated corner deck, do not edit

Doing analysis at TEMP = -40.000000 and TNOM = 27.000000

Using SPARSE 1.3 as Direct Linear Solver

Initial Transient Solution
--------------------------

Node                                   Voltage
----                                   -------
vdd                                       1.32
cm                                         0.6
vd                                      -0.048
ap                                       0.576
an                                       0.624
clku                                         0
clk                                          0
ibn                                   0.301008
xa.x1.tmid                         2.05335e-07
xa.x1.tail                            0.569513
xa.x1.np                                  1.32
xa.x1.nn                                  1.32
xa.x1.ln                                  1.32
xa.x1.lp                                  1.32
xa.x1.lnb                          1.22445e-07
xa.x1.lpb                           1.2329e-07
xa.x1.na                               1.29366
doutb                                 0.681339
dout                                  0.687513
xa.x1.nb                               1.29247
doutn                                 0.520843
tcheck                                     -40
pa_00                                  301.008
bpa_00#branch                                0
btchk#branch                                 0
bdoutn#branch                                0
bclk#branch                        8.89853e-10
ean#branch                         3.44813e-12
eap#branch                         4.27491e-12
vclku#branch                                 0
vd#branch                                    0
vcm#branch                         7.72304e-12
vsup#branch                        -0.00017955


No. of Data Rows : 12492

  Measurements for Transient Analysis

dlev0               =  6.17927e-06
dlev1               =  -4.54316e-06
dlev2               =  -4.43771e-06
dlev3               =  2.87374e-06
dlev4               =  -2.27110e-07
dlev5               =  -2.63798e-06
dlev6               =  -4.15603e-06
dlev7               =  -4.26481e-06
dlev8               =  3.49772e-06
dlev9               =  3.16909e-06
dlev10              =  -1.52787e-06
dlev11              =  4.98717e-06
dlev12              =  5.28821e-06
dlev13              =  -6.18860e-07
dlev14              =  -1.14355e-06
dlev15              =  2.58829e-06
dlev16              =  1.00000e+00
dlev17              =  1.00000e+00
dlev18              =  1.00000e+00
dlev19              =  1.00000e+00
dlev20              =  1.00000e+00
dlev21              =  1.00000e+00
dlev22              =  9.99997e-01
dlev23              =  9.99997e-01
dlev24              =  9.99997e-01
dlev25              =  9.99996e-01
dlev26              =  1.00000e+00
dlev27              =  9.99999e-01
dlev28              =  9.99998e-01
dlev29              =  1.00000e+00
dlev30              =  1.00000e+00
dlev31              =  1.00000e+00
dlev32              =  1.00000e+00
vdd_meas            =  1.32000e+00
temp_meas           =  -4.00000e+01
vbias_mv            =  3.01008e+02
lowcount            =  1.60000e+01
vos_mv              =  -1.50002e+00

ngspice-46 done
