
Note: No compatibility mode selected!


Circuit: * klt sim -- generated corner deck, do not edit

Doing analysis at TEMP = 125.000000 and TNOM = 27.000000

Using SPARSE 1.3 as Direct Linear Solver

Initial Transient Solution
--------------------------

Node                                   Voltage
----                                   -------
vdd                                        1.2
cm                                         0.6
vd                                      -0.048
ap                                       0.576
an                                       0.624
clku                                         0
clk                                          0
ibn                                   0.270883
xa.x1.tmid                         3.55328e-05
xa.x1.tail                            0.532625
xa.x1.np                               1.19999
xa.x1.nn                               1.19997
xa.x1.ln                                   1.2
xa.x1.lp                                   1.2
xa.x1.lnb                          9.41329e-06
xa.x1.lpb                          9.92117e-06
xa.x1.na                               1.17002
doutb                                 0.645478
dout                                  0.643377
xa.x1.nb                               1.17313
doutn                                 0.536148
tcheck                                     125
pa_00                                  270.883
bpa_00#branch                                0
btchk#branch                                 0
bdoutn#branch                                0
bclk#branch                        8.68252e-10
ean#branch                         6.67397e-13
eap#branch                          8.6034e-13
vclku#branch                                 0
vd#branch                                    0
vcm#branch                         1.52774e-12
vsup#branch                       -0.000134319


No. of Data Rows : 12115

  Measurements for Transient Analysis

dlev0               =  7.77902e-06
dlev1               =  7.81738e-06
dlev2               =  9.56935e-06
dlev3               =  7.83010e-06
dlev4               =  1.00231e-05
dlev5               =  1.14545e-05
dlev6               =  1.25383e-05
dlev7               =  1.21484e-05
dlev8               =  8.16583e-06
dlev9               =  9.67871e-06
dlev10              =  8.14490e-06
dlev11              =  1.14475e-05
dlev12              =  1.19358e-05
dlev13              =  1.28111e-05
dlev14              =  8.56070e-06
dlev15              =  9.69718e-06
dlev16              =  8.08521e-06
dlev17              =  1.00000e+00
dlev18              =  9.99997e-01
dlev19              =  9.99998e-01
dlev20              =  9.99997e-01
dlev21              =  9.99997e-01
dlev22              =  9.99997e-01
dlev23              =  9.99997e-01
dlev24              =  9.99999e-01
dlev25              =  9.99997e-01
dlev26              =  9.99997e-01
dlev27              =  9.99998e-01
dlev28              =  9.99997e-01
dlev29              =  9.99998e-01
dlev30              =  9.99997e-01
dlev31              =  9.99997e-01
dlev32              =  9.99997e-01
vdd_meas            =  1.20000e+00
temp_meas           =  1.25000e+02
vbias_mv            =  2.70883e+02
lowcount            =  1.69999e+01
vos_mv              =  1.49962e+00

ngspice-46 done
