
Note: No compatibility mode selected!


Circuit: * klt sim -- generated corner deck, do not edit

Doing analysis at TEMP = -40.000000 and TNOM = 27.000000

Using SPARSE 1.3 as Direct Linear Solver

Initial Transient Solution
--------------------------

Node                                   Voltage
----                                   -------
vdd                                       1.08
cm                                         0.6
vd                                      -0.048
ap                                       0.576
an                                       0.624
clku                                         0
clk                                          0
ibn                                   0.356611
xa.x1.tmid                         5.46449e-09
xa.x1.tail                            0.579129
xa.x1.np                                  1.08
xa.x1.nn                                  1.08
xa.x1.ln                                  1.08
xa.x1.lp                                  1.08
xa.x1.lnb                          3.75255e-08
xa.x1.lpb                          3.64613e-08
xa.x1.na                               1.07385
doutb                                 0.588475
dout                                   0.57764
xa.x1.nb                               1.07447
doutn                                 0.534852
tcheck                                     -40
pa_00                                  356.611
bpa_00#branch                                0
btchk#branch                                 0
bdoutn#branch                                0
bclk#branch                        2.53603e-10
ean#branch                         1.11605e-13
eap#branch                         1.48714e-13
vclku#branch                                 0
vd#branch                                    0
vcm#branch                          2.6032e-13
vsup#branch                       -3.95623e-05


No. of Data Rows : 12176

  Measurements for Transient Analysis

dlev0               =  7.49377e-06
dlev1               =  2.08163e-06
dlev2               =  1.64689e-06
dlev3               =  1.50366e-06
dlev4               =  -1.95092e-08
dlev5               =  9.04421e-07
dlev6               =  2.68435e-06
dlev7               =  -1.37283e-05
dlev8               =  -2.73297e-06
dlev9               =  2.94951e-06
dlev10              =  3.71309e-06
dlev11              =  -1.54687e-07
dlev12              =  1.85761e-06
dlev13              =  -1.00108e-05
dlev14              =  -9.30586e-06
dlev15              =  2.50406e-06
dlev16              =  9.99999e-01
dlev17              =  9.99997e-01
dlev18              =  1.00000e+00
dlev19              =  9.99998e-01
dlev20              =  1.00000e+00
dlev21              =  9.99998e-01
dlev22              =  1.00000e+00
dlev23              =  9.99996e-01
dlev24              =  9.99999e-01
dlev25              =  1.00000e+00
dlev26              =  1.00000e+00
dlev27              =  1.00000e+00
dlev28              =  1.00000e+00
dlev29              =  1.00000e+00
dlev30              =  1.00000e+00
dlev31              =  1.00000e+00
dlev32              =  9.99999e-01
vdd_meas            =  1.08000e+00
temp_meas           =  -4.00000e+01
vbias_mv            =  3.56611e+02
lowcount            =  1.60000e+01
vos_mv              =  -1.49993e+00

ngspice-46 done
