
Note: No compatibility mode selected!


Circuit: * klt sim -- generated corner deck, do not edit

Doing analysis at TEMP = -40.000000 and TNOM = 27.000000

Using SPARSE 1.3 as Direct Linear Solver

Initial Transient Solution
--------------------------

Node                                   Voltage
----                                   -------
vdd                                       1.08
cm                                         0.6
vd                                      -0.048
ap                                       0.576
an                                       0.624
clku                                         0
clk                                          0
ibn                                   0.355737
xa.x1.tmid                         5.70244e-09
xa.x1.tail                            0.581037
xa.x1.np                                  1.08
xa.x1.nn                                  1.08
xa.x1.ln                                  1.08
xa.x1.lp                                  1.08
xa.x1.lnb                          3.54019e-08
xa.x1.lpb                          3.72307e-08
xa.x1.na                               1.07433
doutb                                 0.597784
dout                                  0.582764
xa.x1.nb                               1.07526
doutn                                 0.539596
tcheck                                     -40
pa_00                                  355.737
bpa_00#branch                                0
btchk#branch                                 0
bdoutn#branch                                0
bclk#branch                        2.55625e-10
ean#branch                         1.11661e-13
eap#branch                         1.48714e-13
vclku#branch                                 0
vd#branch                                    0
vcm#branch                         2.60375e-13
vsup#branch                       -3.72627e-05


No. of Data Rows : 12135

  Measurements for Transient Analysis

dlev0               =  2.41889e-06
dlev1               =  -7.39995e-08
dlev2               =  -5.98419e-06
dlev3               =  1.79553e-08
dlev4               =  3.60426e-08
dlev5               =  -7.14984e-06
dlev6               =  -4.67333e-06
dlev7               =  -1.26825e-06
dlev8               =  -1.80655e-06
dlev9               =  -4.91520e-07
dlev10              =  -5.48324e-06
dlev11              =  -4.55932e-06
dlev12              =  -1.08805e-06
dlev13              =  -6.05843e-06
dlev14              =  -6.19720e-06
dlev15              =  -5.95411e-06
dlev16              =  -4.46887e-07
dlev17              =  1.00000e+00
dlev18              =  1.00000e+00
dlev19              =  9.99997e-01
dlev20              =  1.00000e+00
dlev21              =  1.00000e+00
dlev22              =  1.00000e+00
dlev23              =  1.00000e+00
dlev24              =  9.99998e-01
dlev25              =  9.99996e-01
dlev26              =  1.00000e+00
dlev27              =  1.00000e+00
dlev28              =  1.00000e+00
dlev29              =  1.00000e+00
dlev30              =  1.00000e+00
dlev31              =  1.00000e+00
dlev32              =  1.00000e+00
vdd_meas            =  1.08000e+00
temp_meas           =  -4.00000e+01
vbias_mv            =  3.55737e+02
lowcount            =  1.70001e+01
vos_mv              =  1.50018e+00

ngspice-46 done
