
Note: No compatibility mode selected!


Circuit: * klt sim -- generated corner deck, do not edit

Doing analysis at TEMP = 27.000000 and TNOM = 27.000000

Using SPARSE 1.3 as Direct Linear Solver

Initial Transient Solution
--------------------------

Node                                   Voltage
----                                   -------
vdd                                       1.32
cm                                         0.6
vd                                      -0.048
ap                                       0.576
an                                       0.624
clku                                         0
clk                                          0
ibn                                   0.355006
xa.x1.tmid                         8.36214e-08
xa.x1.tail                             0.60459
xa.x1.np                                  1.32
xa.x1.nn                                  1.32
xa.x1.ln                                  1.32
xa.x1.lp                                  1.32
xa.x1.lnb                          1.99258e-08
xa.x1.lpb                          2.10433e-08
xa.x1.na                                1.3024
doutb                                 0.673884
dout                                  0.672744
xa.x1.nb                               1.30196
doutn                                 0.509655
tcheck                                      27
pa_00                                  355.006
bpa_00#branch                                0
btchk#branch                                 0
bdoutn#branch                                0
bclk#branch                        1.33546e-10
ean#branch                         4.03677e-13
eap#branch                         5.10592e-13
vclku#branch                                 0
vd#branch                                    0
vcm#branch                         9.14269e-13
vsup#branch                       -8.81433e-05


No. of Data Rows : 12336

  Measurements for Transient Analysis

dlev0               =  -8.67525e-07
dlev1               =  8.86570e-07
dlev2               =  8.40020e-07
dlev3               =  7.61854e-07
dlev4               =  6.57768e-07
dlev5               =  6.01761e-07
dlev6               =  3.77039e-07
dlev7               =  -1.52556e-06
dlev8               =  -1.30991e-06
dlev9               =  -2.19535e-06
dlev10              =  -1.13811e-07
dlev11              =  2.93107e-07
dlev12              =  1.57413e-07
dlev13              =  1.18532e-07
dlev14              =  -1.15345e-06
dlev15              =  1.00000e+00
dlev16              =  9.99999e-01
dlev17              =  1.00000e+00
dlev18              =  1.00000e+00
dlev19              =  1.00000e+00
dlev20              =  1.00000e+00
dlev21              =  1.00000e+00
dlev22              =  9.99999e-01
dlev23              =  9.99999e-01
dlev24              =  9.99999e-01
dlev25              =  9.99999e-01
dlev26              =  9.99999e-01
dlev27              =  1.00000e+00
dlev28              =  1.00000e+00
dlev29              =  1.00000e+00
dlev30              =  1.00000e+00
dlev31              =  1.00000e+00
dlev32              =  1.00000e+00
vdd_meas            =  1.32000e+00
temp_meas           =  2.70000e+01
vbias_mv            =  3.55006e+02
lowcount            =  1.50000e+01
vos_mv              =  -4.49998e+00

ngspice-46 done
