
Note: No compatibility mode selected!


Circuit: * klt sim -- generated corner deck, do not edit

Doing analysis at TEMP = -40.000000 and TNOM = 27.000000

Using SPARSE 1.3 as Direct Linear Solver

Initial Transient Solution
--------------------------

Node                                   Voltage
----                                   -------
vdd                                       1.32
cm                                         0.6
vd                                      -0.048
ap                                       0.576
an                                       0.624
clku                                         0
clk                                          0
ibn                                   0.322827
xa.x1.tmid                         7.35824e-08
xa.x1.tail                            0.569965
xa.x1.np                                  1.32
xa.x1.nn                                  1.32
xa.x1.ln                                  1.32
xa.x1.lp                                  1.32
xa.x1.lnb                          3.45473e-08
xa.x1.lpb                          3.08723e-08
xa.x1.na                                  1.32
doutb                                     1.32
dout                               3.51208e-08
xa.x1.nb                                  1.32
doutn                              2.66067e-08
tcheck                                     -40
pa_00                                  322.827
bpa_00#branch                                0
btchk#branch                                 0
bdoutn#branch                                0
bclk#branch                        1.62796e-10
ean#branch                         1.68471e-12
eap#branch                          2.0999e-12
vclku#branch                                 0
vd#branch                                    0
vcm#branch                         3.78461e-12
vsup#branch                       -2.00008e-05


No. of Data Rows : 12347

  Measurements for Transient Analysis

dlev0               =  -2.14990e-06
dlev1               =  2.43292e-07
dlev2               =  3.97440e-07
dlev3               =  -1.56455e-06
dlev4               =  -1.73660e-06
dlev5               =  -2.25349e-06
dlev6               =  -2.30520e-06
dlev7               =  -1.92423e-06
dlev8               =  -1.80091e-06
dlev9               =  -2.02741e-06
dlev10              =  -2.47988e-06
dlev11              =  -4.22210e-06
dlev12              =  -2.32794e-06
dlev13              =  -3.61929e-06
dlev14              =  -3.60986e-06
dlev15              =  -8.95708e-07
dlev16              =  9.99996e-01
dlev17              =  9.99998e-01
dlev18              =  9.99997e-01
dlev19              =  9.99995e-01
dlev20              =  9.99997e-01
dlev21              =  9.99997e-01
dlev22              =  9.99997e-01
dlev23              =  9.99998e-01
dlev24              =  9.99998e-01
dlev25              =  9.99998e-01
dlev26              =  9.99998e-01
dlev27              =  9.99998e-01
dlev28              =  9.99998e-01
dlev29              =  1.00000e+00
dlev30              =  9.99999e-01
dlev31              =  1.00000e+00
dlev32              =  1.00000e+00
vdd_meas            =  1.32000e+00
temp_meas           =  -4.00000e+01
vbias_mv            =  3.22827e+02
lowcount            =  1.60001e+01
vos_mv              =  -1.49980e+00
vcm_meas            =  6.00000e-01

ngspice-46 done
