
Note: No compatibility mode selected!


Circuit: * klt sim -- generated corner deck, do not edit

Doing analysis at TEMP = 125.000000 and TNOM = 27.000000

Using SPARSE 1.3 as Direct Linear Solver

Initial Transient Solution
--------------------------

Node                                   Voltage
----                                   -------
vdd                                       1.32
cm                                         0.6
vd                                      -0.048
ap                                       0.576
an                                       0.624
clku                                         0
clk                                          0
ibn                                   0.206078
xa.x1.tmid                         0.000297567
xa.x1.tail                            0.580564
xa.x1.np                               1.31994
xa.x1.nn                               1.31979
xa.x1.ln                                  1.32
xa.x1.lp                                  1.32
xa.x1.lnb                          1.89848e-05
xa.x1.lpb                          2.26799e-05
xa.x1.na                                1.2706
doutb                                  0.67362
dout                                  0.671413
xa.x1.nb                               1.27052
doutn                                 0.508646
tcheck                                     125
pa_00                                  206.078
bpa_00#branch                                0
btchk#branch                                 0
bdoutn#branch                                0
bclk#branch                        2.22123e-09
ean#branch                         1.58133e-11
eap#branch                         1.96171e-11
vclku#branch                                 0
vd#branch                                    0
vcm#branch                         3.54304e-11
vsup#branch                       -0.000256645


No. of Data Rows : 12233

  Measurements for Transient Analysis

dlev0               =  1.57834e-05
dlev1               =  1.83987e-05
dlev2               =  1.79648e-05
dlev3               =  1.52466e-05
dlev4               =  1.44629e-05
dlev5               =  1.58036e-05
dlev6               =  1.84695e-05
dlev7               =  1.82182e-05
dlev8               =  1.84849e-05
dlev9               =  1.76191e-05
dlev10              =  1.57724e-05
dlev11              =  1.34555e-05
dlev12              =  1.85761e-05
dlev13              =  1.86031e-05
dlev14              =  1.36994e-05
dlev15              =  1.30958e-05
dlev16              =  1.55631e-05
dlev17              =  9.99984e-01
dlev18              =  9.99982e-01
dlev19              =  9.99982e-01
dlev20              =  9.99984e-01
dlev21              =  9.99982e-01
dlev22              =  9.99983e-01
dlev23              =  9.99983e-01
dlev24              =  9.99981e-01
dlev25              =  9.99983e-01
dlev26              =  9.99984e-01
dlev27              =  9.99984e-01
dlev28              =  9.99982e-01
dlev29              =  9.99984e-01
dlev30              =  9.99981e-01
dlev31              =  9.99981e-01
dlev32              =  9.99983e-01
vdd_meas            =  1.32000e+00
temp_meas           =  1.25000e+02
vbias_mv            =  2.06078e+02
lowcount            =  1.70000e+01
vos_mv              =  1.49999e+00

ngspice-46 done
