
Note: No compatibility mode selected!


Circuit: * klt sim -- generated corner deck, do not edit

Doing analysis at TEMP = 125.000000 and TNOM = 27.000000

Using SPARSE 1.3 as Direct Linear Solver

Initial Transient Solution
--------------------------

Node                                   Voltage
----                                   -------
vdd                                       1.08
cm                                         0.6
vd                                      -0.048
ap                                       0.576
an                                       0.624
clku                                         0
clk                                          0
ibn                                   0.272865
xa.x1.tmid                          3.8395e-05
xa.x1.tail                            0.579695
xa.x1.np                               1.07999
xa.x1.nn                               1.07997
xa.x1.ln                                  1.08
xa.x1.lp                                  1.08
xa.x1.lnb                          1.04435e-05
xa.x1.lpb                          1.14432e-05
xa.x1.na                               1.06089
doutb                                 0.596931
dout                                  0.591991
xa.x1.nb                               1.06151
doutn                                  0.54814
tcheck                                     125
pa_00                                  272.865
bpa_00#branch                                0
btchk#branch                                 0
bdoutn#branch                                0
bclk#branch                        6.13856e-10
ean#branch                         5.16226e-13
eap#branch                         6.87367e-13
vclku#branch                                 0
vd#branch                                    0
vcm#branch                         1.20359e-12
vsup#branch                       -8.74224e-05


No. of Data Rows : 12065

  Measurements for Transient Analysis

dlev0               =  1.17841e-05
dlev1               =  1.29657e-05
dlev2               =  1.28049e-05
dlev3               =  1.20107e-05
dlev4               =  1.09473e-05
dlev5               =  1.09533e-05
dlev6               =  1.15259e-05
dlev7               =  1.12229e-05
dlev8               =  1.14685e-05
dlev9               =  1.16501e-05
dlev10              =  1.20518e-05
dlev11              =  1.30905e-05
dlev12              =  1.27982e-05
dlev13              =  1.21707e-05
dlev14              =  1.17769e-05
dlev15              =  1.16202e-05
dlev16              =  1.17180e-05
dlev17              =  9.99998e-01
dlev18              =  9.99998e-01
dlev19              =  9.99998e-01
dlev20              =  9.99998e-01
dlev21              =  9.99998e-01
dlev22              =  9.99997e-01
dlev23              =  9.99998e-01
dlev24              =  9.99998e-01
dlev25              =  9.99997e-01
dlev26              =  9.99998e-01
dlev27              =  9.99998e-01
dlev28              =  9.99998e-01
dlev29              =  9.99998e-01
dlev30              =  9.99998e-01
dlev31              =  9.99998e-01
dlev32              =  9.99997e-01
vdd_meas            =  1.08000e+00
temp_meas           =  1.25000e+02
vbias_mv            =  2.72865e+02
lowcount            =  1.69998e+01
vos_mv              =  1.49950e+00

ngspice-46 done
