
Note: No compatibility mode selected!


Circuit: * klt sim -- generated corner deck, do not edit

Doing analysis at TEMP = 125.000000 and TNOM = 27.000000

Using SPARSE 1.3 as Direct Linear Solver

Initial Transient Solution
--------------------------

Node                                   Voltage
----                                   -------
vdd                                        1.2
cm                                         0.6
vd                                      -0.048
ap                                       0.576
an                                       0.624
clku                                         0
clk                                          0
ibn                                   0.228534
xa.x1.tmid                         0.000179762
xa.x1.tail                             0.57762
xa.x1.np                               1.19995
xa.x1.nn                               1.19981
xa.x1.ln                                   1.2
xa.x1.lp                                   1.2
xa.x1.lnb                            1.825e-06
xa.x1.lpb                          1.94894e-06
xa.x1.na                               1.19999
doutb                                  1.19999
dout                               2.08863e-06
xa.x1.nb                                   1.2
doutn                              1.74052e-06
tcheck                                     125
pa_00                                  228.534
bpa_00#branch                                0
btchk#branch                                 0
bdoutn#branch                                0
bclk#branch                        2.75338e-10
ean#branch                         4.33878e-12
eap#branch                         5.53496e-12
vclku#branch                                 0
vd#branch                                    0
vcm#branch                         9.87374e-12
vsup#branch                       -2.03268e-05


No. of Data Rows : 12181

  Measurements for Transient Analysis

dlev0               =  2.39234e-06
dlev1               =  2.28581e-06
dlev2               =  2.41049e-06
dlev3               =  1.74520e-06
dlev4               =  1.86003e-06
dlev5               =  2.01221e-06
dlev6               =  1.95168e-06
dlev7               =  1.72839e-06
dlev8               =  1.94261e-06
dlev9               =  1.71639e-06
dlev10              =  1.74077e-06
dlev11              =  2.23637e-06
dlev12              =  1.72159e-06
dlev13              =  1.73600e-06
dlev14              =  1.75210e-06
dlev15              =  2.05994e-06
dlev16              =  1.85442e-06
dlev17              =  9.99990e-01
dlev18              =  9.99990e-01
dlev19              =  9.99990e-01
dlev20              =  9.99990e-01
dlev21              =  9.99991e-01
dlev22              =  9.99990e-01
dlev23              =  9.99990e-01
dlev24              =  9.99990e-01
dlev25              =  9.99990e-01
dlev26              =  9.99990e-01
dlev27              =  9.99990e-01
dlev28              =  9.99990e-01
dlev29              =  9.99990e-01
dlev30              =  9.99990e-01
dlev31              =  9.99990e-01
dlev32              =  9.99991e-01
vdd_meas            =  1.20000e+00
temp_meas           =  1.25000e+02
vbias_mv            =  2.28534e+02
lowcount            =  1.70001e+01
vos_mv              =  1.50037e+00

ngspice-46 done
