
Note: No compatibility mode selected!


Circuit: * klt sim -- generated corner deck, do not edit

Doing analysis at TEMP = 125.000000 and TNOM = 27.000000

Using SPARSE 1.3 as Direct Linear Solver

Initial Transient Solution
--------------------------

Node                                   Voltage
----                                   -------
vdd                                       1.32
cm                                         0.6
vd                                      -0.048
ap                                       0.576
an                                       0.624
clku                                         0
clk                                          0
ibn                                   0.231261
xa.x1.tmid                         0.000107606
xa.x1.tail                            0.581235
xa.x1.np                               1.31998
xa.x1.nn                               1.31992
xa.x1.ln                                  1.32
xa.x1.lp                                  1.32
xa.x1.lnb                          3.69653e-06
xa.x1.lpb                          3.85544e-06
xa.x1.na                               1.31999
doutb                              6.13206e-06
dout                                   1.31999
xa.x1.nb                                  1.32
doutn                                 0.999995
tcheck                                     125
pa_00                                  231.261
bpa_00#branch                                0
btchk#branch                                 0
bdoutn#branch                                0
bclk#branch                         6.8175e-10
ean#branch                         3.76504e-12
eap#branch                         4.71351e-12
vclku#branch                                 0
vd#branch                                    0
vcm#branch                         8.47855e-12
vsup#branch                       -1.51878e-05


No. of Data Rows : 12204

  Measurements for Transient Analysis

dlev0               =  -2.47919e-07
dlev1               =  5.11308e-06
dlev2               =  4.32536e-06
dlev3               =  4.20089e-06
dlev4               =  4.42090e-06
dlev5               =  3.18826e-06
dlev6               =  3.39821e-06
dlev7               =  3.67063e-06
dlev8               =  -3.76148e-06
dlev9               =  4.01554e-06
dlev10              =  -3.16150e-06
dlev11              =  7.46097e-07
dlev12              =  1.17896e-06
dlev13              =  3.67005e-06
dlev14              =  3.66515e-06
dlev15              =  9.99995e-01
dlev16              =  9.99995e-01
dlev17              =  9.99995e-01
dlev18              =  9.99995e-01
dlev19              =  9.99996e-01
dlev20              =  9.99995e-01
dlev21              =  9.99995e-01
dlev22              =  9.99995e-01
dlev23              =  9.99996e-01
dlev24              =  9.99995e-01
dlev25              =  9.99996e-01
dlev26              =  9.99996e-01
dlev27              =  9.99996e-01
dlev28              =  9.99995e-01
dlev29              =  9.99995e-01
dlev30              =  9.99995e-01
dlev31              =  9.99995e-01
dlev32              =  9.99994e-01
vdd_meas            =  1.32000e+00
temp_meas           =  1.25000e+02
vbias_mv            =  2.31261e+02
lowcount            =  1.50000e+01
vos_mv              =  -4.49985e+00

ngspice-46 done
