
Note: No compatibility mode selected!


Circuit: * klt sim -- generated corner deck, do not edit

Doing analysis at TEMP = 27.000000 and TNOM = 27.000000

Using SPARSE 1.3 as Direct Linear Solver

Initial Transient Solution
--------------------------

Node                                   Voltage
----                                   -------
vdd                                       1.08
vdda                                      1.08
clku                                         0
clk                                          0
cm                                         0.6
sa                                       -0.05
apa                                      0.575
ana                                      0.625
ibna                                  0.331914
xa.x1.tmid                         3.53253e-07
xa.x1.tail                            0.565127
xa.x1.np                                  1.08
xa.x1.nn                                  1.08
xa.x1.ln                                  1.08
xa.x1.lp                                  1.08
xa.x1.lnb                          2.25924e-07
xa.x1.lpb                          2.25924e-07
xa.x1.na                               1.07023
doutba                                0.588461
douta                                 0.588461
xa.x1.nb                               1.07023
sb                                      -0.001
apb                                     0.5995
anb                                     0.6005
ibnb                                  0.331914
xb.x1.tmid                         3.50224e-07
xb.x1.tail                            0.557417
xb.x1.np                                  1.08
xb.x1.nn                                  1.08
xb.x1.ln                                  1.08
xb.x1.lp                                  1.08
xb.x1.lnb                          2.25924e-07
xb.x1.lpb                          2.25924e-07
xb.x1.na                               1.07023
doutbb                                0.588461
doutb                                 0.588461
xb.x1.nb                               1.07023
sc                                     -0.0001
apc                                    0.59995
anc                                    0.60005
ibnc                                  0.331914
xc.x1.tmid                         3.50223e-07
xc.x1.tail                            0.557413
xc.x1.np                                  1.08
xc.x1.nn                                  1.08
xc.x1.ln                                  1.08
xc.x1.lp                                  1.08
xc.x1.lnb                          2.25924e-07
xc.x1.lpb                          2.25924e-07
xc.x1.na                               1.07023
doutbc                                0.588461
doutc                                 0.588461
xc.x1.nb                               1.07023
clkn                                         0
dan                                   0.544872
dbn                                   0.544872
dcn                                   0.544872
tcheck                                      27
pa_00                              6.25474e-05
bpa_00#branch                                0
vsupa#branch                      -5.79142e-05
btchk#branch                                 0
bdcn#branch                                  0
bdbn#branch                                  0
bdan#branch                                  0
bclkn#branch                                 0
bclk#branch                        1.15486e-09
eanc#branch                        1.77164e-13
eapc#branch                        1.77275e-13
eanb#branch                        1.76692e-13
eapb#branch                        1.77747e-13
eana#branch                        1.52267e-13
eapa#branch                         2.0553e-13
vsc#branch                                   0
vsb#branch                                   0
vsa#branch                                   0
vcm#branch                         1.06667e-12
vclku#branch                                 0
vsup#branch                       -0.000115828


No. of Data Rows : 12042

  Measurements for Transient Analysis

vdd_meas            =  1.08000e+00
vdda_meas           =  1.08000e+00
temp_meas           =  2.70000e+01
td_a                =  7.28945e-10 targ=  4.07789e-08 trig=  4.00500e-08
td_b                =  1.03359e-09 targ=  4.10836e-08 trig=  4.00500e-08
td_c                =  1.21363e-09 targ=  4.12636e-08 trig=  4.00500e-08
dout_od50_first     =  4.94911e-06
dout_od1_first      =  4.72037e-06
dout_od01_first     =  2.80561e-08
dout_od50_end       =  1.00000e+00
dout_od1_end        =  1.00000e+00
dout_od01_end       =  1.00000e+00
td_od50_ns          =  7.28945e-01
td_od1_ns           =  1.03359e+00
td_od01_ns          =  1.21363e+00
tau_ps              =  7.81876e+01
resolve_decades     =  1.32194e+01
i_stat              =  -2.02395e-05 from=  2.50000e-08 to=  2.90025e-08
i_static_ua         =  2.02395e+01
p_avg               =  2.75641e-05 from=  3.00000e-08 to=  6.00000e-08
p_avg_uw            =  2.75641e+01
vref_v              =  3.31914e-01
tmid_eval_v         =  1.59975e-01

ngspice-46 done
