
Note: No compatibility mode selected!


Circuit: * klt sim -- generated corner deck, do not edit

Doing analysis at TEMP = 125.000000 and TNOM = 27.000000

Using SPARSE 1.3 as Direct Linear Solver

Initial Transient Solution
--------------------------

Node                                   Voltage
----                                   -------
vdd                                        1.2
cm                                         0.6
vd                                      -0.048
ap                                       0.576
an                                       0.624
clku                                         0
clk                                          0
ibn                                   0.160195
xa.x1.tmid                         0.000504055
xa.x1.tail                            0.574719
xa.x1.np                               1.19992
xa.x1.nn                               1.19977
xa.x1.ln                                   1.2
xa.x1.lp                                   1.2
xa.x1.lnb                           2.0202e-05
xa.x1.lpb                          2.13206e-05
xa.x1.na                               1.15973
doutb                                 0.615813
dout                                  0.614156
xa.x1.nb                               1.16394
doutn                                 0.511797
tcheck                                     125
pa_00                                  160.195
bpa_00#branch                                0
btchk#branch                                 0
bdoutn#branch                                0
bclk#branch                        1.60041e-09
ean#branch                         9.01343e-12
eap#branch                         1.14468e-11
vclku#branch                                 0
vd#branch                                    0
vcm#branch                         2.04602e-11
vsup#branch                       -0.000182222


No. of Data Rows : 12083

  Measurements for Transient Analysis

dlev0               =  1.38405e-05
dlev1               =  1.34204e-05
dlev2               =  1.42219e-05
dlev3               =  1.56337e-05
dlev4               =  1.48176e-05
dlev5               =  1.63278e-05
dlev6               =  1.97175e-05
dlev7               =  1.92165e-05
dlev8               =  1.32017e-05
dlev9               =  1.32194e-05
dlev10              =  1.92279e-05
dlev11              =  1.87116e-05
dlev12              =  1.38450e-05
dlev13              =  1.33031e-05
dlev14              =  1.32291e-05
dlev15              =  1.92928e-05
dlev16              =  9.99979e-01
dlev17              =  9.99982e-01
dlev18              =  9.99979e-01
dlev19              =  9.99979e-01
dlev20              =  9.99981e-01
dlev21              =  9.99980e-01
dlev22              =  9.99980e-01
dlev23              =  9.99980e-01
dlev24              =  9.99979e-01
dlev25              =  9.99979e-01
dlev26              =  9.99979e-01
dlev27              =  9.99979e-01
dlev28              =  9.99979e-01
dlev29              =  9.99979e-01
dlev30              =  9.99980e-01
dlev31              =  9.99980e-01
dlev32              =  9.99981e-01
vdd_meas            =  1.20000e+00
temp_meas           =  1.25000e+02
vbias_mv            =  1.60195e+02
lowcount            =  1.60001e+01
vos_mv              =  -1.49972e+00

ngspice-46 done
