
Note: No compatibility mode selected!


Circuit: * klt sim -- generated corner deck, do not edit

Doing analysis at TEMP = 125.000000 and TNOM = 27.000000

Using SPARSE 1.3 as Direct Linear Solver

Initial Transient Solution
--------------------------

Node                                   Voltage
----                                   -------
vdd                                       1.08
cm                                         0.6
vd                                      -0.048
ap                                       0.576
an                                       0.624
clku                                         0
clk                                          0
ibn                                   0.184543
xa.x1.tmid                         0.000263179
xa.x1.tail                            0.571526
xa.x1.np                               1.07994
xa.x1.nn                               1.07979
xa.x1.ln                                  1.08
xa.x1.lp                                  1.08
xa.x1.lnb                          1.51823e-06
xa.x1.lpb                          1.69294e-06
xa.x1.na                               1.07999
doutb                                  1.07998
dout                               2.26761e-06
xa.x1.nb                                  1.08
doutn                              2.09964e-06
tcheck                                     125
pa_00                                  184.543
bpa_00#branch                                0
btchk#branch                                 0
bdoutn#branch                                0
bclk#branch                        1.95454e-10
ean#branch                          2.2847e-12
eap#branch                          3.0215e-12
vclku#branch                                 0
vd#branch                                    0
vcm#branch                          5.3062e-12
vsup#branch                       -1.03209e-05


No. of Data Rows : 11983

  Measurements for Transient Analysis

dlev0               =  1.62230e-06
dlev1               =  2.98605e-06
dlev2               =  3.07412e-06
dlev3               =  2.28311e-06
dlev4               =  2.10501e-06
dlev5               =  2.67083e-07
dlev6               =  2.79374e-06
dlev7               =  2.11063e-06
dlev8               =  3.61881e-06
dlev9               =  3.17978e-06
dlev10              =  3.10840e-06
dlev11              =  3.01013e-06
dlev12              =  2.30839e-06
dlev13              =  3.18457e-06
dlev14              =  3.70315e-06
dlev15              =  2.69233e-06
dlev16              =  1.05586e-06
dlev17              =  9.99986e-01
dlev18              =  9.99986e-01
dlev19              =  9.99986e-01
dlev20              =  9.99985e-01
dlev21              =  9.99985e-01
dlev22              =  9.99986e-01
dlev23              =  9.99986e-01
dlev24              =  9.99986e-01
dlev25              =  9.99986e-01
dlev26              =  9.99984e-01
dlev27              =  9.99986e-01
dlev28              =  9.99984e-01
dlev29              =  9.99985e-01
dlev30              =  9.99986e-01
dlev31              =  9.99986e-01
dlev32              =  9.99986e-01
vdd_meas            =  1.08000e+00
temp_meas           =  1.25000e+02
vbias_mv            =  1.84543e+02
lowcount            =  1.70002e+01
vos_mv              =  1.50057e+00

ngspice-46 done
