
Note: No compatibility mode selected!


Circuit: * klt sim -- generated corner deck, do not edit

Doing analysis at TEMP = -40.000000 and TNOM = 27.000000

Using SPARSE 1.3 as Direct Linear Solver

Initial Transient Solution
--------------------------

Node                                   Voltage
----                                   -------
vdd                                       1.08
cm                                         0.6
clku                                         0
clk                                          0
sa                                       0.001
asp                                     0.6005
asn                                     0.5995
apa                                     0.6005
ana                                     0.5995
apa_pin                                 0.6005
ana_pin                                 0.5995
ibna                                  0.344918
xa.x1.tmid                         9.93106e-09
xa.x1.tail                            0.582477
xa.x1.np                                  1.08
xa.x1.nn                                  1.08
xa.x1.ln                                  1.08
xa.x1.lp                                  1.08
xa.x1.lnb                          2.09783e-08
xa.x1.lpb                          2.09783e-08
xa.x1.na                               1.07407
doutba                                0.558791
douta                                 0.558791
xa.x1.nb                               1.07407
qp                                -0.000270905
qn                                -0.000272508
sb                                       0.001
bsp                                     0.6005
bsn                                     0.5995
bpp                                    0.60077
bpn                                   0.599772
ibnb                                  0.344918
xb.x1.tmid                         9.93325e-09
xb.x1.tail                            0.582709
xb.x1.np                                  1.08
xb.x1.nn                                  1.08
xb.x1.ln                                  1.08
xb.x1.lp                                  1.08
xb.x1.lnb                          2.09783e-08
xb.x1.lpb                          2.09783e-08
xb.x1.na                               1.07407
doutbb                                0.558791
doutb                                 0.558791
xb.x1.nb                               1.07407
sc                                         0.1
csp                                       0.65
csn                                       0.55
cpp                                   0.650201
cpn                                   0.550362
ibnc                                  0.344918
xc.x1.tmid                         1.01989e-08
xc.x1.tail                            0.610977
xc.x1.np                                  1.08
xc.x1.nn                                  1.08
xc.x1.ln                                  1.08
xc.x1.lp                                  1.08
xc.x1.lnb                          2.09783e-08
xc.x1.lpb                          2.09783e-08
xc.x1.na                               1.07407
doutbc                                0.558791
doutc                                 0.558791
xc.x1.nb                               1.07407
ad                                 2.70905e-10
bd                                  0.00099843
cd                                   0.0998391
bc                                 0.000271276
dan                                   0.517399
dbn                                   0.517399
dcn                                   0.517399
tcheck                                     -40
btchk#branch                                 0
bdcn#branch                                  0
bdbn#branch                                  0
bdan#branch                                  0
bbc#branch                                   0
bcd#branch                                   0
bbd#branch                                   0
bad#branch                                   0
vkn#branch                        -2.72508e-13
vkp#branch                        -2.70905e-13
bclk#branch                        4.28852e-10
ecsn#branch                        3.62289e-13
ecsp#branch                        2.01352e-13
ebsn#branch                        2.72061e-13
ebsp#branch                        2.70491e-13
easn#branch                        2.72508e-13
easp#branch                        2.70905e-13
vsc#branch                                   0
vsb#branch                                   0
vsa#branch                                   0
vclku#branch                                 0
vcm#branch                         1.64961e-12
vsup#branch                       -0.000126742


No. of Data Rows : 12069

  Measurements for Transient Analysis

vdd_meas            =  1.08000e+00
temp_meas           =  -4.00000e+01
ad_pos              =  1.03513e-01 at=  4.02538e-08
ad_neg              =  -3.25567e-02 at=  3.02964e-08
kick_1k_peak_mv     =  1.03513e+02
kick_1k_pos_mv      =  1.03513e+02
kick_1k_neg_mv      =  -3.25567e+01
qp29                =  -2.70905e-04
qpmax               =  2.29898e-02 at=  4.01588e-08
qpmin               =  -1.51556e-03 at=  3.00541e-08
qkick_p_fc          =  2.32607e+01
qn29                =  -2.72508e-04
qnmax               =  2.30596e-02 at=  4.01638e-08
qnmin               =  -1.51703e-03 at=  3.00541e-08
qkick_n_fc          =  2.33321e+01
qkick_fc            =  2.33321e+01
bd0                 =  9.98430e-04
bd1                 =  9.98633e-04
cd0                 =  9.98391e-02
cd1                 =  9.98257e-02
kick_sigdep_uv      =  1.35563e+01
bc0                 =  2.71276e-04
bc1                 =  -1.02883e-03
kick_cm_uv          =  -1.30011e+03
dout_1k_end         =  1.00000e+00
dout_float_small_end=  1.00000e+00
dout_float_big_end  =  1.00000e+00

ngspice-46 done
