
Note: No compatibility mode selected!


Circuit: * klt sim -- generated corner deck, do not edit

Doing analysis at TEMP = 27.000000 and TNOM = 27.000000

Using SPARSE 1.3 as Direct Linear Solver

Initial Transient Solution
--------------------------

Node                                   Voltage
----                                   -------
vdd                                       1.08
cm                                         0.6
vd                                      -0.048
ap                                       0.576
an                                       0.624
clku                                         0
clk                                          0
ibn                                   0.264394
xa.x1.tmid                         7.53823e-06
xa.x1.tail                            0.572587
xa.x1.np                                  1.08
xa.x1.nn                               1.07999
xa.x1.ln                                  1.08
xa.x1.lp                                  1.08
xa.x1.lnb                           5.9472e-07
xa.x1.lpb                          5.73466e-07
xa.x1.na                               1.06453
doutb                                 0.567256
dout                                  0.564701
xa.x1.nb                               1.06403
doutn                                 0.522872
tcheck                                      27
pa_00                                  264.394
bpa_00#branch                                0
btchk#branch                                 0
bdoutn#branch                                0
bclk#branch                        7.04653e-10
ean#branch                         2.15652e-12
eap#branch                         2.82671e-12
vclku#branch                                 0
vd#branch                                    0
vcm#branch                         4.98324e-12
vsup#branch                       -8.98541e-05


No. of Data Rows : 12193

  Measurements for Transient Analysis

dlev0               =  5.01941e-07
dlev1               =  2.73819e-06
dlev2               =  3.13999e-06
dlev3               =  3.53928e-06
dlev4               =  3.22074e-06
dlev5               =  3.51176e-06
dlev6               =  2.08498e-06
dlev7               =  6.65938e-07
dlev8               =  1.25989e-06
dlev9               =  6.56302e-07
dlev10              =  2.81562e-07
dlev11              =  2.79853e-06
dlev12              =  1.28259e-06
dlev13              =  1.35168e-06
dlev14              =  2.89914e-06
dlev15              =  2.42890e-06
dlev16              =  6.25491e-07
dlev17              =  2.29123e-07
dlev18              =  8.93029e-07
dlev19              =  9.99999e-01
dlev20              =  9.99999e-01
dlev21              =  1.00000e+00
dlev22              =  1.00000e+00
dlev23              =  1.00000e+00
dlev24              =  1.00000e+00
dlev25              =  1.00000e+00
dlev26              =  1.00000e+00
dlev27              =  1.00000e+00
dlev28              =  1.00000e+00
dlev29              =  1.00000e+00
dlev30              =  1.00000e+00
dlev31              =  1.00000e+00
dlev32              =  1.00000e+00
vdd_meas            =  1.08000e+00
temp_meas           =  2.70000e+01
vbias_mv            =  2.64394e+02
lowcount            =  1.90000e+01
vos_mv              =  7.49986e+00

ngspice-46 done
