
Note: No compatibility mode selected!


Circuit: * klt sim -- generated corner deck, do not edit

Doing analysis at TEMP = 125.000000 and TNOM = 27.000000

Using SPARSE 1.3 as Direct Linear Solver

Initial Transient Solution
--------------------------

Node                                   Voltage
----                                   -------
vdd                                       1.32
cm                                         0.6
vd                                      -0.048
ap                                       0.576
an                                       0.624
clku                                         0
clk                                          0
ibn                                   0.227973
xa.x1.tmid                          0.00016559
xa.x1.tail                            0.579606
xa.x1.np                               1.31995
xa.x1.nn                               1.31985
xa.x1.ln                                  1.32
xa.x1.lp                                  1.32
xa.x1.lnb                          1.76785e-06
xa.x1.lpb                          1.65484e-06
xa.x1.na                                  1.32
doutb                              2.30025e-06
dout                                   1.31999
xa.x1.nb                               1.31999
doutn                                  0.99999
tcheck                                     125
pa_00                                  227.973
bpa_00#branch                                0
btchk#branch                                 0
bdoutn#branch                                0
bclk#branch                        3.83141e-10
ean#branch                         7.71941e-12
eap#branch                         9.60948e-12
vclku#branch                                 0
vd#branch                                    0
vcm#branch                         1.73289e-11
vsup#branch                       -2.03091e-05


No. of Data Rows : 12261

  Measurements for Transient Analysis

dlev0               =  9.57850e-08
dlev1               =  2.62145e-06
dlev2               =  2.91960e-06
dlev3               =  2.24294e-06
dlev4               =  -2.70349e-06
dlev5               =  -2.78880e-06
dlev6               =  8.48471e-07
dlev7               =  2.53476e-06
dlev8               =  -1.65441e-06
dlev9               =  -3.72393e-07
dlev10              =  3.39543e-07
dlev11              =  -9.61777e-07
dlev12              =  1.60305e-06
dlev13              =  2.01874e-07
dlev14              =  1.44499e-06
dlev15              =  1.01543e-07
dlev16              =  9.99989e-01
dlev17              =  9.99990e-01
dlev18              =  9.99990e-01
dlev19              =  9.99990e-01
dlev20              =  9.99990e-01
dlev21              =  9.99989e-01
dlev22              =  9.99990e-01
dlev23              =  9.99988e-01
dlev24              =  9.99990e-01
dlev25              =  9.99990e-01
dlev26              =  9.99989e-01
dlev27              =  9.99990e-01
dlev28              =  9.99989e-01
dlev29              =  9.99988e-01
dlev30              =  9.99988e-01
dlev31              =  9.99989e-01
dlev32              =  9.99991e-01
vdd_meas            =  1.32000e+00
temp_meas           =  1.25000e+02
vbias_mv            =  2.27973e+02
lowcount            =  1.60002e+01
vos_mv              =  -1.49948e+00

ngspice-46 done
