
Note: No compatibility mode selected!


Circuit: * klt sim -- generated corner deck, do not edit

Doing analysis at TEMP = 27.000000 and TNOM = 27.000000

Using SPARSE 1.3 as Direct Linear Solver

Initial Transient Solution
--------------------------

Node                                   Voltage
----                                   -------
vdd                                       1.32
cm                                         0.6
vd                                      -0.048
ap                                       0.576
an                                       0.624
clku                                         0
clk                                          0
ibn                                   0.285604
xa.x1.tmid                         3.40254e-06
xa.x1.tail                             0.57639
xa.x1.np                                  1.32
xa.x1.nn                                  1.32
xa.x1.ln                                  1.32
xa.x1.lp                                  1.32
xa.x1.lnb                           6.8478e-08
xa.x1.lpb                          7.30644e-08
xa.x1.na                                  1.32
doutb                               7.8224e-08
dout                                      1.32
xa.x1.nb                                  1.32
doutn                                        1
tcheck                                      27
pa_00                                  285.604
bpa_00#branch                                0
btchk#branch                                 0
bdoutn#branch                                0
bclk#branch                        2.45428e-10
ean#branch                         3.46703e-12
eap#branch                         4.31971e-12
vclku#branch                                 0
vd#branch                                    0
vcm#branch                         7.78674e-12
vsup#branch                       -2.00088e-05


No. of Data Rows : 12308

  Measurements for Transient Analysis

dlev0               =  -5.92193e-07
dlev1               =  -3.47625e-06
dlev2               =  -3.89561e-06
dlev3               =  -4.51211e-07
dlev4               =  -1.84179e-08
dlev5               =  -3.36925e-06
dlev6               =  -3.27752e-06
dlev7               =  4.83270e-08
dlev8               =  -1.06755e-06
dlev9               =  -1.46257e-07
dlev10              =  -2.91027e-06
dlev11              =  -3.10846e-06
dlev12              =  -2.78788e-07
dlev13              =  -2.88570e-07
dlev14              =  -1.55202e-06
dlev15              =  1.00000e+00
dlev16              =  1.00000e+00
dlev17              =  1.00000e+00
dlev18              =  1.00000e+00
dlev19              =  1.00000e+00
dlev20              =  1.00000e+00
dlev21              =  1.00000e+00
dlev22              =  1.00000e+00
dlev23              =  1.00000e+00
dlev24              =  1.00000e+00
dlev25              =  9.99998e-01
dlev26              =  9.99999e-01
dlev27              =  9.99998e-01
dlev28              =  9.99998e-01
dlev29              =  9.99998e-01
dlev30              =  1.00000e+00
dlev31              =  9.99998e-01
dlev32              =  1.00000e+00
vdd_meas            =  1.32000e+00
temp_meas           =  2.70000e+01
vbias_mv            =  2.85604e+02
lowcount            =  1.50000e+01
vos_mv              =  -4.49989e+00

ngspice-46 done
