
Note: No compatibility mode selected!


Circuit: * klt sim -- generated corner deck, do not edit

Doing analysis at TEMP = 27.000000 and TNOM = 27.000000

Using SPARSE 1.3 as Direct Linear Solver

Initial Transient Solution
--------------------------

Node                                   Voltage
----                                   -------
vdd                                        1.2
cm                                        0.55
vd                                      -0.048
ap                                       0.526
an                                       0.574
clku                                         0
clk                                          0
ibn                                   0.264511
xa.x1.tmid                         6.94941e-06
xa.x1.tail                             0.53136
xa.x1.np                                   1.2
xa.x1.nn                               1.19999
xa.x1.ln                                   1.2
xa.x1.lp                                   1.2
xa.x1.lnb                          6.59284e-07
xa.x1.lpb                          5.28645e-07
xa.x1.na                               1.17372
doutb                                 0.614444
dout                                  0.609208
xa.x1.nb                               1.17301
doutn                                 0.507674
tcheck                                      27
pa_00                                  264.511
bpa_00#branch                                0
btchk#branch                                 0
bdoutn#branch                                0
bclk#branch                         1.0038e-09
ean#branch                         5.14927e-12
eap#branch                          6.4577e-12
vclku#branch                                 0
vd#branch                                    0
vcm#branch                          1.1607e-11
vsup#branch                       -0.000149742


No. of Data Rows : 12253

  Measurements for Transient Analysis

dlev0               =  -1.71713e-06
dlev1               =  -3.74900e-06
dlev2               =  -3.55545e-06
dlev3               =  -3.43976e-06
dlev4               =  2.83301e-06
dlev5               =  -3.60983e-06
dlev6               =  -3.00926e-06
dlev7               =  -5.18374e-07
dlev8               =  -2.38661e-06
dlev9               =  -4.01290e-06
dlev10              =  -3.36510e-06
dlev11              =  1.37226e-06
dlev12              =  -1.31943e-06
dlev13              =  -1.93349e-06
dlev14              =  4.02662e-06
dlev15              =  3.79242e-06
dlev16              =  9.99999e-01
dlev17              =  9.99998e-01
dlev18              =  9.99999e-01
dlev19              =  9.99999e-01
dlev20              =  9.99998e-01
dlev21              =  9.99999e-01
dlev22              =  9.99999e-01
dlev23              =  9.99998e-01
dlev24              =  9.99999e-01
dlev25              =  9.99999e-01
dlev26              =  9.99999e-01
dlev27              =  9.99999e-01
dlev28              =  9.99999e-01
dlev29              =  9.99999e-01
dlev30              =  9.99999e-01
dlev31              =  1.00000e+00
dlev32              =  1.00000e+00
vdd_meas            =  1.20000e+00
temp_meas           =  2.70000e+01
vbias_mv            =  2.64511e+02
lowcount            =  1.60000e+01
vos_mv              =  -1.49988e+00
vcm_meas            =  5.50000e-01

ngspice-46 done
