
Note: No compatibility mode selected!


Circuit: * klt sim -- generated corner deck, do not edit

Doing analysis at TEMP = 125.000000 and TNOM = 27.000000

Using SPARSE 1.3 as Direct Linear Solver

Initial Transient Solution
--------------------------

Node                                   Voltage
----                                   -------
vdd                                       1.08
cm                                         0.6
vd                                      -0.048
ap                                       0.576
an                                       0.624
clku                                         0
clk                                          0
ibn                                   0.248222
xa.x1.tmid                          8.7669e-05
xa.x1.tail                            0.576976
xa.x1.np                               1.07997
xa.x1.nn                               1.07991
xa.x1.ln                                  1.08
xa.x1.lp                                  1.08
xa.x1.lnb                          4.12143e-06
xa.x1.lpb                          3.78691e-06
xa.x1.na                               1.05847
doutb                                 0.553849
dout                                  0.562504
xa.x1.nb                               1.05889
doutn                                 0.520837
tcheck                                     125
pa_00                                  248.222
bpa_00#branch                                0
btchk#branch                                 0
bdoutn#branch                                0
bclk#branch                        3.36713e-10
ean#branch                         1.08755e-12
eap#branch                         1.44201e-12
vclku#branch                                 0
vd#branch                                    0
vcm#branch                         2.52956e-12
vsup#branch                       -8.77664e-05


No. of Data Rows : 12059

  Measurements for Transient Analysis

dlev0               =  4.18259e-06
dlev1               =  4.84985e-06
dlev2               =  4.80514e-06
dlev3               =  5.16574e-06
dlev4               =  5.18748e-06
dlev5               =  5.17053e-06
dlev6               =  4.90524e-06
dlev7               =  4.92434e-06
dlev8               =  4.91714e-06
dlev9               =  5.27080e-06
dlev10              =  5.24193e-06
dlev11              =  5.24252e-06
dlev12              =  5.19893e-06
dlev13              =  5.19283e-06
dlev14              =  5.46113e-06
dlev15              =  4.98399e-06
dlev16              =  5.01924e-06
dlev17              =  9.99994e-01
dlev18              =  9.99994e-01
dlev19              =  9.99994e-01
dlev20              =  9.99995e-01
dlev21              =  9.99994e-01
dlev22              =  9.99994e-01
dlev23              =  9.99994e-01
dlev24              =  9.99994e-01
dlev25              =  9.99994e-01
dlev26              =  9.99994e-01
dlev27              =  9.99994e-01
dlev28              =  9.99994e-01
dlev29              =  9.99994e-01
dlev30              =  9.99994e-01
dlev31              =  9.99994e-01
dlev32              =  9.99993e-01
vdd_meas            =  1.08000e+00
temp_meas           =  1.25000e+02
vbias_mv            =  2.48222e+02
lowcount            =  1.70000e+01
vos_mv              =  1.50004e+00

ngspice-46 done
