
Note: No compatibility mode selected!


Circuit: * klt sim -- generated corner deck, do not edit

Doing analysis at TEMP = -40.000000 and TNOM = 27.000000

Using SPARSE 1.3 as Direct Linear Solver

Initial Transient Solution
--------------------------

Node                                   Voltage
----                                   -------
vdd                                        1.2
cm                                        0.65
vd                                      -0.048
ap                                       0.626
an                                       0.674
clku                                         0
clk                                          0
ibn                                   0.343455
xa.x1.tmid                         2.65636e-08
xa.x1.tail                            0.614355
xa.x1.np                                   1.2
xa.x1.nn                                   1.2
xa.x1.ln                                   1.2
xa.x1.lp                                   1.2
xa.x1.lnb                          2.70027e-08
xa.x1.lpb                           2.6408e-08
xa.x1.na                                   1.2
doutb                              2.74169e-08
dout                                       1.2
xa.x1.nb                                   1.2
doutn                                        1
tcheck                                     -40
pa_00                                  343.455
bpa_00#branch                                0
btchk#branch                                 0
bdoutn#branch                                0
bclk#branch                        2.06515e-10
ean#branch                         3.48166e-13
eap#branch                         4.51778e-13
vclku#branch                                 0
vd#branch                                    0
vcm#branch                         7.99943e-13
vsup#branch                       -2.00005e-05


No. of Data Rows : 12270

  Measurements for Transient Analysis

dlev0               =  -1.62643e-06
dlev1               =  -3.80573e-07
dlev2               =  -3.73273e-07
dlev3               =  -4.83192e-07
dlev4               =  -3.69299e-07
dlev5               =  2.06104e-07
dlev6               =  6.58437e-08
dlev7               =  2.83446e-07
dlev8               =  -8.61606e-06
dlev9               =  -8.62285e-06
dlev10              =  2.07849e-07
dlev11              =  -8.51642e-06
dlev12              =  -1.04430e-06
dlev13              =  7.61519e-08
dlev14              =  8.28216e-08
dlev15              =  -4.16356e-06
dlev16              =  1.00000e+00
dlev17              =  1.00000e+00
dlev18              =  9.99998e-01
dlev19              =  1.00000e+00
dlev20              =  1.00000e+00
dlev21              =  9.99998e-01
dlev22              =  1.00000e+00
dlev23              =  1.00000e+00
dlev24              =  1.00000e+00
dlev25              =  1.00000e+00
dlev26              =  9.99998e-01
dlev27              =  9.99998e-01
dlev28              =  9.99998e-01
dlev29              =  9.99998e-01
dlev30              =  9.99999e-01
dlev31              =  9.99999e-01
dlev32              =  9.99999e-01
vdd_meas            =  1.20000e+00
temp_meas           =  -4.00000e+01
vbias_mv            =  3.43455e+02
lowcount            =  1.60000e+01
vos_mv              =  -1.49988e+00
vcm_meas            =  6.50000e-01

ngspice-46 done
