
Note: No compatibility mode selected!


Circuit: * klt sim -- generated corner deck, do not edit

Doing analysis at TEMP = -40.000000 and TNOM = 27.000000

Using SPARSE 1.3 as Direct Linear Solver

Initial Transient Solution
--------------------------

Node                                   Voltage
----                                   -------
vdd                                       1.32
cm                                         0.6
vd                                      -0.048
ap                                       0.576
an                                       0.624
clku                                         0
clk                                          0
ibn                                   0.290189
xa.x1.tmid                         2.54115e-07
xa.x1.tail                            0.568793
xa.x1.np                                  1.32
xa.x1.nn                                  1.32
xa.x1.ln                                  1.32
xa.x1.lp                                  1.32
xa.x1.lnb                          1.27816e-07
xa.x1.lpb                          1.29638e-07
xa.x1.na                                  1.32
doutb                                     1.32
dout                               1.41273e-07
xa.x1.nb                                  1.32
doutn                              1.07025e-07
tcheck                                     -40
pa_00                                  290.189
bpa_00#branch                                0
btchk#branch                                 0
bdoutn#branch                                0
bclk#branch                        8.91145e-10
ean#branch                         3.44558e-12
eap#branch                         4.27716e-12
vclku#branch                                 0
vd#branch                                    0
vcm#branch                         7.72274e-12
vsup#branch                       -1.50029e-05


No. of Data Rows : 12395

  Measurements for Transient Analysis

dlev0               =  3.80154e-06
dlev1               =  -3.65123e-06
dlev2               =  2.04208e-06
dlev3               =  1.93626e-06
dlev4               =  -9.74637e-07
dlev5               =  -1.27529e-06
dlev6               =  4.28425e-06
dlev7               =  2.78164e-06
dlev8               =  4.45554e-07
dlev9               =  3.79303e-06
dlev10              =  2.76818e-06
dlev11              =  2.04914e-06
dlev12              =  2.94374e-06
dlev13              =  2.42818e-06
dlev14              =  4.29476e-06
dlev15              =  2.51373e-06
dlev16              =  2.65363e-06
dlev17              =  1.00000e+00
dlev18              =  9.99998e-01
dlev19              =  1.00000e+00
dlev20              =  1.00000e+00
dlev21              =  9.99999e-01
dlev22              =  9.99999e-01
dlev23              =  9.99998e-01
dlev24              =  1.00000e+00
dlev25              =  9.99999e-01
dlev26              =  9.99999e-01
dlev27              =  1.00000e+00
dlev28              =  1.00000e+00
dlev29              =  9.99997e-01
dlev30              =  1.00000e+00
dlev31              =  9.99999e-01
dlev32              =  9.99999e-01
vdd_meas            =  1.32000e+00
temp_meas           =  -4.00000e+01
vbias_mv            =  2.90189e+02
lowcount            =  1.70000e+01
vos_mv              =  1.49991e+00

ngspice-46 done
