
Note: No compatibility mode selected!


Circuit: * klt sim -- generated corner deck, do not edit

Doing analysis at TEMP = 125.000000 and TNOM = 27.000000

Using SPARSE 1.3 as Direct Linear Solver

Initial Transient Solution
--------------------------

Node                                   Voltage
----                                   -------
vdd                                       1.08
cm                                         0.6
vd                                      -0.048
ap                                       0.576
an                                       0.624
clku                                         0
clk                                          0
ibn                                    0.22955
xa.x1.tmid                         5.58931e-05
xa.x1.tail                            0.581851
xa.x1.np                               1.07999
xa.x1.nn                               1.07997
xa.x1.ln                                  1.08
xa.x1.lp                                  1.08
xa.x1.lnb                          9.38553e-06
xa.x1.lpb                          1.01354e-05
xa.x1.na                               1.06222
doutb                                 0.587811
dout                                  0.595597
xa.x1.nb                               1.06101
doutn                                 0.551479
tcheck                                     125
pa_00                                   229.55
bpa_00#branch                                0
btchk#branch                                 0
bdoutn#branch                                0
bclk#branch                        6.08828e-10
ean#branch                         5.17336e-13
eap#branch                         6.88088e-13
vclku#branch                                 0
vd#branch                                    0
vcm#branch                         1.20542e-12
vsup#branch                       -7.80145e-05


No. of Data Rows : 11956

  Measurements for Transient Analysis

dlev0               =  1.13239e-05
dlev1               =  1.22746e-05
dlev2               =  1.23649e-05
dlev3               =  1.07757e-05
dlev4               =  1.06687e-05
dlev5               =  1.07565e-05
dlev6               =  1.18236e-05
dlev7               =  1.13071e-05
dlev8               =  1.20774e-05
dlev9               =  1.23102e-05
dlev10              =  1.08754e-05
dlev11              =  1.09514e-05
dlev12              =  1.13509e-05
dlev13              =  1.15590e-05
dlev14              =  1.24988e-05
dlev15              =  1.15053e-05
dlev16              =  9.99998e-01
dlev17              =  9.99998e-01
dlev18              =  9.99998e-01
dlev19              =  9.99998e-01
dlev20              =  9.99998e-01
dlev21              =  9.99998e-01
dlev22              =  9.99998e-01
dlev23              =  9.99998e-01
dlev24              =  9.99998e-01
dlev25              =  9.99998e-01
dlev26              =  9.99998e-01
dlev27              =  9.99997e-01
dlev28              =  9.99997e-01
dlev29              =  9.99997e-01
dlev30              =  9.99998e-01
dlev31              =  9.99998e-01
dlev32              =  9.99998e-01
vdd_meas            =  1.08000e+00
temp_meas           =  1.25000e+02
vbias_mv            =  2.29550e+02
lowcount            =  1.59999e+01
vos_mv              =  -1.50044e+00

ngspice-46 done
