
Note: No compatibility mode selected!


Circuit: * klt sim -- generated corner deck, do not edit

Doing analysis at TEMP = -40.000000 and TNOM = 27.000000

Using SPARSE 1.3 as Direct Linear Solver

Initial Transient Solution
--------------------------

Node                                   Voltage
----                                   -------
vdd                                        1.2
cm                                         0.6
vd                                      -0.048
ap                                       0.576
an                                       0.624
clku                                         0
clk                                          0
ibn                                   0.362869
xa.x1.tmid                         1.79813e-09
xa.x1.tail                            0.591856
xa.x1.np                                   1.2
xa.x1.nn                                   1.2
xa.x1.ln                                   1.2
xa.x1.lp                                   1.2
xa.x1.lnb                          8.18298e-09
xa.x1.lpb                          7.84193e-09
xa.x1.na                                   1.2
doutb                                      1.2
dout                               8.04533e-09
xa.x1.nb                                   1.2
doutn                              6.70444e-09
tcheck                                     -40
pa_00                                  362.869
bpa_00#branch                                0
btchk#branch                                 0
bdoutn#branch                                0
bclk#branch                         6.4109e-11
ean#branch                         1.05554e-13
eap#branch                         1.36585e-13
vclku#branch                                 0
vd#branch                                    0
vcm#branch                          2.4214e-13
vsup#branch                       -1.00001e-05


No. of Data Rows : 12143

  Measurements for Transient Analysis

dlev0               =  -3.75336e-06
dlev1               =  9.09813e-06
dlev2               =  -4.04038e-07
dlev3               =  1.17868e-05
dlev4               =  1.15441e-05
dlev5               =  1.08372e-05
dlev6               =  9.26379e-06
dlev7               =  -1.02129e-06
dlev8               =  -8.92391e-07
dlev9               =  -7.26815e-08
dlev10              =  5.99234e-06
dlev11              =  1.33402e-06
dlev12              =  -5.12938e-07
dlev13              =  8.92077e-07
dlev14              =  4.19602e-06
dlev15              =  1.40689e-08
dlev16              =  9.99996e-01
dlev17              =  9.99999e-01
dlev18              =  1.00000e+00
dlev19              =  1.00000e+00
dlev20              =  1.00000e+00
dlev21              =  1.00000e+00
dlev22              =  1.00000e+00
dlev23              =  1.00000e+00
dlev24              =  9.99999e-01
dlev25              =  1.00000e+00
dlev26              =  1.00001e+00
dlev27              =  1.00000e+00
dlev28              =  1.00000e+00
dlev29              =  1.00000e+00
dlev30              =  1.00000e+00
dlev31              =  9.99999e-01
dlev32              =  9.99999e-01
vdd_meas            =  1.20000e+00
temp_meas           =  -4.00000e+01
vbias_mv            =  3.62869e+02
lowcount            =  1.59999e+01
vos_mv              =  -1.50021e+00

ngspice-46 done
