
Note: No compatibility mode selected!


Circuit: * klt sim -- generated corner deck, do not edit

Doing analysis at TEMP = -40.000000 and TNOM = 27.000000

Using SPARSE 1.3 as Direct Linear Solver

Initial Transient Solution
--------------------------

Node                                   Voltage
----                                   -------
vdd                                       1.32
cm                                        0.65
vd                                      -0.048
ap                                       0.626
an                                       0.674
clku                                         0
clk                                          0
ibn                                   0.298704
xa.x1.tmid                         2.26134e-07
xa.x1.tail                            0.613774
xa.x1.np                                  1.32
xa.x1.nn                                  1.32
xa.x1.ln                                  1.32
xa.x1.lp                                  1.32
xa.x1.lnb                          1.20623e-07
xa.x1.lpb                          1.24055e-07
xa.x1.na                               1.29288
doutb                                 0.688716
dout                                  0.678664
xa.x1.nb                               1.29437
doutn                                 0.514139
tcheck                                     -40
pa_00                                  298.704
bpa_00#branch                                0
btchk#branch                                 0
bdoutn#branch                                0
bclk#branch                        8.95686e-10
ean#branch                         2.74072e-12
eap#branch                         3.42748e-12
vclku#branch                                 0
vd#branch                                    0
vcm#branch                          6.1682e-12
vsup#branch                       -0.000178004


No. of Data Rows : 12415

  Measurements for Transient Analysis

dlev0               =  9.20261e-06
dlev1               =  -3.01241e-06
dlev2               =  -4.07948e-06
dlev3               =  8.07836e-08
dlev4               =  6.65353e-07
dlev5               =  -2.88349e-07
dlev6               =  -2.33720e-06
dlev7               =  2.77070e-07
dlev8               =  -1.20038e-06
dlev9               =  9.61272e-07
dlev10              =  1.34377e-06
dlev11              =  7.08103e-07
dlev12              =  6.55462e-07
dlev13              =  -5.49082e-06
dlev14              =  -1.86341e-06
dlev15              =  -2.57923e-06
dlev16              =  1.89658e-06
dlev17              =  1.00000e+00
dlev18              =  1.00000e+00
dlev19              =  1.00000e+00
dlev20              =  9.99999e-01
dlev21              =  9.99999e-01
dlev22              =  1.00000e+00
dlev23              =  1.00000e+00
dlev24              =  1.00000e+00
dlev25              =  9.99999e-01
dlev26              =  1.00000e+00
dlev27              =  1.00000e+00
dlev28              =  1.00000e+00
dlev29              =  9.99999e-01
dlev30              =  1.00000e+00
dlev31              =  1.00000e+00
dlev32              =  1.00000e+00
vdd_meas            =  1.32000e+00
temp_meas           =  -4.00000e+01
vbias_mv            =  2.98704e+02
lowcount            =  1.70000e+01
vos_mv              =  1.50001e+00
vcm_meas            =  6.50000e-01

ngspice-46 done
