
Note: No compatibility mode selected!


Circuit: * klt sim -- generated corner deck, do not edit

Doing analysis at TEMP = 125.000000 and TNOM = 27.000000

Using SPARSE 1.3 as Direct Linear Solver

Initial Transient Solution
--------------------------

Node                                   Voltage
----                                   -------
vdd                                        1.2
cm                                         0.6
vd                                      -0.048
ap                                       0.576
an                                       0.624
clku                                         0
clk                                          0
ibn                                   0.295459
xa.x1.tmid                         1.33632e-05
xa.x1.tail                            0.539404
xa.x1.np                                   1.2
xa.x1.nn                               1.19999
xa.x1.ln                                   1.2
xa.x1.lp                                   1.2
xa.x1.lnb                          7.17244e-07
xa.x1.lpb                          6.71817e-07
xa.x1.na                               1.18035
doutb                                  0.61029
dout                                  0.617748
xa.x1.nb                               1.18078
doutn                                  0.51479
tcheck                                     125
pa_00                                  295.459
bpa_00#branch                                0
btchk#branch                                 0
bdoutn#branch                                0
bclk#branch                        1.45074e-10
ean#branch                         3.21243e-13
eap#branch                         4.16445e-13
vclku#branch                                 0
vd#branch                                    0
vcm#branch                         7.37688e-13
vsup#branch                        -8.0309e-05


No. of Data Rows : 12070

  Measurements for Transient Analysis

dlev0               =  -2.69032e-07
dlev1               =  -7.84254e-08
dlev2               =  -1.55677e-06
dlev3               =  -1.64732e-06
dlev4               =  3.82309e-07
dlev5               =  -1.17000e-06
dlev6               =  4.33650e-07
dlev7               =  -4.33060e-07
dlev8               =  3.92436e-07
dlev9               =  -3.28261e-07
dlev10              =  5.10043e-07
dlev11              =  -2.08032e-07
dlev12              =  -5.11597e-07
dlev13              =  -9.26557e-07
dlev14              =  2.78955e-07
dlev15              =  -2.33488e-06
dlev16              =  -5.88187e-07
dlev17              =  1.00000e+00
dlev18              =  9.99999e-01
dlev19              =  9.99999e-01
dlev20              =  9.99999e-01
dlev21              =  9.99999e-01
dlev22              =  9.99999e-01
dlev23              =  9.99999e-01
dlev24              =  9.99998e-01
dlev25              =  9.99999e-01
dlev26              =  9.99999e-01
dlev27              =  9.99999e-01
dlev28              =  9.99999e-01
dlev29              =  9.99998e-01
dlev30              =  9.99999e-01
dlev31              =  9.99999e-01
dlev32              =  9.99999e-01
vdd_meas            =  1.20000e+00
temp_meas           =  1.25000e+02
vbias_mv            =  2.95459e+02
lowcount            =  1.70000e+01
vos_mv              =  1.50008e+00

ngspice-46 done
