
Note: No compatibility mode selected!


Circuit: * klt sim -- generated corner deck, do not edit

Doing analysis at TEMP = -40.000000 and TNOM = 27.000000

Using SPARSE 1.3 as Direct Linear Solver

Initial Transient Solution
--------------------------

Node                                   Voltage
----                                   -------
vdd                                       1.08
cm                                         0.6
vd                                      -0.048
ap                                       0.576
an                                       0.624
clku                                         0
clk                                          0
ibn                                   0.344855
xa.x1.tmid                         2.25318e-08
xa.x1.tail                            0.543459
xa.x1.np                                  1.08
xa.x1.nn                                  1.08
xa.x1.ln                                  1.08
xa.x1.lp                                  1.08
xa.x1.lnb                          2.14202e-08
xa.x1.lpb                          2.18581e-08
xa.x1.na                                  1.08
doutb                              2.22376e-08
dout                                      1.08
xa.x1.nb                                  1.08
doutn                                        1
tcheck                                     -40
pa_00                                  344.855
bpa_00#branch                                0
btchk#branch                                 0
bdoutn#branch                                0
bclk#branch                        1.43733e-10
ean#branch                         1.16712e-13
eap#branch                         1.55306e-13
vclku#branch                                 0
vd#branch                                    0
vcm#branch                         2.72019e-13
vsup#branch                       -2.00004e-05


No. of Data Rows : 12090

  Measurements for Transient Analysis

dlev0               =  2.10349e-06
dlev1               =  -1.15578e-05
dlev2               =  -1.14412e-05
dlev3               =  -1.49868e-05
dlev4               =  -1.50900e-05
dlev5               =  -9.66926e-06
dlev6               =  -1.52275e-06
dlev7               =  -2.64729e-06
dlev8               =  -1.84582e-07
dlev9               =  1.08498e-06
dlev10              =  1.32793e-06
dlev11              =  1.26960e-06
dlev12              =  -3.44737e-06
dlev13              =  9.12628e-07
dlev14              =  -1.36571e-05
dlev15              =  -1.38481e-05
dlev16              =  -1.27054e-05
dlev17              =  -1.36637e-05
dlev18              =  2.48526e-06
dlev19              =  1.00001e+00
dlev20              =  9.99998e-01
dlev21              =  9.99999e-01
dlev22              =  1.00000e+00
dlev23              =  1.00000e+00
dlev24              =  9.99998e-01
dlev25              =  9.99997e-01
dlev26              =  9.99993e-01
dlev27              =  1.00000e+00
dlev28              =  1.00000e+00
dlev29              =  1.00000e+00
dlev30              =  1.00000e+00
dlev31              =  9.99995e-01
dlev32              =  1.00000e+00
vdd_meas            =  1.08000e+00
temp_meas           =  -4.00000e+01
vbias_mv            =  3.44855e+02
lowcount            =  1.90001e+01
vos_mv              =  7.50039e+00

ngspice-46 done
