
Note: No compatibility mode selected!


Circuit: * klt sim -- generated corner deck, do not edit

Doing analysis at TEMP = 27.000000 and TNOM = 27.000000

Using SPARSE 1.3 as Direct Linear Solver

Initial Transient Solution
--------------------------

Node                                   Voltage
----                                   -------
vdd                                       1.32
cm                                        0.55
vd                                      -0.048
ap                                       0.526
an                                       0.574
clku                                         0
clk                                          0
ibn                                   0.334446
xa.x1.tmid                         2.87724e-07
xa.x1.tail                            0.553513
xa.x1.np                                  1.32
xa.x1.nn                                  1.32
xa.x1.ln                                  1.32
xa.x1.lp                                  1.32
xa.x1.lnb                          2.32852e-07
xa.x1.lpb                          2.60246e-07
xa.x1.na                               1.29427
doutb                                 0.710854
dout                                  0.700441
xa.x1.nb                               1.29552
doutn                                 0.530637
tcheck                                      27
pa_00                                  334.446
bpa_00#branch                                0
btchk#branch                                 0
bdoutn#branch                                0
bclk#branch                          7.687e-10
ean#branch                          1.0483e-12
eap#branch                         1.30934e-12
vclku#branch                                 0
vd#branch                                    0
vcm#branch                         2.35764e-12
vsup#branch                       -0.000142334


No. of Data Rows : 12315

  Measurements for Transient Analysis

dlev0               =  -3.25930e-06
dlev1               =  -3.25473e-06
dlev2               =  -3.28877e-06
dlev3               =  -8.01496e-07
dlev4               =  -9.35283e-07
dlev5               =  -1.93505e-07
dlev6               =  -1.44181e-06
dlev7               =  -2.04902e-06
dlev8               =  -1.80458e-06
dlev9               =  -3.56304e-06
dlev10              =  -1.64058e-06
dlev11              =  -1.46747e-06
dlev12              =  8.16118e-07
dlev13              =  4.32255e-08
dlev14              =  8.90152e-08
dlev15              =  -3.65369e-06
dlev16              =  2.29422e-07
dlev17              =  9.99998e-01
dlev18              =  9.99999e-01
dlev19              =  9.99999e-01
dlev20              =  9.99999e-01
dlev21              =  9.99999e-01
dlev22              =  9.99999e-01
dlev23              =  9.99998e-01
dlev24              =  9.99999e-01
dlev25              =  9.99999e-01
dlev26              =  9.99998e-01
dlev27              =  9.99998e-01
dlev28              =  1.00000e+00
dlev29              =  1.00000e+00
dlev30              =  9.99999e-01
dlev31              =  9.99999e-01
dlev32              =  1.00000e+00
vdd_meas            =  1.32000e+00
temp_meas           =  2.70000e+01
vbias_mv            =  3.34446e+02
lowcount            =  1.70000e+01
vos_mv              =  1.50013e+00
vcm_meas            =  5.50000e-01

ngspice-46 done
