
Note: No compatibility mode selected!


Circuit: * klt sim -- generated corner deck, do not edit

Doing analysis at TEMP = 27.000000 and TNOM = 27.000000

Using SPARSE 1.3 as Direct Linear Solver

Initial Transient Solution
--------------------------

Node                                   Voltage
----                                   -------
vdd                                       1.08
cm                                         0.6
vd                                      -0.048
ap                                       0.576
an                                       0.624
clku                                         0
clk                                          0
ibn                                   0.354823
xa.x1.tmid                         8.21621e-08
xa.x1.tail                            0.597606
xa.x1.np                                  1.08
xa.x1.nn                                  1.08
xa.x1.ln                                  1.08
xa.x1.lp                                  1.08
xa.x1.lnb                          1.42528e-08
xa.x1.lpb                          1.39119e-08
xa.x1.na                                  1.08
doutb                                     1.08
dout                               1.56267e-08
xa.x1.nb                                  1.08
doutn                              1.44692e-08
tcheck                                      27
pa_00                                  354.823
bpa_00#branch                                0
btchk#branch                                 0
bdoutn#branch                                0
bclk#branch                        6.56528e-11
ean#branch                         1.09746e-13
eap#branch                         1.46688e-13
vclku#branch                                 0
vd#branch                                    0
vcm#branch                         2.56434e-13
vsup#branch                       -2.00003e-05


No. of Data Rows : 12155

  Measurements for Transient Analysis

dlev0               =  -5.50500e-06
dlev1               =  -7.01194e-06
dlev2               =  -5.49271e-06
dlev3               =  -5.44495e-06
dlev4               =  -1.23351e-06
dlev5               =  -1.46063e-06
dlev6               =  -4.94154e-06
dlev7               =  2.83079e-07
dlev8               =  -7.53269e-06
dlev9               =  -4.39730e-07
dlev10              =  9.04533e-07
dlev11              =  -1.71083e-06
dlev12              =  -7.00568e-06
dlev13              =  -7.28828e-06
dlev14              =  -2.11630e-06
dlev15              =  1.00000e+00
dlev16              =  9.99998e-01
dlev17              =  9.99997e-01
dlev18              =  9.99997e-01
dlev19              =  1.00000e+00
dlev20              =  9.99999e-01
dlev21              =  1.00000e+00
dlev22              =  9.99998e-01
dlev23              =  9.99999e-01
dlev24              =  9.99999e-01
dlev25              =  9.99998e-01
dlev26              =  9.99999e-01
dlev27              =  9.99999e-01
dlev28              =  9.99999e-01
dlev29              =  9.99999e-01
dlev30              =  9.99999e-01
dlev31              =  9.99999e-01
dlev32              =  9.99999e-01
vdd_meas            =  1.08000e+00
temp_meas           =  2.70000e+01
vbias_mv            =  3.54823e+02
lowcount            =  1.50001e+01
vos_mv              =  -4.49976e+00

ngspice-46 done
