
Note: No compatibility mode selected!


Circuit: * klt sim -- generated corner deck, do not edit

Doing analysis at TEMP = 125.000000 and TNOM = 27.000000

Using SPARSE 1.3 as Direct Linear Solver

Initial Transient Solution
--------------------------

Node                                   Voltage
----                                   -------
vdd                                        1.2
cm                                        0.65
vd                                      -0.048
ap                                       0.626
an                                       0.674
clku                                         0
clk                                          0
ibn                                   0.274549
xa.x1.tmid                         3.48884e-05
xa.x1.tail                            0.633744
xa.x1.np                               1.19999
xa.x1.nn                               1.19997
xa.x1.ln                                   1.2
xa.x1.lp                                   1.2
xa.x1.lnb                          9.63004e-06
xa.x1.lpb                          8.04442e-06
xa.x1.na                               1.17071
doutb                                 0.649594
dout                                   0.64846
xa.x1.nb                               1.17266
doutn                                 0.540383
tcheck                                     125
pa_00                                  274.549
bpa_00#branch                                0
btchk#branch                                 0
bdoutn#branch                                0
bclk#branch                        8.70115e-10
ean#branch                         7.70356e-13
eap#branch                         1.00256e-12
vclku#branch                                 0
vd#branch                                    0
vcm#branch                         1.77292e-12
vsup#branch                       -0.000128729


No. of Data Rows : 12210

  Measurements for Transient Analysis

dlev0               =  1.00605e-05
dlev1               =  1.07478e-05
dlev2               =  1.00717e-05
dlev3               =  1.29989e-05
dlev4               =  1.42200e-05
dlev5               =  1.05617e-05
dlev6               =  1.08665e-05
dlev7               =  1.25065e-05
dlev8               =  1.32842e-05
dlev9               =  1.15064e-05
dlev10              =  9.61398e-06
dlev11              =  9.85796e-06
dlev12              =  1.23454e-05
dlev13              =  1.27303e-05
dlev14              =  1.13700e-05
dlev15              =  1.25199e-05
dlev16              =  9.31428e-06
dlev17              =  1.07998e-05
dlev18              =  9.99998e-01
dlev19              =  1.00000e+00
dlev20              =  1.00000e+00
dlev21              =  9.99998e-01
dlev22              =  9.99998e-01
dlev23              =  1.00000e+00
dlev24              =  9.99999e-01
dlev25              =  1.00000e+00
dlev26              =  9.99999e-01
dlev27              =  9.99999e-01
dlev28              =  9.99999e-01
dlev29              =  9.99999e-01
dlev30              =  9.99999e-01
dlev31              =  9.99998e-01
dlev32              =  9.99998e-01
vdd_meas            =  1.20000e+00
temp_meas           =  1.25000e+02
vbias_mv            =  2.74549e+02
lowcount            =  1.79998e+01
vos_mv              =  4.49943e+00
vcm_meas            =  6.50000e-01

ngspice-46 done
