
Note: No compatibility mode selected!


Circuit: * klt sim -- generated corner deck, do not edit

Doing analysis at TEMP = -40.000000 and TNOM = 27.000000

Using SPARSE 1.3 as Direct Linear Solver
Note: Starting dynamic gmin stepping
Note: Dynamic gmin stepping completed

Initial Transient Solution
--------------------------

Node                                   Voltage
----                                   -------
vdd                                       1.32
cm                                         0.6
vd                                      -0.048
ap                                       0.576
an                                       0.624
clku                                         0
clk                                          0
ibn                                   0.389556
xa.x1.tmid                         1.47478e-09
xa.x1.tail                            0.565001
xa.x1.np                                  1.32
xa.x1.nn                                  1.32
xa.x1.ln                                  1.32
xa.x1.lp                                  1.32
xa.x1.lnb                          1.02799e-08
xa.x1.lpb                          9.83311e-09
xa.x1.na                               1.30684
doutb                                 0.669254
dout                                  0.662254
xa.x1.nb                               1.30691
doutn                                 0.501708
tcheck                                     -40
pa_00                                  389.556
bpa_00#branch                                0
btchk#branch                                 0
bdoutn#branch                                0
bclk#branch                        8.97038e-11
ean#branch                         9.80327e-14
eap#branch                         1.24178e-13
vclku#branch                                 0
vd#branch                                    0
vcm#branch                         2.22211e-13
vsup#branch                        -7.5608e-05


No. of Data Rows : 12292

  Measurements for Transient Analysis

dlev0               =  -1.03926e-06
dlev1               =  1.68214e-09
dlev2               =  -3.55751e-06
dlev3               =  3.35344e-06
dlev4               =  -6.19034e-06
dlev5               =  -6.40730e-06
dlev6               =  2.62814e-06
dlev7               =  -5.63824e-06
dlev8               =  2.88200e-06
dlev9               =  -2.01322e-06
dlev10              =  -2.96412e-06
dlev11              =  -6.02161e-06
dlev12              =  3.57342e-06
dlev13              =  -6.58048e-06
dlev14              =  3.44997e-06
dlev15              =  1.00000e+00
dlev16              =  1.00000e+00
dlev17              =  1.00000e+00
dlev18              =  1.00000e+00
dlev19              =  9.99999e-01
dlev20              =  9.99998e-01
dlev21              =  1.00000e+00
dlev22              =  9.99999e-01
dlev23              =  9.99998e-01
dlev24              =  9.99998e-01
dlev25              =  9.99998e-01
dlev26              =  9.99998e-01
dlev27              =  9.99998e-01
dlev28              =  1.00000e+00
dlev29              =  1.00000e+00
dlev30              =  9.99999e-01
dlev31              =  1.00000e+00
dlev32              =  1.00000e+00
vdd_meas            =  1.32000e+00
temp_meas           =  -4.00000e+01
vbias_mv            =  3.89556e+02
lowcount            =  1.50000e+01
vos_mv              =  -4.49989e+00

ngspice-46 done
