
Note: No compatibility mode selected!


Circuit: * klt sim -- generated corner deck, do not edit

Doing analysis at TEMP = 27.000000 and TNOM = 27.000000

Using SPARSE 1.3 as Direct Linear Solver

Initial Transient Solution
--------------------------

Node                                   Voltage
----                                   -------
vdd                                       1.32
cm                                         0.6
vd                                      -0.048
ap                                       0.576
an                                       0.624
clku                                         0
clk                                          0
ibn                                   0.267387
xa.x1.tmid                         6.27045e-06
xa.x1.tail                            0.560277
xa.x1.np                                  1.32
xa.x1.nn                               1.31999
xa.x1.ln                                  1.32
xa.x1.lp                                  1.32
xa.x1.lnb                          6.08809e-07
xa.x1.lpb                          7.03771e-07
xa.x1.na                               1.28445
doutb                                 0.668392
dout                                  0.681365
xa.x1.nb                               1.28245
doutn                                 0.516185
tcheck                                      27
pa_00                                  267.387
bpa_00#branch                                0
btchk#branch                                 0
bdoutn#branch                                0
bclk#branch                        1.38189e-09
ean#branch                         4.73016e-12
eap#branch                         5.87248e-12
vclku#branch                                 0
vd#branch                                    0
vcm#branch                         1.06026e-11
vsup#branch                       -0.000212828


No. of Data Rows : 12320

  Measurements for Transient Analysis

dlev0               =  7.38060e-06
dlev1               =  4.19204e-06
dlev2               =  4.03864e-06
dlev3               =  -5.43185e-06
dlev4               =  -7.02130e-06
dlev5               =  -6.88865e-06
dlev6               =  -6.87913e-06
dlev7               =  -6.83694e-06
dlev8               =  -6.77608e-06
dlev9               =  -6.54186e-06
dlev10              =  4.94084e-06
dlev11              =  4.39180e-06
dlev12              =  -4.58954e-06
dlev13              =  3.86985e-06
dlev14              =  5.43549e-06
dlev15              =  -4.01492e-06
dlev16              =  1.00000e+00
dlev17              =  9.99996e-01
dlev18              =  1.00000e+00
dlev19              =  1.00000e+00
dlev20              =  9.99996e-01
dlev21              =  9.99996e-01
dlev22              =  9.99997e-01
dlev23              =  9.99997e-01
dlev24              =  9.99996e-01
dlev25              =  9.99995e-01
dlev26              =  9.99996e-01
dlev27              =  9.99996e-01
dlev28              =  9.99995e-01
dlev29              =  9.99996e-01
dlev30              =  1.00000e+00
dlev31              =  1.00000e+00
dlev32              =  1.00000e+00
vdd_meas            =  1.32000e+00
temp_meas           =  2.70000e+01
vbias_mv            =  2.67387e+02
lowcount            =  1.60001e+01
vos_mv              =  -1.49981e+00

ngspice-46 done
