
Note: No compatibility mode selected!


Circuit: * klt sim -- generated corner deck, do not edit

Doing analysis at TEMP = 27.000000 and TNOM = 27.000000

Using SPARSE 1.3 as Direct Linear Solver

Initial Transient Solution
--------------------------

Node                                   Voltage
----                                   -------
vdd                                       1.32
cm                                         0.6
vd                                      -0.048
ap                                       0.576
an                                       0.624
clku                                         0
clk                                          0
ibn                                   0.294054
xa.x1.tmid                          1.5427e-06
xa.x1.tail                             0.58412
xa.x1.np                                  1.32
xa.x1.nn                                  1.32
xa.x1.ln                                  1.32
xa.x1.lp                                  1.32
xa.x1.lnb                          1.01543e-07
xa.x1.lpb                          1.08886e-07
xa.x1.na                                  1.32
doutb                              1.44587e-07
dout                                      1.32
xa.x1.nb                                  1.32
doutn                                        1
tcheck                                      27
pa_00                                  294.054
bpa_00#branch                                0
btchk#branch                                 0
bdoutn#branch                                0
bclk#branch                        4.33056e-10
ean#branch                         1.69256e-12
eap#branch                         2.12058e-12
vclku#branch                                 0
vd#branch                                    0
vcm#branch                         3.81314e-12
vsup#branch                       -1.50045e-05


No. of Data Rows : 12267

  Measurements for Transient Analysis

dlev0               =  -3.54485e-07
dlev1               =  -3.90070e-06
dlev2               =  -4.67053e-06
dlev3               =  -4.48047e-06
dlev4               =  -5.74268e-07
dlev5               =  -3.64304e-07
dlev6               =  -5.22195e-07
dlev7               =  1.22372e-07
dlev8               =  -3.50659e-06
dlev9               =  -4.04166e-06
dlev10              =  -1.71186e-06
dlev11              =  -1.10137e-06
dlev12              =  -2.45075e-06
dlev13              =  -2.89501e-06
dlev14              =  -3.97319e-06
dlev15              =  -2.02799e-08
dlev16              =  -2.50180e-06
dlev17              =  1.00000e+00
dlev18              =  9.99998e-01
dlev19              =  9.99998e-01
dlev20              =  1.00000e+00
dlev21              =  9.99999e-01
dlev22              =  9.99997e-01
dlev23              =  9.99997e-01
dlev24              =  9.99997e-01
dlev25              =  9.99997e-01
dlev26              =  9.99999e-01
dlev27              =  1.00000e+00
dlev28              =  9.99997e-01
dlev29              =  9.99998e-01
dlev30              =  1.00000e+00
dlev31              =  9.99998e-01
dlev32              =  9.99997e-01
vdd_meas            =  1.32000e+00
temp_meas           =  2.70000e+01
vbias_mv            =  2.94054e+02
lowcount            =  1.70001e+01
vos_mv              =  1.50019e+00

ngspice-46 done
