
Note: No compatibility mode selected!


Circuit: * klt sim -- generated corner deck, do not edit

Doing analysis at TEMP = -40.000000 and TNOM = 27.000000

Using SPARSE 1.3 as Direct Linear Solver

Initial Transient Solution
--------------------------

Node                                   Voltage
----                                   -------
vdd                                       1.08
cm                                         0.6
vd                                      -0.048
ap                                       0.576
an                                       0.624
clku                                         0
clk                                          0
ibn                                   0.333718
xa.x1.tmid                         2.98617e-08
xa.x1.tail                            0.567766
xa.x1.np                                  1.08
xa.x1.nn                                  1.08
xa.x1.ln                                  1.08
xa.x1.lp                                  1.08
xa.x1.lnb                          2.13849e-08
xa.x1.lpb                          2.22895e-08
xa.x1.na                                  1.08
doutb                               2.1833e-08
dout                                      1.08
xa.x1.nb                                  1.08
doutn                                        1
tcheck                                     -40
pa_00                                  333.718
bpa_00#branch                                0
btchk#branch                                 0
bdoutn#branch                                0
bclk#branch                        1.45084e-10
ean#branch                         2.34618e-13
eap#branch                         3.11334e-13
vclku#branch                                 0
vd#branch                                    0
vcm#branch                         5.45952e-13
vsup#branch                       -1.50004e-05


No. of Data Rows : 12149

  Measurements for Transient Analysis

dlev0               =  -1.69903e-06
dlev1               =  1.64627e-06
dlev2               =  1.55775e-06
dlev3               =  1.50118e-06
dlev4               =  1.48486e-06
dlev5               =  1.53464e-06
dlev6               =  1.78275e-06
dlev7               =  -1.02823e-06
dlev8               =  -1.12104e-05
dlev9               =  2.41996e-06
dlev10              =  2.27022e-06
dlev11              =  2.70660e-06
dlev12              =  2.77821e-06
dlev13              =  2.40650e-06
dlev14              =  3.87330e-06
dlev15              =  -9.14108e-06
dlev16              =  -8.89112e-06
dlev17              =  9.99997e-01
dlev18              =  1.00000e+00
dlev19              =  9.99996e-01
dlev20              =  1.00000e+00
dlev21              =  9.99996e-01
dlev22              =  1.00000e+00
dlev23              =  1.00000e+00
dlev24              =  1.00000e+00
dlev25              =  1.00000e+00
dlev26              =  1.00000e+00
dlev27              =  1.00000e+00
dlev28              =  1.00000e+00
dlev29              =  1.00000e+00
dlev30              =  1.00000e+00
dlev31              =  1.00000e+00
dlev32              =  1.00000e+00
vdd_meas            =  1.08000e+00
temp_meas           =  -4.00000e+01
vbias_mv            =  3.33718e+02
lowcount            =  1.70000e+01
vos_mv              =  1.49998e+00

ngspice-46 done
