
Note: No compatibility mode selected!


Circuit: * klt sim -- generated corner deck, do not edit

Doing analysis at TEMP = 125.000000 and TNOM = 27.000000

Using SPARSE 1.3 as Direct Linear Solver

Initial Transient Solution
--------------------------

Node                                   Voltage
----                                   -------
vdd                                       1.32
cm                                         0.6
vd                                      -0.048
ap                                       0.576
an                                       0.624
clku                                         0
clk                                          0
ibn                                   0.299412
xa.x1.tmid                         1.26588e-05
xa.x1.tail                             0.60532
xa.x1.np                                  1.32
xa.x1.nn                               1.31999
xa.x1.ln                                  1.32
xa.x1.lp                                  1.32
xa.x1.lnb                          6.44095e-07
xa.x1.lpb                          7.16707e-07
xa.x1.na                               1.28993
doutb                                 0.670817
dout                                  0.661338
xa.x1.nb                               1.29077
doutn                                 0.501013
tcheck                                     125
pa_00                                  299.412
bpa_00#branch                                0
btchk#branch                                 0
bdoutn#branch                                0
bclk#branch                        2.05782e-10
ean#branch                         8.98004e-13
eap#branch                         1.13529e-12
vclku#branch                                 0
vd#branch                                    0
vcm#branch                         2.03329e-12
vsup#branch                       -0.000120445


No. of Data Rows : 12232

  Measurements for Transient Analysis

dlev0               =  1.26409e-06
dlev1               =  1.06223e-06
dlev2               =  9.94596e-07
dlev3               =  1.03177e-06
dlev4               =  1.00911e-06
dlev5               =  1.15158e-06
dlev6               =  1.29851e-06
dlev7               =  1.74037e-06
dlev8               =  1.92684e-06
dlev9               =  8.21841e-07
dlev10              =  8.88618e-07
dlev11              =  9.23560e-07
dlev12              =  8.74030e-07
dlev13              =  9.42558e-07
dlev14              =  1.26604e-06
dlev15              =  3.92205e-07
dlev16              =  5.28885e-07
dlev17              =  9.99998e-01
dlev18              =  9.99999e-01
dlev19              =  9.99999e-01
dlev20              =  9.99999e-01
dlev21              =  9.99999e-01
dlev22              =  9.99999e-01
dlev23              =  1.00000e+00
dlev24              =  9.99999e-01
dlev25              =  1.00000e+00
dlev26              =  9.99999e-01
dlev27              =  1.00000e+00
dlev28              =  1.00000e+00
dlev29              =  9.99999e-01
dlev30              =  9.99999e-01
dlev31              =  9.99999e-01
dlev32              =  1.00000e+00
vdd_meas            =  1.32000e+00
temp_meas           =  1.25000e+02
vbias_mv            =  2.99412e+02
lowcount            =  1.70000e+01
vos_mv              =  1.49998e+00

ngspice-46 done
