
Note: No compatibility mode selected!


Circuit: * klt sim -- generated corner deck, do not edit

Doing analysis at TEMP = -40.000000 and TNOM = 27.000000

Using SPARSE 1.3 as Direct Linear Solver

Initial Transient Solution
--------------------------

Node                                   Voltage
----                                   -------
vdd                                       1.08
cm                                         0.6
vd                                      -0.048
ap                                       0.576
an                                       0.624
clku                                         0
clk                                          0
ibn                                    0.35737
xa.x1.tmid                         5.89391e-09
xa.x1.tail                            0.579703
xa.x1.np                                  1.08
xa.x1.nn                                  1.08
xa.x1.ln                                  1.08
xa.x1.lp                                  1.08
xa.x1.lnb                          3.72873e-08
xa.x1.lpb                          3.55366e-08
xa.x1.na                               1.07471
doutb                                 0.583959
dout                                    0.5899
xa.x1.nb                               1.07368
doutn                                 0.546204
tcheck                                     -40
pa_00                                   357.37
bpa_00#branch                                0
btchk#branch                                 0
bdoutn#branch                                0
bclk#branch                         2.5453e-10
ean#branch                         1.11661e-13
eap#branch                         1.48687e-13
vclku#branch                                 0
vd#branch                                    0
vcm#branch                         2.60347e-13
vsup#branch                       -3.88066e-05


No. of Data Rows : 12181

  Measurements for Transient Analysis

dlev0               =  2.46340e-06
dlev1               =  2.03192e-06
dlev2               =  1.70026e-06
dlev3               =  2.05300e-06
dlev4               =  -1.38504e-05
dlev5               =  -7.51764e-06
dlev6               =  -2.39921e-06
dlev7               =  3.82741e-07
dlev8               =  -4.75439e-07
dlev9               =  -4.32288e-06
dlev10              =  -7.66596e-06
dlev11              =  1.60368e-06
dlev12              =  1.33809e-06
dlev13              =  2.32116e-06
dlev14              =  1.85142e-06
dlev15              =  -9.87826e-06
dlev16              =  9.99999e-01
dlev17              =  9.99996e-01
dlev18              =  9.99997e-01
dlev19              =  1.00000e+00
dlev20              =  9.99999e-01
dlev21              =  1.00000e+00
dlev22              =  1.00000e+00
dlev23              =  9.99999e-01
dlev24              =  9.99999e-01
dlev25              =  1.00000e+00
dlev26              =  1.00000e+00
dlev27              =  1.00000e+00
dlev28              =  1.00000e+00
dlev29              =  1.00000e+00
dlev30              =  1.00000e+00
dlev31              =  1.00000e+00
dlev32              =  1.00000e+00
vdd_meas            =  1.08000e+00
temp_meas           =  -4.00000e+01
vbias_mv            =  3.57370e+02
lowcount            =  1.60000e+01
vos_mv              =  -1.49987e+00

ngspice-46 done
