
Note: No compatibility mode selected!


Circuit: * klt sim -- generated corner deck, do not edit

Doing analysis at TEMP = 27.000000 and TNOM = 27.000000

Using SPARSE 1.3 as Direct Linear Solver

Initial Transient Solution
--------------------------

Node                                   Voltage
----                                   -------
vdd                                        1.2
cm                                         0.6
vd                                      -0.048
ap                                       0.576
an                                       0.624
clku                                         0
clk                                          0
ibn                                   0.268024
xa.x1.tmid                         7.11586e-06
xa.x1.tail                            0.570907
xa.x1.np                                   1.2
xa.x1.nn                               1.19999
xa.x1.ln                                   1.2
xa.x1.lp                                   1.2
xa.x1.lnb                          5.14675e-07
xa.x1.lpb                          6.37246e-07
xa.x1.na                               1.17403
doutb                                 0.611406
dout                                  0.620403
xa.x1.nb                               1.17512
doutn                                 0.517003
tcheck                                      27
pa_00                                  268.024
bpa_00#branch                                0
btchk#branch                                 0
bdoutn#branch                                0
bclk#branch                        1.00889e-09
ean#branch                         4.03899e-12
eap#branch                          5.1186e-12
vclku#branch                                 0
vd#branch                                    0
vcm#branch                         9.15759e-12
vsup#branch                       -0.000146524


No. of Data Rows : 12250

  Measurements for Transient Analysis

dlev0               =  -1.99771e-06
dlev1               =  -4.49606e-06
dlev2               =  -2.63254e-06
dlev3               =  -2.26553e-06
dlev4               =  -4.86047e-06
dlev5               =  -6.36733e-06
dlev6               =  -5.63142e-06
dlev7               =  -5.52876e-06
dlev8               =  -4.12292e-06
dlev9               =  -7.07535e-06
dlev10              =  -7.04948e-06
dlev11              =  -6.48056e-06
dlev12              =  -4.87339e-06
dlev13              =  -6.61161e-06
dlev14              =  -7.44417e-06
dlev15              =  9.99998e-01
dlev16              =  9.99999e-01
dlev17              =  9.99997e-01
dlev18              =  9.99997e-01
dlev19              =  9.99997e-01
dlev20              =  9.99997e-01
dlev21              =  9.99997e-01
dlev22              =  9.99997e-01
dlev23              =  9.99997e-01
dlev24              =  9.99998e-01
dlev25              =  9.99997e-01
dlev26              =  9.99997e-01
dlev27              =  9.99997e-01
dlev28              =  9.99998e-01
dlev29              =  9.99998e-01
dlev30              =  9.99998e-01
dlev31              =  9.99998e-01
dlev32              =  9.99998e-01
vdd_meas            =  1.20000e+00
temp_meas           =  2.70000e+01
vbias_mv            =  2.68024e+02
lowcount            =  1.50001e+01
vos_mv              =  -4.49964e+00
vcm_meas            =  6.00000e-01

ngspice-46 done
