
Note: No compatibility mode selected!


Circuit: * klt sim -- generated corner deck, do not edit

Doing analysis at TEMP = -40.000000 and TNOM = 27.000000

Using SPARSE 1.3 as Direct Linear Solver

Initial Transient Solution
--------------------------

Node                                   Voltage
----                                   -------
vdd                                       1.08
cm                                         0.6
vd                                      -0.048
ap                                       0.576
an                                       0.624
clku                                         0
clk                                          0
ibn                                   0.338816
xa.x1.tmid                         7.43587e-09
xa.x1.tail                            0.576119
xa.x1.np                                  1.08
xa.x1.nn                                  1.08
xa.x1.ln                                  1.08
xa.x1.lp                                  1.08
xa.x1.lnb                          3.69858e-08
xa.x1.lpb                          3.69515e-08
xa.x1.na                                  1.08
doutb                                     1.08
dout                               3.85934e-08
xa.x1.nb                                  1.08
doutn                              3.57346e-08
tcheck                                     -40
pa_00                                  338.816
bpa_00#branch                                0
btchk#branch                                 0
bdoutn#branch                                0
bclk#branch                        2.54329e-10
ean#branch                         1.11411e-13
eap#branch                         1.48687e-13
vclku#branch                                 0
vd#branch                                    0
vcm#branch                         2.60097e-13
vsup#branch                       -1.00005e-05


No. of Data Rows : 12080

  Measurements for Transient Analysis

dlev0               =  5.21176e-07
dlev1               =  -1.01539e-06
dlev2               =  4.29828e-07
dlev3               =  1.90379e-06
dlev4               =  -7.49353e-07
dlev5               =  1.81629e-06
dlev6               =  1.20450e-06
dlev7               =  -9.89477e-06
dlev8               =  -7.05103e-06
dlev9               =  -3.04885e-07
dlev10              =  5.45470e-07
dlev11              =  2.00776e-06
dlev12              =  -1.36844e-06
dlev13              =  -1.04626e-05
dlev14              =  -3.78662e-07
dlev15              =  -3.58102e-07
dlev16              =  -9.46137e-06
dlev17              =  1.00000e+00
dlev18              =  1.00000e+00
dlev19              =  1.00000e+00
dlev20              =  1.00000e+00
dlev21              =  1.00000e+00
dlev22              =  1.00000e+00
dlev23              =  1.00000e+00
dlev24              =  9.99998e-01
dlev25              =  9.99996e-01
dlev26              =  1.00000e+00
dlev27              =  1.00000e+00
dlev28              =  1.00000e+00
dlev29              =  9.99997e-01
dlev30              =  1.00000e+00
dlev31              =  1.00000e+00
dlev32              =  9.99998e-01
vdd_meas            =  1.08000e+00
temp_meas           =  -4.00000e+01
vbias_mv            =  3.38816e+02
lowcount            =  1.70000e+01
vos_mv              =  1.50009e+00

ngspice-46 done
