
Note: No compatibility mode selected!


Circuit: * klt sim -- generated corner deck, do not edit

Doing analysis at TEMP = -40.000000 and TNOM = 27.000000

Using SPARSE 1.3 as Direct Linear Solver

Initial Transient Solution
--------------------------

Node                                   Voltage
----                                   -------
vdd                                       1.08
cm                                         0.6
vd                                      -0.048
ap                                       0.576
an                                       0.624
clku                                         0
clk                                          0
ibn                                   0.303226
xa.x1.tmid                         1.92165e-07
xa.x1.tail                             0.53144
xa.x1.np                                  1.08
xa.x1.nn                                  1.08
xa.x1.ln                                  1.08
xa.x1.lp                                  1.08
xa.x1.lnb                          7.77335e-08
xa.x1.lpb                          8.01758e-08
xa.x1.na                                  1.08
doutb                              8.08637e-08
dout                                      1.08
xa.x1.nb                                  1.08
doutn                                        1
tcheck                                     -40
pa_00                                  303.226
bpa_00#branch                                0
btchk#branch                                 0
bdoutn#branch                                0
bclk#branch                        4.51449e-10
ean#branch                         5.16046e-13
eap#branch                         6.79998e-13
vclku#branch                                 0
vd#branch                                    0
vcm#branch                         1.19604e-12
vsup#branch                       -2.00016e-05


No. of Data Rows : 12110

  Measurements for Transient Analysis

dlev0               =  3.56320e-06
dlev1               =  1.75979e-06
dlev2               =  3.56857e-06
dlev3               =  3.83462e-06
dlev4               =  3.84560e-06
dlev5               =  3.67367e-06
dlev6               =  3.24873e-06
dlev7               =  1.94325e-06
dlev8               =  2.01848e-06
dlev9               =  2.39440e-06
dlev10              =  4.25310e-06
dlev11              =  2.55792e-06
dlev12              =  6.01477e-06
dlev13              =  6.16991e-06
dlev14              =  4.15195e-06
dlev15              =  1.00000e+00
dlev16              =  1.00000e+00
dlev17              =  1.00000e+00
dlev18              =  1.00000e+00
dlev19              =  1.00000e+00
dlev20              =  1.00000e+00
dlev21              =  1.00000e+00
dlev22              =  1.00000e+00
dlev23              =  1.00000e+00
dlev24              =  1.00000e+00
dlev25              =  1.00000e+00
dlev26              =  1.00000e+00
dlev27              =  1.00000e+00
dlev28              =  1.00000e+00
dlev29              =  1.00000e+00
dlev30              =  1.00000e+00
dlev31              =  1.00000e+00
dlev32              =  1.00000e+00
vdd_meas            =  1.08000e+00
temp_meas           =  -4.00000e+01
vbias_mv            =  3.03226e+02
lowcount            =  1.49999e+01
vos_mv              =  -4.50026e+00

ngspice-46 done
