
Note: No compatibility mode selected!


Circuit: * klt sim -- generated corner deck, do not edit

Doing analysis at TEMP = -40.000000 and TNOM = 27.000000

Using SPARSE 1.3 as Direct Linear Solver

Initial Transient Solution
--------------------------

Node                                   Voltage
----                                   -------
vdd                                       1.08
cm                                         0.6
vd                                      -0.048
ap                                       0.576
an                                       0.624
clku                                         0
clk                                          0
ibn                                   0.392754
xa.x1.tmid                         1.39497e-09
xa.x1.tail                            0.539191
xa.x1.np                                  1.08
xa.x1.nn                                  1.08
xa.x1.ln                                  1.08
xa.x1.lp                                  1.08
xa.x1.lnb                          6.56938e-09
xa.x1.lpb                          6.61677e-09
xa.x1.na                               1.07807
doutb                                 0.551105
dout                                  0.550519
xa.x1.nb                               1.07804
doutn                                  0.50974
tcheck                                     -40
pa_00                                  392.754
bpa_00#branch                                0
btchk#branch                                 0
bdoutn#branch                                0
bclk#branch                        4.47488e-11
ean#branch                         3.49581e-14
eap#branch                         4.71012e-14
vclku#branch                                 0
vd#branch                                    0
vcm#branch                         8.20594e-14
vsup#branch                       -2.62097e-05


No. of Data Rows : 12079

  Measurements for Transient Analysis

dlev0               =  1.61885e-06
dlev1               =  2.38807e-06
dlev2               =  9.65074e-06
dlev3               =  7.54131e-06
dlev4               =  9.84622e-06
dlev5               =  1.01525e-05
dlev6               =  1.06987e-05
dlev7               =  1.03737e-05
dlev8               =  8.91352e-06
dlev9               =  9.93339e-06
dlev10              =  1.00638e-05
dlev11              =  1.05096e-05
dlev12              =  9.84258e-06
dlev13              =  1.02875e-05
dlev14              =  4.30316e-06
dlev15              =  1.11675e-05
dlev16              =  1.08220e-05
dlev17              =  9.99996e-01
dlev18              =  1.00001e+00
dlev19              =  1.00000e+00
dlev20              =  1.00001e+00
dlev21              =  1.00001e+00
dlev22              =  1.00001e+00
dlev23              =  1.00001e+00
dlev24              =  1.00000e+00
dlev25              =  1.00001e+00
dlev26              =  1.00001e+00
dlev27              =  1.00001e+00
dlev28              =  1.00001e+00
dlev29              =  1.00000e+00
dlev30              =  1.00001e+00
dlev31              =  1.00001e+00
dlev32              =  1.00001e+00
vdd_meas            =  1.08000e+00
temp_meas           =  -4.00000e+01
vbias_mv            =  3.92754e+02
lowcount            =  1.69998e+01
vos_mv              =  1.49933e+00

ngspice-46 done
