
Note: No compatibility mode selected!


Circuit: * klt sim -- generated corner deck, do not edit

Doing analysis at TEMP = 27.000000 and TNOM = 27.000000

Using SPARSE 1.3 as Direct Linear Solver

Initial Transient Solution
--------------------------

Node                                   Voltage
----                                   -------
vdd                                       1.08
cm                                        0.55
vd                                      -0.048
ap                                       0.526
an                                       0.574
clku                                         0
clk                                          0
ibn                                   0.355463
xa.x1.tmid                         7.88648e-08
xa.x1.tail                            0.557523
xa.x1.np                                  1.08
xa.x1.nn                                  1.08
xa.x1.ln                                  1.08
xa.x1.lp                                  1.08
xa.x1.lnb                          1.44667e-08
xa.x1.lpb                          1.53462e-08
xa.x1.na                               1.07512
doutb                                 0.552662
dout                                  0.554316
xa.x1.nb                               1.07531
doutn                                 0.513255
tcheck                                      27
pa_00                                  355.463
bpa_00#branch                                0
btchk#branch                                 0
bdoutn#branch                                0
bclk#branch                        6.57372e-11
ean#branch                         1.47604e-13
eap#branch                         1.94234e-13
vclku#branch                                 0
vd#branch                                    0
vcm#branch                         3.41838e-13
vsup#branch                        -3.3899e-05


No. of Data Rows : 12099

  Measurements for Transient Analysis

dlev0               =  4.32746e-07
dlev1               =  -4.14597e-06
dlev2               =  -3.91578e-06
dlev3               =  -4.72117e-06
dlev4               =  -1.58047e-06
dlev5               =  -4.26550e-06
dlev6               =  -3.11749e-07
dlev7               =  -8.35865e-06
dlev8               =  -8.51878e-06
dlev9               =  -5.50944e-06
dlev10              =  -4.78917e-06
dlev11              =  -6.82764e-06
dlev12              =  -2.46816e-06
dlev13              =  -4.38707e-06
dlev14              =  -8.90514e-06
dlev15              =  -3.98622e-06
dlev16              =  -5.60533e-06
dlev17              =  9.99998e-01
dlev18              =  9.99996e-01
dlev19              =  9.99998e-01
dlev20              =  9.99997e-01
dlev21              =  9.99997e-01
dlev22              =  9.99997e-01
dlev23              =  9.99998e-01
dlev24              =  1.00000e+00
dlev25              =  9.99997e-01
dlev26              =  9.99997e-01
dlev27              =  1.00000e+00
dlev28              =  9.99997e-01
dlev29              =  1.00000e+00
dlev30              =  1.00000e+00
dlev31              =  1.00000e+00
dlev32              =  9.99997e-01
vdd_meas            =  1.08000e+00
temp_meas           =  2.70000e+01
vbias_mv            =  3.55463e+02
lowcount            =  1.70001e+01
vos_mv              =  1.50030e+00
vcm_meas            =  5.50000e-01

ngspice-46 done
