
Note: No compatibility mode selected!


Circuit: * klt sim -- generated corner deck, do not edit

Doing analysis at TEMP = -40.000000 and TNOM = 27.000000

Using SPARSE 1.3 as Direct Linear Solver

Initial Transient Solution
--------------------------

Node                                   Voltage
----                                   -------
vdd                                       1.32
cm                                        0.55
vd                                      -0.048
ap                                       0.526
an                                       0.574
clku                                         0
clk                                          0
ibn                                   0.368457
xa.x1.tmid                         5.06803e-09
xa.x1.tail                            0.541633
xa.x1.np                                  1.32
xa.x1.nn                                  1.32
xa.x1.ln                                  1.32
xa.x1.lp                                  1.32
xa.x1.lnb                            4.998e-08
xa.x1.lpb                          4.93907e-08
xa.x1.na                               1.30036
doutb                                 0.703476
dout                                  0.704977
xa.x1.nb                               1.30092
doutn                                 0.534073
tcheck                                     -40
pa_00                                  368.457
bpa_00#branch                                0
btchk#branch                                 0
bdoutn#branch                                0
bclk#branch                        5.02007e-10
ean#branch                         5.09676e-13
eap#branch                         6.36796e-13
vclku#branch                                 0
vd#branch                                    0
vcm#branch                         1.14647e-12
vsup#branch                       -0.000121819


No. of Data Rows : 12408

  Measurements for Transient Analysis

dlev0               =  -1.08035e-06
dlev1               =  -2.93616e-06
dlev2               =  -7.25484e-06
dlev3               =  -2.72260e-06
dlev4               =  -3.72140e-06
dlev5               =  -5.62682e-06
dlev6               =  4.87711e-08
dlev7               =  -7.56478e-07
dlev8               =  -2.95085e-06
dlev9               =  -4.25914e-06
dlev10              =  -7.63608e-09
dlev11              =  -6.07875e-06
dlev12              =  -2.40897e-06
dlev13              =  -2.80628e-06
dlev14              =  -6.69497e-06
dlev15              =  -6.05239e-06
dlev16              =  -4.04753e-06
dlev17              =  9.99999e-01
dlev18              =  9.99998e-01
dlev19              =  9.99997e-01
dlev20              =  9.99997e-01
dlev21              =  9.99998e-01
dlev22              =  9.99999e-01
dlev23              =  9.99996e-01
dlev24              =  9.99997e-01
dlev25              =  1.00000e+00
dlev26              =  9.99997e-01
dlev27              =  9.99997e-01
dlev28              =  9.99998e-01
dlev29              =  9.99998e-01
dlev30              =  9.99999e-01
dlev31              =  9.99998e-01
dlev32              =  9.99999e-01
vdd_meas            =  1.32000e+00
temp_meas           =  -4.00000e+01
vbias_mv            =  3.68457e+02
lowcount            =  1.70001e+01
vos_mv              =  1.50028e+00
vcm_meas            =  5.50000e-01

ngspice-46 done
