
Note: No compatibility mode selected!


Circuit: * klt sim -- generated corner deck, do not edit

Doing analysis at TEMP = 27.000000 and TNOM = 27.000000

Using SPARSE 1.3 as Direct Linear Solver

Initial Transient Solution
--------------------------

Node                                   Voltage
----                                   -------
vdd                                       1.32
cm                                         0.6
vd                                      -0.048
ap                                       0.576
an                                       0.624
clku                                         0
clk                                          0
ibn                                   0.289294
xa.x1.tmid                         2.97369e-06
xa.x1.tail                            0.579444
xa.x1.np                                  1.32
xa.x1.nn                                  1.32
xa.x1.ln                                  1.32
xa.x1.lp                                  1.32
xa.x1.lnb                           7.2133e-08
xa.x1.lpb                          7.50367e-08
xa.x1.na                                  1.32
doutb                              7.65183e-08
dout                                      1.32
xa.x1.nb                                  1.32
doutn                                        1
tcheck                                      27
pa_00                                  289.294
bpa_00#branch                                0
btchk#branch                                 0
bdoutn#branch                                0
bclk#branch                        2.47711e-10
ean#branch                         3.46634e-12
eap#branch                         4.31866e-12
vclku#branch                                 0
vd#branch                                    0
vcm#branch                         7.78499e-12
vsup#branch                       -2.00083e-05


No. of Data Rows : 12398

  Measurements for Transient Analysis

dlev0               =  -2.67570e-06
dlev1               =  -3.74645e-06
dlev2               =  -4.01219e-06
dlev3               =  -5.04794e-06
dlev4               =  -3.41173e-06
dlev5               =  -6.76825e-07
dlev6               =  -1.05082e-06
dlev7               =  -4.33374e-07
dlev8               =  -1.69993e-06
dlev9               =  -4.75396e-06
dlev10              =  -2.62862e-06
dlev11              =  -1.97704e-06
dlev12              =  -2.67666e-06
dlev13              =  -2.32136e-06
dlev14              =  -2.29947e-06
dlev15              =  -4.51475e-06
dlev16              =  -4.28322e-06
dlev17              =  -4.66565e-06
dlev18              =  1.00000e+00
dlev19              =  9.99999e-01
dlev20              =  1.00000e+00
dlev21              =  1.00000e+00
dlev22              =  1.00000e+00
dlev23              =  9.99999e-01
dlev24              =  9.99998e-01
dlev25              =  1.00000e+00
dlev26              =  9.99999e-01
dlev27              =  1.00000e+00
dlev28              =  1.00000e+00
dlev29              =  1.00000e+00
dlev30              =  1.00000e+00
dlev31              =  9.99999e-01
dlev32              =  9.99998e-01
vdd_meas            =  1.32000e+00
temp_meas           =  2.70000e+01
vbias_mv            =  2.89294e+02
lowcount            =  1.80001e+01
vos_mv              =  4.50019e+00

ngspice-46 done
