
Note: No compatibility mode selected!


Circuit: * klt sim -- generated corner deck, do not edit

Doing analysis at TEMP = 125.000000 and TNOM = 27.000000

Using SPARSE 1.3 as Direct Linear Solver

Initial Transient Solution
--------------------------

Node                                   Voltage
----                                   -------
vdd                                       1.08
cm                                        0.55
vd                                      -0.048
ap                                       0.526
an                                       0.574
clku                                         0
clk                                          0
ibn                                    0.20449
xa.x1.tmid                         0.000285888
xa.x1.tail                            0.531757
xa.x1.np                               1.07992
xa.x1.nn                               1.07976
xa.x1.ln                                  1.08
xa.x1.lp                                  1.08
xa.x1.lnb                          1.89142e-05
xa.x1.lpb                          1.82981e-05
xa.x1.na                               1.05393
doutb                                 0.561815
dout                                  0.562137
xa.x1.nb                               1.05522
doutn                                 0.520497
tcheck                                     125
pa_00                                   204.49
bpa_00#branch                                0
btchk#branch                                 0
bdoutn#branch                                0
bclk#branch                        1.12652e-09
ean#branch                         6.33274e-12
eap#branch                         8.18459e-12
vclku#branch                                 0
vd#branch                                    0
vcm#branch                         1.45173e-11
vsup#branch                       -0.000122867


No. of Data Rows : 12078

  Measurements for Transient Analysis

dlev0               =  1.90889e-05
dlev1               =  1.89658e-05
dlev2               =  1.99224e-05
dlev3               =  2.08590e-05
dlev4               =  1.97046e-05
dlev5               =  1.92615e-05
dlev6               =  1.82852e-05
dlev7               =  1.87732e-05
dlev8               =  1.87571e-05
dlev9               =  1.88115e-05
dlev10              =  1.82154e-05
dlev11              =  1.88894e-05
dlev12              =  1.89020e-05
dlev13              =  1.88455e-05
dlev14              =  1.82090e-05
dlev15              =  1.87714e-05
dlev16              =  1.83500e-05
dlev17              =  9.99985e-01
dlev18              =  9.99984e-01
dlev19              =  9.99983e-01
dlev20              =  9.99983e-01
dlev21              =  9.99983e-01
dlev22              =  9.99983e-01
dlev23              =  9.99983e-01
dlev24              =  9.99984e-01
dlev25              =  9.99984e-01
dlev26              =  9.99984e-01
dlev27              =  9.99984e-01
dlev28              =  9.99984e-01
dlev29              =  9.99984e-01
dlev30              =  9.99984e-01
dlev31              =  9.99984e-01
dlev32              =  9.99984e-01
vdd_meas            =  1.08000e+00
temp_meas           =  1.25000e+02
vbias_mv            =  2.04490e+02
lowcount            =  1.69999e+01
vos_mv              =  1.49981e+00
vcm_meas            =  5.50000e-01

ngspice-46 done
