
Note: No compatibility mode selected!


Circuit: * klt sim -- generated corner deck, do not edit

Doing analysis at TEMP = -40.000000 and TNOM = 27.000000

Using SPARSE 1.3 as Direct Linear Solver

Initial Transient Solution
--------------------------

Node                                   Voltage
----                                   -------
vdd                                       1.08
cm                                         0.6
vd                                      -0.048
ap                                       0.576
an                                       0.624
clku                                         0
clk                                          0
ibn                                   0.302085
xa.x1.tmid                         2.05423e-07
xa.x1.tail                            0.525251
xa.x1.np                                  1.08
xa.x1.nn                                  1.08
xa.x1.ln                                  1.08
xa.x1.lp                                  1.08
xa.x1.lnb                          8.27674e-08
xa.x1.lpb                          8.00087e-08
xa.x1.na                                  1.08
doutb                              8.40026e-08
dout                                      1.08
xa.x1.nb                                  1.08
doutn                                        1
tcheck                                     -40
pa_00                                  302.085
bpa_00#branch                                0
btchk#branch                                 0
bdoutn#branch                                0
bclk#branch                        4.59957e-10
ean#branch                         6.86312e-13
eap#branch                         9.05498e-13
vclku#branch                                 0
vd#branch                                    0
vcm#branch                         1.59181e-12
vsup#branch                       -2.00017e-05


No. of Data Rows : 12146

  Measurements for Transient Analysis

dlev0               =  4.67592e-06
dlev1               =  3.57951e-06
dlev2               =  -4.57804e-07
dlev3               =  -3.52654e-06
dlev4               =  7.74999e-07
dlev5               =  5.21398e-07
dlev6               =  2.66906e-06
dlev7               =  1.37684e-06
dlev8               =  8.00212e-07
dlev9               =  1.06916e-06
dlev10              =  1.29950e-06
dlev11              =  1.00734e-06
dlev12              =  -2.79694e-06
dlev13              =  1.72836e-06
dlev14              =  7.29000e-07
dlev15              =  7.16653e-07
dlev16              =  3.47871e-07
dlev17              =  1.00000e+00
dlev18              =  1.00000e+00
dlev19              =  1.00000e+00
dlev20              =  1.00000e+00
dlev21              =  1.00000e+00
dlev22              =  1.00000e+00
dlev23              =  1.00000e+00
dlev24              =  1.00000e+00
dlev25              =  1.00000e+00
dlev26              =  1.00000e+00
dlev27              =  1.00000e+00
dlev28              =  1.00000e+00
dlev29              =  1.00000e+00
dlev30              =  1.00000e+00
dlev31              =  1.00000e+00
dlev32              =  1.00000e+00
vdd_meas            =  1.08000e+00
temp_meas           =  -4.00000e+01
vbias_mv            =  3.02085e+02
lowcount            =  1.70000e+01
vos_mv              =  1.49990e+00

ngspice-46 done
