
Note: No compatibility mode selected!


Circuit: * klt sim -- generated corner deck, do not edit

Doing analysis at TEMP = -40.000000 and TNOM = 27.000000

Using SPARSE 1.3 as Direct Linear Solver

Initial Transient Solution
--------------------------

Node                                   Voltage
----                                   -------
vdd                                       1.08
cm                                        0.65
vd                                      -0.048
ap                                       0.626
an                                       0.674
clku                                         0
clk                                          0
ibn                                   0.346028
xa.x1.tmid                         2.71605e-08
xa.x1.tail                            0.609181
xa.x1.np                                  1.08
xa.x1.nn                                  1.08
xa.x1.ln                                  1.08
xa.x1.lp                                  1.08
xa.x1.lnb                          2.12181e-08
xa.x1.lpb                          2.15291e-08
xa.x1.na                                  1.08
doutb                              2.08333e-08
dout                                      1.08
xa.x1.nb                                  1.08
doutn                                        1
tcheck                                     -40
pa_00                                  346.028
bpa_00#branch                                0
btchk#branch                                 0
bdoutn#branch                                0
bclk#branch                        1.43475e-10
ean#branch                         1.72223e-13
eap#branch                         2.33841e-13
vclku#branch                                 0
vd#branch                                    0
vcm#branch                         4.06064e-13
vsup#branch                       -2.00004e-05


No. of Data Rows : 12143

  Measurements for Transient Analysis

dlev0               =  5.88412e-06
dlev1               =  5.46385e-06
dlev2               =  3.64399e-06
dlev3               =  4.70212e-06
dlev4               =  4.00710e-06
dlev5               =  4.19794e-06
dlev6               =  4.72583e-06
dlev7               =  2.91356e-06
dlev8               =  5.08972e-06
dlev9               =  4.96586e-06
dlev10              =  5.92037e-06
dlev11              =  2.63628e-06
dlev12              =  4.21820e-06
dlev13              =  4.97253e-06
dlev14              =  6.30887e-06
dlev15              =  6.86333e-06
dlev16              =  1.00000e+00
dlev17              =  1.00000e+00
dlev18              =  1.00000e+00
dlev19              =  1.00000e+00
dlev20              =  1.00000e+00
dlev21              =  1.00000e+00
dlev22              =  1.00000e+00
dlev23              =  1.00000e+00
dlev24              =  1.00000e+00
dlev25              =  1.00000e+00
dlev26              =  1.00000e+00
dlev27              =  1.00000e+00
dlev28              =  1.00000e+00
dlev29              =  1.00000e+00
dlev30              =  1.00000e+00
dlev31              =  1.00000e+00
dlev32              =  1.00000e+00
vdd_meas            =  1.08000e+00
temp_meas           =  -4.00000e+01
vbias_mv            =  3.46028e+02
lowcount            =  1.59999e+01
vos_mv              =  -1.50036e+00
vcm_meas            =  6.50000e-01

ngspice-46 done
