
Note: No compatibility mode selected!


Circuit: * klt sim -- generated corner deck, do not edit

Doing analysis at TEMP = 27.000000 and TNOM = 27.000000

Using SPARSE 1.3 as Direct Linear Solver

Initial Transient Solution
--------------------------

Node                                   Voltage
----                                   -------
vdd                                       1.08
cm                                         0.6
vd                                      -0.048
ap                                       0.576
an                                       0.624
clku                                         0
clk                                          0
ibn                                   0.307943
xa.x1.tmid                         1.27964e-06
xa.x1.tail                            0.574461
xa.x1.np                                  1.08
xa.x1.nn                                  1.08
xa.x1.ln                                  1.08
xa.x1.lp                                  1.08
xa.x1.lnb                          8.48043e-08
xa.x1.lpb                           9.2945e-08
xa.x1.na                               1.06935
doutb                                   0.5487
dout                                  0.558124
xa.x1.nb                               1.06875
doutn                                 0.516781
tcheck                                      27
pa_00                                  307.943
bpa_00#branch                                0
btchk#branch                                 0
bdoutn#branch                                0
bclk#branch                        2.14163e-10
ean#branch                         4.85195e-13
eap#branch                         6.43291e-13
vclku#branch                                 0
vd#branch                                    0
vcm#branch                         1.12849e-12
vsup#branch                       -5.71942e-05


No. of Data Rows : 12212

  Measurements for Transient Analysis

dlev0               =  8.61822e-06
dlev1               =  -5.18865e-06
dlev2               =  -4.81114e-06
dlev3               =  -4.45325e-06
dlev4               =  -3.96153e-06
dlev5               =  -3.40848e-06
dlev6               =  -2.91918e-06
dlev7               =  -2.54202e-06
dlev8               =  -1.44217e-06
dlev9               =  -5.32342e-08
dlev10              =  -1.31551e-06
dlev11              =  2.26200e-06
dlev12              =  7.41248e-07
dlev13              =  1.10452e-06
dlev14              =  1.27361e-06
dlev15              =  1.57889e-06
dlev16              =  1.00000e+00
dlev17              =  9.99999e-01
dlev18              =  9.99999e-01
dlev19              =  1.00000e+00
dlev20              =  9.99999e-01
dlev21              =  9.99999e-01
dlev22              =  9.99999e-01
dlev23              =  9.99999e-01
dlev24              =  9.99999e-01
dlev25              =  1.00000e+00
dlev26              =  1.00000e+00
dlev27              =  1.00000e+00
dlev28              =  1.00000e+00
dlev29              =  1.00000e+00
dlev30              =  1.00000e+00
dlev31              =  1.00000e+00
dlev32              =  1.00000e+00
vdd_meas            =  1.08000e+00
temp_meas           =  2.70000e+01
vbias_mv            =  3.07943e+02
lowcount            =  1.60000e+01
vos_mv              =  -1.49994e+00

ngspice-46 done
