
Note: No compatibility mode selected!


Circuit: * klt sim -- generated corner deck, do not edit

Doing analysis at TEMP = 27.000000 and TNOM = 27.000000

Using SPARSE 1.3 as Direct Linear Solver

Initial Transient Solution
--------------------------

Node                                   Voltage
----                                   -------
vdd                                        1.2
cm                                        0.55
vd                                      -0.048
ap                                       0.526
an                                       0.574
clku                                         0
clk                                          0
ibn                                   0.287528
xa.x1.tmid                         2.85852e-06
xa.x1.tail                            0.534299
xa.x1.np                                   1.2
xa.x1.nn                                   1.2
xa.x1.ln                                   1.2
xa.x1.lp                                   1.2
xa.x1.lnb                          5.64975e-08
xa.x1.lpb                          5.30927e-08
xa.x1.na                                   1.2
doutb                                      1.2
dout                               5.62244e-08
xa.x1.nb                                   1.2
doutn                              4.68537e-08
tcheck                                      27
pa_00                                  287.528
bpa_00#branch                                0
btchk#branch                                 0
bdoutn#branch                                0
bclk#branch                        1.75443e-10
ean#branch                         2.49431e-12
eap#branch                         3.14465e-12
vclku#branch                                 0
vd#branch                                    0
vcm#branch                         5.63896e-12
vsup#branch                       -2.00074e-05


No. of Data Rows : 12275

  Measurements for Transient Analysis

dlev0               =  2.43191e-06
dlev1               =  -2.71193e-07
dlev2               =  6.96341e-07
dlev3               =  1.97550e-06
dlev4               =  3.35514e-08
dlev5               =  7.47300e-07
dlev6               =  -4.54333e-07
dlev7               =  4.38372e-07
dlev8               =  -2.13345e-07
dlev9               =  1.34908e-06
dlev10              =  1.40183e-06
dlev11              =  -9.91570e-08
dlev12              =  -1.00673e-06
dlev13              =  1.31978e-06
dlev14              =  -6.16923e-07
dlev15              =  -9.24015e-07
dlev16              =  1.00000e+00
dlev17              =  1.00000e+00
dlev18              =  1.00000e+00
dlev19              =  1.00000e+00
dlev20              =  1.00000e+00
dlev21              =  1.00000e+00
dlev22              =  1.00000e+00
dlev23              =  1.00000e+00
dlev24              =  1.00000e+00
dlev25              =  1.00000e+00
dlev26              =  1.00000e+00
dlev27              =  1.00000e+00
dlev28              =  1.00000e+00
dlev29              =  1.00000e+00
dlev30              =  1.00000e+00
dlev31              =  1.00000e+00
dlev32              =  1.00000e+00
vdd_meas            =  1.20000e+00
temp_meas           =  2.70000e+01
vbias_mv            =  2.87528e+02
lowcount            =  1.60000e+01
vos_mv              =  -1.50004e+00
vcm_meas            =  5.50000e-01

ngspice-46 done
