
Note: No compatibility mode selected!


Circuit: * klt sim -- generated corner deck, do not edit

Doing analysis at TEMP = 125.000000 and TNOM = 27.000000

Using SPARSE 1.3 as Direct Linear Solver
Note: Starting dynamic gmin stepping
Note: Dynamic gmin stepping completed

Initial Transient Solution
--------------------------

Node                                   Voltage
----                                   -------
vdd                                        1.2
cm                                         0.6
vd                                      -0.048
ap                                       0.576
an                                       0.624
clku                                         0
clk                                          0
ibn                                   0.229985
xa.x1.tmid                         0.000148707
xa.x1.tail                            0.538293
xa.x1.np                               1.19994
xa.x1.nn                               1.19985
xa.x1.ln                                   1.2
xa.x1.lp                                   1.2
xa.x1.lnb                          1.66153e-06
xa.x1.lpb                          1.72775e-06
xa.x1.na                                   1.2
doutb                              2.20359e-06
dout                                   1.19999
xa.x1.nb                               1.19999
doutn                                 0.999989
tcheck                                     125
pa_00                                  229.985
bpa_00#branch                                0
btchk#branch                                 0
bdoutn#branch                                0
bclk#branch                        2.76221e-10
ean#branch                         2.15375e-12
eap#branch                         2.75874e-12
vclku#branch                                 0
vd#branch                                    0
vcm#branch                         4.91249e-12
vsup#branch                       -2.02856e-05


No. of Data Rows : 12122

  Measurements for Transient Analysis

dlev0               =  2.97540e-06
dlev1               =  1.74743e-06
dlev2               =  2.99778e-06
dlev3               =  2.80731e-06
dlev4               =  2.59821e-06
dlev5               =  1.66229e-06
dlev6               =  2.30414e-06
dlev7               =  2.42173e-06
dlev8               =  2.08715e-06
dlev9               =  2.51130e-06
dlev10              =  1.69934e-06
dlev11              =  2.83886e-06
dlev12              =  2.09127e-06
dlev13              =  2.70814e-06
dlev14              =  9.99990e-01
dlev15              =  9.99990e-01
dlev16              =  9.99990e-01
dlev17              =  9.99989e-01
dlev18              =  9.99989e-01
dlev19              =  9.99990e-01
dlev20              =  9.99990e-01
dlev21              =  9.99990e-01
dlev22              =  9.99990e-01
dlev23              =  9.99989e-01
dlev24              =  9.99990e-01
dlev25              =  9.99990e-01
dlev26              =  9.99989e-01
dlev27              =  9.99989e-01
dlev28              =  9.99989e-01
dlev29              =  9.99989e-01
dlev30              =  9.99989e-01
dlev31              =  9.99990e-01
dlev32              =  9.99990e-01
vdd_meas            =  1.20000e+00
temp_meas           =  1.25000e+02
vbias_mv            =  2.29985e+02
lowcount            =  1.40002e+01
vos_mv              =  -7.49951e+00

ngspice-46 done
