
Note: No compatibility mode selected!


Circuit: * klt sim -- generated corner deck, do not edit

Doing analysis at TEMP = -40.000000 and TNOM = 27.000000

Using SPARSE 1.3 as Direct Linear Solver

Initial Transient Solution
--------------------------

Node                                   Voltage
----                                   -------
vdd                                       1.32
cm                                         0.6
vd                                      -0.048
ap                                       0.576
an                                       0.624
clku                                         0
clk                                          0
ibn                                   0.369297
xa.x1.tmid                         5.15394e-09
xa.x1.tail                            0.565358
xa.x1.np                                  1.32
xa.x1.nn                                  1.32
xa.x1.ln                                  1.32
xa.x1.lp                                  1.32
xa.x1.lnb                          5.10602e-08
xa.x1.lpb                          4.97174e-08
xa.x1.na                               1.30112
doutb                                 0.717218
dout                                  0.706487
xa.x1.nb                                1.3014
doutn                                 0.535217
tcheck                                     -40
pa_00                                  369.297
bpa_00#branch                                0
btchk#branch                                 0
bdoutn#branch                                0
bclk#branch                        5.05165e-10
ean#branch                         2.67675e-13
eap#branch                         3.37133e-13
vclku#branch                                 0
vd#branch                                    0
vcm#branch                         6.04808e-13
vsup#branch                       -0.000119241


No. of Data Rows : 12302

  Measurements for Transient Analysis

dlev0               =  -3.77769e-07
dlev1               =  -5.60691e-06
dlev2               =  -2.45416e-06
dlev3               =  -2.58093e-06
dlev4               =  -3.24010e-06
dlev5               =  -5.48338e-06
dlev6               =  -3.63925e-06
dlev7               =  -2.46724e-06
dlev8               =  -4.70844e-06
dlev9               =  -7.40482e-07
dlev10              =  -5.82413e-06
dlev11              =  -4.44643e-06
dlev12              =  -3.35988e-06
dlev13              =  -3.68833e-06
dlev14              =  -6.24528e-06
dlev15              =  1.00000e+00
dlev16              =  9.99999e-01
dlev17              =  9.99999e-01
dlev18              =  9.99997e-01
dlev19              =  9.99997e-01
dlev20              =  9.99997e-01
dlev21              =  9.99998e-01
dlev22              =  9.99998e-01
dlev23              =  9.99997e-01
dlev24              =  9.99999e-01
dlev25              =  9.99999e-01
dlev26              =  9.99998e-01
dlev27              =  9.99998e-01
dlev28              =  9.99997e-01
dlev29              =  9.99997e-01
dlev30              =  9.99997e-01
dlev31              =  9.99997e-01
dlev32              =  9.99996e-01
vdd_meas            =  1.32000e+00
temp_meas           =  -4.00000e+01
vbias_mv            =  3.69297e+02
lowcount            =  1.50001e+01
vos_mv              =  -4.49971e+00

ngspice-46 done
