
Note: No compatibility mode selected!


Circuit: * klt sim -- generated corner deck, do not edit

Doing analysis at TEMP = 27.000000 and TNOM = 27.000000

Using SPARSE 1.3 as Direct Linear Solver

Initial Transient Solution
--------------------------

Node                                   Voltage
----                                   -------
vdd                                        1.2
cm                                         0.6
vd                                      -0.048
ap                                       0.576
an                                       0.624
clku                                         0
clk                                          0
ibn                                    0.30808
xa.x1.tmid                         1.36934e-06
xa.x1.tail                            0.576266
xa.x1.np                                   1.2
xa.x1.nn                                   1.2
xa.x1.ln                                   1.2
xa.x1.lp                                   1.2
xa.x1.lnb                           9.3516e-08
xa.x1.lpb                           9.5211e-08
xa.x1.na                               1.18039
doutb                                 0.624188
dout                                  0.611596
xa.x1.nb                               1.18175
doutn                                 0.509663
tcheck                                      27
pa_00                                   308.08
bpa_00#branch                                0
btchk#branch                                 0
bdoutn#branch                                0
bclk#branch                        3.07862e-10
ean#branch                         9.36862e-13
eap#branch                         1.19987e-12
vclku#branch                                 0
vd#branch                                    0
vcm#branch                         2.13674e-12
vsup#branch                       -9.35408e-05


No. of Data Rows : 12200

  Measurements for Transient Analysis

dlev0               =  -5.63469e-06
dlev1               =  -2.89008e-06
dlev2               =  -2.65176e-06
dlev3               =  1.68973e-06
dlev4               =  1.00319e-06
dlev5               =  -1.44208e-06
dlev6               =  -2.96764e-06
dlev7               =  -2.81134e-06
dlev8               =  -2.88858e-06
dlev9               =  -3.36489e-06
dlev10              =  -3.45765e-06
dlev11              =  -3.25390e-06
dlev12              =  -1.96607e-06
dlev13              =  5.87226e-07
dlev14              =  -2.67187e-06
dlev15              =  -3.84326e-06
dlev16              =  1.00000e+00
dlev17              =  1.00000e+00
dlev18              =  1.00000e+00
dlev19              =  1.00000e+00
dlev20              =  1.00000e+00
dlev21              =  1.00000e+00
dlev22              =  9.99999e-01
dlev23              =  1.00000e+00
dlev24              =  9.99999e-01
dlev25              =  1.00000e+00
dlev26              =  1.00000e+00
dlev27              =  1.00000e+00
dlev28              =  1.00000e+00
dlev29              =  9.99999e-01
dlev30              =  9.99999e-01
dlev31              =  9.99999e-01
dlev32              =  9.99999e-01
vdd_meas            =  1.20000e+00
temp_meas           =  2.70000e+01
vbias_mv            =  3.08080e+02
lowcount            =  1.60000e+01
vos_mv              =  -1.49989e+00

ngspice-46 done
