
Note: No compatibility mode selected!


Circuit: * klt sim -- generated corner deck, do not edit

Doing analysis at TEMP = 27.000000 and TNOM = 27.000000

Using SPARSE 1.3 as Direct Linear Solver

Initial Transient Solution
--------------------------

Node                                   Voltage
----                                   -------
vdd                                       1.32
cm                                         0.6
vd                                      -0.048
ap                                       0.576
an                                       0.624
clku                                         0
clk                                          0
ibn                                   0.307453
xa.x1.tmid                         1.34744e-06
xa.x1.tail                            0.582076
xa.x1.np                                  1.32
xa.x1.nn                                  1.32
xa.x1.ln                                  1.32
xa.x1.lp                                  1.32
xa.x1.lnb                          9.65233e-08
xa.x1.lpb                          1.14387e-07
xa.x1.na                                  1.32
doutb                                     1.32
dout                               1.18402e-07
xa.x1.nb                                  1.32
doutn                              8.96985e-08
tcheck                                      27
pa_00                                  307.453
bpa_00#branch                                0
btchk#branch                                 0
bdoutn#branch                                0
bclk#branch                        4.35863e-10
ean#branch                          1.6922e-12
eap#branch                         2.11925e-12
vclku#branch                                 0
vd#branch                                    0
vcm#branch                         3.81145e-12
vsup#branch                       -2.00044e-05


No. of Data Rows : 12304

  Measurements for Transient Analysis

dlev0               =  -3.16726e-06
dlev1               =  -6.90742e-06
dlev2               =  -1.14623e-06
dlev3               =  -6.73618e-07
dlev4               =  -5.51739e-06
dlev5               =  -5.67627e-06
dlev6               =  -1.37345e-06
dlev7               =  -5.48107e-08
dlev8               =  -1.44352e-07
dlev9               =  -5.59367e-06
dlev10              =  1.91978e-07
dlev11              =  -2.45236e-07
dlev12              =  -1.71405e-07
dlev13              =  -4.74917e-07
dlev14              =  -5.83938e-06
dlev15              =  -5.87595e-06
dlev16              =  1.00000e+00
dlev17              =  9.99998e-01
dlev18              =  9.99997e-01
dlev19              =  9.99999e-01
dlev20              =  1.00000e+00
dlev21              =  9.99997e-01
dlev22              =  1.00000e+00
dlev23              =  1.00000e+00
dlev24              =  9.99997e-01
dlev25              =  9.99998e-01
dlev26              =  9.99997e-01
dlev27              =  9.99998e-01
dlev28              =  9.99999e-01
dlev29              =  9.99999e-01
dlev30              =  9.99999e-01
dlev31              =  9.99999e-01
dlev32              =  9.99999e-01
vdd_meas            =  1.32000e+00
temp_meas           =  2.70000e+01
vbias_mv            =  3.07453e+02
lowcount            =  1.60001e+01
vos_mv              =  -1.49979e+00

ngspice-46 done
