
Note: No compatibility mode selected!


Circuit: * klt sim -- generated corner deck, do not edit

Doing analysis at TEMP = -40.000000 and TNOM = 27.000000

Using SPARSE 1.3 as Direct Linear Solver

Initial Transient Solution
--------------------------

Node                                   Voltage
----                                   -------
vdd                                        1.2
cm                                         0.6
vd                                      -0.048
ap                                       0.576
an                                       0.624
clku                                         0
clk                                          0
ibn                                   0.392067
xa.x1.tmid                         1.47233e-09
xa.x1.tail                            0.573552
xa.x1.np                                   1.2
xa.x1.nn                                   1.2
xa.x1.ln                                   1.2
xa.x1.lp                                   1.2
xa.x1.lnb                          8.01429e-09
xa.x1.lpb                          7.75951e-09
xa.x1.na                               1.19394
doutb                                 0.604118
dout                                  0.615892
xa.x1.nb                               1.19321
doutn                                 0.513243
tcheck                                     -40
pa_00                                  392.067
bpa_00#branch                                0
btchk#branch                                 0
bdoutn#branch                                0
bclk#branch                         6.4154e-11
ean#branch                         7.03049e-14
eap#branch                         9.10938e-14
vclku#branch                                 0
vd#branch                                    0
vcm#branch                         1.61399e-13
vsup#branch                       -4.36511e-05


No. of Data Rows : 12216

  Measurements for Transient Analysis

dlev0               =  -5.04821e-06
dlev1               =  8.99707e-06
dlev2               =  3.18604e-06
dlev3               =  -4.46737e-06
dlev4               =  1.00194e-07
dlev5               =  -2.41338e-08
dlev6               =  -2.77834e-07
dlev7               =  -4.15126e-07
dlev8               =  -4.06375e-07
dlev9               =  1.28065e-07
dlev10              =  4.05572e-06
dlev11              =  6.78049e-07
dlev12              =  3.88889e-06
dlev13              =  2.08848e-06
dlev14              =  8.56618e-06
dlev15              =  -4.59645e-07
dlev16              =  1.00000e+00
dlev17              =  9.99999e-01
dlev18              =  1.00000e+00
dlev19              =  9.99997e-01
dlev20              =  9.99998e-01
dlev21              =  9.99997e-01
dlev22              =  9.99999e-01
dlev23              =  9.99998e-01
dlev24              =  9.99997e-01
dlev25              =  9.99997e-01
dlev26              =  9.99997e-01
dlev27              =  9.99997e-01
dlev28              =  9.99999e-01
dlev29              =  1.00000e+00
dlev30              =  9.99997e-01
dlev31              =  9.99997e-01
dlev32              =  9.99998e-01
vdd_meas            =  1.20000e+00
temp_meas           =  -4.00000e+01
vbias_mv            =  3.92067e+02
lowcount            =  1.60000e+01
vos_mv              =  -1.49997e+00

ngspice-46 done
