
Note: No compatibility mode selected!


Circuit: * klt sim -- generated corner deck, do not edit

Doing analysis at TEMP = -40.000000 and TNOM = 27.000000

Using SPARSE 1.3 as Direct Linear Solver

Initial Transient Solution
--------------------------

Node                                   Voltage
----                                   -------
vdd                                       1.08
cm                                         0.6
vd                                      -0.048
ap                                       0.576
an                                       0.624
clku                                         0
clk                                          0
ibn                                   0.344978
xa.x1.tmid                         2.57407e-08
xa.x1.tail                            0.548973
xa.x1.np                                  1.08
xa.x1.nn                                  1.08
xa.x1.ln                                  1.08
xa.x1.lp                                  1.08
xa.x1.lnb                          2.10124e-08
xa.x1.lpb                          2.00975e-08
xa.x1.na                               1.07452
doutb                                  0.55989
dout                                  0.557287
xa.x1.nb                               1.07429
doutn                                 0.516007
tcheck                                     -40
pa_00                                  344.978
bpa_00#branch                                0
btchk#branch                                 0
bdoutn#branch                                0
bclk#branch                        1.42998e-10
ean#branch                         1.55792e-13
eap#branch                         2.07001e-13
vclku#branch                                 0
vd#branch                                    0
vcm#branch                         3.62793e-13
vsup#branch                       -4.17069e-05


No. of Data Rows : 12144

  Measurements for Transient Analysis

dlev0               =  1.44980e-07
dlev1               =  3.68796e-07
dlev2               =  4.79011e-07
dlev3               =  1.59761e-07
dlev4               =  2.50706e-07
dlev5               =  1.93652e-07
dlev6               =  -2.49171e-06
dlev7               =  1.82435e-08
dlev8               =  -3.73424e-06
dlev9               =  3.78254e-07
dlev10              =  -1.20167e-07
dlev11              =  -1.20735e-05
dlev12              =  -6.20738e-07
dlev13              =  7.65940e-07
dlev14              =  -2.35961e-06
dlev15              =  -1.54745e-06
dlev16              =  -3.02931e-06
dlev17              =  -8.99348e-08
dlev18              =  1.00000e+00
dlev19              =  1.00000e+00
dlev20              =  1.00000e+00
dlev21              =  1.00000e+00
dlev22              =  1.00000e+00
dlev23              =  1.00000e+00
dlev24              =  1.00000e+00
dlev25              =  1.00000e+00
dlev26              =  1.00000e+00
dlev27              =  9.99999e-01
dlev28              =  1.00000e+00
dlev29              =  9.99999e-01
dlev30              =  9.99999e-01
dlev31              =  9.99998e-01
dlev32              =  1.00000e+00
vdd_meas            =  1.08000e+00
temp_meas           =  -4.00000e+01
vbias_mv            =  3.44978e+02
lowcount            =  1.80000e+01
vos_mv              =  4.50008e+00

ngspice-46 done
