
Note: No compatibility mode selected!


Circuit: * klt sim -- generated corner deck, do not edit

Doing analysis at TEMP = 125.000000 and TNOM = 27.000000

Using SPARSE 1.3 as Direct Linear Solver
Note: Starting dynamic gmin stepping
Note: Dynamic gmin stepping completed

Initial Transient Solution
--------------------------

Node                                   Voltage
----                                   -------
vdd                                        1.2
cm                                         0.6
vd                                      -0.048
ap                                       0.576
an                                       0.624
clku                                         0
clk                                          0
ibn                                    0.18642
xa.x1.tmid                         0.000267835
xa.x1.tail                            0.576143
xa.x1.np                               1.19995
xa.x1.nn                               1.19981
xa.x1.ln                                   1.2
xa.x1.lp                                   1.2
xa.x1.lnb                          1.87624e-06
xa.x1.lpb                          1.45331e-06
xa.x1.na                               1.19999
doutb                                  1.19999
dout                                2.1457e-06
xa.x1.nb                                   1.2
doutn                              1.78808e-06
tcheck                                     125
pa_00                                   186.42
bpa_00#branch                                0
btchk#branch                                 0
bdoutn#branch                                0
bclk#branch                        2.77055e-10
ean#branch                         4.33542e-12
eap#branch                          5.5338e-12
vclku#branch                                 0
vd#branch                                    0
vcm#branch                         9.86922e-12
vsup#branch                        -1.0327e-05


No. of Data Rows : 12118

  Measurements for Transient Analysis

dlev0               =  2.53270e-06
dlev1               =  1.96018e-06
dlev2               =  1.57963e-06
dlev3               =  1.79862e-06
dlev4               =  1.94933e-06
dlev5               =  1.93970e-06
dlev6               =  1.79548e-06
dlev7               =  1.77598e-06
dlev8               =  1.80400e-06
dlev9               =  1.60109e-06
dlev10              =  2.09316e-06
dlev11              =  2.10063e-06
dlev12              =  1.54946e-06
dlev13              =  2.11578e-06
dlev14              =  1.92882e-06
dlev15              =  1.71389e-06
dlev16              =  1.96582e-06
dlev17              =  1.91941e-06
dlev18              =  9.99991e-01
dlev19              =  9.99991e-01
dlev20              =  9.99990e-01
dlev21              =  9.99991e-01
dlev22              =  9.99990e-01
dlev23              =  9.99990e-01
dlev24              =  9.99991e-01
dlev25              =  9.99991e-01
dlev26              =  9.99991e-01
dlev27              =  9.99990e-01
dlev28              =  9.99990e-01
dlev29              =  9.99990e-01
dlev30              =  9.99991e-01
dlev31              =  9.99991e-01
dlev32              =  9.99991e-01
vdd_meas            =  1.20000e+00
temp_meas           =  1.25000e+02
vbias_mv            =  1.86420e+02
lowcount            =  1.80001e+01
vos_mv              =  4.50032e+00

ngspice-46 done
