
Note: No compatibility mode selected!


Circuit: * klt sim -- generated corner deck, do not edit

Doing analysis at TEMP = 125.000000 and TNOM = 27.000000

Using SPARSE 1.3 as Direct Linear Solver

Initial Transient Solution
--------------------------

Node                                   Voltage
----                                   -------
vdd                                        1.2
cm                                         0.6
vd                                      -0.048
ap                                       0.576
an                                       0.624
clku                                         0
clk                                          0
ibn                                    0.22801
xa.x1.tmid                         0.000145006
xa.x1.tail                            0.581824
xa.x1.np                               1.19995
xa.x1.nn                               1.19986
xa.x1.ln                                   1.2
xa.x1.lp                                   1.2
xa.x1.lnb                          1.54754e-06
xa.x1.lpb                           1.6178e-06
xa.x1.na                               1.19999
doutb                                  1.19999
dout                               1.98479e-06
xa.x1.nb                                   1.2
doutn                                1.654e-06
tcheck                                     125
pa_00                                   228.01
bpa_00#branch                                0
btchk#branch                                 0
bdoutn#branch                                0
bclk#branch                        2.80231e-10
ean#branch                         4.34741e-12
eap#branch                         5.54026e-12
vclku#branch                                 0
vd#branch                                    0
vcm#branch                         9.88767e-12
vsup#branch                       -2.02725e-05


No. of Data Rows : 12171

  Measurements for Transient Analysis

dlev0               =  1.70537e-06
dlev1               =  1.73848e-06
dlev2               =  1.69837e-06
dlev3               =  1.74721e-06
dlev4               =  1.71263e-06
dlev5               =  1.74100e-06
dlev6               =  1.71306e-06
dlev7               =  1.62171e-06
dlev8               =  1.95745e-06
dlev9               =  2.13912e-06
dlev10              =  1.73216e-06
dlev11              =  1.64152e-06
dlev12              =  2.19846e-06
dlev13              =  2.22216e-06
dlev14              =  1.66589e-06
dlev15              =  1.66036e-06
dlev16              =  1.86489e-06
dlev17              =  9.99988e-01
dlev18              =  9.99988e-01
dlev19              =  9.99988e-01
dlev20              =  9.99989e-01
dlev21              =  9.99988e-01
dlev22              =  9.99988e-01
dlev23              =  9.99988e-01
dlev24              =  9.99988e-01
dlev25              =  9.99988e-01
dlev26              =  9.99988e-01
dlev27              =  9.99988e-01
dlev28              =  9.99988e-01
dlev29              =  9.99988e-01
dlev30              =  9.99988e-01
dlev31              =  9.99988e-01
dlev32              =  9.99988e-01
vdd_meas            =  1.20000e+00
temp_meas           =  1.25000e+02
vbias_mv            =  2.28010e+02
lowcount            =  1.70002e+01
vos_mv              =  1.50047e+00

ngspice-46 done
