
Note: No compatibility mode selected!


Circuit: * klt sim -- generated corner deck, do not edit

Doing analysis at TEMP = 125.000000 and TNOM = 27.000000

Using SPARSE 1.3 as Direct Linear Solver

Initial Transient Solution
--------------------------

Node                                   Voltage
----                                   -------
vdd                                       1.32
cm                                         0.6
vd                                      -0.048
ap                                       0.576
an                                       0.624
clku                                         0
clk                                          0
ibn                                   0.251964
xa.x1.tmid                         7.86488e-05
xa.x1.tail                            0.588644
xa.x1.np                               1.31998
xa.x1.nn                               1.31993
xa.x1.ln                                  1.32
xa.x1.lp                                  1.32
xa.x1.lnb                          3.66984e-06
xa.x1.lpb                          4.11442e-06
xa.x1.na                               1.27961
doutb                                 0.670565
dout                                  0.675982
xa.x1.nb                               1.27995
doutn                                 0.512107
tcheck                                     125
pa_00                                  251.964
bpa_00#branch                                0
btchk#branch                                 0
bdoutn#branch                                0
bclk#branch                        6.77024e-10
ean#branch                         3.76871e-12
eap#branch                         4.71473e-12
vclku#branch                                 0
vd#branch                                    0
vcm#branch                         8.48344e-12
vsup#branch                       -0.000178803


No. of Data Rows : 12257

  Measurements for Transient Analysis

dlev0               =  1.15136e-06
dlev1               =  3.68626e-06
dlev2               =  3.42064e-06
dlev3               =  3.18743e-06
dlev4               =  1.40838e-06
dlev5               =  -4.03825e-06
dlev6               =  3.43772e-06
dlev7               =  3.50912e-06
dlev8               =  -1.65086e-06
dlev9               =  1.69471e-06
dlev10              =  4.46029e-06
dlev11              =  4.77589e-06
dlev12              =  1.21224e-06
dlev13              =  2.71101e-06
dlev14              =  3.48597e-06
dlev15              =  2.02878e-06
dlev16              =  1.12531e-06
dlev17              =  4.26290e-06
dlev18              =  9.99994e-01
dlev19              =  9.99996e-01
dlev20              =  9.99996e-01
dlev21              =  9.99996e-01
dlev22              =  9.99995e-01
dlev23              =  9.99995e-01
dlev24              =  9.99995e-01
dlev25              =  9.99995e-01
dlev26              =  9.99993e-01
dlev27              =  9.99996e-01
dlev28              =  9.99995e-01
dlev29              =  9.99993e-01
dlev30              =  9.99995e-01
dlev31              =  9.99995e-01
dlev32              =  9.99995e-01
vdd_meas            =  1.32000e+00
temp_meas           =  1.25000e+02
vbias_mv            =  2.51964e+02
lowcount            =  1.80000e+01
vos_mv              =  4.50011e+00

ngspice-46 done
