
Note: No compatibility mode selected!


Circuit: * klt sim -- generated corner deck, do not edit

Doing analysis at TEMP = 125.000000 and TNOM = 27.000000

Using SPARSE 1.3 as Direct Linear Solver

Initial Transient Solution
--------------------------

Node                                   Voltage
----                                   -------
vdd                                       1.08
cm                                         0.6
vd                                      -0.048
ap                                       0.576
an                                       0.624
clku                                         0
clk                                          0
ibn                                   0.272061
xa.x1.tmid                         3.46288e-05
xa.x1.tail                            0.584056
xa.x1.np                               1.07999
xa.x1.nn                               1.07997
xa.x1.ln                                  1.08
xa.x1.lp                                  1.08
xa.x1.lnb                           1.0334e-05
xa.x1.lpb                          7.95717e-06
xa.x1.na                               1.06114
doutb                                  0.58538
dout                                  0.588998
xa.x1.nb                               1.06144
doutn                                 0.545368
tcheck                                     125
pa_00                                  272.061
bpa_00#branch                                0
btchk#branch                                 0
bdoutn#branch                                0
bclk#branch                        6.00313e-10
ean#branch                         5.16864e-13
eap#branch                         6.87839e-13
vclku#branch                                 0
vd#branch                                    0
vcm#branch                          1.2047e-12
vsup#branch                       -8.77365e-05


No. of Data Rows : 12057

  Measurements for Transient Analysis

dlev0               =  8.80240e-06
dlev1               =  8.46942e-06
dlev2               =  8.35169e-06
dlev3               =  8.48770e-06
dlev4               =  8.65839e-06
dlev5               =  8.87312e-06
dlev6               =  9.77634e-06
dlev7               =  8.51215e-06
dlev8               =  9.72695e-06
dlev9               =  1.00043e-05
dlev10              =  1.01287e-05
dlev11              =  8.96264e-06
dlev12              =  9.45203e-06
dlev13              =  9.93035e-06
dlev14              =  1.05094e-05
dlev15              =  9.99998e-01
dlev16              =  9.99998e-01
dlev17              =  9.99998e-01
dlev18              =  9.99998e-01
dlev19              =  9.99998e-01
dlev20              =  9.99998e-01
dlev21              =  9.99998e-01
dlev22              =  9.99998e-01
dlev23              =  9.99998e-01
dlev24              =  9.99998e-01
dlev25              =  9.99998e-01
dlev26              =  9.99998e-01
dlev27              =  9.99998e-01
dlev28              =  9.99997e-01
dlev29              =  9.99998e-01
dlev30              =  9.99997e-01
dlev31              =  9.99997e-01
dlev32              =  9.99998e-01
vdd_meas            =  1.08000e+00
temp_meas           =  1.25000e+02
vbias_mv            =  2.72061e+02
lowcount            =  1.49999e+01
vos_mv              =  -4.50030e+00

ngspice-46 done
