
Note: No compatibility mode selected!


Circuit: * klt sim -- generated corner deck, do not edit

Doing analysis at TEMP = 125.000000 and TNOM = 27.000000

Using SPARSE 1.3 as Direct Linear Solver

Initial Transient Solution
--------------------------

Node                                   Voltage
----                                   -------
vdd                                       1.32
cm                                         0.6
vd                                      -0.048
ap                                       0.576
an                                       0.624
clku                                         0
clk                                          0
ibn                                    0.25247
xa.x1.tmid                         1.86462e-05
xa.x1.tail                            0.607116
xa.x1.np                                  1.32
xa.x1.nn                               1.31999
xa.x1.ln                                  1.32
xa.x1.lp                                  1.32
xa.x1.lnb                          7.98407e-07
xa.x1.lpb                          6.46747e-07
xa.x1.na                                1.2907
doutb                                 0.664667
dout                                  0.668854
xa.x1.nb                               1.29024
doutn                                 0.506708
tcheck                                     125
pa_00                                   252.47
bpa_00#branch                                0
btchk#branch                                 0
bdoutn#branch                                0
bclk#branch                         2.0711e-10
ean#branch                         8.98365e-13
eap#branch                         1.13481e-12
vclku#branch                                 0
vd#branch                                    0
vcm#branch                         2.03318e-12
vsup#branch                       -0.000111548


No. of Data Rows : 12030

  Measurements for Transient Analysis

dlev0               =  2.33963e-06
dlev1               =  3.90814e-07
dlev2               =  4.18893e-07
dlev3               =  5.49205e-07
dlev4               =  4.02828e-07
dlev5               =  1.08812e-06
dlev6               =  1.25106e-07
dlev7               =  7.37120e-08
dlev8               =  -8.17293e-08
dlev9               =  -8.00997e-08
dlev10              =  -1.37320e-07
dlev11              =  -1.44090e-07
dlev12              =  -2.70996e-07
dlev13              =  -3.41763e-07
dlev14              =  -5.25645e-07
dlev15              =  4.24647e-07
dlev16              =  2.22035e-06
dlev17              =  9.99999e-01
dlev18              =  1.00000e+00
dlev19              =  9.99999e-01
dlev20              =  9.99999e-01
dlev21              =  9.99999e-01
dlev22              =  1.00000e+00
dlev23              =  9.99999e-01
dlev24              =  9.99999e-01
dlev25              =  9.99999e-01
dlev26              =  9.99999e-01
dlev27              =  1.00000e+00
dlev28              =  9.99999e-01
dlev29              =  9.99999e-01
dlev30              =  1.00000e+00
dlev31              =  1.00000e+00
dlev32              =  1.00000e+00
vdd_meas            =  1.32000e+00
temp_meas           =  1.25000e+02
vbias_mv            =  2.52470e+02
lowcount            =  1.70000e+01
vos_mv              =  1.50001e+00

ngspice-46 done
