
Note: No compatibility mode selected!


Circuit: * klt sim -- generated corner deck, do not edit

Doing analysis at TEMP = 125.000000 and TNOM = 27.000000

Using SPARSE 1.3 as Direct Linear Solver

Initial Transient Solution
--------------------------

Node                                   Voltage
----                                   -------
vdd                                        1.2
cm                                        0.55
vd                                      -0.048
ap                                       0.526
an                                       0.574
clku                                         0
clk                                          0
ibn                                   0.205374
xa.x1.tmid                         0.000312394
xa.x1.tail                            0.532004
xa.x1.np                               1.19993
xa.x1.nn                               1.19975
xa.x1.ln                                   1.2
xa.x1.lp                                   1.2
xa.x1.lnb                          2.19541e-05
xa.x1.lpb                          1.98553e-05
xa.x1.na                               1.19998
doutb                              2.49783e-05
dout                                   1.19998
xa.x1.nb                               1.19999
doutn                                 0.999985
tcheck                                     125
pa_00                                  205.374
bpa_00#branch                                0
btchk#branch                                 0
bdoutn#branch                                0
bclk#branch                        1.59822e-09
ean#branch                          1.1476e-11
eap#branch                         1.44183e-11
vclku#branch                                 0
vd#branch                                    0
vcm#branch                         2.58943e-11
vsup#branch                       -2.06926e-05


No. of Data Rows : 12174

  Measurements for Transient Analysis

dlev0               =  2.26679e-05
dlev1               =  2.07203e-05
dlev2               =  2.19687e-05
dlev3               =  2.34317e-05
dlev4               =  2.04324e-05
dlev5               =  1.96209e-05
dlev6               =  1.86894e-05
dlev7               =  1.76146e-05
dlev8               =  1.70017e-05
dlev9               =  1.65688e-05
dlev10              =  2.43321e-05
dlev11              =  2.00130e-05
dlev12              =  1.80270e-05
dlev13              =  1.60362e-05
dlev14              =  1.80300e-05
dlev15              =  1.70333e-05
dlev16              =  9.99983e-01
dlev17              =  9.99985e-01
dlev18              =  9.99985e-01
dlev19              =  9.99983e-01
dlev20              =  9.99983e-01
dlev21              =  9.99983e-01
dlev22              =  9.99984e-01
dlev23              =  9.99985e-01
dlev24              =  9.99984e-01
dlev25              =  9.99983e-01
dlev26              =  9.99983e-01
dlev27              =  9.99982e-01
dlev28              =  9.99983e-01
dlev29              =  9.99984e-01
dlev30              =  9.99984e-01
dlev31              =  9.99984e-01
dlev32              =  9.99984e-01
vdd_meas            =  1.20000e+00
temp_meas           =  1.25000e+02
vbias_mv            =  2.05374e+02
lowcount            =  1.60000e+01
vos_mv              =  -1.50010e+00
vcm_meas            =  5.50000e-01

ngspice-46 done
