
Note: No compatibility mode selected!


Circuit: * klt sim -- generated corner deck, do not edit

Doing analysis at TEMP = 27.000000 and TNOM = 27.000000

Using SPARSE 1.3 as Direct Linear Solver

Initial Transient Solution
--------------------------

Node                                   Voltage
----                                   -------
vdd                                       1.32
cm                                         0.6
vd                                      -0.048
ap                                       0.576
an                                       0.624
clku                                         0
clk                                          0
ibn                                     0.3085
xa.x1.tmid                         1.13957e-06
xa.x1.tail                            0.536673
xa.x1.np                                  1.32
xa.x1.nn                                  1.32
xa.x1.ln                                  1.32
xa.x1.lp                                  1.32
xa.x1.lnb                          1.13695e-07
xa.x1.lpb                          9.96569e-08
xa.x1.na                                1.2922
doutb                                 0.674205
dout                                  0.676021
xa.x1.nb                               1.29148
doutn                                 0.512137
tcheck                                      27
pa_00                                    308.5
bpa_00#branch                                0
btchk#branch                                 0
bdoutn#branch                                0
bclk#branch                        4.32772e-10
ean#branch                         1.12498e-12
eap#branch                         1.41252e-12
vclku#branch                                 0
vd#branch                                    0
vcm#branch                          2.5375e-12
vsup#branch                       -0.000141022


No. of Data Rows : 12293

  Measurements for Transient Analysis

dlev0               =  -2.54938e-06
dlev1               =  -3.13379e-06
dlev2               =  8.79424e-08
dlev3               =  -2.69345e-06
dlev4               =  -2.56306e-07
dlev5               =  -2.50020e-07
dlev6               =  -3.23114e-07
dlev7               =  -2.92135e-06
dlev8               =  -3.05885e-06
dlev9               =  -2.99868e-06
dlev10              =  -2.93734e-06
dlev11              =  -3.56904e-07
dlev12              =  4.40507e-07
dlev13              =  -6.88023e-07
dlev14              =  -4.11345e-07
dlev15              =  -4.96994e-07
dlev16              =  6.90320e-07
dlev17              =  1.00000e+00
dlev18              =  1.00000e+00
dlev19              =  9.99999e-01
dlev20              =  1.00000e+00
dlev21              =  1.00000e+00
dlev22              =  9.99999e-01
dlev23              =  1.00000e+00
dlev24              =  1.00000e+00
dlev25              =  1.00000e+00
dlev26              =  1.00000e+00
dlev27              =  9.99999e-01
dlev28              =  1.00000e+00
dlev29              =  1.00000e+00
dlev30              =  1.00000e+00
dlev31              =  1.00000e+00
dlev32              =  1.00000e+00
vdd_meas            =  1.32000e+00
temp_meas           =  2.70000e+01
vbias_mv            =  3.08500e+02
lowcount            =  1.70000e+01
vos_mv              =  1.50007e+00

ngspice-46 done
