
Note: No compatibility mode selected!


Circuit: * klt sim -- generated corner deck, do not edit

Doing analysis at TEMP = -40.000000 and TNOM = 27.000000

Using SPARSE 1.3 as Direct Linear Solver
Note: Starting dynamic gmin stepping
Note: Dynamic gmin stepping completed

Initial Transient Solution
--------------------------

Node                                   Voltage
----                                   -------
vdd                                       1.32
cm                                         0.6
vd                                      -0.048
ap                                       0.576
an                                       0.624
clku                                         0
clk                                          0
ibn                                    0.34082
xa.x1.tmid                         6.74332e-09
xa.x1.tail                            0.587571
xa.x1.np                                  1.32
xa.x1.nn                                  1.32
xa.x1.ln                                  1.32
xa.x1.lp                                  1.32
xa.x1.lnb                          4.97867e-08
xa.x1.lpb                          5.03563e-08
xa.x1.na                                  1.32
doutb                                     1.32
dout                               5.49019e-08
xa.x1.nb                                  1.32
doutn                              4.15923e-08
tcheck                                     -40
pa_00                                   340.82
bpa_00#branch                                0
btchk#branch                                 0
bdoutn#branch                                0
bclk#branch                        5.01664e-10
ean#branch                          4.0179e-13
eap#branch                         5.05873e-13
vclku#branch                                 0
vd#branch                                    0
vcm#branch                         9.07663e-13
vsup#branch                        -1.0001e-05


No. of Data Rows : 12234

  Measurements for Transient Analysis

dlev0               =  -3.93768e-06
dlev1               =  5.46457e-07
dlev2               =  5.68247e-07
dlev3               =  2.54602e-07
dlev4               =  -1.97549e-06
dlev5               =  -3.82915e-06
dlev6               =  3.14307e-07
dlev7               =  7.22085e-07
dlev8               =  -5.02536e-07
dlev9               =  1.30266e-06
dlev10              =  -2.67898e-06
dlev11              =  -6.15402e-07
dlev12              =  7.80379e-07
dlev13              =  5.96035e-07
dlev14              =  1.08196e-06
dlev15              =  -6.97013e-07
dlev16              =  -2.79933e-06
dlev17              =  1.00000e+00
dlev18              =  1.00000e+00
dlev19              =  1.00000e+00
dlev20              =  1.00000e+00
dlev21              =  1.00000e+00
dlev22              =  1.00000e+00
dlev23              =  1.00000e+00
dlev24              =  1.00000e+00
dlev25              =  1.00000e+00
dlev26              =  1.00000e+00
dlev27              =  1.00000e+00
dlev28              =  1.00000e+00
dlev29              =  1.00000e+00
dlev30              =  9.99999e-01
dlev31              =  1.00000e+00
dlev32              =  9.99999e-01
vdd_meas            =  1.32000e+00
temp_meas           =  -4.00000e+01
vbias_mv            =  3.40820e+02
lowcount            =  1.70000e+01
vos_mv              =  1.50002e+00

ngspice-46 done
