
Note: No compatibility mode selected!


Circuit: * klt sim -- generated corner deck, do not edit

Doing analysis at TEMP = -40.000000 and TNOM = 27.000000

Using SPARSE 1.3 as Direct Linear Solver
Note: Starting dynamic gmin stepping
Note: Dynamic gmin stepping completed

Initial Transient Solution
--------------------------

Node                                   Voltage
----                                   -------
vdd                                       1.32
cm                                        0.55
vd                                      -0.048
ap                                       0.526
an                                       0.574
clku                                         0
clk                                          0
ibn                                   0.389834
xa.x1.tmid                          1.5083e-09
xa.x1.tail                            0.549194
xa.x1.np                                  1.32
xa.x1.nn                                  1.32
xa.x1.ln                                  1.32
xa.x1.lp                                  1.32
xa.x1.lnb                          1.04981e-08
xa.x1.lpb                          1.03469e-08
xa.x1.na                                  1.32
doutb                               1.0318e-08
dout                                      1.32
xa.x1.nb                                  1.32
doutn                                        1
tcheck                                     -40
pa_00                                  389.834
bpa_00#branch                                0
btchk#branch                                 0
bdoutn#branch                                0
bclk#branch                        9.04728e-11
ean#branch                         2.50355e-13
eap#branch                         3.14498e-13
vclku#branch                                 0
vd#branch                                    0
vcm#branch                         5.64854e-13
vsup#branch                       -2.00002e-05


No. of Data Rows : 12339

  Measurements for Transient Analysis

dlev0               =  -5.38025e-06
dlev1               =  6.48712e-06
dlev2               =  3.27849e-06
dlev3               =  2.09982e-06
dlev4               =  4.02063e-07
dlev5               =  5.80148e-06
dlev6               =  5.93268e-06
dlev7               =  2.31701e-06
dlev8               =  5.22791e-06
dlev9               =  4.54843e-06
dlev10              =  4.79743e-06
dlev11              =  2.09707e-06
dlev12              =  3.83158e-06
dlev13              =  3.98556e-06
dlev14              =  6.57437e-07
dlev15              =  2.27275e-06
dlev16              =  -4.35736e-07
dlev17              =  9.99999e-01
dlev18              =  9.99999e-01
dlev19              =  1.00000e+00
dlev20              =  1.00000e+00
dlev21              =  9.99999e-01
dlev22              =  1.00000e+00
dlev23              =  1.00000e+00
dlev24              =  1.00000e+00
dlev25              =  1.00000e+00
dlev26              =  1.00000e+00
dlev27              =  1.00000e+00
dlev28              =  1.00000e+00
dlev29              =  1.00000e+00
dlev30              =  1.00000e+00
dlev31              =  1.00000e+00
dlev32              =  1.00000e+00
vdd_meas            =  1.32000e+00
temp_meas           =  -4.00000e+01
vbias_mv            =  3.89834e+02
lowcount            =  1.69999e+01
vos_mv              =  1.49982e+00
vcm_meas            =  5.50000e-01

ngspice-46 done
