
Note: No compatibility mode selected!


Circuit: * klt sim -- generated corner deck, do not edit

Doing analysis at TEMP = 125.000000 and TNOM = 27.000000

Using SPARSE 1.3 as Direct Linear Solver

Initial Transient Solution
--------------------------

Node                                   Voltage
----                                   -------
vdd                                        1.2
vdda                                       1.2
clku                                         0
clk                                          0
cm                                         0.6
sa                                       -0.05
apa                                      0.575
ana                                      0.625
ibna                                  0.162237
xa.x1.tmid                         0.000474072
xa.x1.tail                            0.577037
xa.x1.np                               1.19993
xa.x1.nn                               1.19976
xa.x1.ln                                   1.2
xa.x1.lp                                   1.2
xa.x1.lnb                          1.96774e-05
xa.x1.lpb                            1.967e-05
xa.x1.na                               1.19999
doutba                                 1.19998
douta                               2.5486e-05
xa.x1.nb                               1.19998
sb                                      -0.001
apb                                     0.5995
anb                                     0.6005
ibnb                                  0.162237
xb.x1.tmid                         0.000471298
xb.x1.tail                            0.571059
xb.x1.np                               1.19985
xb.x1.nn                               1.19984
xb.x1.ln                                   1.2
xb.x1.lp                                   1.2
xb.x1.lnb                          1.96613e-05
xb.x1.lpb                          1.96613e-05
xb.x1.na                                1.1634
doutbb                                0.621178
doutb                                 0.621178
xb.x1.nb                                1.1634
sc                                     -0.0001
apc                                    0.59995
anc                                    0.60005
ibnc                                  0.162237
xc.x1.tmid                         0.000471297
xc.x1.tail                            0.571056
xc.x1.np                               1.19985
xc.x1.nn                               1.19985
xc.x1.ln                                   1.2
xc.x1.lp                                   1.2
xc.x1.lnb                          1.96613e-05
xc.x1.lpb                          1.96613e-05
xc.x1.na                                1.1634
doutbc                                0.621178
doutc                                 0.621178
xc.x1.nb                                1.1634
clkn                                         0
dan                                2.12383e-05
dbn                                   0.517648
dcn                                   0.517648
tcheck                                     125
pa_00                              1.28158e-05
bpa_00#branch                                0
vsupa#branch                      -1.06799e-05
btchk#branch                                 0
bdcn#branch                                  0
bdbn#branch                                  0
bdan#branch                                  0
bclkn#branch                                 0
bclk#branch                        4.80835e-09
eanc#branch                        1.01684e-11
eapc#branch                        1.01735e-11
eanb#branch                        1.01456e-11
eapb#branch                        1.01963e-11
eana#branch                        8.96938e-12
eapa#branch                        1.15041e-11
vsc#branch                                   0
vsb#branch                                   0
vsa#branch                                   0
vcm#branch                         6.11573e-11
vclku#branch                                 0
vsup#branch                       -0.000351328


No. of Data Rows : 12042

  Measurements for Transient Analysis

vdd_meas            =  1.20000e+00
vdda_meas           =  1.20000e+00
temp_meas           =  1.25000e+02
td_a                =  8.67192e-10 targ=  4.09172e-08 trig=  4.00500e-08
td_b                =  1.14371e-09 targ=  4.11937e-08 trig=  4.00500e-08
td_c                =  1.29717e-09 targ=  4.13472e-08 trig=  4.00500e-08
dout_od50_first     =  8.19786e-06
dout_od1_first      =  8.45809e-06
dout_od01_first     =  3.35051e-07
dout_od50_end       =  9.99984e-01
dout_od1_end        =  9.99984e-01
dout_od01_end       =  9.99984e-01
td_od50_ns          =  8.67192e-01
td_od1_ns           =  1.14371e+00
td_od01_ns          =  1.29717e+00
tau_ps              =  6.66455e+01
resolve_decades     =  1.71612e+01
i_stat              =  -1.08163e-05 from=  2.50000e-08 to=  2.90025e-08
i_static_ua         =  1.08163e+01
p_avg               =  2.25398e-05 from=  3.00000e-08 to=  6.00000e-08
p_avg_uw            =  2.25398e+01
vref_v              =  1.62237e-01
tmid_eval_v         =  3.42827e-01

ngspice-46 done
