
Note: No compatibility mode selected!


Circuit: * klt sim -- generated corner deck, do not edit

Doing analysis at TEMP = 125.000000 and TNOM = 27.000000

Using SPARSE 1.3 as Direct Linear Solver

Initial Transient Solution
--------------------------

Node                                   Voltage
----                                   -------
vdd                                        1.2
cm                                         0.6
vd                                      -0.048
ap                                       0.576
an                                       0.624
clku                                         0
clk                                          0
ibn                                   0.206972
xa.x1.tmid                         0.000292221
xa.x1.tail                            0.578033
xa.x1.np                               1.19992
xa.x1.nn                               1.19978
xa.x1.ln                                   1.2
xa.x1.lp                                   1.2
xa.x1.lnb                          1.77386e-05
xa.x1.lpb                          2.06537e-05
xa.x1.na                               1.19998
doutb                              2.54758e-05
dout                                   1.19998
xa.x1.nb                               1.19999
doutn                                 0.999982
tcheck                                     125
pa_00                                  206.972
bpa_00#branch                                0
btchk#branch                                 0
bdoutn#branch                                0
bclk#branch                        1.61151e-09
ean#branch                         9.01709e-12
eap#branch                         1.14481e-11
vclku#branch                                 0
vd#branch                                    0
vcm#branch                         2.04652e-11
vsup#branch                       -2.06541e-05


No. of Data Rows : 12152

  Measurements for Transient Analysis

dlev0               =  2.21469e-05
dlev1               =  1.56737e-05
dlev2               =  1.55196e-05
dlev3               =  1.64267e-05
dlev4               =  1.65556e-05
dlev5               =  1.67449e-05
dlev6               =  2.36007e-05
dlev7               =  2.18224e-05
dlev8               =  2.23583e-05
dlev9               =  2.34568e-05
dlev10              =  2.34004e-05
dlev11              =  2.28931e-05
dlev12              =  2.20460e-05
dlev13              =  1.70457e-05
dlev14              =  2.31681e-05
dlev15              =  1.80896e-05
dlev16              =  9.99981e-01
dlev17              =  9.99981e-01
dlev18              =  9.99983e-01
dlev19              =  9.99983e-01
dlev20              =  9.99983e-01
dlev21              =  9.99982e-01
dlev22              =  9.99982e-01
dlev23              =  9.99981e-01
dlev24              =  9.99982e-01
dlev25              =  9.99981e-01
dlev26              =  9.99980e-01
dlev27              =  9.99981e-01
dlev28              =  9.99981e-01
dlev29              =  9.99981e-01
dlev30              =  9.99981e-01
dlev31              =  9.99981e-01
dlev32              =  9.99981e-01
vdd_meas            =  1.20000e+00
temp_meas           =  1.25000e+02
vbias_mv            =  2.06972e+02
lowcount            =  1.60000e+01
vos_mv              =  -1.50001e+00

ngspice-46 done
