
Note: No compatibility mode selected!


Circuit: * klt sim -- generated corner deck, do not edit

Doing analysis at TEMP = 125.000000 and TNOM = 27.000000

Using SPARSE 1.3 as Direct Linear Solver

Initial Transient Solution
--------------------------

Node                                   Voltage
----                                   -------
vdd                                       1.08
cm                                         0.6
vd                                      -0.048
ap                                       0.576
an                                       0.624
clku                                         0
clk                                          0
ibn                                   0.295095
xa.x1.tmid                          1.2375e-05
xa.x1.tail                            0.572689
xa.x1.np                                  1.08
xa.x1.nn                               1.07998
xa.x1.ln                                  1.08
xa.x1.lp                                  1.08
xa.x1.lnb                          6.89411e-07
xa.x1.lpb                          8.37471e-07
xa.x1.na                                  1.08
doutb                                     1.08
dout                                1.0567e-06
xa.x1.nb                                  1.08
doutn                              9.78422e-07
tcheck                                     125
pa_00                                  295.095
bpa_00#branch                                0
btchk#branch                                 0
bdoutn#branch                                0
bclk#branch                        1.00382e-10
ean#branch                         1.63092e-13
eap#branch                          2.1827e-13
vclku#branch                                 0
vd#branch                                    0
vcm#branch                         3.81362e-13
vsup#branch                        -2.0025e-05


No. of Data Rows : 11971

  Measurements for Transient Analysis

dlev0               =  5.15363e-06
dlev1               =  4.65014e-06
dlev2               =  4.68146e-06
dlev3               =  5.28951e-06
dlev4               =  5.22922e-06
dlev5               =  5.16132e-06
dlev6               =  5.10607e-06
dlev7               =  4.79549e-06
dlev8               =  9.17858e-07
dlev9               =  5.87233e-06
dlev10              =  4.43642e-06
dlev11              =  4.21460e-06
dlev12              =  2.94836e-06
dlev13              =  4.20859e-06
dlev14              =  3.81354e-06
dlev15              =  1.12284e-06
dlev16              =  1.00000e+00
dlev17              =  1.00000e+00
dlev18              =  9.99999e-01
dlev19              =  1.00000e+00
dlev20              =  9.99999e-01
dlev21              =  1.00000e+00
dlev22              =  1.00000e+00
dlev23              =  1.00000e+00
dlev24              =  1.00000e+00
dlev25              =  1.00000e+00
dlev26              =  1.00000e+00
dlev27              =  1.00000e+00
dlev28              =  1.00000e+00
dlev29              =  1.00000e+00
dlev30              =  1.00000e+00
dlev31              =  1.00000e+00
dlev32              =  1.00000e+00
vdd_meas            =  1.08000e+00
temp_meas           =  1.25000e+02
vbias_mv            =  2.95095e+02
lowcount            =  1.59999e+01
vos_mv              =  -1.50026e+00

ngspice-46 done
