
Note: No compatibility mode selected!


Circuit: * klt sim -- generated corner deck, do not edit

Doing analysis at TEMP = 27.000000 and TNOM = 27.000000

Using SPARSE 1.3 as Direct Linear Solver

Initial Transient Solution
--------------------------

Node                                   Voltage
----                                   -------
vdd                                       1.32
cm                                         0.6
vd                                      -0.048
ap                                       0.576
an                                       0.624
clku                                         0
clk                                          0
ibn                                   0.336489
xa.x1.tmid                         3.32076e-07
xa.x1.tail                            0.594137
xa.x1.np                                  1.32
xa.x1.nn                                  1.32
xa.x1.ln                                  1.32
xa.x1.lp                                  1.32
xa.x1.lnb                          2.93544e-07
xa.x1.lpb                          2.54083e-07
xa.x1.na                               1.29385
doutb                                 0.705926
dout                                  0.698224
xa.x1.nb                               1.29408
doutn                                 0.528958
tcheck                                      27
pa_00                                  336.489
bpa_00#branch                                0
btchk#branch                                 0
bdoutn#branch                                0
bclk#branch                        7.70162e-10
ean#branch                         8.26506e-13
eap#branch                         1.04042e-12
vclku#branch                                 0
vd#branch                                    0
vcm#branch                         1.86692e-12
vsup#branch                       -0.000145029


No. of Data Rows : 12319

  Measurements for Transient Analysis

dlev0               =  -6.66599e-06
dlev1               =  -5.07497e-06
dlev2               =  -5.34839e-06
dlev3               =  -5.33011e-06
dlev4               =  -1.50015e-06
dlev5               =  -5.44028e-06
dlev6               =  -5.05833e-06
dlev7               =  -2.57722e-06
dlev8               =  -1.61593e-06
dlev9               =  -5.07617e-06
dlev10              =  -2.71824e-06
dlev11              =  -5.65636e-06
dlev12              =  -3.09066e-06
dlev13              =  -3.20851e-06
dlev14              =  -3.36001e-06
dlev15              =  -2.47648e-06
dlev16              =  -3.70640e-06
dlev17              =  -3.15763e-06
dlev18              =  9.99999e-01
dlev19              =  9.99999e-01
dlev20              =  9.99998e-01
dlev21              =  9.99999e-01
dlev22              =  9.99998e-01
dlev23              =  9.99998e-01
dlev24              =  1.00000e+00
dlev25              =  9.99999e-01
dlev26              =  9.99998e-01
dlev27              =  9.99999e-01
dlev28              =  9.99999e-01
dlev29              =  9.99999e-01
dlev30              =  9.99998e-01
dlev31              =  9.99999e-01
dlev32              =  9.99999e-01
vdd_meas            =  1.32000e+00
temp_meas           =  2.70000e+01
vbias_mv            =  3.36489e+02
lowcount            =  1.80001e+01
vos_mv              =  4.50027e+00

ngspice-46 done
