
Note: No compatibility mode selected!


Circuit: * klt sim -- generated corner deck, do not edit

Doing analysis at TEMP = 125.000000 and TNOM = 27.000000

Using SPARSE 1.3 as Direct Linear Solver

Initial Transient Solution
--------------------------

Node                                   Voltage
----                                   -------
vdd                                       1.32
cm                                         0.6
vd                                      -0.048
ap                                       0.576
an                                       0.624
clku                                         0
clk                                          0
ibn                                   0.270446
xa.x1.tmid                         3.28949e-05
xa.x1.tail                            0.596308
xa.x1.np                               1.31999
xa.x1.nn                               1.31997
xa.x1.ln                                  1.32
xa.x1.lp                                  1.32
xa.x1.lnb                          9.06906e-06
xa.x1.lpb                          9.37841e-06
xa.x1.na                               1.28386
doutb                                 0.709006
dout                                  0.709811
xa.x1.nb                               1.28209
doutn                                 0.537735
tcheck                                     125
pa_00                                  270.446
bpa_00#branch                                0
btchk#branch                                 0
bdoutn#branch                                0
bclk#branch                        1.22216e-09
ean#branch                         1.83925e-12
eap#branch                         2.31423e-12
vclku#branch                                 0
vd#branch                                    0
vcm#branch                         4.15348e-12
vsup#branch                       -0.000181894


No. of Data Rows : 12229

  Measurements for Transient Analysis

dlev0               =  4.40620e-06
dlev1               =  1.28561e-05
dlev2               =  9.68807e-06
dlev3               =  5.89630e-06
dlev4               =  5.84578e-06
dlev5               =  6.53405e-06
dlev6               =  1.23777e-05
dlev7               =  5.43074e-06
dlev8               =  5.29940e-06
dlev9               =  5.65871e-06
dlev10              =  8.56364e-06
dlev11              =  1.01951e-05
dlev12              =  8.45983e-06
dlev13              =  4.78812e-06
dlev14              =  9.85880e-06
dlev15              =  5.04934e-06
dlev16              =  4.83160e-06
dlev17              =  9.99996e-01
dlev18              =  9.99998e-01
dlev19              =  9.99997e-01
dlev20              =  9.99997e-01
dlev21              =  9.99999e-01
dlev22              =  9.99999e-01
dlev23              =  9.99999e-01
dlev24              =  9.99999e-01
dlev25              =  9.99998e-01
dlev26              =  9.99998e-01
dlev27              =  9.99998e-01
dlev28              =  9.99997e-01
dlev29              =  1.00000e+00
dlev30              =  9.99999e-01
dlev31              =  9.99997e-01
dlev32              =  9.99997e-01
vdd_meas            =  1.32000e+00
temp_meas           =  1.25000e+02
vbias_mv            =  2.70446e+02
lowcount            =  1.69999e+01
vos_mv              =  1.49972e+00

ngspice-46 done
