
Note: No compatibility mode selected!


Circuit: * klt sim -- generated corner deck, do not edit

Doing analysis at TEMP = 125.000000 and TNOM = 27.000000

Using SPARSE 1.3 as Direct Linear Solver

Initial Transient Solution
--------------------------

Node                                   Voltage
----                                   -------
vdd                                       1.08
cm                                         0.6
vd                                      -0.048
ap                                       0.576
an                                       0.624
clku                                         0
clk                                          0
ibn                                   0.231426
xa.x1.tmid                         5.49094e-05
xa.x1.tail                             0.58352
xa.x1.np                               1.07999
xa.x1.nn                               1.07997
xa.x1.ln                                  1.08
xa.x1.lp                                  1.08
xa.x1.lnb                          9.91591e-06
xa.x1.lpb                          1.14344e-05
xa.x1.na                               1.06108
doutb                                 0.589483
dout                                  0.594363
xa.x1.nb                               1.06196
doutn                                 0.550336
tcheck                                     125
pa_00                                  231.426
bpa_00#branch                                0
btchk#branch                                 0
bdoutn#branch                                0
bclk#branch                        6.03978e-10
ean#branch                          5.1692e-13
eap#branch                         6.87561e-13
vclku#branch                                 0
vd#branch                                    0
vcm#branch                         1.20448e-12
vsup#branch                       -7.62764e-05


No. of Data Rows : 11945

  Measurements for Transient Analysis

dlev0               =  9.17802e-06
dlev1               =  8.73894e-06
dlev2               =  9.33891e-06
dlev3               =  9.78423e-06
dlev4               =  8.19917e-06
dlev5               =  8.19664e-06
dlev6               =  8.22090e-06
dlev7               =  8.43671e-06
dlev8               =  9.02082e-06
dlev9               =  9.32141e-06
dlev10              =  8.69154e-06
dlev11              =  9.17705e-06
dlev12              =  8.37639e-06
dlev13              =  8.79265e-06
dlev14              =  8.84883e-06
dlev15              =  9.02199e-06
dlev16              =  9.25782e-06
dlev17              =  9.99998e-01
dlev18              =  9.99997e-01
dlev19              =  9.99998e-01
dlev20              =  9.99997e-01
dlev21              =  9.99997e-01
dlev22              =  9.99998e-01
dlev23              =  9.99997e-01
dlev24              =  9.99997e-01
dlev25              =  9.99997e-01
dlev26              =  9.99997e-01
dlev27              =  9.99997e-01
dlev28              =  9.99997e-01
dlev29              =  9.99997e-01
dlev30              =  9.99998e-01
dlev31              =  9.99998e-01
dlev32              =  9.99998e-01
vdd_meas            =  1.08000e+00
temp_meas           =  1.25000e+02
vbias_mv            =  2.31426e+02
lowcount            =  1.69999e+01
vos_mv              =  1.49968e+00

ngspice-46 done
