
Note: No compatibility mode selected!


Circuit: * klt sim -- generated corner deck, do not edit

Doing analysis at TEMP = -40.000000 and TNOM = 27.000000

Using SPARSE 1.3 as Direct Linear Solver

Initial Transient Solution
--------------------------

Node                                   Voltage
----                                   -------
vdd                                       1.32
cm                                         0.6
vd                                      -0.048
ap                                       0.576
an                                       0.624
clku                                         0
clk                                          0
ibn                                   0.324419
xa.x1.tmid                          7.3284e-08
xa.x1.tail                            0.568012
xa.x1.np                                  1.32
xa.x1.nn                                  1.32
xa.x1.ln                                  1.32
xa.x1.lp                                  1.32
xa.x1.lnb                            3.293e-08
xa.x1.lpb                          3.26087e-08
xa.x1.na                                  1.32
doutb                                     1.32
dout                               3.30893e-08
xa.x1.nb                                  1.32
doutn                              2.50677e-08
tcheck                                     -40
pa_00                                  324.419
bpa_00#branch                                0
btchk#branch                                 0
bdoutn#branch                                0
bclk#branch                        1.63328e-10
ean#branch                         1.68388e-12
eap#branch                         2.09829e-12
vclku#branch                                 0
vd#branch                                    0
vcm#branch                         3.78217e-12
vsup#branch                       -2.00008e-05


No. of Data Rows : 12349

  Measurements for Transient Analysis

dlev0               =  -4.88570e-08
dlev1               =  -2.16525e-06
dlev2               =  -3.52382e-07
dlev3               =  -3.53423e-07
dlev4               =  -5.46631e-07
dlev5               =  -5.86080e-07
dlev6               =  -5.83761e-07
dlev7               =  -6.76468e-07
dlev8               =  -5.75214e-07
dlev9               =  -5.62775e-07
dlev10              =  -2.12670e-06
dlev11              =  -1.80222e-06
dlev12              =  -1.50041e-06
dlev13              =  3.34590e-07
dlev14              =  -5.89934e-07
dlev15              =  -7.79132e-07
dlev16              =  9.99999e-01
dlev17              =  1.00000e+00
dlev18              =  1.00000e+00
dlev19              =  9.99997e-01
dlev20              =  1.00000e+00
dlev21              =  1.00000e+00
dlev22              =  1.00000e+00
dlev23              =  1.00000e+00
dlev24              =  1.00000e+00
dlev25              =  1.00000e+00
dlev26              =  9.99999e-01
dlev27              =  9.99999e-01
dlev28              =  9.99997e-01
dlev29              =  9.99999e-01
dlev30              =  9.99999e-01
dlev31              =  1.00000e+00
dlev32              =  1.00000e+00
vdd_meas            =  1.32000e+00
temp_meas           =  -4.00000e+01
vbias_mv            =  3.24419e+02
lowcount            =  1.60000e+01
vos_mv              =  -1.49993e+00

ngspice-46 done
