
Note: No compatibility mode selected!


Circuit: * klt sim -- generated corner deck, do not edit

Doing analysis at TEMP = 27.000000 and TNOM = 27.000000

Using SPARSE 1.3 as Direct Linear Solver

Initial Transient Solution
--------------------------

Node                                   Voltage
----                                   -------
vdd                                        1.2
cm                                         0.6
vd                                      -0.048
ap                                       0.576
an                                       0.624
clku                                         0
clk                                          0
ibn                                   0.248071
xa.x1.tmid                         9.29598e-06
xa.x1.tail                            0.572375
xa.x1.np                                   1.2
xa.x1.nn                               1.19999
xa.x1.ln                                   1.2
xa.x1.lp                                   1.2
xa.x1.lnb                          5.63946e-07
xa.x1.lpb                          5.69444e-07
xa.x1.na                               1.17408
doutb                                 0.620183
dout                                  0.622255
xa.x1.nb                               1.17352
doutn                                 0.518546
tcheck                                      27
pa_00                                  248.071
bpa_00#branch                                0
btchk#branch                                 0
bdoutn#branch                                0
bclk#branch                        1.00038e-09
ean#branch                         4.03935e-12
eap#branch                         5.12249e-12
vclku#branch                                 0
vd#branch                                    0
vcm#branch                         9.16184e-12
vsup#branch                        -0.00014104


No. of Data Rows : 12220

  Measurements for Transient Analysis

dlev0               =  -3.09158e-06
dlev1               =  -4.41765e-06
dlev2               =  -4.51920e-06
dlev3               =  -4.64938e-06
dlev4               =  -2.81468e-06
dlev5               =  -2.94957e-06
dlev6               =  -5.59009e-06
dlev7               =  -3.83173e-08
dlev8               =  -5.74515e-06
dlev9               =  -5.87429e-06
dlev10              =  -1.08105e-06
dlev11              =  -8.88973e-07
dlev12              =  -1.45324e-06
dlev13              =  -4.34177e-06
dlev14              =  -3.76568e-06
dlev15              =  -2.64595e-06
dlev16              =  -6.81205e-06
dlev17              =  9.99999e-01
dlev18              =  9.99998e-01
dlev19              =  9.99997e-01
dlev20              =  9.99996e-01
dlev21              =  9.99997e-01
dlev22              =  9.99996e-01
dlev23              =  9.99997e-01
dlev24              =  9.99997e-01
dlev25              =  9.99997e-01
dlev26              =  9.99996e-01
dlev27              =  9.99999e-01
dlev28              =  9.99998e-01
dlev29              =  9.99998e-01
dlev30              =  9.99997e-01
dlev31              =  9.99997e-01
dlev32              =  9.99996e-01
vdd_meas            =  1.20000e+00
temp_meas           =  2.70000e+01
vbias_mv            =  2.48071e+02
lowcount            =  1.70001e+01
vos_mv              =  1.50032e+00

ngspice-46 done
