
Note: No compatibility mode selected!


Circuit: * klt sim -- generated corner deck, do not edit

Doing analysis at TEMP = 27.000000 and TNOM = 27.000000

Using SPARSE 1.3 as Direct Linear Solver
Note: Starting dynamic gmin stepping
Note: Dynamic gmin stepping completed

Initial Transient Solution
--------------------------

Node                                   Voltage
----                                   -------
vdd                                       1.08
cm                                         0.6
vd                                      -0.048
ap                                       0.576
an                                       0.624
clku                                         0
clk                                          0
ibn                                   0.253805
xa.x1.tmid                         4.77856e-06
xa.x1.tail                            0.573305
xa.x1.np                                  1.08
xa.x1.nn                                  1.08
xa.x1.ln                                  1.08
xa.x1.lp                                  1.08
xa.x1.lnb                          4.17916e-08
xa.x1.lpb                          4.18704e-08
xa.x1.na                               1.06969
doutb                                 0.515593
dout                                  0.531299
xa.x1.nb                               1.06804
doutn                                 0.491943
tcheck                                      27
pa_00                                  253.805
bpa_00#branch                                0
btchk#branch                                 0
bdoutn#branch                                0
bclk#branch                        1.24307e-10
ean#branch                          1.0236e-12
eap#branch                         1.34781e-12
vclku#branch                                 0
vd#branch                                    0
vcm#branch                         2.37141e-12
vsup#branch                       -4.56031e-05


No. of Data Rows : 12107

  Measurements for Transient Analysis

dlev0               =  -1.40464e-06
dlev1               =  -1.09848e-06
dlev2               =  3.69081e-06
dlev3               =  8.79712e-07
dlev4               =  3.20161e-06
dlev5               =  2.74480e-06
dlev6               =  5.45109e-06
dlev7               =  -7.32160e-07
dlev8               =  4.27981e-06
dlev9               =  3.99947e-06
dlev10              =  4.94544e-06
dlev11              =  7.09014e-06
dlev12              =  7.38312e-06
dlev13              =  3.18485e-07
dlev14              =  7.20385e-06
dlev15              =  5.38775e-06
dlev16              =  3.59799e-06
dlev17              =  3.83914e-06
dlev18              =  1.00000e+00
dlev19              =  1.00000e+00
dlev20              =  1.00000e+00
dlev21              =  1.00000e+00
dlev22              =  9.99999e-01
dlev23              =  1.00000e+00
dlev24              =  1.00000e+00
dlev25              =  1.00000e+00
dlev26              =  1.00000e+00
dlev27              =  1.00000e+00
dlev28              =  1.00000e+00
dlev29              =  1.00000e+00
dlev30              =  1.00000e+00
dlev31              =  1.00000e+00
dlev32              =  1.00000e+00
vdd_meas            =  1.08000e+00
temp_meas           =  2.70000e+01
vbias_mv            =  2.53805e+02
lowcount            =  1.79999e+01
vos_mv              =  4.49978e+00

ngspice-46 done
