
Note: No compatibility mode selected!


Circuit: * klt sim -- generated corner deck, do not edit

Doing analysis at TEMP = -40.000000 and TNOM = 27.000000

Using SPARSE 1.3 as Direct Linear Solver

Initial Transient Solution
--------------------------

Node                                   Voltage
----                                   -------
vdd                                        1.2
cm                                        0.65
vd                                      -0.048
ap                                       0.626
an                                       0.674
clku                                         0
clk                                          0
ibn                                   0.367749
xa.x1.tmid                         5.41799e-09
xa.x1.tail                            0.627746
xa.x1.np                                   1.2
xa.x1.nn                                   1.2
xa.x1.ln                                   1.2
xa.x1.lp                                   1.2
xa.x1.lnb                          4.29603e-08
xa.x1.lpb                          4.15671e-08
xa.x1.na                               1.18797
doutb                                 0.642958
dout                                  0.645725
xa.x1.nb                                 1.188
doutn                                 0.538104
tcheck                                     -40
pa_00                                  367.749
bpa_00#branch                                0
btchk#branch                                 0
bdoutn#branch                                0
bclk#branch                        3.61817e-10
ean#branch                         1.66922e-13
eap#branch                          2.1777e-13
vclku#branch                                 0
vd#branch                                    0
vcm#branch                         3.84692e-13
vsup#branch                       -7.76995e-05


No. of Data Rows : 12271

  Measurements for Transient Analysis

dlev0               =  8.38501e-06
dlev1               =  1.04368e-05
dlev2               =  8.71912e-06
dlev3               =  -6.39896e-07
dlev4               =  3.68722e-06
dlev5               =  3.55825e-06
dlev6               =  9.14687e-06
dlev7               =  8.92375e-06
dlev8               =  9.12202e-06
dlev9               =  9.07793e-06
dlev10              =  8.99332e-06
dlev11              =  8.83297e-06
dlev12              =  -2.45091e-06
dlev13              =  2.29672e-06
dlev14              =  2.05713e-06
dlev15              =  8.15956e-06
dlev16              =  1.00000e+00
dlev17              =  1.00000e+00
dlev18              =  1.00000e+00
dlev19              =  1.00000e+00
dlev20              =  1.00000e+00
dlev21              =  1.00000e+00
dlev22              =  1.00000e+00
dlev23              =  1.00000e+00
dlev24              =  1.00000e+00
dlev25              =  1.00000e+00
dlev26              =  1.00000e+00
dlev27              =  1.00000e+00
dlev28              =  1.00000e+00
dlev29              =  1.00000e+00
dlev30              =  1.00000e+00
dlev31              =  1.00000e+00
dlev32              =  1.00000e+00
vdd_meas            =  1.20000e+00
temp_meas           =  -4.00000e+01
vbias_mv            =  3.67749e+02
lowcount            =  1.59999e+01
vos_mv              =  -1.50044e+00
vcm_meas            =  6.50000e-01

ngspice-46 done
