
Note: No compatibility mode selected!


Circuit: * klt sim -- generated corner deck, do not edit

Doing analysis at TEMP = 125.000000 and TNOM = 27.000000

Using SPARSE 1.3 as Direct Linear Solver

Initial Transient Solution
--------------------------

Node                                   Voltage
----                                   -------
vdd                                       1.32
vdda                                      1.32
clku                                         0
clk                                          0
cm                                         0.6
sa                                       -0.05
apa                                      0.575
ana                                      0.625
ibna                                  0.249509
xa.x1.tmid                          8.4815e-05
xa.x1.tail                            0.562441
xa.x1.np                               1.31998
xa.x1.nn                               1.31993
xa.x1.ln                                  1.32
xa.x1.lp                                  1.32
xa.x1.lnb                          3.91574e-06
xa.x1.lpb                          3.91574e-06
xa.x1.na                               1.27986
doutba                                 0.67319
douta                                  0.67319
xa.x1.nb                               1.27986
sb                                      -0.001
apb                                     0.5995
anb                                     0.6005
ibnb                                  0.249509
xb.x1.tmid                         8.42926e-05
xb.x1.tail                             0.55639
xb.x1.np                               1.31995
xb.x1.nn                               1.31995
xb.x1.ln                                  1.32
xb.x1.lp                                  1.32
xb.x1.lnb                          3.91574e-06
xb.x1.lpb                          3.91574e-06
xb.x1.na                               1.27986
doutbb                                 0.67319
doutb                                  0.67319
xb.x1.nb                               1.27986
sc                                     -0.0001
apc                                    0.59995
anc                                    0.60005
ibnc                                  0.249509
xc.x1.tmid                         8.42924e-05
xc.x1.tail                            0.556388
xc.x1.np                               1.31995
xc.x1.nn                               1.31995
xc.x1.ln                                  1.32
xc.x1.lp                                  1.32
xc.x1.lnb                          3.91574e-06
xc.x1.lpb                          3.91574e-06
xc.x1.na                               1.27986
doutbc                                 0.67319
doutc                                  0.67319
xc.x1.nb                               1.27986
clkn                                         0
dan                                   0.509992
dbn                                   0.509992
dcn                                   0.509992
tcheck                                     125
pa_00                              0.000235793
bpa_00#branch                                0
vsupa#branch                      -0.000178631
btchk#branch                                 0
bdcn#branch                                  0
bdbn#branch                                  0
bdan#branch                                  0
bclkn#branch                                 0
bclk#branch                        2.02576e-09
eanc#branch                        2.80928e-12
eapc#branch                        2.81061e-12
eanb#branch                        2.80331e-12
eapb#branch                        2.81658e-12
eana#branch                        2.49584e-12
eapa#branch                        3.15779e-12
vsc#branch                                   0
vsb#branch                                   0
vsa#branch                                   0
vcm#branch                         1.68934e-11
vclku#branch                                 0
vsup#branch                       -0.000357261


No. of Data Rows : 12042

  Measurements for Transient Analysis

vdd_meas            =  1.32000e+00
vdda_meas           =  1.32000e+00
temp_meas           =  1.25000e+02
td_a                =  7.61553e-10 targ=  4.08116e-08 trig=  4.00500e-08
td_b                =  9.80629e-10 targ=  4.10306e-08 trig=  4.00500e-08
td_c                =  1.10792e-09 targ=  4.11579e-08 trig=  4.00500e-08
dout_od50_first     =  1.60211e-07
dout_od1_first      =  1.61328e-07
dout_od01_first     =  1.64423e-07
dout_od50_end       =  9.99996e-01
dout_od1_end        =  9.99996e-01
dout_od01_end       =  9.99996e-01
td_od50_ns          =  7.61553e-01
td_od1_ns           =  9.80629e-01
td_od01_ns          =  1.10792e+00
tau_ps              =  5.52827e+01
resolve_decades     =  1.77384e+01
i_stat              =  -2.04113e-05 from=  2.50000e-08 to=  2.90025e-08
i_static_ua         =  2.04113e+01
p_avg               =  3.63173e-05 from=  3.00000e-08 to=  6.00000e-08
p_avg_uw            =  3.63173e+01
vref_v              =  2.49509e-01
tmid_eval_v         =  2.36732e-01

ngspice-46 done
