
Note: No compatibility mode selected!


Circuit: * klt sim -- generated corner deck, do not edit

Doing analysis at TEMP = -40.000000 and TNOM = 27.000000

Using SPARSE 1.3 as Direct Linear Solver
Note: Starting dynamic gmin stepping
Note: Dynamic gmin stepping completed

Initial Transient Solution
--------------------------

Node                                   Voltage
----                                   -------
vdd                                        1.2
cm                                        0.65
vd                                      -0.048
ap                                       0.626
an                                       0.674
clku                                         0
clk                                          0
ibn                                   0.388862
xa.x1.tmid                         1.46188e-09
xa.x1.tail                            0.636508
xa.x1.np                                   1.2
xa.x1.nn                                   1.2
xa.x1.ln                                   1.2
xa.x1.lp                                   1.2
xa.x1.lnb                          8.27472e-09
xa.x1.lpb                          7.87522e-09
xa.x1.na                               1.19401
doutb                                 0.617407
dout                                  0.609053
xa.x1.nb                               1.19431
doutn                                 0.507544
tcheck                                     -40
pa_00                                  388.862
bpa_00#branch                                0
btchk#branch                                 0
bdoutn#branch                                0
bclk#branch                        6.34441e-11
ean#branch                         7.99638e-14
eap#branch                         1.04777e-13
vclku#branch                                 0
vd#branch                                    0
vcm#branch                         1.84741e-13
vsup#branch                       -4.18644e-05


No. of Data Rows : 12262

  Measurements for Transient Analysis

dlev0               =  1.29256e-05
dlev1               =  6.44789e-06
dlev2               =  9.64237e-06
dlev3               =  9.75898e-06
dlev4               =  9.93870e-06
dlev5               =  1.48826e-07
dlev6               =  1.41511e-05
dlev7               =  1.05147e-05
dlev8               =  1.04213e-05
dlev9               =  1.24924e-08
dlev10              =  1.36631e-05
dlev11              =  3.69949e-07
dlev12              =  1.07429e-05
dlev13              =  1.08839e-05
dlev14              =  6.95067e-06
dlev15              =  6.52609e-06
dlev16              =  7.61590e-06
dlev17              =  1.00000e+00
dlev18              =  1.00000e+00
dlev19              =  1.00000e+00
dlev20              =  1.00000e+00
dlev21              =  9.99999e-01
dlev22              =  1.00000e+00
dlev23              =  1.00000e+00
dlev24              =  1.00000e+00
dlev25              =  1.00000e+00
dlev26              =  1.00000e+00
dlev27              =  9.99998e-01
dlev28              =  1.00000e+00
dlev29              =  1.00000e+00
dlev30              =  1.00000e+00
dlev31              =  1.00000e+00
dlev32              =  1.00000e+00
vdd_meas            =  1.20000e+00
temp_meas           =  -4.00000e+01
vbias_mv            =  3.88862e+02
lowcount            =  1.69998e+01
vos_mv              =  1.49953e+00
vcm_meas            =  6.50000e-01

ngspice-46 done
