
Note: No compatibility mode selected!


Circuit: * klt sim -- generated corner deck, do not edit

Doing analysis at TEMP = 125.000000 and TNOM = 27.000000

Using SPARSE 1.3 as Direct Linear Solver

Initial Transient Solution
--------------------------

Node                                   Voltage
----                                   -------
vdd                                       1.32
cm                                         0.6
vd                                      -0.048
ap                                       0.576
an                                       0.624
clku                                         0
clk                                          0
ibn                                   0.298255
xa.x1.tmid                         1.35105e-05
xa.x1.tail                            0.579128
xa.x1.np                                  1.32
xa.x1.nn                               1.31999
xa.x1.ln                                  1.32
xa.x1.lp                                  1.32
xa.x1.lnb                          7.40938e-07
xa.x1.lpb                          7.54324e-07
xa.x1.na                               1.29084
doutb                                 0.679285
dout                                  0.670623
xa.x1.nb                                1.2928
doutn                                 0.508047
tcheck                                     125
pa_00                                  298.255
bpa_00#branch                                0
btchk#branch                                 0
bdoutn#branch                                0
bclk#branch                        2.07036e-10
ean#branch                         5.97272e-13
eap#branch                         7.56395e-13
vclku#branch                                 0
vd#branch                                    0
vcm#branch                         1.35367e-12
vsup#branch                       -0.000116547


No. of Data Rows : 12147

  Measurements for Transient Analysis

dlev0               =  4.12174e-06
dlev1               =  1.81181e-06
dlev2               =  2.51600e-06
dlev3               =  1.84769e-06
dlev4               =  9.76226e-07
dlev5               =  3.40037e-06
dlev6               =  2.97093e-06
dlev7               =  1.77860e-06
dlev8               =  1.18261e-06
dlev9               =  2.63996e-07
dlev10              =  4.05330e-06
dlev11              =  3.13376e-06
dlev12              =  2.10780e-06
dlev13              =  2.96812e-06
dlev14              =  1.34161e-06
dlev15              =  1.00000e+00
dlev16              =  1.00000e+00
dlev17              =  9.99999e-01
dlev18              =  1.00000e+00
dlev19              =  1.00000e+00
dlev20              =  1.00000e+00
dlev21              =  1.00000e+00
dlev22              =  9.99999e-01
dlev23              =  1.00000e+00
dlev24              =  1.00000e+00
dlev25              =  1.00000e+00
dlev26              =  1.00000e+00
dlev27              =  1.00000e+00
dlev28              =  9.99999e-01
dlev29              =  9.99999e-01
dlev30              =  9.99999e-01
dlev31              =  1.00000e+00
dlev32              =  1.00000e+00
vdd_meas            =  1.32000e+00
temp_meas           =  1.25000e+02
vbias_mv            =  2.98255e+02
lowcount            =  1.50000e+01
vos_mv              =  -4.50013e+00

ngspice-46 done
