
Note: No compatibility mode selected!


Circuit: * klt sim -- generated corner deck, do not edit

Doing analysis at TEMP = 27.000000 and TNOM = 27.000000

Using SPARSE 1.3 as Direct Linear Solver

Initial Transient Solution
--------------------------

Node                                   Voltage
----                                   -------
vdd                                        1.2
cm                                         0.6
vd                                      -0.048
ap                                       0.576
an                                       0.624
clku                                         0
clk                                          0
ibn                                   0.310385
xa.x1.tmid                         1.26613e-06
xa.x1.tail                            0.529694
xa.x1.np                                   1.2
xa.x1.nn                                   1.2
xa.x1.ln                                   1.2
xa.x1.lp                                   1.2
xa.x1.lnb                          9.32656e-08
xa.x1.lpb                          9.08487e-08
xa.x1.na                                   1.2
doutb                                      1.2
dout                               1.09379e-07
xa.x1.nb                                   1.2
doutn                              9.11493e-08
tcheck                                      27
pa_00                                  310.385
bpa_00#branch                                0
btchk#branch                                 0
bdoutn#branch                                0
bclk#branch                        3.07576e-10
ean#branch                         6.21045e-13
eap#branch                         7.97348e-13
vclku#branch                                 0
vd#branch                                    0
vcm#branch                         1.41839e-12
vsup#branch                       -2.00039e-05


No. of Data Rows : 12167

  Measurements for Transient Analysis

dlev0               =  1.68786e-06
dlev1               =  3.03398e-06
dlev2               =  3.25323e-06
dlev3               =  5.21517e-06
dlev4               =  5.14215e-06
dlev5               =  4.27285e-06
dlev6               =  6.96147e-06
dlev7               =  6.98039e-06
dlev8               =  1.84874e-06
dlev9               =  1.63724e-06
dlev10              =  7.00618e-06
dlev11              =  4.21390e-06
dlev12              =  7.11304e-06
dlev13              =  2.42494e-06
dlev14              =  6.28849e-06
dlev15              =  7.14386e-06
dlev16              =  3.59934e-06
dlev17              =  9.99998e-01
dlev18              =  1.00000e+00
dlev19              =  1.00000e+00
dlev20              =  1.00000e+00
dlev21              =  1.00000e+00
dlev22              =  1.00000e+00
dlev23              =  1.00000e+00
dlev24              =  1.00000e+00
dlev25              =  1.00000e+00
dlev26              =  1.00000e+00
dlev27              =  1.00000e+00
dlev28              =  1.00000e+00
dlev29              =  1.00000e+00
dlev30              =  1.00000e+00
dlev31              =  1.00000e+00
dlev32              =  1.00000e+00
vdd_meas            =  1.20000e+00
temp_meas           =  2.70000e+01
vbias_mv            =  3.10385e+02
lowcount            =  1.69999e+01
vos_mv              =  1.49973e+00

ngspice-46 done
