
Note: No compatibility mode selected!


Circuit: * klt sim -- generated corner deck, do not edit

Doing analysis at TEMP = 27.000000 and TNOM = 27.000000

Using SPARSE 1.3 as Direct Linear Solver

Initial Transient Solution
--------------------------

Node                                   Voltage
----                                   -------
vdd                                       1.32
cm                                        0.55
vd                                      -0.048
ap                                       0.526
an                                       0.574
clku                                         0
clk                                          0
ibn                                   0.331872
xa.x1.tmid                         3.57506e-07
xa.x1.tail                            0.548122
xa.x1.np                                  1.32
xa.x1.nn                                  1.32
xa.x1.ln                                  1.32
xa.x1.lp                                  1.32
xa.x1.lnb                          2.53551e-07
xa.x1.lpb                           2.4215e-07
xa.x1.na                                1.2931
doutb                                 0.708744
dout                                  0.694158
xa.x1.nb                               1.29524
doutn                                 0.525877
tcheck                                      27
pa_00                                  331.872
bpa_00#branch                                0
btchk#branch                                 0
bdoutn#branch                                0
bclk#branch                        7.70347e-10
ean#branch                         1.04794e-12
eap#branch                          1.3094e-12
vclku#branch                                 0
vd#branch                                    0
vcm#branch                         2.35734e-12
vsup#branch                        -0.00014551


No. of Data Rows : 12315

  Measurements for Transient Analysis

dlev0               =  -6.96219e-09
dlev1               =  -2.61132e-06
dlev2               =  -1.17892e-06
dlev3               =  2.02718e-07
dlev4               =  4.10806e-07
dlev5               =  4.81241e-07
dlev6               =  1.93000e-07
dlev7               =  -2.74968e-06
dlev8               =  -8.61470e-07
dlev9               =  -1.61170e-06
dlev10              =  7.21561e-08
dlev11              =  -2.79076e-06
dlev12              =  -6.30495e-07
dlev13              =  1.51860e-06
dlev14              =  3.02446e-07
dlev15              =  4.47502e-07
dlev16              =  9.99998e-01
dlev17              =  9.99998e-01
dlev18              =  9.99998e-01
dlev19              =  9.99998e-01
dlev20              =  9.99998e-01
dlev21              =  9.99998e-01
dlev22              =  9.99998e-01
dlev23              =  9.99998e-01
dlev24              =  9.99998e-01
dlev25              =  9.99998e-01
dlev26              =  9.99998e-01
dlev27              =  9.99999e-01
dlev28              =  9.99999e-01
dlev29              =  9.99998e-01
dlev30              =  9.99998e-01
dlev31              =  9.99999e-01
dlev32              =  1.00000e+00
vdd_meas            =  1.32000e+00
temp_meas           =  2.70000e+01
vbias_mv            =  3.31872e+02
lowcount            =  1.60000e+01
vos_mv              =  -1.49989e+00
vcm_meas            =  5.50000e-01

ngspice-46 done
