
Note: No compatibility mode selected!


Circuit: * klt sim -- generated corner deck, do not edit

Doing analysis at TEMP = 125.000000 and TNOM = 27.000000

Using SPARSE 1.3 as Direct Linear Solver

Initial Transient Solution
--------------------------

Node                                   Voltage
----                                   -------
vdd                                        1.2
cm                                        0.55
vd                                      -0.048
ap                                       0.526
an                                       0.574
clku                                         0
clk                                          0
ibn                                   0.205102
xa.x1.tmid                         0.000282475
xa.x1.tail                            0.536249
xa.x1.np                               1.19993
xa.x1.nn                               1.19979
xa.x1.ln                                   1.2
xa.x1.lp                                   1.2
xa.x1.lnb                          1.80142e-05
xa.x1.lpb                          2.25587e-05
xa.x1.na                               1.16413
doutb                                 0.625574
dout                                  0.620045
xa.x1.nb                               1.16342
doutn                                 0.516704
tcheck                                     125
pa_00                                  205.102
bpa_00#branch                                0
btchk#branch                                 0
bdoutn#branch                                0
bclk#branch                        1.59992e-09
ean#branch                         1.14804e-11
eap#branch                         1.44313e-11
vclku#branch                                 0
vd#branch                                    0
vcm#branch                         2.59116e-11
vsup#branch                       -0.000182317


No. of Data Rows : 12232

  Measurements for Transient Analysis

dlev0               =  1.69959e-05
dlev1               =  2.15412e-05
dlev2               =  2.36742e-05
dlev3               =  2.01889e-05
dlev4               =  2.07742e-05
dlev5               =  2.04915e-05
dlev6               =  1.84915e-05
dlev7               =  1.59510e-05
dlev8               =  1.87232e-05
dlev9               =  2.08055e-05
dlev10              =  1.80933e-05
dlev11              =  1.88726e-05
dlev12              =  1.72249e-05
dlev13              =  1.58310e-05
dlev14              =  1.64344e-05
dlev15              =  1.76587e-05
dlev16              =  9.99986e-01
dlev17              =  9.99985e-01
dlev18              =  9.99986e-01
dlev19              =  9.99986e-01
dlev20              =  9.99986e-01
dlev21              =  9.99986e-01
dlev22              =  9.99986e-01
dlev23              =  9.99987e-01
dlev24              =  9.99985e-01
dlev25              =  9.99986e-01
dlev26              =  9.99987e-01
dlev27              =  9.99988e-01
dlev28              =  9.99986e-01
dlev29              =  9.99987e-01
dlev30              =  9.99988e-01
dlev31              =  9.99986e-01
dlev32              =  9.99986e-01
vdd_meas            =  1.20000e+00
temp_meas           =  1.25000e+02
vbias_mv            =  2.05102e+02
lowcount            =  1.59999e+01
vos_mv              =  -1.50021e+00
vcm_meas            =  5.50000e-01

ngspice-46 done
