
Note: No compatibility mode selected!


Circuit: * klt sim -- generated corner deck, do not edit

Doing analysis at TEMP = -40.000000 and TNOM = 27.000000

Using SPARSE 1.3 as Direct Linear Solver

Initial Transient Solution
--------------------------

Node                                   Voltage
----                                   -------
vdd                                       1.08
cm                                         0.6
clku                                         0
clk                                          0
sa                                       0.001
asp                                     0.6005
asn                                     0.5995
apa                                     0.6005
ana                                     0.5995
apa_pin                                 0.6005
ana_pin                                 0.5995
ibna                                  0.300876
xa.x1.tmid                         2.04008e-07
xa.x1.tail                             0.53366
xa.x1.np                                  1.08
xa.x1.nn                                  1.08
xa.x1.ln                                  1.08
xa.x1.lp                                  1.08
xa.x1.lnb                          7.78023e-08
xa.x1.lpb                          7.78023e-08
xa.x1.na                               1.06915
doutba                                0.563855
douta                                 0.563855
xa.x1.nb                               1.06915
qp                                 -0.00118408
qn                                 -0.00119091
sb                                       0.001
bsp                                     0.6005
bsn                                     0.5995
bpp                                   0.601676
bpn                                   0.600683
ibnb                                  0.300876
xb.x1.tmid                         2.04256e-07
xb.x1.tail                            0.534669
xb.x1.np                                  1.08
xb.x1.nn                                  1.08
xb.x1.ln                                  1.08
xb.x1.lp                                  1.08
xb.x1.lnb                          7.78023e-08
xb.x1.lpb                          7.78023e-08
xb.x1.na                               1.06915
doutbb                                0.563855
doutb                                 0.563855
xb.x1.nb                               1.06915
sc                                         0.1
csp                                       0.65
csn                                       0.55
cpp                                   0.650882
cpn                                   0.551557
ibnc                                  0.300876
xc.x1.tmid                         2.10927e-07
xc.x1.tail                            0.561833
xc.x1.np                                  1.08
xc.x1.nn                                  1.08
xc.x1.ln                                  1.08
xc.x1.lp                                  1.08
xc.x1.lnb                          7.78023e-08
xc.x1.lpb                          7.78023e-08
xc.x1.na                               1.06915
doutbc                                0.563855
doutc                                 0.563855
xc.x1.nb                               1.06915
ad                                 1.18408e-09
bd                                 0.000993259
cd                                   0.0993248
bc                                   0.0011798
dan                                   0.522088
dbn                                   0.522088
dcn                                   0.522088
tcheck                                     -40
btchk#branch                                 0
bdcn#branch                                  0
bdbn#branch                                  0
bdan#branch                                  0
bbc#branch                                   0
bcd#branch                                   0
bbd#branch                                   0
bad#branch                                   0
vkn#branch                        -1.19091e-12
vkp#branch                        -1.18408e-12
bclk#branch                        1.36843e-09
ecsn#branch                        1.55718e-12
ecsp#branch                        8.81983e-13
ebsn#branch                        1.18317e-12
ebsp#branch                        1.17643e-12
easn#branch                        1.19091e-12
easp#branch                        1.18408e-12
vsc#branch                                   0
vsb#branch                                   0
vsa#branch                                   0
vclku#branch                                 0
vcm#branch                         7.17374e-12
vsup#branch                       -0.000212286


No. of Data Rows : 12071

  Measurements for Transient Analysis

vdd_meas            =  1.08000e+00
temp_meas           =  -4.00000e+01
ad_pos              =  9.11664e-02 at=  4.02455e-08
ad_neg              =  -2.59211e-02 at=  4.01523e-08
kick_1k_peak_mv     =  9.11664e+01
kick_1k_pos_mv      =  9.11664e+01
kick_1k_neg_mv      =  -2.59211e+01
qp29                =  -1.18408e-03
qpmax               =  1.84251e-02 at=  4.01623e-08
qpmin               =  -2.80639e-03 at=  3.00560e-08
qkick_p_fc          =  1.96092e+01
qn29                =  -1.19091e-03
qnmax               =  1.85646e-02 at=  4.01623e-08
qnmin               =  -2.81304e-03 at=  3.00560e-08
qkick_n_fc          =  1.97555e+01
qkick_fc            =  1.97555e+01
bd0                 =  9.93259e-04
bd1                 =  9.93137e-04
cd0                 =  9.93248e-02
cd1                 =  9.93149e-02
kick_sigdep_uv      =  9.76587e+00
bc0                 =  1.17980e-03
bc1                 =  2.58374e-04
kick_cm_uv          =  -9.21424e+02
dout_1k_end         =  1.00000e+00
dout_float_small_end=  1.00000e+00
dout_float_big_end  =  1.00000e+00

ngspice-46 done
