
Note: No compatibility mode selected!


Circuit: * klt sim -- generated corner deck, do not edit

Doing analysis at TEMP = 125.000000 and TNOM = 27.000000

Using SPARSE 1.3 as Direct Linear Solver

Initial Transient Solution
--------------------------

Node                                   Voltage
----                                   -------
vdd                                       1.08
cm                                         0.6
vd                                      -0.048
ap                                       0.576
an                                       0.624
clku                                         0
clk                                          0
ibn                                   0.252133
xa.x1.tmid                         9.37605e-05
xa.x1.tail                            0.571499
xa.x1.np                               1.07997
xa.x1.nn                                1.0799
xa.x1.ln                                  1.08
xa.x1.lp                                  1.08
xa.x1.lnb                          4.08201e-06
xa.x1.lpb                          4.36125e-06
xa.x1.na                               1.07999
doutb                              5.57796e-06
dout                                   1.07999
xa.x1.nb                                  1.08
doutn                                 0.999994
tcheck                                     125
pa_00                                  252.133
bpa_00#branch                                0
btchk#branch                                 0
bdoutn#branch                                0
bclk#branch                        3.38884e-10
ean#branch                         1.08505e-12
eap#branch                         1.44026e-12
vclku#branch                                 0
vd#branch                                    0
vcm#branch                         2.52531e-12
vsup#branch                       -2.01908e-05


No. of Data Rows : 12057

  Measurements for Transient Analysis

dlev0               =  5.31208e-06
dlev1               =  2.63404e-06
dlev2               =  2.79232e-06
dlev3               =  3.15162e-06
dlev4               =  2.63843e-06
dlev5               =  2.81019e-06
dlev6               =  3.91892e-06
dlev7               =  3.77533e-06
dlev8               =  3.93065e-06
dlev9               =  3.90025e-06
dlev10              =  3.83429e-06
dlev11              =  3.18674e-06
dlev12              =  4.07333e-06
dlev13              =  3.81352e-06
dlev14              =  4.15966e-06
dlev15              =  3.54018e-06
dlev16              =  9.99995e-01
dlev17              =  9.99994e-01
dlev18              =  9.99993e-01
dlev19              =  9.99993e-01
dlev20              =  9.99994e-01
dlev21              =  9.99994e-01
dlev22              =  9.99993e-01
dlev23              =  9.99993e-01
dlev24              =  9.99993e-01
dlev25              =  9.99993e-01
dlev26              =  9.99994e-01
dlev27              =  9.99993e-01
dlev28              =  9.99994e-01
dlev29              =  9.99993e-01
dlev30              =  9.99993e-01
dlev31              =  9.99993e-01
dlev32              =  9.99993e-01
vdd_meas            =  1.08000e+00
temp_meas           =  1.25000e+02
vbias_mv            =  2.52133e+02
lowcount            =  1.60001e+01
vos_mv              =  -1.49984e+00

ngspice-46 done
