
Note: No compatibility mode selected!


Circuit: * klt sim -- generated corner deck, do not edit

Doing analysis at TEMP = -40.000000 and TNOM = 27.000000

Using SPARSE 1.3 as Direct Linear Solver

Initial Transient Solution
--------------------------

Node                                   Voltage
----                                   -------
vdd                                       1.08
cm                                         0.6
vd                                      -0.048
ap                                       0.576
an                                       0.624
clku                                         0
clk                                          0
ibn                                   0.355179
xa.x1.tmid                         5.84765e-09
xa.x1.tail                            0.577942
xa.x1.np                                  1.08
xa.x1.nn                                  1.08
xa.x1.ln                                  1.08
xa.x1.lp                                  1.08
xa.x1.lnb                          3.79118e-08
xa.x1.lpb                          3.67355e-08
xa.x1.na                               1.07486
doutb                                 0.593544
dout                                  0.590234
xa.x1.nb                               1.07505
doutn                                 0.546513
tcheck                                     -40
pa_00                                  355.179
bpa_00#branch                                0
btchk#branch                                 0
bdoutn#branch                                0
bclk#branch                        2.53645e-10
ean#branch                          1.1155e-13
eap#branch                          1.4852e-13
vclku#branch                                 0
vd#branch                                    0
vcm#branch                          2.6007e-13
vsup#branch                       -3.58462e-05


No. of Data Rows : 12120

  Measurements for Transient Analysis

dlev0               =  1.90376e-06
dlev1               =  -5.50758e-06
dlev2               =  -8.44405e-06
dlev3               =  -7.03577e-06
dlev4               =  -3.79133e-06
dlev5               =  -3.02147e-07
dlev6               =  -4.49438e-07
dlev7               =  -8.67918e-07
dlev8               =  -1.98843e-07
dlev9               =  -6.95037e-07
dlev10              =  -3.06028e-07
dlev11              =  -4.43510e-08
dlev12              =  -7.18587e-06
dlev13              =  -1.28300e-06
dlev14              =  -8.39753e-06
dlev15              =  -1.11254e-05
dlev16              =  1.00000e+00
dlev17              =  9.99996e-01
dlev18              =  9.99996e-01
dlev19              =  9.99997e-01
dlev20              =  9.99996e-01
dlev21              =  9.99996e-01
dlev22              =  9.99996e-01
dlev23              =  9.99997e-01
dlev24              =  9.99996e-01
dlev25              =  1.00000e+00
dlev26              =  9.99999e-01
dlev27              =  9.99997e-01
dlev28              =  9.99996e-01
dlev29              =  9.99996e-01
dlev30              =  9.99996e-01
dlev31              =  9.99996e-01
dlev32              =  9.99996e-01
vdd_meas            =  1.08000e+00
temp_meas           =  -4.00000e+01
vbias_mv            =  3.55179e+02
lowcount            =  1.60001e+01
vos_mv              =  -1.49968e+00

ngspice-46 done
