
Note: No compatibility mode selected!


Circuit: * klt sim -- generated corner deck, do not edit

Doing analysis at TEMP = -40.000000 and TNOM = 27.000000

Using SPARSE 1.3 as Direct Linear Solver

Initial Transient Solution
--------------------------

Node                                   Voltage
----                                   -------
vdd                                       1.32
cm                                         0.6
vd                                      -0.048
ap                                       0.576
an                                       0.624
clku                                         0
clk                                          0
ibn                                   0.293167
xa.x1.tmid                         1.12386e-07
xa.x1.tail                             0.57064
xa.x1.np                                  1.32
xa.x1.nn                                  1.32
xa.x1.ln                                  1.32
xa.x1.lp                                  1.32
xa.x1.lnb                          3.07336e-08
xa.x1.lpb                          3.23728e-08
xa.x1.na                                  1.32
doutb                              3.39197e-08
dout                                      1.32
xa.x1.nb                                  1.32
doutn                                        1
tcheck                                     -40
pa_00                                  293.167
bpa_00#branch                                0
btchk#branch                                 0
bdoutn#branch                                0
bclk#branch                        1.63935e-10
ean#branch                          1.6839e-12
eap#branch                         2.09943e-12
vclku#branch                                 0
vd#branch                                    0
vcm#branch                         3.78333e-12
vsup#branch                       -1.00008e-05


No. of Data Rows : 12238

  Measurements for Transient Analysis

dlev0               =  3.44430e-07
dlev1               =  -5.79122e-06
dlev2               =  -4.71761e-06
dlev3               =  -2.56961e-07
dlev4               =  -3.29887e-07
dlev5               =  -3.52896e-06
dlev6               =  -6.14584e-07
dlev7               =  1.01907e-06
dlev8               =  3.78315e-07
dlev9               =  -2.54682e-06
dlev10              =  -3.08753e-06
dlev11              =  1.25528e-07
dlev12              =  8.50856e-07
dlev13              =  -1.73230e-06
dlev14              =  -1.62464e-06
dlev15              =  -2.41123e-06
dlev16              =  -2.23104e-06
dlev17              =  1.00000e+00
dlev18              =  9.99999e-01
dlev19              =  9.99999e-01
dlev20              =  9.99999e-01
dlev21              =  1.00000e+00
dlev22              =  1.00000e+00
dlev23              =  1.00000e+00
dlev24              =  1.00000e+00
dlev25              =  9.99998e-01
dlev26              =  1.00000e+00
dlev27              =  1.00000e+00
dlev28              =  9.99998e-01
dlev29              =  9.99998e-01
dlev30              =  1.00000e+00
dlev31              =  9.99998e-01
dlev32              =  9.99998e-01
vdd_meas            =  1.32000e+00
temp_meas           =  -4.00000e+01
vbias_mv            =  2.93167e+02
lowcount            =  1.70000e+01
vos_mv              =  1.50011e+00

ngspice-46 done
