
Note: No compatibility mode selected!


Circuit: * klt sim -- generated corner deck, do not edit

Doing analysis at TEMP = 125.000000 and TNOM = 27.000000

Using SPARSE 1.3 as Direct Linear Solver

Initial Transient Solution
--------------------------

Node                                   Voltage
----                                   -------
vdd                                       1.08
cm                                         0.6
vd                                      -0.048
ap                                       0.576
an                                       0.624
clku                                         0
clk                                          0
ibn                                   0.250496
xa.x1.tmid                         8.29492e-05
xa.x1.tail                            0.521461
xa.x1.np                               1.07997
xa.x1.nn                               1.07991
xa.x1.ln                                  1.08
xa.x1.lp                                  1.08
xa.x1.lnb                          4.52887e-06
xa.x1.lpb                          4.20044e-06
xa.x1.na                                  1.08
doutb                              5.37277e-06
dout                                   1.07999
xa.x1.nb                                  1.08
doutn                                 0.999991
tcheck                                     125
pa_00                                  250.496
bpa_00#branch                                0
btchk#branch                                 0
bdoutn#branch                                0
bclk#branch                        3.36715e-10
ean#branch                         7.12999e-13
eap#branch                         9.50337e-13
vclku#branch                                 0
vd#branch                                    0
vcm#branch                         1.66334e-12
vsup#branch                       -2.01718e-05


No. of Data Rows : 11998

  Measurements for Transient Analysis

dlev0               =  3.62335e-06
dlev1               =  3.91082e-06
dlev2               =  3.90280e-06
dlev3               =  3.89384e-06
dlev4               =  3.92765e-06
dlev5               =  3.87516e-06
dlev6               =  3.94681e-06
dlev7               =  3.85842e-06
dlev8               =  3.86180e-06
dlev9               =  2.79312e-06
dlev10              =  4.95326e-06
dlev11              =  3.81615e-06
dlev12              =  4.82074e-06
dlev13              =  3.80192e-06
dlev14              =  3.82114e-06
dlev15              =  4.09282e-06
dlev16              =  3.20444e-06
dlev17              =  5.12626e-06
dlev18              =  9.99991e-01
dlev19              =  9.99991e-01
dlev20              =  9.99991e-01
dlev21              =  9.99991e-01
dlev22              =  9.99991e-01
dlev23              =  9.99991e-01
dlev24              =  9.99991e-01
dlev25              =  9.99991e-01
dlev26              =  9.99991e-01
dlev27              =  9.99991e-01
dlev28              =  9.99991e-01
dlev29              =  9.99991e-01
dlev30              =  9.99991e-01
dlev31              =  9.99991e-01
dlev32              =  9.99991e-01
vdd_meas            =  1.08000e+00
temp_meas           =  1.25000e+02
vbias_mv            =  2.50496e+02
lowcount            =  1.80001e+01
vos_mv              =  4.50019e+00

ngspice-46 done
