
Note: No compatibility mode selected!


Circuit: * klt sim -- generated corner deck, do not edit

Doing analysis at TEMP = -40.000000 and TNOM = 27.000000

Using SPARSE 1.3 as Direct Linear Solver

Initial Transient Solution
--------------------------

Node                                   Voltage
----                                   -------
vdd                                       1.32
cm                                         0.6
vd                                      -0.048
ap                                       0.576
an                                       0.624
clku                                         0
clk                                          0
ibn                                   0.312182
xa.x1.tmid                         8.77952e-08
xa.x1.tail                            0.570869
xa.x1.np                                  1.32
xa.x1.nn                                  1.32
xa.x1.ln                                  1.32
xa.x1.lp                                  1.32
xa.x1.lnb                          3.41732e-08
xa.x1.lpb                          3.23267e-08
xa.x1.na                                  1.32
doutb                                     1.32
dout                                3.4065e-08
xa.x1.nb                                  1.32
doutn                              2.58068e-08
tcheck                                     -40
pa_00                                  312.182
bpa_00#branch                                0
btchk#branch                                 0
bdoutn#branch                                0
bclk#branch                        1.63219e-10
ean#branch                         1.68293e-12
eap#branch                         2.09988e-12
vclku#branch                                 0
vd#branch                                    0
vcm#branch                         3.78281e-12
vsup#branch                       -1.50008e-05


No. of Data Rows : 12322

  Measurements for Transient Analysis

dlev0               =  -1.71488e-06
dlev1               =  -3.94006e-07
dlev2               =  -3.29739e-07
dlev3               =  -1.20926e-06
dlev4               =  -3.65605e-07
dlev5               =  -4.48238e-08
dlev6               =  1.25094e-07
dlev7               =  -2.88987e-06
dlev8               =  -4.61132e-06
dlev9               =  -4.19312e-06
dlev10              =  -2.28246e-06
dlev11              =  -1.07258e-06
dlev12              =  6.95106e-08
dlev13              =  -5.89184e-09
dlev14              =  6.59884e-07
dlev15              =  6.85217e-07
dlev16              =  -3.75120e-07
dlev17              =  1.00000e+00
dlev18              =  9.99999e-01
dlev19              =  1.00000e+00
dlev20              =  1.00000e+00
dlev21              =  1.00000e+00
dlev22              =  9.99999e-01
dlev23              =  1.00000e+00
dlev24              =  9.99999e-01
dlev25              =  9.99999e-01
dlev26              =  9.99999e-01
dlev27              =  9.99999e-01
dlev28              =  1.00000e+00
dlev29              =  1.00000e+00
dlev30              =  1.00000e+00
dlev31              =  9.99999e-01
dlev32              =  1.00000e+00
vdd_meas            =  1.32000e+00
temp_meas           =  -4.00000e+01
vbias_mv            =  3.12182e+02
lowcount            =  1.70000e+01
vos_mv              =  1.50007e+00

ngspice-46 done
