
Note: No compatibility mode selected!


Circuit: * klt sim -- generated corner deck, do not edit

Doing analysis at TEMP = 27.000000 and TNOM = 27.000000

Using SPARSE 1.3 as Direct Linear Solver

Initial Transient Solution
--------------------------

Node                                   Voltage
----                                   -------
vdd                                       1.08
cm                                         0.6
vd                                      -0.048
ap                                       0.576
an                                       0.624
clku                                         0
clk                                          0
ibn                                   0.353659
xa.x1.tmid                         9.07753e-08
xa.x1.tail                            0.563831
xa.x1.np                                  1.08
xa.x1.nn                                  1.08
xa.x1.ln                                  1.08
xa.x1.lp                                  1.08
xa.x1.lnb                          1.44912e-08
xa.x1.lpb                           1.3557e-08
xa.x1.na                               1.07535
doutb                                 0.549499
dout                                  0.555116
xa.x1.nb                               1.07501
doutn                                 0.513996
tcheck                                      27
pa_00                                  353.659
bpa_00#branch                                0
btchk#branch                                 0
bdoutn#branch                                0
bclk#branch                        6.54931e-11
ean#branch                         5.44287e-14
eap#branch                         7.30943e-14
vclku#branch                                 0
vd#branch                                    0
vcm#branch                         1.27523e-13
vsup#branch                       -3.39757e-05


No. of Data Rows : 12064

  Measurements for Transient Analysis

dlev0               =  6.75860e-06
dlev1               =  -1.61511e-07
dlev2               =  7.49925e-06
dlev3               =  3.11695e-06
dlev4               =  6.73539e-06
dlev5               =  5.94031e-08
dlev6               =  7.93616e-06
dlev7               =  3.05620e-06
dlev8               =  7.78734e-06
dlev9               =  3.53266e-06
dlev10              =  7.96129e-06
dlev11              =  3.74823e-07
dlev12              =  2.04220e-06
dlev13              =  7.49487e-06
dlev14              =  -2.06361e-06
dlev15              =  1.70381e-06
dlev16              =  1.00000e+00
dlev17              =  1.00000e+00
dlev18              =  9.99998e-01
dlev19              =  1.00000e+00
dlev20              =  1.00000e+00
dlev21              =  1.00000e+00
dlev22              =  1.00000e+00
dlev23              =  1.00000e+00
dlev24              =  1.00000e+00
dlev25              =  9.99998e-01
dlev26              =  1.00000e+00
dlev27              =  1.00000e+00
dlev28              =  1.00000e+00
dlev29              =  9.99998e-01
dlev30              =  9.99998e-01
dlev31              =  9.99998e-01
dlev32              =  1.00000e+00
vdd_meas            =  1.08000e+00
temp_meas           =  2.70000e+01
vbias_mv            =  3.53659e+02
lowcount            =  1.59999e+01
vos_mv              =  -1.50021e+00

ngspice-46 done
