
Note: No compatibility mode selected!


Circuit: * klt sim -- generated corner deck, do not edit

Doing analysis at TEMP = -40.000000 and TNOM = 27.000000

Using SPARSE 1.3 as Direct Linear Solver

Initial Transient Solution
--------------------------

Node                                   Voltage
----                                   -------
vdd                                       1.08
cm                                        0.65
vd                                      -0.048
ap                                       0.626
an                                       0.674
clku                                         0
clk                                          0
ibn                                     0.3022
xa.x1.tmid                         2.41576e-07
xa.x1.tail                            0.608299
xa.x1.np                                  1.08
xa.x1.nn                                  1.08
xa.x1.ln                                  1.08
xa.x1.lp                                  1.08
xa.x1.lnb                          7.89782e-08
xa.x1.lpb                          7.45454e-08
xa.x1.na                               1.06893
doutb                                 0.563235
dout                                  0.559171
xa.x1.nb                               1.06978
doutn                                 0.517751
tcheck                                     -40
pa_00                                    302.2
bpa_00#branch                                0
btchk#branch                                 0
bdoutn#branch                                0
bclk#branch                        4.60657e-10
ean#branch                          7.7427e-13
eap#branch                         1.04119e-12
vclku#branch                                 0
vd#branch                                    0
vcm#branch                         1.81546e-12
vsup#branch                       -7.00258e-05


No. of Data Rows : 12225

  Measurements for Transient Analysis

dlev0               =  1.05539e-05
dlev1               =  7.68079e-06
dlev2               =  3.61327e-06
dlev3               =  1.02773e-05
dlev4               =  4.77087e-06
dlev5               =  5.58767e-06
dlev6               =  1.21060e-05
dlev7               =  1.10601e-05
dlev8               =  1.20156e-05
dlev9               =  7.67976e-06
dlev10              =  1.13594e-05
dlev11              =  -1.13441e-06
dlev12              =  1.06867e-05
dlev13              =  1.08735e-05
dlev14              =  -4.63347e-07
dlev15              =  9.06864e-06
dlev16              =  1.00000e+00
dlev17              =  1.00000e+00
dlev18              =  1.00000e+00
dlev19              =  1.00000e+00
dlev20              =  1.00000e+00
dlev21              =  1.00000e+00
dlev22              =  1.00000e+00
dlev23              =  1.00000e+00
dlev24              =  1.00000e+00
dlev25              =  1.00000e+00
dlev26              =  1.00000e+00
dlev27              =  1.00000e+00
dlev28              =  1.00000e+00
dlev29              =  1.00000e+00
dlev30              =  1.00001e+00
dlev31              =  1.00000e+00
dlev32              =  1.00000e+00
vdd_meas            =  1.08000e+00
temp_meas           =  -4.00000e+01
vbias_mv            =  3.02200e+02
lowcount            =  1.59998e+01
vos_mv              =  -1.50056e+00
vcm_meas            =  6.50000e-01

ngspice-46 done
