
Note: No compatibility mode selected!


Circuit: * klt sim -- generated corner deck, do not edit

Doing analysis at TEMP = -40.000000 and TNOM = 27.000000

Using SPARSE 1.3 as Direct Linear Solver

Initial Transient Solution
--------------------------

Node                                   Voltage
----                                   -------
vdd                                       1.08
cm                                         0.6
vd                                      -0.048
ap                                       0.576
an                                       0.624
clku                                         0
clk                                          0
ibn                                   0.344485
xa.x1.tmid                         2.42861e-08
xa.x1.tail                            0.567507
xa.x1.np                                  1.08
xa.x1.nn                                  1.08
xa.x1.ln                                  1.08
xa.x1.lp                                  1.08
xa.x1.lnb                          2.14791e-08
xa.x1.lpb                          2.14837e-08
xa.x1.na                                  1.08
doutb                              2.17668e-08
dout                                      1.08
xa.x1.nb                                  1.08
doutn                                        1
tcheck                                     -40
pa_00                                  344.485
bpa_00#branch                                0
btchk#branch                                 0
bdoutn#branch                                0
bclk#branch                        1.43865e-10
ean#branch                         2.34646e-13
eap#branch                          3.1139e-13
vclku#branch                                 0
vd#branch                                    0
vcm#branch                         5.46035e-13
vsup#branch                       -2.00004e-05


No. of Data Rows : 12194

  Measurements for Transient Analysis

dlev0               =  4.55228e-06
dlev1               =  4.65249e-06
dlev2               =  4.82480e-06
dlev3               =  4.19040e-06
dlev4               =  2.45736e-06
dlev5               =  -5.54874e-06
dlev6               =  3.14714e-06
dlev7               =  4.08626e-06
dlev8               =  2.69142e-06
dlev9               =  3.61982e-06
dlev10              =  4.76738e-06
dlev11              =  4.90784e-06
dlev12              =  4.55633e-06
dlev13              =  -3.94835e-06
dlev14              =  9.99999e-01
dlev15              =  9.99999e-01
dlev16              =  9.99999e-01
dlev17              =  1.00000e+00
dlev18              =  9.99999e-01
dlev19              =  9.99999e-01
dlev20              =  1.00000e+00
dlev21              =  1.00000e+00
dlev22              =  1.00000e+00
dlev23              =  9.99999e-01
dlev24              =  1.00000e+00
dlev25              =  9.99999e-01
dlev26              =  9.99995e-01
dlev27              =  1.00000e+00
dlev28              =  9.99999e-01
dlev29              =  1.00000e+00
dlev30              =  1.00000e+00
dlev31              =  9.99999e-01
dlev32              =  9.99998e-01
vdd_meas            =  1.08000e+00
temp_meas           =  -4.00000e+01
vbias_mv            =  3.44485e+02
lowcount            =  1.40000e+01
vos_mv              =  -7.50006e+00

ngspice-46 done
