
Note: No compatibility mode selected!


Circuit: * klt sim -- generated corner deck, do not edit

Doing analysis at TEMP = 27.000000 and TNOM = 27.000000

Using SPARSE 1.3 as Direct Linear Solver

Initial Transient Solution
--------------------------

Node                                   Voltage
----                                   -------
vdd                                        1.2
cm                                         0.6
vd                                      -0.048
ap                                       0.576
an                                       0.624
clku                                         0
clk                                          0
ibn                                   0.306945
xa.x1.tmid                         1.27247e-06
xa.x1.tail                            0.578757
xa.x1.np                                   1.2
xa.x1.nn                                   1.2
xa.x1.ln                                   1.2
xa.x1.lp                                   1.2
xa.x1.lnb                          9.12486e-08
xa.x1.lpb                          9.60934e-08
xa.x1.na                               1.18174
doutb                                 0.628041
dout                                  0.613252
xa.x1.nb                               1.18239
doutn                                 0.511043
tcheck                                      27
pa_00                                  306.945
bpa_00#branch                                0
btchk#branch                                 0
bdoutn#branch                                0
bclk#branch                        3.08487e-10
ean#branch                         9.36612e-13
eap#branch                         1.19899e-12
vclku#branch                                 0
vd#branch                                    0
vcm#branch                          2.1356e-12
vsup#branch                       -8.94947e-05


No. of Data Rows : 12206

  Measurements for Transient Analysis

dlev0               =  -1.46978e-06
dlev1               =  -4.40655e-07
dlev2               =  -4.25921e-07
dlev3               =  1.80146e-06
dlev4               =  2.29210e-06
dlev5               =  3.48318e-06
dlev6               =  4.09892e-06
dlev7               =  4.09067e-06
dlev8               =  -9.31244e-07
dlev9               =  2.59947e-06
dlev10              =  3.56277e-06
dlev11              =  3.48155e-06
dlev12              =  -1.21518e-06
dlev13              =  2.97241e-06
dlev14              =  1.80187e-07
dlev15              =  1.64737e-07
dlev16              =  3.26420e-06
dlev17              =  9.99998e-01
dlev18              =  9.99998e-01
dlev19              =  1.00000e+00
dlev20              =  1.00000e+00
dlev21              =  9.99999e-01
dlev22              =  9.99999e-01
dlev23              =  9.99999e-01
dlev24              =  9.99999e-01
dlev25              =  9.99999e-01
dlev26              =  9.99999e-01
dlev27              =  9.99999e-01
dlev28              =  9.99999e-01
dlev29              =  9.99999e-01
dlev30              =  1.00000e+00
dlev31              =  1.00000e+00
dlev32              =  9.99999e-01
vdd_meas            =  1.20000e+00
temp_meas           =  2.70000e+01
vbias_mv            =  3.06945e+02
lowcount            =  1.70000e+01
vos_mv              =  1.49996e+00

ngspice-46 done
