
Note: No compatibility mode selected!


Circuit: * klt sim -- generated corner deck, do not edit

Doing analysis at TEMP = -40.000000 and TNOM = 27.000000

Using SPARSE 1.3 as Direct Linear Solver

Initial Transient Solution
--------------------------

Node                                   Voltage
----                                   -------
vdd                                       1.08
cm                                         0.6
vd                                      -0.048
ap                                       0.576
an                                       0.624
clku                                         0
clk                                          0
ibn                                   0.302616
xa.x1.tmid                         2.16787e-07
xa.x1.tail                            0.517893
xa.x1.np                                  1.08
xa.x1.nn                                  1.08
xa.x1.ln                                  1.08
xa.x1.lp                                  1.08
xa.x1.lnb                          7.65514e-08
xa.x1.lpb                          7.24881e-08
xa.x1.na                               1.06925
doutb                                 0.560888
dout                                  0.570089
xa.x1.nb                               1.06933
doutn                                  0.52786
tcheck                                     -40
pa_00                                  302.616
bpa_00#branch                                0
btchk#branch                                 0
bdoutn#branch                                0
bclk#branch                        4.49687e-10
ean#branch                         6.84147e-13
eap#branch                         9.03916e-13
vclku#branch                                 0
vd#branch                                    0
vcm#branch                         1.58806e-12
vsup#branch                       -7.02678e-05


No. of Data Rows : 12114

  Measurements for Transient Analysis

dlev0               =  2.70389e-06
dlev1               =  4.51358e-06
dlev2               =  2.87049e-06
dlev3               =  3.38812e-06
dlev4               =  3.37281e-06
dlev5               =  3.27776e-06
dlev6               =  1.09337e-06
dlev7               =  1.15720e-06
dlev8               =  1.05638e-06
dlev9               =  3.02355e-06
dlev10              =  5.95918e-06
dlev11              =  5.15861e-06
dlev12              =  4.03060e-06
dlev13              =  1.00000e+00
dlev14              =  1.00000e+00
dlev15              =  1.00000e+00
dlev16              =  1.00000e+00
dlev17              =  1.00000e+00
dlev18              =  1.00000e+00
dlev19              =  1.00000e+00
dlev20              =  1.00000e+00
dlev21              =  1.00000e+00
dlev22              =  1.00000e+00
dlev23              =  1.00000e+00
dlev24              =  1.00000e+00
dlev25              =  1.00000e+00
dlev26              =  1.00000e+00
dlev27              =  1.00000e+00
dlev28              =  1.00000e+00
dlev29              =  1.00000e+00
dlev30              =  1.00000e+00
dlev31              =  1.00000e+00
dlev32              =  1.00000e+00
vdd_meas            =  1.08000e+00
temp_meas           =  -4.00000e+01
vbias_mv            =  3.02616e+02
lowcount            =  1.29999e+01
vos_mv              =  -1.05002e+01

ngspice-46 done
