
Note: No compatibility mode selected!


Circuit: * klt sim -- generated corner deck, do not edit

Doing analysis at TEMP = -40.000000 and TNOM = 27.000000

Using SPARSE 1.3 as Direct Linear Solver
Note: Starting dynamic gmin stepping
Note: Dynamic gmin stepping completed

Initial Transient Solution
--------------------------

Node                                   Voltage
----                                   -------
vdd                                       1.08
cm                                        0.65
vd                                      -0.048
ap                                       0.626
an                                       0.674
clku                                         0
clk                                          0
ibn                                   0.389756
xa.x1.tmid                         1.45437e-09
xa.x1.tail                            0.634177
xa.x1.np                                  1.08
xa.x1.nn                                  1.08
xa.x1.ln                                  1.08
xa.x1.lp                                  1.08
xa.x1.lnb                          6.55643e-09
xa.x1.lpb                          6.44464e-09
xa.x1.na                               1.07824
doutb                                 0.547637
dout                                  0.559699
xa.x1.nb                               1.07779
doutn                                  0.51824
tcheck                                     -40
pa_00                                  389.756
bpa_00#branch                                0
btchk#branch                                 0
bdoutn#branch                                0
bclk#branch                        4.47827e-11
ean#branch                         3.85247e-14
eap#branch                         5.28744e-14
vclku#branch                                 0
vd#branch                                    0
vcm#branch                         9.13991e-14
vsup#branch                       -2.64135e-05


No. of Data Rows : 12125

  Measurements for Transient Analysis

dlev0               =  -8.75720e-06
dlev1               =  -1.21891e-05
dlev2               =  -1.26712e-05
dlev3               =  -1.23362e-05
dlev4               =  -1.15333e-05
dlev5               =  -8.40806e-06
dlev6               =  -9.89300e-06
dlev7               =  -1.30942e-05
dlev8               =  -1.39317e-05
dlev9               =  -1.13159e-05
dlev10              =  -5.79767e-06
dlev11              =  -8.64739e-06
dlev12              =  -8.75105e-06
dlev13              =  -4.12456e-06
dlev14              =  -8.27093e-06
dlev15              =  -1.01125e-05
dlev16              =  -1.45036e-05
dlev17              =  -1.04051e-05
dlev18              =  9.99998e-01
dlev19              =  9.99998e-01
dlev20              =  9.99998e-01
dlev21              =  9.99998e-01
dlev22              =  9.99998e-01
dlev23              =  9.99997e-01
dlev24              =  1.00000e+00
dlev25              =  9.99998e-01
dlev26              =  9.99998e-01
dlev27              =  9.99998e-01
dlev28              =  9.99998e-01
dlev29              =  9.99998e-01
dlev30              =  9.99998e-01
dlev31              =  9.99998e-01
dlev32              =  9.99998e-01
vdd_meas            =  1.08000e+00
temp_meas           =  -4.00000e+01
vbias_mv            =  3.89756e+02
lowcount            =  1.80002e+01
vos_mv              =  4.50064e+00
vcm_meas            =  6.50000e-01

ngspice-46 done
