
Note: No compatibility mode selected!


Circuit: * klt sim -- generated corner deck, do not edit

Doing analysis at TEMP = 27.000000 and TNOM = 27.000000

Using SPARSE 1.3 as Direct Linear Solver

Initial Transient Solution
--------------------------

Node                                   Voltage
----                                   -------
vdd                                       1.08
cm                                        0.55
vd                                      -0.048
ap                                       0.526
an                                       0.574
clku                                         0
clk                                          0
ibn                                   0.262349
xa.x1.tmid                         7.78576e-06
xa.x1.tail                            0.526961
xa.x1.np                                  1.08
xa.x1.nn                               1.07999
xa.x1.ln                                  1.08
xa.x1.lp                                  1.08
xa.x1.lnb                          5.72665e-07
xa.x1.lpb                          5.86348e-07
xa.x1.na                               1.06377
doutb                                 0.566098
dout                                  0.567836
xa.x1.nb                               1.06384
doutn                                 0.525774
tcheck                                      27
pa_00                                  262.349
bpa_00#branch                                0
btchk#branch                                 0
bdoutn#branch                                0
bclk#branch                         6.9881e-10
ean#branch                         2.83121e-12
eap#branch                         3.65152e-12
vclku#branch                                 0
vd#branch                                    0
vcm#branch                         6.48273e-12
vsup#branch                       -9.03221e-05


No. of Data Rows : 12189

  Measurements for Transient Analysis

dlev0               =  6.45798e-06
dlev1               =  6.48232e-06
dlev2               =  6.11844e-06
dlev3               =  6.53522e-06
dlev4               =  1.18098e-06
dlev5               =  4.99445e-06
dlev6               =  5.05840e-06
dlev7               =  2.94967e-06
dlev8               =  3.97716e-06
dlev9               =  8.59658e-07
dlev10              =  3.66098e-06
dlev11              =  4.58540e-06
dlev12              =  8.42132e-07
dlev13              =  1.08179e-06
dlev14              =  5.82156e-06
dlev15              =  4.24205e-06
dlev16              =  5.36680e-06
dlev17              =  9.99999e-01
dlev18              =  1.00000e+00
dlev19              =  1.00000e+00
dlev20              =  9.99999e-01
dlev21              =  1.00000e+00
dlev22              =  1.00000e+00
dlev23              =  1.00000e+00
dlev24              =  1.00000e+00
dlev25              =  1.00000e+00
dlev26              =  9.99999e-01
dlev27              =  9.99999e-01
dlev28              =  9.99999e-01
dlev29              =  9.99999e-01
dlev30              =  1.00000e+00
dlev31              =  1.00000e+00
dlev32              =  1.00000e+00
vdd_meas            =  1.08000e+00
temp_meas           =  2.70000e+01
vbias_mv            =  2.62349e+02
lowcount            =  1.69999e+01
vos_mv              =  1.49980e+00
vcm_meas            =  5.50000e-01

ngspice-46 done
