
Note: No compatibility mode selected!


Circuit: * klt sim -- generated corner deck, do not edit

Doing analysis at TEMP = -40.000000 and TNOM = 27.000000

Using SPARSE 1.3 as Direct Linear Solver

Initial Transient Solution
--------------------------

Node                                   Voltage
----                                   -------
vdd                                       1.32
cm                                         0.6
clku                                         0
clk                                          0
sa                                       0.001
asp                                     0.6005
asn                                     0.5995
apa                                     0.6005
ana                                     0.5995
apa_pin                                 0.6005
ana_pin                                 0.5995
ibna                                  0.300876
xa.x1.tmid                         2.10506e-07
xa.x1.tail                            0.560115
xa.x1.np                                  1.32
xa.x1.nn                                  1.32
xa.x1.ln                                  1.32
xa.x1.lp                                  1.32
xa.x1.lnb                           1.2461e-07
xa.x1.lpb                           1.2461e-07
xa.x1.na                               1.29253
doutba                                0.681687
douta                                 0.681687
xa.x1.nb                               1.29253
qp                                  -0.0038324
qn                                 -0.00384965
sb                                       0.001
bsp                                     0.6005
bsn                                     0.5995
bpp                                   0.604269
bpn                                   0.603286
ibnb                                  0.300876
xb.x1.tmid                         2.11312e-07
xb.x1.tail                            0.563404
xb.x1.np                                  1.32
xb.x1.nn                                  1.32
xb.x1.ln                                  1.32
xb.x1.lp                                  1.32
xb.x1.lnb                           1.2461e-07
xb.x1.lpb                           1.2461e-07
xb.x1.na                               1.29253
doutbb                                0.681687
doutb                                 0.681687
xb.x1.nb                               1.29253
sc                                         0.1
csp                                       0.65
csn                                       0.55
cpp                                   0.653019
cpn                                   0.554698
ibnc                                  0.300876
xc.x1.tmid                         2.18177e-07
xc.x1.tail                            0.591466
xc.x1.np                                  1.32
xc.x1.nn                                  1.32
xc.x1.ln                                  1.32
xc.x1.lp                                  1.32
xc.x1.lnb                           1.2461e-07
xc.x1.lpb                           1.2461e-07
xc.x1.na                               1.29253
doutbc                                0.681687
doutc                                 0.681687
xc.x1.nb                               1.29253
ad                                  3.8324e-09
bd                                  0.00098329
cd                                   0.0983218
bc                                  0.00377727
dan                                    0.51643
dbn                                    0.51643
dcn                                    0.51643
tcheck                                     -40
btchk#branch                                 0
bdcn#branch                                  0
bdbn#branch                                  0
bdan#branch                                  0
bbc#branch                                   0
bcd#branch                                   0
bbd#branch                                   0
bad#branch                                   0
vkn#branch                        -3.84965e-12
vkp#branch                         -3.8324e-12
bclk#branch                        2.67354e-09
ecsn#branch                        4.69752e-12
ecsp#branch                        3.01934e-12
ebsn#branch                        3.78563e-12
ebsp#branch                        3.76892e-12
easn#branch                        3.84965e-12
easp#branch                         3.8324e-12
vsc#branch                                   0
vsb#branch                                   0
vsa#branch                                   0
vclku#branch                                 0
vcm#branch                         2.29535e-11
vsup#branch                       -0.000545529


No. of Data Rows : 12084

  Measurements for Transient Analysis

vdd_meas            =  1.32000e+00
temp_meas           =  -4.00000e+01
ad_pos              =  1.40385e-01 at=  4.02324e-08
ad_neg              =  -3.78410e-02 at=  4.01450e-08
kick_1k_peak_mv     =  1.40385e+02
kick_1k_pos_mv      =  1.40385e+02
kick_1k_neg_mv      =  -3.78410e+01
qp29                =  -3.83240e-03
qpmax               =  2.51785e-02 at=  4.01550e-08
qpmin               =  -5.41972e-03 at=  3.00465e-08
qkick_p_fc          =  2.90109e+01
qn29                =  -3.84965e-03
qnmax               =  2.55108e-02 at=  4.01550e-08
qnmin               =  -5.43679e-03 at=  3.00465e-08
qkick_n_fc          =  2.93604e+01
qkick_fc            =  2.93604e+01
bd0                 =  9.83290e-04
bd1                 =  9.83132e-04
cd0                 =  9.83218e-02
cd1                 =  9.83114e-02
kick_sigdep_uv      =  1.02289e+01
bc0                 =  3.77727e-03
bc1                 =  2.91320e-03
kick_cm_uv          =  -8.64070e+02
dout_1k_end         =  1.00000e+00
dout_float_small_end=  1.00000e+00
dout_float_big_end  =  1.00000e+00

ngspice-46 done
