
Note: Compatibility modes selected: hs a


Circuit: * comparator-kickback @ fs_27c_1.20v -- generated by sim/harness, do not edit

Doing analysis at TEMP = 27.000000 and TNOM = 27.000000

Using SPARSE 1.3 as Direct Linear Solver

Initial Transient Solution
--------------------------

Node                                   Voltage
----                                   -------
vdd                                        1.2
cm                                         0.6
clk                                          0
sa                                       0.001
asp                                     0.6005
asn                                     0.5995
apa                                     0.6005
ana                                     0.5995
ibna                                  0.286672
xa.xa.atail                           0.367468
xa.aon                                0.983616
xa.aop                                0.988198
xa.xl.ken                          3.77514e-11
xa.xl.qp                                   0.6
xa.xl.qn                                   0.6
xa.xl.h                            1.27451e-11
douta                              1.27451e-11
doutba                                     1.2
sb                                       0.001
bsp                                     0.6005
bsn                                     0.5995
bpp                                   0.600567
bpn                                   0.599627
ibnb                                  0.286672
xb.xa.atail                           0.367551
xb.aon                                0.983741
xb.aop                                0.988045
xb.xl.ken                          3.77514e-11
xb.xl.qp                                   0.6
xb.xl.qn                                   0.6
xb.xl.h                            1.27451e-11
doutb                              1.27451e-11
doutbb                                     1.2
sc                                         0.1
csp                                       0.65
csn                                       0.55
cpp                                   0.647982
cpn                                   0.553503
ibnc                                  0.286672
xc.xa.atail                           0.381198
xc.aon                                0.809753
xc.aop                                 1.15739
xc.xl.ken                          3.77514e-11
xc.xl.qp                                   0.6
xc.xl.qn                                   0.6
xc.xl.h                            1.27451e-11
doutc                              1.27451e-11
doutbc                                     1.2
ad                                 6.59148e-11
bd                                 0.000939422
cd                                    0.094479
bc                                 9.70957e-05
dan                                1.06209e-11
dbn                                1.06209e-11
dcn                                1.06209e-11
bdcn#branch                                  0
bdbn#branch                                  0
bdan#branch                                  0
bbc#branch                                   0
bcd#branch                                   0
bbd#branch                                   0
bad#branch                                   0
b.xc.xl.bdob#branch                          0
b.xc.xl.bdo#branch                           0
b.xc.xl.ben#branch                           0
b.xb.xl.bdob#branch                          0
b.xb.xl.bdo#branch                           0
b.xb.xl.ben#branch                           0
b.xa.xl.bdob#branch                          0
b.xa.xl.bdo#branch                           0
b.xa.xl.ben#branch                           0
ecsn#branch                          3.503e-12
ecsp#branch                         -2.018e-12
ebsn#branch                        1.27385e-13
ebsp#branch                        6.68065e-14
easn#branch                        1.30436e-13
easp#branch                        6.59149e-14
vsc#branch                                   0
vsb#branch                                   0
vsa#branch                                   0
vclk#branch                                  0
vcm#branch                         1.87554e-12
vsup#branch                       -0.000124463

 Reference value :  0.00000e+00
 Reference value :  2.85640e-09
 Reference value :  5.85140e-09
 Reference value :  8.74140e-09
 Reference value :  1.16864e-08
 Reference value :  1.45314e-08
 Reference value :  1.74664e-08
 Reference value :  2.04164e-08
 Reference value :  2.32514e-08
 Reference value :  2.61664e-08
 Reference value :  2.90064e-08
 Reference value :  3.10252e-08
 Reference value :  3.37752e-08
 Reference value :  3.67352e-08
 Reference value :  3.95802e-08
 Reference value :  4.19275e-08
 Reference value :  4.48975e-08
 Reference value :  4.76975e-08
 Reference value :  5.14825e-08
 Reference value :  5.43825e-08
 Reference value :  5.72925e-08
No. of Data Rows : 12093
ad_pos              =  5.34931e-03 at=  4.02175e-08
ad_neg              =  -6.05217e-03 at=  3.03267e-08
ap0                 =  6.00500e-01
apmax               =  6.05849e-01 at=  4.02175e-08
apmin               =  5.94448e-01 at=  3.03267e-08
bd0                 =  9.39422e-04
bd1                 =  9.39421e-04
cd0                 =  9.44790e-02
cd1                 =  9.44790e-02
bc0                 =  9.70957e-05
bc1                 =  9.71606e-05
bp0                 =  6.00567e-01
bn0                 =  5.99627e-01
bp1                 =  6.00567e-01
bn1                 =  5.99627e-01
da_end              =  9.99851e-01
db_end              =  9.99851e-01
dc_end              =  9.99851e-01
m_kick_1k_peak_mv = 6.0521670000e+00
m_kick_1k_pos_mv = 5.3493120000e+00
m_kick_1k_neg_mv = -6.052167000e+00
m_kick_1k_raw_mv = 6.0522000000e+00
m_kick_resid_small_nv = -1.200000000e+00
m_kick_resid_big_nv = -9.999999995e+00
m_kick_sigdep_nv = 8.7999999948e+00
m_kick_cm_nv = 6.4910000000e+01
m_kick_resid_raw_uv = 0.0000000000e+00
m_q_resid_small_ac = -1.200000000e-03
m_dout_1k_end = 9.9985130000e-01
m_dout_float_small_end = 9.9985130000e-01
m_dout_float_big_end = 9.9985130000e-01
Note: Simulation executed from .control section 

Warning: m=xx on .subckt line will override multiplier m hierarchy!

Note: Starting dynamic gmin stepping
Note: Dynamic gmin stepping completed
