
Note: Compatibility modes selected: hs a


Circuit: * comparator-kickback @ sf_27c_1.32v -- generated by sim/harness, do not edit

Doing analysis at TEMP = 27.000000 and TNOM = 27.000000

Using SPARSE 1.3 as Direct Linear Solver

Initial Transient Solution
--------------------------

Node                                   Voltage
----                                   -------
vdd                                       1.32
cm                                         0.6
clk                                          0
sa                                       0.001
asp                                     0.6005
asn                                     0.5995
apa                                     0.6005
ana                                     0.5995
ibna                                  0.331914
xa.xa.atail                           0.332567
xa.aon                                 1.11761
xa.aop                                 1.12216
xa.xl.ken                           3.4247e-12
xa.xl.qp                                  0.66
xa.xl.qn                                  0.66
xa.xl.h                            1.27182e-12
douta                              1.27182e-12
doutba                                    1.32
sb                                       0.001
bsp                                     0.6005
bsn                                     0.5995
bpp                                   0.600711
bpn                                   0.599736
ibnb                                  0.331914
xb.xa.atail                           0.332759
xb.aon                                 1.11764
xb.aop                                 1.12207
xb.xl.ken                           3.4247e-12
xb.xl.qp                                  0.66
xb.xl.qn                                  0.66
xb.xl.h                            1.27182e-12
doutb                              1.27182e-12
doutbb                                    1.32
sc                                         0.1
csp                                       0.65
csn                                       0.55
cpp                                   0.649418
cpn                                   0.551601
ibnc                                  0.331914
xc.xa.atail                           0.348548
xc.aon                                0.946778
xc.aop                                 1.28754
xc.xl.ken                           3.4247e-12
xc.xl.qp                                  0.66
xc.xl.qn                                  0.66
xc.xl.h                            1.27182e-12
doutc                              1.27182e-12
doutbc                                    1.32
ad                                 2.11525e-10
bd                                 0.000975289
cd                                   0.0978165
bc                                  0.00022318
dan                                9.63499e-13
dbn                                9.63499e-13
dcn                                9.63499e-13
bdcn#branch                                  0
bdbn#branch                                  0
bdan#branch                                  0
bbc#branch                                   0
bcd#branch                                   0
bbd#branch                                   0
bad#branch                                   0
b.xc.xl.bdob#branch                          0
b.xc.xl.bdo#branch                           0
b.xc.xl.ben#branch                           0
b.xb.xl.bdob#branch                          0
b.xb.xl.bdo#branch                           0
b.xb.xl.ben#branch                           0
b.xa.xl.bdob#branch                          0
b.xa.xl.bdo#branch                           0
b.xa.xl.ben#branch                           0
ecsn#branch                         1.6014e-12
ecsp#branch                       -5.82085e-13
ebsn#branch                        2.35536e-13
ebsp#branch                        2.10825e-13
easn#branch                        2.36902e-13
easp#branch                        2.11525e-13
vsc#branch                                   0
vsb#branch                                   0
vsa#branch                                   0
vclk#branch                                  0
vcm#branch                         1.91411e-12
vsup#branch                        -0.00012031

 Reference value :  0.00000e+00
 Reference value :  3.01140e-09
 Reference value :  5.94140e-09
 Reference value :  8.87140e-09
 Reference value :  1.17364e-08
 Reference value :  1.47464e-08
 Reference value :  1.75414e-08
 Reference value :  2.05164e-08
 Reference value :  2.33014e-08
 Reference value :  2.62164e-08
 Reference value :  2.90714e-08
 Reference value :  3.10975e-08
 Reference value :  3.40175e-08
 Reference value :  3.68575e-08
 Reference value :  3.96675e-08
 Reference value :  4.19825e-08
 Reference value :  4.48625e-08
 Reference value :  4.88725e-08
 Reference value :  5.18125e-08
 Reference value :  5.46075e-08
 Reference value :  5.73825e-08
No. of Data Rows : 12079
ad_pos              =  5.78509e-03 at=  4.02175e-08
ad_neg              =  -6.35478e-03 at=  3.03359e-08
ap0                 =  6.00500e-01
apmax               =  6.06285e-01 at=  4.02175e-08
apmin               =  5.94145e-01 at=  3.03359e-08
bd0                 =  9.75289e-04
bd1                 =  9.75288e-04
cd0                 =  9.78165e-02
cd1                 =  9.78165e-02
bc0                 =  2.23181e-04
bc1                 =  2.23236e-04
bp0                 =  6.00711e-01
bn0                 =  5.99736e-01
bp1                 =  6.00711e-01
bn1                 =  5.99736e-01
da_end              =  9.99851e-01
db_end              =  9.99851e-01
dc_end              =  9.99851e-01
m_kick_1k_peak_mv = 6.3547850000e+00
m_kick_1k_pos_mv = 5.7850870000e+00
m_kick_1k_neg_mv = -6.354785000e+00
m_kick_1k_raw_mv = 6.3548000000e+00
m_kick_resid_small_nv = -4.000000000e-01
m_kick_resid_big_nv = -9.999999981e+00
m_kick_sigdep_nv = 9.5999999808e+00
m_kick_cm_nv = 5.4600000000e+01
m_kick_resid_raw_uv = 0.0000000000e+00
m_q_resid_small_ac = -4.000000000e-04
m_dout_1k_end = 9.9985130000e-01
m_dout_float_small_end = 9.9985130000e-01
m_dout_float_big_end = 9.9985130000e-01
Note: Simulation executed from .control section 

Warning: m=xx on .subckt line will override multiplier m hierarchy!

Note: Starting dynamic gmin stepping
Note: Dynamic gmin stepping completed
