
Note: Compatibility modes selected: hs a


Circuit: * comparator-kickback @ ss_27c_1.20v -- generated by sim/harness, do not edit

Doing analysis at TEMP = 27.000000 and TNOM = 27.000000

Using SPARSE 1.3 as Direct Linear Solver

Initial Transient Solution
--------------------------

Node                                   Voltage
----                                   -------
vdd                                        1.2
cm                                         0.6
clk                                          0
sa                                       0.001
asp                                     0.6005
asn                                     0.5995
apa                                     0.6005
ana                                     0.5995
ibna                                  0.355198
xa.xa.atail                           0.309862
xa.aon                                 1.00554
xa.aop                                 1.00989
xa.xl.ken                          3.77514e-11
xa.xl.qp                                   0.6
xa.xl.qn                                   0.6
xa.xl.h                            1.27451e-11
douta                              1.27451e-11
doutba                                     1.2
sb                                       0.001
bsp                                     0.6005
bsn                                     0.5995
bpp                                   0.600414
bpn                                   0.599424
ibnb                                  0.355198
xb.xa.atail                           0.309793
xb.aon                                 1.00557
xb.aop                                 1.00988
xb.xl.ken                          3.77514e-11
xb.xl.qp                                   0.6
xb.xl.qn                                   0.6
xb.xl.h                            1.27451e-11
doutb                              1.27451e-11
doutbb                                     1.2
sc                                         0.1
csp                                       0.65
csn                                       0.55
cpp                                   0.649553
cpn                                   0.550417
ibnc                                  0.355198
xc.xa.atail                           0.325512
xc.aon                                0.840344
xc.aop                                 1.16972
xc.xl.ken                          3.77514e-11
xc.xl.qp                                   0.6
xc.xl.qn                                   0.6
xc.xl.h                            1.27451e-11
doutc                              1.27451e-11
doutbc                                     1.2
ad                                -8.60385e-11
bd                                 0.000989996
cd                                   0.0991363
bc                                 -8.0937e-05
dan                                1.06209e-11
dbn                                1.06209e-11
dcn                                1.06209e-11
bdcn#branch                                  0
bdbn#branch                                  0
bdan#branch                                  0
bbc#branch                                   0
bcd#branch                                   0
bbd#branch                                   0
bad#branch                                   0
b.xc.xl.bdob#branch                          0
b.xc.xl.bdo#branch                           0
b.xc.xl.ben#branch                           0
b.xb.xl.bdob#branch                          0
b.xb.xl.bdo#branch                           0
b.xb.xl.ben#branch                           0
b.xa.xl.bdob#branch                          0
b.xa.xl.bdo#branch                           0
b.xa.xl.ben#branch                           0
ecsn#branch                        4.16509e-13
ecsp#branch                       -4.47235e-13
ebsn#branch                       -7.59351e-14
ebsp#branch                       -8.59389e-14
easn#branch                       -7.59304e-14
easp#branch                       -8.60385e-14
vsc#branch                                   0
vsb#branch                                   0
vsa#branch                                   0
vclk#branch                                  0
vcm#branch                        -3.54569e-13
vsup#branch                       -0.000117954

 Reference value :  0.00000e+00
 Reference value :  2.86640e-09
 Reference value :  5.77140e-09
 Reference value :  8.71640e-09
 Reference value :  1.16164e-08
 Reference value :  1.45364e-08
 Reference value :  1.74264e-08
 Reference value :  2.03014e-08
 Reference value :  2.32714e-08
 Reference value :  2.61064e-08
 Reference value :  2.89164e-08
 Reference value :  3.10009e-08
 Reference value :  3.39559e-08
 Reference value :  3.69609e-08
 Reference value :  3.97459e-08
 Reference value :  4.21525e-08
 Reference value :  4.49825e-08
 Reference value :  4.77775e-08
 Reference value :  5.05075e-08
 Reference value :  5.32775e-08
 Reference value :  5.64775e-08
 Reference value :  5.93425e-08
No. of Data Rows : 12085
ad_pos              =  5.19665e-03 at=  4.02175e-08
ad_neg              =  -5.87228e-03 at=  3.03298e-08
ap0                 =  6.00500e-01
apmax               =  6.05697e-01 at=  4.02175e-08
apmin               =  5.94628e-01 at=  3.03298e-08
bd0                 =  9.89996e-04
bd1                 =  9.89996e-04
cd0                 =  9.91363e-02
cd1                 =  9.91362e-02
bc0                 =  -8.09370e-05
bc1                 =  -8.08749e-05
bp0                 =  6.00414e-01
bn0                 =  5.99424e-01
bp1                 =  6.00414e-01
bn1                 =  5.99424e-01
da_end              =  9.99851e-01
db_end              =  9.99851e-01
dc_end              =  9.99851e-01
m_kick_1k_peak_mv = 5.8722760000e+00
m_kick_1k_pos_mv = 5.1966540000e+00
m_kick_1k_neg_mv = -5.872276000e+00
m_kick_1k_raw_mv = 5.8723000000e+00
m_kick_resid_small_nv = -6.000000000e-01
m_kick_resid_big_nv = -1.000000001e+01
m_kick_sigdep_nv = 9.4000000086e+00
m_kick_cm_nv = 6.2070000000e+01
m_kick_resid_raw_uv = 0.0000000000e+00
m_q_resid_small_ac = -6.000000000e-04
m_dout_1k_end = 9.9985130000e-01
m_dout_float_small_end = 9.9985130000e-01
m_dout_float_big_end = 9.9985130000e-01
Note: Simulation executed from .control section 

Warning: m=xx on .subckt line will override multiplier m hierarchy!

Note: Starting dynamic gmin stepping
Note: Dynamic gmin stepping completed
