
Note: No compatibility mode selected!


Circuit: * klt sim -- generated corner deck, do not edit

Doing analysis at TEMP = 125.000000 and TNOM = 27.000000

Using SPARSE 1.3 as Direct Linear Solver

Initial Transient Solution
--------------------------

Node                                   Voltage
----                                   -------
vdd                                       1.32
cm                                         0.6
vd                                      -0.048
ap                                       0.576
an                                       0.624
clku                                         0
clk                                          0
ibn                                   0.228671
xa.x1.tmid                          4.9828e-05
xa.x1.tail                            0.595314
xa.x1.np                               1.31999
xa.x1.nn                               1.31997
xa.x1.ln                                  1.32
xa.x1.lp                                  1.32
xa.x1.lnb                          1.08964e-05
xa.x1.lpb                          8.45483e-06
xa.x1.na                               1.28215
doutb                                 0.704948
dout                                  0.698878
xa.x1.nb                                1.2822
doutn                                 0.529453
tcheck                                     125
pa_00                                  228.671
bpa_00#branch                                0
btchk#branch                                 0
bdoutn#branch                                0
bclk#branch                        1.21773e-09
ean#branch                         1.83925e-12
eap#branch                          2.3152e-12
vclku#branch                                 0
vd#branch                                    0
vcm#branch                         4.15445e-12
vsup#branch                       -0.000177196


No. of Data Rows : 12104

  Measurements for Transient Analysis

dlev0               =  6.32500e-06
dlev1               =  6.11082e-06
dlev2               =  4.24944e-06
dlev3               =  3.12991e-06
dlev4               =  3.42969e-06
dlev5               =  5.57224e-06
dlev6               =  1.09621e-05
dlev7               =  1.04799e-05
dlev8               =  6.13944e-06
dlev9               =  4.77160e-06
dlev10              =  9.96891e-06
dlev11              =  5.36665e-06
dlev12              =  5.38723e-06
dlev13              =  6.17272e-06
dlev14              =  5.11008e-06
dlev15              =  9.99998e-01
dlev16              =  9.99995e-01
dlev17              =  9.99996e-01
dlev18              =  9.99996e-01
dlev19              =  9.99997e-01
dlev20              =  9.99997e-01
dlev21              =  9.99997e-01
dlev22              =  9.99998e-01
dlev23              =  9.99998e-01
dlev24              =  9.99998e-01
dlev25              =  9.99997e-01
dlev26              =  9.99996e-01
dlev27              =  9.99996e-01
dlev28              =  9.99996e-01
dlev29              =  9.99996e-01
dlev30              =  9.99997e-01
dlev31              =  9.99996e-01
dlev32              =  9.99998e-01
vdd_meas            =  1.32000e+00
temp_meas           =  1.25000e+02
vbias_mv            =  2.28671e+02
lowcount            =  1.50000e+01
vos_mv              =  -4.50011e+00

ngspice-46 done
