
Note: No compatibility mode selected!


Circuit: * klt sim -- generated corner deck, do not edit

Doing analysis at TEMP = 27.000000 and TNOM = 27.000000

Using SPARSE 1.3 as Direct Linear Solver

Initial Transient Solution
--------------------------

Node                                   Voltage
----                                   -------
vdd                                       1.08
cm                                        0.65
vd                                      -0.048
ap                                       0.626
an                                       0.674
clku                                         0
clk                                          0
ibn                                   0.286643
xa.x1.tmid                         3.06978e-06
xa.x1.tail                            0.616951
xa.x1.np                                  1.08
xa.x1.nn                                  1.08
xa.x1.ln                                  1.08
xa.x1.lp                                  1.08
xa.x1.lnb                          4.24035e-08
xa.x1.lpb                          3.93721e-08
xa.x1.na                                  1.08
doutb                                     1.08
dout                               4.82306e-08
xa.x1.nb                                  1.08
doutn                               4.4658e-08
tcheck                                      27
pa_00                                  286.643
bpa_00#branch                                0
btchk#branch                                 0
bdoutn#branch                                0
bclk#branch                        1.25535e-10
ean#branch                         7.57561e-13
eap#branch                         1.02229e-12
vclku#branch                                 0
vd#branch                                    0
vcm#branch                         1.77985e-12
vsup#branch                       -2.00076e-05


No. of Data Rows : 12187

  Measurements for Transient Analysis

dlev0               =  1.27554e-06
dlev1               =  1.80894e-06
dlev2               =  4.28416e-06
dlev3               =  4.67631e-06
dlev4               =  1.61131e-06
dlev5               =  1.55387e-06
dlev6               =  1.53445e-06
dlev7               =  1.93745e-06
dlev8               =  1.95427e-06
dlev9               =  1.90483e-06
dlev10              =  1.86996e-06
dlev11              =  2.63612e-06
dlev12              =  2.74545e-06
dlev13              =  1.60465e-06
dlev14              =  1.79625e-06
dlev15              =  7.03260e-07
dlev16              =  1.00000e+00
dlev17              =  1.00000e+00
dlev18              =  9.99999e-01
dlev19              =  1.00000e+00
dlev20              =  9.99999e-01
dlev21              =  9.99999e-01
dlev22              =  9.99999e-01
dlev23              =  1.00000e+00
dlev24              =  9.99999e-01
dlev25              =  9.99999e-01
dlev26              =  9.99999e-01
dlev27              =  9.99999e-01
dlev28              =  9.99999e-01
dlev29              =  9.99999e-01
dlev30              =  9.99999e-01
dlev31              =  1.00000e+00
dlev32              =  1.00000e+00
vdd_meas            =  1.08000e+00
temp_meas           =  2.70000e+01
vbias_mv            =  2.86643e+02
lowcount            =  1.60000e+01
vos_mv              =  -1.50008e+00
vcm_meas            =  6.50000e-01

ngspice-46 done
