
Note: No compatibility mode selected!


Circuit: * klt sim -- generated corner deck, do not edit

Doing analysis at TEMP = 27.000000 and TNOM = 27.000000

Using SPARSE 1.3 as Direct Linear Solver

Initial Transient Solution
--------------------------

Node                                   Voltage
----                                   -------
vdd                                       1.08
cm                                         0.6
vd                                      -0.048
ap                                       0.576
an                                       0.624
clku                                         0
clk                                          0
ibn                                   0.286469
xa.x1.tmid                         2.94149e-06
xa.x1.tail                            0.574821
xa.x1.np                                  1.08
xa.x1.nn                                  1.08
xa.x1.ln                                  1.08
xa.x1.lp                                  1.08
xa.x1.lnb                          4.20061e-08
xa.x1.lpb                          4.00237e-08
xa.x1.na                                  1.08
doutb                              4.97152e-08
dout                                      1.08
xa.x1.nb                                  1.08
doutn                                        1
tcheck                                      27
pa_00                                  286.469
bpa_00#branch                                0
btchk#branch                                 0
bdoutn#branch                                0
bclk#branch                        1.23732e-10
ean#branch                         1.02376e-12
eap#branch                         1.34864e-12
vclku#branch                                 0
vd#branch                                    0
vcm#branch                         2.37241e-12
vsup#branch                       -2.00071e-05


No. of Data Rows : 12172

  Measurements for Transient Analysis

dlev0               =  5.84907e-06
dlev1               =  -1.65777e-06
dlev2               =  1.02717e-06
dlev3               =  2.23709e-06
dlev4               =  4.03074e-06
dlev5               =  1.33845e-06
dlev6               =  -1.73251e-06
dlev7               =  2.97263e-06
dlev8               =  2.89777e-06
dlev9               =  1.67482e-06
dlev10              =  3.41690e-06
dlev11              =  3.71404e-06
dlev12              =  8.40812e-07
dlev13              =  2.37699e-06
dlev14              =  1.90568e-06
dlev15              =  2.72073e-06
dlev16              =  1.91133e-06
dlev17              =  2.41733e-06
dlev18              =  4.86399e-06
dlev19              =  3.34144e-06
dlev20              =  1.00000e+00
dlev21              =  9.99999e-01
dlev22              =  1.00000e+00
dlev23              =  9.99999e-01
dlev24              =  1.00000e+00
dlev25              =  1.00000e+00
dlev26              =  9.99999e-01
dlev27              =  1.00000e+00
dlev28              =  9.99999e-01
dlev29              =  1.00000e+00
dlev30              =  1.00000e+00
dlev31              =  9.99998e-01
dlev32              =  1.00000e+00
vdd_meas            =  1.08000e+00
temp_meas           =  2.70000e+01
vbias_mv            =  2.86469e+02
lowcount            =  2.00000e+01
vos_mv              =  1.04999e+01

ngspice-46 done
