
Note: No compatibility mode selected!


Circuit: * klt sim -- generated corner deck, do not edit

Doing analysis at TEMP = 125.000000 and TNOM = 27.000000

Using SPARSE 1.3 as Direct Linear Solver

Initial Transient Solution
--------------------------

Node                                   Voltage
----                                   -------
vdd                                       1.32
cm                                         0.6
vd                                      -0.048
ap                                       0.576
an                                       0.624
clku                                         0
clk                                          0
ibn                                   0.225153
xa.x1.tmid                         0.000160446
xa.x1.tail                            0.534589
xa.x1.np                               1.31995
xa.x1.nn                               1.31986
xa.x1.ln                                  1.32
xa.x1.lp                                  1.32
xa.x1.lnb                          1.47793e-06
xa.x1.lpb                          1.75156e-06
xa.x1.na                                  1.32
doutb                              2.08309e-06
dout                                   1.31999
xa.x1.nb                               1.31999
doutn                                 0.999991
tcheck                                     125
pa_00                                  225.153
bpa_00#branch                                0
btchk#branch                                 0
bdoutn#branch                                0
bclk#branch                        3.82903e-10
ean#branch                         5.12951e-12
eap#branch                         6.39457e-12
vclku#branch                                 0
vd#branch                                    0
vcm#branch                         1.15241e-11
vsup#branch                       -2.02885e-05


No. of Data Rows : 12231

  Measurements for Transient Analysis

dlev0               =  -4.21954e-07
dlev1               =  2.03792e-06
dlev2               =  7.66472e-06
dlev3               =  1.16777e-06
dlev4               =  1.03829e-06
dlev5               =  1.65742e-06
dlev6               =  9.66017e-07
dlev7               =  9.25408e-07
dlev8               =  1.49420e-06
dlev9               =  3.56654e-06
dlev10              =  7.58233e-06
dlev11              =  8.00016e-06
dlev12              =  7.15905e-06
dlev13              =  1.92975e-06
dlev14              =  9.99989e-01
dlev15              =  9.99991e-01
dlev16              =  9.99992e-01
dlev17              =  9.99992e-01
dlev18              =  9.99993e-01
dlev19              =  9.99991e-01
dlev20              =  9.99991e-01
dlev21              =  9.99991e-01
dlev22              =  9.99992e-01
dlev23              =  9.99992e-01
dlev24              =  9.99991e-01
dlev25              =  9.99991e-01
dlev26              =  9.99991e-01
dlev27              =  9.99993e-01
dlev28              =  9.99991e-01
dlev29              =  9.99992e-01
dlev30              =  9.99993e-01
dlev31              =  9.99993e-01
dlev32              =  9.99993e-01
vdd_meas            =  1.32000e+00
temp_meas           =  1.25000e+02
vbias_mv            =  2.25153e+02
lowcount            =  1.40001e+01
vos_mv              =  -7.49966e+00

ngspice-46 done
