
Note: No compatibility mode selected!


Circuit: * klt sim -- generated corner deck, do not edit

Doing analysis at TEMP = 125.000000 and TNOM = 27.000000

Using SPARSE 1.3 as Direct Linear Solver

Initial Transient Solution
--------------------------

Node                                   Voltage
----                                   -------
vdd                                       1.08
cm                                         0.6
vd                                      -0.048
ap                                       0.576
an                                       0.624
clku                                         0
clk                                          0
ibn                                   0.225104
xa.x1.tmid                           0.0001731
xa.x1.tail                            0.571399
xa.x1.np                               1.07994
xa.x1.nn                                1.0798
xa.x1.ln                                  1.08
xa.x1.lp                                  1.08
xa.x1.lnb                          1.62687e-06
xa.x1.lpb                          1.48081e-06
xa.x1.na                                  1.08
doutb                              2.16667e-06
dout                                   1.07999
xa.x1.nb                               1.07999
doutn                                 0.999988
tcheck                                     125
pa_00                                  225.104
bpa_00#branch                                0
btchk#branch                                 0
bdoutn#branch                                0
bclk#branch                        1.95433e-10
ean#branch                         2.28514e-12
eap#branch                         3.02169e-12
vclku#branch                                 0
vd#branch                                    0
vcm#branch                         5.30684e-12
vsup#branch                       -2.03086e-05


No. of Data Rows : 12047

  Measurements for Transient Analysis

dlev0               =  3.34056e-06
dlev1               =  3.68630e-06
dlev2               =  3.66778e-06
dlev3               =  3.61360e-06
dlev4               =  3.49316e-06
dlev5               =  2.79915e-06
dlev6               =  3.63708e-06
dlev7               =  3.58682e-06
dlev8               =  3.53119e-06
dlev9               =  4.29486e-06
dlev10              =  3.94325e-06
dlev11              =  3.45299e-06
dlev12              =  3.40251e-06
dlev13              =  3.36482e-06
dlev14              =  3.31313e-06
dlev15              =  3.29827e-06
dlev16              =  3.25990e-06
dlev17              =  4.24347e-06
dlev18              =  9.99988e-01
dlev19              =  9.99988e-01
dlev20              =  9.99988e-01
dlev21              =  9.99988e-01
dlev22              =  9.99988e-01
dlev23              =  9.99988e-01
dlev24              =  9.99988e-01
dlev25              =  9.99989e-01
dlev26              =  9.99988e-01
dlev27              =  9.99988e-01
dlev28              =  9.99988e-01
dlev29              =  9.99989e-01
dlev30              =  9.99989e-01
dlev31              =  9.99988e-01
dlev32              =  9.99988e-01
vdd_meas            =  1.08000e+00
temp_meas           =  1.25000e+02
vbias_mv            =  2.25104e+02
lowcount            =  1.80001e+01
vos_mv              =  4.50034e+00

ngspice-46 done
