
Note: No compatibility mode selected!


Circuit: * klt sim -- generated corner deck, do not edit

Doing analysis at TEMP = 27.000000 and TNOM = 27.000000

Using SPARSE 1.3 as Direct Linear Solver

Initial Transient Solution
--------------------------

Node                                   Voltage
----                                   -------
vdd                                        1.2
cm                                         0.6
vd                                      -0.048
ap                                       0.576
an                                       0.624
clku                                         0
clk                                          0
ibn                                   0.229383
xa.x1.tmid                         1.17158e-05
xa.x1.tail                            0.570832
xa.x1.np                                   1.2
xa.x1.nn                               1.19999
xa.x1.ln                                   1.2
xa.x1.lp                                   1.2
xa.x1.lnb                          6.87906e-07
xa.x1.lpb                          5.65374e-07
xa.x1.na                                   1.2
doutb                              7.44641e-07
dout                                       1.2
xa.x1.nb                                   1.2
doutn                                 0.999999
tcheck                                      27
pa_00                                  229.383
bpa_00#branch                                0
btchk#branch                                 0
bdoutn#branch                                0
bclk#branch                         9.9357e-10
ean#branch                         4.04063e-12
eap#branch                         5.12329e-12
vclku#branch                                 0
vd#branch                                    0
vcm#branch                         9.16392e-12
vsup#branch                       -1.00236e-05


No. of Data Rows : 12155

  Measurements for Transient Analysis

dlev0               =  2.55393e-06
dlev1               =  -3.79655e-06
dlev2               =  -5.43151e-06
dlev3               =  -8.62035e-07
dlev4               =  -3.64199e-09
dlev5               =  -9.42680e-07
dlev6               =  5.63645e-07
dlev7               =  -2.61457e-06
dlev8               =  -2.68003e-06
dlev9               =  -2.38113e-06
dlev10              =  -9.10178e-07
dlev11              =  -2.99776e-06
dlev12              =  -2.81156e-06
dlev13              =  -2.52520e-06
dlev14              =  2.71425e-07
dlev15              =  1.42806e-07
dlev16              =  9.99999e-01
dlev17              =  9.99997e-01
dlev18              =  9.99999e-01
dlev19              =  9.99998e-01
dlev20              =  9.99998e-01
dlev21              =  9.99997e-01
dlev22              =  9.99999e-01
dlev23              =  9.99999e-01
dlev24              =  9.99999e-01
dlev25              =  9.99998e-01
dlev26              =  9.99997e-01
dlev27              =  9.99997e-01
dlev28              =  9.99998e-01
dlev29              =  9.99999e-01
dlev30              =  9.99999e-01
dlev31              =  9.99999e-01
dlev32              =  9.99999e-01
vdd_meas            =  1.20000e+00
temp_meas           =  2.70000e+01
vbias_mv            =  2.29383e+02
lowcount            =  1.60001e+01
vos_mv              =  -1.49984e+00

ngspice-46 done
