
Note: No compatibility mode selected!


Circuit: * klt sim -- generated corner deck, do not edit

Doing analysis at TEMP = -40.000000 and TNOM = 27.000000

Using SPARSE 1.3 as Direct Linear Solver

Initial Transient Solution
--------------------------

Node                                   Voltage
----                                   -------
vdd                                       1.32
cm                                        0.65
vd                                      -0.048
ap                                       0.626
an                                       0.674
clku                                         0
clk                                          0
ibn                                   0.302199
xa.x1.tmid                         2.20135e-07
xa.x1.tail                            0.616109
xa.x1.np                                  1.32
xa.x1.nn                                  1.32
xa.x1.ln                                  1.32
xa.x1.lp                                  1.32
xa.x1.lnb                          1.31951e-07
xa.x1.lpb                          1.36506e-07
xa.x1.na                               1.29207
doutb                                 0.678606
dout                                   0.68521
xa.x1.nb                               1.29164
doutn                                 0.519099
tcheck                                     -40
pa_00                                  302.199
bpa_00#branch                                0
btchk#branch                                 0
bdoutn#branch                                0
bclk#branch                        9.00299e-10
ean#branch                         2.74225e-12
eap#branch                         3.42848e-12
vclku#branch                                 0
vd#branch                                    0
vcm#branch                         6.17073e-12
vsup#branch                       -0.000182143


No. of Data Rows : 12424

  Measurements for Transient Analysis

dlev0               =  8.10132e-06
dlev1               =  -6.66991e-06
dlev2               =  -4.48963e-06
dlev3               =  -6.34626e-06
dlev4               =  -6.08078e-06
dlev5               =  2.16014e-06
dlev6               =  2.04431e-06
dlev7               =  2.29325e-06
dlev8               =  2.14206e-06
dlev9               =  2.25384e-06
dlev10              =  2.20077e-06
dlev11              =  -3.48030e-06
dlev12              =  -4.31411e-06
dlev13              =  2.91092e-06
dlev14              =  1.92810e-06
dlev15              =  -2.59728e-06
dlev16              =  3.91315e-06
dlev17              =  4.66393e-06
dlev18              =  1.00000e+00
dlev19              =  9.99999e-01
dlev20              =  1.00000e+00
dlev21              =  9.99998e-01
dlev22              =  9.99998e-01
dlev23              =  1.00000e+00
dlev24              =  1.00000e+00
dlev25              =  9.99998e-01
dlev26              =  9.99998e-01
dlev27              =  9.99997e-01
dlev28              =  9.99997e-01
dlev29              =  9.99997e-01
dlev30              =  9.99998e-01
dlev31              =  9.99998e-01
dlev32              =  9.99998e-01
vdd_meas            =  1.32000e+00
temp_meas           =  -4.00000e+01
vbias_mv            =  3.02199e+02
lowcount            =  1.80000e+01
vos_mv              =  4.50006e+00
vcm_meas            =  6.50000e-01

ngspice-46 done
