
Note: No compatibility mode selected!


Circuit: * klt sim -- generated corner deck, do not edit

Doing analysis at TEMP = 125.000000 and TNOM = 27.000000

Using SPARSE 1.3 as Direct Linear Solver

Initial Transient Solution
--------------------------

Node                                   Voltage
----                                   -------
vdd                                       1.32
cm                                         0.6
vd                                      -0.048
ap                                       0.576
an                                       0.624
clku                                         0
clk                                          0
ibn                                   0.206432
xa.x1.tmid                         0.000312626
xa.x1.tail                            0.580192
xa.x1.np                               1.31993
xa.x1.nn                               1.31977
xa.x1.ln                                  1.32
xa.x1.lp                                  1.32
xa.x1.lnb                          2.17605e-05
xa.x1.lpb                          2.05062e-05
xa.x1.na                               1.31999
doutb                                  1.31998
dout                               2.60041e-05
xa.x1.nb                               1.31998
doutn                              1.97001e-05
tcheck                                     125
pa_00                                  206.432
bpa_00#branch                                0
btchk#branch                                 0
bdoutn#branch                                0
bclk#branch                         2.2185e-09
ean#branch                         1.58044e-11
eap#branch                         1.96267e-11
vclku#branch                                 0
vd#branch                                    0
vcm#branch                         3.54311e-11
vsup#branch                        -2.0704e-05


No. of Data Rows : 12243

  Measurements for Transient Analysis

dlev0               =  1.57462e-05
dlev1               =  1.69853e-05
dlev2               =  1.66522e-05
dlev3               =  1.71151e-05
dlev4               =  1.59952e-05
dlev5               =  1.82894e-05
dlev6               =  1.60437e-05
dlev7               =  1.67706e-05
dlev8               =  1.75228e-05
dlev9               =  1.73840e-05
dlev10              =  1.90156e-05
dlev11              =  2.33060e-05
dlev12              =  1.75933e-05
dlev13              =  1.91028e-05
dlev14              =  2.24399e-05
dlev15              =  2.33357e-05
dlev16              =  9.99989e-01
dlev17              =  9.99988e-01
dlev18              =  9.99989e-01
dlev19              =  9.99989e-01
dlev20              =  9.99989e-01
dlev21              =  9.99987e-01
dlev22              =  9.99987e-01
dlev23              =  9.99987e-01
dlev24              =  9.99987e-01
dlev25              =  9.99988e-01
dlev26              =  9.99988e-01
dlev27              =  9.99988e-01
dlev28              =  9.99988e-01
dlev29              =  9.99987e-01
dlev30              =  9.99987e-01
dlev31              =  9.99987e-01
dlev32              =  9.99987e-01
vdd_meas            =  1.32000e+00
temp_meas           =  1.25000e+02
vbias_mv            =  2.06432e+02
lowcount            =  1.59999e+01
vos_mv              =  -1.50026e+00

ngspice-46 done
