
Note: No compatibility mode selected!


Circuit: * klt sim -- generated corner deck, do not edit

Doing analysis at TEMP = 27.000000 and TNOM = 27.000000

Using SPARSE 1.3 as Direct Linear Solver

Initial Transient Solution
--------------------------

Node                                   Voltage
----                                   -------
vdd                                        1.2
cm                                         0.6
vd                                      -0.048
ap                                       0.576
an                                       0.624
clku                                         0
clk                                          0
ibn                                   0.319402
xa.x1.tmid                         1.27925e-07
xa.x1.tail                            0.601562
xa.x1.np                                   1.2
xa.x1.nn                                   1.2
xa.x1.ln                                   1.2
xa.x1.lp                                   1.2
xa.x1.lnb                          1.57757e-08
xa.x1.lpb                          1.68725e-08
xa.x1.na                               1.18939
doutb                                 0.621703
dout                                  0.607207
xa.x1.nb                                1.1901
doutn                                 0.506006
tcheck                                      27
pa_00                                  319.402
bpa_00#branch                                0
btchk#branch                                 0
bdoutn#branch                                0
bclk#branch                        9.49819e-11
ean#branch                         2.17465e-13
eap#branch                         2.81247e-13
vclku#branch                                 0
vd#branch                                    0
vcm#branch                         4.98712e-13
vsup#branch                       -4.43553e-05


No. of Data Rows : 12083

  Measurements for Transient Analysis

dlev0               =  7.97183e-08
dlev1               =  5.90092e-07
dlev2               =  -1.66580e-06
dlev3               =  1.18020e-06
dlev4               =  3.59124e-06
dlev5               =  4.51018e-06
dlev6               =  6.22665e-06
dlev7               =  2.04297e-06
dlev8               =  1.73288e-06
dlev9               =  1.02077e-06
dlev10              =  1.58934e-06
dlev11              =  9.26683e-07
dlev12              =  2.34445e-06
dlev13              =  2.43493e-06
dlev14              =  2.72182e-06
dlev15              =  2.59756e-06
dlev16              =  -2.11273e-07
dlev17              =  9.99997e-01
dlev18              =  1.00000e+00
dlev19              =  1.00000e+00
dlev20              =  1.00000e+00
dlev21              =  1.00000e+00
dlev22              =  1.00000e+00
dlev23              =  1.00000e+00
dlev24              =  1.00000e+00
dlev25              =  1.00000e+00
dlev26              =  1.00000e+00
dlev27              =  1.00000e+00
dlev28              =  1.00000e+00
dlev29              =  1.00000e+00
dlev30              =  1.00000e+00
dlev31              =  1.00000e+00
dlev32              =  1.00000e+00
vdd_meas            =  1.20000e+00
temp_meas           =  2.70000e+01
vbias_mv            =  3.19402e+02
lowcount            =  1.69999e+01
vos_mv              =  1.49984e+00

ngspice-46 done
