
Note: No compatibility mode selected!


Circuit: * klt sim -- generated corner deck, do not edit

Doing analysis at TEMP = 125.000000 and TNOM = 27.000000

Using SPARSE 1.3 as Direct Linear Solver

Initial Transient Solution
--------------------------

Node                                   Voltage
----                                   -------
vdd                                       1.08
cm                                         0.6
vd                                      -0.048
ap                                       0.576
an                                       0.624
clku                                         0
clk                                          0
ibn                                   0.249477
xa.x1.tmid                         8.59268e-05
xa.x1.tail                            0.575533
xa.x1.np                               1.07997
xa.x1.nn                               1.07991
xa.x1.ln                                  1.08
xa.x1.lp                                  1.08
xa.x1.lnb                          3.98476e-06
xa.x1.lpb                          4.92543e-06
xa.x1.na                                  1.08
doutb                                  1.07999
dout                               4.83296e-06
xa.x1.nb                                  1.08
doutn                              4.47496e-06
tcheck                                     125
pa_00                                  249.477
bpa_00#branch                                0
btchk#branch                                 0
bdoutn#branch                                0
bclk#branch                        3.37718e-10
ean#branch                          1.0866e-12
eap#branch                         1.44099e-12
vclku#branch                                 0
vd#branch                                    0
vcm#branch                         2.52759e-12
vsup#branch                       -2.01731e-05


No. of Data Rows : 12046

  Measurements for Transient Analysis

dlev0               =  4.46690e-06
dlev1               =  4.65421e-06
dlev2               =  4.42435e-06
dlev3               =  4.35063e-06
dlev4               =  4.56598e-06
dlev5               =  4.49500e-06
dlev6               =  4.58738e-06
dlev7               =  4.60660e-06
dlev8               =  4.61971e-06
dlev9               =  4.35428e-06
dlev10              =  4.73420e-06
dlev11              =  4.70944e-06
dlev12              =  4.74411e-06
dlev13              =  4.75537e-06
dlev14              =  4.55622e-06
dlev15              =  4.49394e-06
dlev16              =  9.99995e-01
dlev17              =  9.99995e-01
dlev18              =  9.99995e-01
dlev19              =  9.99996e-01
dlev20              =  9.99996e-01
dlev21              =  9.99995e-01
dlev22              =  9.99995e-01
dlev23              =  9.99995e-01
dlev24              =  9.99995e-01
dlev25              =  9.99995e-01
dlev26              =  9.99995e-01
dlev27              =  9.99996e-01
dlev28              =  9.99996e-01
dlev29              =  9.99996e-01
dlev30              =  9.99995e-01
dlev31              =  9.99995e-01
dlev32              =  9.99996e-01
vdd_meas            =  1.08000e+00
temp_meas           =  1.25000e+02
vbias_mv            =  2.49477e+02
lowcount            =  1.60000e+01
vos_mv              =  -1.49999e+00

ngspice-46 done
