
Note: No compatibility mode selected!


Circuit: * klt sim -- generated corner deck, do not edit

Doing analysis at TEMP = -40.000000 and TNOM = 27.000000

Using SPARSE 1.3 as Direct Linear Solver

Initial Transient Solution
--------------------------

Node                                   Voltage
----                                   -------
vdd                                       1.32
cm                                         0.6
clku                                         0
clk                                          0
sa                                       0.001
asp                                     0.6005
asn                                     0.5995
apa                                     0.6005
ana                                     0.5995
apa_pin                                 0.6005
ana_pin                                 0.5995
ibna                                  0.322905
xa.x1.tmid                         7.16119e-08
xa.x1.tail                            0.544653
xa.x1.np                                  1.32
xa.x1.nn                                  1.32
xa.x1.ln                                  1.32
xa.x1.lp                                  1.32
xa.x1.lnb                          3.29798e-08
xa.x1.lpb                          3.29798e-08
xa.x1.na                               1.29891
doutba                                0.649167
douta                                 0.649167
xa.x1.nb                               1.29891
qp                                 -0.00125064
qn                                 -0.00125643
sb                                       0.001
bsp                                     0.6005
bsn                                     0.5995
bpp                                   0.601744
bpn                                   0.600749
ibnb                                  0.322905
xb.x1.tmid                         7.17024e-08
xb.x1.tail                            0.545733
xb.x1.np                                  1.32
xb.x1.nn                                  1.32
xb.x1.ln                                  1.32
xb.x1.lp                                  1.32
xb.x1.lnb                          3.29798e-08
xb.x1.lpb                          3.29798e-08
xb.x1.na                               1.29891
doutbb                                0.649167
doutb                                 0.649167
xb.x1.nb                               1.29891
sc                                         0.1
csp                                       0.65
csn                                       0.55
cpp                                   0.650989
cpn                                   0.551562
ibnc                                  0.322905
xc.x1.tmid                         7.40727e-08
xc.x1.tail                            0.574104
xc.x1.np                                  1.32
xc.x1.nn                                  1.32
xc.x1.ln                                  1.32
xc.x1.lp                                  1.32
xc.x1.lnb                          3.29798e-08
xc.x1.lpb                          3.29798e-08
xc.x1.na                               1.29891
doutbc                                0.649167
doutc                                 0.649167
xc.x1.nb                               1.29891
ad                                 1.25064e-09
bd                                 0.000994308
cd                                   0.0994266
bc                                  0.00124646
dan                                   0.491793
dbn                                   0.491793
dcn                                   0.491793
tcheck                                     -40
btchk#branch                                 0
bdcn#branch                                  0
bdbn#branch                                  0
bdan#branch                                  0
bbc#branch                                   0
bcd#branch                                   0
bbd#branch                                   0
bad#branch                                   0
vkn#branch                        -1.25643e-12
vkp#branch                        -1.25064e-12
bclk#branch                        4.88903e-10
ecsn#branch                        1.56186e-12
ecsp#branch                        9.88507e-13
ebsn#branch                         1.2493e-12
ebsp#branch                        1.24361e-12
easn#branch                        1.25643e-12
easp#branch                        1.25064e-12
vsc#branch                                   0
vsb#branch                                   0
vsa#branch                                   0
vclku#branch                                 0
vcm#branch                         7.55034e-12
vsup#branch                       -0.000343634


No. of Data Rows : 12084

  Measurements for Transient Analysis

vdd_meas            =  1.32000e+00
temp_meas           =  -4.00000e+01
ad_pos              =  8.99593e-02 at=  4.02372e-08
ad_neg              =  -3.17744e-02 at=  4.01498e-08
kick_1k_peak_mv     =  8.99593e+01
kick_1k_pos_mv      =  8.99593e+01
kick_1k_neg_mv      =  -3.17744e+01
qp29                =  -1.25064e-03
qpmax               =  1.79962e-02 at=  4.01598e-08
qpmin               =  -2.56739e-03 at=  3.00492e-08
qkick_p_fc          =  1.92469e+01
qn29                =  -1.25643e-03
qnmax               =  1.82836e-02 at=  4.01598e-08
qnmin               =  -2.57303e-03 at=  3.00492e-08
qkick_n_fc          =  1.95401e+01
qkick_fc            =  1.95401e+01
bd0                 =  9.94308e-04
bd1                 =  9.94225e-04
cd0                 =  9.94266e-02
cd1                 =  9.94189e-02
kick_sigdep_uv      =  7.70808e+00
bc0                 =  1.24646e-03
bc1                 =  5.67462e-04
kick_cm_uv          =  -6.78994e+02
dout_1k_end         =  1.00000e+00
dout_float_small_end=  1.00000e+00
dout_float_big_end  =  1.00000e+00

ngspice-46 done
