
Note: No compatibility mode selected!


Circuit: * klt sim -- generated corner deck, do not edit

Doing analysis at TEMP = -40.000000 and TNOM = 27.000000

Using SPARSE 1.3 as Direct Linear Solver
Note: Starting dynamic gmin stepping
Note: Dynamic gmin stepping completed

Initial Transient Solution
--------------------------

Node                                   Voltage
----                                   -------
vdd                                       1.32
cm                                         0.6
vd0                                          0
ap0                                        0.6
an0                                        0.6
ibn0                                  0.390914
x0.x1.tmid                         1.43932e-09
x0.x1.tail                            0.556224
clk                                          0
x0.x1.np                                  1.32
x0.x1.nn                                  1.32
x0.x1.ln                                  1.32
x0.x1.lp                                  1.32
x0.x1.lnb                          1.01797e-08
x0.x1.lpb                          1.01797e-08
x0.x1.na                               1.30748
doutb0                                0.673586
dout0                                 0.673586
x0.x1.nb                               1.30748
vd1                                      0.001
ap1                                     0.6005
an1                                     0.5995
ibn1                                  0.390914
x1.x1.tmid                         1.43933e-09
x1.x1.tail                            0.556229
x1.x1.np                                  1.32
x1.x1.nn                                  1.32
x1.x1.ln                                  1.32
x1.x1.lp                                  1.32
x1.x1.lnb                          1.01797e-08
x1.x1.lpb                          1.01797e-08
x1.x1.na                               1.30748
doutb1                                0.673586
dout1                                 0.673586
x1.x1.nb                               1.30748
vd2                                     -0.001
ap2                                     0.5995
an2                                     0.6005
ibn2                                  0.390914
x2.x1.tmid                         1.43933e-09
x2.x1.tail                            0.556229
x2.x1.np                                  1.32
x2.x1.nn                                  1.32
x2.x1.ln                                  1.32
x2.x1.lp                                  1.32
x2.x1.lnb                          1.01797e-08
x2.x1.lpb                          1.01797e-08
x2.x1.na                               1.30748
doutb2                                0.673586
dout2                                 0.673586
x2.x1.nb                               1.30748
clku                                         0
dn0                                   0.510293
dn1                                   0.510293
dn2                                   0.510293
h0                                           1
h1                                           1
h2                                           1
tcheck                                     -40
btchk#branch                                 0
bh2#branch                                   0
bh1#branch                                   0
bh0#branch                                   0
bd2#branch                                   0
bd1#branch                                   0
bd0#branch                                   0
bclk#branch                        2.70062e-10
ean2#branch                        1.10259e-13
eap2#branch                          1.108e-13
ean1#branch                          1.108e-13
eap1#branch                        1.10259e-13
ean0#branch                        1.10523e-13
eap0#branch                        1.10523e-13
vclku#branch                                 0
vd2#branch                                   0
vd1#branch                                   0
vd0#branch                                   0
vcm#branch                         6.63164e-13
vsup#branch                       -0.000218308


No. of Data Rows : 1345

  Measurements for Transient Analysis

vdd_meas            =  1.32000e+00
temp_meas           =  -4.00000e+01
vn0_a               =  5.70195e-03
vn0_b               =  -1.50815e-03
vn1_a               =  -7.46699e-03
d_zero              =  -2.37091e-07
d_plus              =  9.99999e-01
d_minus             =  -4.66214e-07
res_zero            =  5.00000e-01
res_plus            =  4.99999e-01
res_minus           =  5.00000e-01
hit_zero            =  0.00000e+00
hit_plus            =  1.00000e+00
hit_minus           =  0.00000e+00

ngspice-46 done
