
Note: No compatibility mode selected!


Circuit: * klt sim -- generated corner deck, do not edit

Doing analysis at TEMP = -40.000000 and TNOM = 27.000000

Using SPARSE 1.3 as Direct Linear Solver

Initial Transient Solution
--------------------------

Node                                   Voltage
----                                   -------
vdd                                        1.2
cm                                         0.6
vd                                      -0.048
ap                                       0.576
an                                       0.624
clku                                         0
clk                                          0
ibn                                   0.301954
xa.x1.tmid                         2.14287e-07
xa.x1.tail                              0.5487
xa.x1.np                                   1.2
xa.x1.nn                                   1.2
xa.x1.ln                                   1.2
xa.x1.lp                                   1.2
xa.x1.lnb                          9.59978e-08
xa.x1.lpb                          1.03858e-07
xa.x1.na                               1.17989
doutb                                  0.62455
dout                                  0.616467
xa.x1.nb                               1.18154
doutn                                 0.513722
tcheck                                     -40
pa_00                                  301.954
bpa_00#branch                                0
btchk#branch                                 0
bdoutn#branch                                0
bclk#branch                        6.53164e-10
ean#branch                         1.30385e-12
eap#branch                         1.65472e-12
vclku#branch                                 0
vd#branch                                    0
vcm#branch                         2.95856e-12
vsup#branch                       -0.000120679


No. of Data Rows : 12252

  Measurements for Transient Analysis

dlev0               =  -8.05067e-08
dlev1               =  -1.23949e-06
dlev2               =  -1.11056e-06
dlev3               =  -9.53745e-07
dlev4               =  -7.44846e-07
dlev5               =  -6.97617e-07
dlev6               =  -5.67555e-07
dlev7               =  -7.82605e-07
dlev8               =  -7.88153e-07
dlev9               =  -1.48813e-06
dlev10              =  -9.68262e-07
dlev11              =  -6.42074e-07
dlev12              =  -7.50110e-07
dlev13              =  4.37645e-07
dlev14              =  -6.87431e-07
dlev15              =  -2.67151e-06
dlev16              =  5.79787e-07
dlev17              =  4.90712e-07
dlev18              =  -8.50830e-07
dlev19              =  9.99999e-01
dlev20              =  9.99999e-01
dlev21              =  9.99999e-01
dlev22              =  9.99998e-01
dlev23              =  9.99999e-01
dlev24              =  9.99999e-01
dlev25              =  9.99999e-01
dlev26              =  9.99999e-01
dlev27              =  9.99997e-01
dlev28              =  9.99998e-01
dlev29              =  9.99998e-01
dlev30              =  9.99999e-01
dlev31              =  9.99999e-01
dlev32              =  9.99999e-01
vdd_meas            =  1.20000e+00
temp_meas           =  -4.00000e+01
vbias_mv            =  3.01954e+02
lowcount            =  1.90000e+01
vos_mv              =  7.50009e+00

ngspice-46 done
