
Note: No compatibility mode selected!


Circuit: * klt sim -- generated corner deck, do not edit

Doing analysis at TEMP = -40.000000 and TNOM = 27.000000

Using SPARSE 1.3 as Direct Linear Solver

Initial Transient Solution
--------------------------

Node                                   Voltage
----                                   -------
vdd                                       1.32
cm                                         0.6
vd                                      -0.048
ap                                       0.576
an                                       0.624
clku                                         0
clk                                          0
ibn                                   0.369206
xa.x1.tmid                         5.16323e-09
xa.x1.tail                            0.571404
xa.x1.np                                  1.32
xa.x1.nn                                  1.32
xa.x1.ln                                  1.32
xa.x1.lp                                  1.32
xa.x1.lnb                          5.26261e-08
xa.x1.lpb                          5.24477e-08
xa.x1.na                               1.30092
doutb                                 0.706236
dout                                  0.712021
xa.x1.nb                               1.30044
doutn                                  0.53941
tcheck                                     -40
pa_00                                  369.206
bpa_00#branch                                0
btchk#branch                                 0
bdoutn#branch                                0
bclk#branch                        5.07556e-10
ean#branch                         2.68091e-13
eap#branch                         3.37466e-13
vclku#branch                                 0
vd#branch                                    0
vcm#branch                         6.05557e-13
vsup#branch                       -0.000120575


No. of Data Rows : 12297

  Measurements for Transient Analysis

dlev0               =  -8.64498e-07
dlev1               =  -8.23333e-06
dlev2               =  -6.37664e-06
dlev3               =  -5.62521e-06
dlev4               =  -5.03509e-06
dlev5               =  -4.77600e-06
dlev6               =  -4.49327e-06
dlev7               =  -6.30427e-06
dlev8               =  -7.53423e-06
dlev9               =  -3.68095e-06
dlev10              =  -3.74984e-06
dlev11              =  -3.39904e-06
dlev12              =  -7.34230e-06
dlev13              =  -3.74097e-06
dlev14              =  -3.70941e-06
dlev15              =  -2.89214e-06
dlev16              =  -7.28386e-06
dlev17              =  -6.26093e-06
dlev18              =  -6.71944e-06
dlev19              =  9.99999e-01
dlev20              =  9.99997e-01
dlev21              =  9.99997e-01
dlev22              =  9.99998e-01
dlev23              =  9.99998e-01
dlev24              =  9.99997e-01
dlev25              =  9.99998e-01
dlev26              =  9.99998e-01
dlev27              =  1.00000e+00
dlev28              =  9.99998e-01
dlev29              =  9.99998e-01
dlev30              =  9.99998e-01
dlev31              =  9.99998e-01
dlev32              =  9.99998e-01
vdd_meas            =  1.32000e+00
temp_meas           =  -4.00000e+01
vbias_mv            =  3.69206e+02
lowcount            =  1.90001e+01
vos_mv              =  7.50038e+00

ngspice-46 done
