
Note: No compatibility mode selected!


Circuit: * klt sim -- generated corner deck, do not edit

Doing analysis at TEMP = 27.000000 and TNOM = 27.000000

Using SPARSE 1.3 as Direct Linear Solver

Initial Transient Solution
--------------------------

Node                                   Voltage
----                                   -------
vdd                                       1.32
cm                                         0.6
clku                                         0
clk                                          0
sa                                       0.001
asp                                     0.6005
asn                                     0.5995
apa                                     0.6005
ana                                     0.5995
apa_pin                                 0.6005
ana_pin                                 0.5995
ibna                                  0.355198
xa.x1.tmid                          8.8999e-08
xa.x1.tail                             0.59618
xa.x1.np                                  1.32
xa.x1.nn                                  1.32
xa.x1.ln                                  1.32
xa.x1.lp                                  1.32
xa.x1.lnb                          2.06347e-08
xa.x1.lpb                          2.06347e-08
xa.x1.na                               1.30161
doutba                                0.669635
douta                                 0.669635
xa.x1.nb                               1.30161
qp                                -0.000453161
qn                                 -0.00045542
sb                                       0.001
bsp                                     0.6005
bsn                                     0.5995
bpp                                   0.600952
bpn                                   0.599954
ibnb                                  0.355198
xb.x1.tmid                         8.90358e-08
xb.x1.tail                            0.596569
xb.x1.np                                  1.32
xb.x1.nn                                  1.32
xb.x1.ln                                  1.32
xb.x1.lp                                  1.32
xb.x1.lnb                          2.06347e-08
xb.x1.lpb                          2.06347e-08
xb.x1.na                               1.30161
doutbb                                0.669635
doutb                                 0.669635
xb.x1.nb                               1.30161
sc                                         0.1
csp                                       0.65
csn                                       0.55
cpp                                   0.650354
cpn                                   0.550578
ibnc                                  0.355198
xc.x1.tmid                         9.14496e-08
xc.x1.tail                            0.622249
xc.x1.np                                  1.32
xc.x1.nn                                  1.32
xc.x1.ln                                  1.32
xc.x1.lp                                  1.32
xc.x1.lnb                          2.06347e-08
xc.x1.lpb                          2.06347e-08
xc.x1.na                               1.30161
doutbc                                0.669635
doutc                                 0.669635
xc.x1.nb                               1.30161
ad                                 4.53161e-10
bd                                 0.000997791
cd                                   0.0997762
bc                                 0.000453296
dan                                   0.507299
dbn                                   0.507299
dcn                                   0.507299
tcheck                                      27
btchk#branch                                 0
bdcn#branch                                  0
bdbn#branch                                  0
bdan#branch                                  0
bbc#branch                                   0
bcd#branch                                   0
bbd#branch                                   0
bad#branch                                   0
vkn#branch                         -4.5542e-13
vkp#branch                        -4.53161e-13
bclk#branch                        5.37556e-10
ecsn#branch                        5.77592e-13
ecsp#branch                         3.5384e-13
ebsn#branch                        4.54401e-13
ebsp#branch                        4.52192e-13
easn#branch                         4.5542e-13
easp#branch                        4.53161e-13
vsc#branch                                   0
vsb#branch                                   0
vsa#branch                                   0
vclku#branch                                 0
vcm#branch                          2.7466e-12
vsup#branch                       -0.000270028


No. of Data Rows : 12070

  Measurements for Transient Analysis

vdd_meas            =  1.32000e+00
temp_meas           =  2.70000e+01
ad_pos              =  1.17363e-01 at=  4.02325e-08
ad_neg              =  -3.74933e-02 at=  4.01496e-08
kick_1k_peak_mv     =  1.17363e+02
kick_1k_pos_mv      =  1.17363e+02
kick_1k_neg_mv      =  -3.74933e+01
qp29                =  -4.53161e-04
qpmax               =  2.53775e-02 at=  4.01546e-08
qpmin               =  -2.17292e-03 at=  3.00552e-08
qkick_p_fc          =  2.58307e+01
qn29                =  -4.55420e-04
qnmax               =  2.56277e-02 at=  4.01596e-08
qnmin               =  -2.17502e-03 at=  3.00552e-08
qkick_n_fc          =  2.60831e+01
qkick_fc            =  2.60831e+01
bd0                 =  9.97791e-04
bd1                 =  9.97457e-04
cd0                 =  9.97762e-02
cd1                 =  9.97642e-02
kick_sigdep_uv      =  1.16784e+01
bc0                 =  4.53296e-04
bc1                 =  -7.75242e-04
kick_cm_uv          =  -1.22854e+03
dout_1k_end         =  1.00000e+00
dout_float_small_end=  1.00000e+00
dout_float_big_end  =  1.00000e+00

ngspice-46 done
