
Note: No compatibility mode selected!


Circuit: * klt sim -- generated corner deck, do not edit

Doing analysis at TEMP = 27.000000 and TNOM = 27.000000

Using SPARSE 1.3 as Direct Linear Solver

Initial Transient Solution
--------------------------

Node                                   Voltage
----                                   -------
vdd                                        1.2
cm                                         0.6
vd                                      -0.048
ap                                       0.576
an                                       0.624
clku                                         0
clk                                          0
ibn                                   0.287894
xa.x1.tmid                         3.13177e-06
xa.x1.tail                            0.539892
xa.x1.np                                   1.2
xa.x1.nn                                   1.2
xa.x1.ln                                   1.2
xa.x1.lp                                   1.2
xa.x1.lnb                           5.0304e-08
xa.x1.lpb                          5.31775e-08
xa.x1.na                                   1.2
doutb                                      1.2
dout                               6.06953e-08
xa.x1.nb                                   1.2
doutn                              5.05794e-08
tcheck                                      27
pa_00                                  287.894
bpa_00#branch                                0
btchk#branch                                 0
bdoutn#branch                                0
bclk#branch                        1.76305e-10
ean#branch                         9.69419e-13
eap#branch                          1.2377e-12
vclku#branch                                 0
vd#branch                                    0
vcm#branch                         2.20712e-12
vsup#branch                       -2.00081e-05


No. of Data Rows : 12186

  Measurements for Transient Analysis

dlev0               =  -5.56801e-07
dlev1               =  8.04413e-06
dlev2               =  8.07940e-06
dlev3               =  8.05518e-06
dlev4               =  1.91890e-07
dlev5               =  5.26709e-06
dlev6               =  3.21591e-07
dlev7               =  4.42021e-06
dlev8               =  7.85889e-06
dlev9               =  2.55080e-06
dlev10              =  1.11684e-06
dlev11              =  1.65462e-06
dlev12              =  4.26043e-06
dlev13              =  5.30920e-06
dlev14              =  5.33486e-06
dlev15              =  -7.12136e-07
dlev16              =  9.99998e-01
dlev17              =  1.00000e+00
dlev18              =  1.00000e+00
dlev19              =  1.00000e+00
dlev20              =  1.00000e+00
dlev21              =  1.00000e+00
dlev22              =  1.00000e+00
dlev23              =  1.00000e+00
dlev24              =  1.00000e+00
dlev25              =  1.00000e+00
dlev26              =  1.00000e+00
dlev27              =  1.00000e+00
dlev28              =  1.00000e+00
dlev29              =  1.00000e+00
dlev30              =  1.00000e+00
dlev31              =  1.00000e+00
dlev32              =  1.00000e+00
vdd_meas            =  1.20000e+00
temp_meas           =  2.70000e+01
vbias_mv            =  2.87894e+02
lowcount            =  1.59999e+01
vos_mv              =  -1.50022e+00

ngspice-46 done
