
Note: No compatibility mode selected!


Circuit: * klt sim -- generated corner deck, do not edit

Doing analysis at TEMP = -40.000000 and TNOM = 27.000000

Using SPARSE 1.3 as Direct Linear Solver

Initial Transient Solution
--------------------------

Node                                   Voltage
----                                   -------
vdd                                       1.32
cm                                         0.6
vd                                      -0.048
ap                                       0.576
an                                       0.624
clku                                         0
clk                                          0
ibn                                   0.365295
xa.x1.tmid                         5.21839e-09
xa.x1.tail                            0.556908
xa.x1.np                                  1.32
xa.x1.nn                                  1.32
xa.x1.ln                                  1.32
xa.x1.lp                                  1.32
xa.x1.lnb                          4.88559e-08
xa.x1.lpb                          4.96695e-08
xa.x1.na                               1.29932
doutb                                 0.717274
dout                                  0.700364
xa.x1.nb                               1.30112
doutn                                 0.530578
tcheck                                     -40
pa_00                                  365.295
bpa_00#branch                                0
btchk#branch                                 0
bdoutn#branch                                0
bclk#branch                        5.02354e-10
ean#branch                         2.00881e-13
eap#branch                         2.52923e-13
vclku#branch                                 0
vd#branch                                    0
vcm#branch                         4.53804e-13
vsup#branch                       -0.000122972


No. of Data Rows : 12263

  Measurements for Transient Analysis

dlev0               =  -3.07035e-06
dlev1               =  -3.07471e-06
dlev2               =  -4.45951e-06
dlev3               =  -3.45339e-06
dlev4               =  -2.72875e-06
dlev5               =  -2.94141e-06
dlev6               =  3.19738e-07
dlev7               =  -2.80462e-06
dlev8               =  -2.25392e-06
dlev9               =  -2.71159e-06
dlev10              =  -3.03098e-06
dlev11              =  -4.33166e-06
dlev12              =  -4.37497e-06
dlev13              =  -2.20818e-06
dlev14              =  -3.80958e-06
dlev15              =  -4.21879e-06
dlev16              =  -2.27319e-06
dlev17              =  1.00000e+00
dlev18              =  9.99999e-01
dlev19              =  9.99998e-01
dlev20              =  1.00000e+00
dlev21              =  9.99998e-01
dlev22              =  9.99998e-01
dlev23              =  9.99999e-01
dlev24              =  9.99999e-01
dlev25              =  9.99999e-01
dlev26              =  9.99999e-01
dlev27              =  9.99999e-01
dlev28              =  9.99998e-01
dlev29              =  9.99999e-01
dlev30              =  1.00000e+00
dlev31              =  9.99998e-01
dlev32              =  9.99999e-01
vdd_meas            =  1.32000e+00
temp_meas           =  -4.00000e+01
vbias_mv            =  3.65295e+02
lowcount            =  1.70001e+01
vos_mv              =  1.50021e+00

ngspice-46 done
