
Note: No compatibility mode selected!


Circuit: * klt sim -- generated corner deck, do not edit

Doing analysis at TEMP = 125.000000 and TNOM = 27.000000

Using SPARSE 1.3 as Direct Linear Solver

Initial Transient Solution
--------------------------

Node                                   Voltage
----                                   -------
vdd                                       1.32
cm                                         0.6
vd                                      -0.048
ap                                       0.576
an                                       0.624
clku                                         0
clk                                          0
ibn                                   0.253088
xa.x1.tmid                         2.21717e-05
xa.x1.tail                            0.598742
xa.x1.np                                  1.32
xa.x1.nn                               1.31999
xa.x1.ln                                  1.32
xa.x1.lp                                  1.32
xa.x1.lnb                           7.5346e-07
xa.x1.lpb                          7.10522e-07
xa.x1.na                                  1.32
doutb                                     1.32
dout                               9.68878e-07
xa.x1.nb                                  1.32
doutn                              7.33999e-07
tcheck                                     125
pa_00                                  253.088
bpa_00#branch                                0
btchk#branch                                 0
bdoutn#branch                                0
bclk#branch                        2.06413e-10
ean#branch                         8.97088e-13
eap#branch                         1.13515e-12
vclku#branch                                 0
vd#branch                                    0
vcm#branch                         2.03224e-12
vsup#branch                       -1.00304e-05


No. of Data Rows : 12032

  Measurements for Transient Analysis

dlev0               =  9.34667e-07
dlev1               =  1.05628e-06
dlev2               =  9.99816e-07
dlev3               =  6.02865e-07
dlev4               =  3.47009e-06
dlev5               =  7.48203e-07
dlev6               =  8.07830e-07
dlev7               =  2.14383e-06
dlev8               =  6.31531e-07
dlev9               =  5.91156e-07
dlev10              =  7.53470e-07
dlev11              =  5.17108e-07
dlev12              =  4.94238e-07
dlev13              =  4.34089e-07
dlev14              =  1.03342e-06
dlev15              =  3.05706e-07
dlev16              =  9.99998e-01
dlev17              =  9.99999e-01
dlev18              =  9.99999e-01
dlev19              =  9.99999e-01
dlev20              =  9.99999e-01
dlev21              =  9.99999e-01
dlev22              =  9.99999e-01
dlev23              =  9.99999e-01
dlev24              =  9.99999e-01
dlev25              =  9.99999e-01
dlev26              =  9.99999e-01
dlev27              =  1.00000e+00
dlev28              =  9.99999e-01
dlev29              =  9.99999e-01
dlev30              =  1.00000e+00
dlev31              =  9.99999e-01
dlev32              =  9.99999e-01
vdd_meas            =  1.32000e+00
temp_meas           =  1.25000e+02
vbias_mv            =  2.53088e+02
lowcount            =  1.60000e+01
vos_mv              =  -1.50001e+00

ngspice-46 done
