
Note: No compatibility mode selected!


Circuit: * klt sim -- generated corner deck, do not edit

Doing analysis at TEMP = -40.000000 and TNOM = 27.000000

Using SPARSE 1.3 as Direct Linear Solver

Initial Transient Solution
--------------------------

Node                                   Voltage
----                                   -------
vdd                                       1.32
cm                                         0.6
vd                                      -0.048
ap                                       0.576
an                                       0.624
clku                                         0
clk                                          0
ibn                                   0.300404
xa.x1.tmid                         2.36174e-07
xa.x1.tail                             0.56516
xa.x1.np                                  1.32
xa.x1.nn                                  1.32
xa.x1.ln                                  1.32
xa.x1.lp                                  1.32
xa.x1.lnb                          1.19353e-07
xa.x1.lpb                            1.303e-07
xa.x1.na                               1.29244
doutb                                 0.687211
dout                                  0.678023
xa.x1.nb                                1.2927
doutn                                 0.513654
tcheck                                     -40
pa_00                                  300.404
bpa_00#branch                                0
btchk#branch                                 0
bdoutn#branch                                0
bclk#branch                        8.87348e-10
ean#branch                         3.44677e-12
eap#branch                         4.27317e-12
vclku#branch                                 0
vd#branch                                    0
vcm#branch                         7.71994e-12
vsup#branch                       -0.000183339


No. of Data Rows : 12420

  Measurements for Transient Analysis

dlev0               =  3.26574e-06
dlev1               =  1.67847e-06
dlev2               =  -2.03647e-07
dlev3               =  -9.31174e-07
dlev4               =  -3.10687e-06
dlev5               =  -3.22701e-06
dlev6               =  -2.74504e-06
dlev7               =  -2.45712e-06
dlev8               =  -1.36631e-06
dlev9               =  2.60068e-06
dlev10              =  -4.42961e-06
dlev11              =  -2.48826e-06
dlev12              =  2.92985e-06
dlev13              =  -5.66175e-06
dlev14              =  2.21225e-06
dlev15              =  -1.70179e-06
dlev16              =  1.00000e+00
dlev17              =  1.00000e+00
dlev18              =  1.00000e+00
dlev19              =  1.00000e+00
dlev20              =  9.99997e-01
dlev21              =  1.00000e+00
dlev22              =  1.00000e+00
dlev23              =  1.00000e+00
dlev24              =  1.00000e+00
dlev25              =  1.00000e+00
dlev26              =  1.00000e+00
dlev27              =  1.00000e+00
dlev28              =  9.99998e-01
dlev29              =  1.00000e+00
dlev30              =  1.00000e+00
dlev31              =  1.00000e+00
dlev32              =  9.99998e-01
vdd_meas            =  1.32000e+00
temp_meas           =  -4.00000e+01
vbias_mv            =  3.00404e+02
lowcount            =  1.60000e+01
vos_mv              =  -1.50001e+00
vcm_meas            =  6.00000e-01

ngspice-46 done
