
Note: No compatibility mode selected!


Circuit: * klt sim -- generated corner deck, do not edit

Doing analysis at TEMP = -40.000000 and TNOM = 27.000000

Using SPARSE 1.3 as Direct Linear Solver

Initial Transient Solution
--------------------------

Node                                   Voltage
----                                   -------
vdd                                       1.08
cm                                         0.6
vd                                      -0.048
ap                                       0.576
an                                       0.624
clku                                         0
clk                                          0
ibn                                   0.392215
xa.x1.tmid                         1.55137e-09
xa.x1.tail                             0.59107
xa.x1.np                                  1.08
xa.x1.nn                                  1.08
xa.x1.ln                                  1.08
xa.x1.lp                                  1.08
xa.x1.lnb                          6.64329e-09
xa.x1.lpb                          6.70217e-09
xa.x1.na                                  1.08
doutb                              6.66309e-09
dout                                      1.08
xa.x1.nb                                  1.08
doutn                                        1
tcheck                                     -40
pa_00                                  392.215
bpa_00#branch                                0
btchk#branch                                 0
bdoutn#branch                                0
bclk#branch                        4.49334e-11
ean#branch                         5.30687e-14
eap#branch                          7.1082e-14
vclku#branch                                 0
vd#branch                                    0
vcm#branch                         1.24151e-13
vsup#branch                       -2.00001e-05


No. of Data Rows : 12172

  Measurements for Transient Analysis

dlev0               =  -1.42551e-05
dlev1               =  -4.89391e-06
dlev2               =  -6.23242e-06
dlev3               =  -6.05589e-06
dlev4               =  2.51180e-06
dlev5               =  1.20802e-06
dlev6               =  7.98399e-06
dlev7               =  3.95498e-06
dlev8               =  -6.63609e-06
dlev9               =  -7.10038e-06
dlev10              =  -2.18596e-07
dlev11              =  -6.07737e-06
dlev12              =  5.15246e-06
dlev13              =  -8.37794e-06
dlev14              =  3.76432e-06
dlev15              =  -3.60876e-06
dlev16              =  9.99998e-01
dlev17              =  1.00000e+00
dlev18              =  9.99999e-01
dlev19              =  1.00000e+00
dlev20              =  9.99998e-01
dlev21              =  9.99998e-01
dlev22              =  1.00000e+00
dlev23              =  1.00000e+00
dlev24              =  1.00000e+00
dlev25              =  1.00000e+00
dlev26              =  1.00000e+00
dlev27              =  9.99998e-01
dlev28              =  9.99998e-01
dlev29              =  1.00000e+00
dlev30              =  9.99998e-01
dlev31              =  1.00000e+00
dlev32              =  9.99998e-01
vdd_meas            =  1.08000e+00
temp_meas           =  -4.00000e+01
vbias_mv            =  3.92215e+02
lowcount            =  1.60000e+01
vos_mv              =  -1.49989e+00
vcm_meas            =  6.00000e-01

ngspice-46 done
