
Note: No compatibility mode selected!


Circuit: * klt sim -- generated corner deck, do not edit

Doing analysis at TEMP = -40.000000 and TNOM = 27.000000

Using SPARSE 1.3 as Direct Linear Solver

Initial Transient Solution
--------------------------

Node                                   Voltage
----                                   -------
vdd                                       1.32
cm                                         0.6
vd                                      -0.048
ap                                       0.576
an                                       0.624
clku                                         0
clk                                          0
ibn                                    0.34643
xa.x1.tmid                          2.4521e-08
xa.x1.tail                            0.543333
xa.x1.np                                  1.32
xa.x1.nn                                  1.32
xa.x1.ln                                  1.32
xa.x1.lp                                  1.32
xa.x1.lnb                          3.36115e-08
xa.x1.lpb                          3.50197e-08
xa.x1.na                                  1.32
doutb                              3.64612e-08
dout                                      1.32
xa.x1.nb                                  1.32
doutn                                        1
tcheck                                     -40
pa_00                                   346.43
bpa_00#branch                                0
btchk#branch                                 0
bdoutn#branch                                0
bclk#branch                        2.84096e-10
ean#branch                         4.10755e-13
eap#branch                         5.15032e-13
vclku#branch                                 0
vd#branch                                    0
vcm#branch                         9.25787e-13
vsup#branch                       -2.00007e-05


No. of Data Rows : 12351

  Measurements for Transient Analysis

dlev0               =  5.11124e-07
dlev1               =  -3.85546e-06
dlev2               =  -5.97824e-06
dlev3               =  -6.90767e-08
dlev4               =  2.30629e-07
dlev5               =  2.27556e-07
dlev6               =  -2.86121e-06
dlev7               =  -2.38021e-06
dlev8               =  3.51200e-08
dlev9               =  1.36338e-07
dlev10              =  1.16836e-07
dlev11              =  -3.29513e-06
dlev12              =  -4.54752e-06
dlev13              =  -6.56530e-08
dlev14              =  -2.38343e-08
dlev15              =  -6.03910e-07
dlev16              =  1.00000e+00
dlev17              =  9.99997e-01
dlev18              =  9.99999e-01
dlev19              =  1.00000e+00
dlev20              =  1.00000e+00
dlev21              =  9.99997e-01
dlev22              =  9.99998e-01
dlev23              =  1.00000e+00
dlev24              =  1.00000e+00
dlev25              =  1.00000e+00
dlev26              =  1.00000e+00
dlev27              =  1.00000e+00
dlev28              =  1.00000e+00
dlev29              =  1.00000e+00
dlev30              =  9.99998e-01
dlev31              =  1.00000e+00
dlev32              =  9.99997e-01
vdd_meas            =  1.32000e+00
temp_meas           =  -4.00000e+01
vbias_mv            =  3.46430e+02
lowcount            =  1.60000e+01
vos_mv              =  -1.49988e+00

ngspice-46 done
