
Note: No compatibility mode selected!


Circuit: * klt sim -- generated corner deck, do not edit

Doing analysis at TEMP = -40.000000 and TNOM = 27.000000

Using SPARSE 1.3 as Direct Linear Solver

Initial Transient Solution
--------------------------

Node                                   Voltage
----                                   -------
vdd                                        1.2
cm                                         0.6
vd                                      -0.048
ap                                       0.576
an                                       0.624
clku                                         0
clk                                          0
ibn                                   0.323794
xa.x1.tmid                         7.16055e-08
xa.x1.tail                            0.568266
xa.x1.np                                   1.2
xa.x1.nn                                   1.2
xa.x1.ln                                   1.2
xa.x1.lp                                   1.2
xa.x1.lnb                          2.26633e-08
xa.x1.lpb                          2.35264e-08
xa.x1.na                               1.18718
doutb                                 0.594207
dout                                  0.597335
xa.x1.nb                               1.18812
doutn                                 0.497779
tcheck                                     -40
pa_00                                  323.794
bpa_00#branch                                0
btchk#branch                                 0
bdoutn#branch                                0
bclk#branch                        1.17617e-10
ean#branch                         9.43634e-13
eap#branch                         1.20218e-12
vclku#branch                                 0
vd#branch                                    0
vcm#branch                         2.14581e-12
vsup#branch                       -6.96645e-05


No. of Data Rows : 12306

  Measurements for Transient Analysis

dlev0               =  -1.18507e-05
dlev1               =  -2.00445e-06
dlev2               =  -2.63092e-06
dlev3               =  3.10266e-06
dlev4               =  4.04129e-06
dlev5               =  5.62121e-06
dlev6               =  5.43625e-06
dlev7               =  4.26681e-06
dlev8               =  2.88884e-06
dlev9               =  -3.93470e-06
dlev10              =  3.34127e-06
dlev11              =  8.06977e-07
dlev12              =  -5.08069e-06
dlev13              =  1.13829e-06
dlev14              =  -5.56648e-06
dlev15              =  -6.11186e-06
dlev16              =  1.00000e+00
dlev17              =  9.99996e-01
dlev18              =  9.99996e-01
dlev19              =  9.99996e-01
dlev20              =  1.00000e+00
dlev21              =  9.99996e-01
dlev22              =  9.99996e-01
dlev23              =  9.99997e-01
dlev24              =  9.99996e-01
dlev25              =  9.99999e-01
dlev26              =  9.99999e-01
dlev27              =  9.99999e-01
dlev28              =  9.99996e-01
dlev29              =  1.00000e+00
dlev30              =  1.00000e+00
dlev31              =  1.00000e+00
dlev32              =  1.00000e+00
vdd_meas            =  1.20000e+00
temp_meas           =  -4.00000e+01
vbias_mv            =  3.23794e+02
lowcount            =  1.60000e+01
vos_mv              =  -1.49988e+00

ngspice-46 done
