
Note: No compatibility mode selected!


Circuit: * klt sim -- generated corner deck, do not edit

Doing analysis at TEMP = 27.000000 and TNOM = 27.000000

Using SPARSE 1.3 as Direct Linear Solver

Initial Transient Solution
--------------------------

Node                                   Voltage
----                                   -------
vdd                                       1.32
cm                                         0.6
vd                                      -0.048
ap                                       0.576
an                                       0.624
clku                                         0
clk                                          0
ibn                                   0.307972
xa.x1.tmid                         1.39551e-06
xa.x1.tail                            0.557902
xa.x1.np                                  1.32
xa.x1.nn                                  1.32
xa.x1.ln                                  1.32
xa.x1.lp                                  1.32
xa.x1.lnb                          1.07463e-07
xa.x1.lpb                           1.1653e-07
xa.x1.na                               1.29157
doutb                                 0.669331
dout                                  0.678291
xa.x1.nb                               1.29141
doutn                                 0.513857
tcheck                                      27
pa_00                                  307.972
bpa_00#branch                                0
btchk#branch                                 0
bdoutn#branch                                0
bclk#branch                        4.29821e-10
ean#branch                         1.12629e-12
eap#branch                         1.41384e-12
vclku#branch                                 0
vd#branch                                    0
vcm#branch                         2.54013e-12
vsup#branch                       -0.000143771


No. of Data Rows : 12254

  Measurements for Transient Analysis

dlev0               =  -3.05590e-06
dlev1               =  -4.63389e-06
dlev2               =  3.88427e-08
dlev3               =  -1.08104e-06
dlev4               =  -4.86291e-06
dlev5               =  -5.44973e-06
dlev6               =  1.32623e-08
dlev7               =  -4.46641e-06
dlev8               =  -1.31815e-06
dlev9               =  -1.62066e-06
dlev10              =  -5.35533e-06
dlev11              =  -5.44747e-06
dlev12              =  -5.53102e-06
dlev13              =  -5.61834e-06
dlev14              =  -3.60167e-06
dlev15              =  -1.76291e-06
dlev16              =  9.99999e-01
dlev17              =  9.99998e-01
dlev18              =  9.99998e-01
dlev19              =  9.99998e-01
dlev20              =  9.99998e-01
dlev21              =  9.99999e-01
dlev22              =  1.00000e+00
dlev23              =  1.00000e+00
dlev24              =  9.99998e-01
dlev25              =  1.00000e+00
dlev26              =  9.99999e-01
dlev27              =  9.99998e-01
dlev28              =  9.99998e-01
dlev29              =  1.00000e+00
dlev30              =  9.99998e-01
dlev31              =  9.99997e-01
dlev32              =  1.00000e+00
vdd_meas            =  1.32000e+00
temp_meas           =  2.70000e+01
vbias_mv            =  3.07972e+02
lowcount            =  1.60001e+01
vos_mv              =  -1.49977e+00

ngspice-46 done
