
Note: No compatibility mode selected!


Circuit: * klt sim -- generated corner deck, do not edit

Doing analysis at TEMP = 27.000000 and TNOM = 27.000000

Using SPARSE 1.3 as Direct Linear Solver

Initial Transient Solution
--------------------------

Node                                   Voltage
----                                   -------
vdd                                       1.32
cm                                         0.6
vd                                      -0.048
ap                                       0.576
an                                       0.624
clku                                         0
clk                                          0
ibn                                   0.330849
xa.x1.tmid                         3.40439e-07
xa.x1.tail                            0.573814
xa.x1.np                                  1.32
xa.x1.nn                                  1.32
xa.x1.ln                                  1.32
xa.x1.lp                                  1.32
xa.x1.lnb                          2.00989e-07
xa.x1.lpb                          2.63772e-07
xa.x1.na                                 1.295
doutb                                 0.705378
dout                                  0.703929
xa.x1.nb                               1.29341
doutn                                 0.533279
tcheck                                      27
pa_00                                  330.849
bpa_00#branch                                0
btchk#branch                                 0
bdoutn#branch                                0
bclk#branch                        7.64405e-10
ean#branch                         5.50671e-13
eap#branch                         6.93737e-13
vclku#branch                                 0
vd#branch                                    0
vcm#branch                         1.24441e-12
vsup#branch                       -0.000142825


No. of Data Rows : 12249

  Measurements for Transient Analysis

dlev0               =  2.26933e-07
dlev1               =  1.91163e-07
dlev2               =  1.85660e-07
dlev3               =  2.19930e-07
dlev4               =  2.33991e-07
dlev5               =  -2.50451e-06
dlev6               =  -2.33568e-06
dlev7               =  -2.71712e-06
dlev8               =  2.21502e-07
dlev9               =  -2.35648e-06
dlev10              =  -4.56815e-06
dlev11              =  -6.48534e-06
dlev12              =  -8.59572e-08
dlev13              =  1.15709e-07
dlev14              =  -4.17705e-06
dlev15              =  -8.06466e-08
dlev16              =  -4.14713e-06
dlev17              =  -2.44716e-06
dlev18              =  1.00000e+00
dlev19              =  9.99999e-01
dlev20              =  9.99999e-01
dlev21              =  9.99997e-01
dlev22              =  9.99997e-01
dlev23              =  9.99998e-01
dlev24              =  9.99998e-01
dlev25              =  9.99998e-01
dlev26              =  9.99998e-01
dlev27              =  9.99998e-01
dlev28              =  1.00000e+00
dlev29              =  1.00000e+00
dlev30              =  1.00000e+00
dlev31              =  1.00000e+00
dlev32              =  1.00000e+00
vdd_meas            =  1.32000e+00
temp_meas           =  2.70000e+01
vbias_mv            =  3.30849e+02
lowcount            =  1.80000e+01
vos_mv              =  4.50015e+00

ngspice-46 done
