
Note: No compatibility mode selected!


Circuit: * klt sim -- generated corner deck, do not edit

Doing analysis at TEMP = 27.000000 and TNOM = 27.000000

Using SPARSE 1.3 as Direct Linear Solver

Initial Transient Solution
--------------------------

Node                                   Voltage
----                                   -------
vdd                                        1.2
cm                                         0.6
vd                                      -0.048
ap                                       0.576
an                                       0.624
clku                                         0
clk                                          0
ibn                                   0.253279
xa.x1.tmid                         4.83242e-06
xa.x1.tail                            0.573232
xa.x1.np                                   1.2
xa.x1.nn                                   1.2
xa.x1.ln                                   1.2
xa.x1.lp                                   1.2
xa.x1.lnb                           5.3178e-08
xa.x1.lpb                          5.46282e-08
xa.x1.na                                   1.2
doutb                              5.71248e-08
dout                                       1.2
xa.x1.nb                                   1.2
doutn                                        1
tcheck                                      27
pa_00                                  253.279
bpa_00#branch                                0
btchk#branch                                 0
bdoutn#branch                                0
bclk#branch                        1.77065e-10
ean#branch                         1.94494e-12
eap#branch                         2.47913e-12
vclku#branch                                 0
vd#branch                                    0
vcm#branch                         4.42407e-12
vsup#branch                       -1.00081e-05


No. of Data Rows : 12159

  Measurements for Transient Analysis

dlev0               =  -2.19559e-06
dlev1               =  7.93063e-07
dlev2               =  4.54692e-08
dlev3               =  4.16301e-07
dlev4               =  1.22059e-07
dlev5               =  3.49690e-07
dlev6               =  -2.74258e-07
dlev7               =  7.27132e-07
dlev8               =  1.12580e-06
dlev9               =  2.06360e-06
dlev10              =  1.10460e-07
dlev11              =  -3.53168e-08
dlev12              =  -4.78434e-07
dlev13              =  -3.18078e-07
dlev14              =  -4.62094e-07
dlev15              =  1.23784e-06
dlev16              =  8.86798e-07
dlev17              =  9.99996e-01
dlev18              =  1.00000e+00
dlev19              =  9.99997e-01
dlev20              =  9.99997e-01
dlev21              =  9.99998e-01
dlev22              =  9.99999e-01
dlev23              =  1.00000e+00
dlev24              =  1.00000e+00
dlev25              =  9.99998e-01
dlev26              =  9.99998e-01
dlev27              =  9.99998e-01
dlev28              =  9.99999e-01
dlev29              =  1.00000e+00
dlev30              =  9.99999e-01
dlev31              =  1.00000e+00
dlev32              =  1.00000e+00
vdd_meas            =  1.20000e+00
temp_meas           =  2.70000e+01
vbias_mv            =  2.53279e+02
lowcount            =  1.70000e+01
vos_mv              =  1.50005e+00

ngspice-46 done
