
Note: No compatibility mode selected!


Circuit: * klt sim -- generated corner deck, do not edit

Doing analysis at TEMP = 125.000000 and TNOM = 27.000000

Using SPARSE 1.3 as Direct Linear Solver

Initial Transient Solution
--------------------------

Node                                   Voltage
----                                   -------
vdd                                       1.32
cm                                         0.6
vd                                      -0.048
ap                                       0.576
an                                       0.624
clku                                         0
clk                                          0
ibn                                   0.228039
xa.x1.tmid                         0.000166715
xa.x1.tail                             0.53037
xa.x1.np                               1.31995
xa.x1.nn                               1.31985
xa.x1.ln                                  1.32
xa.x1.lp                                  1.32
xa.x1.lnb                          1.71578e-06
xa.x1.lpb                          1.60819e-06
xa.x1.na                                  1.32
doutb                               2.0755e-06
dout                                   1.31999
xa.x1.nb                               1.31999
doutn                                 0.999989
tcheck                                     125
pa_00                                  228.039
bpa_00#branch                                0
btchk#branch                                 0
bdoutn#branch                                0
bclk#branch                        3.82049e-10
ean#branch                         5.12078e-12
eap#branch                          6.3997e-12
vclku#branch                                 0
vd#branch                                    0
vcm#branch                         1.15205e-11
vsup#branch                       -2.03154e-05


No. of Data Rows : 12236

  Measurements for Transient Analysis

dlev0               =  4.79539e-06
dlev1               =  8.55806e-06
dlev2               =  8.40542e-06
dlev3               =  8.38522e-06
dlev4               =  2.19727e-06
dlev5               =  2.82448e-06
dlev6               =  8.30195e-06
dlev7               =  8.54500e-06
dlev8               =  8.15241e-06
dlev9               =  1.08423e-05
dlev10              =  7.46637e-06
dlev11              =  1.04569e-05
dlev12              =  1.28635e-06
dlev13              =  7.21338e-06
dlev14              =  1.27071e-06
dlev15              =  9.99987e-01
dlev16              =  9.99989e-01
dlev17              =  9.99989e-01
dlev18              =  9.99989e-01
dlev19              =  9.99990e-01
dlev20              =  9.99991e-01
dlev21              =  9.99991e-01
dlev22              =  9.99992e-01
dlev23              =  9.99991e-01
dlev24              =  9.99991e-01
dlev25              =  9.99990e-01
dlev26              =  9.99991e-01
dlev27              =  9.99991e-01
dlev28              =  9.99991e-01
dlev29              =  9.99991e-01
dlev30              =  9.99991e-01
dlev31              =  9.99992e-01
dlev32              =  9.99990e-01
vdd_meas            =  1.32000e+00
temp_meas           =  1.25000e+02
vbias_mv            =  2.28039e+02
lowcount            =  1.50001e+01
vos_mv              =  -4.49978e+00

ngspice-46 done
