
Note: No compatibility mode selected!


Circuit: * klt sim -- generated corner deck, do not edit

Doing analysis at TEMP = -40.000000 and TNOM = 27.000000

Using SPARSE 1.3 as Direct Linear Solver

Initial Transient Solution
--------------------------

Node                                   Voltage
----                                   -------
vdd                                        1.2
cm                                        0.65
vd                                      -0.048
ap                                       0.626
an                                       0.674
clku                                         0
clk                                          0
ibn                                   0.302927
xa.x1.tmid                         2.27526e-07
xa.x1.tail                            0.610558
xa.x1.np                                   1.2
xa.x1.nn                                   1.2
xa.x1.ln                                   1.2
xa.x1.lp                                   1.2
xa.x1.lnb                          9.42539e-08
xa.x1.lpb                          9.74064e-08
xa.x1.na                               1.18115
doutb                                 0.620167
dout                                  0.622392
xa.x1.nb                               1.18123
doutn                                  0.51866
tcheck                                     -40
pa_00                                  302.927
bpa_00#branch                                0
btchk#branch                                 0
bdoutn#branch                                0
bclk#branch                        6.40167e-10
ean#branch                         1.51901e-12
eap#branch                         1.95116e-12
vclku#branch                                 0
vd#branch                                    0
vcm#branch                         3.47017e-12
vsup#branch                       -0.000119039


No. of Data Rows : 12302

  Measurements for Transient Analysis

dlev0               =  -3.72889e-06
dlev1               =  -5.71204e-06
dlev2               =  -5.88236e-06
dlev3               =  -5.24367e-06
dlev4               =  -5.16740e-06
dlev5               =  -5.44036e-06
dlev6               =  -5.33008e-06
dlev7               =  5.78441e-08
dlev8               =  -6.13350e-06
dlev9               =  -6.06610e-06
dlev10              =  -4.96763e-06
dlev11              =  -4.91904e-06
dlev12              =  -5.05588e-06
dlev13              =  2.49538e-08
dlev14              =  -4.89278e-06
dlev15              =  -4.96744e-06
dlev16              =  9.99999e-01
dlev17              =  1.00000e+00
dlev18              =  9.99998e-01
dlev19              =  9.99998e-01
dlev20              =  9.99999e-01
dlev21              =  9.99998e-01
dlev22              =  1.00000e+00
dlev23              =  9.99998e-01
dlev24              =  1.00000e+00
dlev25              =  9.99999e-01
dlev26              =  9.99999e-01
dlev27              =  9.99999e-01
dlev28              =  1.00000e+00
dlev29              =  1.00000e+00
dlev30              =  1.00000e+00
dlev31              =  1.00000e+00
dlev32              =  9.99999e-01
vdd_meas            =  1.20000e+00
temp_meas           =  -4.00000e+01
vbias_mv            =  3.02927e+02
lowcount            =  1.60001e+01
vos_mv              =  -1.49973e+00
vcm_meas            =  6.50000e-01

ngspice-46 done
