
Note: No compatibility mode selected!


Circuit: * klt sim -- generated corner deck, do not edit

Doing analysis at TEMP = 27.000000 and TNOM = 27.000000

Using SPARSE 1.3 as Direct Linear Solver

Initial Transient Solution
--------------------------

Node                                   Voltage
----                                   -------
vdd                                        1.2
cm                                        0.55
vd                                      -0.048
ap                                       0.526
an                                       0.574
clku                                         0
clk                                          0
ibn                                   0.307768
xa.x1.tmid                          1.1874e-06
xa.x1.tail                            0.538914
xa.x1.np                                   1.2
xa.x1.nn                                   1.2
xa.x1.ln                                   1.2
xa.x1.lp                                   1.2
xa.x1.lnb                          9.37021e-08
xa.x1.lpb                          9.69041e-08
xa.x1.na                                   1.2
doutb                              1.16479e-07
dout                                       1.2
xa.x1.nb                                   1.2
doutn                                        1
tcheck                                      27
pa_00                                  307.768
bpa_00#branch                                0
btchk#branch                                 0
bdoutn#branch                                0
bclk#branch                        3.10412e-10
ean#branch                         1.20773e-12
eap#branch                         1.53078e-12
vclku#branch                                 0
vd#branch                                    0
vcm#branch                          2.7385e-12
vsup#branch                       -2.00038e-05


No. of Data Rows : 12190

  Measurements for Transient Analysis

dlev0               =  -2.47553e-07
dlev1               =  -1.33238e-06
dlev2               =  1.02732e-06
dlev3               =  1.32554e-06
dlev4               =  2.12712e-06
dlev5               =  2.40594e-06
dlev6               =  3.07773e-06
dlev7               =  2.51844e-06
dlev8               =  2.34190e-06
dlev9               =  8.64139e-07
dlev10              =  3.65443e-07
dlev11              =  6.51496e-07
dlev12              =  -3.02977e-07
dlev13              =  2.74468e-06
dlev14              =  1.68269e-06
dlev15              =  1.67915e-06
dlev16              =  6.11903e-07
dlev17              =  1.00000e+00
dlev18              =  1.00000e+00
dlev19              =  1.00000e+00
dlev20              =  1.00000e+00
dlev21              =  1.00000e+00
dlev22              =  1.00000e+00
dlev23              =  1.00000e+00
dlev24              =  1.00000e+00
dlev25              =  1.00000e+00
dlev26              =  1.00000e+00
dlev27              =  1.00000e+00
dlev28              =  1.00000e+00
dlev29              =  1.00000e+00
dlev30              =  1.00000e+00
dlev31              =  1.00000e+00
dlev32              =  1.00000e+00
vdd_meas            =  1.20000e+00
temp_meas           =  2.70000e+01
vbias_mv            =  3.07768e+02
lowcount            =  1.70000e+01
vos_mv              =  1.49990e+00
vcm_meas            =  5.50000e-01

ngspice-46 done
