
Note: No compatibility mode selected!


Circuit: * klt sim -- generated corner deck, do not edit

Doing analysis at TEMP = 27.000000 and TNOM = 27.000000

Using SPARSE 1.3 as Direct Linear Solver

Initial Transient Solution
--------------------------

Node                                   Voltage
----                                   -------
vdd                                        1.2
cm                                        0.55
vd                                      -0.048
ap                                       0.526
an                                       0.574
clku                                         0
clk                                          0
ibn                                   0.309401
xa.x1.tmid                         1.29735e-06
xa.x1.tail                            0.534074
xa.x1.np                                   1.2
xa.x1.nn                                   1.2
xa.x1.ln                                   1.2
xa.x1.lp                                   1.2
xa.x1.lnb                          1.06546e-07
xa.x1.lpb                          9.67962e-08
xa.x1.na                                   1.2
doutb                              1.16645e-07
dout                                       1.2
xa.x1.nb                                   1.2
doutn                                        1
tcheck                                      27
pa_00                                  309.401
bpa_00#branch                                0
btchk#branch                                 0
bdoutn#branch                                0
bclk#branch                        3.07763e-10
ean#branch                         1.20701e-12
eap#branch                         1.53016e-12
vclku#branch                                 0
vd#branch                                    0
vcm#branch                         2.73717e-12
vsup#branch                       -2.00041e-05


No. of Data Rows : 12226

  Measurements for Transient Analysis

dlev0               =  -7.51238e-08
dlev1               =  1.85989e-06
dlev2               =  1.73563e-06
dlev3               =  1.48395e-06
dlev4               =  -8.77336e-07
dlev5               =  6.49218e-07
dlev6               =  1.45929e-06
dlev7               =  1.27036e-06
dlev8               =  2.34949e-06
dlev9               =  7.08019e-07
dlev10              =  1.35360e-06
dlev11              =  7.33482e-07
dlev12              =  6.35954e-07
dlev13              =  -2.15400e-06
dlev14              =  2.79932e-06
dlev15              =  -1.83971e-06
dlev16              =  9.79093e-07
dlev17              =  9.99998e-01
dlev18              =  9.99999e-01
dlev19              =  1.00000e+00
dlev20              =  9.99999e-01
dlev21              =  1.00000e+00
dlev22              =  1.00000e+00
dlev23              =  1.00000e+00
dlev24              =  1.00000e+00
dlev25              =  1.00000e+00
dlev26              =  1.00000e+00
dlev27              =  1.00000e+00
dlev28              =  1.00000e+00
dlev29              =  1.00000e+00
dlev30              =  1.00000e+00
dlev31              =  1.00000e+00
dlev32              =  1.00000e+00
vdd_meas            =  1.20000e+00
temp_meas           =  2.70000e+01
vbias_mv            =  3.09401e+02
lowcount            =  1.70000e+01
vos_mv              =  1.49996e+00
vcm_meas            =  5.50000e-01

ngspice-46 done
