
Note: No compatibility mode selected!


Circuit: * klt sim -- generated corner deck, do not edit

Doing analysis at TEMP = 125.000000 and TNOM = 27.000000

Using SPARSE 1.3 as Direct Linear Solver

Initial Transient Solution
--------------------------

Node                                   Voltage
----                                   -------
vdd                                       1.08
cm                                        0.65
vd                                      -0.048
ap                                       0.626
an                                       0.674
clku                                         0
clk                                          0
ibn                                    0.20449
xa.x1.tmid                         0.000310548
xa.x1.tail                            0.615461
xa.x1.np                               1.07992
xa.x1.nn                               1.07974
xa.x1.ln                                  1.08
xa.x1.lp                                  1.08
xa.x1.lnb                          1.89142e-05
xa.x1.lpb                          1.82981e-05
xa.x1.na                               1.05393
doutb                                 0.561815
dout                                  0.562137
xa.x1.nb                               1.05522
doutn                                 0.520497
tcheck                                     125
pa_00                                   204.49
bpa_00#branch                                0
btchk#branch                                 0
bdoutn#branch                                0
bclk#branch                        1.13877e-09
ean#branch                         3.58105e-12
eap#branch                         4.84401e-12
vclku#branch                                 0
vd#branch                                    0
vcm#branch                         8.42507e-12
vsup#branch                       -0.000122909


No. of Data Rows : 12100

  Measurements for Transient Analysis

dlev0               =  1.92188e-05
dlev1               =  1.86123e-05
dlev2               =  1.87260e-05
dlev3               =  1.84666e-05
dlev4               =  1.89874e-05
dlev5               =  1.87024e-05
dlev6               =  1.97418e-05
dlev7               =  1.87101e-05
dlev8               =  1.87202e-05
dlev9               =  1.87336e-05
dlev10              =  1.87364e-05
dlev11              =  1.87400e-05
dlev12              =  1.87481e-05
dlev13              =  1.88063e-05
dlev14              =  1.88305e-05
dlev15              =  1.90740e-05
dlev16              =  1.86752e-05
dlev17              =  9.99984e-01
dlev18              =  9.99984e-01
dlev19              =  9.99984e-01
dlev20              =  9.99984e-01
dlev21              =  9.99984e-01
dlev22              =  9.99984e-01
dlev23              =  9.99984e-01
dlev24              =  9.99984e-01
dlev25              =  9.99984e-01
dlev26              =  9.99984e-01
dlev27              =  9.99984e-01
dlev28              =  9.99984e-01
dlev29              =  9.99984e-01
dlev30              =  9.99984e-01
dlev31              =  9.99983e-01
dlev32              =  9.99983e-01
vdd_meas            =  1.08000e+00
temp_meas           =  1.25000e+02
vbias_mv            =  2.04490e+02
lowcount            =  1.69999e+01
vos_mv              =  1.49982e+00
vcm_meas            =  6.50000e-01

ngspice-46 done
