
Note: No compatibility mode selected!


Circuit: * klt sim -- generated corner deck, do not edit

Doing analysis at TEMP = 27.000000 and TNOM = 27.000000

Using SPARSE 1.3 as Direct Linear Solver

Initial Transient Solution
--------------------------

Node                                   Voltage
----                                   -------
vdd                                       1.08
cm                                         0.6
vd                                      -0.048
ap                                       0.576
an                                       0.624
clku                                         0
clk                                          0
ibn                                   0.265731
xa.x1.tmid                         6.55378e-06
xa.x1.tail                            0.572461
xa.x1.np                                  1.08
xa.x1.nn                               1.07999
xa.x1.ln                                  1.08
xa.x1.lp                                  1.08
xa.x1.lnb                          5.23064e-07
xa.x1.lpb                          5.79778e-07
xa.x1.na                               1.06372
doutb                                 0.567774
dout                                  0.555443
xa.x1.nb                               1.06437
doutn                                 0.514299
tcheck                                      27
pa_00                                  265.731
bpa_00#branch                                0
btchk#branch                                 0
bdoutn#branch                                0
bclk#branch                        6.97909e-10
ean#branch                          2.1565e-12
eap#branch                         2.82666e-12
vclku#branch                                 0
vd#branch                                    0
vcm#branch                         4.98315e-12
vsup#branch                        -8.9336e-05


No. of Data Rows : 12200

  Measurements for Transient Analysis

dlev0               =  3.89136e-06
dlev1               =  6.07206e-06
dlev2               =  5.62763e-06
dlev3               =  4.65555e-06
dlev4               =  4.96513e-06
dlev5               =  5.40266e-06
dlev6               =  8.60369e-07
dlev7               =  6.42508e-06
dlev8               =  1.36744e-06
dlev9               =  5.46004e-06
dlev10              =  5.37058e-06
dlev11              =  5.37494e-06
dlev12              =  2.88819e-07
dlev13              =  2.14996e-06
dlev14              =  2.34137e-06
dlev15              =  9.99999e-01
dlev16              =  9.99999e-01
dlev17              =  1.00000e+00
dlev18              =  1.00000e+00
dlev19              =  1.00000e+00
dlev20              =  1.00000e+00
dlev21              =  9.99999e-01
dlev22              =  1.00000e+00
dlev23              =  1.00000e+00
dlev24              =  1.00000e+00
dlev25              =  1.00000e+00
dlev26              =  9.99999e-01
dlev27              =  9.99999e-01
dlev28              =  1.00000e+00
dlev29              =  9.99999e-01
dlev30              =  1.00000e+00
dlev31              =  1.00000e+00
dlev32              =  1.00000e+00
vdd_meas            =  1.08000e+00
temp_meas           =  2.70000e+01
vbias_mv            =  2.65731e+02
lowcount            =  1.49999e+01
vos_mv              =  -4.50017e+00

ngspice-46 done
