
Note: No compatibility mode selected!


Circuit: * klt sim -- generated corner deck, do not edit

Doing analysis at TEMP = 27.000000 and TNOM = 27.000000

Using SPARSE 1.3 as Direct Linear Solver

Initial Transient Solution
--------------------------

Node                                   Voltage
----                                   -------
vdd                                       1.08
cm                                         0.6
vd                                      -0.048
ap                                       0.576
an                                       0.624
clku                                         0
clk                                          0
ibn                                   0.266354
xa.x1.tmid                         7.06671e-06
xa.x1.tail                            0.549403
xa.x1.np                                  1.08
xa.x1.nn                               1.07999
xa.x1.ln                                  1.08
xa.x1.lp                                  1.08
xa.x1.lnb                          7.48661e-07
xa.x1.lpb                          6.41998e-07
xa.x1.na                               1.06318
doutb                                 0.564136
dout                                  0.561632
xa.x1.nb                               1.06331
doutn                                  0.52003
tcheck                                      27
pa_00                                  266.354
bpa_00#branch                                0
btchk#branch                                 0
bdoutn#branch                                0
bclk#branch                        7.04829e-10
ean#branch                         1.42725e-12
eap#branch                         1.87952e-12
vclku#branch                                 0
vd#branch                                    0
vcm#branch                         3.30677e-12
vsup#branch                       -9.39324e-05


No. of Data Rows : 12133

  Measurements for Transient Analysis

dlev0               =  2.56463e-06
dlev1               =  8.17531e-07
dlev2               =  1.01565e-06
dlev3               =  9.81931e-07
dlev4               =  1.69538e-06
dlev5               =  3.87553e-06
dlev6               =  2.13121e-06
dlev7               =  1.02556e-06
dlev8               =  1.09746e-06
dlev9               =  6.57270e-07
dlev10              =  3.91054e-06
dlev11              =  2.09323e-06
dlev12              =  1.07140e-06
dlev13              =  6.74815e-07
dlev14              =  7.65185e-07
dlev15              =  1.27190e-06
dlev16              =  1.00000e+00
dlev17              =  1.00000e+00
dlev18              =  9.99999e-01
dlev19              =  9.99999e-01
dlev20              =  1.00000e+00
dlev21              =  1.00000e+00
dlev22              =  1.00000e+00
dlev23              =  9.99999e-01
dlev24              =  1.00000e+00
dlev25              =  1.00000e+00
dlev26              =  1.00000e+00
dlev27              =  1.00000e+00
dlev28              =  1.00000e+00
dlev29              =  1.00000e+00
dlev30              =  1.00000e+00
dlev31              =  1.00000e+00
dlev32              =  1.00000e+00
vdd_meas            =  1.08000e+00
temp_meas           =  2.70000e+01
vbias_mv            =  2.66354e+02
lowcount            =  1.60000e+01
vos_mv              =  -1.50007e+00

ngspice-46 done
