
Note: No compatibility mode selected!


Circuit: * klt sim -- generated corner deck, do not edit

Doing analysis at TEMP = 125.000000 and TNOM = 27.000000

Using SPARSE 1.3 as Direct Linear Solver

Initial Transient Solution
--------------------------

Node                                   Voltage
----                                   -------
vdd                                        1.2
cm                                         0.6
vd                                      -0.048
ap                                       0.576
an                                       0.624
clku                                         0
clk                                          0
ibn                                    0.18563
xa.x1.tmid                         0.000384961
xa.x1.tail                            0.577162
xa.x1.np                               1.19993
xa.x1.nn                               1.19976
xa.x1.ln                                   1.2
xa.x1.lp                                   1.2
xa.x1.lnb                          2.25747e-05
xa.x1.lpb                           2.1589e-05
xa.x1.na                               1.19999
doutb                              1.86799e-05
dout                                   1.19998
xa.x1.nb                               1.19999
doutn                                 0.999987
tcheck                                     125
pa_00                                   185.63
bpa_00#branch                                0
btchk#branch                                 0
bdoutn#branch                                0
bclk#branch                        1.61635e-09
ean#branch                         9.02337e-12
eap#branch                         1.14499e-11
vclku#branch                                 0
vd#branch                                    0
vcm#branch                         2.04733e-11
vsup#branch                       -1.56889e-05


No. of Data Rows : 12168

  Measurements for Transient Analysis

dlev0               =  1.81543e-05
dlev1               =  2.01645e-05
dlev2               =  2.01297e-05
dlev3               =  2.01539e-05
dlev4               =  2.19655e-05
dlev5               =  1.82435e-05
dlev6               =  1.80757e-05
dlev7               =  2.03412e-05
dlev8               =  1.67179e-05
dlev9               =  1.66032e-05
dlev10              =  1.55815e-05
dlev11              =  1.64452e-05
dlev12              =  1.41843e-05
dlev13              =  1.62631e-05
dlev14              =  2.02297e-05
dlev15              =  2.13642e-05
dlev16              =  1.52220e-05
dlev17              =  9.99987e-01
dlev18              =  9.99985e-01
dlev19              =  9.99987e-01
dlev20              =  9.99985e-01
dlev21              =  9.99985e-01
dlev22              =  9.99987e-01
dlev23              =  9.99985e-01
dlev24              =  9.99987e-01
dlev25              =  9.99985e-01
dlev26              =  9.99985e-01
dlev27              =  9.99985e-01
dlev28              =  9.99987e-01
dlev29              =  9.99985e-01
dlev30              =  9.99987e-01
dlev31              =  9.99987e-01
dlev32              =  9.99985e-01
vdd_meas            =  1.20000e+00
temp_meas           =  1.25000e+02
vbias_mv            =  1.85630e+02
lowcount            =  1.69999e+01
vos_mv              =  1.49975e+00

ngspice-46 done
