
Note: No compatibility mode selected!


Circuit: * klt sim -- generated corner deck, do not edit

Doing analysis at TEMP = -40.000000 and TNOM = 27.000000

Using SPARSE 1.3 as Direct Linear Solver

Initial Transient Solution
--------------------------

Node                                   Voltage
----                                   -------
vdd                                       1.32
cm                                        0.65
vd                                      -0.048
ap                                       0.626
an                                       0.674
clku                                         0
clk                                          0
ibn                                    0.36415
xa.x1.tmid                         5.73193e-09
xa.x1.tail                            0.629229
xa.x1.np                                  1.32
xa.x1.nn                                  1.32
xa.x1.ln                                  1.32
xa.x1.lp                                  1.32
xa.x1.lnb                          4.95614e-08
xa.x1.lpb                          5.15975e-08
xa.x1.na                               1.30119
doutb                                 0.704685
dout                                  0.708938
xa.x1.nb                               1.29883
doutn                                 0.537074
tcheck                                     -40
pa_00                                   364.15
bpa_00#branch                                0
btchk#branch                                 0
bdoutn#branch                                0
bclk#branch                        5.05148e-10
ean#branch                         3.14276e-13
eap#branch                         3.98764e-13
vclku#branch                                 0
vd#branch                                    0
vcm#branch                         7.13041e-13
vsup#branch                       -0.000125689


No. of Data Rows : 12407

  Measurements for Transient Analysis

dlev0               =  1.50105e-06
dlev1               =  -4.74882e-06
dlev2               =  -4.90084e-06
dlev3               =  -5.77465e-06
dlev4               =  -6.81856e-06
dlev5               =  -7.65672e-06
dlev6               =  -3.54742e-06
dlev7               =  -3.87761e-06
dlev8               =  -6.24391e-06
dlev9               =  -6.94547e-06
dlev10              =  -5.97843e-07
dlev11              =  -7.11959e-06
dlev12              =  -7.00289e-06
dlev13              =  -8.35469e-07
dlev14              =  -8.87817e-07
dlev15              =  -7.46706e-06
dlev16              =  -7.02522e-06
dlev17              =  -6.69362e-06
dlev18              =  1.00000e+00
dlev19              =  1.00000e+00
dlev20              =  1.00000e+00
dlev21              =  9.99999e-01
dlev22              =  9.99997e-01
dlev23              =  9.99997e-01
dlev24              =  1.00000e+00
dlev25              =  9.99996e-01
dlev26              =  9.99998e-01
dlev27              =  9.99997e-01
dlev28              =  9.99997e-01
dlev29              =  9.99996e-01
dlev30              =  9.99997e-01
dlev31              =  9.99998e-01
dlev32              =  9.99997e-01
vdd_meas            =  1.32000e+00
temp_meas           =  -4.00000e+01
vbias_mv            =  3.64150e+02
lowcount            =  1.80001e+01
vos_mv              =  4.50035e+00
vcm_meas            =  6.50000e-01

ngspice-46 done
