
Note: No compatibility mode selected!


Circuit: * klt sim -- generated corner deck, do not edit

Doing analysis at TEMP = 27.000000 and TNOM = 27.000000

Using SPARSE 1.3 as Direct Linear Solver
Note: Starting dynamic gmin stepping
Note: Dynamic gmin stepping completed

Initial Transient Solution
--------------------------

Node                                   Voltage
----                                   -------
vdd                                       1.08
cm                                         0.6
vd                                      -0.048
ap                                       0.576
an                                       0.624
clku                                         0
clk                                          0
ibn                                   0.285836
xa.x1.tmid                         3.11938e-06
xa.x1.tail                            0.572954
xa.x1.np                                  1.08
xa.x1.nn                                  1.08
xa.x1.ln                                  1.08
xa.x1.lp                                  1.08
xa.x1.lnb                            4.025e-08
xa.x1.lpb                          3.65929e-08
xa.x1.na                                  1.08
doutb                              4.46862e-08
dout                                      1.08
xa.x1.nb                                  1.08
doutn                                        1
tcheck                                      27
pa_00                                  285.836
bpa_00#branch                                0
btchk#branch                                 0
bdoutn#branch                                0
bclk#branch                        1.24816e-10
ean#branch                         1.02257e-12
eap#branch                         1.34817e-12
vclku#branch                                 0
vd#branch                                    0
vcm#branch                         2.37074e-12
vsup#branch                       -2.00076e-05


No. of Data Rows : 12198

  Measurements for Transient Analysis

dlev0               =  1.97602e-06
dlev1               =  2.44258e-06
dlev2               =  -1.51364e-07
dlev3               =  2.52999e-06
dlev4               =  1.51186e-06
dlev5               =  1.36960e-06
dlev6               =  1.84224e-06
dlev7               =  2.59321e-06
dlev8               =  -1.53421e-07
dlev9               =  5.11389e-07
dlev10              =  2.81319e-08
dlev11              =  3.17056e-06
dlev12              =  2.86041e-06
dlev13              =  2.99601e-06
dlev14              =  7.06584e-06
dlev15              =  9.85001e-09
dlev16              =  1.00000e+00
dlev17              =  1.00000e+00
dlev18              =  1.00000e+00
dlev19              =  1.00000e+00
dlev20              =  1.00000e+00
dlev21              =  1.00000e+00
dlev22              =  1.00000e+00
dlev23              =  1.00000e+00
dlev24              =  1.00000e+00
dlev25              =  9.99999e-01
dlev26              =  9.99999e-01
dlev27              =  9.99999e-01
dlev28              =  9.99999e-01
dlev29              =  9.99999e-01
dlev30              =  9.99999e-01
dlev31              =  9.99999e-01
dlev32              =  1.00000e+00
vdd_meas            =  1.08000e+00
temp_meas           =  2.70000e+01
vbias_mv            =  2.85836e+02
lowcount            =  1.60000e+01
vos_mv              =  -1.50007e+00

ngspice-46 done
