
Note: No compatibility mode selected!


Circuit: * klt sim -- generated corner deck, do not edit

Doing analysis at TEMP = -40.000000 and TNOM = 27.000000

Using SPARSE 1.3 as Direct Linear Solver
Note: Starting dynamic gmin stepping
Note: Dynamic gmin stepping completed

Initial Transient Solution
--------------------------

Node                                   Voltage
----                                   -------
vdd                                       1.08
cm                                         0.6
vd                                      -0.048
ap                                       0.576
an                                       0.624
clku                                         0
clk                                          0
ibn                                   0.390333
xa.x1.tmid                         1.45796e-09
xa.x1.tail                            0.573726
xa.x1.np                                  1.08
xa.x1.nn                                  1.08
xa.x1.ln                                  1.08
xa.x1.lp                                  1.08
xa.x1.lnb                          6.48119e-09
xa.x1.lpb                           6.5574e-09
xa.x1.na                                1.0781
doutb                                  0.55039
dout                                     0.546
xa.x1.nb                               1.07812
doutn                                 0.505556
tcheck                                     -40
pa_00                                  390.333
bpa_00#branch                                0
btchk#branch                                 0
bdoutn#branch                                0
bclk#branch                        4.42852e-11
ean#branch                         3.52773e-14
eap#branch                         4.72539e-14
vclku#branch                                 0
vd#branch                                    0
vcm#branch                         8.25312e-14
vsup#branch                       -2.61034e-05


No. of Data Rows : 12165

  Measurements for Transient Analysis

dlev0               =  1.77508e-06
dlev1               =  1.15313e-05
dlev2               =  1.56134e-05
dlev3               =  1.08649e-05
dlev4               =  1.03816e-06
dlev5               =  3.57026e-07
dlev6               =  1.32350e-06
dlev7               =  6.21396e-06
dlev8               =  8.81351e-06
dlev9               =  8.15067e-06
dlev10              =  1.48955e-05
dlev11              =  1.50826e-05
dlev12              =  1.01377e-05
dlev13              =  1.44371e-05
dlev14              =  1.32667e-05
dlev15              =  1.60227e-05
dlev16              =  1.17636e-05
dlev17              =  1.56849e-05
dlev18              =  9.99993e-01
dlev19              =  1.00000e+00
dlev20              =  1.00001e+00
dlev21              =  1.00001e+00
dlev22              =  1.00001e+00
dlev23              =  1.00001e+00
dlev24              =  1.00000e+00
dlev25              =  1.00001e+00
dlev26              =  1.00001e+00
dlev27              =  1.00001e+00
dlev28              =  1.00001e+00
dlev29              =  1.00001e+00
dlev30              =  1.00001e+00
dlev31              =  1.00001e+00
dlev32              =  1.00001e+00
vdd_meas            =  1.08000e+00
temp_meas           =  -4.00000e+01
vbias_mv            =  3.90333e+02
lowcount            =  1.79997e+01
vos_mv              =  4.49922e+00

ngspice-46 done
