
Note: No compatibility mode selected!


Circuit: * klt sim -- generated corner deck, do not edit

Doing analysis at TEMP = 125.000000 and TNOM = 27.000000

Using SPARSE 1.3 as Direct Linear Solver

Initial Transient Solution
--------------------------

Node                                   Voltage
----                                   -------
vdd                                       1.32
cm                                        0.65
vd                                      -0.048
ap                                       0.626
an                                       0.674
clku                                         0
clk                                          0
ibn                                   0.206844
xa.x1.tmid                         0.000332783
xa.x1.tail                            0.619901
xa.x1.np                               1.31992
xa.x1.nn                               1.31977
xa.x1.ln                                  1.32
xa.x1.lp                                  1.32
xa.x1.lnb                          1.80481e-05
xa.x1.lpb                          2.12466e-05
xa.x1.na                               1.31998
doutb                              2.64074e-05
dout                                   1.31998
xa.x1.nb                               1.31999
doutn                                 0.999984
tcheck                                     125
pa_00                                  206.844
bpa_00#branch                                0
btchk#branch                                 0
bdoutn#branch                                0
bclk#branch                        2.21425e-09
ean#branch                         1.25692e-11
eap#branch                         1.57502e-11
vclku#branch                                 0
vd#branch                                    0
vcm#branch                         2.83194e-11
vsup#branch                       -2.07369e-05


No. of Data Rows : 12260

  Measurements for Transient Analysis

dlev0               =  2.18341e-05
dlev1               =  1.94732e-05
dlev2               =  1.96573e-05
dlev3               =  1.96938e-05
dlev4               =  1.48972e-05
dlev5               =  1.49155e-05
dlev6               =  1.58157e-05
dlev7               =  1.70168e-05
dlev8               =  1.66549e-05
dlev9               =  1.57607e-05
dlev10              =  1.76149e-05
dlev11              =  1.70519e-05
dlev12              =  1.53622e-05
dlev13              =  2.01799e-05
dlev14              =  2.00008e-05
dlev15              =  9.99984e-01
dlev16              =  9.99983e-01
dlev17              =  9.99985e-01
dlev18              =  9.99985e-01
dlev19              =  9.99985e-01
dlev20              =  9.99985e-01
dlev21              =  9.99984e-01
dlev22              =  9.99985e-01
dlev23              =  9.99984e-01
dlev24              =  9.99983e-01
dlev25              =  9.99984e-01
dlev26              =  9.99984e-01
dlev27              =  9.99985e-01
dlev28              =  9.99985e-01
dlev29              =  9.99983e-01
dlev30              =  9.99983e-01
dlev31              =  9.99982e-01
dlev32              =  9.99984e-01
vdd_meas            =  1.32000e+00
temp_meas           =  1.25000e+02
vbias_mv            =  2.06844e+02
lowcount            =  1.50000e+01
vos_mv              =  -4.49994e+00
vcm_meas            =  6.50000e-01

ngspice-46 done
