
Note: Compatibility modes selected: hs a


Circuit: * comparator-regeneration @ ff_27c_1.08v -- generated by sim/harness, do not edit

Doing analysis at TEMP = 27.000000 and TNOM = 27.000000

Using SPARSE 1.3 as Direct Linear Solver

Initial Transient Solution
--------------------------

Node                                   Voltage
----                                   -------
vdd                                       1.08
vdda                                      1.08
clk                                          0
cm                                         0.6
sa                                       -0.05
apa                                      0.575
ana                                      0.625
ibna                                  0.264662
xa.xa.atail                           0.385259
xa.aon                                0.965501
xa.aop                                0.752166
xa.xl.ken                           4.1614e-10
xa.xl.qp                                  0.54
xa.xl.qn                                  0.54
xa.xl.h                            1.26442e-10
douta                              1.26442e-10
doutba                                    1.08
sb                                      -0.001
apb                                     0.5995
anb                                     0.6005
ibnb                                  0.264662
xb.xa.atail                           0.382016
xb.aon                                0.861638
xb.aop                                 0.85713
xb.xl.ken                           4.1614e-10
xb.xl.qp                                  0.54
xb.xl.qn                                  0.54
xb.xl.h                            1.26442e-10
doutb                              1.26442e-10
doutbb                                    1.08
sc                                     -0.0001
apc                                    0.59995
anc                                    0.60005
ibnc                                  0.264662
xc.xa.atail                           0.382015
xc.aon                                 0.85961
xc.aop                                0.859159
xc.xl.ken                           4.1614e-10
xc.xl.qp                                  0.54
xc.xl.qn                                  0.54
xc.xl.h                            1.26442e-10
doutc                              1.26442e-10
doutbc                                    1.08
clkn                                         0
dan                                1.17076e-10
dbn                                1.17076e-10
dcn                                1.17076e-10
bdcn#branch                                  0
bdbn#branch                                  0
bdan#branch                                  0
bclkn#branch                                 0
b.xc.xl.bdob#branch                          0
b.xc.xl.bdo#branch                           0
b.xc.xl.ben#branch                           0
b.xb.xl.bdob#branch                          0
b.xb.xl.bdo#branch                           0
b.xb.xl.ben#branch                           0
b.xa.xl.bdob#branch                          0
b.xa.xl.bdo#branch                           0
b.xa.xl.ben#branch                           0
eanc#branch                       -9.82929e-13
eapc#branch                       -9.74007e-13
eanb#branch                       -1.02328e-12
eapb#branch                       -9.33311e-13
eana#branch                        -2.8989e-12
eapa#branch                        1.48836e-12
vsc#branch                                   0
vsb#branch                                   0
vsa#branch                                   0
vcm#branch                        -5.32407e-12
vclk#branch                                  0
vsupa#branch                      -4.21167e-05
vsup#branch                       -8.41232e-05

 Reference value :  0.00000e+00
 Reference value :  2.72140e-09
 Reference value :  5.53640e-09
 Reference value :  9.26640e-09
 Reference value :  1.29094e-08
 Reference value :  1.60144e-08
 Reference value :  1.87794e-08
 Reference value :  2.09575e-08
 Reference value :  2.33875e-08
 Reference value :  2.61575e-08
 Reference value :  2.89475e-08
 Reference value :  3.17275e-08
 Reference value :  3.46625e-08
 Reference value :  3.73125e-08
 Reference value :  4.01504e-08
 Reference value :  4.23534e-08
 Reference value :  4.52584e-08
 Reference value :  4.84784e-08
 Reference value :  5.08675e-08
 Reference value :  5.35925e-08
 Reference value :  5.66075e-08
 Reference value :  5.98625e-08
No. of Data Rows : 12093
vsup_v              =  1.08000e+00
td_a                =  9.42032e-11 targ=  4.01442e-08 trig=  4.00500e-08
td_b                =  2.57582e-10 targ=  4.03076e-08 trig=  4.00500e-08
td_c                =  3.54568e-10 targ=  4.04046e-08 trig=  4.00500e-08
da_first            =  3.68357e-10
db_first            =  3.84070e-10
dc_first            =  3.84382e-10
da_end              =  9.99951e-01
db_end              =  9.99951e-01
dc_end              =  9.99951e-01
i_stat              =  -4.21166e-05 from=  2.50000e-08 to=  2.90025e-08
q_dec               =  -3.41129e-13 from=  3.99000e-08 to=  4.80000e-08
m_td_od50_ns = 9.4203170000e-02
m_td_od1_ns = 2.5758200000e-01
m_td_od01_ns = 3.5456820000e-01
m_tau_ps = 4.2120571481e+01
m_resolve_decades = 6.1153491262e+00
m_dout_od50_end = 9.9995130000e-01
m_dout_od1_end = 9.9995130000e-01
m_dout_od01_end = 9.9995130000e-01
m_dout_od50_first = 3.6835670000e-10
m_dout_od1_first = 3.8406990000e-10
m_dout_od01_first = 3.8438170000e-10
m_i_static_ua = 4.2116640000e+01
m_e_dec_fj = 1.6614720000e-02
Note: Simulation executed from .control section 

Warning: m=xx on .subckt line will override multiplier m hierarchy!

