
Note: Compatibility modes selected: hs a


Circuit: * comparator-regeneration @ fs_27c_1.08v -- generated by sim/harness, do not edit

Doing analysis at TEMP = 27.000000 and TNOM = 27.000000

Using SPARSE 1.3 as Direct Linear Solver

Initial Transient Solution
--------------------------

Node                                   Voltage
----                                   -------
vdd                                       1.08
vdda                                      1.08
clk                                          0
cm                                         0.6
sa                                       -0.05
apa                                      0.575
ana                                      0.625
ibna                                  0.286672
xa.xa.atail                           0.367078
xa.aon                                0.970497
xa.aop                                 0.76145
xa.xl.ken                           4.1614e-10
xa.xl.qp                                  0.54
xa.xl.qn                                  0.54
xa.xl.h                            1.26442e-10
douta                              1.26442e-10
doutba                                    1.08
sb                                      -0.001
apb                                     0.5995
anb                                     0.6005
ibnb                                  0.286672
xb.xa.atail                           0.363734
xb.aon                                0.868758
xb.aop                                0.864331
xb.xl.ken                           4.1614e-10
xb.xl.qp                                  0.54
xb.xl.qn                                  0.54
xb.xl.h                            1.26442e-10
doutb                              1.26442e-10
doutbb                                    1.08
sc                                     -0.0001
apc                                    0.59995
anc                                    0.60005
ibnc                                  0.286672
xc.xa.atail                           0.363733
xc.aon                                0.866766
xc.aop                                0.866324
xc.xl.ken                           4.1614e-10
xc.xl.qp                                  0.54
xc.xl.qn                                  0.54
xc.xl.h                            1.26442e-10
doutc                              1.26442e-10
doutbc                                    1.08
clkn                                         0
dan                                1.17076e-10
dbn                                1.17076e-10
dcn                                1.17076e-10
bdcn#branch                                  0
bdbn#branch                                  0
bdan#branch                                  0
bclkn#branch                                 0
b.xc.xl.bdob#branch                          0
b.xc.xl.bdo#branch                           0
b.xc.xl.ben#branch                           0
b.xb.xl.bdob#branch                          0
b.xb.xl.bdo#branch                           0
b.xb.xl.ben#branch                           0
b.xa.xl.bdob#branch                          0
b.xa.xl.bdo#branch                           0
b.xa.xl.ben#branch                           0
eanc#branch                        -6.6451e-13
eapc#branch                       -6.59564e-13
eanb#branch                       -6.86339e-13
eapb#branch                       -6.37791e-13
eana#branch                       -1.72105e-12
eapa#branch                        6.31722e-13
vsc#branch                                   0
vsb#branch                                   0
vsa#branch                                   0
vcm#branch                        -3.73753e-12
vclk#branch                                  0
vsupa#branch                      -4.14027e-05
vsup#branch                        -8.2691e-05

 Reference value :  0.00000e+00
 Reference value :  2.78140e-09
 Reference value :  5.73640e-09
 Reference value :  8.60640e-09
 Reference value :  1.08151e-08
 Reference value :  1.35401e-08
 Reference value :  1.63451e-08
 Reference value :  1.92651e-08
 Reference value :  2.15825e-08
 Reference value :  2.45475e-08
 Reference value :  2.75725e-08
 Reference value :  3.07725e-08
 Reference value :  3.37275e-08
 Reference value :  3.66775e-08
 Reference value :  3.95875e-08
 Reference value :  4.17390e-08
 Reference value :  4.45690e-08
 Reference value :  4.74840e-08
 Reference value :  5.02475e-08
 Reference value :  5.28175e-08
 Reference value :  5.57575e-08
 Reference value :  5.86725e-08
No. of Data Rows : 12094
vsup_v              =  1.08000e+00
td_a                =  9.50872e-11 targ=  4.01451e-08 trig=  4.00500e-08
td_b                =  2.58453e-10 targ=  4.03085e-08 trig=  4.00500e-08
td_c                =  3.55450e-10 targ=  4.04055e-08 trig=  4.00500e-08
da_first            =  3.68673e-10
db_first            =  3.84076e-10
dc_first            =  3.84382e-10
da_end              =  9.99951e-01
db_end              =  9.99951e-01
dc_end              =  9.99951e-01
i_stat              =  -4.14026e-05 from=  2.50000e-08 to=  2.90025e-08
q_dec               =  -3.35346e-13 from=  3.99000e-08 to=  4.80000e-08
m_td_od50_ns = 9.5087240000e-02
m_td_od1_ns = 2.5845280000e-01
m_td_od01_ns = 3.5545020000e-01
m_tau_ps = 4.2125435579e+01
m_resolve_decades = 6.1353146014e+00
m_dout_od50_end = 9.9995130000e-01
m_dout_od1_end = 9.9995130000e-01
m_dout_od01_end = 9.9995130000e-01
m_dout_od50_first = 3.6867280000e-10
m_dout_od1_first = 3.8407610000e-10
m_dout_od01_first = 3.8438230000e-10
m_i_static_ua = 4.1402600000e+01
m_e_dec_fj = 1.6588800000e-02
Note: Simulation executed from .control section 

Warning: m=xx on .subckt line will override multiplier m hierarchy!

Note: Starting dynamic gmin stepping
Note: Dynamic gmin stepping completed
