
Note: No compatibility mode selected!


Circuit: * klt sim -- generated corner deck, do not edit

Doing analysis at TEMP = 27.000000 and TNOM = 27.000000

Using SPARSE 1.3 as Direct Linear Solver

Initial Transient Solution
--------------------------

Node                                   Voltage
----                                   -------
vdd                                       1.32
cm                                         0.6
vd                                      -0.048
ap                                       0.576
an                                       0.624
clku                                         0
clk                                          0
ibn                                   0.330835
xa.x1.tmid                         3.93662e-07
xa.x1.tail                            0.588897
xa.x1.np                                  1.32
xa.x1.nn                                  1.32
xa.x1.ln                                  1.32
xa.x1.lp                                  1.32
xa.x1.lnb                           2.2266e-07
xa.x1.lpb                          2.22748e-07
xa.x1.na                                1.2965
doutb                                 0.702632
dout                                  0.709096
xa.x1.nb                                1.2947
doutn                                 0.537194
tcheck                                      27
pa_00                                  330.835
bpa_00#branch                                0
btchk#branch                                 0
bdoutn#branch                                0
bclk#branch                        7.65415e-10
ean#branch                         8.26644e-13
eap#branch                         1.04039e-12
vclku#branch                                 0
vd#branch                                    0
vcm#branch                         1.86703e-12
vsup#branch                       -0.000141612


No. of Data Rows : 12303

  Measurements for Transient Analysis

dlev0               =  -1.58482e-06
dlev1               =  -3.96947e-06
dlev2               =  -3.80150e-06
dlev3               =  -3.96378e-06
dlev4               =  -2.95998e-06
dlev5               =  -9.08943e-07
dlev6               =  -2.66893e-06
dlev7               =  -3.57355e-06
dlev8               =  -4.92571e-07
dlev9               =  -4.40686e-06
dlev10              =  -4.58793e-06
dlev11              =  -3.44611e-06
dlev12              =  -3.49525e-06
dlev13              =  -4.85430e-06
dlev14              =  -3.97610e-06
dlev15              =  9.99999e-01
dlev16              =  9.99998e-01
dlev17              =  9.99998e-01
dlev18              =  9.99998e-01
dlev19              =  9.99998e-01
dlev20              =  1.00000e+00
dlev21              =  9.99998e-01
dlev22              =  1.00000e+00
dlev23              =  1.00000e+00
dlev24              =  9.99999e-01
dlev25              =  9.99998e-01
dlev26              =  9.99997e-01
dlev27              =  9.99997e-01
dlev28              =  9.99998e-01
dlev29              =  9.99998e-01
dlev30              =  9.99998e-01
dlev31              =  9.99998e-01
dlev32              =  9.99997e-01
vdd_meas            =  1.32000e+00
temp_meas           =  2.70000e+01
vbias_mv            =  3.30835e+02
lowcount            =  1.50001e+01
vos_mv              =  -4.49975e+00

ngspice-46 done
