
Note: No compatibility mode selected!


Circuit: * klt sim -- generated corner deck, do not edit

Doing analysis at TEMP = 27.000000 and TNOM = 27.000000

Using SPARSE 1.3 as Direct Linear Solver

Initial Transient Solution
--------------------------

Node                                   Voltage
----                                   -------
vdd                                       1.08
cm                                        0.55
vd                                      -0.048
ap                                       0.526
an                                       0.574
clku                                         0
clk                                          0
ibn                                   0.308098
xa.x1.tmid                         1.26115e-06
xa.x1.tail                            0.530343
xa.x1.np                                  1.08
xa.x1.nn                                  1.08
xa.x1.ln                                  1.08
xa.x1.lp                                  1.08
xa.x1.lnb                          9.23043e-08
xa.x1.lpb                          7.69188e-08
xa.x1.na                                  1.08
doutb                              9.71495e-08
dout                                      1.08
xa.x1.nb                                  1.08
doutn                                        1
tcheck                                      27
pa_00                                  308.098
bpa_00#branch                                0
btchk#branch                                 0
bdoutn#branch                                0
bclk#branch                        2.16422e-10
ean#branch                           6.459e-13
eap#branch                         8.40383e-13
vclku#branch                                 0
vd#branch                                    0
vcm#branch                         1.48628e-12
vsup#branch                       -2.00037e-05


No. of Data Rows : 12184

  Measurements for Transient Analysis

dlev0               =  3.41160e-06
dlev1               =  9.54139e-07
dlev2               =  -1.46668e-06
dlev3               =  5.95762e-07
dlev4               =  -1.95310e-06
dlev5               =  1.22754e-06
dlev6               =  -1.06012e-06
dlev7               =  1.56453e-06
dlev8               =  -6.97729e-07
dlev9               =  -2.52942e-06
dlev10              =  2.46606e-06
dlev11              =  2.06777e-06
dlev12              =  -6.77435e-07
dlev13              =  1.67673e-07
dlev14              =  -1.92461e-06
dlev15              =  3.18901e-07
dlev16              =  1.00000e+00
dlev17              =  9.99999e-01
dlev18              =  9.99999e-01
dlev19              =  1.00000e+00
dlev20              =  1.00000e+00
dlev21              =  9.99999e-01
dlev22              =  1.00000e+00
dlev23              =  1.00000e+00
dlev24              =  9.99999e-01
dlev25              =  9.99999e-01
dlev26              =  9.99999e-01
dlev27              =  1.00000e+00
dlev28              =  9.99999e-01
dlev29              =  1.00000e+00
dlev30              =  1.00000e+00
dlev31              =  1.00000e+00
dlev32              =  9.99999e-01
vdd_meas            =  1.08000e+00
temp_meas           =  2.70000e+01
vbias_mv            =  3.08098e+02
lowcount            =  1.60000e+01
vos_mv              =  -1.50000e+00
vcm_meas            =  5.50000e-01

ngspice-46 done
