
Note: No compatibility mode selected!


Circuit: * klt sim -- generated corner deck, do not edit

Doing analysis at TEMP = 27.000000 and TNOM = 27.000000

Using SPARSE 1.3 as Direct Linear Solver

Initial Transient Solution
--------------------------

Node                                   Voltage
----                                   -------
vdd                                       1.32
cm                                         0.6
vd                                      -0.048
ap                                       0.576
an                                       0.624
clku                                         0
clk                                          0
ibn                                   0.308652
xa.x1.tmid                         1.18363e-06
xa.x1.tail                            0.559808
xa.x1.np                                  1.32
xa.x1.nn                                  1.32
xa.x1.ln                                  1.32
xa.x1.lp                                  1.32
xa.x1.lnb                          1.08946e-07
xa.x1.lpb                            9.696e-08
xa.x1.na                                  1.32
doutb                                     1.32
dout                                1.2611e-07
xa.x1.nb                                  1.32
doutn                              9.55376e-08
tcheck                                      27
pa_00                                  308.652
bpa_00#branch                                0
btchk#branch                                 0
bdoutn#branch                                0
bclk#branch                        4.28034e-10
ean#branch                         1.12638e-12
eap#branch                         1.41294e-12
vclku#branch                                 0
vd#branch                                    0
vcm#branch                         2.53932e-12
vsup#branch                       -2.00041e-05


No. of Data Rows : 12241

  Measurements for Transient Analysis

dlev0               =  1.43541e-07
dlev1               =  -1.29768e-06
dlev2               =  -1.21042e-06
dlev3               =  -9.34280e-07
dlev4               =  1.43702e-07
dlev5               =  6.78386e-08
dlev6               =  1.20180e-07
dlev7               =  5.34388e-08
dlev8               =  -2.08365e-07
dlev9               =  -1.42270e-06
dlev10              =  -1.55961e-06
dlev11              =  -1.61300e-06
dlev12              =  -1.56251e-06
dlev13              =  -1.64294e-06
dlev14              =  1.00000e+00
dlev15              =  9.99999e-01
dlev16              =  9.99999e-01
dlev17              =  9.99999e-01
dlev18              =  1.00000e+00
dlev19              =  1.00000e+00
dlev20              =  1.00000e+00
dlev21              =  9.99999e-01
dlev22              =  1.00000e+00
dlev23              =  1.00000e+00
dlev24              =  1.00000e+00
dlev25              =  9.99999e-01
dlev26              =  9.99999e-01
dlev27              =  9.99999e-01
dlev28              =  9.99999e-01
dlev29              =  9.99999e-01
dlev30              =  9.99999e-01
dlev31              =  1.00000e+00
dlev32              =  1.00000e+00
vdd_meas            =  1.32000e+00
temp_meas           =  2.70000e+01
vbias_mv            =  3.08652e+02
lowcount            =  1.40000e+01
vos_mv              =  -7.49993e+00

ngspice-46 done
