
Note: No compatibility mode selected!


Circuit: * klt sim -- generated corner deck, do not edit

Doing analysis at TEMP = 125.000000 and TNOM = 27.000000

Using SPARSE 1.3 as Direct Linear Solver

Initial Transient Solution
--------------------------

Node                                   Voltage
----                                   -------
vdd                                       1.32
cm                                         0.6
vd                                      -0.048
ap                                       0.576
an                                       0.624
clku                                         0
clk                                          0
ibn                                   0.227613
xa.x1.tmid                         0.000159818
xa.x1.tail                            0.528647
xa.x1.np                               1.31995
xa.x1.nn                               1.31985
xa.x1.ln                                  1.32
xa.x1.lp                                  1.32
xa.x1.lnb                          1.51069e-06
xa.x1.lpb                          1.69514e-06
xa.x1.na                                  1.32
doutb                              2.25434e-06
dout                                   1.31999
xa.x1.nb                               1.31999
doutn                                 0.999991
tcheck                                     125
pa_00                                  227.613
bpa_00#branch                                0
btchk#branch                                 0
bdoutn#branch                                0
bclk#branch                        3.81018e-10
ean#branch                          5.1238e-12
eap#branch                         6.39773e-12
vclku#branch                                 0
vd#branch                                    0
vcm#branch                         1.15215e-11
vsup#branch                       -2.02979e-05


No. of Data Rows : 12235

  Measurements for Transient Analysis

dlev0               =  -1.33867e-06
dlev1               =  8.16491e-06
dlev2               =  7.06732e-06
dlev3               =  7.71153e-06
dlev4               =  7.02831e-06
dlev5               =  7.08184e-06
dlev6               =  7.93487e-06
dlev7               =  7.66404e-06
dlev8               =  7.83222e-06
dlev9               =  9.48835e-06
dlev10              =  9.95408e-06
dlev11              =  1.06438e-05
dlev12              =  1.62102e-06
dlev13              =  2.70304e-06
dlev14              =  9.38923e-06
dlev15              =  7.33134e-06
dlev16              =  9.99990e-01
dlev17              =  9.99993e-01
dlev18              =  9.99992e-01
dlev19              =  9.99992e-01
dlev20              =  9.99991e-01
dlev21              =  9.99991e-01
dlev22              =  9.99994e-01
dlev23              =  9.99991e-01
dlev24              =  9.99994e-01
dlev25              =  9.99993e-01
dlev26              =  9.99993e-01
dlev27              =  9.99993e-01
dlev28              =  9.99993e-01
dlev29              =  9.99992e-01
dlev30              =  9.99991e-01
dlev31              =  9.99991e-01
dlev32              =  9.99992e-01
vdd_meas            =  1.32000e+00
temp_meas           =  1.25000e+02
vbias_mv            =  2.27613e+02
lowcount            =  1.60000e+01
vos_mv              =  -1.49993e+00

ngspice-46 done
