
Note: No compatibility mode selected!


Circuit: * klt sim -- generated corner deck, do not edit

Doing analysis at TEMP = 125.000000 and TNOM = 27.000000

Using SPARSE 1.3 as Direct Linear Solver

Initial Transient Solution
--------------------------

Node                                   Voltage
----                                   -------
vdd                                        1.2
cm                                        0.55
vd                                      -0.048
ap                                       0.526
an                                       0.574
clku                                         0
clk                                          0
ibn                                   0.249557
xa.x1.tmid                         7.77844e-05
xa.x1.tail                             0.54011
xa.x1.np                               1.19998
xa.x1.nn                               1.19993
xa.x1.ln                                   1.2
xa.x1.lp                                   1.2
xa.x1.lnb                          4.25338e-06
xa.x1.lpb                           4.2776e-06
xa.x1.na                               1.17115
doutb                                 0.619992
dout                                  0.619451
xa.x1.nb                               1.16929
doutn                                 0.516209
tcheck                                     125
pa_00                                  249.557
bpa_00#branch                                0
btchk#branch                                 0
bdoutn#branch                                0
bclk#branch                        4.82007e-10
ean#branch                         2.69287e-12
eap#branch                         3.41085e-12
vclku#branch                                 0
vd#branch                                    0
vcm#branch                         6.10373e-12
vsup#branch                        -0.00012761


No. of Data Rows : 12202

  Measurements for Transient Analysis

dlev0               =  6.45692e-06
dlev1               =  6.64926e-06
dlev2               =  6.23390e-06
dlev3               =  6.24674e-06
dlev4               =  7.02809e-06
dlev5               =  7.33947e-06
dlev6               =  7.35789e-06
dlev7               =  7.21106e-06
dlev8               =  6.47294e-06
dlev9               =  6.16219e-06
dlev10              =  5.75116e-06
dlev11              =  7.36547e-06
dlev12              =  7.25322e-06
dlev13              =  6.04052e-06
dlev14              =  7.75874e-06
dlev15              =  7.65119e-06
dlev16              =  7.74812e-06
dlev17              =  9.99995e-01
dlev18              =  9.99996e-01
dlev19              =  9.99996e-01
dlev20              =  9.99996e-01
dlev21              =  9.99996e-01
dlev22              =  9.99995e-01
dlev23              =  9.99996e-01
dlev24              =  9.99996e-01
dlev25              =  9.99996e-01
dlev26              =  9.99996e-01
dlev27              =  9.99996e-01
dlev28              =  9.99996e-01
dlev29              =  9.99996e-01
dlev30              =  9.99996e-01
dlev31              =  9.99996e-01
dlev32              =  9.99995e-01
vdd_meas            =  1.20000e+00
temp_meas           =  1.25000e+02
vbias_mv            =  2.49557e+02
lowcount            =  1.70000e+01
vos_mv              =  1.49986e+00
vcm_meas            =  5.50000e-01

ngspice-46 done
