
Note: No compatibility mode selected!


Circuit: * klt sim -- generated corner deck, do not edit

Doing analysis at TEMP = 27.000000 and TNOM = 27.000000

Using SPARSE 1.3 as Direct Linear Solver

Initial Transient Solution
--------------------------

Node                                   Voltage
----                                   -------
vdd                                       1.32
cm                                         0.6
clku                                         0
clk                                          0
sa                                       0.001
asp                                     0.6005
asn                                     0.5995
apa                                     0.6005
ana                                     0.5995
apa_pin                                 0.6005
ana_pin                                 0.5995
ibna                                  0.308665
xa.x1.tmid                         4.82843e-07
xa.x1.tail                            0.602359
xa.x1.np                                  1.32
xa.x1.nn                                  1.32
xa.x1.ln                                  1.32
xa.x1.lp                                  1.32
xa.x1.lnb                          1.06585e-07
xa.x1.lpb                          1.06585e-07
xa.x1.na                               1.29234
doutba                                0.673835
douta                                 0.673835
xa.x1.nb                               1.29234
qp                                 -0.00189361
qn                                 -0.00190247
sb                                       0.001
bsp                                     0.6005
bsn                                     0.5995
bpp                                   0.602377
bpn                                   0.601386
ibnb                                  0.308665
xb.x1.tmid                         4.83696e-07
xb.x1.tail                            0.603977
xb.x1.np                                  1.32
xb.x1.nn                                  1.32
xb.x1.ln                                  1.32
xb.x1.lp                                  1.32
xb.x1.lnb                          1.06585e-07
xb.x1.lpb                          1.06585e-07
xb.x1.na                               1.29234
doutbb                                0.673835
doutb                                 0.673835
xb.x1.nb                               1.29234
sc                                         0.1
csp                                       0.65
csn                                       0.55
cpp                                   0.651487
cpn                                    0.55237
ibnc                                  0.308665
xc.x1.tmid                         4.96863e-07
xc.x1.tail                            0.629012
xc.x1.np                                  1.32
xc.x1.nn                                  1.32
xc.x1.ln                                  1.32
xc.x1.lp                                  1.32
xc.x1.lnb                          1.06585e-07
xc.x1.lpb                          1.06585e-07
xc.x1.na                               1.29234
doutbc                                0.673835
doutc                                 0.673835
xc.x1.nb                               1.29234
ad                                 1.89361e-09
bd                                 0.000991294
cd                                   0.0991174
bc                                  0.00188157
dan                                   0.510481
dbn                                   0.510481
dcn                                   0.510481
tcheck                                      27
btchk#branch                                 0
bdcn#branch                                  0
bdbn#branch                                  0
bdan#branch                                  0
bbc#branch                                   0
bcd#branch                                   0
bbd#branch                                   0
bad#branch                                   0
vkn#branch                        -1.90247e-12
vkp#branch                        -1.89361e-12
bclk#branch                        1.28862e-09
ecsn#branch                        2.36989e-12
ecsp#branch                        1.48732e-12
ebsn#branch                        1.88592e-12
ebsp#branch                        1.87722e-12
easn#branch                        1.90247e-12
easp#branch                        1.89361e-12
vsc#branch                                   0
vsb#branch                                   0
vsa#branch                                   0
vclku#branch                                 0
vcm#branch                         1.14164e-11
vsup#branch                       -0.000421843


No. of Data Rows : 12077

  Measurements for Transient Analysis

vdd_meas            =  1.32000e+00
temp_meas           =  2.70000e+01
ad_pos              =  1.23855e-01 at=  4.02328e-08
ad_neg              =  -3.06746e-02 at=  3.03098e-08
kick_1k_peak_mv     =  1.23855e+02
kick_1k_pos_mv      =  1.23855e+02
kick_1k_neg_mv      =  -3.06746e+01
qp29                =  -1.89361e-03
qpmax               =  2.39559e-02 at=  4.01496e-08
qpmin               =  -2.96005e-03 at=  3.00441e-08
qkick_p_fc          =  2.58495e+01
qn29                =  -1.90247e-03
qnmax               =  2.40799e-02 at=  4.01546e-08
qnmin               =  -2.96881e-03 at=  3.00441e-08
qkick_n_fc          =  2.59823e+01
qkick_fc            =  2.59823e+01
bd0                 =  9.91294e-04
bd1                 =  9.91073e-04
cd0                 =  9.91174e-02
cd1                 =  9.91078e-02
kick_sigdep_uv      =  9.36189e+00
bc0                 =  1.88157e-03
bc1                 =  1.01140e-03
kick_cm_uv          =  -8.70165e+02
dout_1k_end         =  1.00000e+00
dout_float_small_end=  1.00000e+00
dout_float_big_end  =  1.00000e+00

ngspice-46 done
