
Note: No compatibility mode selected!


Circuit: * klt sim -- generated corner deck, do not edit

Doing analysis at TEMP = 125.000000 and TNOM = 27.000000

Using SPARSE 1.3 as Direct Linear Solver

Initial Transient Solution
--------------------------

Node                                   Voltage
----                                   -------
vdd                                       1.08
cm                                         0.6
vd                                      -0.048
ap                                       0.576
an                                       0.624
clku                                         0
clk                                          0
ibn                                   0.231239
xa.x1.tmid                         0.000155632
xa.x1.tail                            0.575826
xa.x1.np                               1.07995
xa.x1.nn                                1.0798
xa.x1.ln                                  1.08
xa.x1.lp                                  1.08
xa.x1.lnb                          1.60212e-06
xa.x1.lpb                           1.6057e-06
xa.x1.na                               1.07999
doutb                                  1.07998
dout                               2.42508e-06
xa.x1.nb                                  1.08
doutn                              2.24544e-06
tcheck                                     125
pa_00                                  231.239
bpa_00#branch                                0
btchk#branch                                 0
bdoutn#branch                                0
bclk#branch                        1.94683e-10
ean#branch                         2.28995e-12
eap#branch                         3.02575e-12
vclku#branch                                 0
vd#branch                                    0
vcm#branch                         5.31569e-12
vsup#branch                       -2.02971e-05


No. of Data Rows : 12053

  Measurements for Transient Analysis

dlev0               =  2.36381e-06
dlev1               =  3.60810e-06
dlev2               =  3.58171e-06
dlev3               =  3.54443e-06
dlev4               =  3.49965e-06
dlev5               =  3.46233e-06
dlev6               =  3.42153e-06
dlev7               =  3.35273e-06
dlev8               =  3.28934e-06
dlev9               =  4.85771e-06
dlev10              =  4.99052e-06
dlev11              =  3.62189e-06
dlev12              =  3.17022e-06
dlev13              =  3.10292e-06
dlev14              =  3.02355e-06
dlev15              =  4.50639e-06
dlev16              =  2.79769e-06
dlev17              =  9.99986e-01
dlev18              =  9.99987e-01
dlev19              =  9.99987e-01
dlev20              =  9.99987e-01
dlev21              =  9.99987e-01
dlev22              =  9.99987e-01
dlev23              =  9.99988e-01
dlev24              =  9.99987e-01
dlev25              =  9.99987e-01
dlev26              =  9.99987e-01
dlev27              =  9.99987e-01
dlev28              =  9.99987e-01
dlev29              =  9.99987e-01
dlev30              =  9.99987e-01
dlev31              =  9.99987e-01
dlev32              =  9.99987e-01
vdd_meas            =  1.08000e+00
temp_meas           =  1.25000e+02
vbias_mv            =  2.31239e+02
lowcount            =  1.70001e+01
vos_mv              =  1.50044e+00

ngspice-46 done
