
Note: No compatibility mode selected!


Circuit: * klt sim -- generated corner deck, do not edit

Doing analysis at TEMP = 27.000000 and TNOM = 27.000000

Using SPARSE 1.3 as Direct Linear Solver

Initial Transient Solution
--------------------------

Node                                   Voltage
----                                   -------
vdd                                       1.08
cm                                        0.55
vd                                      -0.048
ap                                       0.526
an                                       0.574
clku                                         0
clk                                          0
ibn                                   0.265756
xa.x1.tmid                         6.97817e-06
xa.x1.tail                            0.528486
xa.x1.np                                  1.08
xa.x1.nn                               1.07999
xa.x1.ln                                  1.08
xa.x1.lp                                  1.08
xa.x1.lnb                           6.4945e-07
xa.x1.lpb                          6.89506e-07
xa.x1.na                               1.06435
doutb                                 0.550881
dout                                   0.56657
xa.x1.nb                               1.06213
doutn                                 0.524602
tcheck                                      27
pa_00                                  265.756
bpa_00#branch                                0
btchk#branch                                 0
bdoutn#branch                                0
bclk#branch                        7.02115e-10
ean#branch                         2.83484e-12
eap#branch                         3.65108e-12
vclku#branch                                 0
vd#branch                                    0
vcm#branch                         6.48592e-12
vsup#branch                       -9.32897e-05


No. of Data Rows : 12196

  Measurements for Transient Analysis

dlev0               =  3.36698e-06
dlev1               =  1.70650e-06
dlev2               =  4.37973e-06
dlev3               =  -2.15695e-07
dlev4               =  4.27287e-06
dlev5               =  3.97830e-06
dlev6               =  6.77825e-07
dlev7               =  2.62004e-06
dlev8               =  5.59245e-07
dlev9               =  3.16038e-06
dlev10              =  2.31815e-06
dlev11              =  -2.71055e-08
dlev12              =  -3.70782e-07
dlev13              =  2.27623e-06
dlev14              =  -3.21320e-07
dlev15              =  1.77980e-06
dlev16              =  -5.54802e-07
dlev17              =  1.46427e-06
dlev18              =  1.00000e+00
dlev19              =  1.00000e+00
dlev20              =  9.99999e-01
dlev21              =  1.00000e+00
dlev22              =  9.99999e-01
dlev23              =  1.00000e+00
dlev24              =  1.00000e+00
dlev25              =  9.99999e-01
dlev26              =  9.99999e-01
dlev27              =  1.00000e+00
dlev28              =  1.00000e+00
dlev29              =  1.00000e+00
dlev30              =  1.00000e+00
dlev31              =  1.00000e+00
dlev32              =  1.00000e+00
vdd_meas            =  1.08000e+00
temp_meas           =  2.70000e+01
vbias_mv            =  2.65756e+02
lowcount            =  1.80000e+01
vos_mv              =  4.49990e+00
vcm_meas            =  5.50000e-01

ngspice-46 done
