
Note: No compatibility mode selected!


Circuit: * klt sim -- generated corner deck, do not edit

Doing analysis at TEMP = 125.000000 and TNOM = 27.000000

Using SPARSE 1.3 as Direct Linear Solver

Initial Transient Solution
--------------------------

Node                                   Voltage
----                                   -------
vdd                                        1.2
cm                                        0.65
vd                                      -0.048
ap                                       0.626
an                                       0.674
clku                                         0
clk                                          0
ibn                                   0.227734
xa.x1.tmid                         0.000202835
xa.x1.tail                            0.614932
xa.x1.np                               1.19993
xa.x1.nn                               1.19979
xa.x1.ln                                   1.2
xa.x1.lp                                   1.2
xa.x1.lnb                          1.84613e-06
xa.x1.lpb                           1.6569e-06
xa.x1.na                               1.19999
doutb                                  1.19999
dout                                1.9939e-06
xa.x1.nb                                   1.2
doutn                              1.66158e-06
tcheck                                     125
pa_00                                  227.734
bpa_00#branch                                0
btchk#branch                                 0
bdoutn#branch                                0
bclk#branch                        2.80825e-10
ean#branch                         3.34482e-12
eap#branch                         4.32851e-12
vclku#branch                                 0
vd#branch                                    0
vcm#branch                         7.67333e-12
vsup#branch                       -2.03672e-05


No. of Data Rows : 12179

  Measurements for Transient Analysis

dlev0               =  2.26682e-06
dlev1               =  1.44947e-06
dlev2               =  1.74864e-06
dlev3               =  1.65953e-06
dlev4               =  1.99768e-06
dlev5               =  1.64744e-06
dlev6               =  1.70886e-06
dlev7               =  1.72360e-06
dlev8               =  1.71982e-06
dlev9               =  1.57052e-06
dlev10              =  1.65142e-06
dlev11              =  2.03714e-06
dlev12              =  1.49708e-06
dlev13              =  1.75478e-06
dlev14              =  1.79415e-06
dlev15              =  9.99989e-01
dlev16              =  9.99989e-01
dlev17              =  9.99989e-01
dlev18              =  9.99989e-01
dlev19              =  9.99989e-01
dlev20              =  9.99989e-01
dlev21              =  9.99989e-01
dlev22              =  9.99989e-01
dlev23              =  9.99989e-01
dlev24              =  9.99989e-01
dlev25              =  9.99989e-01
dlev26              =  9.99989e-01
dlev27              =  9.99989e-01
dlev28              =  9.99989e-01
dlev29              =  9.99989e-01
dlev30              =  9.99989e-01
dlev31              =  9.99989e-01
dlev32              =  9.99989e-01
vdd_meas            =  1.20000e+00
temp_meas           =  1.25000e+02
vbias_mv            =  2.27734e+02
lowcount            =  1.50002e+01
vos_mv              =  -4.49949e+00
vcm_meas            =  6.50000e-01

ngspice-46 done
