
Note: No compatibility mode selected!


Circuit: * comparator-regeneration @ ss_-40c_1.20v -- generated by sim/harness, do not edit

Doing analysis at TEMP = -40.000000 and TNOM = 27.000000

Using SPARSE 1.3 as Direct Linear Solver

Initial Transient Solution
--------------------------

Node                                   Voltage
----                                   -------
vdd                                        1.2
vdda                                       1.2
clk                                          0
cm                                         0.6
sa                                       -0.05
apa                                      0.575
ana                                      0.625
ibna                                  0.390914
xa.x1.tmid                         1.46375e-09
xa.x1.tail                            0.593253
xa.x1.np                                   1.2
xa.x1.nn                                   1.2
xa.x1.ln                                   1.2
xa.x1.lp                                   1.2
xa.x1.lnb                          7.96226e-09
xa.x1.lpb                          7.96226e-09
xa.x1.na                               1.19397
doutba                                0.612051
douta                                 0.612051
xa.x1.nb                               1.19397
sb                                      -0.001
apb                                     0.5995
anb                                     0.6005
ibnb                                  0.390914
xb.x1.tmid                         1.45753e-09
xb.x1.tail                            0.583805
xb.x1.np                                   1.2
xb.x1.nn                                   1.2
xb.x1.ln                                   1.2
xb.x1.lp                                   1.2
xb.x1.lnb                          7.96226e-09
xb.x1.lpb                          7.96226e-09
xb.x1.na                               1.19397
doutbb                                0.612051
doutb                                 0.612051
xb.x1.nb                               1.19397
sc                                     -0.0001
apc                                    0.59995
anc                                    0.60005
ibnc                                  0.390914
xc.x1.tmid                         1.45752e-09
xc.x1.tail                              0.5838
xc.x1.np                                   1.2
xc.x1.nn                                   1.2
xc.x1.ln                                   1.2
xc.x1.lp                                   1.2
xc.x1.lnb                          7.96226e-09
xc.x1.lpb                          7.96226e-09
xc.x1.na                               1.19397
doutbc                                0.612051
doutc                                 0.612051
xc.x1.nb                               1.19397
clkn                                         0
dan                                   0.510043
dbn                                   0.510043
dcn                                   0.510043
bdcn#branch                                  0
bdbn#branch                                  0
bdan#branch                                  0
bclkn#branch                                 0
eanc#branch                        1.20126e-13
eapc#branch                        1.20237e-13
eanb#branch                        1.19876e-13
eapb#branch                        1.20515e-13
eana#branch                        1.04944e-13
eapa#branch                         1.3739e-13
vsc#branch                                   0
vsb#branch                                   0
vsa#branch                                   0
vcm#branch                         7.23088e-13
vclk#branch                        1.93141e-10
vsupa#branch                       -4.2568e-05
vsup#branch                       -8.51359e-05

 Reference value :  0.00000e+00
 Reference value :  1.60640e-09
 Reference value :  3.08140e-09
 Reference value :  4.82140e-09
 Reference value :  6.52140e-09
 Reference value :  8.21640e-09
 Reference value :  9.88640e-09
 Reference value :  1.10313e-08
 Reference value :  1.22113e-08
 Reference value :  1.39013e-08
 Reference value :  1.55863e-08
 Reference value :  1.72963e-08
 Reference value :  1.89763e-08
 Reference value :  2.03769e-08
 Reference value :  2.15275e-08
 Reference value :  2.27775e-08
 Reference value :  2.44875e-08
 Reference value :  2.61825e-08
 Reference value :  2.78725e-08
 Reference value :  2.95625e-08
 Reference value :  3.12375e-08
 Reference value :  3.29175e-08
 Reference value :  3.46025e-08
 Reference value :  3.63025e-08
 Reference value :  3.79625e-08
 Reference value :  3.96475e-08
 Reference value :  4.08668e-08
 Reference value :  4.20568e-08
 Reference value :  4.36868e-08
 Reference value :  4.53818e-08
 Reference value :  4.70668e-08
 Reference value :  4.88018e-08
 Reference value :  5.03119e-08
 Reference value :  5.14669e-08
 Reference value :  5.27719e-08
 Reference value :  5.44519e-08
 Reference value :  5.61519e-08
 Reference value :  5.78319e-08
 Reference value :  5.95069e-08
No. of Data Rows : 12042
vsup_v              =  1.20000e+00
td_a                =  8.02469e-10 targ=  4.08525e-08 trig=  4.00500e-08
td_b                =  1.12523e-09 targ=  4.11752e-08 trig=  4.00500e-08
td_c                =  1.32908e-09 targ=  4.13791e-08 trig=  4.00500e-08
da_first            =  7.95442e-09
db_first            =  8.21394e-08
dc_first            =  1.25425e-08
da_end              =  1.00000e+00
db_end              =  1.00000e+00
dc_end              =  1.00000e+00
i_stat              =  -2.02179e-05 from=  2.50000e-08 to=  2.90025e-08
q_dec               =  -1.97094e-13 from=  3.99000e-08 to=  4.80000e-08
m_td_od50_ns = 8.0246910000e-01
m_td_od1_ns = 1.1252270000e+00
m_td_od01_ns = 1.3290840000e+00
m_tau_ps = 8.8533970197e+01
m_resolve_decades = 1.2709550893e+01
m_dout_od50_end = 1.0000000000e+00
m_dout_od1_end = 1.0000000000e+00
m_dout_od01_end = 1.0000000000e+00
m_dout_od50_first = 7.9544240000e-09
m_dout_od1_first = 8.2139400000e-08
m_dout_od01_first = 1.2542530000e-08
m_i_static_ua = 2.0217920000e+01
m_e_dec_fj = 3.9994377600e+01
Note: Simulation executed from .control section 

Note: Starting dynamic gmin stepping
Note: Dynamic gmin stepping completed
