
Note: No compatibility mode selected!


Circuit: * comparator-regeneration @ tt_125c_1.32v -- generated by sim/harness, do not edit

Doing analysis at TEMP = 125.000000 and TNOM = 27.000000

Using SPARSE 1.3 as Direct Linear Solver

Initial Transient Solution
--------------------------

Node                                   Voltage
----                                   -------
vdd                                       1.32
vdda                                      1.32
clk                                          0
cm                                         0.6
sa                                       -0.05
apa                                      0.575
ana                                      0.625
ibna                                  0.249509
xa.x1.tmid                         8.68065e-05
xa.x1.tail                            0.585604
xa.x1.np                               1.31998
xa.x1.nn                               1.31993
xa.x1.ln                                  1.32
xa.x1.lp                                  1.32
xa.x1.lnb                          3.91574e-06
xa.x1.lpb                          3.91574e-06
xa.x1.na                               1.27986
doutba                                 0.67319
douta                                  0.67319
xa.x1.nb                               1.27986
sb                                      -0.001
apb                                     0.5995
anb                                     0.6005
ibnb                                  0.249509
xb.x1.tmid                         8.62838e-05
xb.x1.tail                             0.57951
xb.x1.np                               1.31995
xb.x1.nn                               1.31995
xb.x1.ln                                  1.32
xb.x1.lp                                  1.32
xb.x1.lnb                          3.91574e-06
xb.x1.lpb                          3.91574e-06
xb.x1.na                               1.27986
doutbb                                 0.67319
doutb                                  0.67319
xb.x1.nb                               1.27986
sc                                     -0.0001
apc                                    0.59995
anc                                    0.60005
ibnc                                  0.249509
xc.x1.tmid                         8.62836e-05
xc.x1.tail                            0.579508
xc.x1.np                               1.31995
xc.x1.nn                               1.31995
xc.x1.ln                                  1.32
xc.x1.lp                                  1.32
xc.x1.lnb                          3.91574e-06
xc.x1.lpb                          3.91574e-06
xc.x1.na                               1.27986
doutbc                                 0.67319
doutc                                  0.67319
xc.x1.nb                               1.27986
clkn                                         0
dan                                   0.509992
dbn                                   0.509992
dcn                                   0.509992
bdcn#branch                                  0
bdbn#branch                                  0
bdan#branch                                  0
bclkn#branch                                 0
eanc#branch                        4.21793e-12
eapc#branch                         4.2199e-12
eanb#branch                        4.20905e-12
eapb#branch                        4.22887e-12
eana#branch                        3.74939e-12
eapa#branch                        4.73882e-12
vsc#branch                                   0
vsb#branch                                   0
vsa#branch                                   0
vcm#branch                          2.5364e-11
vclk#branch                        2.02818e-09
vsupa#branch                      -0.000178635
vsup#branch                       -0.000357267

 Reference value :  1.64000e-11
 Reference value :  1.55140e-09
 Reference value :  3.28640e-09
 Reference value :  4.99640e-09
 Reference value :  6.77640e-09
 Reference value :  8.53140e-09
 Reference value :  1.01217e-08
 Reference value :  1.12817e-08
 Reference value :  1.24817e-08
 Reference value :  1.41017e-08
 Reference value :  1.57967e-08
 Reference value :  1.75267e-08
 Reference value :  1.92517e-08
 Reference value :  2.05804e-08
 Reference value :  2.17375e-08
 Reference value :  2.31925e-08
 Reference value :  2.48725e-08
 Reference value :  2.65875e-08
 Reference value :  2.82825e-08
 Reference value :  2.99875e-08
 Reference value :  3.16525e-08
 Reference value :  3.33375e-08
 Reference value :  3.50575e-08
 Reference value :  3.67525e-08
 Reference value :  3.84375e-08
 Reference value :  4.00664e-08
 Reference value :  4.11667e-08
 Reference value :  4.23217e-08
 Reference value :  4.38567e-08
 Reference value :  4.55317e-08
 Reference value :  4.72217e-08
 Reference value :  4.89067e-08
 Reference value :  5.03904e-08
 Reference value :  5.15404e-08
 Reference value :  5.28404e-08
 Reference value :  5.45204e-08
 Reference value :  5.62904e-08
 Reference value :  5.80654e-08
 Reference value :  5.97704e-08
No. of Data Rows : 12042
vsup_v              =  1.32000e+00
td_a                =  7.48261e-10 targ=  4.07983e-08 trig=  4.00500e-08
td_b                =  9.65942e-10 targ=  4.10159e-08 trig=  4.00500e-08
td_c                =  1.08917e-09 targ=  4.11392e-08 trig=  4.00500e-08
da_first            =  1.64028e-07
db_first            =  1.63462e-07
dc_first            =  1.62615e-07
da_end              =  9.99996e-01
db_end              =  9.99996e-01
dc_end              =  9.99996e-01
i_stat              =  -2.04533e-05 from=  2.50000e-08 to=  2.90025e-08
q_dec               =  -2.07176e-13 from=  3.99000e-08 to=  4.80000e-08
m_td_od50_ns = 7.4826120000e-01
m_td_od1_ns = 9.6594200000e-01
m_td_od01_ns = 1.0891670000e+00
m_tau_ps = 5.3515937533e+01
m_resolve_decades = 1.8049613714e+01
m_dout_od50_end = 9.9999550000e-01
m_dout_od1_end = 9.9999550000e-01
m_dout_od01_end = 9.9999550000e-01
m_dout_od50_first = 1.6402780000e-07
m_dout_od1_first = 1.6346180000e-07
m_dout_od01_first = 1.6261460000e-07
m_i_static_ua = 2.0453300000e+01
m_e_dec_fj = 5.4786032400e+01
Note: Simulation executed from .control section 

