
Note: No compatibility mode selected!


Circuit: * klt sim -- generated corner deck, do not edit

Doing analysis at TEMP = 125.000000 and TNOM = 27.000000

Using SPARSE 1.3 as Direct Linear Solver

Initial Transient Solution
--------------------------

Node                                   Voltage
----                                   -------
vdd                                        1.2
cm                                        0.65
vd                                      -0.048
ap                                       0.626
an                                       0.674
clku                                         0
clk                                          0
ibn                                   0.298127
xa.x1.tmid                         1.42403e-05
xa.x1.tail                            0.638567
xa.x1.np                               1.19999
xa.x1.nn                               1.19998
xa.x1.ln                                   1.2
xa.x1.lp                                   1.2
xa.x1.lnb                          6.92416e-07
xa.x1.lpb                          7.62913e-07
xa.x1.na                                   1.2
doutb                                      1.2
dout                               9.89666e-07
xa.x1.nb                                   1.2
doutn                              8.24722e-07
tcheck                                     125
pa_00                                  298.127
bpa_00#branch                                0
btchk#branch                                 0
bdoutn#branch                                0
bclk#branch                        1.47002e-10
ean#branch                         3.68622e-13
eap#branch                         4.82003e-13
vclku#branch                                 0
vd#branch                                    0
vcm#branch                         8.50625e-13
vsup#branch                       -2.00292e-05


No. of Data Rows : 12156

  Measurements for Transient Analysis

dlev0               =  1.84245e-06
dlev1               =  -1.42846e-07
dlev2               =  3.58270e-07
dlev3               =  1.09167e-06
dlev4               =  1.92724e-06
dlev5               =  2.79603e-06
dlev6               =  2.03927e-06
dlev7               =  2.58891e-06
dlev8               =  2.04243e-06
dlev9               =  2.85075e-06
dlev10              =  1.61450e-06
dlev11              =  2.53060e-06
dlev12              =  3.63055e-06
dlev13              =  2.99861e-06
dlev14              =  2.38536e-06
dlev15              =  3.06966e-06
dlev16              =  9.99999e-01
dlev17              =  9.99999e-01
dlev18              =  1.00000e+00
dlev19              =  1.00000e+00
dlev20              =  1.00000e+00
dlev21              =  1.00000e+00
dlev22              =  1.00000e+00
dlev23              =  1.00000e+00
dlev24              =  9.99999e-01
dlev25              =  1.00000e+00
dlev26              =  1.00000e+00
dlev27              =  1.00000e+00
dlev28              =  1.00000e+00
dlev29              =  1.00000e+00
dlev30              =  1.00000e+00
dlev31              =  1.00000e+00
dlev32              =  1.00000e+00
vdd_meas            =  1.20000e+00
temp_meas           =  1.25000e+02
vbias_mv            =  2.98127e+02
lowcount            =  1.60000e+01
vos_mv              =  -1.50011e+00
vcm_meas            =  6.50000e-01

ngspice-46 done
