
Note: No compatibility mode selected!


Circuit: * klt sim -- generated corner deck, do not edit

Doing analysis at TEMP = 125.000000 and TNOM = 27.000000

Using SPARSE 1.3 as Direct Linear Solver

Initial Transient Solution
--------------------------

Node                                   Voltage
----                                   -------
vdd                                       1.32
cm                                         0.6
vd                                      -0.048
ap                                       0.576
an                                       0.624
clku                                         0
clk                                          0
ibn                                   0.227427
xa.x1.tmid                         5.24527e-05
xa.x1.tail                            0.593816
xa.x1.np                               1.31999
xa.x1.nn                               1.31997
xa.x1.ln                                  1.32
xa.x1.lp                                  1.32
xa.x1.lnb                          7.42659e-06
xa.x1.lpb                          7.10724e-06
xa.x1.na                               1.28261
doutb                                   0.7054
dout                                  0.710664
xa.x1.nb                               1.28373
doutn                                 0.538382
tcheck                                     125
pa_00                                  227.427
bpa_00#branch                                0
btchk#branch                                 0
bdoutn#branch                                0
bclk#branch                        1.20922e-09
ean#branch                         1.84019e-12
eap#branch                         2.31443e-12
vclku#branch                                 0
vd#branch                                    0
vcm#branch                         4.15462e-12
vsup#branch                       -0.000176672


No. of Data Rows : 12092

  Measurements for Transient Analysis

dlev0               =  4.76310e-06
dlev1               =  1.01284e-05
dlev2               =  1.26212e-05
dlev3               =  4.37082e-06
dlev4               =  4.66910e-06
dlev5               =  4.50451e-06
dlev6               =  5.55666e-06
dlev7               =  3.67545e-06
dlev8               =  4.81759e-06
dlev9               =  3.87141e-06
dlev10              =  5.15313e-06
dlev11              =  1.10489e-05
dlev12              =  3.27404e-06
dlev13              =  3.15924e-06
dlev14              =  5.54411e-06
dlev15              =  5.59213e-06
dlev16              =  6.49474e-06
dlev17              =  6.49099e-06
dlev18              =  3.09620e-06
dlev19              =  9.99997e-01
dlev20              =  9.99996e-01
dlev21              =  9.99998e-01
dlev22              =  9.99996e-01
dlev23              =  9.99996e-01
dlev24              =  1.00000e+00
dlev25              =  9.99999e-01
dlev26              =  1.00000e+00
dlev27              =  9.99996e-01
dlev28              =  9.99996e-01
dlev29              =  9.99998e-01
dlev30              =  9.99997e-01
dlev31              =  9.99996e-01
dlev32              =  9.99996e-01
vdd_meas            =  1.32000e+00
temp_meas           =  1.25000e+02
vbias_mv            =  2.27427e+02
lowcount            =  1.89999e+01
vos_mv              =  7.49979e+00

ngspice-46 done
