
Note: No compatibility mode selected!


Circuit: * klt sim -- generated corner deck, do not edit

Doing analysis at TEMP = 27.000000 and TNOM = 27.000000

Using SPARSE 1.3 as Direct Linear Solver

Initial Transient Solution
--------------------------

Node                                   Voltage
----                                   -------
vdd                                       1.08
cm                                         0.6
vd                                      -0.048
ap                                       0.576
an                                       0.624
clku                                         0
clk                                          0
ibn                                    0.35254
xa.x1.tmid                         9.35377e-08
xa.x1.tail                            0.595347
xa.x1.np                                  1.08
xa.x1.nn                                  1.08
xa.x1.ln                                  1.08
xa.x1.lp                                  1.08
xa.x1.lnb                           1.4111e-08
xa.x1.lpb                          1.44156e-08
xa.x1.na                                  1.08
doutb                                     1.08
dout                                1.4527e-08
xa.x1.nb                                  1.08
doutn                              1.34509e-08
tcheck                                      27
pa_00                                   352.54
bpa_00#branch                                0
btchk#branch                                 0
bdoutn#branch                                0
bclk#branch                        6.50983e-11
ean#branch                         1.09662e-13
eap#branch                         1.46716e-13
vclku#branch                                 0
vd#branch                                    0
vcm#branch                         2.56378e-13
vsup#branch                       -2.00004e-05


No. of Data Rows : 12146

  Measurements for Transient Analysis

dlev0               =  -4.31539e-06
dlev1               =  -2.68150e-06
dlev2               =  -1.54135e-06
dlev3               =  -2.84811e-06
dlev4               =  -5.48754e-06
dlev5               =  -5.65841e-06
dlev6               =  -5.83358e-06
dlev7               =  -2.08830e-06
dlev8               =  -6.77729e-06
dlev9               =  -6.73253e-06
dlev10              =  -4.40975e-06
dlev11              =  -4.88206e-06
dlev12              =  -7.74249e-06
dlev13              =  -3.95195e-06
dlev14              =  -3.83277e-06
dlev15              =  9.34922e-07
dlev16              =  -1.16946e-05
dlev17              =  1.00000e+00
dlev18              =  9.99995e-01
dlev19              =  9.99996e-01
dlev20              =  9.99996e-01
dlev21              =  9.99996e-01
dlev22              =  9.99997e-01
dlev23              =  9.99997e-01
dlev24              =  9.99999e-01
dlev25              =  9.99997e-01
dlev26              =  9.99997e-01
dlev27              =  9.99997e-01
dlev28              =  1.00000e+00
dlev29              =  9.99998e-01
dlev30              =  9.99997e-01
dlev31              =  9.99998e-01
dlev32              =  9.99998e-01
vdd_meas            =  1.08000e+00
temp_meas           =  2.70000e+01
vbias_mv            =  3.52540e+02
lowcount            =  1.70001e+01
vos_mv              =  1.50035e+00

ngspice-46 done
