
Note: No compatibility mode selected!


Circuit: * klt sim -- generated corner deck, do not edit

Doing analysis at TEMP = 27.000000 and TNOM = 27.000000

Using SPARSE 1.3 as Direct Linear Solver

Initial Transient Solution
--------------------------

Node                                   Voltage
----                                   -------
vdd                                       1.08
cm                                        0.55
vd                                      -0.048
ap                                       0.526
an                                       0.574
clku                                         0
clk                                          0
ibn                                   0.354794
xa.x1.tmid                         1.01665e-07
xa.x1.tail                             0.55085
xa.x1.np                                  1.08
xa.x1.nn                                  1.08
xa.x1.ln                                  1.08
xa.x1.lp                                  1.08
xa.x1.lnb                          1.41085e-08
xa.x1.lpb                          1.40176e-08
xa.x1.na                                  1.08
doutb                              1.56076e-08
dout                                      1.08
xa.x1.nb                                  1.08
doutn                                        1
tcheck                                      27
pa_00                                  354.794
bpa_00#branch                                0
btchk#branch                                 0
bdoutn#branch                                0
bclk#branch                        6.55566e-11
ean#branch                         1.47493e-13
eap#branch                         1.94039e-13
vclku#branch                                 0
vd#branch                                    0
vcm#branch                         3.41532e-13
vsup#branch                       -2.00004e-05


No. of Data Rows : 12084

  Measurements for Transient Analysis

dlev0               =  -7.11643e-06
dlev1               =  -3.09560e-07
dlev2               =  -1.93907e-07
dlev3               =  -4.78807e-06
dlev4               =  -5.07017e-06
dlev5               =  -5.70311e-06
dlev6               =  -3.25335e-06
dlev7               =  -5.99771e-06
dlev8               =  8.22915e-06
dlev9               =  -6.80268e-06
dlev10              =  -5.49965e-06
dlev11              =  -4.25279e-06
dlev12              =  -7.18077e-06
dlev13              =  -7.45018e-06
dlev14              =  -5.05995e-06
dlev15              =  -4.27440e-06
dlev16              =  1.00000e+00
dlev17              =  9.99999e-01
dlev18              =  9.99997e-01
dlev19              =  9.99997e-01
dlev20              =  9.99997e-01
dlev21              =  1.00000e+00
dlev22              =  9.99998e-01
dlev23              =  9.99996e-01
dlev24              =  9.99999e-01
dlev25              =  9.99999e-01
dlev26              =  9.99999e-01
dlev27              =  9.99996e-01
dlev28              =  9.99999e-01
dlev29              =  9.99999e-01
dlev30              =  1.00000e+00
dlev31              =  1.00000e+00
dlev32              =  1.00000e+00
vdd_meas            =  1.08000e+00
temp_meas           =  2.70000e+01
vbias_mv            =  3.54794e+02
lowcount            =  1.60001e+01
vos_mv              =  -1.49973e+00
vcm_meas            =  5.50000e-01

ngspice-46 done
