
Note: No compatibility mode selected!


Circuit: * klt sim -- generated corner deck, do not edit

Doing analysis at TEMP = -40.000000 and TNOM = 27.000000

Using SPARSE 1.3 as Direct Linear Solver

Initial Transient Solution
--------------------------

Node                                   Voltage
----                                   -------
vdd                                       1.08
cm                                         0.6
vd                                      -0.048
ap                                       0.576
an                                       0.624
clku                                         0
clk                                          0
ibn                                   0.301949
xa.x1.tmid                         2.03072e-07
xa.x1.tail                            0.563809
xa.x1.np                                  1.08
xa.x1.nn                                  1.08
xa.x1.ln                                  1.08
xa.x1.lp                                  1.08
xa.x1.lnb                          7.54746e-08
xa.x1.lpb                          7.91381e-08
xa.x1.na                                  1.08
doutb                              8.33809e-08
dout                                      1.08
xa.x1.nb                                  1.08
doutn                                        1
tcheck                                     -40
pa_00                                  301.949
bpa_00#branch                                0
btchk#branch                                 0
bdoutn#branch                                0
bclk#branch                        4.57173e-10
ean#branch                         1.04097e-12
eap#branch                          1.3658e-12
vclku#branch                                 0
vd#branch                                    0
vcm#branch                         2.40677e-12
vsup#branch                       -2.00016e-05


No. of Data Rows : 12217

  Measurements for Transient Analysis

dlev0               =  7.01822e-06
dlev1               =  6.12386e-07
dlev2               =  4.90982e-06
dlev3               =  8.39655e-06
dlev4               =  9.68010e-06
dlev5               =  6.25194e-06
dlev6               =  7.89999e-06
dlev7               =  9.61412e-06
dlev8               =  2.61266e-06
dlev9               =  5.97804e-06
dlev10              =  8.36198e-07
dlev11              =  6.67433e-06
dlev12              =  8.46148e-06
dlev13              =  1.00242e-07
dlev14              =  6.19389e-06
dlev15              =  9.99999e-01
dlev16              =  1.00000e+00
dlev17              =  1.00000e+00
dlev18              =  9.99999e-01
dlev19              =  1.00000e+00
dlev20              =  1.00000e+00
dlev21              =  1.00000e+00
dlev22              =  1.00000e+00
dlev23              =  1.00000e+00
dlev24              =  1.00000e+00
dlev25              =  1.00001e+00
dlev26              =  1.00000e+00
dlev27              =  1.00000e+00
dlev28              =  1.00000e+00
dlev29              =  1.00000e+00
dlev30              =  1.00000e+00
dlev31              =  1.00000e+00
dlev32              =  1.00000e+00
vdd_meas            =  1.08000e+00
temp_meas           =  -4.00000e+01
vbias_mv            =  3.01949e+02
lowcount            =  1.49999e+01
vos_mv              =  -4.50040e+00

ngspice-46 done
