
Note: No compatibility mode selected!


Circuit: * klt sim -- generated corner deck, do not edit

Doing analysis at TEMP = 125.000000 and TNOM = 27.000000

Using SPARSE 1.3 as Direct Linear Solver

Initial Transient Solution
--------------------------

Node                                   Voltage
----                                   -------
vdd                                       1.08
cm                                         0.6
vd                                      -0.048
ap                                       0.576
an                                       0.624
clku                                         0
clk                                          0
ibn                                   0.163553
xa.x1.tmid                         0.000467298
xa.x1.tail                            0.572148
xa.x1.np                               1.07992
xa.x1.nn                               1.07973
xa.x1.ln                                  1.08
xa.x1.lp                                  1.08
xa.x1.lnb                          2.24644e-05
xa.x1.lpb                           1.9313e-05
xa.x1.na                               1.05331
doutb                                  0.56447
dout                                  0.570627
xa.x1.nb                               1.05362
doutn                                 0.528358
tcheck                                     125
pa_00                                  163.553
bpa_00#branch                                0
btchk#branch                                 0
bdoutn#branch                                0
bclk#branch                        1.13062e-09
ean#branch                         4.81173e-12
eap#branch                          6.3429e-12
vclku#branch                                 0
vd#branch                                    0
vcm#branch                         1.11546e-11
vsup#branch                       -0.000117131


No. of Data Rows : 12034

  Measurements for Transient Analysis

dlev0               =  2.41178e-05
dlev1               =  2.37087e-05
dlev2               =  2.46040e-05
dlev3               =  2.46266e-05
dlev4               =  2.24827e-05
dlev5               =  2.24686e-05
dlev6               =  2.26301e-05
dlev7               =  2.37204e-05
dlev8               =  2.40606e-05
dlev9               =  2.24913e-05
dlev10              =  2.36633e-05
dlev11              =  2.24933e-05
dlev12              =  2.25238e-05
dlev13              =  2.45552e-05
dlev14              =  2.33264e-05
dlev15              =  2.27547e-05
dlev16              =  2.39196e-05
dlev17              =  9.99985e-01
dlev18              =  9.99984e-01
dlev19              =  9.99984e-01
dlev20              =  9.99984e-01
dlev21              =  9.99984e-01
dlev22              =  9.99985e-01
dlev23              =  9.99985e-01
dlev24              =  9.99984e-01
dlev25              =  9.99984e-01
dlev26              =  9.99984e-01
dlev27              =  9.99984e-01
dlev28              =  9.99984e-01
dlev29              =  9.99984e-01
dlev30              =  9.99984e-01
dlev31              =  9.99984e-01
dlev32              =  9.99984e-01
vdd_meas            =  1.08000e+00
temp_meas           =  1.25000e+02
vbias_mv            =  1.63553e+02
lowcount            =  1.69999e+01
vos_mv              =  1.49957e+00

ngspice-46 done
