
Note: No compatibility mode selected!


Circuit: * klt sim -- generated corner deck, do not edit

Doing analysis at TEMP = 27.000000 and TNOM = 27.000000

Using SPARSE 1.3 as Direct Linear Solver

Initial Transient Solution
--------------------------

Node                                   Voltage
----                                   -------
vdd                                       1.08
cm                                         0.6
vd                                      -0.048
ap                                       0.576
an                                       0.624
clku                                         0
clk                                          0
ibn                                   0.332578
xa.x1.tmid                         3.53483e-07
xa.x1.tail                             0.58439
xa.x1.np                                  1.08
xa.x1.nn                                  1.08
xa.x1.ln                                  1.08
xa.x1.lp                                  1.08
xa.x1.lnb                          2.09287e-07
xa.x1.lpb                          2.86415e-07
xa.x1.na                               1.07069
doutb                                 0.584157
dout                                  0.597521
xa.x1.nb                               1.07032
doutn                                 0.553261
tcheck                                      27
pa_00                                  332.578
bpa_00#branch                                0
btchk#branch                                 0
bdoutn#branch                                0
bclk#branch                        3.85028e-10
ean#branch                         2.30788e-13
eap#branch                         3.07115e-13
vclku#branch                                 0
vd#branch                                    0
vcm#branch                         5.37903e-13
vsup#branch                       -5.73264e-05


No. of Data Rows : 12131

  Measurements for Transient Analysis

dlev0               =  2.39662e-07
dlev1               =  -2.05143e-07
dlev2               =  -7.51466e-06
dlev3               =  -3.11001e-07
dlev4               =  4.29549e-07
dlev5               =  5.90504e-07
dlev6               =  1.65418e-07
dlev7               =  -4.36994e-06
dlev8               =  -4.02390e-06
dlev9               =  2.48996e-06
dlev10              =  2.41808e-07
dlev11              =  2.15546e-06
dlev12              =  5.73789e-07
dlev13              =  2.98551e-06
dlev14              =  -8.12281e-08
dlev15              =  3.44304e-07
dlev16              =  2.82505e-06
dlev17              =  1.00000e+00
dlev18              =  1.00000e+00
dlev19              =  1.00000e+00
dlev20              =  9.99999e-01
dlev21              =  9.99998e-01
dlev22              =  1.00000e+00
dlev23              =  1.00000e+00
dlev24              =  9.99998e-01
dlev25              =  1.00000e+00
dlev26              =  1.00000e+00
dlev27              =  1.00000e+00
dlev28              =  1.00000e+00
dlev29              =  1.00000e+00
dlev30              =  1.00000e+00
dlev31              =  1.00000e+00
dlev32              =  1.00000e+00
vdd_meas            =  1.08000e+00
temp_meas           =  2.70000e+01
vbias_mv            =  3.32578e+02
lowcount            =  1.70000e+01
vos_mv              =  1.49995e+00

ngspice-46 done
