
Note: No compatibility mode selected!


Circuit: * klt sim -- generated corner deck, do not edit

Doing analysis at TEMP = 27.000000 and TNOM = 27.000000

Using SPARSE 1.3 as Direct Linear Solver

Initial Transient Solution
--------------------------

Node                                   Voltage
----                                   -------
vdd                                       1.32
cm                                         0.6
vd                                      -0.048
ap                                       0.576
an                                       0.624
clku                                         0
clk                                          0
ibn                                   0.310101
xa.x1.tmid                         1.31938e-06
xa.x1.tail                            0.579473
xa.x1.np                                  1.32
xa.x1.nn                                  1.32
xa.x1.ln                                  1.32
xa.x1.lp                                  1.32
xa.x1.lnb                          1.01198e-07
xa.x1.lpb                          1.11752e-07
xa.x1.na                               1.29127
doutb                                 0.681812
dout                                  0.669812
xa.x1.nb                               1.29339
doutn                                 0.507433
tcheck                                      27
pa_00                                  310.101
bpa_00#branch                                0
btchk#branch                                 0
bdoutn#branch                                0
bclk#branch                        4.29213e-10
ean#branch                          1.6912e-12
eap#branch                         2.11889e-12
vclku#branch                                 0
vd#branch                                    0
vcm#branch                         3.81009e-12
vsup#branch                       -0.000142467


No. of Data Rows : 12294

  Measurements for Transient Analysis

dlev0               =  -6.04296e-06
dlev1               =  -4.66092e-06
dlev2               =  -5.14884e-06
dlev3               =  -5.79803e-06
dlev4               =  -5.25718e-06
dlev5               =  -5.01687e-06
dlev6               =  1.52257e-08
dlev7               =  -5.30252e-06
dlev8               =  -6.45152e-06
dlev9               =  -4.80213e-06
dlev10              =  -5.22800e-06
dlev11              =  -5.32280e-06
dlev12              =  -5.20967e-06
dlev13              =  -8.32355e-07
dlev14              =  -1.02826e-06
dlev15              =  -4.47707e-06
dlev16              =  -4.43840e-06
dlev17              =  1.00000e+00
dlev18              =  9.99999e-01
dlev19              =  1.00000e+00
dlev20              =  1.00000e+00
dlev21              =  1.00000e+00
dlev22              =  1.00000e+00
dlev23              =  1.00000e+00
dlev24              =  9.99999e-01
dlev25              =  9.99999e-01
dlev26              =  9.99999e-01
dlev27              =  9.99999e-01
dlev28              =  9.99999e-01
dlev29              =  9.99999e-01
dlev30              =  9.99999e-01
dlev31              =  9.99999e-01
dlev32              =  9.99999e-01
vdd_meas            =  1.32000e+00
temp_meas           =  2.70000e+01
vbias_mv            =  3.10101e+02
lowcount            =  1.70001e+01
vos_mv              =  1.50026e+00

ngspice-46 done
