
Note: No compatibility mode selected!


Circuit: * klt sim -- generated corner deck, do not edit

Doing analysis at TEMP = 125.000000 and TNOM = 27.000000

Using SPARSE 1.3 as Direct Linear Solver

Initial Transient Solution
--------------------------

Node                                   Voltage
----                                   -------
vdd                                       1.32
cm                                         0.6
vd                                      -0.048
ap                                       0.576
an                                       0.624
clku                                         0
clk                                          0
ibn                                   0.230657
xa.x1.tmid                         0.000109828
xa.x1.tail                            0.581535
xa.x1.np                               1.31997
xa.x1.nn                               1.31992
xa.x1.ln                                  1.32
xa.x1.lp                                  1.32
xa.x1.lnb                          4.10061e-06
xa.x1.lpb                          3.90282e-06
xa.x1.na                                1.2783
doutb                                 0.683183
dout                                  0.674405
xa.x1.nb                                1.2807
doutn                                 0.510913
tcheck                                     125
pa_00                                  230.657
bpa_00#branch                                0
btchk#branch                                 0
bdoutn#branch                                0
bclk#branch                         6.7445e-10
ean#branch                         3.76296e-12
eap#branch                         4.71662e-12
vclku#branch                                 0
vd#branch                                    0
vcm#branch                         8.47958e-12
vsup#branch                       -0.000174179


No. of Data Rows : 12202

  Measurements for Transient Analysis

dlev0               =  3.64074e-06
dlev1               =  4.12138e-06
dlev2               =  4.62186e-06
dlev3               =  4.17458e-06
dlev4               =  4.25132e-06
dlev5               =  4.39598e-06
dlev6               =  4.37615e-06
dlev7               =  3.89229e-06
dlev8               =  1.91004e-06
dlev9               =  4.46060e-06
dlev10              =  4.52875e-06
dlev11              =  4.30198e-06
dlev12              =  4.38978e-06
dlev13              =  9.77566e-07
dlev14              =  4.51344e-06
dlev15              =  9.99997e-01
dlev16              =  9.99995e-01
dlev17              =  9.99996e-01
dlev18              =  9.99996e-01
dlev19              =  9.99996e-01
dlev20              =  9.99994e-01
dlev21              =  9.99996e-01
dlev22              =  9.99996e-01
dlev23              =  9.99996e-01
dlev24              =  9.99995e-01
dlev25              =  9.99993e-01
dlev26              =  9.99993e-01
dlev27              =  9.99996e-01
dlev28              =  9.99996e-01
dlev29              =  9.99996e-01
dlev30              =  9.99994e-01
dlev31              =  9.99996e-01
dlev32              =  9.99996e-01
vdd_meas            =  1.32000e+00
temp_meas           =  1.25000e+02
vbias_mv            =  2.30657e+02
lowcount            =  1.50000e+01
vos_mv              =  -4.49994e+00

ngspice-46 done
