
Note: No compatibility mode selected!


Circuit: * klt sim -- generated corner deck, do not edit

Doing analysis at TEMP = 125.000000 and TNOM = 27.000000

Using SPARSE 1.3 as Direct Linear Solver

Initial Transient Solution
--------------------------

Node                                   Voltage
----                                   -------
vdd                                       1.08
cm                                         0.6
vd                                      -0.048
ap                                       0.576
an                                       0.624
clku                                         0
clk                                          0
ibn                                   0.246993
xa.x1.tmid                         8.84438e-05
xa.x1.tail                            0.552104
xa.x1.np                               1.07997
xa.x1.nn                               1.07991
xa.x1.ln                                  1.08
xa.x1.lp                                  1.08
xa.x1.lnb                          3.89018e-06
xa.x1.lpb                          3.97592e-06
xa.x1.na                                  1.08
doutb                              5.75384e-06
dout                                   1.07999
xa.x1.nb                                  1.08
doutn                                 0.999993
tcheck                                     125
pa_00                                  246.993
bpa_00#branch                                0
btchk#branch                                 0
bdoutn#branch                                0
bclk#branch                        3.33918e-10
ean#branch                         7.18925e-13
eap#branch                         9.56762e-13
vclku#branch                                 0
vd#branch                                    0
vcm#branch                         1.67569e-12
vsup#branch                       -2.01748e-05


No. of Data Rows : 12020

  Measurements for Transient Analysis

dlev0               =  2.92129e-06
dlev1               =  4.48992e-06
dlev2               =  4.54616e-06
dlev3               =  4.70569e-06
dlev4               =  2.69696e-06
dlev5               =  2.57969e-06
dlev6               =  2.75874e-06
dlev7               =  3.15845e-06
dlev8               =  2.95281e-06
dlev9               =  4.05220e-06
dlev10              =  4.07055e-06
dlev11              =  4.63253e-06
dlev12              =  2.68264e-06
dlev13              =  4.81104e-06
dlev14              =  4.25334e-06
dlev15              =  3.13326e-06
dlev16              =  2.60049e-06
dlev17              =  9.99992e-01
dlev18              =  9.99992e-01
dlev19              =  9.99992e-01
dlev20              =  9.99991e-01
dlev21              =  9.99991e-01
dlev22              =  9.99993e-01
dlev23              =  9.99992e-01
dlev24              =  9.99992e-01
dlev25              =  9.99992e-01
dlev26              =  9.99992e-01
dlev27              =  9.99991e-01
dlev28              =  9.99991e-01
dlev29              =  9.99991e-01
dlev30              =  9.99991e-01
dlev31              =  9.99992e-01
dlev32              =  9.99993e-01
vdd_meas            =  1.08000e+00
temp_meas           =  1.25000e+02
vbias_mv            =  2.46993e+02
lowcount            =  1.70001e+01
vos_mv              =  1.50021e+00

ngspice-46 done
