
Note: No compatibility mode selected!


Circuit: * klt sim -- generated corner deck, do not edit

Doing analysis at TEMP = 27.000000 and TNOM = 27.000000

Using SPARSE 1.3 as Direct Linear Solver

Initial Transient Solution
--------------------------

Node                                   Voltage
----                                   -------
vdd                                       1.08
cm                                         0.6
vd                                      -0.048
ap                                       0.576
an                                       0.624
clku                                         0
clk                                          0
ibn                                   0.293683
xa.x1.tmid                          1.4583e-06
xa.x1.tail                            0.577018
xa.x1.np                                  1.08
xa.x1.nn                                  1.08
xa.x1.ln                                  1.08
xa.x1.lp                                  1.08
xa.x1.lnb                          9.58631e-08
xa.x1.lpb                           8.6897e-08
xa.x1.na                               1.06927
doutb                                 0.564193
dout                                  0.556435
xa.x1.nb                               1.07013
doutn                                 0.515217
tcheck                                      27
pa_00                                  293.683
bpa_00#branch                                0
btchk#branch                                 0
bdoutn#branch                                0
bclk#branch                         2.1511e-10
ean#branch                         4.85667e-13
eap#branch                          6.4343e-13
vclku#branch                                 0
vd#branch                                    0
vcm#branch                          1.1291e-12
vsup#branch                        -5.0864e-05


No. of Data Rows : 12111

  Measurements for Transient Analysis

dlev0               =  -9.47649e-07
dlev1               =  -3.48851e-07
dlev2               =  1.64539e-08
dlev3               =  1.02928e-07
dlev4               =  2.60279e-07
dlev5               =  1.23519e-08
dlev6               =  2.20780e-07
dlev7               =  -1.27355e-06
dlev8               =  5.30081e-08
dlev9               =  5.99595e-07
dlev10              =  1.00478e-06
dlev11              =  1.11854e-06
dlev12              =  1.66751e-06
dlev13              =  4.48556e-06
dlev14              =  2.11662e-06
dlev15              =  2.55596e-06
dlev16              =  1.00000e+00
dlev17              =  1.00000e+00
dlev18              =  1.00000e+00
dlev19              =  1.00000e+00
dlev20              =  9.99999e-01
dlev21              =  1.00000e+00
dlev22              =  9.99999e-01
dlev23              =  1.00000e+00
dlev24              =  9.99999e-01
dlev25              =  9.99999e-01
dlev26              =  9.99999e-01
dlev27              =  1.00000e+00
dlev28              =  1.00000e+00
dlev29              =  1.00000e+00
dlev30              =  1.00000e+00
dlev31              =  1.00000e+00
dlev32              =  1.00000e+00
vdd_meas            =  1.08000e+00
temp_meas           =  2.70000e+01
vbias_mv            =  2.93683e+02
lowcount            =  1.60000e+01
vos_mv              =  -1.50003e+00

ngspice-46 done
