
Note: No compatibility mode selected!


Circuit: * klt sim -- generated corner deck, do not edit

Doing analysis at TEMP = 27.000000 and TNOM = 27.000000

Using SPARSE 1.3 as Direct Linear Solver

Initial Transient Solution
--------------------------

Node                                   Voltage
----                                   -------
vdd                                        1.2
cm                                         0.6
vd                                      -0.048
ap                                       0.576
an                                       0.624
clku                                         0
clk                                          0
ibn                                   0.315727
xa.x1.tmid                         5.17563e-07
xa.x1.tail                            0.585427
xa.x1.np                                   1.2
xa.x1.nn                                   1.2
xa.x1.ln                                   1.2
xa.x1.lp                                   1.2
xa.x1.lnb                          2.07967e-07
xa.x1.lpb                          2.43627e-07
xa.x1.na                                   1.2
doutb                                      1.2
dout                               2.73802e-07
xa.x1.nb                                   1.2
doutn                              2.28168e-07
tcheck                                      27
pa_00                                  315.727
bpa_00#branch                                0
btchk#branch                                 0
bdoutn#branch                                0
bclk#branch                         5.5262e-10
ean#branch                          4.5125e-13
eap#branch                         5.81174e-13
vclku#branch                                 0
vd#branch                                    0
vcm#branch                         1.03242e-12
vsup#branch                       -1.50031e-05


No. of Data Rows : 12186

  Measurements for Transient Analysis

dlev0               =  4.96288e-06
dlev1               =  -6.04122e-08
dlev2               =  -6.95862e-07
dlev3               =  -6.31743e-07
dlev4               =  -3.88963e-07
dlev5               =  -6.81292e-07
dlev6               =  -3.08390e-07
dlev7               =  -8.86192e-07
dlev8               =  -5.59368e-07
dlev9               =  4.15229e-06
dlev10              =  3.39266e-06
dlev11              =  2.13604e-06
dlev12              =  3.46857e-06
dlev13              =  1.70059e-06
dlev14              =  1.39492e-06
dlev15              =  3.48919e-06
dlev16              =  3.05870e-06
dlev17              =  9.99999e-01
dlev18              =  1.00000e+00
dlev19              =  1.00000e+00
dlev20              =  1.00000e+00
dlev21              =  1.00000e+00
dlev22              =  1.00000e+00
dlev23              =  1.00000e+00
dlev24              =  1.00000e+00
dlev25              =  1.00000e+00
dlev26              =  9.99999e-01
dlev27              =  1.00000e+00
dlev28              =  1.00000e+00
dlev29              =  1.00000e+00
dlev30              =  1.00000e+00
dlev31              =  1.00000e+00
dlev32              =  1.00000e+00
vdd_meas            =  1.20000e+00
temp_meas           =  2.70000e+01
vbias_mv            =  3.15727e+02
lowcount            =  1.70000e+01
vos_mv              =  1.49990e+00

ngspice-46 done
