
Note: No compatibility mode selected!


Circuit: * klt sim -- generated corner deck, do not edit

Doing analysis at TEMP = 125.000000 and TNOM = 27.000000

Using SPARSE 1.3 as Direct Linear Solver

Initial Transient Solution
--------------------------

Node                                   Voltage
----                                   -------
vdd                                       1.32
vdda                                      1.32
clku                                         0
clk                                          0
cm                                         0.6
sa                                       -0.05
apa                                      0.575
ana                                      0.625
ibna                                  0.146372
xa.x1.tmid                         0.000569849
xa.x1.tail                            0.581165
xa.x1.np                               1.31993
xa.x1.nn                               1.31978
xa.x1.ln                                  1.32
xa.x1.lp                                  1.32
xa.x1.lnb                          1.96118e-05
xa.x1.lpb                          1.96118e-05
xa.x1.na                               1.27244
doutba                                 0.67754
douta                                  0.67754
xa.x1.nb                               1.27244
sb                                      -0.001
apb                                     0.5995
anb                                     0.6005
ibnb                                  0.146372
xb.x1.tmid                         0.000566508
xb.x1.tail                            0.575134
xb.x1.np                               1.31986
xb.x1.nn                               1.31986
xb.x1.ln                                  1.32
xb.x1.lp                                  1.32
xb.x1.lnb                          1.96118e-05
xb.x1.lpb                          1.96118e-05
xb.x1.na                               1.27244
doutbb                                 0.67754
doutb                                  0.67754
xb.x1.nb                               1.27244
sc                                     -0.0001
apc                                    0.59995
anc                                    0.60005
ibnc                                  0.146372
xc.x1.tmid                         0.000566507
xc.x1.tail                            0.575131
xc.x1.np                               1.31986
xc.x1.nn                               1.31986
xc.x1.ln                                  1.32
xc.x1.lp                                  1.32
xc.x1.lnb                          1.96118e-05
xc.x1.lpb                          1.96118e-05
xc.x1.na                               1.27244
doutbc                                 0.67754
doutc                                  0.67754
xc.x1.nb                               1.27244
clkn                                         0
dan                                   0.513288
dbn                                   0.513288
dcn                                   0.513288
tcheck                                     125
pa_00                              0.000319543
bpa_00#branch                                0
vsupa#branch                      -0.000242078
btchk#branch                                 0
bdcn#branch                                  0
bdbn#branch                                  0
bdan#branch                                  0
bclkn#branch                                 0
bclk#branch                        6.63165e-09
eanc#branch                        1.76221e-11
eapc#branch                          1.763e-11
eanb#branch                        1.75864e-11
eapb#branch                        1.76658e-11
eana#branch                        1.57372e-11
eapa#branch                        1.97057e-11
vsc#branch                                   0
vsb#branch                                   0
vsa#branch                                   0
vcm#branch                         1.05947e-10
vclku#branch                                 0
vsup#branch                        -0.00048415


No. of Data Rows : 12042

  Measurements for Transient Analysis

vdd_meas            =  1.32000e+00
vdda_meas           =  1.32000e+00
temp_meas           =  1.25000e+02
td_a                =  1.06238e-09 targ=  4.11124e-08 trig=  4.00500e-08
td_b                =  1.38156e-09 targ=  4.14316e-08 trig=  4.00500e-08
td_c                =  1.55109e-09 targ=  4.16011e-08 trig=  4.00500e-08
dout_od50_first     =  4.07307e-07
dout_od1_first      =  4.15797e-07
dout_od01_first     =  7.59175e-06
dout_od50_end       =  9.99986e-01
dout_od1_end        =  9.99986e-01
dout_od01_end       =  9.99986e-01
td_od50_ns          =  1.06238e+00
td_od1_ns           =  1.38156e+00
td_od01_ns          =  1.55109e+00
tau_ps              =  7.36251e+01
resolve_decades     =  1.87648e+01
i_stat              =  -8.33133e-06 from=  2.50000e-08 to=  2.90025e-08
i_static_ua         =  8.33133e+00
p_avg               =  2.32695e-05 from=  3.00000e-08 to=  6.00000e-08
p_avg_uw            =  2.32695e+01
vref_v              =  1.46372e-01
tmid_eval_v         =  3.88981e-01

ngspice-46 done
