
Note: No compatibility mode selected!


Circuit: * klt sim -- generated corner deck, do not edit

Doing analysis at TEMP = 27.000000 and TNOM = 27.000000

Using SPARSE 1.3 as Direct Linear Solver

Initial Transient Solution
--------------------------

Node                                   Voltage
----                                   -------
vdd                                        1.2
cm                                        0.55
vd                                      -0.048
ap                                       0.526
an                                       0.574
clku                                         0
clk                                          0
ibn                                   0.260808
xa.x1.tmid                         7.41317e-06
xa.x1.tail                            0.530592
xa.x1.np                                   1.2
xa.x1.nn                               1.19999
xa.x1.ln                                   1.2
xa.x1.lp                                   1.2
xa.x1.lnb                          6.06289e-07
xa.x1.lpb                           6.8953e-07
xa.x1.na                               1.17657
doutb                                 0.625465
dout                                  0.626402
xa.x1.nb                               1.17579
doutn                                 0.522002
tcheck                                      27
pa_00                                  260.808
bpa_00#branch                                0
btchk#branch                                 0
bdoutn#branch                                0
bclk#branch                        9.97073e-10
ean#branch                          5.1513e-12
eap#branch                         6.45634e-12
vclku#branch                                 0
vd#branch                                    0
vcm#branch                         1.16076e-11
vsup#branch                       -0.000138647


No. of Data Rows : 12252

  Measurements for Transient Analysis

dlev0               =  -2.23050e-07
dlev1               =  1.97026e-06
dlev2               =  1.85853e-06
dlev3               =  1.82735e-06
dlev4               =  1.77227e-06
dlev5               =  1.70050e-06
dlev6               =  1.62139e-06
dlev7               =  1.49456e-06
dlev8               =  1.47974e-06
dlev9               =  9.00770e-07
dlev10              =  7.34788e-07
dlev11              =  1.17084e-06
dlev12              =  1.53046e-06
dlev13              =  1.30163e-06
dlev14              =  8.51030e-07
dlev15              =  4.46837e-08
dlev16              =  -2.15417e-06
dlev17              =  7.70340e-07
dlev18              =  7.94948e-07
dlev19              =  9.99998e-01
dlev20              =  1.00000e+00
dlev21              =  1.00000e+00
dlev22              =  1.00000e+00
dlev23              =  9.99998e-01
dlev24              =  9.99998e-01
dlev25              =  9.99998e-01
dlev26              =  9.99997e-01
dlev27              =  1.00000e+00
dlev28              =  1.00000e+00
dlev29              =  1.00000e+00
dlev30              =  1.00000e+00
dlev31              =  1.00000e+00
dlev32              =  1.00000e+00
vdd_meas            =  1.20000e+00
temp_meas           =  2.70000e+01
vbias_mv            =  2.60808e+02
lowcount            =  1.90000e+01
vos_mv              =  7.49998e+00
vcm_meas            =  5.50000e-01

ngspice-46 done
