
Note: No compatibility mode selected!


Circuit: * klt sim -- generated corner deck, do not edit

Doing analysis at TEMP = -40.000000 and TNOM = 27.000000

Using SPARSE 1.3 as Direct Linear Solver
Note: Starting dynamic gmin stepping
Note: Dynamic gmin stepping completed

Initial Transient Solution
--------------------------

Node                                   Voltage
----                                   -------
vdd                                       1.32
cm                                         0.6
vd                                      -0.048
ap                                       0.576
an                                       0.624
clku                                         0
clk                                          0
ibn                                   0.362613
xa.x1.tmid                          1.7117e-09
xa.x1.tail                            0.596043
xa.x1.np                                  1.32
xa.x1.nn                                  1.32
xa.x1.ln                                  1.32
xa.x1.lp                                  1.32
xa.x1.lnb                           1.0299e-08
xa.x1.lpb                          1.00683e-08
xa.x1.na                               1.30618
doutb                                 0.676724
dout                                  0.662534
xa.x1.nb                               1.30846
doutn                                 0.501919
tcheck                                     -40
pa_00                                  362.613
bpa_00#branch                                0
btchk#branch                                 0
bdoutn#branch                                0
bclk#branch                        9.02569e-11
ean#branch                         1.96343e-13
eap#branch                         2.48496e-13
vclku#branch                                 0
vd#branch                                    0
vcm#branch                         4.44839e-13
vsup#branch                       -6.37914e-05


No. of Data Rows : 12220

  Measurements for Transient Analysis

dlev0               =  2.27196e-06
dlev1               =  1.97102e-06
dlev2               =  -1.35269e-06
dlev3               =  -1.72410e-07
dlev4               =  -4.00827e-07
dlev5               =  -1.36840e-06
dlev6               =  -4.36426e-07
dlev7               =  -3.06862e-06
dlev8               =  -3.30687e-06
dlev9               =  -4.19905e-06
dlev10              =  -3.40308e-06
dlev11              =  -6.03881e-07
dlev12              =  -5.41090e-06
dlev13              =  -3.07373e-06
dlev14              =  1.04742e-06
dlev15              =  9.99999e-01
dlev16              =  1.00000e+00
dlev17              =  9.99999e-01
dlev18              =  1.00000e+00
dlev19              =  9.99999e-01
dlev20              =  9.99998e-01
dlev21              =  9.99998e-01
dlev22              =  1.00000e+00
dlev23              =  9.99998e-01
dlev24              =  9.99999e-01
dlev25              =  9.99999e-01
dlev26              =  9.99999e-01
dlev27              =  9.99999e-01
dlev28              =  1.00000e+00
dlev29              =  9.99999e-01
dlev30              =  1.00000e+00
dlev31              =  1.00000e+00
dlev32              =  1.00000e+00
vdd_meas            =  1.32000e+00
temp_meas           =  -4.00000e+01
vbias_mv            =  3.62613e+02
lowcount            =  1.50000e+01
vos_mv              =  -4.49989e+00

ngspice-46 done
