
Note: No compatibility mode selected!


Circuit: * klt sim -- generated corner deck, do not edit

Doing analysis at TEMP = -40.000000 and TNOM = 27.000000

Using SPARSE 1.3 as Direct Linear Solver

Initial Transient Solution
--------------------------

Node                                   Voltage
----                                   -------
vdd                                        1.2
cm                                         0.6
vd                                      -0.048
ap                                       0.576
an                                       0.624
clku                                         0
clk                                          0
ibn                                   0.301149
xa.x1.tmid                         2.14023e-07
xa.x1.tail                            0.531255
xa.x1.np                                   1.2
xa.x1.nn                                   1.2
xa.x1.ln                                   1.2
xa.x1.lp                                   1.2
xa.x1.lnb                          9.65289e-08
xa.x1.lpb                          9.89861e-08
xa.x1.na                               1.18352
doutb                                  0.62236
dout                                  0.634762
xa.x1.nb                               1.18172
doutn                                 0.528968
tcheck                                     -40
pa_00                                  301.149
bpa_00#branch                                0
btchk#branch                                 0
bdoutn#branch                                0
bclk#branch                        6.43663e-10
ean#branch                         1.29957e-12
eap#branch                         1.65046e-12
vclku#branch                                 0
vd#branch                                    0
vcm#branch                         2.95003e-12
vsup#branch                       -0.000113554


No. of Data Rows : 12200

  Measurements for Transient Analysis

dlev0               =  -4.82777e-07
dlev1               =  -6.75336e-07
dlev2               =  -5.82383e-07
dlev3               =  -9.24690e-07
dlev4               =  -8.03655e-07
dlev5               =  -7.47852e-07
dlev6               =  -7.16301e-07
dlev7               =  -1.12740e-06
dlev8               =  -1.29324e-06
dlev9               =  -8.45444e-07
dlev10              =  -1.11285e-06
dlev11              =  -8.55469e-07
dlev12              =  -8.79205e-07
dlev13              =  -1.20769e-06
dlev14              =  -1.43199e-06
dlev15              =  -1.39179e-06
dlev16              =  -1.03260e-06
dlev17              =  -1.31899e-06
dlev18              =  -9.46967e-07
dlev19              =  1.00000e+00
dlev20              =  9.99999e-01
dlev21              =  9.99999e-01
dlev22              =  9.99999e-01
dlev23              =  9.99999e-01
dlev24              =  9.99999e-01
dlev25              =  9.99999e-01
dlev26              =  9.99999e-01
dlev27              =  9.99999e-01
dlev28              =  9.99999e-01
dlev29              =  9.99999e-01
dlev30              =  9.99999e-01
dlev31              =  9.99999e-01
dlev32              =  9.99999e-01
vdd_meas            =  1.20000e+00
temp_meas           =  -4.00000e+01
vbias_mv            =  3.01149e+02
lowcount            =  1.90000e+01
vos_mv              =  7.50009e+00

ngspice-46 done
