
Note: No compatibility mode selected!


Circuit: * klt sim -- generated corner deck, do not edit

Doing analysis at TEMP = 27.000000 and TNOM = 27.000000

Using SPARSE 1.3 as Direct Linear Solver

Initial Transient Solution
--------------------------

Node                                   Voltage
----                                   -------
vdd                                       1.32
cm                                         0.6
vd                                      -0.048
ap                                       0.576
an                                       0.624
clku                                         0
clk                                          0
ibn                                   0.308229
xa.x1.tmid                         1.25115e-06
xa.x1.tail                            0.584658
xa.x1.np                                  1.32
xa.x1.nn                                  1.32
xa.x1.ln                                  1.32
xa.x1.lp                                  1.32
xa.x1.lnb                          1.21596e-07
xa.x1.lpb                          1.09403e-07
xa.x1.na                                  1.32
doutb                              1.22962e-07
dout                                      1.32
xa.x1.nb                                  1.32
doutn                                        1
tcheck                                      27
pa_00                                  308.229
bpa_00#branch                                0
btchk#branch                                 0
bdoutn#branch                                0
bclk#branch                         4.2935e-10
ean#branch                         1.69281e-12
eap#branch                         2.11933e-12
vclku#branch                                 0
vd#branch                                    0
vcm#branch                         3.81215e-12
vsup#branch                       -2.00043e-05


No. of Data Rows : 12294

  Measurements for Transient Analysis

dlev0               =  1.04166e-06
dlev1               =  -3.00376e-07
dlev2               =  -1.40414e-07
dlev3               =  -6.23359e-07
dlev4               =  -1.62882e-07
dlev5               =  3.32908e-07
dlev6               =  2.74909e-07
dlev7               =  2.16707e-07
dlev8               =  2.82186e-07
dlev9               =  3.39952e-07
dlev10              =  4.67254e-07
dlev11              =  6.26080e-07
dlev12              =  9.80104e-07
dlev13              =  7.50239e-07
dlev14              =  7.93589e-07
dlev15              =  8.52098e-07
dlev16              =  1.00000e+00
dlev17              =  9.99997e-01
dlev18              =  1.00000e+00
dlev19              =  1.00000e+00
dlev20              =  1.00000e+00
dlev21              =  9.99997e-01
dlev22              =  9.99997e-01
dlev23              =  9.99997e-01
dlev24              =  9.99997e-01
dlev25              =  9.99997e-01
dlev26              =  9.99997e-01
dlev27              =  9.99997e-01
dlev28              =  9.99998e-01
dlev29              =  9.99997e-01
dlev30              =  9.99997e-01
dlev31              =  9.99998e-01
dlev32              =  9.99998e-01
vdd_meas            =  1.32000e+00
temp_meas           =  2.70000e+01
vbias_mv            =  3.08229e+02
lowcount            =  1.60000e+01
vos_mv              =  -1.49990e+00
vcm_meas            =  6.00000e-01

ngspice-46 done
