
Note: No compatibility mode selected!


Circuit: * klt sim -- generated corner deck, do not edit

Doing analysis at TEMP = 125.000000 and TNOM = 27.000000

Using SPARSE 1.3 as Direct Linear Solver

Initial Transient Solution
--------------------------

Node                                   Voltage
----                                   -------
vdd                                       1.08
cm                                         0.6
vd                                      -0.048
ap                                       0.576
an                                       0.624
clku                                         0
clk                                          0
ibn                                   0.276064
xa.x1.tmid                         2.71386e-05
xa.x1.tail                            0.590476
xa.x1.np                               1.07999
xa.x1.nn                               1.07997
xa.x1.ln                                  1.08
xa.x1.lp                                  1.08
xa.x1.lnb                          1.02261e-05
xa.x1.lpb                          9.62561e-06
xa.x1.na                                1.0609
doutb                                 0.593429
dout                                  0.592682
xa.x1.nb                               1.06063
doutn                                  0.54878
tcheck                                     125
pa_00                                  276.064
bpa_00#branch                                0
btchk#branch                                 0
bdoutn#branch                                0
bclk#branch                        6.07498e-10
ean#branch                          5.1803e-13
eap#branch                         6.88838e-13
vclku#branch                                 0
vd#branch                                    0
vcm#branch                         1.20687e-12
vsup#branch                       -8.95265e-05


No. of Data Rows : 12090

  Measurements for Transient Analysis

dlev0               =  1.25890e-05
dlev1               =  1.24794e-05
dlev2               =  1.25127e-05
dlev3               =  1.32368e-05
dlev4               =  1.32901e-05
dlev5               =  1.18098e-05
dlev6               =  1.18005e-05
dlev7               =  1.18241e-05
dlev8               =  1.18515e-05
dlev9               =  1.34187e-05
dlev10              =  1.18674e-05
dlev11              =  1.30778e-05
dlev12              =  1.34872e-05
dlev13              =  1.20169e-05
dlev14              =  1.24648e-05
dlev15              =  1.34995e-05
dlev16              =  1.34388e-05
dlev17              =  9.99998e-01
dlev18              =  9.99998e-01
dlev19              =  9.99997e-01
dlev20              =  9.99998e-01
dlev21              =  9.99998e-01
dlev22              =  9.99998e-01
dlev23              =  9.99997e-01
dlev24              =  9.99997e-01
dlev25              =  9.99997e-01
dlev26              =  9.99998e-01
dlev27              =  9.99997e-01
dlev28              =  9.99998e-01
dlev29              =  9.99998e-01
dlev30              =  9.99997e-01
dlev31              =  9.99997e-01
dlev32              =  9.99997e-01
vdd_meas            =  1.08000e+00
temp_meas           =  1.25000e+02
vbias_mv            =  2.76064e+02
lowcount            =  1.69998e+01
vos_mv              =  1.49947e+00

ngspice-46 done
