
Note: No compatibility mode selected!


Circuit: * klt sim -- generated corner deck, do not edit

Doing analysis at TEMP = -40.000000 and TNOM = 27.000000

Using SPARSE 1.3 as Direct Linear Solver

Initial Transient Solution
--------------------------

Node                                   Voltage
----                                   -------
vdd                                       1.32
cm                                         0.6
vd                                      -0.048
ap                                       0.576
an                                       0.624
clku                                         0
clk                                          0
ibn                                   0.322827
xa.x1.tmid                         7.02559e-08
xa.x1.tail                            0.529863
xa.x1.np                                  1.32
xa.x1.nn                                  1.32
xa.x1.ln                                  1.32
xa.x1.lp                                  1.32
xa.x1.lnb                          3.34212e-08
xa.x1.lpb                          3.05761e-08
xa.x1.na                               1.29854
doutb                                 0.641494
dout                                  0.644442
xa.x1.nb                               1.29753
doutn                                 0.488214
tcheck                                     -40
pa_00                                  322.827
bpa_00#branch                                0
btchk#branch                                 0
bdoutn#branch                                0
bclk#branch                        1.62224e-10
ean#branch                         1.12046e-12
eap#branch                         1.39841e-12
vclku#branch                                 0
vd#branch                                    0
vcm#branch                         2.51887e-12
vsup#branch                       -0.000119394


No. of Data Rows : 12311

  Measurements for Transient Analysis

dlev0               =  -6.06748e-06
dlev1               =  -7.85568e-06
dlev2               =  -8.53213e-06
dlev3               =  -6.50144e-06
dlev4               =  -4.77952e-06
dlev5               =  -4.31856e-06
dlev6               =  -5.85276e-06
dlev7               =  -1.83520e-06
dlev8               =  -8.25329e-06
dlev9               =  6.83679e-09
dlev10              =  -8.30223e-06
dlev11              =  -7.67622e-06
dlev12              =  -7.76768e-06
dlev13              =  -8.45557e-06
dlev14              =  4.70889e-07
dlev15              =  1.00000e+00
dlev16              =  9.99996e-01
dlev17              =  9.99997e-01
dlev18              =  9.99997e-01
dlev19              =  1.00000e+00
dlev20              =  9.99997e-01
dlev21              =  9.99997e-01
dlev22              =  9.99997e-01
dlev23              =  9.99997e-01
dlev24              =  9.99997e-01
dlev25              =  9.99997e-01
dlev26              =  9.99997e-01
dlev27              =  9.99997e-01
dlev28              =  9.99997e-01
dlev29              =  9.99998e-01
dlev30              =  9.99997e-01
dlev31              =  9.99997e-01
dlev32              =  1.00000e+00
vdd_meas            =  1.32000e+00
temp_meas           =  -4.00000e+01
vbias_mv            =  3.22827e+02
lowcount            =  1.50001e+01
vos_mv              =  -4.49961e+00

ngspice-46 done
