
Note: No compatibility mode selected!


Circuit: * klt sim -- generated corner deck, do not edit

Doing analysis at TEMP = -40.000000 and TNOM = 27.000000

Using SPARSE 1.3 as Direct Linear Solver

Initial Transient Solution
--------------------------

Node                                   Voltage
----                                   -------
vdd                                       1.32
cm                                         0.6
vd                                      -0.048
ap                                       0.576
an                                       0.624
clku                                         0
clk                                          0
ibn                                   0.367328
xa.x1.tmid                         5.44889e-09
xa.x1.tail                            0.536848
xa.x1.np                                  1.32
xa.x1.nn                                  1.32
xa.x1.ln                                  1.32
xa.x1.lp                                  1.32
xa.x1.lnb                          4.82425e-08
xa.x1.lpb                          4.96862e-08
xa.x1.na                               1.30102
doutb                                 0.701276
dout                                  0.706909
xa.x1.nb                               1.30013
doutn                                 0.535537
tcheck                                     -40
pa_00                                  367.328
bpa_00#branch                                0
btchk#branch                                 0
bdoutn#branch                                0
bclk#branch                        5.02865e-10
ean#branch                         2.67134e-13
eap#branch                         3.36731e-13
vclku#branch                                 0
vd#branch                                    0
vcm#branch                         6.03864e-13
vsup#branch                       -0.000125638


No. of Data Rows : 12295

  Measurements for Transient Analysis

dlev0               =  2.71093e-06
dlev1               =  -2.24777e-07
dlev2               =  -4.87218e-07
dlev3               =  -9.11549e-07
dlev4               =  -7.28146e-06
dlev5               =  -6.92919e-06
dlev6               =  -2.54050e-06
dlev7               =  -1.67349e-06
dlev8               =  -4.65718e-06
dlev9               =  -7.46076e-06
dlev10              =  -4.64764e-06
dlev11              =  -7.63411e-06
dlev12              =  -1.33357e-07
dlev13              =  -7.84599e-06
dlev14              =  -6.21557e-06
dlev15              =  -8.05222e-06
dlev16              =  2.67508e-08
dlev17              =  1.00000e+00
dlev18              =  9.99999e-01
dlev19              =  9.99996e-01
dlev20              =  9.99996e-01
dlev21              =  9.99999e-01
dlev22              =  1.00000e+00
dlev23              =  1.00000e+00
dlev24              =  9.99996e-01
dlev25              =  9.99996e-01
dlev26              =  9.99996e-01
dlev27              =  9.99997e-01
dlev28              =  1.00000e+00
dlev29              =  1.00000e+00
dlev30              =  1.00000e+00
dlev31              =  9.99997e-01
dlev32              =  9.99996e-01
vdd_meas            =  1.32000e+00
temp_meas           =  -4.00000e+01
vbias_mv            =  3.67328e+02
lowcount            =  1.70001e+01
vos_mv              =  1.50029e+00

ngspice-46 done
