
Note: No compatibility mode selected!


Circuit: * klt sim -- generated corner deck, do not edit

Doing analysis at TEMP = 27.000000 and TNOM = 27.000000

Using SPARSE 1.3 as Direct Linear Solver

Initial Transient Solution
--------------------------

Node                                   Voltage
----                                   -------
vdd                                        1.2
cm                                         0.6
vd                                      -0.048
ap                                       0.576
an                                       0.624
clku                                         0
clk                                          0
ibn                                   0.355623
xa.x1.tmid                         9.70035e-08
xa.x1.tail                            0.599005
xa.x1.np                                   1.2
xa.x1.nn                                   1.2
xa.x1.ln                                   1.2
xa.x1.lp                                   1.2
xa.x1.lnb                          1.63794e-08
xa.x1.lpb                          1.68882e-08
xa.x1.na                                   1.2
doutb                                      1.2
dout                                1.8899e-08
xa.x1.nb                                   1.2
doutn                              1.57492e-08
tcheck                                      27
pa_00                                  355.623
bpa_00#branch                                0
btchk#branch                                 0
bdoutn#branch                                0
bclk#branch                        9.52894e-11
ean#branch                         2.17631e-13
eap#branch                         2.81414e-13
vclku#branch                                 0
vd#branch                                    0
vcm#branch                         4.99045e-13
vsup#branch                       -2.00004e-05


No. of Data Rows : 12194

  Measurements for Transient Analysis

dlev0               =  6.36159e-06
dlev1               =  3.48399e-06
dlev2               =  3.37515e-06
dlev3               =  3.49073e-06
dlev4               =  3.33066e-06
dlev5               =  7.69609e-06
dlev6               =  2.39378e-06
dlev7               =  1.87986e-06
dlev8               =  1.75818e-06
dlev9               =  1.41456e-06
dlev10              =  2.80679e-08
dlev11              =  3.52168e-06
dlev12              =  6.80661e-08
dlev13              =  1.39399e-06
dlev14              =  3.63114e-06
dlev15              =  3.61977e-06
dlev16              =  1.00000e+00
dlev17              =  1.00000e+00
dlev18              =  1.00000e+00
dlev19              =  1.00000e+00
dlev20              =  1.00000e+00
dlev21              =  1.00000e+00
dlev22              =  1.00000e+00
dlev23              =  1.00000e+00
dlev24              =  1.00000e+00
dlev25              =  1.00000e+00
dlev26              =  1.00000e+00
dlev27              =  1.00000e+00
dlev28              =  1.00000e+00
dlev29              =  1.00000e+00
dlev30              =  1.00000e+00
dlev31              =  1.00000e+00
dlev32              =  1.00000e+00
vdd_meas            =  1.20000e+00
temp_meas           =  2.70000e+01
vbias_mv            =  3.55623e+02
lowcount            =  1.59999e+01
vos_mv              =  -1.50016e+00

ngspice-46 done
