
Note: No compatibility mode selected!


Circuit: * klt sim -- generated corner deck, do not edit

Doing analysis at TEMP = -40.000000 and TNOM = 27.000000

Using SPARSE 1.3 as Direct Linear Solver
Note: Starting dynamic gmin stepping
Note: Dynamic gmin stepping completed

Initial Transient Solution
--------------------------

Node                                   Voltage
----                                   -------
vdd                                       1.32
cm                                         0.6
vd                                      -0.048
ap                                       0.576
an                                       0.624
clku                                         0
clk                                          0
ibn                                   0.392917
xa.x1.tmid                         1.37415e-09
xa.x1.tail                             0.55141
xa.x1.np                                  1.32
xa.x1.nn                                  1.32
xa.x1.ln                                  1.32
xa.x1.lp                                  1.32
xa.x1.lnb                          1.05764e-08
xa.x1.lpb                          1.03935e-08
xa.x1.na                                  1.32
doutb                              1.05563e-08
dout                                      1.32
xa.x1.nb                                  1.32
doutn                                        1
tcheck                                     -40
pa_00                                  392.917
bpa_00#branch                                0
btchk#branch                                 0
bdoutn#branch                                0
bclk#branch                        8.95427e-11
ean#branch                         1.30604e-13
eap#branch                         1.65576e-13
vclku#branch                                 0
vd#branch                                    0
vcm#branch                          2.9618e-13
vsup#branch                       -2.00002e-05


No. of Data Rows : 12270

  Measurements for Transient Analysis

dlev0               =  1.91555e-08
dlev1               =  1.97370e-06
dlev2               =  1.98877e-06
dlev3               =  2.70403e-06
dlev4               =  4.73559e-06
dlev5               =  3.24362e-06
dlev6               =  2.84751e-06
dlev7               =  1.04889e-06
dlev8               =  1.33586e-06
dlev9               =  -4.36209e-06
dlev10              =  1.13543e-06
dlev11              =  -5.01848e-06
dlev12              =  -5.01704e-06
dlev13              =  3.87979e-06
dlev14              =  -5.26071e-06
dlev15              =  8.72345e-08
dlev16              =  8.99373e-07
dlev17              =  6.92479e-06
dlev18              =  2.41826e-06
dlev19              =  9.99999e-01
dlev20              =  1.00000e+00
dlev21              =  1.00000e+00
dlev22              =  1.00000e+00
dlev23              =  1.00000e+00
dlev24              =  1.00001e+00
dlev25              =  1.00000e+00
dlev26              =  9.99999e-01
dlev27              =  9.99999e-01
dlev28              =  1.00000e+00
dlev29              =  9.99999e-01
dlev30              =  1.00000e+00
dlev31              =  1.00000e+00
dlev32              =  1.00000e+00
vdd_meas            =  1.32000e+00
temp_meas           =  -4.00000e+01
vbias_mv            =  3.92917e+02
lowcount            =  1.90000e+01
vos_mv              =  7.49985e+00

ngspice-46 done
