
Note: No compatibility mode selected!


Circuit: * klt sim -- generated corner deck, do not edit

Doing analysis at TEMP = 27.000000 and TNOM = 27.000000

Using SPARSE 1.3 as Direct Linear Solver

Initial Transient Solution
--------------------------

Node                                   Voltage
----                                   -------
vdd                                       1.32
cm                                         0.6
vd                                      -0.048
ap                                       0.576
an                                       0.624
clku                                         0
clk                                          0
ibn                                   0.265512
xa.x1.tmid                         7.10747e-06
xa.x1.tail                            0.574477
xa.x1.np                                  1.32
xa.x1.nn                               1.31999
xa.x1.ln                                  1.32
xa.x1.lp                                  1.32
xa.x1.lnb                           6.7292e-07
xa.x1.lpb                          5.77794e-07
xa.x1.na                               1.28145
doutb                                  0.67149
dout                                  0.666547
xa.x1.nb                               1.28426
doutn                                  0.50496
tcheck                                      27
pa_00                                  265.512
bpa_00#branch                                0
btchk#branch                                 0
bdoutn#branch                                0
bclk#branch                        1.36313e-09
ean#branch                          7.1029e-12
eap#branch                          8.8019e-12
vclku#branch                                 0
vd#branch                                    0
vcm#branch                         1.59048e-11
vsup#branch                       -0.000216363


No. of Data Rows : 12404

  Measurements for Transient Analysis

dlev0               =  -6.06875e-08
dlev1               =  -1.74841e-06
dlev2               =  2.41390e-06
dlev3               =  3.71974e-06
dlev4               =  -8.42724e-06
dlev5               =  2.56299e-06
dlev6               =  4.09068e-06
dlev7               =  4.19102e-06
dlev8               =  2.65716e-06
dlev9               =  3.00623e-06
dlev10              =  4.83894e-06
dlev11              =  5.01491e-06
dlev12              =  1.82846e-06
dlev13              =  3.42514e-06
dlev14              =  -3.68873e-06
dlev15              =  -5.98390e-06
dlev16              =  9.99999e-01
dlev17              =  1.00000e+00
dlev18              =  1.00000e+00
dlev19              =  1.00000e+00
dlev20              =  1.00000e+00
dlev21              =  1.00000e+00
dlev22              =  1.00000e+00
dlev23              =  9.99997e-01
dlev24              =  9.99999e-01
dlev25              =  9.99998e-01
dlev26              =  9.99997e-01
dlev27              =  9.99998e-01
dlev28              =  9.99997e-01
dlev29              =  9.99998e-01
dlev30              =  9.99996e-01
dlev31              =  9.99997e-01
dlev32              =  9.99997e-01
vdd_meas            =  1.32000e+00
temp_meas           =  2.70000e+01
vbias_mv            =  2.65512e+02
lowcount            =  1.60000e+01
vos_mv              =  -1.49999e+00

ngspice-46 done
