
Note: No compatibility mode selected!


Circuit: * klt sim -- generated corner deck, do not edit

Doing analysis at TEMP = 125.000000 and TNOM = 27.000000

Using SPARSE 1.3 as Direct Linear Solver

Initial Transient Solution
--------------------------

Node                                   Voltage
----                                   -------
vdd                                       1.08
cm                                         0.6
vd                                      -0.048
ap                                       0.576
an                                       0.624
clku                                         0
clk                                          0
ibn                                    0.20436
xa.x1.tmid                         0.000145576
xa.x1.tail                            0.575771
xa.x1.np                               1.07997
xa.x1.nn                                1.0799
xa.x1.ln                                  1.08
xa.x1.lp                                  1.08
xa.x1.lnb                            3.963e-06
xa.x1.lpb                           4.1005e-06
xa.x1.na                                  1.08
doutb                                  1.07999
dout                                6.6149e-06
xa.x1.nb                               1.07999
doutn                               6.1249e-06
tcheck                                     125
pa_00                                   204.36
bpa_00#branch                                0
btchk#branch                                 0
bdoutn#branch                                0
bclk#branch                        3.37235e-10
ean#branch                         1.08619e-12
eap#branch                         1.44187e-12
vclku#branch                                 0
vd#branch                                    0
vcm#branch                         2.52806e-12
vsup#branch                        -1.0187e-05


No. of Data Rows : 11973

  Measurements for Transient Analysis

dlev0               =  4.87779e-06
dlev1               =  5.35337e-06
dlev2               =  5.36151e-06
dlev3               =  6.88280e-06
dlev4               =  4.49478e-06
dlev5               =  6.38256e-06
dlev6               =  6.11855e-06
dlev7               =  4.98501e-06
dlev8               =  4.68024e-06
dlev9               =  3.95261e-06
dlev10              =  4.73671e-06
dlev11              =  5.42162e-06
dlev12              =  5.53104e-06
dlev13              =  6.79881e-06
dlev14              =  7.17469e-06
dlev15              =  6.53958e-06
dlev16              =  6.98001e-06
dlev17              =  5.90729e-06
dlev18              =  6.88883e-06
dlev19              =  9.99995e-01
dlev20              =  9.99994e-01
dlev21              =  9.99995e-01
dlev22              =  9.99994e-01
dlev23              =  9.99995e-01
dlev24              =  9.99994e-01
dlev25              =  9.99994e-01
dlev26              =  9.99994e-01
dlev27              =  9.99994e-01
dlev28              =  9.99993e-01
dlev29              =  9.99994e-01
dlev30              =  9.99994e-01
dlev31              =  9.99995e-01
dlev32              =  9.99993e-01
vdd_meas            =  1.08000e+00
temp_meas           =  1.25000e+02
vbias_mv            =  2.04360e+02
lowcount            =  1.90000e+01
vos_mv              =  7.49992e+00

ngspice-46 done
