
Note: No compatibility mode selected!


Circuit: * klt sim -- generated corner deck, do not edit

Doing analysis at TEMP = 125.000000 and TNOM = 27.000000

Using SPARSE 1.3 as Direct Linear Solver

Initial Transient Solution
--------------------------

Node                                   Voltage
----                                   -------
vdd                                       1.08
cm                                         0.6
vd                                      -0.048
ap                                       0.576
an                                       0.624
clku                                         0
clk                                          0
ibn                                   0.226252
xa.x1.tmid                         0.000177146
xa.x1.tail                             0.54667
xa.x1.np                               1.07994
xa.x1.nn                                1.0798
xa.x1.ln                                  1.08
xa.x1.lp                                  1.08
xa.x1.lnb                          1.64712e-06
xa.x1.lpb                          1.72754e-06
xa.x1.na                               1.07999
doutb                                  1.07999
dout                               2.10147e-06
xa.x1.nb                                  1.08
doutn                               1.9458e-06
tcheck                                     125
pa_00                                  226.252
bpa_00#branch                                0
btchk#branch                                 0
bdoutn#branch                                0
bclk#branch                         1.9453e-10
ean#branch                         1.50768e-12
eap#branch                          2.0052e-12
vclku#branch                                 0
vd#branch                                    0
vcm#branch                         3.51288e-12
vsup#branch                       -2.03199e-05


No. of Data Rows : 11981

  Measurements for Transient Analysis

dlev0               =  -2.16142e-06
dlev1               =  -2.15041e-06
dlev2               =  -2.45320e-06
dlev3               =  -1.43533e-06
dlev4               =  -6.92099e-07
dlev5               =  7.62106e-07
dlev6               =  9.98846e-07
dlev7               =  -1.97719e-06
dlev8               =  -2.30508e-06
dlev9               =  -2.41148e-06
dlev10              =  -3.00214e-06
dlev11              =  -1.66951e-06
dlev12              =  1.30247e-07
dlev13              =  -2.98424e-06
dlev14              =  -3.35472e-07
dlev15              =  -2.48907e-06
dlev16              =  9.99985e-01
dlev17              =  9.99984e-01
dlev18              =  9.99983e-01
dlev19              =  9.99984e-01
dlev20              =  9.99985e-01
dlev21              =  9.99984e-01
dlev22              =  9.99984e-01
dlev23              =  9.99983e-01
dlev24              =  9.99983e-01
dlev25              =  9.99985e-01
dlev26              =  9.99984e-01
dlev27              =  9.99986e-01
dlev28              =  9.99985e-01
dlev29              =  9.99984e-01
dlev30              =  9.99984e-01
dlev31              =  9.99984e-01
dlev32              =  9.99984e-01
vdd_meas            =  1.08000e+00
temp_meas           =  1.25000e+02
vbias_mv            =  2.26252e+02
lowcount            =  1.60003e+01
vos_mv              =  -1.49912e+00

ngspice-46 done
