
Note: No compatibility mode selected!


Circuit: * klt sim -- generated corner deck, do not edit

Doing analysis at TEMP = -40.000000 and TNOM = 27.000000

Using SPARSE 1.3 as Direct Linear Solver

Initial Transient Solution
--------------------------

Node                                   Voltage
----                                   -------
vdd                                        1.2
cm                                         0.6
vd                                      -0.048
ap                                       0.576
an                                       0.624
clku                                         0
clk                                          0
ibn                                   0.355269
xa.x1.tmid                         5.93797e-09
xa.x1.tail                            0.584073
xa.x1.np                                   1.2
xa.x1.nn                                   1.2
xa.x1.ln                                   1.2
xa.x1.lp                                   1.2
xa.x1.lnb                          4.22623e-08
xa.x1.lpb                          4.20303e-08
xa.x1.na                               1.18949
doutb                                 0.649132
dout                                  0.655776
xa.x1.nb                               1.18884
doutn                                  0.54648
tcheck                                     -40
pa_00                                  355.269
bpa_00#branch                                0
btchk#branch                                 0
bdoutn#branch                                0
bclk#branch                        3.62572e-10
ean#branch                         2.18991e-13
eap#branch                          2.8208e-13
vclku#branch                                 0
vd#branch                                    0
vcm#branch                         5.01071e-13
vsup#branch                       -6.75792e-05


No. of Data Rows : 12269

  Measurements for Transient Analysis

dlev0               =  -6.74372e-07
dlev1               =  6.88140e-06
dlev2               =  6.81810e-06
dlev3               =  4.51536e-06
dlev4               =  7.39705e-06
dlev5               =  -1.06572e-06
dlev6               =  6.73009e-06
dlev7               =  6.53644e-06
dlev8               =  -9.87631e-07
dlev9               =  6.08558e-06
dlev10              =  5.86342e-06
dlev11              =  -9.27092e-07
dlev12              =  6.72619e-06
dlev13              =  5.93495e-06
dlev14              =  -1.64984e-06
dlev15              =  2.57033e-06
dlev16              =  5.65443e-06
dlev17              =  -2.08154e-06
dlev18              =  1.00000e+00
dlev19              =  1.00000e+00
dlev20              =  1.00000e+00
dlev21              =  1.00000e+00
dlev22              =  1.00000e+00
dlev23              =  1.00000e+00
dlev24              =  1.00000e+00
dlev25              =  1.00000e+00
dlev26              =  1.00000e+00
dlev27              =  1.00000e+00
dlev28              =  1.00000e+00
dlev29              =  1.00000e+00
dlev30              =  1.00000e+00
dlev31              =  1.00000e+00
dlev32              =  1.00000e+00
vdd_meas            =  1.20000e+00
temp_meas           =  -4.00000e+01
vbias_mv            =  3.55269e+02
lowcount            =  1.79999e+01
vos_mv              =  4.49973e+00

ngspice-46 done
