
Note: No compatibility mode selected!


Circuit: * klt sim -- generated corner deck, do not edit

Doing analysis at TEMP = 125.000000 and TNOM = 27.000000

Using SPARSE 1.3 as Direct Linear Solver

Initial Transient Solution
--------------------------

Node                                   Voltage
----                                   -------
vdd                                       1.32
cm                                         0.6
vd                                      -0.048
ap                                       0.576
an                                       0.624
clku                                         0
clk                                          0
ibn                                   0.254363
xa.x1.tmid                         4.68201e-05
xa.x1.tail                            0.587424
xa.x1.np                               1.31999
xa.x1.nn                               1.31997
xa.x1.ln                                  1.32
xa.x1.lp                                  1.32
xa.x1.lnb                          8.25183e-06
xa.x1.lpb                           7.9399e-06
xa.x1.na                               1.28455
doutb                                 0.706621
dout                                  0.707226
xa.x1.nb                               1.28477
doutn                                 0.535777
tcheck                                     125
pa_00                                  254.363
bpa_00#branch                                0
btchk#branch                                 0
bdoutn#branch                                0
bclk#branch                        1.20644e-09
ean#branch                         1.83914e-12
eap#branch                         2.31296e-12
vclku#branch                                 0
vd#branch                                    0
vcm#branch                          4.1521e-12
vsup#branch                       -0.000176637


No. of Data Rows : 12194

  Measurements for Transient Analysis

dlev0               =  8.00529e-06
dlev1               =  3.73691e-06
dlev2               =  8.49368e-06
dlev3               =  9.80318e-06
dlev4               =  8.12438e-06
dlev5               =  2.22689e-06
dlev6               =  2.05945e-06
dlev7               =  1.65247e-06
dlev8               =  9.96764e-06
dlev9               =  9.82174e-06
dlev10              =  9.60691e-06
dlev11              =  9.47419e-06
dlev12              =  9.54711e-06
dlev13              =  9.34722e-06
dlev14              =  8.33546e-06
dlev15              =  8.45433e-07
dlev16              =  7.46737e-07
dlev17              =  1.28725e-06
dlev18              =  9.99998e-01
dlev19              =  9.99996e-01
dlev20              =  9.99999e-01
dlev21              =  9.99996e-01
dlev22              =  9.99996e-01
dlev23              =  9.99999e-01
dlev24              =  9.99999e-01
dlev25              =  9.99999e-01
dlev26              =  9.99999e-01
dlev27              =  9.99996e-01
dlev28              =  9.99996e-01
dlev29              =  9.99998e-01
dlev30              =  9.99999e-01
dlev31              =  1.00000e+00
dlev32              =  9.99998e-01
vdd_meas            =  1.32000e+00
temp_meas           =  1.25000e+02
vbias_mv            =  2.54363e+02
lowcount            =  1.79999e+01
vos_mv              =  4.49975e+00

ngspice-46 done
