
Note: No compatibility mode selected!


Circuit: * klt sim -- generated corner deck, do not edit

Doing analysis at TEMP = 125.000000 and TNOM = 27.000000

Using SPARSE 1.3 as Direct Linear Solver

Initial Transient Solution
--------------------------

Node                                   Voltage
----                                   -------
vdd                                        1.2
cm                                         0.6
vd                                      -0.048
ap                                       0.576
an                                       0.624
clku                                         0
clk                                          0
ibn                                   0.295805
xa.x1.tmid                         1.40371e-05
xa.x1.tail                            0.594918
xa.x1.np                                   1.2
xa.x1.nn                               1.19998
xa.x1.ln                                   1.2
xa.x1.lp                                   1.2
xa.x1.lnb                          7.62858e-07
xa.x1.lpb                          7.26703e-07
xa.x1.na                               1.18144
doutb                                 0.624238
dout                                  0.617236
xa.x1.nb                                1.1812
doutn                                 0.514363
tcheck                                     125
pa_00                                  295.805
bpa_00#branch                                0
btchk#branch                                 0
bdoutn#branch                                0
bclk#branch                        1.45918e-10
ean#branch                         4.85001e-13
eap#branch                         6.26887e-13
vclku#branch                                 0
vd#branch                                    0
vcm#branch                         1.11189e-12
vsup#branch                       -7.87167e-05


No. of Data Rows : 12135

  Measurements for Transient Analysis

dlev0               =  1.03237e-06
dlev1               =  -5.42678e-08
dlev2               =  -5.95131e-08
dlev3               =  5.26032e-07
dlev4               =  1.17579e-07
dlev5               =  1.11302e-06
dlev6               =  8.03469e-07
dlev7               =  7.49358e-07
dlev8               =  2.26646e-07
dlev9               =  3.49349e-07
dlev10              =  1.91483e-06
dlev11              =  4.16949e-07
dlev12              =  4.85220e-07
dlev13              =  2.16101e-06
dlev14              =  4.86065e-07
dlev15              =  2.11376e-06
dlev16              =  9.99999e-01
dlev17              =  1.00000e+00
dlev18              =  9.99999e-01
dlev19              =  1.00000e+00
dlev20              =  9.99999e-01
dlev21              =  1.00000e+00
dlev22              =  1.00000e+00
dlev23              =  9.99999e-01
dlev24              =  1.00000e+00
dlev25              =  9.99999e-01
dlev26              =  1.00000e+00
dlev27              =  1.00000e+00
dlev28              =  9.99999e-01
dlev29              =  1.00000e+00
dlev30              =  9.99999e-01
dlev31              =  9.99999e-01
dlev32              =  1.00000e+00
vdd_meas            =  1.20000e+00
temp_meas           =  1.25000e+02
vbias_mv            =  2.95805e+02
lowcount            =  1.60000e+01
vos_mv              =  -1.50002e+00

ngspice-46 done
