
Note: No compatibility mode selected!


Circuit: * klt sim -- generated corner deck, do not edit

Doing analysis at TEMP = 125.000000 and TNOM = 27.000000

Using SPARSE 1.3 as Direct Linear Solver

Initial Transient Solution
--------------------------

Node                                   Voltage
----                                   -------
vdd                                       1.08
cm                                         0.6
vd                                      -0.048
ap                                       0.576
an                                       0.624
clku                                         0
clk                                          0
ibn                                   0.276378
xa.x1.tmid                         3.21726e-05
xa.x1.tail                            0.588441
xa.x1.np                               1.07999
xa.x1.nn                               1.07997
xa.x1.ln                                  1.08
xa.x1.lp                                  1.08
xa.x1.lnb                          9.27912e-06
xa.x1.lpb                           9.1798e-06
xa.x1.na                               1.06265
doutb                                 0.591083
dout                                  0.595157
xa.x1.nb                               1.06136
doutn                                 0.551071
tcheck                                     125
pa_00                                  276.378
bpa_00#branch                                0
btchk#branch                                 0
bdoutn#branch                                0
bclk#branch                        6.11093e-10
ean#branch                         5.17475e-13
eap#branch                         6.88283e-13
vclku#branch                                 0
vd#branch                                    0
vcm#branch                         1.20576e-12
vsup#branch                       -8.60378e-05


No. of Data Rows : 12072

  Measurements for Transient Analysis

dlev0               =  9.81520e-06
dlev1               =  1.02798e-05
dlev2               =  9.01023e-06
dlev3               =  9.07492e-06
dlev4               =  9.62928e-06
dlev5               =  1.11064e-05
dlev6               =  1.11823e-05
dlev7               =  1.09322e-05
dlev8               =  1.12379e-05
dlev9               =  9.56114e-06
dlev10              =  1.11435e-05
dlev11              =  9.16600e-06
dlev12              =  9.65044e-06
dlev13              =  1.02101e-05
dlev14              =  1.11489e-05
dlev15              =  1.10969e-05
dlev16              =  1.13809e-05
dlev17              =  1.13978e-05
dlev18              =  1.13481e-05
dlev19              =  1.14059e-05
dlev20              =  9.99998e-01
dlev21              =  9.99998e-01
dlev22              =  9.99998e-01
dlev23              =  9.99998e-01
dlev24              =  9.99998e-01
dlev25              =  9.99998e-01
dlev26              =  9.99998e-01
dlev27              =  9.99998e-01
dlev28              =  9.99997e-01
dlev29              =  9.99998e-01
dlev30              =  9.99998e-01
dlev31              =  9.99997e-01
dlev32              =  9.99997e-01
vdd_meas            =  1.08000e+00
temp_meas           =  1.25000e+02
vbias_mv            =  2.76378e+02
lowcount            =  1.99998e+01
vos_mv              =  1.04995e+01

ngspice-46 done
