
Note: No compatibility mode selected!


Circuit: * klt sim -- generated corner deck, do not edit

Doing analysis at TEMP = 125.000000 and TNOM = 27.000000

Using SPARSE 1.3 as Direct Linear Solver

Initial Transient Solution
--------------------------

Node                                   Voltage
----                                   -------
vdd                                       1.08
cm                                         0.6
vd                                      -0.048
ap                                       0.576
an                                       0.624
clku                                         0
clk                                          0
ibn                                   0.230989
xa.x1.tmid                         0.000136227
xa.x1.tail                            0.532678
xa.x1.np                               1.07995
xa.x1.nn                               1.07984
xa.x1.ln                                  1.08
xa.x1.lp                                  1.08
xa.x1.lnb                          1.66887e-06
xa.x1.lpb                           1.8133e-06
xa.x1.na                               1.07999
doutb                                  1.07998
dout                               2.40651e-06
xa.x1.nb                                  1.08
doutn                              2.22825e-06
tcheck                                     125
pa_00                                  230.989
bpa_00#branch                                0
btchk#branch                                 0
bdoutn#branch                                0
bclk#branch                        1.91889e-10
ean#branch                         1.50778e-12
eap#branch                         1.99814e-12
vclku#branch                                 0
vd#branch                                    0
vcm#branch                         3.50592e-12
vsup#branch                       -2.02601e-05


No. of Data Rows : 11990

  Measurements for Transient Analysis

dlev0               =  5.72085e-07
dlev1               =  2.69562e-07
dlev2               =  4.71009e-07
dlev3               =  2.07704e-07
dlev4               =  4.10943e-07
dlev5               =  9.09717e-07
dlev6               =  5.50915e-07
dlev7               =  1.41641e-07
dlev8               =  2.39865e-07
dlev9               =  9.01004e-08
dlev10              =  1.54252e-07
dlev11              =  1.15911e-07
dlev12              =  6.83465e-09
dlev13              =  3.41728e-07
dlev14              =  1.00528e-07
dlev15              =  -4.94663e-08
dlev16              =  2.67380e-07
dlev17              =  9.99986e-01
dlev18              =  9.99986e-01
dlev19              =  9.99986e-01
dlev20              =  9.99986e-01
dlev21              =  9.99987e-01
dlev22              =  9.99987e-01
dlev23              =  9.99987e-01
dlev24              =  9.99987e-01
dlev25              =  9.99986e-01
dlev26              =  9.99986e-01
dlev27              =  9.99987e-01
dlev28              =  9.99985e-01
dlev29              =  9.99987e-01
dlev30              =  9.99987e-01
dlev31              =  9.99987e-01
dlev32              =  9.99987e-01
vdd_meas            =  1.08000e+00
temp_meas           =  1.25000e+02
vbias_mv            =  2.30989e+02
lowcount            =  1.70002e+01
vos_mv              =  1.50064e+00

ngspice-46 done
