
Note: No compatibility mode selected!


Circuit: * klt sim -- generated corner deck, do not edit

Doing analysis at TEMP = 27.000000 and TNOM = 27.000000

Using SPARSE 1.3 as Direct Linear Solver

Initial Transient Solution
--------------------------

Node                                   Voltage
----                                   -------
vdd                                       1.32
cm                                         0.6
vd                                      -0.048
ap                                       0.576
an                                       0.624
clku                                         0
clk                                          0
ibn                                   0.288573
xa.x1.tmid                         2.93351e-06
xa.x1.tail                            0.559289
xa.x1.np                                  1.32
xa.x1.nn                                  1.32
xa.x1.ln                                  1.32
xa.x1.lp                                  1.32
xa.x1.lnb                          7.11676e-08
xa.x1.lpb                           7.9581e-08
xa.x1.na                                  1.32
doutb                              7.90178e-08
dout                                      1.32
xa.x1.nb                                  1.32
doutn                                        1
tcheck                                      27
pa_00                                  288.573
bpa_00#branch                                0
btchk#branch                                 0
bdoutn#branch                                0
bclk#branch                        2.46003e-10
ean#branch                         2.30863e-12
eap#branch                         2.87936e-12
vclku#branch                                 0
vd#branch                                    0
vcm#branch                         5.18799e-12
vsup#branch                        -2.0008e-05


No. of Data Rows : 12328

  Measurements for Transient Analysis

dlev0               =  -5.99402e-06
dlev1               =  -2.72061e-06
dlev2               =  4.03876e-07
dlev3               =  7.92946e-07
dlev4               =  -4.57961e-06
dlev5               =  -1.62303e-06
dlev6               =  -2.01303e-06
dlev7               =  -6.15824e-06
dlev8               =  -8.58650e-07
dlev9               =  -3.82779e-06
dlev10              =  -6.94692e-06
dlev11              =  -2.58787e-06
dlev12              =  -7.05239e-06
dlev13              =  -3.58843e-06
dlev14              =  -7.29394e-06
dlev15              =  1.00000e+00
dlev16              =  9.99999e-01
dlev17              =  9.99998e-01
dlev18              =  9.99998e-01
dlev19              =  9.99998e-01
dlev20              =  9.99998e-01
dlev21              =  9.99998e-01
dlev22              =  9.99998e-01
dlev23              =  9.99998e-01
dlev24              =  9.99998e-01
dlev25              =  9.99998e-01
dlev26              =  9.99998e-01
dlev27              =  9.99998e-01
dlev28              =  9.99999e-01
dlev29              =  9.99999e-01
dlev30              =  9.99998e-01
dlev31              =  9.99999e-01
dlev32              =  9.99999e-01
vdd_meas            =  1.32000e+00
temp_meas           =  2.70000e+01
vbias_mv            =  2.88573e+02
lowcount            =  1.50001e+01
vos_mv              =  -4.49975e+00

ngspice-46 done
