
Note: No compatibility mode selected!


Circuit: * klt sim -- generated corner deck, do not edit

Doing analysis at TEMP = 125.000000 and TNOM = 27.000000

Using SPARSE 1.3 as Direct Linear Solver

Initial Transient Solution
--------------------------

Node                                   Voltage
----                                   -------
vdd                                       1.08
cm                                         0.6
vd                                      -0.048
ap                                       0.576
an                                       0.624
clku                                         0
clk                                          0
ibn                                   0.275602
xa.x1.tmid                          3.0743e-05
xa.x1.tail                            0.562424
xa.x1.np                               1.07999
xa.x1.nn                               1.07997
xa.x1.ln                                  1.08
xa.x1.lp                                  1.08
xa.x1.lnb                          1.01223e-05
xa.x1.lpb                          1.11965e-05
xa.x1.na                                1.0631
doutb                                 0.595515
dout                                  0.598102
xa.x1.nb                               1.06227
doutn                                 0.553798
tcheck                                     125
pa_00                                  275.602
bpa_00#branch                                0
btchk#branch                                 0
bdoutn#branch                                0
bclk#branch                        6.03229e-10
ean#branch                          3.4267e-13
eap#branch                         4.57356e-13
vclku#branch                                 0
vd#branch                                    0
vcm#branch                         8.00027e-13
vsup#branch                       -8.48526e-05


No. of Data Rows : 12020

  Measurements for Transient Analysis

dlev0               =  9.72365e-06
dlev1               =  1.13580e-05
dlev2               =  1.03986e-05
dlev3               =  9.48986e-06
dlev4               =  9.53906e-06
dlev5               =  9.58467e-06
dlev6               =  9.62464e-06
dlev7               =  9.65958e-06
dlev8               =  9.73333e-06
dlev9               =  9.81811e-06
dlev10              =  1.11425e-05
dlev11              =  9.37619e-06
dlev12              =  9.75741e-06
dlev13              =  9.45218e-06
dlev14              =  9.34156e-06
dlev15              =  9.41274e-06
dlev16              =  9.99998e-01
dlev17              =  9.99997e-01
dlev18              =  9.99998e-01
dlev19              =  9.99997e-01
dlev20              =  9.99997e-01
dlev21              =  9.99996e-01
dlev22              =  9.99996e-01
dlev23              =  9.99997e-01
dlev24              =  9.99997e-01
dlev25              =  9.99997e-01
dlev26              =  9.99997e-01
dlev27              =  9.99997e-01
dlev28              =  9.99996e-01
dlev29              =  9.99997e-01
dlev30              =  9.99998e-01
dlev31              =  9.99997e-01
dlev32              =  9.99997e-01
vdd_meas            =  1.08000e+00
temp_meas           =  1.25000e+02
vbias_mv            =  2.75602e+02
lowcount            =  1.59999e+01
vos_mv              =  -1.50033e+00

ngspice-46 done
