
Note: No compatibility mode selected!


Circuit: * klt sim -- generated corner deck, do not edit

Doing analysis at TEMP = 27.000000 and TNOM = 27.000000

Using SPARSE 1.3 as Direct Linear Solver

Initial Transient Solution
--------------------------

Node                                   Voltage
----                                   -------
vdd                                        1.2
cm                                         0.6
vd                                      -0.048
ap                                       0.576
an                                       0.624
clku                                         0
clk                                          0
ibn                                   0.252654
xa.x1.tmid                         9.34798e-06
xa.x1.tail                            0.569522
xa.x1.np                                   1.2
xa.x1.nn                               1.19999
xa.x1.ln                                   1.2
xa.x1.lp                                   1.2
xa.x1.lnb                          6.10339e-07
xa.x1.lpb                          6.16427e-07
xa.x1.na                                   1.2
doutb                              9.08737e-07
dout                                       1.2
xa.x1.nb                                   1.2
doutn                                 0.999999
tcheck                                      27
pa_00                                  252.654
bpa_00#branch                                0
btchk#branch                                 0
bdoutn#branch                                0
bclk#branch                         1.0026e-09
ean#branch                         4.04143e-12
eap#branch                         5.12038e-12
vclku#branch                                 0
vd#branch                                    0
vcm#branch                         9.16181e-12
vsup#branch                        -1.5025e-05


No. of Data Rows : 12248

  Measurements for Transient Analysis

dlev0               =  -1.45551e-06
dlev1               =  -2.79414e-06
dlev2               =  -2.03555e-07
dlev3               =  1.38195e-07
dlev4               =  1.50716e-07
dlev5               =  3.96482e-07
dlev6               =  -5.44868e-06
dlev7               =  -6.98360e-07
dlev8               =  -5.20653e-06
dlev9               =  -5.12542e-06
dlev10              =  -5.67967e-06
dlev11              =  -3.34461e-06
dlev12              =  -6.01544e-06
dlev13              =  -6.49856e-06
dlev14              =  -6.30799e-06
dlev15              =  9.99998e-01
dlev16              =  9.99998e-01
dlev17              =  9.99999e-01
dlev18              =  9.99999e-01
dlev19              =  9.99998e-01
dlev20              =  1.00000e+00
dlev21              =  9.99999e-01
dlev22              =  9.99998e-01
dlev23              =  9.99999e-01
dlev24              =  9.99997e-01
dlev25              =  9.99997e-01
dlev26              =  9.99999e-01
dlev27              =  9.99998e-01
dlev28              =  1.00000e+00
dlev29              =  1.00000e+00
dlev30              =  1.00000e+00
dlev31              =  9.99998e-01
dlev32              =  9.99998e-01
vdd_meas            =  1.20000e+00
temp_meas           =  2.70000e+01
vbias_mv            =  2.52654e+02
lowcount            =  1.50001e+01
vos_mv              =  -4.49978e+00

ngspice-46 done
