
Note: No compatibility mode selected!


Circuit: * comparator-preamp-noise @ ff_27c_1.32v -- generated by sim/harness, do not edit

Doing analysis at TEMP = 27.000000 and TNOM = 27.000000

Using SPARSE 1.3 as Direct Linear Solver

No. of Data Rows : 1
Doing analysis at TEMP = 27.000000 and TNOM = 27.000000

Using SPARSE 1.3 as Direct Linear Solver

No. of Data Rows : 181

No. of Data Rows : 1
Doing analysis at TEMP = 27.000000 and TNOM = 27.000000

Using SPARSE 1.3 as Direct Linear Solver

No. of Data Rows : 121

No. of Data Rows : 1
Doing analysis at TEMP = 27.000000 and TNOM = 27.000000

Using SPARSE 1.3 as Direct Linear Solver

No. of Data Rows : 181
m_av_dc = 1.6330332735e+00
m_vn_in_uv = 2.7294518907e+02
m_vn_in_hf_uv = 2.5745363850e+02
m_onoise_uv = 4.4572857558e+02
m_onoise_hf_uv = 4.2043035804e+02
m_inoise_band_uv = 2.7947621392e+02
m_flicker_frac_pct = 1.1029264622e+01
m_white_nv_rthz = 5.7567455796e+01
m_enbw_mhz = 5.9949681861e+01
m_vbias_anchor_mv = 2.6466213465e+02
Note: Simulation executed from .control section 

