
Note: No compatibility mode selected!


Circuit: * comparator-preamp-noise @ fs_-40c_1.32v -- generated by sim/harness, do not edit

Doing analysis at TEMP = -40.000000 and TNOM = 27.000000

Using SPARSE 1.3 as Direct Linear Solver

No. of Data Rows : 1
Doing analysis at TEMP = -40.000000 and TNOM = 27.000000

Using SPARSE 1.3 as Direct Linear Solver

No. of Data Rows : 181

No. of Data Rows : 1
Doing analysis at TEMP = -40.000000 and TNOM = 27.000000

Using SPARSE 1.3 as Direct Linear Solver

No. of Data Rows : 121

No. of Data Rows : 1
Doing analysis at TEMP = -40.000000 and TNOM = 27.000000

Using SPARSE 1.3 as Direct Linear Solver

No. of Data Rows : 181
m_av_dc = 1.8186831949e+00
m_vn_in_uv = 2.2117686014e+02
m_vn_in_hf_uv = 2.0772363963e+02
m_onoise_uv = 4.0225063862e+02
m_onoise_hf_uv = 3.7778349258e+02
m_inoise_band_uv = 2.2588854018e+02
m_flicker_frac_pct = 1.1795149123e+01
m_white_nv_rthz = 5.3608314287e+01
m_enbw_mhz = 5.6302694874e+01
m_vbias_anchor_mv = 3.2290472754e+02
Note: Simulation executed from .control section 

