
Note: No compatibility mode selected!


Circuit: * comparator-preamp-noise @ ss_27c_1.08v -- generated by sim/harness, do not edit

Doing analysis at TEMP = 27.000000 and TNOM = 27.000000

Using SPARSE 1.3 as Direct Linear Solver

No. of Data Rows : 1
Doing analysis at TEMP = 27.000000 and TNOM = 27.000000

Using SPARSE 1.3 as Direct Linear Solver

No. of Data Rows : 181

No. of Data Rows : 1
Doing analysis at TEMP = 27.000000 and TNOM = 27.000000

Using SPARSE 1.3 as Direct Linear Solver

No. of Data Rows : 121

No. of Data Rows : 1
Doing analysis at TEMP = 27.000000 and TNOM = 27.000000

Using SPARSE 1.3 as Direct Linear Solver

No. of Data Rows : 181
m_av_dc = 1.6039123660e+00
m_vn_in_uv = 2.8496220886e+02
m_vn_in_hf_uv = 2.6819042188e+02
m_onoise_uv = 4.5705441063e+02
m_onoise_hf_uv = 4.3015393409e+02
m_inoise_band_uv = 2.9298473027e+02
m_flicker_frac_pct = 1.1424830956e+01
m_white_nv_rthz = 6.0028326707e+01
m_enbw_mhz = 5.7972674100e+01
m_vbias_anchor_mv = 3.5519813763e+02
Note: Simulation executed from .control section 

