
Note: No compatibility mode selected!


Circuit: * klt sim -- generated corner deck, do not edit

Doing analysis at TEMP = -40.000000 and TNOM = 27.000000

Using SPARSE 1.3 as Direct Linear Solver

Initial Transient Solution
--------------------------

Node                                   Voltage
----                                   -------
vdd                                       1.32
cm                                        0.65
vd                                      -0.048
ap                                       0.626
an                                       0.674
clku                                         0
clk                                          0
ibn                                    0.34041
xa.x1.tmid                         2.57803e-08
xa.x1.tail                            0.619717
xa.x1.np                                  1.32
xa.x1.nn                                  1.32
xa.x1.ln                                  1.32
xa.x1.lp                                  1.32
xa.x1.lnb                          3.52217e-08
xa.x1.lpb                          3.52512e-08
xa.x1.na                                  1.32
doutb                                     1.32
dout                               3.60707e-08
xa.x1.nb                                  1.32
doutn                              2.73263e-08
tcheck                                     -40
pa_00                                   340.41
bpa_00#branch                                0
btchk#branch                                 0
bdoutn#branch                                0
bclk#branch                        2.84768e-10
ean#branch                         6.45928e-13
eap#branch                         8.16847e-13
vclku#branch                                 0
vd#branch                                    0
vcm#branch                         1.46277e-12
vsup#branch                       -2.00007e-05


No. of Data Rows : 12391

  Measurements for Transient Analysis

dlev0               =  -7.41610e-06
dlev1               =  2.47322e-07
dlev2               =  -2.99276e-06
dlev3               =  -6.93511e-06
dlev4               =  -5.85082e-06
dlev5               =  -5.71752e-06
dlev6               =  -5.51353e-06
dlev7               =  -5.91521e-06
dlev8               =  -5.79982e-06
dlev9               =  -4.99660e-06
dlev10              =  -4.86253e-06
dlev11              =  -4.72529e-06
dlev12              =  -4.56771e-06
dlev13              =  -4.64442e-06
dlev14              =  -4.13897e-06
dlev15              =  -4.31558e-06
dlev16              =  -4.33998e-06
dlev17              =  1.00000e+00
dlev18              =  1.00000e+00
dlev19              =  1.00000e+00
dlev20              =  1.00000e+00
dlev21              =  9.99998e-01
dlev22              =  9.99999e-01
dlev23              =  9.99999e-01
dlev24              =  9.99999e-01
dlev25              =  9.99999e-01
dlev26              =  1.00000e+00
dlev27              =  9.99999e-01
dlev28              =  9.99999e-01
dlev29              =  1.00000e+00
dlev30              =  9.99998e-01
dlev31              =  9.99999e-01
dlev32              =  9.99999e-01
vdd_meas            =  1.32000e+00
temp_meas           =  -4.00000e+01
vbias_mv            =  3.40410e+02
lowcount            =  1.70001e+01
vos_mv              =  1.50028e+00
vcm_meas            =  6.50000e-01

ngspice-46 done
