
Note: No compatibility mode selected!


Circuit: * klt sim -- generated corner deck, do not edit

Doing analysis at TEMP = -40.000000 and TNOM = 27.000000

Using SPARSE 1.3 as Direct Linear Solver
Note: Starting dynamic gmin stepping
Note: Dynamic gmin stepping completed

Initial Transient Solution
--------------------------

Node                                   Voltage
----                                   -------
vdd                                       1.32
cm                                        0.65
vd                                      -0.048
ap                                       0.626
an                                       0.674
clku                                         0
clk                                          0
ibn                                    0.38716
xa.x1.tmid                         1.51364e-09
xa.x1.tail                            0.639768
xa.x1.np                                  1.32
xa.x1.nn                                  1.32
xa.x1.ln                                  1.32
xa.x1.lp                                  1.32
xa.x1.lnb                          1.01532e-08
xa.x1.lpb                          1.09359e-08
xa.x1.na                                  1.32
doutb                              1.06221e-08
dout                                      1.32
xa.x1.nb                                  1.32
doutn                                        1
tcheck                                     -40
pa_00                                   387.16
bpa_00#branch                                0
btchk#branch                                 0
bdoutn#branch                                0
bclk#branch                         9.0553e-11
ean#branch                         1.52683e-13
eap#branch                         1.94678e-13
vclku#branch                                 0
vd#branch                                    0
vcm#branch                         3.47361e-13
vsup#branch                       -2.00002e-05


No. of Data Rows : 12341

  Measurements for Transient Analysis

dlev0               =  -6.38469e-07
dlev1               =  5.58443e-06
dlev2               =  5.79444e-06
dlev3               =  -2.26407e-06
dlev4               =  5.46314e-07
dlev5               =  3.54742e-07
dlev6               =  1.71709e-07
dlev7               =  3.67936e-08
dlev8               =  -2.04756e-07
dlev9               =  1.14323e-07
dlev10              =  9.08744e-08
dlev11              =  6.71805e-08
dlev12              =  -5.97553e-06
dlev13              =  -1.21541e-06
dlev14              =  -1.31560e-06
dlev15              =  -6.78720e-07
dlev16              =  -1.75956e-06
dlev17              =  -1.64298e-06
dlev18              =  1.00000e+00
dlev19              =  1.00000e+00
dlev20              =  1.00000e+00
dlev21              =  1.00000e+00
dlev22              =  9.99999e-01
dlev23              =  9.99999e-01
dlev24              =  1.00000e+00
dlev25              =  9.99999e-01
dlev26              =  9.99999e-01
dlev27              =  1.00000e+00
dlev28              =  1.00000e+00
dlev29              =  1.00000e+00
dlev30              =  1.00000e+00
dlev31              =  1.00000e+00
dlev32              =  1.00000e+00
vdd_meas            =  1.32000e+00
temp_meas           =  -4.00000e+01
vbias_mv            =  3.87160e+02
lowcount            =  1.80000e+01
vos_mv              =  4.50002e+00
vcm_meas            =  6.50000e-01

ngspice-46 done
