
Note: No compatibility mode selected!


Circuit: * klt sim -- generated corner deck, do not edit

Doing analysis at TEMP = 27.000000 and TNOM = 27.000000

Using SPARSE 1.3 as Direct Linear Solver

Initial Transient Solution
--------------------------

Node                                   Voltage
----                                   -------
vdd                                       1.08
cm                                         0.6
vd                                      -0.048
ap                                       0.576
an                                       0.624
clku                                         0
clk                                          0
ibn                                   0.309146
xa.x1.tmid                         1.12439e-06
xa.x1.tail                            0.578142
xa.x1.np                                  1.08
xa.x1.nn                                  1.08
xa.x1.ln                                  1.08
xa.x1.lp                                  1.08
xa.x1.lnb                          9.03033e-08
xa.x1.lpb                          8.98206e-08
xa.x1.na                                  1.08
doutb                                     1.08
dout                               1.01092e-07
xa.x1.nb                                  1.08
doutn                              9.36041e-08
tcheck                                      27
pa_00                                  309.146
bpa_00#branch                                0
btchk#branch                                 0
bdoutn#branch                                0
bclk#branch                        2.15955e-10
ean#branch                         4.85945e-13
eap#branch                         6.43152e-13
vclku#branch                                 0
vd#branch                                    0
vcm#branch                          1.1291e-12
vsup#branch                       -2.00033e-05


No. of Data Rows : 12115

  Measurements for Transient Analysis

dlev0               =  -1.47887e-06
dlev1               =  2.60103e-06
dlev2               =  -2.64192e-06
dlev3               =  -1.99523e-06
dlev4               =  -1.32709e-06
dlev5               =  -2.05229e-06
dlev6               =  2.85796e-06
dlev7               =  -2.39535e-06
dlev8               =  -2.44729e-07
dlev9               =  1.34893e-07
dlev10              =  3.56662e-07
dlev11              =  -2.75316e-07
dlev12              =  1.00377e-06
dlev13              =  1.33409e-06
dlev14              =  1.41389e-06
dlev15              =  1.73866e-06
dlev16              =  1.00000e+00
dlev17              =  9.99997e-01
dlev18              =  9.99998e-01
dlev19              =  1.00000e+00
dlev20              =  9.99997e-01
dlev21              =  9.99997e-01
dlev22              =  9.99998e-01
dlev23              =  9.99997e-01
dlev24              =  9.99999e-01
dlev25              =  9.99999e-01
dlev26              =  9.99997e-01
dlev27              =  9.99998e-01
dlev28              =  9.99998e-01
dlev29              =  9.99999e-01
dlev30              =  9.99999e-01
dlev31              =  9.99999e-01
dlev32              =  9.99998e-01
vdd_meas            =  1.08000e+00
temp_meas           =  2.70000e+01
vbias_mv            =  3.09146e+02
lowcount            =  1.60000e+01
vos_mv              =  -1.49993e+00

ngspice-46 done
