
Note: No compatibility mode selected!


Circuit: * klt sim -- generated corner deck, do not edit

Doing analysis at TEMP = -40.000000 and TNOM = 27.000000

Using SPARSE 1.3 as Direct Linear Solver

Initial Transient Solution
--------------------------

Node                                   Voltage
----                                   -------
vdd                                       1.32
cm                                        0.65
vd                                      -0.048
ap                                       0.626
an                                       0.674
clku                                         0
clk                                          0
ibn                                   0.341936
xa.x1.tmid                         2.72868e-08
xa.x1.tail                            0.618844
xa.x1.np                                  1.32
xa.x1.nn                                  1.32
xa.x1.ln                                  1.32
xa.x1.lp                                  1.32
xa.x1.lnb                           3.2856e-08
xa.x1.lpb                          3.30711e-08
xa.x1.na                               1.29953
doutb                                 0.678549
dout                                  0.677423
xa.x1.nb                               1.30033
doutn                                 0.513199
tcheck                                     -40
pa_00                                  341.936
bpa_00#branch                                0
btchk#branch                                 0
bdoutn#branch                                0
bclk#branch                        2.82941e-10
ean#branch                         6.46261e-13
eap#branch                         8.16958e-13
vclku#branch                                 0
vd#branch                                    0
vcm#branch                         1.46322e-12
vsup#branch                        -0.00011794


No. of Data Rows : 12409

  Measurements for Transient Analysis

dlev0               =  -6.47593e-06
dlev1               =  -3.08148e-06
dlev2               =  -6.75316e-06
dlev3               =  -6.23052e-06
dlev4               =  -5.87614e-06
dlev5               =  -5.71154e-06
dlev6               =  -5.53569e-06
dlev7               =  -5.34677e-06
dlev8               =  -5.13900e-06
dlev9               =  -4.99707e-06
dlev10              =  -4.85628e-06
dlev11              =  -2.34670e-06
dlev12              =  -4.55673e-06
dlev13              =  -4.11093e-06
dlev14              =  -4.91283e-06
dlev15              =  -3.81968e-06
dlev16              =  -3.91449e-06
dlev17              =  -3.18470e-06
dlev18              =  1.00000e+00
dlev19              =  1.00000e+00
dlev20              =  9.99997e-01
dlev21              =  1.00000e+00
dlev22              =  9.99999e-01
dlev23              =  1.00000e+00
dlev24              =  9.99999e-01
dlev25              =  9.99999e-01
dlev26              =  9.99999e-01
dlev27              =  1.00000e+00
dlev28              =  1.00000e+00
dlev29              =  1.00000e+00
dlev30              =  1.00000e+00
dlev31              =  9.99998e-01
dlev32              =  9.99997e-01
vdd_meas            =  1.32000e+00
temp_meas           =  -4.00000e+01
vbias_mv            =  3.41936e+02
lowcount            =  1.80001e+01
vos_mv              =  4.50030e+00
vcm_meas            =  6.50000e-01

ngspice-46 done
