
Note: No compatibility mode selected!


Circuit: * klt sim -- generated corner deck, do not edit

Doing analysis at TEMP = 27.000000 and TNOM = 27.000000

Using SPARSE 1.3 as Direct Linear Solver

Initial Transient Solution
--------------------------

Node                                   Voltage
----                                   -------
vdd                                       1.08
cm                                         0.6
vd                                      -0.048
ap                                       0.576
an                                       0.624
clku                                         0
clk                                          0
ibn                                    0.25159
xa.x1.tmid                         4.55732e-06
xa.x1.tail                            0.571811
xa.x1.np                                  1.08
xa.x1.nn                                  1.08
xa.x1.ln                                  1.08
xa.x1.lp                                  1.08
xa.x1.lnb                           4.3107e-08
xa.x1.lpb                          3.90729e-08
xa.x1.na                                  1.08
doutb                              4.93275e-08
dout                                      1.08
xa.x1.nb                                  1.08
doutn                                        1
tcheck                                      27
pa_00                                   251.59
bpa_00#branch                                0
btchk#branch                                 0
bdoutn#branch                                0
bclk#branch                        1.23649e-10
ean#branch                         1.02252e-12
eap#branch                         1.34834e-12
vclku#branch                                 0
vd#branch                                    0
vcm#branch                         2.37085e-12
vsup#branch                       -1.00073e-05


No. of Data Rows : 11990

  Measurements for Transient Analysis

dlev0               =  6.06467e-06
dlev1               =  -5.43904e-06
dlev2               =  -1.91242e-06
dlev3               =  -6.84546e-07
dlev4               =  -2.03414e-07
dlev5               =  3.35838e-07
dlev6               =  -1.12262e-07
dlev7               =  4.16308e-07
dlev8               =  -5.04068e-06
dlev9               =  3.69867e-07
dlev10              =  -1.67987e-06
dlev11              =  -2.67764e-06
dlev12              =  8.03459e-07
dlev13              =  1.06567e-06
dlev14              =  2.10361e-06
dlev15              =  -9.39145e-07
dlev16              =  9.99998e-01
dlev17              =  9.99999e-01
dlev18              =  9.99998e-01
dlev19              =  9.99999e-01
dlev20              =  9.99999e-01
dlev21              =  1.00000e+00
dlev22              =  9.99999e-01
dlev23              =  9.99998e-01
dlev24              =  1.00000e+00
dlev25              =  9.99999e-01
dlev26              =  1.00000e+00
dlev27              =  9.99999e-01
dlev28              =  9.99999e-01
dlev29              =  9.99998e-01
dlev30              =  9.99998e-01
dlev31              =  9.99999e-01
dlev32              =  9.99999e-01
vdd_meas            =  1.08000e+00
temp_meas           =  2.70000e+01
vbias_mv            =  2.51590e+02
lowcount            =  1.60000e+01
vos_mv              =  -1.49992e+00

ngspice-46 done
