
Note: No compatibility mode selected!


Circuit: * klt sim -- generated corner deck, do not edit

Doing analysis at TEMP = 27.000000 and TNOM = 27.000000

Using SPARSE 1.3 as Direct Linear Solver

Initial Transient Solution
--------------------------

Node                                   Voltage
----                                   -------
vdd                                        1.2
vdda                                       1.2
clku                                         0
clk                                          0
cm                                         0.6
sa                                       -0.05
apa                                      0.575
ana                                      0.625
ibna                                  0.249878
xa.x1.tmid                          8.7342e-06
xa.x1.tail                            0.574023
xa.x1.np                                   1.2
xa.x1.nn                               1.19999
xa.x1.ln                                   1.2
xa.x1.lp                                   1.2
xa.x1.lnb                          6.04047e-07
xa.x1.lpb                          6.04047e-07
xa.x1.na                               1.17493
doutba                                0.619218
douta                                 0.619218
xa.x1.nb                               1.17493
sb                                      -0.001
apb                                     0.5995
anb                                     0.6005
ibnb                                  0.249878
xb.x1.tmid                         8.66083e-06
xb.x1.tail                            0.566324
xb.x1.np                                   1.2
xb.x1.nn                                   1.2
xb.x1.ln                                   1.2
xb.x1.lp                                   1.2
xb.x1.lnb                          6.04047e-07
xb.x1.lpb                          6.04047e-07
xb.x1.na                               1.17493
doutbb                                0.619218
doutb                                 0.619218
xb.x1.nb                               1.17493
sc                                     -0.0001
apc                                    0.59995
anc                                    0.60005
ibnc                                  0.249878
xc.x1.tmid                          8.6608e-06
xc.x1.tail                            0.566321
xc.x1.np                                   1.2
xc.x1.nn                                   1.2
xc.x1.ln                                   1.2
xc.x1.lp                                   1.2
xc.x1.lnb                          6.04047e-07
xc.x1.lpb                          6.04047e-07
xc.x1.na                               1.17493
doutbc                                0.619218
doutc                                 0.619218
xc.x1.nb                               1.17493
clkn                                         0
dan                                   0.516015
dbn                                   0.516015
dcn                                   0.516015
tcheck                                      27
pa_00                              0.000165717
bpa_00#branch                                0
vsupa#branch                      -0.000138097
btchk#branch                                 0
bdcn#branch                                  0
bdbn#branch                                  0
bdan#branch                                  0
bclkn#branch                                 0
bclk#branch                         2.9957e-09
eanc#branch                        4.55286e-12
eapc#branch                        4.55511e-12
eanb#branch                        4.54276e-12
eapb#branch                        4.56526e-12
eana#branch                        4.02181e-12
eapa#branch                        5.14744e-12
vsc#branch                                   0
vsb#branch                                   0
vsa#branch                                   0
vcm#branch                         2.73852e-11
vclku#branch                                 0
vsup#branch                       -0.000276194


No. of Data Rows : 12042

  Measurements for Transient Analysis

vdd_meas            =  1.20000e+00
vdda_meas           =  1.20000e+00
temp_meas           =  2.70000e+01
td_a                =  7.12035e-10 targ=  4.07620e-08 trig=  4.00500e-08
td_b                =  9.48559e-10 targ=  4.09986e-08 trig=  4.00500e-08
td_c                =  1.07954e-09 targ=  4.11295e-08 trig=  4.00500e-08
dout_od50_first     =  7.75569e-08
dout_od1_first      =  7.29981e-08
dout_od01_first     =  4.40560e-06
dout_od50_end       =  9.99999e-01
dout_od1_end        =  9.99999e-01
dout_od01_end       =  9.99999e-01
td_od50_ns          =  7.12035e-01
td_od1_ns           =  9.48559e-01
td_od01_ns          =  1.07954e+00
tau_ps              =  5.68849e+01
resolve_decades     =  1.66751e+01
i_stat              =  -1.52797e-05 from=  2.50000e-08 to=  2.90025e-08
i_static_ua         =  1.52797e+01
p_avg               =  2.69828e-05 from=  3.00000e-08 to=  6.00000e-08
p_avg_uw            =  2.69828e+01
vref_v              =  2.49878e-01
tmid_eval_v         =  2.62845e-01

ngspice-46 done
