
Note: No compatibility mode selected!


Circuit: * klt sim -- generated corner deck, do not edit

Doing analysis at TEMP = -40.000000 and TNOM = 27.000000

Using SPARSE 1.3 as Direct Linear Solver

Initial Transient Solution
--------------------------

Node                                   Voltage
----                                   -------
vdd                                       1.32
cm                                         0.6
vd                                      -0.048
ap                                       0.576
an                                       0.624
clku                                         0
clk                                          0
ibn                                   0.323978
xa.x1.tmid                         6.64857e-08
xa.x1.tail                            0.544764
xa.x1.np                                  1.32
xa.x1.nn                                  1.32
xa.x1.ln                                  1.32
xa.x1.lp                                  1.32
xa.x1.lnb                          3.53581e-08
xa.x1.lpb                          3.23285e-08
xa.x1.na                                  1.32
doutb                                     1.32
dout                               3.25206e-08
xa.x1.nb                                  1.32
doutn                              2.46368e-08
tcheck                                     -40
pa_00                                  323.978
bpa_00#branch                                0
btchk#branch                                 0
bdoutn#branch                                0
bclk#branch                        1.62315e-10
ean#branch                         8.40827e-13
eap#branch                         1.04895e-12
vclku#branch                                 0
vd#branch                                    0
vcm#branch                         1.88978e-12
vsup#branch                       -2.00008e-05


No. of Data Rows : 12329

  Measurements for Transient Analysis

dlev0               =  -4.13935e-07
dlev1               =  -4.13730e-06
dlev2               =  -4.94352e-06
dlev3               =  -6.26434e-06
dlev4               =  -7.48175e-06
dlev5               =  -5.25366e-06
dlev6               =  -4.95023e-06
dlev7               =  -4.41103e-06
dlev8               =  -4.33377e-06
dlev9               =  5.59143e-08
dlev10              =  -3.78019e-07
dlev11              =  -5.62965e-06
dlev12              =  -2.35641e-06
dlev13              =  -4.18979e-06
dlev14              =  -4.12760e-06
dlev15              =  -5.49817e-06
dlev16              =  -5.34983e-06
dlev17              =  1.00000e+00
dlev18              =  9.99999e-01
dlev19              =  9.99999e-01
dlev20              =  9.99998e-01
dlev21              =  1.00000e+00
dlev22              =  9.99999e-01
dlev23              =  9.99999e-01
dlev24              =  9.99998e-01
dlev25              =  1.00000e+00
dlev26              =  9.99999e-01
dlev27              =  1.00000e+00
dlev28              =  9.99999e-01
dlev29              =  9.99999e-01
dlev30              =  1.00000e+00
dlev31              =  9.99997e-01
dlev32              =  9.99999e-01
vdd_meas            =  1.32000e+00
temp_meas           =  -4.00000e+01
vbias_mv            =  3.23978e+02
lowcount            =  1.70001e+01
vos_mv              =  1.50025e+00

ngspice-46 done
