
Note: No compatibility mode selected!


Circuit: * klt sim -- generated corner deck, do not edit

Doing analysis at TEMP = 125.000000 and TNOM = 27.000000

Using SPARSE 1.3 as Direct Linear Solver

Initial Transient Solution
--------------------------

Node                                   Voltage
----                                   -------
vdd                                       1.32
cm                                         0.6
vd                                      -0.048
ap                                       0.576
an                                       0.624
clku                                         0
clk                                          0
ibn                                   0.185277
xa.x1.tmid                         0.000360352
xa.x1.tail                            0.580822
xa.x1.np                               1.31993
xa.x1.nn                                1.3198
xa.x1.ln                                  1.32
xa.x1.lp                                  1.32
xa.x1.lnb                           1.9159e-05
xa.x1.lpb                          1.94809e-05
xa.x1.na                               1.31999
doutb                                  1.31998
dout                               2.92464e-05
xa.x1.nb                               1.31998
doutn                              2.21564e-05
tcheck                                     125
pa_00                                  185.277
bpa_00#branch                                0
btchk#branch                                 0
bdoutn#branch                                0
bclk#branch                        2.20292e-09
ean#branch                         1.58174e-11
eap#branch                         1.96205e-11
vclku#branch                                 0
vd#branch                                    0
vcm#branch                         3.54379e-11
vsup#branch                       -1.56834e-05


No. of Data Rows : 12214

  Measurements for Transient Analysis

dlev0               =  1.90699e-05
dlev1               =  1.96352e-05
dlev2               =  1.94515e-05
dlev3               =  1.97272e-05
dlev4               =  1.88200e-05
dlev5               =  1.87730e-05
dlev6               =  1.99439e-05
dlev7               =  1.92466e-05
dlev8               =  1.97787e-05
dlev9               =  1.90889e-05
dlev10              =  1.92295e-05
dlev11              =  2.38470e-05
dlev12              =  1.99097e-05
dlev13              =  2.04704e-05
dlev14              =  2.31921e-05
dlev15              =  2.38409e-05
dlev16              =  9.99987e-01
dlev17              =  9.99987e-01
dlev18              =  9.99986e-01
dlev19              =  9.99985e-01
dlev20              =  9.99986e-01
dlev21              =  9.99986e-01
dlev22              =  9.99986e-01
dlev23              =  9.99986e-01
dlev24              =  9.99986e-01
dlev25              =  9.99986e-01
dlev26              =  9.99985e-01
dlev27              =  9.99986e-01
dlev28              =  9.99987e-01
dlev29              =  9.99987e-01
dlev30              =  9.99986e-01
dlev31              =  9.99986e-01
dlev32              =  9.99987e-01
vdd_meas            =  1.32000e+00
temp_meas           =  1.25000e+02
vbias_mv            =  1.85277e+02
lowcount            =  1.59999e+01
vos_mv              =  -1.50026e+00

ngspice-46 done
