
Note: No compatibility mode selected!


Circuit: * klt sim -- generated corner deck, do not edit

Doing analysis at TEMP = -40.000000 and TNOM = 27.000000

Using SPARSE 1.3 as Direct Linear Solver

Initial Transient Solution
--------------------------

Node                                   Voltage
----                                   -------
vdd                                       1.32
cm                                         0.6
vd                                      -0.048
ap                                       0.576
an                                       0.624
clku                                         0
clk                                          0
ibn                                   0.318875
xa.x1.tmid                         8.03545e-08
xa.x1.tail                            0.572353
xa.x1.np                                  1.32
xa.x1.nn                                  1.32
xa.x1.ln                                  1.32
xa.x1.lp                                  1.32
xa.x1.lnb                          3.20629e-08
xa.x1.lpb                          3.28446e-08
xa.x1.na                                 1.299
doutb                                 0.648095
dout                                   0.65107
xa.x1.nb                               1.29788
doutn                                 0.493235
tcheck                                     -40
pa_00                                  318.875
bpa_00#branch                                0
btchk#branch                                 0
bdoutn#branch                                0
bclk#branch                        1.65326e-10
ean#branch                         1.68413e-12
eap#branch                         2.09904e-12
vclku#branch                                 0
vd#branch                                    0
vcm#branch                         3.78317e-12
vsup#branch                       -0.000116367


No. of Data Rows : 12340

  Measurements for Transient Analysis

dlev0               =  6.30543e-06
dlev1               =  -2.78371e-06
dlev2               =  -2.59671e-06
dlev3               =  -4.03753e-06
dlev4               =  -3.03936e-06
dlev5               =  -2.95024e-06
dlev6               =  -2.99756e-06
dlev7               =  9.40697e-07
dlev8               =  1.16567e-06
dlev9               =  1.78560e-06
dlev10              =  1.95689e-06
dlev11              =  -2.65351e-07
dlev12              =  2.29614e-06
dlev13              =  -2.28668e-06
dlev14              =  -3.25906e-06
dlev15              =  2.31299e-06
dlev16              =  8.17279e-08
dlev17              =  1.00000e+00
dlev18              =  1.00000e+00
dlev19              =  1.00000e+00
dlev20              =  9.99999e-01
dlev21              =  9.99997e-01
dlev22              =  9.99999e-01
dlev23              =  1.00000e+00
dlev24              =  1.00000e+00
dlev25              =  1.00000e+00
dlev26              =  1.00000e+00
dlev27              =  1.00000e+00
dlev28              =  1.00000e+00
dlev29              =  1.00000e+00
dlev30              =  1.00000e+00
dlev31              =  9.99997e-01
dlev32              =  9.99997e-01
vdd_meas            =  1.32000e+00
temp_meas           =  -4.00000e+01
vbias_mv            =  3.18875e+02
lowcount            =  1.70000e+01
vos_mv              =  1.50006e+00

ngspice-46 done
