
Note: No compatibility mode selected!


Circuit: * klt sim -- generated corner deck, do not edit

Doing analysis at TEMP = 27.000000 and TNOM = 27.000000

Using SPARSE 1.3 as Direct Linear Solver

Initial Transient Solution
--------------------------

Node                                   Voltage
----                                   -------
vdd                                       1.08
cm                                        0.55
vd                                      -0.048
ap                                       0.526
an                                       0.574
clku                                         0
clk                                          0
ibn                                   0.308258
xa.x1.tmid                         1.26816e-06
xa.x1.tail                            0.529741
xa.x1.np                                  1.08
xa.x1.nn                                  1.08
xa.x1.ln                                  1.08
xa.x1.lp                                  1.08
xa.x1.lnb                          8.58523e-08
xa.x1.lpb                          8.27662e-08
xa.x1.na                                  1.08
doutb                                     1.08
dout                               1.03763e-07
xa.x1.nb                                  1.08
doutn                              9.60772e-08
tcheck                                      27
pa_00                                  308.258
bpa_00#branch                                0
btchk#branch                                 0
bdoutn#branch                                0
bclk#branch                         2.1599e-10
ean#branch                         6.45595e-13
eap#branch                         8.40938e-13
vclku#branch                                 0
vd#branch                                    0
vcm#branch                         1.48653e-12
vsup#branch                       -2.00037e-05


No. of Data Rows : 12160

  Measurements for Transient Analysis

dlev0               =  -2.91654e-06
dlev1               =  -9.78636e-07
dlev2               =  -3.21373e-06
dlev3               =  -6.65428e-07
dlev4               =  -6.70127e-07
dlev5               =  -4.18563e-06
dlev6               =  6.73222e-07
dlev7               =  -3.43326e-06
dlev8               =  -7.28363e-07
dlev9               =  1.12665e-06
dlev10              =  9.29280e-07
dlev11              =  2.91977e-07
dlev12              =  7.51961e-07
dlev13              =  5.68981e-07
dlev14              =  1.72117e-06
dlev15              =  1.03193e-06
dlev16              =  1.00000e+00
dlev17              =  9.99999e-01
dlev18              =  1.00000e+00
dlev19              =  9.99999e-01
dlev20              =  1.00000e+00
dlev21              =  1.00000e+00
dlev22              =  9.99998e-01
dlev23              =  1.00000e+00
dlev24              =  9.99999e-01
dlev25              =  9.99998e-01
dlev26              =  1.00000e+00
dlev27              =  1.00000e+00
dlev28              =  1.00000e+00
dlev29              =  1.00000e+00
dlev30              =  1.00000e+00
dlev31              =  1.00000e+00
dlev32              =  1.00000e+00
vdd_meas            =  1.08000e+00
temp_meas           =  2.70000e+01
vbias_mv            =  3.08258e+02
lowcount            =  1.60000e+01
vos_mv              =  -1.49997e+00
vcm_meas            =  5.50000e-01

ngspice-46 done
