
Note: No compatibility mode selected!


Circuit: * klt sim -- generated corner deck, do not edit

Doing analysis at TEMP = 125.000000 and TNOM = 27.000000

Using SPARSE 1.3 as Direct Linear Solver

Initial Transient Solution
--------------------------

Node                                   Voltage
----                                   -------
vdd                                        1.2
cm                                         0.6
vd                                      -0.048
ap                                       0.576
an                                       0.624
clku                                         0
clk                                          0
ibn                                   0.186825
xa.x1.tmid                         0.000356169
xa.x1.tail                            0.579044
xa.x1.np                               1.19993
xa.x1.nn                               1.19978
xa.x1.ln                                   1.2
xa.x1.lp                                   1.2
xa.x1.lnb                          2.10624e-05
xa.x1.lpb                           2.7929e-05
xa.x1.na                               1.19998
doutb                              3.17206e-05
dout                                   1.19998
xa.x1.nb                               1.19999
doutn                                 0.999984
tcheck                                     125
pa_00                                  186.825
bpa_00#branch                                0
btchk#branch                                 0
bdoutn#branch                                0
bclk#branch                         1.5966e-09
ean#branch                         9.01809e-12
eap#branch                         1.14516e-11
vclku#branch                                 0
vd#branch                                    0
vcm#branch                         2.04697e-11
vsup#branch                       -1.56951e-05


No. of Data Rows : 12140

  Measurements for Transient Analysis

dlev0               =  1.92526e-05
dlev1               =  1.54210e-05
dlev2               =  1.73216e-05
dlev3               =  1.98293e-05
dlev4               =  2.37996e-05
dlev5               =  2.25287e-05
dlev6               =  1.66864e-05
dlev7               =  1.69854e-05
dlev8               =  1.74484e-05
dlev9               =  1.62525e-05
dlev10              =  1.58416e-05
dlev11              =  1.53293e-05
dlev12              =  1.61312e-05
dlev13              =  1.53261e-05
dlev14              =  1.62231e-05
dlev15              =  1.76275e-05
dlev16              =  9.99982e-01
dlev17              =  9.99982e-01
dlev18              =  9.99982e-01
dlev19              =  9.99982e-01
dlev20              =  9.99983e-01
dlev21              =  9.99982e-01
dlev22              =  9.99982e-01
dlev23              =  9.99982e-01
dlev24              =  9.99982e-01
dlev25              =  9.99982e-01
dlev26              =  9.99983e-01
dlev27              =  9.99983e-01
dlev28              =  9.99984e-01
dlev29              =  9.99984e-01
dlev30              =  9.99984e-01
dlev31              =  9.99983e-01
dlev32              =  9.99982e-01
vdd_meas            =  1.20000e+00
temp_meas           =  1.25000e+02
vbias_mv            =  1.86825e+02
lowcount            =  1.60000e+01
vos_mv              =  -1.49996e+00

ngspice-46 done
