
Note: No compatibility mode selected!


Circuit: * klt sim -- generated corner deck, do not edit

Doing analysis at TEMP = 27.000000 and TNOM = 27.000000

Using SPARSE 1.3 as Direct Linear Solver

Initial Transient Solution
--------------------------

Node                                   Voltage
----                                   -------
vdd                                       1.32
cm                                         0.6
vd                                      -0.048
ap                                       0.576
an                                       0.624
clku                                         0
clk                                          0
ibn                                   0.358299
xa.x1.tmid                         9.13204e-08
xa.x1.tail                             0.60056
xa.x1.np                                  1.32
xa.x1.nn                                  1.32
xa.x1.ln                                  1.32
xa.x1.lp                                  1.32
xa.x1.lnb                          2.07928e-08
xa.x1.lpb                          2.04892e-08
xa.x1.na                               1.30163
doutb                                 0.665577
dout                                  0.667422
xa.x1.nb                               1.30094
doutn                                 0.505623
tcheck                                      27
pa_00                                  358.299
bpa_00#branch                                0
btchk#branch                                 0
bdoutn#branch                                0
bclk#branch                        1.33299e-10
ean#branch                         4.03677e-13
eap#branch                         5.10703e-13
vclku#branch                                 0
vd#branch                                    0
vcm#branch                          9.1438e-13
vsup#branch                       -9.06661e-05


No. of Data Rows : 12317

  Measurements for Transient Analysis

dlev0               =  9.19282e-08
dlev1               =  6.41821e-07
dlev2               =  3.06665e-07
dlev3               =  1.55309e-08
dlev4               =  -2.25232e-07
dlev5               =  -2.89863e-07
dlev6               =  -3.21754e-07
dlev7               =  -6.50135e-07
dlev8               =  -2.31502e-07
dlev9               =  -1.68072e-07
dlev10              =  -1.46182e-06
dlev11              =  1.10397e-07
dlev12              =  -1.34491e-06
dlev13              =  -9.06798e-08
dlev14              =  5.94553e-07
dlev15              =  5.92310e-07
dlev16              =  1.00000e+00
dlev17              =  1.00000e+00
dlev18              =  1.00000e+00
dlev19              =  1.00000e+00
dlev20              =  1.00000e+00
dlev21              =  1.00000e+00
dlev22              =  1.00000e+00
dlev23              =  1.00000e+00
dlev24              =  1.00000e+00
dlev25              =  1.00000e+00
dlev26              =  1.00000e+00
dlev27              =  1.00000e+00
dlev28              =  1.00000e+00
dlev29              =  1.00000e+00
dlev30              =  1.00000e+00
dlev31              =  1.00000e+00
dlev32              =  1.00000e+00
vdd_meas            =  1.32000e+00
temp_meas           =  2.70000e+01
vbias_mv            =  3.58299e+02
lowcount            =  1.60000e+01
vos_mv              =  -1.50002e+00

ngspice-46 done
