
Note: No compatibility mode selected!


Circuit: * klt sim -- generated corner deck, do not edit

Doing analysis at TEMP = -40.000000 and TNOM = 27.000000

Using SPARSE 1.3 as Direct Linear Solver

Initial Transient Solution
--------------------------

Node                                   Voltage
----                                   -------
vdd                                       1.32
cm                                         0.6
vd                                      -0.048
ap                                       0.576
an                                       0.624
clku                                         0
clk                                          0
ibn                                   0.369315
xa.x1.tmid                         5.58439e-09
xa.x1.tail                            0.582661
xa.x1.np                                  1.32
xa.x1.nn                                  1.32
xa.x1.ln                                  1.32
xa.x1.lp                                  1.32
xa.x1.lnb                          5.11971e-08
xa.x1.lpb                          5.15952e-08
xa.x1.na                                  1.32
doutb                                     1.32
dout                               5.31629e-08
xa.x1.nb                                  1.32
doutn                              4.02749e-08
tcheck                                     -40
pa_00                                  369.315
bpa_00#branch                                0
btchk#branch                                 0
bdoutn#branch                                0
bclk#branch                        5.02192e-10
ean#branch                         4.01873e-13
eap#branch                         5.05845e-13
vclku#branch                                 0
vd#branch                                    0
vcm#branch                         9.07718e-13
vsup#branch                        -2.0001e-05


No. of Data Rows : 12397

  Measurements for Transient Analysis

dlev0               =  -1.83269e-06
dlev1               =  1.97730e-07
dlev2               =  -4.47969e-06
dlev3               =  6.98063e-07
dlev4               =  1.31527e-07
dlev5               =  -1.41627e-07
dlev6               =  -4.79647e-06
dlev7               =  -5.40188e-06
dlev8               =  -2.90354e-06
dlev9               =  -5.51530e-06
dlev10              =  -4.62186e-06
dlev11              =  -4.65299e-06
dlev12              =  -5.72737e-06
dlev13              =  -6.22736e-06
dlev14              =  -4.69843e-06
dlev15              =  -6.56349e-06
dlev16              =  1.00000e+00
dlev17              =  9.99999e-01
dlev18              =  9.99997e-01
dlev19              =  9.99999e-01
dlev20              =  1.00000e+00
dlev21              =  1.00000e+00
dlev22              =  9.99999e-01
dlev23              =  9.99999e-01
dlev24              =  9.99998e-01
dlev25              =  9.99997e-01
dlev26              =  1.00000e+00
dlev27              =  9.99998e-01
dlev28              =  9.99997e-01
dlev29              =  9.99998e-01
dlev30              =  9.99999e-01
dlev31              =  9.99999e-01
dlev32              =  9.99998e-01
vdd_meas            =  1.32000e+00
temp_meas           =  -4.00000e+01
vbias_mv            =  3.69315e+02
lowcount            =  1.60001e+01
vos_mv              =  -1.49976e+00

ngspice-46 done
