
Note: No compatibility mode selected!


Circuit: * klt sim -- generated corner deck, do not edit

Doing analysis at TEMP = 125.000000 and TNOM = 27.000000

Using SPARSE 1.3 as Direct Linear Solver

Initial Transient Solution
--------------------------

Node                                   Voltage
----                                   -------
vdd                                       1.08
cm                                         0.6
vd                                      -0.048
ap                                       0.576
an                                       0.624
clku                                         0
clk                                          0
ibn                                   0.296456
xa.x1.tmid                         1.57443e-05
xa.x1.tail                            0.585761
xa.x1.np                               1.07999
xa.x1.nn                               1.07998
xa.x1.ln                                  1.08
xa.x1.lp                                  1.08
xa.x1.lnb                          7.98288e-07
xa.x1.lpb                          8.02955e-07
xa.x1.na                               1.06778
doutb                                 0.560271
dout                                   0.55731
xa.x1.nb                               1.06779
doutn                                 0.516028
tcheck                                     125
pa_00                                  296.456
bpa_00#branch                                0
btchk#branch                                 0
bdoutn#branch                                0
bclk#branch                        1.00122e-10
ean#branch                         2.45415e-13
eap#branch                          3.2796e-13
vclku#branch                                 0
vd#branch                                    0
vcm#branch                         5.73375e-13
vsup#branch                       -5.38481e-05


No. of Data Rows : 12032

  Measurements for Transient Analysis

dlev0               =  2.01513e-07
dlev1               =  3.16393e-06
dlev2               =  4.96670e-06
dlev3               =  4.28129e-06
dlev4               =  2.86206e-06
dlev5               =  4.01587e-07
dlev6               =  6.78279e-06
dlev7               =  6.64341e-06
dlev8               =  3.23876e-06
dlev9               =  4.79419e-06
dlev10              =  7.26307e-06
dlev11              =  7.04930e-06
dlev12              =  1.27184e-07
dlev13              =  6.31785e-06
dlev14              =  2.46310e-06
dlev15              =  9.99996e-01
dlev16              =  1.00000e+00
dlev17              =  1.00000e+00
dlev18              =  1.00000e+00
dlev19              =  1.00000e+00
dlev20              =  1.00000e+00
dlev21              =  1.00000e+00
dlev22              =  1.00000e+00
dlev23              =  1.00000e+00
dlev24              =  1.00000e+00
dlev25              =  1.00000e+00
dlev26              =  9.99999e-01
dlev27              =  1.00000e+00
dlev28              =  1.00000e+00
dlev29              =  1.00000e+00
dlev30              =  1.00000e+00
dlev31              =  1.00000e+00
dlev32              =  1.00000e+00
vdd_meas            =  1.08000e+00
temp_meas           =  1.25000e+02
vbias_mv            =  2.96456e+02
lowcount            =  1.49999e+01
vos_mv              =  -4.50017e+00

ngspice-46 done
