
Note: No compatibility mode selected!


Circuit: * klt sim -- generated corner deck, do not edit

Doing analysis at TEMP = -40.000000 and TNOM = 27.000000

Using SPARSE 1.3 as Direct Linear Solver

Initial Transient Solution
--------------------------

Node                                   Voltage
----                                   -------
vdd                                       1.08
cm                                         0.6
vd                                      -0.048
ap                                       0.576
an                                       0.624
clku                                         0
clk                                          0
ibn                                   0.344229
xa.x1.tmid                         2.56094e-08
xa.x1.tail                            0.568409
xa.x1.np                                  1.08
xa.x1.nn                                  1.08
xa.x1.ln                                  1.08
xa.x1.lp                                  1.08
xa.x1.lnb                          2.07705e-08
xa.x1.lpb                          2.09172e-08
xa.x1.na                                  1.08
doutb                                     1.08
dout                               2.17329e-08
xa.x1.nb                                  1.08
doutn                              2.01231e-08
tcheck                                     -40
pa_00                                  344.229
bpa_00#branch                                0
btchk#branch                                 0
bdoutn#branch                                0
bclk#branch                        1.45395e-10
ean#branch                         2.34507e-13
eap#branch                          3.1114e-13
vclku#branch                                 0
vd#branch                                    0
vcm#branch                         5.45647e-13
vsup#branch                       -2.00004e-05


No. of Data Rows : 12143

  Measurements for Transient Analysis

dlev0               =  -9.79749e-07
dlev1               =  5.33474e-07
dlev2               =  -1.02940e-05
dlev3               =  -9.43632e-07
dlev4               =  -1.20202e-06
dlev5               =  3.40541e-08
dlev6               =  3.12958e-07
dlev7               =  -5.03941e-07
dlev8               =  -3.43357e-07
dlev9               =  -5.74175e-07
dlev10              =  4.60447e-07
dlev11              =  -1.35716e-05
dlev12              =  7.05988e-07
dlev13              =  5.74243e-07
dlev14              =  3.02017e-07
dlev15              =  7.67452e-08
dlev16              =  9.43173e-07
dlev17              =  1.00000e+00
dlev18              =  1.00000e+00
dlev19              =  1.00000e+00
dlev20              =  1.00000e+00
dlev21              =  1.00000e+00
dlev22              =  1.00000e+00
dlev23              =  9.99998e-01
dlev24              =  1.00000e+00
dlev25              =  1.00000e+00
dlev26              =  1.00000e+00
dlev27              =  1.00000e+00
dlev28              =  1.00000e+00
dlev29              =  9.99996e-01
dlev30              =  1.00000e+00
dlev31              =  1.00000e+00
dlev32              =  9.99997e-01
vdd_meas            =  1.08000e+00
temp_meas           =  -4.00000e+01
vbias_mv            =  3.44229e+02
lowcount            =  1.70000e+01
vos_mv              =  1.50002e+00

ngspice-46 done
