
Note: No compatibility mode selected!


Circuit: * klt sim -- generated corner deck, do not edit

Doing analysis at TEMP = 27.000000 and TNOM = 27.000000

Using SPARSE 1.3 as Direct Linear Solver

Initial Transient Solution
--------------------------

Node                                   Voltage
----                                   -------
vdd                                       1.32
cm                                         0.6
vd                                      -0.048
ap                                       0.576
an                                       0.624
clku                                         0
clk                                          0
ibn                                   0.356422
xa.x1.tmid                         9.93282e-08
xa.x1.tail                            0.600489
xa.x1.np                                  1.32
xa.x1.nn                                  1.32
xa.x1.ln                                  1.32
xa.x1.lp                                  1.32
xa.x1.lnb                          2.12776e-08
xa.x1.lpb                          2.16862e-08
xa.x1.na                               1.30202
doutb                                 0.669659
dout                                  0.667984
xa.x1.nb                               1.30083
doutn                                 0.506048
tcheck                                      27
pa_00                                  356.422
bpa_00#branch                                0
btchk#branch                                 0
bdoutn#branch                                0
bclk#branch                        1.34406e-10
ean#branch                         4.03677e-13
eap#branch                         5.10592e-13
vclku#branch                                 0
vd#branch                                    0
vcm#branch                         9.14269e-13
vsup#branch                       -8.96021e-05


No. of Data Rows : 12292

  Measurements for Transient Analysis

dlev0               =  -1.33902e-07
dlev1               =  5.64501e-07
dlev2               =  1.56372e-07
dlev3               =  -1.70753e-07
dlev4               =  -4.45306e-07
dlev5               =  -1.17908e-06
dlev6               =  -9.41825e-09
dlev7               =  -9.19970e-07
dlev8               =  -1.37336e-08
dlev9               =  -1.97353e-06
dlev10              =  -1.57390e-07
dlev11              =  5.46679e-07
dlev12              =  -1.69466e-06
dlev13              =  2.45934e-07
dlev14              =  -2.56859e-07
dlev15              =  -5.33225e-08
dlev16              =  5.18049e-07
dlev17              =  9.99999e-01
dlev18              =  9.99998e-01
dlev19              =  1.00000e+00
dlev20              =  1.00000e+00
dlev21              =  9.99999e-01
dlev22              =  9.99999e-01
dlev23              =  9.99999e-01
dlev24              =  1.00000e+00
dlev25              =  9.99999e-01
dlev26              =  9.99999e-01
dlev27              =  9.99999e-01
dlev28              =  9.99999e-01
dlev29              =  9.99999e-01
dlev30              =  1.00000e+00
dlev31              =  1.00000e+00
dlev32              =  1.00000e+00
vdd_meas            =  1.32000e+00
temp_meas           =  2.70000e+01
vbias_mv            =  3.56422e+02
lowcount            =  1.70000e+01
vos_mv              =  1.50005e+00

ngspice-46 done
