
Note: No compatibility mode selected!


Circuit: * klt sim -- generated corner deck, do not edit

Doing analysis at TEMP = -40.000000 and TNOM = 27.000000

Using SPARSE 1.3 as Direct Linear Solver

Initial Transient Solution
--------------------------

Node                                   Voltage
----                                   -------
vdd                                       1.32
cm                                         0.6
vd                                      -0.048
ap                                       0.576
an                                       0.624
clku                                         0
clk                                          0
ibn                                   0.321324
xa.x1.tmid                         8.67299e-08
xa.x1.tail                            0.568611
xa.x1.np                                  1.32
xa.x1.nn                                  1.32
xa.x1.ln                                  1.32
xa.x1.lp                                  1.32
xa.x1.lnb                          3.48962e-08
xa.x1.lpb                          3.35793e-08
xa.x1.na                               1.29845
doutb                                 0.642044
dout                                  0.652659
xa.x1.nb                               1.29775
doutn                                 0.494439
tcheck                                     -40
pa_00                                  321.324
bpa_00#branch                                0
btchk#branch                                 0
bdoutn#branch                                0
bclk#branch                        1.63681e-10
ean#branch                         1.68418e-12
eap#branch                         2.09757e-12
vclku#branch                                 0
vd#branch                                    0
vcm#branch                         3.78175e-12
vsup#branch                       -0.000117533


No. of Data Rows : 12359

  Measurements for Transient Analysis

dlev0               =  -5.22950e-07
dlev1               =  -3.22718e-07
dlev2               =  -3.48667e-07
dlev3               =  -6.51837e-07
dlev4               =  -1.16442e-06
dlev5               =  -1.09262e-06
dlev6               =  -3.51243e-07
dlev7               =  -3.53141e-07
dlev8               =  -4.38755e-07
dlev9               =  -3.01972e-06
dlev10              =  9.20199e-08
dlev11              =  4.08081e-07
dlev12              =  7.78917e-07
dlev13              =  7.85744e-08
dlev14              =  -3.20876e-07
dlev15              =  7.90710e-07
dlev16              =  8.50519e-07
dlev17              =  1.00000e+00
dlev18              =  1.00000e+00
dlev19              =  1.00000e+00
dlev20              =  1.00000e+00
dlev21              =  9.99998e-01
dlev22              =  9.99999e-01
dlev23              =  1.00000e+00
dlev24              =  1.00000e+00
dlev25              =  9.99999e-01
dlev26              =  1.00000e+00
dlev27              =  1.00000e+00
dlev28              =  1.00000e+00
dlev29              =  1.00000e+00
dlev30              =  1.00000e+00
dlev31              =  9.99999e-01
dlev32              =  9.99999e-01
vdd_meas            =  1.32000e+00
temp_meas           =  -4.00000e+01
vbias_mv            =  3.21324e+02
lowcount            =  1.70000e+01
vos_mv              =  1.50004e+00

ngspice-46 done
