
Note: No compatibility mode selected!


Circuit: * klt sim -- generated corner deck, do not edit

Doing analysis at TEMP = -40.000000 and TNOM = 27.000000

Using SPARSE 1.3 as Direct Linear Solver

Initial Transient Solution
--------------------------

Node                                   Voltage
----                                   -------
vdd                                       1.08
cm                                         0.6
vd                                      -0.048
ap                                       0.576
an                                       0.624
clku                                         0
clk                                          0
ibn                                    0.31538
xa.x1.tmid                         4.15802e-08
xa.x1.tail                            0.565481
xa.x1.np                                  1.08
xa.x1.nn                                  1.08
xa.x1.ln                                  1.08
xa.x1.lp                                  1.08
xa.x1.lnb                           2.2318e-08
xa.x1.lpb                          2.09807e-08
xa.x1.na                                  1.08
doutb                              2.19643e-08
dout                                      1.08
xa.x1.nb                                  1.08
doutn                                        1
tcheck                                     -40
pa_00                                   315.38
bpa_00#branch                                0
btchk#branch                                 0
bdoutn#branch                                0
bclk#branch                        1.43894e-10
ean#branch                         2.34507e-13
eap#branch                         3.11168e-13
vclku#branch                                 0
vd#branch                                    0
vcm#branch                         5.45675e-13
vsup#branch                       -1.00004e-05


No. of Data Rows : 12060

  Measurements for Transient Analysis

dlev0               =  4.63685e-06
dlev1               =  7.62420e-06
dlev2               =  8.23512e-06
dlev3               =  8.87432e-06
dlev4               =  -3.98851e-06
dlev5               =  -4.98587e-06
dlev6               =  7.50510e-06
dlev7               =  7.14314e-06
dlev8               =  2.67416e-06
dlev9               =  6.62639e-06
dlev10              =  1.42727e-06
dlev11              =  -4.38265e-06
dlev12              =  -4.28925e-06
dlev13              =  8.50705e-06
dlev14              =  -4.08812e-06
dlev15              =  -3.96139e-06
dlev16              =  5.02780e-07
dlev17              =  9.99999e-01
dlev18              =  9.99994e-01
dlev19              =  9.99996e-01
dlev20              =  9.99996e-01
dlev21              =  9.99994e-01
dlev22              =  1.00000e+00
dlev23              =  1.00000e+00
dlev24              =  1.00000e+00
dlev25              =  9.99995e-01
dlev26              =  1.00000e+00
dlev27              =  1.00000e+00
dlev28              =  1.00000e+00
dlev29              =  1.00000e+00
dlev30              =  9.99999e-01
dlev31              =  9.99999e-01
dlev32              =  1.00000e+00
vdd_meas            =  1.08000e+00
temp_meas           =  -4.00000e+01
vbias_mv            =  3.15380e+02
lowcount            =  1.70000e+01
vos_mv              =  1.49997e+00

ngspice-46 done
