
Note: No compatibility mode selected!


Circuit: * klt sim -- generated corner deck, do not edit

Doing analysis at TEMP = 27.000000 and TNOM = 27.000000

Using SPARSE 1.3 as Direct Linear Solver

Initial Transient Solution
--------------------------

Node                                   Voltage
----                                   -------
vdd                                        1.2
cm                                         0.6
vd                                      -0.048
ap                                       0.576
an                                       0.624
clku                                         0
clk                                          0
ibn                                   0.232584
xa.x1.tmid                         1.13216e-05
xa.x1.tail                            0.571693
xa.x1.np                                   1.2
xa.x1.nn                               1.19999
xa.x1.ln                                   1.2
xa.x1.lp                                   1.2
xa.x1.lnb                          6.20515e-07
xa.x1.lpb                           5.7039e-07
xa.x1.na                               1.17573
doutb                                 0.619111
dout                                  0.627752
xa.x1.nb                               1.17389
doutn                                 0.523127
tcheck                                      27
pa_00                                  232.584
bpa_00#branch                                0
btchk#branch                                 0
bdoutn#branch                                0
bclk#branch                        9.95725e-10
ean#branch                          4.0421e-12
eap#branch                         5.12304e-12
vclku#branch                                 0
vd#branch                                    0
vcm#branch                         9.16514e-12
vsup#branch                       -0.000128181


No. of Data Rows : 12153

  Measurements for Transient Analysis

dlev0               =  -1.01885e-06
dlev1               =  -1.35800e-06
dlev2               =  -4.71471e-06
dlev3               =  2.38384e-07
dlev4               =  -4.16794e-07
dlev5               =  -1.83488e-06
dlev6               =  -9.62887e-07
dlev7               =  -5.75601e-06
dlev8               =  -6.98262e-06
dlev9               =  -3.31406e-06
dlev10              =  -3.04224e-06
dlev11              =  -4.92926e-06
dlev12              =  -4.90539e-06
dlev13              =  -2.29675e-07
dlev14              =  -5.15789e-07
dlev15              =  -5.18707e-06
dlev16              =  -5.95011e-06
dlev17              =  9.99999e-01
dlev18              =  9.99997e-01
dlev19              =  9.99997e-01
dlev20              =  9.99998e-01
dlev21              =  9.99998e-01
dlev22              =  9.99999e-01
dlev23              =  9.99998e-01
dlev24              =  9.99997e-01
dlev25              =  9.99998e-01
dlev26              =  9.99998e-01
dlev27              =  9.99997e-01
dlev28              =  9.99999e-01
dlev29              =  9.99999e-01
dlev30              =  9.99999e-01
dlev31              =  9.99999e-01
dlev32              =  9.99999e-01
vdd_meas            =  1.20000e+00
temp_meas           =  2.70000e+01
vbias_mv            =  2.32584e+02
lowcount            =  1.70001e+01
vos_mv              =  1.50024e+00

ngspice-46 done
