
Note: No compatibility mode selected!


Circuit: * klt sim -- generated corner deck, do not edit

Doing analysis at TEMP = 27.000000 and TNOM = 27.000000

Using SPARSE 1.3 as Direct Linear Solver

Initial Transient Solution
--------------------------

Node                                   Voltage
----                                   -------
vdd                                       1.32
cm                                         0.6
vd                                      -0.048
ap                                       0.576
an                                       0.624
clku                                         0
clk                                          0
ibn                                   0.267088
xa.x1.tmid                         6.35564e-06
xa.x1.tail                            0.546574
xa.x1.np                                  1.32
xa.x1.nn                               1.31999
xa.x1.ln                                  1.32
xa.x1.lp                                  1.32
xa.x1.lnb                          6.11575e-07
xa.x1.lpb                          6.28501e-07
xa.x1.na                               1.28561
doutb                                 0.677246
dout                                  0.672828
xa.x1.nb                               1.28422
doutn                                 0.509718
tcheck                                      27
pa_00                                  267.088
bpa_00#branch                                0
btchk#branch                                 0
bdoutn#branch                                0
bclk#branch                        1.37471e-09
ean#branch                         3.54865e-12
eap#branch                         4.39887e-12
vclku#branch                                 0
vd#branch                                    0
vcm#branch                         7.94752e-12
vsup#branch                       -0.000212336


No. of Data Rows : 12258

  Measurements for Transient Analysis

dlev0               =  7.80568e-06
dlev1               =  -4.91249e-06
dlev2               =  -4.41353e-06
dlev3               =  -3.79233e-06
dlev4               =  3.96982e-06
dlev5               =  4.91726e-06
dlev6               =  5.55112e-06
dlev7               =  6.30449e-06
dlev8               =  4.61634e-06
dlev9               =  5.65851e-06
dlev10              =  6.11572e-06
dlev11              =  6.81389e-06
dlev12              =  9.47710e-08
dlev13              =  -2.32000e-06
dlev14              =  2.60688e-06
dlev15              =  -1.99083e-06
dlev16              =  5.31316e-06
dlev17              =  5.95628e-06
dlev18              =  1.00000e+00
dlev19              =  1.00000e+00
dlev20              =  1.00000e+00
dlev21              =  1.00000e+00
dlev22              =  9.99999e-01
dlev23              =  9.99998e-01
dlev24              =  9.99998e-01
dlev25              =  1.00000e+00
dlev26              =  1.00000e+00
dlev27              =  1.00000e+00
dlev28              =  1.00000e+00
dlev29              =  1.00000e+00
dlev30              =  1.00000e+00
dlev31              =  1.00000e+00
dlev32              =  1.00000e+00
vdd_meas            =  1.32000e+00
temp_meas           =  2.70000e+01
vbias_mv            =  2.67088e+02
lowcount            =  1.79999e+01
vos_mv              =  4.49981e+00

ngspice-46 done
