
Note: No compatibility mode selected!


Circuit: * klt sim -- generated corner deck, do not edit

Doing analysis at TEMP = 27.000000 and TNOM = 27.000000

Using SPARSE 1.3 as Direct Linear Solver

Initial Transient Solution
--------------------------

Node                                   Voltage
----                                   -------
vdd                                       1.08
cm                                        0.65
vd                                      -0.048
ap                                       0.626
an                                       0.674
clku                                         0
clk                                          0
ibn                                   0.355463
xa.x1.tmid                          8.6289e-08
xa.x1.tail                             0.64245
xa.x1.np                                  1.08
xa.x1.nn                                  1.08
xa.x1.ln                                  1.08
xa.x1.lp                                  1.08
xa.x1.lnb                          1.44667e-08
xa.x1.lpb                          1.53462e-08
xa.x1.na                               1.07512
doutb                                 0.552662
dout                                  0.554316
xa.x1.nb                               1.07531
doutn                                 0.513255
tcheck                                      27
pa_00                                  355.463
bpa_00#branch                                0
btchk#branch                                 0
bdoutn#branch                                0
bclk#branch                        6.61086e-11
ean#branch                         8.00193e-14
eap#branch                         1.09329e-13
vclku#branch                                 0
vd#branch                                    0
vcm#branch                         1.89349e-13
vsup#branch                        -3.3899e-05


No. of Data Rows : 12076

  Measurements for Transient Analysis

dlev0               =  -6.01906e-06
dlev1               =  -6.01835e-06
dlev2               =  -6.14055e-06
dlev3               =  -6.24077e-06
dlev4               =  -6.44041e-06
dlev5               =  -6.61166e-06
dlev6               =  -6.87146e-06
dlev7               =  -6.42322e-06
dlev8               =  -7.28321e-06
dlev9               =  -7.69083e-06
dlev10              =  -8.21875e-06
dlev11              =  -8.90836e-06
dlev12              =  -9.53784e-06
dlev13              =  -6.70160e-06
dlev14              =  -1.02424e-05
dlev15              =  -1.13295e-05
dlev16              =  -5.81775e-06
dlev17              =  9.99999e-01
dlev18              =  9.99997e-01
dlev19              =  9.99998e-01
dlev20              =  9.99998e-01
dlev21              =  9.99998e-01
dlev22              =  9.99998e-01
dlev23              =  9.99998e-01
dlev24              =  9.99999e-01
dlev25              =  9.99999e-01
dlev26              =  9.99999e-01
dlev27              =  9.99999e-01
dlev28              =  9.99999e-01
dlev29              =  9.99999e-01
dlev30              =  9.99999e-01
dlev31              =  9.99999e-01
dlev32              =  1.00000e+00
vdd_meas            =  1.08000e+00
temp_meas           =  2.70000e+01
vbias_mv            =  3.55463e+02
lowcount            =  1.70001e+01
vos_mv              =  1.50045e+00
vcm_meas            =  6.50000e-01

ngspice-46 done
