
Note: No compatibility mode selected!


Circuit: * klt sim -- generated corner deck, do not edit

Doing analysis at TEMP = 27.000000 and TNOM = 27.000000

Using SPARSE 1.3 as Direct Linear Solver

Initial Transient Solution
--------------------------

Node                                   Voltage
----                                   -------
vdd                                        1.2
cm                                         0.6
vd                                      -0.048
ap                                       0.576
an                                       0.624
clku                                         0
clk                                          0
ibn                                   0.356433
xa.x1.tmid                         8.07888e-08
xa.x1.tail                            0.568579
xa.x1.np                                   1.2
xa.x1.nn                                   1.2
xa.x1.ln                                   1.2
xa.x1.lp                                   1.2
xa.x1.lnb                          1.61304e-08
xa.x1.lpb                          1.70187e-08
xa.x1.na                                   1.2
doutb                              1.75116e-08
dout                                       1.2
xa.x1.nb                                   1.2
doutn                                        1
tcheck                                      27
pa_00                                  356.433
bpa_00#branch                                0
btchk#branch                                 0
bdoutn#branch                                0
bclk#branch                        9.49878e-11
ean#branch                         1.08427e-13
eap#branch                         1.40568e-13
vclku#branch                                 0
vd#branch                                    0
vcm#branch                         2.48995e-13
vsup#branch                       -2.00004e-05


No. of Data Rows : 12089

  Measurements for Transient Analysis

dlev0               =  1.52960e-06
dlev1               =  -5.05722e-06
dlev2               =  -5.91537e-07
dlev3               =  -5.55015e-07
dlev4               =  2.92252e-06
dlev5               =  1.48183e-06
dlev6               =  -8.93071e-07
dlev7               =  2.15534e-06
dlev8               =  -4.20748e-07
dlev9               =  -4.70295e-06
dlev10              =  -6.07426e-07
dlev11              =  -5.10991e-07
dlev12              =  -4.86606e-08
dlev13              =  -6.79064e-07
dlev14              =  -4.62849e-07
dlev15              =  -2.93458e-07
dlev16              =  1.00000e+00
dlev17              =  1.00000e+00
dlev18              =  1.00000e+00
dlev19              =  1.00000e+00
dlev20              =  1.00000e+00
dlev21              =  1.00000e+00
dlev22              =  9.99999e-01
dlev23              =  1.00000e+00
dlev24              =  9.99999e-01
dlev25              =  1.00000e+00
dlev26              =  1.00000e+00
dlev27              =  9.99999e-01
dlev28              =  9.99999e-01
dlev29              =  9.99999e-01
dlev30              =  9.99999e-01
dlev31              =  9.99999e-01
dlev32              =  9.99999e-01
vdd_meas            =  1.20000e+00
temp_meas           =  2.70000e+01
vbias_mv            =  3.56433e+02
lowcount            =  1.60000e+01
vos_mv              =  -1.49998e+00

ngspice-46 done
