
Note: No compatibility mode selected!


Circuit: * klt sim -- generated corner deck, do not edit

Doing analysis at TEMP = -40.000000 and TNOM = 27.000000

Using SPARSE 1.3 as Direct Linear Solver
Note: Starting dynamic gmin stepping
Note: Dynamic gmin stepping completed

Initial Transient Solution
--------------------------

Node                                   Voltage
----                                   -------
vdd                                       1.08
cm                                         0.6
vd                                      -0.048
ap                                       0.576
an                                       0.624
clku                                         0
clk                                          0
ibn                                   0.366459
xa.x1.tmid                         5.35835e-09
xa.x1.tail                            0.578953
xa.x1.np                                  1.08
xa.x1.nn                                  1.08
xa.x1.ln                                  1.08
xa.x1.lp                                  1.08
xa.x1.lnb                          3.73335e-08
xa.x1.lpb                          3.63839e-08
xa.x1.na                               1.07479
doutb                                 0.585855
dout                                  0.590599
xa.x1.nb                               1.07408
doutn                                 0.546851
tcheck                                     -40
pa_00                                  366.459
bpa_00#branch                                0
btchk#branch                                 0
bdoutn#branch                                0
bclk#branch                        2.53958e-10
ean#branch                          1.1155e-13
eap#branch                         1.48742e-13
vclku#branch                                 0
vd#branch                                    0
vcm#branch                         2.60292e-13
vsup#branch                       -4.28492e-05


No. of Data Rows : 12184

  Measurements for Transient Analysis

dlev0               =  1.50204e-06
dlev1               =  4.43717e-07
dlev2               =  3.60360e-07
dlev3               =  2.30828e-06
dlev4               =  -7.72230e-06
dlev5               =  3.89193e-07
dlev6               =  7.03869e-06
dlev7               =  -8.37346e-06
dlev8               =  -8.31857e-06
dlev9               =  -2.10149e-06
dlev10              =  -8.34659e-06
dlev11              =  5.70074e-06
dlev12              =  -2.00381e-06
dlev13              =  -8.48073e-06
dlev14              =  -8.29734e-06
dlev15              =  -7.95861e-06
dlev16              =  -7.38453e-06
dlev17              =  6.87717e-06
dlev18              =  1.00000e+00
dlev19              =  9.99999e-01
dlev20              =  9.99999e-01
dlev21              =  9.99999e-01
dlev22              =  9.99999e-01
dlev23              =  9.99999e-01
dlev24              =  9.99997e-01
dlev25              =  9.99999e-01
dlev26              =  9.99999e-01
dlev27              =  9.99999e-01
dlev28              =  9.99999e-01
dlev29              =  9.99999e-01
dlev30              =  9.99998e-01
dlev31              =  9.99997e-01
dlev32              =  9.99997e-01
vdd_meas            =  1.08000e+00
temp_meas           =  -4.00000e+01
vbias_mv            =  3.66459e+02
lowcount            =  1.80001e+01
vos_mv              =  4.50018e+00

ngspice-46 done
