
Note: No compatibility mode selected!


Circuit: * klt sim -- generated corner deck, do not edit

Doing analysis at TEMP = 125.000000 and TNOM = 27.000000

Using SPARSE 1.3 as Direct Linear Solver
Note: Starting dynamic gmin stepping
Note: Dynamic gmin stepping completed

Initial Transient Solution
--------------------------

Node                                   Voltage
----                                   -------
vdd                                        1.2
cm                                         0.6
vd                                      -0.048
ap                                       0.576
an                                       0.624
clku                                         0
clk                                          0
ibn                                   0.227089
xa.x1.tmid                         0.000167232
xa.x1.tail                            0.557355
xa.x1.np                               1.19995
xa.x1.nn                               1.19983
xa.x1.ln                                   1.2
xa.x1.lp                                   1.2
xa.x1.lnb                          1.61739e-06
xa.x1.lpb                          1.73974e-06
xa.x1.na                               1.16799
doutb                                 0.588715
dout                                  0.571919
xa.x1.nb                               1.17051
doutn                                 0.476599
tcheck                                     125
pa_00                                  227.089
bpa_00#branch                                0
btchk#branch                                 0
bdoutn#branch                                0
bclk#branch                        2.75653e-10
ean#branch                         2.88389e-12
eap#branch                         3.68534e-12
vclku#branch                                 0
vd#branch                                    0
vcm#branch                         6.56923e-12
vsup#branch                       -0.000123725


No. of Data Rows : 12105

  Measurements for Transient Analysis

dlev0               =  3.57069e-06
dlev1               =  1.89045e-06
dlev2               =  2.55838e-06
dlev3               =  1.60877e-06
dlev4               =  2.79806e-06
dlev5               =  3.17311e-06
dlev6               =  2.41806e-06
dlev7               =  1.57910e-06
dlev8               =  1.98394e-06
dlev9               =  2.11746e-06
dlev10              =  1.87179e-06
dlev11              =  1.48982e-06
dlev12              =  1.50140e-06
dlev13              =  3.16668e-06
dlev14              =  2.79801e-06
dlev15              =  2.86073e-06
dlev16              =  3.40840e-06
dlev17              =  9.99991e-01
dlev18              =  9.99991e-01
dlev19              =  9.99990e-01
dlev20              =  9.99990e-01
dlev21              =  9.99990e-01
dlev22              =  9.99991e-01
dlev23              =  9.99990e-01
dlev24              =  9.99990e-01
dlev25              =  9.99991e-01
dlev26              =  9.99990e-01
dlev27              =  9.99990e-01
dlev28              =  9.99990e-01
dlev29              =  9.99990e-01
dlev30              =  9.99991e-01
dlev31              =  9.99990e-01
dlev32              =  9.99990e-01
vdd_meas            =  1.20000e+00
temp_meas           =  1.25000e+02
vbias_mv            =  2.27089e+02
lowcount            =  1.70001e+01
vos_mv              =  1.50035e+00

ngspice-46 done
