
Note: No compatibility mode selected!


Circuit: * klt sim -- generated corner deck, do not edit

Doing analysis at TEMP = -40.000000 and TNOM = 27.000000

Using SPARSE 1.3 as Direct Linear Solver

Initial Transient Solution
--------------------------

Node                                   Voltage
----                                   -------
vdd                                       1.32
cm                                         0.6
vd                                      -0.048
ap                                       0.576
an                                       0.624
clku                                         0
clk                                          0
ibn                                   0.344347
xa.x1.tmid                         2.66287e-08
xa.x1.tail                            0.571619
xa.x1.np                                  1.32
xa.x1.nn                                  1.32
xa.x1.ln                                  1.32
xa.x1.lp                                  1.32
xa.x1.lnb                          3.37257e-08
xa.x1.lpb                          3.46742e-08
xa.x1.na                                  1.32
doutb                                     1.32
dout                               3.40326e-08
xa.x1.nb                                  1.32
doutn                              2.57822e-08
tcheck                                     -40
pa_00                                  344.347
bpa_00#branch                                0
btchk#branch                                 0
bdoutn#branch                                0
bclk#branch                        2.84925e-10
ean#branch                         8.22065e-13
eap#branch                          1.0299e-12
vclku#branch                                 0
vd#branch                                    0
vcm#branch                         1.85196e-12
vsup#branch                       -2.00007e-05


No. of Data Rows : 12406

  Measurements for Transient Analysis

dlev0               =  -6.68861e-07
dlev1               =  -4.80121e-06
dlev2               =  -4.67026e-06
dlev3               =  -3.46435e-08
dlev4               =  -5.72553e-07
dlev5               =  -5.64589e-07
dlev6               =  -5.06587e-07
dlev7               =  -4.69053e-07
dlev8               =  -5.82058e-07
dlev9               =  1.55833e-07
dlev10              =  -4.58353e-06
dlev11              =  -4.12347e-06
dlev12              =  2.74681e-07
dlev13              =  -3.78228e-06
dlev14              =  -1.63351e-06
dlev15              =  -1.47269e-06
dlev16              =  -3.61426e-06
dlev17              =  1.00000e+00
dlev18              =  1.00000e+00
dlev19              =  1.00000e+00
dlev20              =  9.99999e-01
dlev21              =  9.99999e-01
dlev22              =  9.99998e-01
dlev23              =  9.99998e-01
dlev24              =  1.00000e+00
dlev25              =  1.00000e+00
dlev26              =  1.00000e+00
dlev27              =  1.00000e+00
dlev28              =  1.00000e+00
dlev29              =  1.00000e+00
dlev30              =  1.00000e+00
dlev31              =  1.00000e+00
dlev32              =  9.99998e-01
vdd_meas            =  1.32000e+00
temp_meas           =  -4.00000e+01
vbias_mv            =  3.44347e+02
lowcount            =  1.70000e+01
vos_mv              =  1.50012e+00
vcm_meas            =  6.00000e-01

ngspice-46 done
