
Note: No compatibility mode selected!


Circuit: * klt sim -- generated corner deck, do not edit

Doing analysis at TEMP = 27.000000 and TNOM = 27.000000

Using SPARSE 1.3 as Direct Linear Solver

Initial Transient Solution
--------------------------

Node                                   Voltage
----                                   -------
vdd                                       1.32
cm                                         0.6
vd                                      -0.048
ap                                       0.576
an                                       0.624
clku                                         0
clk                                          0
ibn                                   0.262296
xa.x1.tmid                         7.46414e-06
xa.x1.tail                            0.577538
xa.x1.np                                  1.32
xa.x1.nn                               1.31999
xa.x1.ln                                  1.32
xa.x1.lp                                  1.32
xa.x1.lnb                          6.53259e-07
xa.x1.lpb                           7.0193e-07
xa.x1.na                               1.28432
doutb                                 0.680951
dout                                  0.673469
xa.x1.nb                               1.28357
doutn                                 0.510204
tcheck                                      27
pa_00                                  262.296
bpa_00#branch                                0
btchk#branch                                 0
bdoutn#branch                                0
bclk#branch                        1.36816e-09
ean#branch                         7.09977e-12
eap#branch                         8.80201e-12
vclku#branch                                 0
vd#branch                                    0
vcm#branch                         1.59018e-11
vsup#branch                       -0.000213404


No. of Data Rows : 12397

  Measurements for Transient Analysis

dlev0               =  -1.36042e-06
dlev1               =  -4.54123e-06
dlev2               =  -1.78267e-06
dlev3               =  5.20163e-07
dlev4               =  3.35827e-07
dlev5               =  -8.77595e-06
dlev6               =  -3.63048e-06
dlev7               =  2.67204e-07
dlev8               =  4.09469e-06
dlev9               =  3.15531e-06
dlev10              =  3.31635e-06
dlev11              =  2.19785e-06
dlev12              =  2.21992e-06
dlev13              =  -1.74998e-06
dlev14              =  3.81488e-06
dlev15              =  -2.15780e-06
dlev16              =  1.00000e+00
dlev17              =  1.00000e+00
dlev18              =  1.00000e+00
dlev19              =  9.99997e-01
dlev20              =  1.00000e+00
dlev21              =  9.99998e-01
dlev22              =  9.99999e-01
dlev23              =  9.99999e-01
dlev24              =  9.99998e-01
dlev25              =  9.99996e-01
dlev26              =  9.99999e-01
dlev27              =  9.99999e-01
dlev28              =  9.99998e-01
dlev29              =  9.99999e-01
dlev30              =  9.99997e-01
dlev31              =  9.99997e-01
dlev32              =  9.99998e-01
vdd_meas            =  1.32000e+00
temp_meas           =  2.70000e+01
vbias_mv            =  2.62296e+02
lowcount            =  1.60000e+01
vos_mv              =  -1.49991e+00

ngspice-46 done
