
Note: No compatibility mode selected!


Circuit: * klt sim -- generated corner deck, do not edit

Doing analysis at TEMP = -40.000000 and TNOM = 27.000000

Using SPARSE 1.3 as Direct Linear Solver
Note: Starting dynamic gmin stepping
Note: Dynamic gmin stepping completed

Initial Transient Solution
--------------------------

Node                                   Voltage
----                                   -------
vdd                                       1.32
cm                                         0.6
vd                                      -0.048
ap                                       0.576
an                                       0.624
clku                                         0
clk                                          0
ibn                                   0.378705
xa.x1.tmid                         1.44875e-09
xa.x1.tail                            0.599458
xa.x1.np                                  1.32
xa.x1.nn                                  1.32
xa.x1.ln                                  1.32
xa.x1.lp                                  1.32
xa.x1.lnb                           1.0405e-08
xa.x1.lpb                          1.03616e-08
xa.x1.na                               1.30749
doutb                                 0.665713
dout                                  0.671416
xa.x1.nb                               1.30579
doutn                                 0.508649
tcheck                                     -40
pa_00                                  378.705
bpa_00#branch                                0
btchk#branch                                 0
bdoutn#branch                                0
bclk#branch                        8.92498e-11
ean#branch                         1.96315e-13
eap#branch                         2.48607e-13
vclku#branch                                 0
vd#branch                                    0
vcm#branch                         4.44922e-13
vsup#branch                       -7.03376e-05


No. of Data Rows : 12355

  Measurements for Transient Analysis

dlev0               =  3.05678e-06
dlev1               =  2.99752e-06
dlev2               =  2.92380e-06
dlev3               =  2.80945e-06
dlev4               =  -3.58076e-07
dlev5               =  5.00482e-08
dlev6               =  1.73007e-07
dlev7               =  -7.79531e-06
dlev8               =  -7.79423e-06
dlev9               =  -4.44671e-06
dlev10              =  -5.82754e-06
dlev11              =  -5.89330e-07
dlev12              =  1.07552e-07
dlev13              =  -7.37281e-06
dlev14              =  -8.13887e-06
dlev15              =  -7.03541e-06
dlev16              =  -7.92971e-06
dlev17              =  1.00000e+00
dlev18              =  9.99996e-01
dlev19              =  9.99996e-01
dlev20              =  9.99996e-01
dlev21              =  9.99997e-01
dlev22              =  9.99996e-01
dlev23              =  9.99996e-01
dlev24              =  9.99996e-01
dlev25              =  9.99998e-01
dlev26              =  9.99998e-01
dlev27              =  1.00000e+00
dlev28              =  1.00000e+00
dlev29              =  9.99999e-01
dlev30              =  9.99999e-01
dlev31              =  1.00000e+00
dlev32              =  1.00000e+00
vdd_meas            =  1.32000e+00
temp_meas           =  -4.00000e+01
vbias_mv            =  3.78705e+02
lowcount            =  1.70001e+01
vos_mv              =  1.50023e+00

ngspice-46 done
