
Note: No compatibility mode selected!


Circuit: * klt sim -- generated corner deck, do not edit

Doing analysis at TEMP = 125.000000 and TNOM = 27.000000

Using SPARSE 1.3 as Direct Linear Solver

Initial Transient Solution
--------------------------

Node                                   Voltage
----                                   -------
vdd                                       1.32
cm                                         0.6
vd                                      -0.048
ap                                       0.576
an                                       0.624
clku                                         0
clk                                          0
ibn                                   0.247962
xa.x1.tmid                         8.31564e-05
xa.x1.tail                            0.562047
xa.x1.np                               1.31998
xa.x1.nn                               1.31993
xa.x1.ln                                  1.32
xa.x1.lp                                  1.32
xa.x1.lnb                          3.34884e-06
xa.x1.lpb                          3.17191e-06
xa.x1.na                               1.27944
doutb                                 0.671035
dout                                  0.676167
xa.x1.nb                               1.28057
doutn                                 0.512248
tcheck                                     125
pa_00                                  247.962
bpa_00#branch                                0
btchk#branch                                 0
bdoutn#branch                                0
bclk#branch                        6.73311e-10
ean#branch                         2.50935e-12
eap#branch                          3.1445e-12
vclku#branch                                 0
vd#branch                                    0
vcm#branch                         5.65385e-12
vsup#branch                       -0.000181848


No. of Data Rows : 12209

  Measurements for Transient Analysis

dlev0               =  -2.53481e-06
dlev1               =  2.28891e-06
dlev2               =  8.88654e-06
dlev3               =  9.66845e-06
dlev4               =  9.76363e-06
dlev5               =  5.65765e-06
dlev6               =  1.27798e-06
dlev7               =  9.96277e-06
dlev8               =  5.67414e-06
dlev9               =  3.79490e-06
dlev10              =  3.51131e-06
dlev11              =  7.14550e-06
dlev12              =  3.28588e-06
dlev13              =  5.50151e-06
dlev14              =  8.40110e-06
dlev15              =  8.40195e-06
dlev16              =  3.59055e-07
dlev17              =  8.95674e-06
dlev18              =  6.77053e-06
dlev19              =  9.99992e-01
dlev20              =  9.99995e-01
dlev21              =  9.99995e-01
dlev22              =  9.99996e-01
dlev23              =  9.99995e-01
dlev24              =  9.99996e-01
dlev25              =  9.99996e-01
dlev26              =  9.99996e-01
dlev27              =  9.99996e-01
dlev28              =  9.99997e-01
dlev29              =  9.99997e-01
dlev30              =  9.99996e-01
dlev31              =  9.99996e-01
dlev32              =  9.99995e-01
vdd_meas            =  1.32000e+00
temp_meas           =  1.25000e+02
vbias_mv            =  2.47962e+02
lowcount            =  1.90000e+01
vos_mv              =  7.49986e+00

ngspice-46 done
