
Note: No compatibility mode selected!


Circuit: * klt sim -- generated corner deck, do not edit

Doing analysis at TEMP = 27.000000 and TNOM = 27.000000

Using SPARSE 1.3 as Direct Linear Solver

Initial Transient Solution
--------------------------

Node                                   Voltage
----                                   -------
vdd                                       1.32
cm                                         0.6
vd                                      -0.048
ap                                       0.576
an                                       0.624
clku                                         0
clk                                          0
ibn                                   0.357944
xa.x1.tmid                         7.40613e-08
xa.x1.tail                             0.58765
xa.x1.np                                  1.32
xa.x1.nn                                  1.32
xa.x1.ln                                  1.32
xa.x1.lp                                  1.32
xa.x1.lnb                          2.04052e-08
xa.x1.lpb                          2.18863e-08
xa.x1.na                                  1.32
doutb                              2.24341e-08
dout                                      1.32
xa.x1.nb                                  1.32
doutn                                        1
tcheck                                      27
pa_00                                  357.944
bpa_00#branch                                0
btchk#branch                                 0
bdoutn#branch                                0
bclk#branch                        1.34509e-10
ean#branch                          2.6909e-13
eap#branch                         3.40741e-13
vclku#branch                                 0
vd#branch                                    0
vcm#branch                         6.09832e-13
vsup#branch                       -2.00005e-05


No. of Data Rows : 12204

  Measurements for Transient Analysis

dlev0               =  9.16554e-07
dlev1               =  3.16698e-06
dlev2               =  1.76769e-06
dlev3               =  9.77879e-06
dlev4               =  4.61784e-07
dlev5               =  1.06411e-07
dlev6               =  4.07497e-06
dlev7               =  9.83124e-08
dlev8               =  7.48657e-07
dlev9               =  1.83157e-06
dlev10              =  6.88392e-06
dlev11              =  4.57939e-06
dlev12              =  -1.22714e-06
dlev13              =  -1.55254e-06
dlev14              =  -1.61981e-06
dlev15              =  9.97647e-06
dlev16              =  1.00000e+00
dlev17              =  1.00000e+00
dlev18              =  1.00000e+00
dlev19              =  1.00000e+00
dlev20              =  1.00000e+00
dlev21              =  1.00000e+00
dlev22              =  1.00000e+00
dlev23              =  1.00000e+00
dlev24              =  1.00000e+00
dlev25              =  1.00000e+00
dlev26              =  1.00000e+00
dlev27              =  1.00000e+00
dlev28              =  1.00000e+00
dlev29              =  1.00000e+00
dlev30              =  1.00000e+00
dlev31              =  1.00000e+00
dlev32              =  1.00000e+00
vdd_meas            =  1.32000e+00
temp_meas           =  2.70000e+01
vbias_mv            =  3.57944e+02
lowcount            =  1.59999e+01
vos_mv              =  -1.50018e+00

ngspice-46 done
