
Note: No compatibility mode selected!


Circuit: * klt sim -- generated corner deck, do not edit

Doing analysis at TEMP = -40.000000 and TNOM = 27.000000

Using SPARSE 1.3 as Direct Linear Solver

Initial Transient Solution
--------------------------

Node                                   Voltage
----                                   -------
vdd                                       1.32
cm                                         0.6
vd                                      -0.048
ap                                       0.576
an                                       0.624
clku                                         0
clk                                          0
ibn                                   0.315373
xa.x1.tmid                          3.9812e-08
xa.x1.tail                            0.572077
xa.x1.np                                  1.32
xa.x1.nn                                  1.32
xa.x1.ln                                  1.32
xa.x1.lp                                  1.32
xa.x1.lnb                           3.5158e-08
xa.x1.lpb                          3.29149e-08
xa.x1.na                                  1.32
doutb                                     1.32
dout                               3.45276e-08
xa.x1.nb                                  1.32
doutn                              2.61573e-08
tcheck                                     -40
pa_00                                  315.373
bpa_00#branch                                0
btchk#branch                                 0
bdoutn#branch                                0
bclk#branch                        2.83993e-10
ean#branch                          8.2187e-13
eap#branch                         1.02968e-12
vclku#branch                                 0
vd#branch                                    0
vcm#branch                         1.85155e-12
vsup#branch                       -1.00007e-05


No. of Data Rows : 12233

  Measurements for Transient Analysis

dlev0               =  -2.47611e-06
dlev1               =  -2.65716e-06
dlev2               =  1.58438e-06
dlev3               =  -1.85231e-07
dlev4               =  -2.03920e-06
dlev5               =  -2.00576e-06
dlev6               =  2.14788e-06
dlev7               =  2.18589e-06
dlev8               =  -2.12848e-06
dlev9               =  3.75178e-07
dlev10              =  2.29942e-06
dlev11              =  -2.74708e-06
dlev12              =  -2.54524e-06
dlev13              =  -1.34393e-06
dlev14              =  -1.38273e-06
dlev15              =  2.84425e-06
dlev16              =  1.00000e+00
dlev17              =  1.00000e+00
dlev18              =  1.00000e+00
dlev19              =  1.00000e+00
dlev20              =  1.00000e+00
dlev21              =  1.00000e+00
dlev22              =  1.00000e+00
dlev23              =  1.00000e+00
dlev24              =  1.00000e+00
dlev25              =  1.00000e+00
dlev26              =  9.99999e-01
dlev27              =  1.00000e+00
dlev28              =  9.99999e-01
dlev29              =  9.99999e-01
dlev30              =  9.99999e-01
dlev31              =  1.00000e+00
dlev32              =  9.99999e-01
vdd_meas            =  1.32000e+00
temp_meas           =  -4.00000e+01
vbias_mv            =  3.15373e+02
lowcount            =  1.60000e+01
vos_mv              =  -1.49998e+00

ngspice-46 done
