
Note: No compatibility mode selected!


Circuit: * klt sim -- generated corner deck, do not edit

Doing analysis at TEMP = 125.000000 and TNOM = 27.000000

Using SPARSE 1.3 as Direct Linear Solver

Initial Transient Solution
--------------------------

Node                                   Voltage
----                                   -------
vdd                                       1.32
cm                                         0.6
vd                                      -0.048
ap                                       0.576
an                                       0.624
clku                                         0
clk                                          0
ibn                                   0.251089
xa.x1.tmid                         7.99134e-05
xa.x1.tail                            0.548689
xa.x1.np                               1.31998
xa.x1.nn                               1.31993
xa.x1.ln                                  1.32
xa.x1.lp                                  1.32
xa.x1.lnb                           4.3779e-06
xa.x1.lpb                          3.52023e-06
xa.x1.na                                  1.32
doutb                                  1.31999
dout                               4.91165e-06
xa.x1.nb                                  1.32
doutn                              3.72095e-06
tcheck                                     125
pa_00                                  251.089
bpa_00#branch                                0
btchk#branch                                 0
bdoutn#branch                                0
bclk#branch                        6.66076e-10
ean#branch                         1.87901e-12
eap#branch                         2.35993e-12
vclku#branch                                 0
vd#branch                                    0
vcm#branch                         4.23894e-12
vsup#branch                       -2.01724e-05


No. of Data Rows : 12194

  Measurements for Transient Analysis

dlev0               =  2.97604e-06
dlev1               =  3.59306e-06
dlev2               =  3.88280e-06
dlev3               =  3.70517e-06
dlev4               =  -1.24357e-06
dlev5               =  5.33866e-07
dlev6               =  5.97773e-06
dlev7               =  2.80016e-06
dlev8               =  3.80994e-07
dlev9               =  6.48717e-06
dlev10              =  5.48849e-06
dlev11              =  3.53755e-06
dlev12              =  3.63745e-06
dlev13              =  3.48019e-06
dlev14              =  1.30971e-06
dlev15              =  3.67919e-06
dlev16              =  3.45630e-06
dlev17              =  9.99994e-01
dlev18              =  9.99993e-01
dlev19              =  9.99993e-01
dlev20              =  9.99995e-01
dlev21              =  9.99995e-01
dlev22              =  9.99995e-01
dlev23              =  9.99995e-01
dlev24              =  9.99994e-01
dlev25              =  9.99994e-01
dlev26              =  9.99994e-01
dlev27              =  9.99994e-01
dlev28              =  9.99993e-01
dlev29              =  9.99993e-01
dlev30              =  9.99995e-01
dlev31              =  9.99995e-01
dlev32              =  9.99996e-01
vdd_meas            =  1.32000e+00
temp_meas           =  1.25000e+02
vbias_mv            =  2.51089e+02
lowcount            =  1.70000e+01
vos_mv              =  1.50012e+00

ngspice-46 done
