
Note: No compatibility mode selected!


Circuit: * klt sim -- generated corner deck, do not edit

Doing analysis at TEMP = -40.000000 and TNOM = 27.000000

Using SPARSE 1.3 as Direct Linear Solver

Initial Transient Solution
--------------------------

Node                                   Voltage
----                                   -------
vdd                                       1.32
cm                                         0.6
vd                                      -0.048
ap                                       0.576
an                                       0.624
clku                                         0
clk                                          0
ibn                                   0.299494
xa.x1.tmid                         2.15735e-07
xa.x1.tail                            0.550731
xa.x1.np                                  1.32
xa.x1.nn                                  1.32
xa.x1.ln                                  1.32
xa.x1.lp                                  1.32
xa.x1.lnb                          1.24124e-07
xa.x1.lpb                          1.33245e-07
xa.x1.na                               1.29134
doutb                                 0.680946
dout                                  0.680474
xa.x1.nb                               1.29367
doutn                                 0.515511
tcheck                                     -40
pa_00                                  299.494
bpa_00#branch                                0
btchk#branch                                 0
bdoutn#branch                                0
bclk#branch                        8.84901e-10
ean#branch                         2.29675e-12
eap#branch                          2.8471e-12
vclku#branch                                 0
vd#branch                                    0
vcm#branch                         5.14384e-12
vsup#branch                       -0.000181667


No. of Data Rows : 12367

  Measurements for Transient Analysis

dlev0               =  -1.15242e-05
dlev1               =  -1.08750e-05
dlev2               =  -1.11808e-05
dlev3               =  -1.00102e-05
dlev4               =  -3.26495e-07
dlev5               =  -1.04107e-05
dlev6               =  -6.44213e-08
dlev7               =  -5.81963e-07
dlev8               =  -7.77941e-07
dlev9               =  -1.41793e-06
dlev10              =  -1.71923e-06
dlev11              =  -9.83193e-06
dlev12              =  -1.80403e-06
dlev13              =  -1.07997e-05
dlev14              =  -1.44931e-06
dlev15              =  5.45980e-06
dlev16              =  2.40227e-06
dlev17              =  -3.39014e-06
dlev18              =  1.00000e+00
dlev19              =  9.99999e-01
dlev20              =  1.00000e+00
dlev21              =  1.00000e+00
dlev22              =  1.00000e+00
dlev23              =  9.99997e-01
dlev24              =  9.99998e-01
dlev25              =  9.99999e-01
dlev26              =  9.99997e-01
dlev27              =  9.99999e-01
dlev28              =  9.99999e-01
dlev29              =  9.99999e-01
dlev30              =  1.00000e+00
dlev31              =  9.99997e-01
dlev32              =  9.99997e-01
vdd_meas            =  1.32000e+00
temp_meas           =  -4.00000e+01
vbias_mv            =  2.99494e+02
lowcount            =  1.80001e+01
vos_mv              =  4.50028e+00

ngspice-46 done
