
Note: No compatibility mode selected!


Circuit: * klt sim -- generated corner deck, do not edit

Doing analysis at TEMP = 27.000000 and TNOM = 27.000000

Using SPARSE 1.3 as Direct Linear Solver

Initial Transient Solution
--------------------------

Node                                   Voltage
----                                   -------
vdd                                       1.32
cm                                         0.6
vd                                      -0.048
ap                                       0.576
an                                       0.624
clku                                         0
clk                                          0
ibn                                   0.355293
xa.x1.tmid                         8.99009e-08
xa.x1.tail                            0.605011
xa.x1.np                                  1.32
xa.x1.nn                                  1.32
xa.x1.ln                                  1.32
xa.x1.lp                                  1.32
xa.x1.lnb                          2.21239e-08
xa.x1.lpb                          2.15573e-08
xa.x1.na                                  1.32
doutb                              2.16848e-08
dout                                      1.32
xa.x1.nb                                  1.32
doutn                                        1
tcheck                                      27
pa_00                                  355.293
bpa_00#branch                                0
btchk#branch                                 0
bdoutn#branch                                0
bclk#branch                        1.34837e-10
ean#branch                         4.03649e-13
eap#branch                         5.10841e-13
vclku#branch                                 0
vd#branch                                    0
vcm#branch                         9.14491e-13
vsup#branch                       -2.00005e-05


No. of Data Rows : 12295

  Measurements for Transient Analysis

dlev0               =  -1.39127e-09
dlev1               =  -2.70661e-08
dlev2               =  -8.73623e-09
dlev3               =  1.03232e-08
dlev4               =  2.46098e-08
dlev5               =  1.33526e-08
dlev6               =  -3.08496e-06
dlev7               =  -3.07279e-06
dlev8               =  -1.30344e-06
dlev9               =  -2.19635e-07
dlev10              =  -1.90218e-06
dlev11              =  -1.39957e-07
dlev12              =  -1.39157e-07
dlev13              =  -5.79925e-08
dlev14              =  -5.86361e-07
dlev15              =  -2.66877e-06
dlev16              =  1.00000e+00
dlev17              =  1.00000e+00
dlev18              =  1.00000e+00
dlev19              =  1.00000e+00
dlev20              =  1.00000e+00
dlev21              =  1.00000e+00
dlev22              =  9.99999e-01
dlev23              =  1.00000e+00
dlev24              =  9.99999e-01
dlev25              =  9.99999e-01
dlev26              =  9.99999e-01
dlev27              =  1.00000e+00
dlev28              =  1.00000e+00
dlev29              =  1.00000e+00
dlev30              =  1.00000e+00
dlev31              =  1.00000e+00
dlev32              =  1.00000e+00
vdd_meas            =  1.32000e+00
temp_meas           =  2.70000e+01
vbias_mv            =  3.55293e+02
lowcount            =  1.60000e+01
vos_mv              =  -1.49995e+00

ngspice-46 done
