
Note: No compatibility mode selected!


Circuit: * klt sim -- generated corner deck, do not edit

Doing analysis at TEMP = -40.000000 and TNOM = 27.000000

Using SPARSE 1.3 as Direct Linear Solver

Initial Transient Solution
--------------------------

Node                                   Voltage
----                                   -------
vdd                                       1.08
cm                                         0.6
vd                                      -0.048
ap                                       0.576
an                                       0.624
clku                                         0
clk                                          0
ibn                                   0.344528
xa.x1.tmid                         2.48741e-08
xa.x1.tail                            0.535752
xa.x1.np                                  1.08
xa.x1.nn                                  1.08
xa.x1.ln                                  1.08
xa.x1.lp                                  1.08
xa.x1.lnb                          2.08852e-08
xa.x1.lpb                          2.06584e-08
xa.x1.na                               1.07465
doutb                                 0.562695
dout                                  0.564496
xa.x1.nb                               1.07445
doutn                                 0.522681
tcheck                                     -40
pa_00                                  344.528
bpa_00#branch                                0
btchk#branch                                 0
bdoutn#branch                                0
bclk#branch                        1.43344e-10
ean#branch                         1.16365e-13
eap#branch                         1.55043e-13
vclku#branch                                 0
vd#branch                                    0
vcm#branch                         2.71408e-13
vsup#branch                       -4.05072e-05


No. of Data Rows : 12093

  Measurements for Transient Analysis

dlev0               =  9.84116e-06
dlev1               =  -3.48356e-07
dlev2               =  -8.14084e-08
dlev3               =  -9.15416e-07
dlev4               =  -7.29783e-06
dlev5               =  -2.17898e-07
dlev6               =  -2.51886e-06
dlev7               =  -1.28051e-05
dlev8               =  -5.57014e-06
dlev9               =  4.14975e-07
dlev10              =  -2.63105e-07
dlev11              =  -1.35153e-05
dlev12              =  -7.97603e-06
dlev13              =  -1.93744e-06
dlev14              =  -9.86929e-07
dlev15              =  4.44552e-07
dlev16              =  -8.66095e-06
dlev17              =  1.00000e+00
dlev18              =  1.00000e+00
dlev19              =  1.00000e+00
dlev20              =  1.00000e+00
dlev21              =  9.99995e-01
dlev22              =  1.00000e+00
dlev23              =  9.99999e-01
dlev24              =  1.00000e+00
dlev25              =  9.99995e-01
dlev26              =  1.00000e+00
dlev27              =  1.00000e+00
dlev28              =  9.99999e-01
dlev29              =  1.00000e+00
dlev30              =  1.00000e+00
dlev31              =  1.00000e+00
dlev32              =  9.99998e-01
vdd_meas            =  1.08000e+00
temp_meas           =  -4.00000e+01
vbias_mv            =  3.44528e+02
lowcount            =  1.70001e+01
vos_mv              =  1.50020e+00

ngspice-46 done
