
Note: No compatibility mode selected!


Circuit: * klt sim -- generated corner deck, do not edit

Doing analysis at TEMP = -40.000000 and TNOM = 27.000000

Using SPARSE 1.3 as Direct Linear Solver
Note: Starting dynamic gmin stepping
Note: Dynamic gmin stepping completed

Initial Transient Solution
--------------------------

Node                                   Voltage
----                                   -------
vdd                                        1.2
cm                                         0.6
vd                                      -0.048
ap                                       0.576
an                                       0.624
clku                                         0
clk                                          0
ibn                                   0.382248
xa.x1.tmid                         1.47469e-09
xa.x1.tail                            0.596306
xa.x1.np                                   1.2
xa.x1.nn                                   1.2
xa.x1.ln                                   1.2
xa.x1.lp                                   1.2
xa.x1.lnb                          7.86469e-09
xa.x1.lpb                          8.03893e-09
xa.x1.na                               1.19466
doutb                                 0.618794
dout                                  0.614036
xa.x1.nb                               1.19474
doutn                                 0.511696
tcheck                                     -40
pa_00                                  382.248
bpa_00#branch                                0
btchk#branch                                 0
bdoutn#branch                                0
bclk#branch                        6.42173e-11
ean#branch                          1.0561e-13
eap#branch                         1.36696e-13
vclku#branch                                 0
vd#branch                                    0
vcm#branch                         2.42306e-13
vsup#branch                       -3.50454e-05


No. of Data Rows : 12220

  Measurements for Transient Analysis

dlev0               =  -3.57943e-06
dlev1               =  7.52554e-06
dlev2               =  6.54010e-06
dlev3               =  -1.45605e-06
dlev4               =  -9.02415e-08
dlev5               =  2.65325e-07
dlev6               =  -5.48837e-07
dlev7               =  1.84351e-08
dlev8               =  7.47881e-07
dlev9               =  4.20127e-08
dlev10              =  1.82355e-06
dlev11              =  9.36251e-07
dlev12              =  -2.10025e-06
dlev13              =  -3.29006e-06
dlev14              =  -2.43780e-06
dlev15              =  1.49224e-08
dlev16              =  -9.75973e-08
dlev17              =  1.00000e+00
dlev18              =  1.00000e+00
dlev19              =  1.00000e+00
dlev20              =  1.00000e+00
dlev21              =  1.00000e+00
dlev22              =  1.00000e+00
dlev23              =  1.00000e+00
dlev24              =  1.00000e+00
dlev25              =  1.00000e+00
dlev26              =  1.00000e+00
dlev27              =  1.00000e+00
dlev28              =  1.00000e+00
dlev29              =  1.00001e+00
dlev30              =  1.00001e+00
dlev31              =  1.00000e+00
dlev32              =  1.00000e+00
vdd_meas            =  1.20000e+00
temp_meas           =  -4.00000e+01
vbias_mv            =  3.82248e+02
lowcount            =  1.70000e+01
vos_mv              =  1.49991e+00

ngspice-46 done
