
Note: No compatibility mode selected!


Circuit: * klt sim -- generated corner deck, do not edit

Doing analysis at TEMP = 125.000000 and TNOM = 27.000000

Using SPARSE 1.3 as Direct Linear Solver

Initial Transient Solution
--------------------------

Node                                   Voltage
----                                   -------
vdd                                       1.32
cm                                         0.6
vd                                      -0.048
ap                                       0.576
an                                       0.624
clku                                         0
clk                                          0
ibn                                    0.27436
xa.x1.tmid                         3.80439e-05
xa.x1.tail                            0.592997
xa.x1.np                               1.31999
xa.x1.nn                               1.31997
xa.x1.ln                                  1.32
xa.x1.lp                                  1.32
xa.x1.lnb                          8.93238e-06
xa.x1.lpb                          8.11206e-06
xa.x1.na                                 1.284
doutb                                 0.705587
dout                                  0.714829
xa.x1.nb                               1.28371
doutn                                 0.541537
tcheck                                     125
pa_00                                   274.36
bpa_00#branch                                0
btchk#branch                                 0
bdoutn#branch                                0
bclk#branch                        1.21251e-09
ean#branch                         1.83895e-12
eap#branch                         2.31426e-12
vclku#branch                                 0
vd#branch                                    0
vcm#branch                         4.15321e-12
vsup#branch                       -0.000180621


No. of Data Rows : 12249

  Measurements for Transient Analysis

dlev0               =  6.92424e-06
dlev1               =  6.45437e-06
dlev2               =  2.76163e-06
dlev3               =  2.41060e-06
dlev4               =  6.42152e-06
dlev5               =  1.09377e-05
dlev6               =  8.38551e-06
dlev7               =  3.37884e-06
dlev8               =  4.16707e-06
dlev9               =  6.92549e-06
dlev10              =  7.23119e-06
dlev11              =  9.43686e-06
dlev12              =  6.38522e-06
dlev13              =  9.04187e-06
dlev14              =  7.12712e-06
dlev15              =  9.50697e-06
dlev16              =  9.99997e-01
dlev17              =  9.99996e-01
dlev18              =  9.99998e-01
dlev19              =  9.99999e-01
dlev20              =  9.99999e-01
dlev21              =  9.99998e-01
dlev22              =  9.99998e-01
dlev23              =  9.99998e-01
dlev24              =  9.99998e-01
dlev25              =  9.99998e-01
dlev26              =  9.99999e-01
dlev27              =  9.99998e-01
dlev28              =  9.99997e-01
dlev29              =  9.99996e-01
dlev30              =  9.99997e-01
dlev31              =  9.99998e-01
dlev32              =  9.99999e-01
vdd_meas            =  1.32000e+00
temp_meas           =  1.25000e+02
vbias_mv            =  2.74360e+02
lowcount            =  1.59999e+01
vos_mv              =  -1.50021e+00

ngspice-46 done
