
Note: No compatibility mode selected!


Circuit: * klt sim -- generated corner deck, do not edit

Doing analysis at TEMP = 125.000000 and TNOM = 27.000000

Using SPARSE 1.3 as Direct Linear Solver

Initial Transient Solution
--------------------------

Node                                   Voltage
----                                   -------
vdd                                        1.2
cm                                         0.6
vd                                      -0.048
ap                                       0.576
an                                       0.624
clku                                         0
clk                                          0
ibn                                   0.271979
xa.x1.tmid                         3.35079e-05
xa.x1.tail                            0.551961
xa.x1.np                               1.19999
xa.x1.nn                               1.19997
xa.x1.ln                                   1.2
xa.x1.lp                                   1.2
xa.x1.lnb                           9.4586e-06
xa.x1.lpb                          9.49276e-06
xa.x1.na                                   1.2
doutb                                      1.2
dout                               1.25022e-05
xa.x1.nb                               1.19999
doutn                              1.04185e-05
tcheck                                     125
pa_00                                  271.979
bpa_00#branch                                0
btchk#branch                                 0
bdoutn#branch                                0
bclk#branch                        8.63396e-10
ean#branch                         5.01613e-13
eap#branch                         6.47149e-13
vclku#branch                                 0
vd#branch                                    0
vcm#branch                         1.14876e-12
vsup#branch                       -2.01149e-05


No. of Data Rows : 12092

  Measurements for Transient Analysis

dlev0               =  1.12892e-05
dlev1               =  1.20627e-05
dlev2               =  1.18301e-05
dlev3               =  1.06701e-05
dlev4               =  1.16291e-05
dlev5               =  1.04113e-05
dlev6               =  1.12395e-05
dlev7               =  1.17389e-05
dlev8               =  1.33102e-05
dlev9               =  1.34958e-05
dlev10              =  1.23588e-05
dlev11              =  1.31690e-05
dlev12              =  1.08778e-05
dlev13              =  1.39716e-05
dlev14              =  1.23290e-05
dlev15              =  9.99998e-01
dlev16              =  9.99999e-01
dlev17              =  9.99999e-01
dlev18              =  9.99999e-01
dlev19              =  1.00000e+00
dlev20              =  9.99998e-01
dlev21              =  9.99999e-01
dlev22              =  1.00000e+00
dlev23              =  9.99999e-01
dlev24              =  9.99998e-01
dlev25              =  9.99999e-01
dlev26              =  9.99999e-01
dlev27              =  1.00000e+00
dlev28              =  1.00000e+00
dlev29              =  9.99998e-01
dlev30              =  9.99998e-01
dlev31              =  9.99998e-01
dlev32              =  9.99999e-01
vdd_meas            =  1.20000e+00
temp_meas           =  1.25000e+02
vbias_mv            =  2.71979e+02
lowcount            =  1.49998e+01
vos_mv              =  -4.50048e+00

ngspice-46 done
