
Note: No compatibility mode selected!


Circuit: * klt sim -- generated corner deck, do not edit

Doing analysis at TEMP = 27.000000 and TNOM = 27.000000

Using SPARSE 1.3 as Direct Linear Solver

Initial Transient Solution
--------------------------

Node                                   Voltage
----                                   -------
vdd                                       1.32
cm                                         0.6
vd                                      -0.048
ap                                       0.576
an                                       0.624
clku                                         0
clk                                          0
ibn                                   0.265339
xa.x1.tmid                         7.03603e-06
xa.x1.tail                            0.544465
xa.x1.np                                  1.32
xa.x1.nn                               1.31999
xa.x1.ln                                  1.32
xa.x1.lp                                  1.32
xa.x1.lnb                          6.28296e-07
xa.x1.lpb                          6.17518e-07
xa.x1.na                               1.28494
doutb                                 0.679932
dout                                  0.685487
xa.x1.nb                               1.28544
doutn                                 0.519308
tcheck                                      27
pa_00                                  265.339
bpa_00#branch                                0
btchk#branch                                 0
bdoutn#branch                                0
bclk#branch                        1.37489e-09
ean#branch                         3.54528e-12
eap#branch                         4.39704e-12
vclku#branch                                 0
vd#branch                                    0
vcm#branch                         7.94231e-12
vsup#branch                       -0.000212433


No. of Data Rows : 12262

  Measurements for Transient Analysis

dlev0               =  2.58300e-06
dlev1               =  4.09818e-06
dlev2               =  -3.75171e-06
dlev3               =  7.93353e-06
dlev4               =  -1.03230e-06
dlev5               =  6.79282e-06
dlev6               =  7.26269e-06
dlev7               =  -2.67480e-06
dlev8               =  -2.06002e-06
dlev9               =  -4.29378e-07
dlev10              =  -1.81319e-06
dlev11              =  -4.93945e-07
dlev12              =  7.36847e-06
dlev13              =  4.18984e-06
dlev14              =  7.56125e-06
dlev15              =  1.46721e-06
dlev16              =  -3.27285e-07
dlev17              =  -2.72640e-06
dlev18              =  1.00000e+00
dlev19              =  9.99998e-01
dlev20              =  1.00000e+00
dlev21              =  9.99997e-01
dlev22              =  9.99997e-01
dlev23              =  9.99997e-01
dlev24              =  9.99997e-01
dlev25              =  9.99999e-01
dlev26              =  9.99998e-01
dlev27              =  9.99999e-01
dlev28              =  1.00000e+00
dlev29              =  1.00000e+00
dlev30              =  9.99999e-01
dlev31              =  9.99997e-01
dlev32              =  9.99999e-01
vdd_meas            =  1.32000e+00
temp_meas           =  2.70000e+01
vbias_mv            =  2.65339e+02
lowcount            =  1.80000e+01
vos_mv              =  4.49997e+00

ngspice-46 done
