
Note: No compatibility mode selected!


Circuit: * klt sim -- generated corner deck, do not edit

Doing analysis at TEMP = -40.000000 and TNOM = 27.000000

Using SPARSE 1.3 as Direct Linear Solver

Initial Transient Solution
--------------------------

Node                                   Voltage
----                                   -------
vdd                                       1.32
cm                                        0.65
vd                                      -0.048
ap                                       0.626
an                                       0.674
clku                                         0
clk                                          0
ibn                                   0.299601
xa.x1.tmid                         2.30541e-07
xa.x1.tail                            0.613506
xa.x1.np                                  1.32
xa.x1.nn                                  1.32
xa.x1.ln                                  1.32
xa.x1.lp                                  1.32
xa.x1.lnb                          1.30031e-07
xa.x1.lpb                          1.32173e-07
xa.x1.na                                  1.32
doutb                              1.37218e-07
dout                                      1.32
xa.x1.nb                                  1.32
doutn                                        1
tcheck                                     -40
pa_00                                  299.601
bpa_00#branch                                0
btchk#branch                                 0
bdoutn#branch                                0
bclk#branch                        9.02931e-10
ean#branch                         2.74175e-12
eap#branch                         3.42631e-12
vclku#branch                                 0
vd#branch                                    0
vcm#branch                         6.16807e-12
vsup#branch                        -2.0003e-05


No. of Data Rows : 12442

  Measurements for Transient Analysis

dlev0               =  4.93093e-06
dlev1               =  -3.60843e-06
dlev2               =  -4.43907e-06
dlev3               =  -2.19304e-06
dlev4               =  -1.98990e-06
dlev5               =  -3.38733e-06
dlev6               =  5.39834e-06
dlev7               =  3.19736e-06
dlev8               =  -2.03700e-06
dlev9               =  6.26348e-06
dlev10              =  6.29266e-06
dlev11              =  7.38902e-06
dlev12              =  4.58442e-06
dlev13              =  5.43654e-06
dlev14              =  -1.15708e-06
dlev15              =  5.69551e-06
dlev16              =  -1.69174e-06
dlev17              =  1.00000e+00
dlev18              =  9.99999e-01
dlev19              =  9.99998e-01
dlev20              =  1.00000e+00
dlev21              =  1.00000e+00
dlev22              =  1.00000e+00
dlev23              =  1.00000e+00
dlev24              =  9.99999e-01
dlev25              =  1.00000e+00
dlev26              =  1.00000e+00
dlev27              =  1.00000e+00
dlev28              =  9.99999e-01
dlev29              =  1.00000e+00
dlev30              =  1.00000e+00
dlev31              =  1.00000e+00
dlev32              =  1.00000e+00
vdd_meas            =  1.32000e+00
temp_meas           =  -4.00000e+01
vbias_mv            =  2.99601e+02
lowcount            =  1.70000e+01
vos_mv              =  1.49991e+00
vcm_meas            =  6.50000e-01

ngspice-46 done
