
Note: No compatibility mode selected!


Circuit: * klt sim -- generated corner deck, do not edit

Doing analysis at TEMP = -40.000000 and TNOM = 27.000000

Using SPARSE 1.3 as Direct Linear Solver

Initial Transient Solution
--------------------------

Node                                   Voltage
----                                   -------
vdd                                       1.08
cm                                         0.6
vd                                      -0.048
ap                                       0.576
an                                       0.624
clku                                         0
clk                                          0
ibn                                   0.303164
xa.x1.tmid                         2.21895e-07
xa.x1.tail                            0.559477
xa.x1.np                                  1.08
xa.x1.nn                                  1.08
xa.x1.ln                                  1.08
xa.x1.lp                                  1.08
xa.x1.lnb                          8.34534e-08
xa.x1.lpb                           8.0929e-08
xa.x1.na                                  1.08
doutb                                     1.08
dout                               8.64729e-08
xa.x1.nb                                  1.08
doutn                              8.00675e-08
tcheck                                     -40
pa_00                                  303.164
bpa_00#branch                                0
btchk#branch                                 0
bdoutn#branch                                0
bclk#branch                        4.56713e-10
ean#branch                         1.03989e-12
eap#branch                         1.36663e-12
vclku#branch                                 0
vd#branch                                    0
vcm#branch                         2.40652e-12
vsup#branch                       -2.00017e-05


No. of Data Rows : 12225

  Measurements for Transient Analysis

dlev0               =  8.51826e-06
dlev1               =  2.87502e-06
dlev2               =  -4.67626e-07
dlev3               =  3.70921e-07
dlev4               =  8.72778e-06
dlev5               =  7.81232e-06
dlev6               =  7.63207e-06
dlev7               =  8.70144e-06
dlev8               =  5.08386e-06
dlev9               =  4.92886e-07
dlev10              =  3.17046e-08
dlev11              =  2.19036e-06
dlev12              =  6.01136e-06
dlev13              =  5.16299e-06
dlev14              =  2.00627e-07
dlev15              =  9.99998e-01
dlev16              =  1.00000e+00
dlev17              =  1.00000e+00
dlev18              =  1.00000e+00
dlev19              =  1.00000e+00
dlev20              =  1.00000e+00
dlev21              =  1.00000e+00
dlev22              =  1.00000e+00
dlev23              =  1.00000e+00
dlev24              =  1.00000e+00
dlev25              =  1.00000e+00
dlev26              =  1.00000e+00
dlev27              =  1.00000e+00
dlev28              =  1.00000e+00
dlev29              =  1.00000e+00
dlev30              =  1.00000e+00
dlev31              =  1.00000e+00
dlev32              =  1.00000e+00
vdd_meas            =  1.08000e+00
temp_meas           =  -4.00000e+01
vbias_mv            =  3.03164e+02
lowcount            =  1.49999e+01
vos_mv              =  -4.50027e+00

ngspice-46 done
