
Note: No compatibility mode selected!


Circuit: * klt sim -- generated corner deck, do not edit

Doing analysis at TEMP = 125.000000 and TNOM = 27.000000

Using SPARSE 1.3 as Direct Linear Solver

Initial Transient Solution
--------------------------

Node                                   Voltage
----                                   -------
vdd                                       1.32
cm                                         0.6
vd                                      -0.048
ap                                       0.576
an                                       0.624
clku                                         0
clk                                          0
ibn                                   0.205779
xa.x1.tmid                         0.000285794
xa.x1.tail                            0.544819
xa.x1.np                               1.31994
xa.x1.nn                                1.3198
xa.x1.ln                                  1.32
xa.x1.lp                                  1.32
xa.x1.lnb                          2.38869e-05
xa.x1.lpb                          1.65393e-05
xa.x1.na                               1.31999
doutb                                  1.31998
dout                               2.34225e-05
xa.x1.nb                               1.31998
doutn                              1.77444e-05
tcheck                                     125
pa_00                                  205.779
bpa_00#branch                                0
btchk#branch                                 0
bdoutn#branch                                0
bclk#branch                        2.20988e-09
ean#branch                         7.87903e-12
eap#branch                         9.78974e-12
vclku#branch                                 0
vd#branch                                    0
vcm#branch                         1.76688e-11
vsup#branch                       -2.06483e-05


No. of Data Rows : 12152

  Measurements for Transient Analysis

dlev0               =  1.96396e-05
dlev1               =  1.79299e-05
dlev2               =  1.66742e-05
dlev3               =  1.57209e-05
dlev4               =  1.52240e-05
dlev5               =  1.58865e-05
dlev6               =  1.61842e-05
dlev7               =  1.65989e-05
dlev8               =  1.76019e-05
dlev9               =  1.53997e-05
dlev10              =  1.77717e-05
dlev11              =  1.53023e-05
dlev12              =  1.59165e-05
dlev13              =  1.76318e-05
dlev14              =  1.84863e-05
dlev15              =  1.66210e-05
dlev16              =  1.63600e-05
dlev17              =  1.56098e-05
dlev18              =  9.99985e-01
dlev19              =  9.99984e-01
dlev20              =  9.99985e-01
dlev21              =  9.99985e-01
dlev22              =  9.99984e-01
dlev23              =  9.99983e-01
dlev24              =  9.99984e-01
dlev25              =  9.99984e-01
dlev26              =  9.99984e-01
dlev27              =  9.99983e-01
dlev28              =  9.99984e-01
dlev29              =  9.99984e-01
dlev30              =  9.99984e-01
dlev31              =  9.99985e-01
dlev32              =  9.99985e-01
vdd_meas            =  1.32000e+00
temp_meas           =  1.25000e+02
vbias_mv            =  2.05779e+02
lowcount            =  1.79999e+01
vos_mv              =  4.49981e+00

ngspice-46 done
