
Note: No compatibility mode selected!


Circuit: * klt sim -- generated corner deck, do not edit

Doing analysis at TEMP = 125.000000 and TNOM = 27.000000

Using SPARSE 1.3 as Direct Linear Solver

Initial Transient Solution
--------------------------

Node                                   Voltage
----                                   -------
vdd                                       1.08
cm                                         0.6
vd                                      -0.048
ap                                       0.576
an                                       0.624
clku                                         0
clk                                          0
ibn                                   0.203104
xa.x1.tmid                         0.000312765
xa.x1.tail                            0.531979
xa.x1.np                               1.07992
xa.x1.nn                               1.07974
xa.x1.ln                                  1.08
xa.x1.lp                                  1.08
xa.x1.lnb                          1.89308e-05
xa.x1.lpb                          1.93423e-05
xa.x1.na                               1.07998
doutb                              2.77395e-05
dout                                   1.07998
xa.x1.nb                               1.07999
doutn                                 0.999977
tcheck                                     125
pa_00                                  203.104
bpa_00#branch                                0
btchk#branch                                 0
bdoutn#branch                                0
bclk#branch                        1.12054e-09
ean#branch                         2.35482e-12
eap#branch                         3.13928e-12
vclku#branch                                 0
vd#branch                                    0
vcm#branch                         5.49411e-12
vsup#branch                       -2.06646e-05


No. of Data Rows : 11974

  Measurements for Transient Analysis

dlev0               =  2.82007e-05
dlev1               =  2.26967e-05
dlev2               =  2.40468e-05
dlev3               =  2.34667e-05
dlev4               =  2.27985e-05
dlev5               =  2.39450e-05
dlev6               =  2.37479e-05
dlev7               =  2.53404e-05
dlev8               =  2.33966e-05
dlev9               =  2.60753e-05
dlev10              =  2.32706e-05
dlev11              =  2.00941e-05
dlev12              =  2.40201e-05
dlev13              =  2.00902e-05
dlev14              =  2.61373e-05
dlev15              =  2.36108e-05
dlev16              =  2.27578e-05
dlev17              =  9.99977e-01
dlev18              =  9.99978e-01
dlev19              =  9.99977e-01
dlev20              =  9.99976e-01
dlev21              =  9.99977e-01
dlev22              =  9.99977e-01
dlev23              =  9.99977e-01
dlev24              =  9.99977e-01
dlev25              =  9.99978e-01
dlev26              =  9.99977e-01
dlev27              =  9.99978e-01
dlev28              =  9.99977e-01
dlev29              =  9.99978e-01
dlev30              =  9.99978e-01
dlev31              =  9.99977e-01
dlev32              =  9.99978e-01
vdd_meas            =  1.08000e+00
temp_meas           =  1.25000e+02
vbias_mv            =  2.03104e+02
lowcount            =  1.70000e+01
vos_mv              =  1.49988e+00

ngspice-46 done
