
Note: No compatibility mode selected!


Circuit: * klt sim -- generated corner deck, do not edit

Doing analysis at TEMP = 27.000000 and TNOM = 27.000000

Using SPARSE 1.3 as Direct Linear Solver

Initial Transient Solution
--------------------------

Node                                   Voltage
----                                   -------
vdd                                       1.08
cm                                         0.6
vd                                      -0.048
ap                                       0.576
an                                       0.624
clku                                         0
clk                                          0
ibn                                   0.355952
xa.x1.tmid                         9.40513e-08
xa.x1.tail                            0.596115
xa.x1.np                                  1.08
xa.x1.nn                                  1.08
xa.x1.ln                                  1.08
xa.x1.lp                                  1.08
xa.x1.lnb                          1.36142e-08
xa.x1.lpb                           1.4983e-08
xa.x1.na                                  1.08
doutb                              1.56791e-08
dout                                      1.08
xa.x1.nb                                  1.08
doutn                                        1
tcheck                                      27
pa_00                                  355.952
bpa_00#branch                                0
btchk#branch                                 0
bdoutn#branch                                0
bclk#branch                        6.53239e-11
ean#branch                         1.09607e-13
eap#branch                          1.4666e-13
vclku#branch                                 0
vd#branch                                    0
vcm#branch                         2.56267e-13
vsup#branch                       -2.00004e-05


No. of Data Rows : 12115

  Measurements for Transient Analysis

dlev0               =  -3.09932e-06
dlev1               =  -5.33119e-06
dlev2               =  -5.41768e-06
dlev3               =  -5.78516e-06
dlev4               =  -5.87249e-06
dlev5               =  -2.90589e-06
dlev6               =  1.67173e-06
dlev7               =  -1.60819e-06
dlev8               =  2.77166e-06
dlev9               =  -4.60978e-06
dlev10              =  -3.20351e-06
dlev11              =  -4.81110e-06
dlev12              =  -3.38259e-06
dlev13              =  -6.13529e-06
dlev14              =  -3.14231e-06
dlev15              =  -1.09979e-06
dlev16              =  -8.42798e-07
dlev17              =  -7.61331e-07
dlev18              =  1.00000e+00
dlev19              =  9.99998e-01
dlev20              =  9.99997e-01
dlev21              =  9.99997e-01
dlev22              =  9.99997e-01
dlev23              =  9.99997e-01
dlev24              =  9.99999e-01
dlev25              =  1.00000e+00
dlev26              =  9.99998e-01
dlev27              =  9.99998e-01
dlev28              =  9.99998e-01
dlev29              =  1.00000e+00
dlev30              =  1.00000e+00
dlev31              =  1.00000e+00
dlev32              =  9.99999e-01
vdd_meas            =  1.08000e+00
temp_meas           =  2.70000e+01
vbias_mv            =  3.55952e+02
lowcount            =  1.80001e+01
vos_mv              =  4.50023e+00

ngspice-46 done
