
Note: No compatibility mode selected!


Circuit: * klt sim -- generated corner deck, do not edit

Doing analysis at TEMP = 125.000000 and TNOM = 27.000000

Using SPARSE 1.3 as Direct Linear Solver

Initial Transient Solution
--------------------------

Node                                   Voltage
----                                   -------
vdd                                        1.2
cm                                         0.6
vd                                      -0.048
ap                                       0.576
an                                       0.624
clku                                         0
clk                                          0
ibn                                   0.248651
xa.x1.tmid                         8.07968e-05
xa.x1.tail                            0.582844
xa.x1.np                               1.19998
xa.x1.nn                               1.19993
xa.x1.ln                                   1.2
xa.x1.lp                                   1.2
xa.x1.lnb                          3.56967e-06
xa.x1.lpb                          3.68095e-06
xa.x1.na                               1.17035
doutb                                 0.618256
dout                                  0.614979
xa.x1.nb                                1.1702
doutn                                 0.512483
tcheck                                     125
pa_00                                  248.651
bpa_00#branch                                0
btchk#branch                                 0
bdoutn#branch                                0
bclk#branch                        4.81516e-10
ean#branch                         2.09296e-12
eap#branch                         2.67886e-12
vclku#branch                                 0
vd#branch                                    0
vcm#branch                         4.77182e-12
vsup#branch                         -0.0001261


No. of Data Rows : 12142

  Measurements for Transient Analysis

dlev0               =  6.17517e-06
dlev1               =  6.15068e-06
dlev2               =  6.51077e-06
dlev3               =  6.16857e-06
dlev4               =  6.35810e-06
dlev5               =  6.23484e-06
dlev6               =  6.65621e-06
dlev7               =  4.92580e-06
dlev8               =  6.18022e-06
dlev9               =  5.35494e-06
dlev10              =  5.95134e-06
dlev11              =  6.64164e-06
dlev12              =  6.45003e-06
dlev13              =  5.46567e-06
dlev14              =  6.44330e-06
dlev15              =  4.73398e-06
dlev16              =  9.99995e-01
dlev17              =  9.99995e-01
dlev18              =  9.99996e-01
dlev19              =  9.99996e-01
dlev20              =  9.99996e-01
dlev21              =  9.99996e-01
dlev22              =  9.99996e-01
dlev23              =  9.99996e-01
dlev24              =  9.99996e-01
dlev25              =  9.99996e-01
dlev26              =  9.99996e-01
dlev27              =  9.99996e-01
dlev28              =  9.99996e-01
dlev29              =  9.99996e-01
dlev30              =  9.99996e-01
dlev31              =  9.99996e-01
dlev32              =  9.99996e-01
vdd_meas            =  1.20000e+00
temp_meas           =  1.25000e+02
vbias_mv            =  2.48651e+02
lowcount            =  1.60000e+01
vos_mv              =  -1.50008e+00

ngspice-46 done
