
Note: No compatibility mode selected!


Circuit: * klt sim -- generated corner deck, do not edit

Doing analysis at TEMP = 125.000000 and TNOM = 27.000000

Using SPARSE 1.3 as Direct Linear Solver

Initial Transient Solution
--------------------------

Node                                   Voltage
----                                   -------
vdd                                        1.2
cm                                         0.6
vd                                      -0.048
ap                                       0.576
an                                       0.624
clku                                         0
clk                                          0
ibn                                   0.298363
xa.x1.tmid                         1.15592e-05
xa.x1.tail                            0.539072
xa.x1.np                                   1.2
xa.x1.nn                               1.19999
xa.x1.ln                                   1.2
xa.x1.lp                                   1.2
xa.x1.lnb                          7.75878e-07
xa.x1.lpb                           7.7594e-07
xa.x1.na                               1.18038
doutb                                 0.607183
dout                                  0.614411
xa.x1.nb                               1.17916
doutn                                 0.512009
tcheck                                     125
pa_00                                  298.363
bpa_00#branch                                0
btchk#branch                                 0
bdoutn#branch                                0
bclk#branch                        1.47033e-10
ean#branch                          3.2134e-13
eap#branch                         4.16223e-13
vclku#branch                                 0
vd#branch                                    0
vcm#branch                         7.37563e-13
vsup#branch                       -8.17414e-05


No. of Data Rows : 12056

  Measurements for Transient Analysis

dlev0               =  8.38081e-07
dlev1               =  7.61631e-07
dlev2               =  6.08861e-07
dlev3               =  1.48399e-07
dlev4               =  -9.48767e-07
dlev5               =  8.34496e-07
dlev6               =  -2.33363e-06
dlev7               =  -7.71349e-07
dlev8               =  8.37255e-07
dlev9               =  8.11184e-07
dlev10              =  7.05806e-07
dlev11              =  2.16558e-07
dlev12              =  -2.38631e-06
dlev13              =  -2.51157e-06
dlev14              =  -1.98510e-07
dlev15              =  9.99999e-01
dlev16              =  9.99998e-01
dlev17              =  9.99998e-01
dlev18              =  9.99998e-01
dlev19              =  9.99999e-01
dlev20              =  9.99999e-01
dlev21              =  9.99999e-01
dlev22              =  9.99999e-01
dlev23              =  9.99998e-01
dlev24              =  9.99999e-01
dlev25              =  9.99998e-01
dlev26              =  9.99998e-01
dlev27              =  9.99998e-01
dlev28              =  9.99999e-01
dlev29              =  9.99999e-01
dlev30              =  9.99999e-01
dlev31              =  9.99999e-01
dlev32              =  9.99999e-01
vdd_meas            =  1.20000e+00
temp_meas           =  1.25000e+02
vbias_mv            =  2.98363e+02
lowcount            =  1.50000e+01
vos_mv              =  -4.49992e+00

ngspice-46 done
