
Note: No compatibility mode selected!


Circuit: * klt sim -- generated corner deck, do not edit

Doing analysis at TEMP = -40.000000 and TNOM = 27.000000

Using SPARSE 1.3 as Direct Linear Solver

Initial Transient Solution
--------------------------

Node                                   Voltage
----                                   -------
vdd                                        1.2
cm                                         0.6
vd                                      -0.048
ap                                       0.576
an                                       0.624
clku                                         0
clk                                          0
ibn                                   0.298067
xa.x1.tmid                         1.98887e-07
xa.x1.tail                            0.546286
xa.x1.np                                   1.2
xa.x1.nn                                   1.2
xa.x1.ln                                   1.2
xa.x1.lp                                   1.2
xa.x1.lnb                          9.77418e-08
xa.x1.lpb                          9.90187e-08
xa.x1.na                               1.18114
doutb                                 0.624468
dout                                  0.625646
xa.x1.nb                               1.18125
doutn                                 0.521371
tcheck                                     -40
pa_00                                  298.067
bpa_00#branch                                0
btchk#branch                                 0
bdoutn#branch                                0
bclk#branch                        6.55248e-10
ean#branch                         1.30354e-12
eap#branch                         1.65426e-12
vclku#branch                                 0
vd#branch                                    0
vcm#branch                          2.9578e-12
vsup#branch                        -0.00012122


No. of Data Rows : 12270

  Measurements for Transient Analysis

dlev0               =  -6.84984e-06
dlev1               =  -2.87138e-06
dlev2               =  -2.82106e-06
dlev3               =  -2.80630e-06
dlev4               =  -1.93537e-06
dlev5               =  -3.26872e-06
dlev6               =  -1.51314e-06
dlev7               =  -3.26354e-07
dlev8               =  -1.82879e-06
dlev9               =  -1.75050e-06
dlev10              =  -1.60686e-06
dlev11              =  -1.58692e-06
dlev12              =  -1.14090e-06
dlev13              =  -1.65909e-06
dlev14              =  -4.03498e-07
dlev15              =  -3.55537e-06
dlev16              =  9.99998e-01
dlev17              =  9.99998e-01
dlev18              =  1.00000e+00
dlev19              =  1.00000e+00
dlev20              =  1.00000e+00
dlev21              =  1.00000e+00
dlev22              =  1.00000e+00
dlev23              =  1.00000e+00
dlev24              =  1.00000e+00
dlev25              =  1.00000e+00
dlev26              =  1.00000e+00
dlev27              =  1.00000e+00
dlev28              =  1.00000e+00
dlev29              =  1.00000e+00
dlev30              =  9.99999e-01
dlev31              =  1.00000e+00
dlev32              =  1.00000e+00
vdd_meas            =  1.20000e+00
temp_meas           =  -4.00000e+01
vbias_mv            =  2.98067e+02
lowcount            =  1.60000e+01
vos_mv              =  -1.49987e+00

ngspice-46 done
