
Note: No compatibility mode selected!


Circuit: * klt sim -- generated corner deck, do not edit

Doing analysis at TEMP = -40.000000 and TNOM = 27.000000

Using SPARSE 1.3 as Direct Linear Solver
Note: Starting dynamic gmin stepping
Note: Dynamic gmin stepping completed

Initial Transient Solution
--------------------------

Node                                   Voltage
----                                   -------
vdd                                       1.32
cm                                         0.6
vd                                      -0.048
ap                                       0.576
an                                       0.624
clku                                         0
clk                                          0
ibn                                   0.379798
xa.x1.tmid                         1.51476e-09
xa.x1.tail                            0.599642
xa.x1.np                                  1.32
xa.x1.nn                                  1.32
xa.x1.ln                                  1.32
xa.x1.lp                                  1.32
xa.x1.lnb                          1.08487e-08
xa.x1.lpb                          1.06861e-08
xa.x1.na                                  1.32
doutb                               1.0714e-08
dout                                      1.32
xa.x1.nb                                  1.32
doutn                                        1
tcheck                                     -40
pa_00                                  379.798
bpa_00#branch                                0
btchk#branch                                 0
bdoutn#branch                                0
bclk#branch                        9.10016e-11
ean#branch                         1.96454e-13
eap#branch                         2.48523e-13
vclku#branch                                 0
vd#branch                                    0
vcm#branch                         4.44977e-13
vsup#branch                       -1.50002e-05


No. of Data Rows : 12359

  Measurements for Transient Analysis

dlev0               =  -2.68622e-06
dlev1               =  7.40830e-07
dlev2               =  2.52549e-07
dlev3               =  -6.54493e-08
dlev4               =  -4.53326e-07
dlev5               =  -8.28588e-07
dlev6               =  -1.24826e-06
dlev7               =  -3.62527e-07
dlev8               =  -8.67141e-08
dlev9               =  -5.40603e-09
dlev10              =  -4.83694e-06
dlev11              =  -5.48381e-07
dlev12              =  -7.75387e-06
dlev13              =  -8.15584e-06
dlev14              =  -4.23144e-07
dlev15              =  -3.76288e-06
dlev16              =  -9.36852e-06
dlev17              =  -8.06579e-06
dlev18              =  1.00000e+00
dlev19              =  9.99998e-01
dlev20              =  9.99999e-01
dlev21              =  9.99998e-01
dlev22              =  9.99998e-01
dlev23              =  9.99998e-01
dlev24              =  1.00000e+00
dlev25              =  9.99998e-01
dlev26              =  9.99999e-01
dlev27              =  9.99999e-01
dlev28              =  9.99998e-01
dlev29              =  1.00000e+00
dlev30              =  1.00000e+00
dlev31              =  1.00000e+00
dlev32              =  1.00000e+00
vdd_meas            =  1.32000e+00
temp_meas           =  -4.00000e+01
vbias_mv            =  3.79798e+02
lowcount            =  1.80001e+01
vos_mv              =  4.50016e+00

ngspice-46 done
