
Note: No compatibility mode selected!


Circuit: * klt sim -- generated corner deck, do not edit

Doing analysis at TEMP = 27.000000 and TNOM = 27.000000

Using SPARSE 1.3 as Direct Linear Solver

Initial Transient Solution
--------------------------

Node                                   Voltage
----                                   -------
vdd                                        1.2
cm                                         0.6
vd                                      -0.048
ap                                       0.576
an                                       0.624
clku                                         0
clk                                          0
ibn                                   0.355662
xa.x1.tmid                         1.09069e-07
xa.x1.tail                             0.59217
xa.x1.np                                   1.2
xa.x1.nn                                   1.2
xa.x1.ln                                   1.2
xa.x1.lp                                   1.2
xa.x1.lnb                          1.75995e-08
xa.x1.lpb                          1.63579e-08
xa.x1.na                                   1.2
doutb                                      1.2
dout                               1.85135e-08
xa.x1.nb                                   1.2
doutn                              1.54279e-08
tcheck                                      27
pa_00                                  355.662
bpa_00#branch                                0
btchk#branch                                 0
bdoutn#branch                                0
bclk#branch                         9.5848e-11
ean#branch                         2.17326e-13
eap#branch                         2.81192e-13
vclku#branch                                 0
vd#branch                                    0
vcm#branch                         4.98518e-13
vsup#branch                       -2.00005e-05


No. of Data Rows : 12189

  Measurements for Transient Analysis

dlev0               =  3.80853e-06
dlev1               =  3.44712e-06
dlev2               =  3.35787e-06
dlev3               =  4.56447e-06
dlev4               =  9.57781e-07
dlev5               =  2.27428e-06
dlev6               =  7.89292e-07
dlev7               =  3.33688e-06
dlev8               =  1.31498e-06
dlev9               =  1.22895e-06
dlev10              =  5.50628e-07
dlev11              =  1.10344e-06
dlev12              =  4.74476e-07
dlev13              =  8.10211e-07
dlev14              =  3.16065e-06
dlev15              =  1.00000e+00
dlev16              =  1.00000e+00
dlev17              =  1.00000e+00
dlev18              =  1.00000e+00
dlev19              =  1.00000e+00
dlev20              =  1.00000e+00
dlev21              =  1.00000e+00
dlev22              =  1.00000e+00
dlev23              =  1.00000e+00
dlev24              =  1.00000e+00
dlev25              =  1.00000e+00
dlev26              =  1.00000e+00
dlev27              =  1.00000e+00
dlev28              =  1.00000e+00
dlev29              =  1.00000e+00
dlev30              =  1.00000e+00
dlev31              =  1.00000e+00
dlev32              =  1.00000e+00
vdd_meas            =  1.20000e+00
temp_meas           =  2.70000e+01
vbias_mv            =  3.55662e+02
lowcount            =  1.49999e+01
vos_mv              =  -4.50021e+00

ngspice-46 done
