
Note: No compatibility mode selected!


Circuit: * klt sim -- generated corner deck, do not edit

Doing analysis at TEMP = 125.000000 and TNOM = 27.000000

Using SPARSE 1.3 as Direct Linear Solver

Initial Transient Solution
--------------------------

Node                                   Voltage
----                                   -------
vdd                                       1.32
cm                                         0.6
vd                                      -0.048
ap                                       0.576
an                                       0.624
clku                                         0
clk                                          0
ibn                                   0.275055
xa.x1.tmid                         2.93744e-05
xa.x1.tail                            0.576462
xa.x1.np                               1.31999
xa.x1.nn                               1.31998
xa.x1.ln                                  1.32
xa.x1.lp                                  1.32
xa.x1.lnb                          9.88692e-06
xa.x1.lpb                          8.76297e-06
xa.x1.na                               1.31999
doutb                              1.07049e-05
dout                                      1.32
xa.x1.nb                                  1.32
doutn                                 0.999999
tcheck                                     125
pa_00                                  275.055
bpa_00#branch                                0
btchk#branch                                 0
bdoutn#branch                                0
bclk#branch                        1.21733e-09
ean#branch                         1.22563e-12
eap#branch                         1.54235e-12
vclku#branch                                 0
vd#branch                                    0
vcm#branch                         2.76798e-12
vsup#branch                        -2.0113e-05


No. of Data Rows : 12181

  Measurements for Transient Analysis

dlev0               =  6.64375e-06
dlev1               =  1.54582e-06
dlev2               =  3.08792e-06
dlev3               =  6.78241e-06
dlev4               =  5.61659e-06
dlev5               =  4.51397e-06
dlev6               =  2.24968e-06
dlev7               =  3.93590e-06
dlev8               =  4.53385e-06
dlev9               =  8.13064e-06
dlev10              =  8.72497e-06
dlev11              =  6.03043e-06
dlev12              =  4.76069e-06
dlev13              =  1.25223e-06
dlev14              =  3.89552e-06
dlev15              =  1.78158e-06
dlev16              =  9.99999e-01
dlev17              =  9.99998e-01
dlev18              =  9.99997e-01
dlev19              =  9.99997e-01
dlev20              =  9.99997e-01
dlev21              =  9.99997e-01
dlev22              =  9.99998e-01
dlev23              =  1.00000e+00
dlev24              =  9.99997e-01
dlev25              =  9.99998e-01
dlev26              =  9.99998e-01
dlev27              =  9.99999e-01
dlev28              =  9.99997e-01
dlev29              =  9.99997e-01
dlev30              =  9.99998e-01
dlev31              =  9.99998e-01
dlev32              =  9.99998e-01
vdd_meas            =  1.32000e+00
temp_meas           =  1.25000e+02
vbias_mv            =  2.75055e+02
lowcount            =  1.60000e+01
vos_mv              =  -1.50011e+00

ngspice-46 done
