
Note: No compatibility mode selected!


Circuit: * klt sim -- generated corner deck, do not edit

Doing analysis at TEMP = 27.000000 and TNOM = 27.000000

Using SPARSE 1.3 as Direct Linear Solver

Initial Transient Solution
--------------------------

Node                                   Voltage
----                                   -------
vdd                                       1.32
cm                                        0.55
vd                                      -0.048
ap                                       0.526
an                                       0.574
clku                                         0
clk                                          0
ibn                                   0.310817
xa.x1.tmid                         1.25028e-06
xa.x1.tail                            0.539351
xa.x1.np                                  1.32
xa.x1.nn                                  1.32
xa.x1.ln                                  1.32
xa.x1.lp                                  1.32
xa.x1.lnb                           1.1488e-07
xa.x1.lpb                          9.85437e-08
xa.x1.na                                  1.32
doutb                                     1.32
dout                               1.25776e-07
xa.x1.nb                                  1.32
doutn                              9.52846e-08
tcheck                                      27
pa_00                                  310.817
bpa_00#branch                                0
btchk#branch                                 0
bdoutn#branch                                0
bclk#branch                        4.30453e-10
ean#branch                         2.13429e-12
eap#branch                         2.65174e-12
vclku#branch                                 0
vd#branch                                    0
vcm#branch                         4.78603e-12
vsup#branch                       -2.00043e-05


No. of Data Rows : 12383

  Measurements for Transient Analysis

dlev0               =  -2.60371e-06
dlev1               =  -8.02371e-06
dlev2               =  -1.27464e-06
dlev3               =  4.25941e-07
dlev4               =  -5.88226e-06
dlev5               =  -6.94490e-08
dlev6               =  3.43580e-07
dlev7               =  7.42148e-07
dlev8               =  -4.52713e-07
dlev9               =  4.44127e-07
dlev10              =  3.22890e-07
dlev11              =  2.39505e-07
dlev12              =  -8.33140e-06
dlev13              =  -1.36303e-06
dlev14              =  2.33603e-07
dlev15              =  2.21863e-07
dlev16              =  1.90466e-07
dlev17              =  -3.84183e-06
dlev18              =  1.45029e-07
dlev19              =  1.00000e+00
dlev20              =  9.99997e-01
dlev21              =  1.00000e+00
dlev22              =  1.00000e+00
dlev23              =  9.99997e-01
dlev24              =  1.00000e+00
dlev25              =  1.00000e+00
dlev26              =  9.99999e-01
dlev27              =  9.99999e-01
dlev28              =  1.00000e+00
dlev29              =  9.99998e-01
dlev30              =  9.99996e-01
dlev31              =  9.99998e-01
dlev32              =  9.99999e-01
vdd_meas            =  1.32000e+00
temp_meas           =  2.70000e+01
vbias_mv            =  3.10817e+02
lowcount            =  1.90000e+01
vos_mv              =  7.50014e+00
vcm_meas            =  5.50000e-01

ngspice-46 done
