
Note: No compatibility mode selected!


Circuit: * klt sim -- generated corner deck, do not edit

Doing analysis at TEMP = 125.000000 and TNOM = 27.000000

Using SPARSE 1.3 as Direct Linear Solver

Initial Transient Solution
--------------------------

Node                                   Voltage
----                                   -------
vdd                                       1.32
cm                                        0.65
vd                                      -0.048
ap                                       0.626
an                                       0.674
clku                                         0
clk                                          0
ibn                                    0.20426
xa.x1.tmid                         0.000315692
xa.x1.tail                            0.623302
xa.x1.np                               1.31993
xa.x1.nn                               1.31979
xa.x1.ln                                  1.32
xa.x1.lp                                  1.32
xa.x1.lnb                           1.9159e-05
xa.x1.lpb                          1.94809e-05
xa.x1.na                               1.31999
doutb                                  1.31998
dout                               2.92464e-05
xa.x1.nb                               1.31998
doutn                              2.21564e-05
tcheck                                     125
pa_00                                   204.26
bpa_00#branch                                0
btchk#branch                                 0
bdoutn#branch                                0
bclk#branch                        2.20986e-09
ean#branch                          1.2584e-11
eap#branch                         1.57512e-11
vclku#branch                                 0
vd#branch                                    0
vcm#branch                         2.83351e-11
vsup#branch                       -2.07053e-05


No. of Data Rows : 12266

  Measurements for Transient Analysis

dlev0               =  2.26049e-05
dlev1               =  2.40883e-05
dlev2               =  2.50421e-05
dlev3               =  2.07217e-05
dlev4               =  2.02376e-05
dlev5               =  2.09945e-05
dlev6               =  2.00394e-05
dlev7               =  2.53994e-05
dlev8               =  2.58677e-05
dlev9               =  2.36590e-05
dlev10              =  2.40862e-05
dlev11              =  2.30758e-05
dlev12              =  2.13111e-05
dlev13              =  2.12159e-05
dlev14              =  2.38479e-05
dlev15              =  2.05837e-05
dlev16              =  9.99987e-01
dlev17              =  9.99987e-01
dlev18              =  9.99987e-01
dlev19              =  9.99987e-01
dlev20              =  9.99987e-01
dlev21              =  9.99987e-01
dlev22              =  9.99987e-01
dlev23              =  9.99987e-01
dlev24              =  9.99987e-01
dlev25              =  9.99987e-01
dlev26              =  9.99986e-01
dlev27              =  9.99986e-01
dlev28              =  9.99987e-01
dlev29              =  9.99987e-01
dlev30              =  9.99987e-01
dlev31              =  9.99987e-01
dlev32              =  9.99987e-01
vdd_meas            =  1.32000e+00
temp_meas           =  1.25000e+02
vbias_mv            =  2.04260e+02
lowcount            =  1.59999e+01
vos_mv              =  -1.50042e+00
vcm_meas            =  6.50000e-01

ngspice-46 done
