
Note: No compatibility mode selected!


Circuit: * klt sim -- generated corner deck, do not edit

Doing analysis at TEMP = -40.000000 and TNOM = 27.000000

Using SPARSE 1.3 as Direct Linear Solver

Initial Transient Solution
--------------------------

Node                                   Voltage
----                                   -------
vdd                                       1.32
cm                                         0.6
clku                                         0
clk                                          0
sa                                       0.001
asp                                     0.6005
asn                                     0.5995
apa                                     0.6005
ana                                     0.5995
apa_pin                                 0.6005
ana_pin                                 0.5995
ibna                                  0.344918
xa.x1.tmid                         2.51049e-08
xa.x1.tail                            0.564596
xa.x1.np                                  1.32
xa.x1.nn                                  1.32
xa.x1.ln                                  1.32
xa.x1.lp                                  1.32
xa.x1.lnb                          3.36782e-08
xa.x1.lpb                          3.36782e-08
xa.x1.na                               1.29971
doutba                                0.680142
douta                                 0.680142
xa.x1.nb                               1.29971
qp                                -0.000918938
qn                                -0.000923249
sb                                       0.001
bsp                                     0.6005
bsn                                     0.5995
bpp                                   0.601415
bpn                                   0.600419
ibnb                                  0.344918
xb.x1.tmid                         2.51268e-08
xb.x1.tail                            0.565392
xb.x1.np                                  1.32
xb.x1.nn                                  1.32
xb.x1.ln                                  1.32
xb.x1.lp                                  1.32
xb.x1.lnb                          3.36782e-08
xb.x1.lpb                          3.36782e-08
xb.x1.na                               1.29971
doutbb                                0.680142
doutb                                 0.680142
xb.x1.nb                               1.29971
sc                                         0.1
csp                                       0.65
csn                                       0.55
cpp                                   0.650724
cpn                                   0.551156
ibnc                                  0.344918
xc.x1.tmid                         2.59119e-08
xc.x1.tail                            0.593942
xc.x1.np                                  1.32
xc.x1.nn                                  1.32
xc.x1.ln                                  1.32
xc.x1.lp                                  1.32
xc.x1.lnb                          3.36782e-08
xc.x1.lpb                          3.36782e-08
xc.x1.na                               1.29971
doutbc                                0.680142
doutc                                 0.680142
xc.x1.nb                               1.29971
ad                                 9.18938e-10
bd                                 0.000995705
cd                                   0.0995679
bc                                 0.000917169
dan                                   0.515259
dbn                                   0.515259
dcn                                   0.515259
tcheck                                     -40
btchk#branch                                 0
bdcn#branch                                  0
bdbn#branch                                  0
bdan#branch                                  0
bbc#branch                                   0
bcd#branch                                   0
bbd#branch                                   0
bad#branch                                   0
vkn#branch                        -9.23249e-13
vkp#branch                        -9.18938e-13
bclk#branch                        8.54989e-10
ecsn#branch                        1.15562e-12
ecsp#branch                        7.23537e-13
ebsn#branch                        9.19316e-13
ebsp#branch                        9.15021e-13
easn#branch                        9.23249e-13
easp#branch                        9.18938e-13
vsc#branch                                   0
vsb#branch                                   0
vsa#branch                                   0
vclku#branch                                 0
vcm#branch                         5.55568e-12
vsup#branch                       -0.000351654


No. of Data Rows : 12080

  Measurements for Transient Analysis

vdd_meas            =  1.32000e+00
temp_meas           =  -4.00000e+01
ad_pos              =  1.23036e-01 at=  4.02400e-08
ad_neg              =  -3.81557e-02 at=  4.01511e-08
kick_1k_peak_mv     =  1.23036e+02
kick_1k_pos_mv      =  1.23036e+02
kick_1k_neg_mv      =  -3.81557e+01
qp29                =  -9.18938e-04
qpmax               =  2.60469e-02 at=  4.01561e-08
qpmin               =  -2.63311e-03 at=  3.00520e-08
qn29                =  -9.23249e-04
qnmax               =  2.63740e-02 at=  4.01611e-08
qnmin               =  -2.63724e-03 at=  3.00520e-08
qkick_p_fc          =  2.69659e+01
qkick_n_fc          =  2.72972e+01
qkick_fc            =  2.72972e+01
bd0                 =  9.95705e-04
bd1                 =  9.95529e-04
cd0                 =  9.95679e-02
cd1                 =  9.95555e-02
kick_sigdep_uv      =  1.22619e+01
bc0                 =  9.17169e-04
bc1                 =  -2.80935e-04
kick_cm_uv          =  -1.19810e+03
dout_1k_end         =  1.00000e+00
dout_float_small_end=  1.00000e+00
dout_float_big_end  =  1.00000e+00

ngspice-46 done
