
Note: No compatibility mode selected!


Circuit: * klt sim -- generated corner deck, do not edit

Doing analysis at TEMP = -40.000000 and TNOM = 27.000000

Using SPARSE 1.3 as Direct Linear Solver
Note: Starting dynamic gmin stepping
Note: Dynamic gmin stepping completed

Initial Transient Solution
--------------------------

Node                                   Voltage
----                                   -------
vdd                                       1.32
cm                                         0.6
vd                                      -0.048
ap                                       0.576
an                                       0.624
clku                                         0
clk                                          0
ibn                                   0.389245
xa.x1.tmid                         1.49373e-09
xa.x1.tail                            0.594853
xa.x1.np                                  1.32
xa.x1.nn                                  1.32
xa.x1.ln                                  1.32
xa.x1.lp                                  1.32
xa.x1.lnb                          9.71962e-09
xa.x1.lpb                          1.00483e-08
xa.x1.na                               1.30883
doutb                                 0.672205
dout                                  0.682097
xa.x1.nb                               1.30732
doutn                                  0.51674
tcheck                                     -40
pa_00                                  389.245
bpa_00#branch                                0
btchk#branch                                 0
bdoutn#branch                                0
bclk#branch                        9.05306e-11
ean#branch                         1.96343e-13
eap#branch                         2.48551e-13
vclku#branch                                 0
vd#branch                                    0
vcm#branch                         4.44894e-13
vsup#branch                       -7.05553e-05


No. of Data Rows : 12406

  Measurements for Transient Analysis

dlev0               =  -8.70995e-06
dlev1               =  3.32075e-06
dlev2               =  2.72321e-06
dlev3               =  2.35250e-06
dlev4               =  6.73782e-10
dlev5               =  -6.23060e-06
dlev6               =  7.00487e-07
dlev7               =  -6.54993e-06
dlev8               =  3.84418e-06
dlev9               =  1.76247e-06
dlev10              =  3.99111e-07
dlev11              =  -1.92705e-06
dlev12              =  -1.98517e-06
dlev13              =  -2.35085e-06
dlev14              =  -4.34260e-06
dlev15              =  1.23470e-07
dlev16              =  1.51361e-06
dlev17              =  1.00000e+00
dlev18              =  9.99997e-01
dlev19              =  1.00000e+00
dlev20              =  9.99997e-01
dlev21              =  9.99997e-01
dlev22              =  9.99997e-01
dlev23              =  1.00000e+00
dlev24              =  1.00000e+00
dlev25              =  9.99998e-01
dlev26              =  1.00000e+00
dlev27              =  9.99998e-01
dlev28              =  1.00000e+00
dlev29              =  1.00000e+00
dlev30              =  1.00000e+00
dlev31              =  1.00000e+00
dlev32              =  1.00000e+00
vdd_meas            =  1.32000e+00
temp_meas           =  -4.00000e+01
vbias_mv            =  3.89245e+02
lowcount            =  1.70000e+01
vos_mv              =  1.50007e+00

ngspice-46 done
