
Note: No compatibility mode selected!


Circuit: * klt sim -- generated corner deck, do not edit

Doing analysis at TEMP = 27.000000 and TNOM = 27.000000

Using SPARSE 1.3 as Direct Linear Solver

Initial Transient Solution
--------------------------

Node                                   Voltage
----                                   -------
vdd                                       1.08
cm                                        0.55
vd                                      -0.048
ap                                       0.526
an                                       0.574
clku                                         0
clk                                          0
ibn                                   0.308629
xa.x1.tmid                         1.32034e-06
xa.x1.tail                             0.53035
xa.x1.np                                  1.08
xa.x1.nn                                  1.08
xa.x1.ln                                  1.08
xa.x1.lp                                  1.08
xa.x1.lnb                          8.81575e-08
xa.x1.lpb                          8.33791e-08
xa.x1.na                                  1.08
doutb                                     1.08
dout                               9.24695e-08
xa.x1.nb                                  1.08
doutn                              8.56199e-08
tcheck                                      27
pa_00                                  308.629
bpa_00#branch                                0
btchk#branch                                 0
bdoutn#branch                                0
bclk#branch                        2.14457e-10
ean#branch                         6.45789e-13
eap#branch                         8.40217e-13
vclku#branch                                 0
vd#branch                                    0
vcm#branch                         1.48601e-12
vsup#branch                       -2.00037e-05


No. of Data Rows : 12188

  Measurements for Transient Analysis

dlev0               =  -2.23425e-06
dlev1               =  -2.22773e-06
dlev2               =  -2.24371e-06
dlev3               =  -1.58202e-06
dlev4               =  -2.16231e-06
dlev5               =  -2.34858e-06
dlev6               =  2.28614e-06
dlev7               =  -2.34603e-06
dlev8               =  -1.63321e-06
dlev9               =  1.43475e-06
dlev10              =  -2.77280e-06
dlev11              =  -3.38190e-06
dlev12              =  2.67867e-06
dlev13              =  -3.81727e-06
dlev14              =  -2.34924e-06
dlev15              =  3.42135e-06
dlev16              =  -3.23797e-06
dlev17              =  1.00000e+00
dlev18              =  9.99999e-01
dlev19              =  9.99999e-01
dlev20              =  1.00000e+00
dlev21              =  1.00000e+00
dlev22              =  1.00000e+00
dlev23              =  1.00000e+00
dlev24              =  1.00000e+00
dlev25              =  1.00000e+00
dlev26              =  1.00000e+00
dlev27              =  9.99998e-01
dlev28              =  1.00000e+00
dlev29              =  1.00000e+00
dlev30              =  9.99999e-01
dlev31              =  1.00000e+00
dlev32              =  9.99999e-01
vdd_meas            =  1.08000e+00
temp_meas           =  2.70000e+01
vbias_mv            =  3.08629e+02
lowcount            =  1.70000e+01
vos_mv              =  1.50007e+00
vcm_meas            =  5.50000e-01

ngspice-46 done
