
Note: No compatibility mode selected!


Circuit: * klt sim -- generated corner deck, do not edit

Doing analysis at TEMP = 27.000000 and TNOM = 27.000000

Using SPARSE 1.3 as Direct Linear Solver

Initial Transient Solution
--------------------------

Node                                   Voltage
----                                   -------
vdd                                       1.32
cm                                         0.6
vd                                      -0.048
ap                                       0.576
an                                       0.624
clku                                         0
clk                                          0
ibn                                   0.331917
xa.x1.tmid                         3.14229e-07
xa.x1.tail                            0.555868
xa.x1.np                                  1.32
xa.x1.nn                                  1.32
xa.x1.ln                                  1.32
xa.x1.lp                                  1.32
xa.x1.lnb                          2.36214e-07
xa.x1.lpb                           2.0322e-07
xa.x1.na                                  1.32
doutb                              2.67297e-07
dout                                      1.32
xa.x1.nb                                  1.32
doutn                                        1
tcheck                                      27
pa_00                                  331.917
bpa_00#branch                                0
btchk#branch                                 0
bdoutn#branch                                0
bclk#branch                         7.6227e-10
ean#branch                         4.12448e-13
eap#branch                         5.20348e-13
vclku#branch                                 0
vd#branch                                    0
vcm#branch                         9.32796e-13
vsup#branch                       -2.00033e-05


No. of Data Rows : 12192

  Measurements for Transient Analysis

dlev0               =  3.71164e-06
dlev1               =  -3.88755e-06
dlev2               =  -5.52498e-06
dlev3               =  -1.15551e-06
dlev4               =  -1.18835e-06
dlev5               =  -1.15858e-06
dlev6               =  -1.12876e-06
dlev7               =  -1.10166e-06
dlev8               =  -1.22286e-06
dlev9               =  -1.62820e-06
dlev10              =  -1.43606e-06
dlev11              =  -9.97561e-07
dlev12              =  -3.57592e-06
dlev13              =  1.00000e+00
dlev14              =  9.99999e-01
dlev15              =  9.99999e-01
dlev16              =  9.99999e-01
dlev17              =  9.99999e-01
dlev18              =  9.99999e-01
dlev19              =  9.99999e-01
dlev20              =  9.99999e-01
dlev21              =  1.00000e+00
dlev22              =  9.99999e-01
dlev23              =  9.99999e-01
dlev24              =  9.99999e-01
dlev25              =  9.99999e-01
dlev26              =  9.99999e-01
dlev27              =  9.99998e-01
dlev28              =  9.99999e-01
dlev29              =  1.00000e+00
dlev30              =  9.99999e-01
dlev31              =  9.99999e-01
dlev32              =  9.99999e-01
vdd_meas            =  1.32000e+00
temp_meas           =  2.70000e+01
vbias_mv            =  3.31917e+02
lowcount            =  1.30000e+01
vos_mv              =  -1.04999e+01

ngspice-46 done
