
Note: No compatibility mode selected!


Circuit: * klt sim -- generated corner deck, do not edit

Doing analysis at TEMP = 27.000000 and TNOM = 27.000000

Using SPARSE 1.3 as Direct Linear Solver

Initial Transient Solution
--------------------------

Node                                   Voltage
----                                   -------
vdd                                       1.32
cm                                        0.65
vd                                      -0.048
ap                                       0.626
an                                       0.674
clku                                         0
clk                                          0
ibn                                   0.264531
xa.x1.tmid                         7.54057e-06
xa.x1.tail                            0.622791
xa.x1.np                                  1.32
xa.x1.nn                               1.31999
xa.x1.ln                                  1.32
xa.x1.lp                                  1.32
xa.x1.lnb                          6.75483e-07
xa.x1.lpb                          7.06978e-07
xa.x1.na                               1.28452
doutb                                 0.666675
dout                                  0.679549
xa.x1.nb                               1.28515
doutn                                  0.51481
tcheck                                      27
pa_00                                  264.531
bpa_00#branch                                0
btchk#branch                                 0
bdoutn#branch                                0
bclk#branch                        1.37615e-09
ean#branch                         5.64992e-12
eap#branch                         7.06066e-12
vclku#branch                                 0
vd#branch                                    0
vcm#branch                         1.27106e-11
vsup#branch                       -0.000211152


No. of Data Rows : 12330

  Measurements for Transient Analysis

dlev0               =  -1.35689e-06
dlev1               =  -6.48315e-06
dlev2               =  -4.03142e-06
dlev3               =  -4.71934e-06
dlev4               =  -1.04582e-06
dlev5               =  -4.15279e-06
dlev6               =  -5.22372e-06
dlev7               =  -4.03566e-06
dlev8               =  -1.25612e-07
dlev9               =  1.15797e-07
dlev10              =  -4.03888e-06
dlev11              =  -2.29507e-06
dlev12              =  -1.10545e-06
dlev13              =  -1.95113e-06
dlev14              =  -3.46971e-06
dlev15              =  6.37114e-06
dlev16              =  -2.71236e-07
dlev17              =  9.99999e-01
dlev18              =  9.99998e-01
dlev19              =  1.00000e+00
dlev20              =  9.99997e-01
dlev21              =  9.99997e-01
dlev22              =  9.99998e-01
dlev23              =  9.99999e-01
dlev24              =  9.99998e-01
dlev25              =  9.99997e-01
dlev26              =  9.99998e-01
dlev27              =  9.99998e-01
dlev28              =  9.99997e-01
dlev29              =  1.00000e+00
dlev30              =  9.99997e-01
dlev31              =  9.99998e-01
dlev32              =  9.99998e-01
vdd_meas            =  1.32000e+00
temp_meas           =  2.70000e+01
vbias_mv            =  2.64531e+02
lowcount            =  1.70001e+01
vos_mv              =  1.50019e+00
vcm_meas            =  6.50000e-01

ngspice-46 done
