
Note: No compatibility mode selected!


Circuit: * klt sim -- generated corner deck, do not edit

Doing analysis at TEMP = 125.000000 and TNOM = 27.000000

Using SPARSE 1.3 as Direct Linear Solver

Initial Transient Solution
--------------------------

Node                                   Voltage
----                                   -------
vdd                                        1.2
cm                                        0.55
vd                                      -0.048
ap                                       0.526
an                                       0.574
clku                                         0
clk                                          0
ibn                                   0.249817
xa.x1.tmid                         8.08212e-05
xa.x1.tail                            0.542204
xa.x1.np                               1.19998
xa.x1.nn                               1.19992
xa.x1.ln                                   1.2
xa.x1.lp                                   1.2
xa.x1.lnb                          4.25056e-06
xa.x1.lpb                          3.69837e-06
xa.x1.na                                   1.2
doutb                                  1.19999
dout                               4.67316e-06
xa.x1.nb                                   1.2
doutn                               3.8943e-06
tcheck                                     125
pa_00                                  249.817
bpa_00#branch                                0
btchk#branch                                 0
bdoutn#branch                                0
bclk#branch                        4.83005e-10
ean#branch                         2.69298e-12
eap#branch                         3.41324e-12
vclku#branch                                 0
vd#branch                                    0
vcm#branch                         6.10623e-12
vsup#branch                        -2.0166e-05


No. of Data Rows : 12185

  Measurements for Transient Analysis

dlev0               =  3.99777e-06
dlev1               =  4.88038e-06
dlev2               =  4.20595e-06
dlev3               =  4.21491e-06
dlev4               =  4.04522e-06
dlev5               =  4.95998e-06
dlev6               =  4.63225e-06
dlev7               =  4.45649e-06
dlev8               =  4.40805e-06
dlev9               =  5.45542e-06
dlev10              =  5.43189e-06
dlev11              =  4.68488e-06
dlev12              =  4.84620e-06
dlev13              =  5.99153e-06
dlev14              =  5.02439e-06
dlev15              =  6.33384e-06
dlev16              =  9.99995e-01
dlev17              =  9.99996e-01
dlev18              =  9.99995e-01
dlev19              =  9.99996e-01
dlev20              =  9.99996e-01
dlev21              =  9.99996e-01
dlev22              =  9.99996e-01
dlev23              =  9.99996e-01
dlev24              =  9.99996e-01
dlev25              =  9.99995e-01
dlev26              =  9.99995e-01
dlev27              =  9.99996e-01
dlev28              =  9.99996e-01
dlev29              =  9.99996e-01
dlev30              =  9.99996e-01
dlev31              =  9.99995e-01
dlev32              =  9.99995e-01
vdd_meas            =  1.20000e+00
temp_meas           =  1.25000e+02
vbias_mv            =  2.49817e+02
lowcount            =  1.60000e+01
vos_mv              =  -1.50000e+00
vcm_meas            =  5.50000e-01

ngspice-46 done
