
Note: No compatibility mode selected!


Circuit: * klt sim -- generated corner deck, do not edit

Doing analysis at TEMP = 125.000000 and TNOM = 27.000000

Using SPARSE 1.3 as Direct Linear Solver

Initial Transient Solution
--------------------------

Node                                   Voltage
----                                   -------
vdd                                       1.32
cm                                         0.6
vd                                      -0.048
ap                                       0.576
an                                       0.624
clku                                         0
clk                                          0
ibn                                   0.276773
xa.x1.tmid                         3.16842e-05
xa.x1.tail                            0.557351
xa.x1.np                               1.31999
xa.x1.nn                               1.31997
xa.x1.ln                                  1.32
xa.x1.lp                                  1.32
xa.x1.lnb                          9.88443e-06
xa.x1.lpb                          8.94587e-06
xa.x1.na                                  1.32
doutb                                     1.32
dout                               1.09399e-05
xa.x1.nb                               1.31999
doutn                               8.2878e-06
tcheck                                     125
pa_00                                  276.773
bpa_00#branch                                0
btchk#branch                                 0
bdoutn#branch                                0
bclk#branch                        1.22343e-09
ean#branch                         9.18807e-13
eap#branch                         1.15742e-12
vclku#branch                                 0
vd#branch                                    0
vcm#branch                         2.07623e-12
vsup#branch                        -2.0119e-05


No. of Data Rows : 12175

  Measurements for Transient Analysis

dlev0               =  7.78817e-06
dlev1               =  6.54089e-06
dlev2               =  4.83994e-06
dlev3               =  3.64118e-06
dlev4               =  7.19880e-06
dlev5               =  6.74366e-06
dlev6               =  4.00957e-06
dlev7               =  3.84768e-06
dlev8               =  3.19920e-06
dlev9               =  2.89485e-06
dlev10              =  3.20537e-06
dlev11              =  4.32837e-06
dlev12              =  3.95919e-06
dlev13              =  3.04864e-06
dlev14              =  8.43530e-06
dlev15              =  8.06580e-06
dlev16              =  9.67937e-06
dlev17              =  4.18628e-06
dlev18              =  9.99998e-01
dlev19              =  9.99999e-01
dlev20              =  9.99998e-01
dlev21              =  9.99996e-01
dlev22              =  9.99996e-01
dlev23              =  9.99997e-01
dlev24              =  9.99997e-01
dlev25              =  9.99996e-01
dlev26              =  9.99998e-01
dlev27              =  9.99996e-01
dlev28              =  9.99997e-01
dlev29              =  9.99997e-01
dlev30              =  9.99997e-01
dlev31              =  9.99996e-01
dlev32              =  9.99997e-01
vdd_meas            =  1.32000e+00
temp_meas           =  1.25000e+02
vbias_mv            =  2.76773e+02
lowcount            =  1.80000e+01
vos_mv              =  4.49985e+00

ngspice-46 done
