
Note: No compatibility mode selected!


Circuit: * klt sim -- generated corner deck, do not edit

Doing analysis at TEMP = 125.000000 and TNOM = 27.000000

Using SPARSE 1.3 as Direct Linear Solver

Initial Transient Solution
--------------------------

Node                                   Voltage
----                                   -------
vdd                                       1.08
cm                                         0.6
vd                                      -0.048
ap                                       0.576
an                                       0.624
clku                                         0
clk                                          0
ibn                                   0.298317
xa.x1.tmid                         1.47682e-05
xa.x1.tail                            0.589611
xa.x1.np                               1.07999
xa.x1.nn                               1.07998
xa.x1.ln                                  1.08
xa.x1.lp                                  1.08
xa.x1.lnb                          8.36404e-07
xa.x1.lpb                          7.03989e-07
xa.x1.na                                  1.08
doutb                              9.42864e-07
dout                                      1.08
xa.x1.nb                                  1.08
doutn                                 0.999999
tcheck                                     125
pa_00                                  298.317
bpa_00#branch                                0
btchk#branch                                 0
bdoutn#branch                                0
bclk#branch                        1.00144e-10
ean#branch                         2.45637e-13
eap#branch                         3.28043e-13
vclku#branch                                 0
vd#branch                                    0
vcm#branch                          5.7368e-13
vsup#branch                       -2.00295e-05


No. of Data Rows : 12037

  Measurements for Transient Analysis

dlev0               =  -1.58089e-07
dlev1               =  1.49824e-07
dlev2               =  2.00005e-07
dlev3               =  6.13550e-07
dlev4               =  8.70525e-07
dlev5               =  2.65209e-07
dlev6               =  -2.42376e-06
dlev7               =  -2.12378e-06
dlev8               =  -3.54202e-06
dlev9               =  -1.70527e-06
dlev10              =  -8.08303e-09
dlev11              =  -2.30032e-07
dlev12              =  -2.09513e-06
dlev13              =  -2.83947e-07
dlev14              =  -1.49512e-06
dlev15              =  6.50545e-07
dlev16              =  9.99996e-01
dlev17              =  9.99998e-01
dlev18              =  1.00000e+00
dlev19              =  9.99999e-01
dlev20              =  1.00000e+00
dlev21              =  1.00000e+00
dlev22              =  1.00000e+00
dlev23              =  1.00000e+00
dlev24              =  9.99999e-01
dlev25              =  1.00000e+00
dlev26              =  1.00000e+00
dlev27              =  1.00000e+00
dlev28              =  1.00000e+00
dlev29              =  1.00000e+00
dlev30              =  1.00000e+00
dlev31              =  1.00000e+00
dlev32              =  1.00000e+00
vdd_meas            =  1.08000e+00
temp_meas           =  1.25000e+02
vbias_mv            =  2.98317e+02
lowcount            =  1.60000e+01
vos_mv              =  -1.49995e+00

ngspice-46 done
