
Note: No compatibility mode selected!


Circuit: * klt sim -- generated corner deck, do not edit

Doing analysis at TEMP = -40.000000 and TNOM = 27.000000

Using SPARSE 1.3 as Direct Linear Solver

Initial Transient Solution
--------------------------

Node                                   Voltage
----                                   -------
vdd                                       1.32
cm                                         0.6
vd                                      -0.048
ap                                       0.576
an                                       0.624
clku                                         0
clk                                          0
ibn                                   0.321463
xa.x1.tmid                         7.39366e-08
xa.x1.tail                            0.571611
xa.x1.np                                  1.32
xa.x1.nn                                  1.32
xa.x1.ln                                  1.32
xa.x1.lp                                  1.32
xa.x1.lnb                          3.40847e-08
xa.x1.lpb                          3.12875e-08
xa.x1.na                                  1.32
doutb                              3.63377e-08
dout                                      1.32
xa.x1.nb                                  1.32
doutn                                        1
tcheck                                     -40
pa_00                                  321.463
bpa_00#branch                                0
btchk#branch                                 0
bdoutn#branch                                0
bclk#branch                        1.64152e-10
ean#branch                          1.6849e-12
eap#branch                         2.09924e-12
vclku#branch                                 0
vd#branch                                    0
vcm#branch                         3.78414e-12
vsup#branch                       -2.00008e-05


No. of Data Rows : 12339

  Measurements for Transient Analysis

dlev0               =  -1.07538e-06
dlev1               =  -1.74774e-06
dlev2               =  -4.47753e-06
dlev3               =  2.43259e-08
dlev4               =  -7.76625e-09
dlev5               =  -1.89253e-06
dlev6               =  3.85283e-08
dlev7               =  2.11092e-08
dlev8               =  2.21172e-08
dlev9               =  -7.81126e-07
dlev10              =  -4.29938e-06
dlev11              =  5.08263e-08
dlev12              =  -4.92747e-08
dlev13              =  1.30907e-07
dlev14              =  2.38608e-07
dlev15              =  2.76421e-07
dlev16              =  -4.46945e-06
dlev17              =  1.00000e+00
dlev18              =  1.00000e+00
dlev19              =  1.00000e+00
dlev20              =  1.00000e+00
dlev21              =  1.00000e+00
dlev22              =  1.00000e+00
dlev23              =  1.00000e+00
dlev24              =  9.99998e-01
dlev25              =  1.00000e+00
dlev26              =  1.00000e+00
dlev27              =  1.00000e+00
dlev28              =  1.00000e+00
dlev29              =  1.00000e+00
dlev30              =  1.00000e+00
dlev31              =  9.99999e-01
dlev32              =  1.00000e+00
vdd_meas            =  1.32000e+00
temp_meas           =  -4.00000e+01
vbias_mv            =  3.21463e+02
lowcount            =  1.70000e+01
vos_mv              =  1.50006e+00

ngspice-46 done
