
Note: No compatibility mode selected!


Circuit: * klt sim -- generated corner deck, do not edit

Doing analysis at TEMP = 27.000000 and TNOM = 27.000000

Using SPARSE 1.3 as Direct Linear Solver

Initial Transient Solution
--------------------------

Node                                   Voltage
----                                   -------
vdd                                       1.08
cm                                        0.55
vd                                      -0.048
ap                                       0.526
an                                       0.574
clku                                         0
clk                                          0
ibn                                   0.331392
xa.x1.tmid                         3.85475e-07
xa.x1.tail                            0.541844
xa.x1.np                                  1.08
xa.x1.nn                                  1.08
xa.x1.ln                                  1.08
xa.x1.lp                                  1.08
xa.x1.lnb                          2.42883e-07
xa.x1.lpb                          2.37422e-07
xa.x1.na                               1.07025
doutb                                 0.593114
dout                                  0.585428
xa.x1.nb                               1.07069
doutn                                 0.542063
tcheck                                      27
pa_00                                  331.392
bpa_00#branch                                0
btchk#branch                                 0
bdoutn#branch                                0
bclk#branch                        3.85579e-10
ean#branch                         3.08586e-13
eap#branch                         4.04177e-13
vclku#branch                                 0
vd#branch                                    0
vcm#branch                         7.12763e-13
vsup#branch                       -5.73893e-05


No. of Data Rows : 12106

  Measurements for Transient Analysis

dlev0               =  -7.76869e-06
dlev1               =  -1.97639e-06
dlev2               =  -1.55522e-06
dlev3               =  -9.47755e-07
dlev4               =  -8.41360e-07
dlev5               =  -9.45752e-07
dlev6               =  -2.03172e-07
dlev7               =  -6.61120e-06
dlev8               =  -4.45412e-06
dlev9               =  -5.40914e-07
dlev10              =  -3.88135e-06
dlev11              =  9.53584e-07
dlev12              =  4.55958e-07
dlev13              =  -6.46423e-06
dlev14              =  -2.94601e-06
dlev15              =  -6.12173e-06
dlev16              =  -3.04970e-07
dlev17              =  1.00000e+00
dlev18              =  9.99998e-01
dlev19              =  1.00000e+00
dlev20              =  9.99999e-01
dlev21              =  1.00000e+00
dlev22              =  1.00000e+00
dlev23              =  1.00000e+00
dlev24              =  9.99999e-01
dlev25              =  1.00000e+00
dlev26              =  1.00000e+00
dlev27              =  1.00000e+00
dlev28              =  1.00000e+00
dlev29              =  1.00000e+00
dlev30              =  1.00000e+00
dlev31              =  1.00000e+00
dlev32              =  1.00000e+00
vdd_meas            =  1.08000e+00
temp_meas           =  2.70000e+01
vbias_mv            =  3.31392e+02
lowcount            =  1.70000e+01
vos_mv              =  1.50011e+00
vcm_meas            =  5.50000e-01

ngspice-46 done
