
Note: No compatibility mode selected!


Circuit: * klt sim -- generated corner deck, do not edit

Doing analysis at TEMP = -40.000000 and TNOM = 27.000000

Using SPARSE 1.3 as Direct Linear Solver

Initial Transient Solution
--------------------------

Node                                   Voltage
----                                   -------
vdd                                       1.08
cm                                         0.6
vd                                      -0.048
ap                                       0.576
an                                       0.624
clku                                         0
clk                                          0
ibn                                   0.364949
xa.x1.tmid                         4.88478e-09
xa.x1.tail                              0.5816
xa.x1.np                                  1.08
xa.x1.nn                                  1.08
xa.x1.ln                                  1.08
xa.x1.lp                                  1.08
xa.x1.lnb                          3.78955e-08
xa.x1.lpb                          3.49633e-08
xa.x1.na                               1.07403
doutb                                 0.584555
dout                                  0.590694
xa.x1.nb                               1.07408
doutn                                 0.546939
tcheck                                     -40
pa_00                                  364.949
bpa_00#branch                                0
btchk#branch                                 0
bdoutn#branch                                0
bclk#branch                        2.56426e-10
ean#branch                         1.11605e-13
eap#branch                         1.48742e-13
vclku#branch                                 0
vd#branch                                    0
vcm#branch                         2.60347e-13
vsup#branch                       -4.52983e-05


No. of Data Rows : 12166

  Measurements for Transient Analysis

dlev0               =  -4.74321e-07
dlev1               =  -3.18802e-06
dlev2               =  -4.57708e-06
dlev3               =  -4.74186e-07
dlev4               =  -5.51961e-07
dlev5               =  -1.83053e-06
dlev6               =  -4.61136e-07
dlev7               =  -1.63265e-07
dlev8               =  -4.45912e-06
dlev9               =  -1.64927e-06
dlev10              =  -4.27985e-06
dlev11              =  -4.07886e-06
dlev12              =  -1.09250e-06
dlev13              =  -4.94513e-06
dlev14              =  -5.61132e-06
dlev15              =  -6.42535e-06
dlev16              =  -3.43198e-07
dlev17              =  1.00000e+00
dlev18              =  9.99995e-01
dlev19              =  9.99998e-01
dlev20              =  9.99999e-01
dlev21              =  1.00000e+00
dlev22              =  9.99998e-01
dlev23              =  1.00000e+00
dlev24              =  1.00000e+00
dlev25              =  9.99999e-01
dlev26              =  1.00000e+00
dlev27              =  9.99998e-01
dlev28              =  9.99998e-01
dlev29              =  1.00000e+00
dlev30              =  1.00000e+00
dlev31              =  1.00000e+00
dlev32              =  9.99998e-01
vdd_meas            =  1.08000e+00
temp_meas           =  -4.00000e+01
vbias_mv            =  3.64949e+02
lowcount            =  1.70001e+01
vos_mv              =  1.50018e+00

ngspice-46 done
