
Note: No compatibility mode selected!


Circuit: * klt sim -- generated corner deck, do not edit

Doing analysis at TEMP = 27.000000 and TNOM = 27.000000

Using SPARSE 1.3 as Direct Linear Solver

Initial Transient Solution
--------------------------

Node                                   Voltage
----                                   -------
vdd                                       1.08
cm                                         0.6
vd                                      -0.048
ap                                       0.576
an                                       0.624
clku                                         0
clk                                          0
ibn                                   0.333192
xa.x1.tmid                         3.04707e-07
xa.x1.tail                            0.590222
xa.x1.np                                  1.08
xa.x1.nn                                  1.08
xa.x1.ln                                  1.08
xa.x1.lp                                  1.08
xa.x1.lnb                          2.32604e-07
xa.x1.lpb                          2.14815e-07
xa.x1.na                               1.07089
doutb                                 0.586199
dout                                  0.591911
xa.x1.nb                               1.07032
doutn                                 0.548065
tcheck                                      27
pa_00                                  333.192
bpa_00#branch                                0
btchk#branch                                 0
bdoutn#branch                                0
bclk#branch                         3.8687e-10
ean#branch                         2.31121e-13
eap#branch                         3.07337e-13
vclku#branch                                 0
vd#branch                                    0
vcm#branch                         5.38458e-13
vsup#branch                       -5.62121e-05


No. of Data Rows : 12126

  Measurements for Transient Analysis

dlev0               =  3.01735e-06
dlev1               =  -6.63670e-06
dlev2               =  -6.02599e-06
dlev3               =  -5.72740e-06
dlev4               =  -5.14692e-06
dlev5               =  -2.60194e-06
dlev6               =  -7.49544e-07
dlev7               =  -9.00333e-07
dlev8               =  -5.47030e-06
dlev9               =  -1.82464e-06
dlev10              =  2.21850e-07
dlev11              =  -1.19945e-06
dlev12              =  -2.39430e-06
dlev13              =  2.81135e-07
dlev14              =  -4.82097e-07
dlev15              =  -1.02819e-06
dlev16              =  8.02930e-08
dlev17              =  -5.21030e-07
dlev18              =  1.00000e+00
dlev19              =  1.00000e+00
dlev20              =  9.99998e-01
dlev21              =  1.00000e+00
dlev22              =  1.00000e+00
dlev23              =  1.00000e+00
dlev24              =  1.00000e+00
dlev25              =  1.00000e+00
dlev26              =  9.99999e-01
dlev27              =  9.99999e-01
dlev28              =  9.99999e-01
dlev29              =  1.00000e+00
dlev30              =  1.00000e+00
dlev31              =  9.99999e-01
dlev32              =  1.00000e+00
vdd_meas            =  1.08000e+00
temp_meas           =  2.70000e+01
vbias_mv            =  3.33192e+02
lowcount            =  1.80000e+01
vos_mv              =  4.50013e+00

ngspice-46 done
