
Note: No compatibility mode selected!


Circuit: * klt sim -- generated corner deck, do not edit

Doing analysis at TEMP = 27.000000 and TNOM = 27.000000

Using SPARSE 1.3 as Direct Linear Solver

Initial Transient Solution
--------------------------

Node                                   Voltage
----                                   -------
vdd                                       1.32
cm                                         0.6
vd                                      -0.048
ap                                       0.576
an                                       0.624
clku                                         0
clk                                          0
ibn                                   0.334045
xa.x1.tmid                         3.76272e-07
xa.x1.tail                            0.588676
xa.x1.np                                  1.32
xa.x1.nn                                  1.32
xa.x1.ln                                  1.32
xa.x1.lp                                  1.32
xa.x1.lnb                          2.34461e-07
xa.x1.lpb                          2.23064e-07
xa.x1.na                               1.29463
doutb                                 0.696013
dout                                  0.718001
xa.x1.nb                               1.29458
doutn                                  0.54394
tcheck                                      27
pa_00                                  334.045
bpa_00#branch                                0
btchk#branch                                 0
bdoutn#branch                                0
bclk#branch                        7.65162e-10
ean#branch                         8.26256e-13
eap#branch                         1.03964e-12
vclku#branch                                 0
vd#branch                                    0
vcm#branch                          1.8659e-12
vsup#branch                        -0.00014351


No. of Data Rows : 12300

  Measurements for Transient Analysis

dlev0               =  -4.27945e-06
dlev1               =  -4.43718e-06
dlev2               =  -4.47186e-06
dlev3               =  -4.56940e-06
dlev4               =  -4.72456e-06
dlev5               =  -3.93655e-06
dlev6               =  -2.96615e-07
dlev7               =  -5.03201e-06
dlev8               =  -3.89986e-07
dlev9               =  -3.86141e-06
dlev10              =  -4.41177e-06
dlev11              =  -4.86427e-06
dlev12              =  -1.48922e-06
dlev13              =  -3.65800e-06
dlev14              =  4.72669e-07
dlev15              =  -3.89225e-06
dlev16              =  9.99998e-01
dlev17              =  9.99999e-01
dlev18              =  9.99998e-01
dlev19              =  9.99998e-01
dlev20              =  9.99998e-01
dlev21              =  9.99998e-01
dlev22              =  9.99998e-01
dlev23              =  9.99998e-01
dlev24              =  9.99998e-01
dlev25              =  9.99998e-01
dlev26              =  9.99999e-01
dlev27              =  9.99998e-01
dlev28              =  9.99998e-01
dlev29              =  9.99998e-01
dlev30              =  9.99999e-01
dlev31              =  9.99999e-01
dlev32              =  1.00000e+00
vdd_meas            =  1.32000e+00
temp_meas           =  2.70000e+01
vbias_mv            =  3.34045e+02
lowcount            =  1.60001e+01
vos_mv              =  -1.49975e+00

ngspice-46 done
