
Note: No compatibility mode selected!


Circuit: * klt sim -- generated corner deck, do not edit

Doing analysis at TEMP = -40.000000 and TNOM = 27.000000

Using SPARSE 1.3 as Direct Linear Solver

Initial Transient Solution
--------------------------

Node                                   Voltage
----                                   -------
vdd                                       1.08
cm                                         0.6
vd                                      -0.048
ap                                       0.576
an                                       0.624
clku                                         0
clk                                          0
ibn                                   0.322693
xa.x1.tmid                          7.2552e-08
xa.x1.tail                            0.546303
xa.x1.np                                  1.08
xa.x1.nn                                  1.08
xa.x1.ln                                  1.08
xa.x1.lp                                  1.08
xa.x1.lnb                          1.73601e-08
xa.x1.lpb                          1.69941e-08
xa.x1.na                                  1.08
doutb                                     1.08
dout                               1.70808e-08
xa.x1.nb                                  1.08
doutn                              1.58155e-08
tcheck                                     -40
pa_00                                  322.693
bpa_00#branch                                0
btchk#branch                                 0
bdoutn#branch                                0
bclk#branch                        8.21354e-11
ean#branch                         3.27682e-13
eap#branch                         4.33611e-13
vclku#branch                                 0
vd#branch                                    0
vcm#branch                         7.61294e-13
vsup#branch                       -2.00004e-05


No. of Data Rows : 12131

  Measurements for Transient Analysis

dlev0               =  -5.14133e-06
dlev1               =  -3.23988e-07
dlev2               =  7.48172e-07
dlev3               =  -5.16116e-07
dlev4               =  -6.29846e-06
dlev5               =  -5.49290e-06
dlev6               =  -5.65482e-06
dlev7               =  -6.09773e-06
dlev8               =  -6.61979e-06
dlev9               =  -8.96881e-06
dlev10              =  -8.74837e-07
dlev11              =  -7.89980e-06
dlev12              =  -9.85781e-06
dlev13              =  -9.15834e-06
dlev14              =  -3.40443e-07
dlev15              =  -7.53870e-06
dlev16              =  1.00000e+00
dlev17              =  1.00000e+00
dlev18              =  1.00000e+00
dlev19              =  9.99999e-01
dlev20              =  1.00000e+00
dlev21              =  1.00000e+00
dlev22              =  1.00000e+00
dlev23              =  1.00000e+00
dlev24              =  1.00000e+00
dlev25              =  1.00000e+00
dlev26              =  9.99999e-01
dlev27              =  9.99995e-01
dlev28              =  9.99999e-01
dlev29              =  1.00000e+00
dlev30              =  1.00000e+00
dlev31              =  1.00000e+00
dlev32              =  9.99999e-01
vdd_meas            =  1.08000e+00
temp_meas           =  -4.00000e+01
vbias_mv            =  3.22693e+02
lowcount            =  1.60001e+01
vos_mv              =  -1.49974e+00

ngspice-46 done
