
Note: No compatibility mode selected!


Circuit: * klt sim -- generated corner deck, do not edit

Doing analysis at TEMP = -40.000000 and TNOM = 27.000000

Using SPARSE 1.3 as Direct Linear Solver

Initial Transient Solution
--------------------------

Node                                   Voltage
----                                   -------
vdd                                       1.08
cm                                         0.6
vd                                      -0.048
ap                                       0.576
an                                       0.624
clku                                         0
clk                                          0
ibn                                   0.361449
xa.x1.tmid                         1.90595e-09
xa.x1.tail                            0.586843
xa.x1.np                                  1.08
xa.x1.nn                                  1.08
xa.x1.ln                                  1.08
xa.x1.lp                                  1.08
xa.x1.lnb                          6.73711e-09
xa.x1.lpb                          6.42023e-09
xa.x1.na                                  1.08
doutb                              6.81498e-09
dout                                      1.08
xa.x1.nb                                  1.08
doutn                                        1
tcheck                                     -40
pa_00                                  361.449
bpa_00#branch                                0
btchk#branch                                 0
bdoutn#branch                                0
bclk#branch                        4.42534e-11
ean#branch                         5.30409e-14
eap#branch                          7.0971e-14
vclku#branch                                 0
vd#branch                                    0
vcm#branch                         1.24012e-13
vsup#branch                       -1.00001e-05


No. of Data Rows : 12053

  Measurements for Transient Analysis

dlev0               =  1.81064e-07
dlev1               =  -1.34056e-05
dlev2               =  -1.20477e-05
dlev3               =  -1.25365e-06
dlev4               =  -4.63139e-06
dlev5               =  -1.51289e-05
dlev6               =  -7.99001e-06
dlev7               =  -7.71326e-06
dlev8               =  -6.28515e-06
dlev9               =  3.32345e-06
dlev10              =  -5.27146e-06
dlev11              =  -1.16785e-06
dlev12              =  -5.56518e-06
dlev13              =  -2.21747e-06
dlev14              =  -6.17153e-06
dlev15              =  -1.13822e-05
dlev16              =  -8.17403e-06
dlev17              =  -7.72058e-06
dlev18              =  9.99997e-01
dlev19              =  1.00000e+00
dlev20              =  1.00000e+00
dlev21              =  1.00000e+00
dlev22              =  1.00000e+00
dlev23              =  1.00000e+00
dlev24              =  1.00000e+00
dlev25              =  9.99998e-01
dlev26              =  9.99999e-01
dlev27              =  9.99998e-01
dlev28              =  9.99999e-01
dlev29              =  9.99997e-01
dlev30              =  1.00000e+00
dlev31              =  1.00000e+00
dlev32              =  9.99998e-01
vdd_meas            =  1.08000e+00
temp_meas           =  -4.00000e+01
vbias_mv            =  3.61449e+02
lowcount            =  1.80001e+01
vos_mv              =  4.50037e+00

ngspice-46 done
