
Note: No compatibility mode selected!


Circuit: * klt sim -- generated corner deck, do not edit

Doing analysis at TEMP = 125.000000 and TNOM = 27.000000

Using SPARSE 1.3 as Direct Linear Solver

Initial Transient Solution
--------------------------

Node                                   Voltage
----                                   -------
vdd                                       1.08
cm                                         0.6
vd                                      -0.048
ap                                       0.576
an                                       0.624
clku                                         0
clk                                          0
ibn                                   0.298007
xa.x1.tmid                          1.4104e-05
xa.x1.tail                            0.589379
xa.x1.np                               1.07999
xa.x1.nn                               1.07998
xa.x1.ln                                  1.08
xa.x1.lp                                  1.08
xa.x1.lnb                          8.36715e-07
xa.x1.lpb                          8.01613e-07
xa.x1.na                                  1.08
doutb                                     1.08
dout                               9.68154e-07
xa.x1.nb                                  1.08
doutn                              8.96439e-07
tcheck                                     125
pa_00                                  298.007
bpa_00#branch                                0
btchk#branch                                 0
bdoutn#branch                                0
bclk#branch                        9.97974e-11
ean#branch                         2.45554e-13
eap#branch                         3.28043e-13
vclku#branch                                 0
vd#branch                                    0
vcm#branch                         5.73597e-13
vsup#branch                        -2.0028e-05


No. of Data Rows : 12025

  Measurements for Transient Analysis

dlev0               =  8.64956e-07
dlev1               =  8.20228e-07
dlev2               =  8.87807e-07
dlev3               =  6.71102e-07
dlev4               =  4.67001e-07
dlev5               =  -4.13733e-06
dlev6               =  -4.04301e-06
dlev7               =  -2.48034e-06
dlev8               =  6.75040e-07
dlev9               =  -2.75783e-06
dlev10              =  -3.42458e-06
dlev11              =  -4.31327e-06
dlev12              =  4.56379e-07
dlev13              =  5.24891e-07
dlev14              =  5.24518e-07
dlev15              =  -3.71336e-06
dlev16              =  8.49886e-07
dlev17              =  9.99998e-01
dlev18              =  9.99999e-01
dlev19              =  9.99999e-01
dlev20              =  9.99999e-01
dlev21              =  9.99999e-01
dlev22              =  9.99999e-01
dlev23              =  9.99999e-01
dlev24              =  9.99999e-01
dlev25              =  9.99998e-01
dlev26              =  9.99998e-01
dlev27              =  9.99999e-01
dlev28              =  1.00000e+00
dlev29              =  9.99999e-01
dlev30              =  1.00000e+00
dlev31              =  9.99999e-01
dlev32              =  9.99999e-01
vdd_meas            =  1.08000e+00
temp_meas           =  1.25000e+02
vbias_mv            =  2.98007e+02
lowcount            =  1.70000e+01
vos_mv              =  1.50010e+00

ngspice-46 done
