
Note: No compatibility mode selected!


Circuit: * klt sim -- generated corner deck, do not edit

Doing analysis at TEMP = -40.000000 and TNOM = 27.000000

Using SPARSE 1.3 as Direct Linear Solver
Note: Starting dynamic gmin stepping
Note: Dynamic gmin stepping completed

Initial Transient Solution
--------------------------

Node                                   Voltage
----                                   -------
vdd                                        1.2
cm                                         0.6
vd                                      -0.048
ap                                       0.576
an                                       0.624
clku                                         0
clk                                          0
ibn                                   0.389579
xa.x1.tmid                         1.41629e-09
xa.x1.tail                             0.59645
xa.x1.np                                   1.2
xa.x1.nn                                   1.2
xa.x1.ln                                   1.2
xa.x1.lp                                   1.2
xa.x1.lnb                          8.06572e-09
xa.x1.lpb                          7.53713e-09
xa.x1.na                               1.19385
doutb                                 0.607935
dout                                  0.615882
xa.x1.nb                                1.1938
doutn                                 0.513235
tcheck                                     -40
pa_00                                  389.579
bpa_00#branch                                0
btchk#branch                                 0
bdoutn#branch                                0
bclk#branch                        6.43104e-11
ean#branch                         1.05582e-13
eap#branch                         1.36696e-13
vclku#branch                                 0
vd#branch                                    0
vcm#branch                         2.42278e-13
vsup#branch                       -4.29597e-05


No. of Data Rows : 12281

  Measurements for Transient Analysis

dlev0               =  -4.63039e-06
dlev1               =  -4.35436e-07
dlev2               =  -4.36673e-07
dlev3               =  -3.59993e-06
dlev4               =  -3.85120e-06
dlev5               =  -1.01871e-06
dlev6               =  -3.76761e-06
dlev7               =  -3.02740e-06
dlev8               =  -2.98711e-06
dlev9               =  -3.53516e-07
dlev10              =  1.19918e-09
dlev11              =  4.38371e-06
dlev12              =  1.21848e-06
dlev13              =  6.35540e-08
dlev14              =  2.15930e-06
dlev15              =  5.41105e-07
dlev16              =  1.00000e+00
dlev17              =  1.00000e+00
dlev18              =  9.99999e-01
dlev19              =  9.99999e-01
dlev20              =  9.99999e-01
dlev21              =  1.00000e+00
dlev22              =  9.99999e-01
dlev23              =  9.99999e-01
dlev24              =  9.99998e-01
dlev25              =  9.99998e-01
dlev26              =  9.99998e-01
dlev27              =  9.99998e-01
dlev28              =  9.99998e-01
dlev29              =  9.99998e-01
dlev30              =  9.99998e-01
dlev31              =  9.99998e-01
dlev32              =  9.99999e-01
vdd_meas            =  1.20000e+00
temp_meas           =  -4.00000e+01
vbias_mv            =  3.89579e+02
lowcount            =  1.60000e+01
vos_mv              =  -1.49989e+00

ngspice-46 done
