
Note: No compatibility mode selected!


Circuit: * klt sim -- generated corner deck, do not edit

Doing analysis at TEMP = 27.000000 and TNOM = 27.000000

Using SPARSE 1.3 as Direct Linear Solver

Initial Transient Solution
--------------------------

Node                                   Voltage
----                                   -------
vdd                                       1.32
cm                                         0.6
vd                                      -0.048
ap                                       0.576
an                                       0.624
clku                                         0
clk                                          0
ibn                                   0.357257
xa.x1.tmid                         9.46047e-08
xa.x1.tail                              0.6006
xa.x1.np                                  1.32
xa.x1.nn                                  1.32
xa.x1.ln                                  1.32
xa.x1.lp                                  1.32
xa.x1.lnb                          2.05693e-08
xa.x1.lpb                          2.16957e-08
xa.x1.na                               1.30111
doutb                                 0.661578
dout                                  0.665374
xa.x1.nb                               1.30034
doutn                                 0.504071
tcheck                                      27
pa_00                                  357.257
bpa_00#branch                                0
btchk#branch                                 0
bdoutn#branch                                0
bclk#branch                        1.33779e-10
ean#branch                         4.03538e-13
eap#branch                         5.10536e-13
vclku#branch                                 0
vd#branch                                    0
vcm#branch                         9.14074e-13
vsup#branch                       -9.31086e-05


No. of Data Rows : 12303

  Measurements for Transient Analysis

dlev0               =  2.13239e-09
dlev1               =  6.55773e-07
dlev2               =  5.88502e-07
dlev3               =  5.68700e-07
dlev4               =  5.25423e-07
dlev5               =  4.24346e-07
dlev6               =  -1.77880e-08
dlev7               =  -2.16091e-06
dlev8               =  5.75356e-07
dlev9               =  8.30646e-07
dlev10              =  2.77282e-07
dlev11              =  1.11992e-06
dlev12              =  1.42806e-07
dlev13              =  1.30166e-06
dlev14              =  2.06408e-08
dlev15              =  -1.99152e-06
dlev16              =  1.00000e+00
dlev17              =  1.00000e+00
dlev18              =  1.00000e+00
dlev19              =  1.00000e+00
dlev20              =  1.00000e+00
dlev21              =  1.00000e+00
dlev22              =  1.00000e+00
dlev23              =  1.00000e+00
dlev24              =  1.00000e+00
dlev25              =  1.00000e+00
dlev26              =  1.00000e+00
dlev27              =  1.00000e+00
dlev28              =  1.00000e+00
dlev29              =  1.00000e+00
dlev30              =  1.00000e+00
dlev31              =  1.00000e+00
dlev32              =  1.00000e+00
vdd_meas            =  1.32000e+00
temp_meas           =  2.70000e+01
vbias_mv            =  3.57257e+02
lowcount            =  1.60000e+01
vos_mv              =  -1.50006e+00

ngspice-46 done
