
Note: No compatibility mode selected!


Circuit: * klt sim -- generated corner deck, do not edit

Doing analysis at TEMP = -40.000000 and TNOM = 27.000000

Using SPARSE 1.3 as Direct Linear Solver

Initial Transient Solution
--------------------------

Node                                   Voltage
----                                   -------
vdd                                       1.32
cm                                        0.55
vd                                      -0.048
ap                                       0.526
an                                       0.574
clku                                         0
clk                                          0
ibn                                   0.369536
xa.x1.tmid                         5.08746e-09
xa.x1.tail                            0.541605
xa.x1.np                                  1.32
xa.x1.nn                                  1.32
xa.x1.ln                                  1.32
xa.x1.lp                                  1.32
xa.x1.lnb                          4.96512e-08
xa.x1.lpb                          4.88997e-08
xa.x1.na                               1.30222
doutb                                 0.714408
dout                                   0.71494
xa.x1.nb                               1.30206
doutn                                 0.541621
tcheck                                     -40
pa_00                                  369.536
bpa_00#branch                                0
btchk#branch                                 0
bdoutn#branch                                0
bclk#branch                        5.00224e-10
ean#branch                         5.10092e-13
eap#branch                         6.37435e-13
vclku#branch                                 0
vd#branch                                    0
vcm#branch                         1.14753e-12
vsup#branch                       -0.000116955


No. of Data Rows : 12397

  Measurements for Transient Analysis

dlev0               =  -4.32229e-06
dlev1               =  -1.80007e-06
dlev2               =  -2.08882e-06
dlev3               =  -8.39273e-06
dlev4               =  -4.97034e-07
dlev5               =  -5.29054e-06
dlev6               =  -3.53996e-07
dlev7               =  -3.43506e-06
dlev8               =  -8.12940e-07
dlev9               =  -9.39580e-07
dlev10              =  2.45247e-07
dlev11              =  -4.37766e-06
dlev12              =  -3.60480e-06
dlev13              =  -4.17583e-06
dlev14              =  -7.45829e-06
dlev15              =  3.80470e-07
dlev16              =  1.00000e+00
dlev17              =  1.00000e+00
dlev18              =  9.99998e-01
dlev19              =  1.00000e+00
dlev20              =  9.99996e-01
dlev21              =  9.99999e-01
dlev22              =  9.99998e-01
dlev23              =  9.99997e-01
dlev24              =  9.99998e-01
dlev25              =  9.99999e-01
dlev26              =  1.00000e+00
dlev27              =  9.99999e-01
dlev28              =  9.99997e-01
dlev29              =  1.00000e+00
dlev30              =  1.00000e+00
dlev31              =  1.00000e+00
dlev32              =  1.00000e+00
vdd_meas            =  1.32000e+00
temp_meas           =  -4.00000e+01
vbias_mv            =  3.69536e+02
lowcount            =  1.60001e+01
vos_mv              =  -1.49981e+00
vcm_meas            =  5.50000e-01

ngspice-46 done
