
Note: No compatibility mode selected!


Circuit: * klt sim -- generated corner deck, do not edit

Doing analysis at TEMP = 125.000000 and TNOM = 27.000000

Using SPARSE 1.3 as Direct Linear Solver

Initial Transient Solution
--------------------------

Node                                   Voltage
----                                   -------
vdd                                       1.32
cm                                         0.6
vd                                      -0.048
ap                                       0.576
an                                       0.624
clku                                         0
clk                                          0
ibn                                   0.185954
xa.x1.tmid                         0.000247811
xa.x1.tail                            0.582075
xa.x1.np                               1.31995
xa.x1.nn                               1.31985
xa.x1.ln                                  1.32
xa.x1.lp                                  1.32
xa.x1.lnb                          1.62713e-06
xa.x1.lpb                          1.39838e-06
xa.x1.na                                  1.32
doutb                              2.31181e-06
dout                                   1.31999
xa.x1.nb                               1.31999
doutn                                 0.999991
tcheck                                     125
pa_00                                  185.954
bpa_00#branch                                0
btchk#branch                                 0
bdoutn#branch                                0
bclk#branch                        3.83961e-10
ean#branch                         7.71647e-12
eap#branch                         9.61925e-12
vclku#branch                                 0
vd#branch                                    0
vcm#branch                         1.73357e-11
vsup#branch                       -1.03058e-05


No. of Data Rows : 12176

  Measurements for Transient Analysis

dlev0               =  8.96281e-07
dlev1               =  3.08728e-06
dlev2               =  2.84564e-06
dlev3               =  2.83058e-06
dlev4               =  2.72156e-06
dlev5               =  2.59952e-06
dlev6               =  2.58697e-06
dlev7               =  -1.32347e-07
dlev8               =  -4.58095e-07
dlev9               =  1.81163e-07
dlev10              =  1.43106e-06
dlev11              =  -3.10264e-07
dlev12              =  2.02095e-07
dlev13              =  -4.65474e-07
dlev14              =  1.81123e-06
dlev15              =  -9.95092e-07
dlev16              =  1.26136e-06
dlev17              =  9.99990e-01
dlev18              =  9.99991e-01
dlev19              =  9.99991e-01
dlev20              =  9.99990e-01
dlev21              =  9.99990e-01
dlev22              =  9.99990e-01
dlev23              =  9.99989e-01
dlev24              =  9.99989e-01
dlev25              =  9.99989e-01
dlev26              =  9.99990e-01
dlev27              =  9.99990e-01
dlev28              =  9.99991e-01
dlev29              =  9.99991e-01
dlev30              =  9.99991e-01
dlev31              =  9.99991e-01
dlev32              =  9.99990e-01
vdd_meas            =  1.32000e+00
temp_meas           =  1.25000e+02
vbias_mv            =  1.85954e+02
lowcount            =  1.70001e+01
vos_mv              =  1.50040e+00

ngspice-46 done
