
Note: No compatibility mode selected!


Circuit: * klt sim -- generated corner deck, do not edit

Doing analysis at TEMP = -40.000000 and TNOM = 27.000000

Using SPARSE 1.3 as Direct Linear Solver

Initial Transient Solution
--------------------------

Node                                   Voltage
----                                   -------
vdd                                       1.08
cm                                        0.65
vd                                      -0.048
ap                                       0.626
an                                       0.674
clku                                         0
clk                                          0
ibn                                   0.392771
xa.x1.tmid                         1.47626e-09
xa.x1.tail                             0.63271
xa.x1.np                                  1.08
xa.x1.nn                                  1.08
xa.x1.ln                                  1.08
xa.x1.lp                                  1.08
xa.x1.lnb                          6.58114e-09
xa.x1.lpb                           6.4269e-09
xa.x1.na                               1.07798
doutb                                 0.545383
dout                                   0.55205
xa.x1.nb                               1.07748
doutn                                 0.511157
tcheck                                     -40
pa_00                                  392.771
bpa_00#branch                                0
btchk#branch                                 0
bdoutn#branch                                0
bclk#branch                        4.47376e-11
ean#branch                         3.85525e-14
eap#branch                         5.27911e-14
vclku#branch                                 0
vd#branch                                    0
vcm#branch                         9.13436e-14
vsup#branch                       -2.71354e-05


No. of Data Rows : 12137

  Measurements for Transient Analysis

dlev0               =  -3.52723e-06
dlev1               =  -1.14569e-05
dlev2               =  -8.06848e-06
dlev3               =  -3.05897e-06
dlev4               =  -6.76952e-06
dlev5               =  -8.33419e-06
dlev6               =  1.75444e-06
dlev7               =  -5.90615e-06
dlev8               =  -6.18357e-06
dlev9               =  -1.14062e-05
dlev10              =  -3.81131e-06
dlev11              =  -1.06998e-05
dlev12              =  -1.14412e-05
dlev13              =  -4.06683e-06
dlev14              =  -9.23716e-06
dlev15              =  -1.32165e-05
dlev16              =  9.99995e-01
dlev17              =  9.99998e-01
dlev18              =  9.99997e-01
dlev19              =  1.00000e+00
dlev20              =  9.99998e-01
dlev21              =  9.99999e-01
dlev22              =  9.99999e-01
dlev23              =  9.99998e-01
dlev24              =  9.99998e-01
dlev25              =  9.99999e-01
dlev26              =  1.00000e+00
dlev27              =  9.99999e-01
dlev28              =  9.99998e-01
dlev29              =  1.00000e+00
dlev30              =  9.99998e-01
dlev31              =  9.99998e-01
dlev32              =  9.99998e-01
vdd_meas            =  1.08000e+00
temp_meas           =  -4.00000e+01
vbias_mv            =  3.92771e+02
lowcount            =  1.60001e+01
vos_mv              =  -1.49958e+00
vcm_meas            =  6.50000e-01

ngspice-46 done
