
Note: No compatibility mode selected!


Circuit: * klt sim -- generated corner deck, do not edit

Doing analysis at TEMP = 125.000000 and TNOM = 27.000000

Using SPARSE 1.3 as Direct Linear Solver

Initial Transient Solution
--------------------------

Node                                   Voltage
----                                   -------
vdd                                        1.2
cm                                         0.6
vd                                      -0.048
ap                                       0.576
an                                       0.624
clku                                         0
clk                                          0
ibn                                   0.248669
xa.x1.tmid                         2.14526e-05
xa.x1.tail                            0.600593
xa.x1.np                                   1.2
xa.x1.nn                               1.19999
xa.x1.ln                                   1.2
xa.x1.lp                                   1.2
xa.x1.lnb                          6.91556e-07
xa.x1.lpb                          7.82131e-07
xa.x1.na                               1.17994
doutb                                 0.611259
dout                                  0.611577
xa.x1.nb                                1.1787
doutn                                 0.509648
tcheck                                     125
pa_00                                  248.669
bpa_00#branch                                0
btchk#branch                                 0
bdoutn#branch                                0
bclk#branch                        1.45463e-10
ean#branch                         4.85667e-13
eap#branch                         6.27498e-13
vclku#branch                                 0
vd#branch                                    0
vcm#branch                         1.11317e-12
vsup#branch                        -7.3511e-05


No. of Data Rows : 12016

  Measurements for Transient Analysis

dlev0               =  8.73758e-07
dlev1               =  7.55519e-07
dlev2               =  2.51494e-06
dlev3               =  2.03374e-06
dlev4               =  2.18696e-06
dlev5               =  1.79728e-06
dlev6               =  2.23100e-06
dlev7               =  9.54169e-07
dlev8               =  2.16782e-06
dlev9               =  3.83579e-06
dlev10              =  4.07202e-06
dlev11              =  3.10231e-06
dlev12              =  3.70807e-06
dlev13              =  1.42209e-06
dlev14              =  2.44923e-06
dlev15              =  3.98011e-06
dlev16              =  4.23786e-06
dlev17              =  1.00000e+00
dlev18              =  1.00000e+00
dlev19              =  9.99999e-01
dlev20              =  9.99999e-01
dlev21              =  9.99999e-01
dlev22              =  9.99999e-01
dlev23              =  1.00000e+00
dlev24              =  1.00000e+00
dlev25              =  9.99999e-01
dlev26              =  9.99999e-01
dlev27              =  9.99999e-01
dlev28              =  9.99999e-01
dlev29              =  9.99999e-01
dlev30              =  9.99999e-01
dlev31              =  9.99999e-01
dlev32              =  9.99999e-01
vdd_meas            =  1.20000e+00
temp_meas           =  1.25000e+02
vbias_mv            =  2.48669e+02
lowcount            =  1.70000e+01
vos_mv              =  1.49990e+00

ngspice-46 done
