
Note: No compatibility mode selected!


Circuit: * klt sim -- generated corner deck, do not edit

Doing analysis at TEMP = 27.000000 and TNOM = 27.000000

Using SPARSE 1.3 as Direct Linear Solver

Initial Transient Solution
--------------------------

Node                                   Voltage
----                                   -------
vdd                                       1.08
cm                                         0.6
vd                                      -0.048
ap                                       0.576
an                                       0.624
clku                                         0
clk                                          0
ibn                                   0.340462
xa.x1.tmid                           1.013e-07
xa.x1.tail                            0.596906
xa.x1.np                                  1.08
xa.x1.nn                                  1.08
xa.x1.ln                                  1.08
xa.x1.lp                                  1.08
xa.x1.lnb                          1.42926e-08
xa.x1.lpb                          1.37381e-08
xa.x1.na                                  1.08
doutb                                     1.08
dout                               1.56615e-08
xa.x1.nb                                  1.08
doutn                              1.45014e-08
tcheck                                      27
pa_00                                  340.462
bpa_00#branch                                0
btchk#branch                                 0
bdoutn#branch                                0
bclk#branch                        6.51344e-11
ean#branch                         1.09746e-13
eap#branch                         1.46771e-13
vclku#branch                                 0
vd#branch                                    0
vcm#branch                         2.56517e-13
vsup#branch                       -1.50003e-05


No. of Data Rows : 12049

  Measurements for Transient Analysis

dlev0               =  -9.33567e-06
dlev1               =  -4.46717e-06
dlev2               =  -9.43820e-06
dlev3               =  -9.14349e-06
dlev4               =  -9.91397e-06
dlev5               =  -1.96862e-06
dlev6               =  -6.15821e-06
dlev7               =  -1.03461e-05
dlev8               =  -1.00068e-05
dlev9               =  -1.09825e-05
dlev10              =  -1.11901e-05
dlev11              =  -8.92230e-07
dlev12              =  -1.18242e-05
dlev13              =  -5.83498e-06
dlev14              =  -7.52895e-06
dlev15              =  -1.07336e-05
dlev16              =  -1.07746e-05
dlev17              =  9.99997e-01
dlev18              =  9.99997e-01
dlev19              =  9.99998e-01
dlev20              =  9.99998e-01
dlev21              =  1.00000e+00
dlev22              =  9.99999e-01
dlev23              =  9.99998e-01
dlev24              =  1.00000e+00
dlev25              =  9.99998e-01
dlev26              =  9.99998e-01
dlev27              =  9.99998e-01
dlev28              =  1.00000e+00
dlev29              =  1.00000e+00
dlev30              =  9.99999e-01
dlev31              =  9.99999e-01
dlev32              =  9.99999e-01
vdd_meas            =  1.08000e+00
temp_meas           =  2.70000e+01
vbias_mv            =  3.40462e+02
lowcount            =  1.70002e+01
vos_mv              =  1.50048e+00

ngspice-46 done
