
Note: No compatibility mode selected!


Circuit: * klt sim -- generated corner deck, do not edit

Doing analysis at TEMP = 125.000000 and TNOM = 27.000000

Using SPARSE 1.3 as Direct Linear Solver

Initial Transient Solution
--------------------------

Node                                   Voltage
----                                   -------
vdd                                       1.32
cm                                         0.6
vd                                      -0.048
ap                                       0.576
an                                       0.624
clku                                         0
clk                                          0
ibn                                   0.189549
xa.x1.tmid                         0.000387716
xa.x1.tail                            0.577006
xa.x1.np                               1.31992
xa.x1.nn                               1.31978
xa.x1.ln                                  1.32
xa.x1.lp                                  1.32
xa.x1.lnb                          1.97571e-05
xa.x1.lpb                          1.85178e-05
xa.x1.na                               1.31999
doutb                                  1.31998
dout                               2.72072e-05
xa.x1.nb                               1.31998
doutn                              2.06115e-05
tcheck                                     125
pa_00                                  189.549
bpa_00#branch                                0
btchk#branch                                 0
bdoutn#branch                                0
bclk#branch                        2.20617e-09
ean#branch                         1.57967e-11
eap#branch                         1.96271e-11
vclku#branch                                 0
vd#branch                                    0
vcm#branch                         3.54238e-11
vsup#branch                       -1.57393e-05


No. of Data Rows : 12226

  Measurements for Transient Analysis

dlev0               =  1.56585e-05
dlev1               =  2.25040e-05
dlev2               =  2.27930e-05
dlev3               =  2.27526e-05
dlev4               =  1.46091e-05
dlev5               =  1.60556e-05
dlev6               =  1.62153e-05
dlev7               =  1.48371e-05
dlev8               =  2.23760e-05
dlev9               =  1.40632e-05
dlev10              =  2.21986e-05
dlev11              =  2.33818e-05
dlev12              =  2.21548e-05
dlev13              =  1.82175e-05
dlev14              =  1.61814e-05
dlev15              =  2.31109e-05
dlev16              =  9.99985e-01
dlev17              =  9.99983e-01
dlev18              =  9.99985e-01
dlev19              =  9.99985e-01
dlev20              =  9.99984e-01
dlev21              =  9.99983e-01
dlev22              =  9.99985e-01
dlev23              =  9.99983e-01
dlev24              =  9.99983e-01
dlev25              =  9.99983e-01
dlev26              =  9.99982e-01
dlev27              =  9.99983e-01
dlev28              =  9.99981e-01
dlev29              =  9.99984e-01
dlev30              =  9.99985e-01
dlev31              =  9.99985e-01
dlev32              =  9.99985e-01
vdd_meas            =  1.32000e+00
temp_meas           =  1.25000e+02
vbias_mv            =  1.89549e+02
lowcount            =  1.60000e+01
vos_mv              =  -1.50009e+00

ngspice-46 done
