
Note: No compatibility mode selected!


Circuit: * klt sim -- generated corner deck, do not edit

Doing analysis at TEMP = -40.000000 and TNOM = 27.000000

Using SPARSE 1.3 as Direct Linear Solver

Initial Transient Solution
--------------------------

Node                                   Voltage
----                                   -------
vdd                                       1.08
cm                                         0.6
vd                                      -0.048
ap                                       0.576
an                                       0.624
clku                                         0
clk                                          0
ibn                                   0.301322
xa.x1.tmid                         2.13693e-07
xa.x1.tail                            0.564931
xa.x1.np                                  1.08
xa.x1.nn                                  1.08
xa.x1.ln                                  1.08
xa.x1.lp                                  1.08
xa.x1.lnb                          8.79214e-08
xa.x1.lpb                          8.63881e-08
xa.x1.na                                  1.08
doutb                              8.57847e-08
dout                                      1.08
xa.x1.nb                                  1.08
doutn                                        1
tcheck                                     -40
pa_00                                  301.322
bpa_00#branch                                0
btchk#branch                                 0
bdoutn#branch                                0
bclk#branch                        4.54241e-10
ean#branch                         1.04142e-12
eap#branch                         1.36741e-12
vclku#branch                                 0
vd#branch                                    0
vcm#branch                         2.40882e-12
vsup#branch                       -2.00017e-05


No. of Data Rows : 12215

  Measurements for Transient Analysis

dlev0               =  -5.44006e-06
dlev1               =  2.56612e-06
dlev2               =  -8.72861e-07
dlev3               =  -1.04960e-06
dlev4               =  -1.13052e-06
dlev5               =  1.98559e-06
dlev6               =  9.85873e-06
dlev7               =  1.07408e-05
dlev8               =  9.38953e-06
dlev9               =  9.55007e-06
dlev10              =  1.03721e-05
dlev11              =  8.19510e-06
dlev12              =  1.80866e-07
dlev13              =  2.43493e-06
dlev14              =  -7.11159e-08
dlev15              =  1.03531e-05
dlev16              =  -3.94885e-07
dlev17              =  7.05102e-06
dlev18              =  1.00000e+00
dlev19              =  1.00000e+00
dlev20              =  1.00000e+00
dlev21              =  1.00000e+00
dlev22              =  1.00000e+00
dlev23              =  1.00000e+00
dlev24              =  1.00000e+00
dlev25              =  1.00000e+00
dlev26              =  1.00000e+00
dlev27              =  1.00000e+00
dlev28              =  1.00000e+00
dlev29              =  1.00000e+00
dlev30              =  1.00001e+00
dlev31              =  1.00000e+00
dlev32              =  1.00000e+00
vdd_meas            =  1.08000e+00
temp_meas           =  -4.00000e+01
vbias_mv            =  3.01322e+02
lowcount            =  1.79999e+01
vos_mv              =  4.49973e+00

ngspice-46 done
