
Note: No compatibility mode selected!


Circuit: * klt sim -- generated corner deck, do not edit

Doing analysis at TEMP = -40.000000 and TNOM = 27.000000

Using SPARSE 1.3 as Direct Linear Solver

Initial Transient Solution
--------------------------

Node                                   Voltage
----                                   -------
vdd                                        1.2
cm                                         0.6
vd                                      -0.048
ap                                       0.576
an                                       0.624
clku                                         0
clk                                          0
ibn                                   0.272911
xa.x1.tmid                         3.29736e-07
xa.x1.tail                            0.565987
xa.x1.np                                   1.2
xa.x1.nn                                   1.2
xa.x1.ln                                   1.2
xa.x1.lp                                   1.2
xa.x1.lnb                          9.44252e-08
xa.x1.lpb                           9.5473e-08
xa.x1.na                                   1.2
doutb                              1.08983e-07
dout                                       1.2
xa.x1.nb                                   1.2
doutn                                        1
tcheck                                     -40
pa_00                                  272.911
bpa_00#branch                                0
btchk#branch                                 0
bdoutn#branch                                0
bclk#branch                        6.53173e-10
ean#branch                         1.95938e-12
eap#branch                         2.48274e-12
vclku#branch                                 0
vd#branch                                    0
vcm#branch                         4.44211e-12
vsup#branch                       -1.00022e-05


No. of Data Rows : 12209

  Measurements for Transient Analysis

dlev0               =  -1.15443e-06
dlev1               =  -6.31909e-06
dlev2               =  2.01428e-07
dlev3               =  -1.69297e-06
dlev4               =  -9.84893e-08
dlev5               =  5.91463e-07
dlev6               =  -8.27623e-07
dlev7               =  -6.00131e-06
dlev8               =  -5.95566e-06
dlev9               =  -3.80741e-06
dlev10              =  -1.23341e-06
dlev11              =  -1.24701e-06
dlev12              =  6.16753e-07
dlev13              =  -6.98138e-07
dlev14              =  -1.23049e-06
dlev15              =  -1.23828e-06
dlev16              =  8.69332e-07
dlev17              =  4.84814e-07
dlev18              =  1.00000e+00
dlev19              =  9.99997e-01
dlev20              =  1.00000e+00
dlev21              =  1.00000e+00
dlev22              =  9.99997e-01
dlev23              =  1.00000e+00
dlev24              =  1.00000e+00
dlev25              =  9.99999e-01
dlev26              =  1.00000e+00
dlev27              =  1.00000e+00
dlev28              =  9.99999e-01
dlev29              =  9.99997e-01
dlev30              =  9.99998e-01
dlev31              =  1.00000e+00
dlev32              =  9.99999e-01
vdd_meas            =  1.20000e+00
temp_meas           =  -4.00000e+01
vbias_mv            =  2.72911e+02
lowcount            =  1.80000e+01
vos_mv              =  4.50014e+00

ngspice-46 done
