
Note: No compatibility mode selected!


Circuit: * klt sim -- generated corner deck, do not edit

Doing analysis at TEMP = 27.000000 and TNOM = 27.000000

Using SPARSE 1.3 as Direct Linear Solver

Initial Transient Solution
--------------------------

Node                                   Voltage
----                                   -------
vdd                                        1.2
cm                                        0.65
vd                                      -0.048
ap                                       0.626
an                                       0.674
clku                                         0
clk                                          0
ibn                                   0.309401
xa.x1.tmid                         1.42588e-06
xa.x1.tail                            0.619674
xa.x1.np                                   1.2
xa.x1.nn                                   1.2
xa.x1.ln                                   1.2
xa.x1.lp                                   1.2
xa.x1.lnb                          1.06546e-07
xa.x1.lpb                          9.67962e-08
xa.x1.na                                   1.2
doutb                              1.16645e-07
dout                                       1.2
xa.x1.nb                                   1.2
doutn                                        1
tcheck                                      27
pa_00                                  309.401
bpa_00#branch                                0
btchk#branch                                 0
bdoutn#branch                                0
bclk#branch                        3.09153e-10
ean#branch                         7.18564e-13
eap#branch                         9.31866e-13
vclku#branch                                 0
vd#branch                                    0
vcm#branch                         1.65043e-12
vsup#branch                       -2.00044e-05


No. of Data Rows : 12210

  Measurements for Transient Analysis

dlev0               =  -3.14724e-07
dlev1               =  3.69321e-07
dlev2               =  6.68783e-07
dlev3               =  9.48074e-07
dlev4               =  1.25051e-06
dlev5               =  -2.86204e-06
dlev6               =  6.92489e-07
dlev7               =  6.64911e-07
dlev8               =  9.19445e-07
dlev9               =  -3.21444e-06
dlev10              =  -3.00640e-06
dlev11              =  1.23381e-06
dlev12              =  -1.40651e-06
dlev13              =  -1.37509e-06
dlev14              =  -2.93634e-06
dlev15              =  -3.52156e-06
dlev16              =  5.17239e-07
dlev17              =  9.99999e-01
dlev18              =  1.00000e+00
dlev19              =  9.99998e-01
dlev20              =  1.00000e+00
dlev21              =  1.00000e+00
dlev22              =  9.99999e-01
dlev23              =  9.99999e-01
dlev24              =  1.00000e+00
dlev25              =  1.00000e+00
dlev26              =  1.00000e+00
dlev27              =  1.00000e+00
dlev28              =  1.00000e+00
dlev29              =  1.00000e+00
dlev30              =  9.99999e-01
dlev31              =  1.00000e+00
dlev32              =  1.00000e+00
vdd_meas            =  1.20000e+00
temp_meas           =  2.70000e+01
vbias_mv            =  3.09401e+02
lowcount            =  1.70000e+01
vos_mv              =  1.50004e+00
vcm_meas            =  6.50000e-01

ngspice-46 done
