
Note: No compatibility mode selected!


Circuit: * klt sim -- generated corner deck, do not edit

Doing analysis at TEMP = -40.000000 and TNOM = 27.000000

Using SPARSE 1.3 as Direct Linear Solver

Initial Transient Solution
--------------------------

Node                                   Voltage
----                                   -------
vdd                                       1.32
cm                                         0.6
vd                                      -0.048
ap                                       0.576
an                                       0.624
clku                                         0
clk                                          0
ibn                                   0.368078
xa.x1.tmid                         5.42044e-09
xa.x1.tail                            0.585646
xa.x1.np                                  1.32
xa.x1.nn                                  1.32
xa.x1.ln                                  1.32
xa.x1.lp                                  1.32
xa.x1.lnb                           5.1651e-08
xa.x1.lpb                          4.95246e-08
xa.x1.na                               1.29986
doutb                                 0.704149
dout                                  0.707457
xa.x1.nb                               1.29889
doutn                                 0.535952
tcheck                                     -40
pa_00                                  368.078
bpa_00#branch                                0
btchk#branch                                 0
bdoutn#branch                                0
bclk#branch                         5.0058e-10
ean#branch                         4.02067e-13
eap#branch                         5.05901e-13
vclku#branch                                 0
vd#branch                                    0
vcm#branch                         9.07968e-13
vsup#branch                       -0.000126196


No. of Data Rows : 12406

  Measurements for Transient Analysis

dlev0               =  3.46471e-06
dlev1               =  -6.88748e-06
dlev2               =  -7.18332e-06
dlev3               =  -6.53930e-06
dlev4               =  -6.69986e-06
dlev5               =  -7.56445e-06
dlev6               =  -5.90913e-06
dlev7               =  -3.07337e-06
dlev8               =  -2.67557e-07
dlev9               =  -6.57490e-07
dlev10              =  -4.59894e-06
dlev11              =  -7.18093e-06
dlev12              =  -1.24530e-06
dlev13              =  -6.24150e-06
dlev14              =  -5.54947e-06
dlev15              =  -1.47366e-06
dlev16              =  -3.85482e-06
dlev17              =  -3.47646e-06
dlev18              =  1.00000e+00
dlev19              =  9.99998e-01
dlev20              =  9.99998e-01
dlev21              =  1.00000e+00
dlev22              =  9.99999e-01
dlev23              =  9.99998e-01
dlev24              =  9.99998e-01
dlev25              =  1.00000e+00
dlev26              =  9.99999e-01
dlev27              =  9.99999e-01
dlev28              =  9.99998e-01
dlev29              =  9.99999e-01
dlev30              =  9.99999e-01
dlev31              =  9.99999e-01
dlev32              =  1.00000e+00
vdd_meas            =  1.32000e+00
temp_meas           =  -4.00000e+01
vbias_mv            =  3.68078e+02
lowcount            =  1.80001e+01
vos_mv              =  4.50027e+00

ngspice-46 done
