
Note: No compatibility mode selected!


Circuit: * klt sim -- generated corner deck, do not edit

Doing analysis at TEMP = 125.000000 and TNOM = 27.000000

Using SPARSE 1.3 as Direct Linear Solver

Initial Transient Solution
--------------------------

Node                                   Voltage
----                                   -------
vdd                                        1.2
cm                                         0.6
vd                                      -0.048
ap                                       0.576
an                                       0.624
clku                                         0
clk                                          0
ibn                                   0.297488
xa.x1.tmid                         1.48311e-05
xa.x1.tail                            0.596981
xa.x1.np                                   1.2
xa.x1.nn                               1.19998
xa.x1.ln                                   1.2
xa.x1.lp                                   1.2
xa.x1.lnb                          8.00836e-07
xa.x1.lpb                          8.68753e-07
xa.x1.na                                   1.2
doutb                              1.00748e-06
dout                                       1.2
xa.x1.nb                                   1.2
doutn                                 0.999999
tcheck                                     125
pa_00                                  297.488
bpa_00#branch                                0
btchk#branch                                 0
bdoutn#branch                                0
bclk#branch                        1.44921e-10
ean#branch                         4.85084e-13
eap#branch                         6.26998e-13
vclku#branch                                 0
vd#branch                                    0
vcm#branch                         1.11208e-12
vsup#branch                       -2.00301e-05


No. of Data Rows : 12143

  Measurements for Transient Analysis

dlev0               =  6.85930e-07
dlev1               =  5.47434e-08
dlev2               =  -2.16716e-07
dlev3               =  7.83301e-07
dlev4               =  2.02591e-07
dlev5               =  3.27235e-07
dlev6               =  1.01168e-07
dlev7               =  1.73326e-06
dlev8               =  7.60158e-07
dlev9               =  7.37634e-07
dlev10              =  3.55267e-07
dlev11              =  3.80870e-07
dlev12              =  1.62835e-06
dlev13              =  3.76648e-07
dlev14              =  1.26400e-06
dlev15              =  1.57757e-06
dlev16              =  1.52128e-06
dlev17              =  9.99999e-01
dlev18              =  1.00000e+00
dlev19              =  1.00000e+00
dlev20              =  9.99999e-01
dlev21              =  1.00000e+00
dlev22              =  1.00000e+00
dlev23              =  9.99999e-01
dlev24              =  9.99999e-01
dlev25              =  1.00000e+00
dlev26              =  9.99999e-01
dlev27              =  1.00000e+00
dlev28              =  1.00000e+00
dlev29              =  9.99999e-01
dlev30              =  1.00000e+00
dlev31              =  9.99999e-01
dlev32              =  9.99998e-01
vdd_meas            =  1.20000e+00
temp_meas           =  1.25000e+02
vbias_mv            =  2.97488e+02
lowcount            =  1.70000e+01
vos_mv              =  1.49999e+00

ngspice-46 done
