
Note: No compatibility mode selected!


Circuit: * klt sim -- generated corner deck, do not edit

Doing analysis at TEMP = -40.000000 and TNOM = 27.000000

Using SPARSE 1.3 as Direct Linear Solver

Initial Transient Solution
--------------------------

Node                                   Voltage
----                                   -------
vdd                                        1.2
cm                                         0.6
vd                                      -0.048
ap                                       0.576
an                                       0.624
clku                                         0
clk                                          0
ibn                                   0.367989
xa.x1.tmid                         5.43185e-09
xa.x1.tail                            0.535867
xa.x1.np                                   1.2
xa.x1.nn                                   1.2
xa.x1.ln                                   1.2
xa.x1.lp                                   1.2
xa.x1.lnb                          4.17835e-08
xa.x1.lpb                          4.14022e-08
xa.x1.na                               1.18834
doutb                                 0.649484
dout                                  0.645307
xa.x1.nb                               1.18923
doutn                                 0.537756
tcheck                                     -40
pa_00                                  367.989
bpa_00#branch                                0
btchk#branch                                 0
bdoutn#branch                                0
bclk#branch                        3.61959e-10
ean#branch                         1.45245e-13
eap#branch                         1.87503e-13
vclku#branch                                 0
vd#branch                                    0
vcm#branch                         3.32748e-13
vsup#branch                       -7.37109e-05


No. of Data Rows : 12233

  Measurements for Transient Analysis

dlev0               =  -6.52986e-06
dlev1               =  4.01761e-06
dlev2               =  4.43728e-06
dlev3               =  1.93900e-06
dlev4               =  3.94286e-06
dlev5               =  6.17563e-06
dlev6               =  2.23660e-06
dlev7               =  7.81911e-07
dlev8               =  8.06381e-07
dlev9               =  4.47990e-06
dlev10              =  4.19790e-06
dlev11              =  9.86760e-06
dlev12              =  1.41525e-06
dlev13              =  6.79517e-07
dlev14              =  2.94051e-06
dlev15              =  9.75240e-06
dlev16              =  1.00000e+00
dlev17              =  1.00000e+00
dlev18              =  1.00000e+00
dlev19              =  1.00000e+00
dlev20              =  1.00000e+00
dlev21              =  1.00000e+00
dlev22              =  1.00000e+00
dlev23              =  1.00000e+00
dlev24              =  1.00000e+00
dlev25              =  1.00000e+00
dlev26              =  1.00000e+00
dlev27              =  1.00000e+00
dlev28              =  1.00000e+00
dlev29              =  1.00000e+00
dlev30              =  1.00000e+00
dlev31              =  1.00000e+00
dlev32              =  1.00000e+00
vdd_meas            =  1.20000e+00
temp_meas           =  -4.00000e+01
vbias_mv            =  3.67989e+02
lowcount            =  1.59999e+01
vos_mv              =  -1.50019e+00

ngspice-46 done
