
Note: No compatibility mode selected!


Circuit: * klt sim -- generated corner deck, do not edit

Doing analysis at TEMP = 125.000000 and TNOM = 27.000000

Using SPARSE 1.3 as Direct Linear Solver

Initial Transient Solution
--------------------------

Node                                   Voltage
----                                   -------
vdd                                        1.2
cm                                         0.6
vd                                      -0.048
ap                                       0.576
an                                       0.624
clku                                         0
clk                                          0
ibn                                    0.24872
xa.x1.tmid                         8.51089e-05
xa.x1.tail                            0.584825
xa.x1.np                               1.19998
xa.x1.nn                               1.19992
xa.x1.ln                                   1.2
xa.x1.lp                                   1.2
xa.x1.lnb                          4.44616e-06
xa.x1.lpb                          3.88637e-06
xa.x1.na                               1.16961
doutb                                 0.624804
dout                                  0.611591
xa.x1.nb                               1.17075
doutn                                 0.509659
tcheck                                     125
pa_00                                   248.72
bpa_00#branch                                0
btchk#branch                                 0
bdoutn#branch                                0
bclk#branch                        4.82114e-10
ean#branch                         2.09219e-12
eap#branch                         2.67975e-12
vclku#branch                                 0
vd#branch                                    0
vcm#branch                         4.77193e-12
vsup#branch                       -0.000127512


No. of Data Rows : 12151

  Measurements for Transient Analysis

dlev0               =  6.96653e-06
dlev1               =  5.27953e-06
dlev2               =  6.45377e-06
dlev3               =  6.20661e-06
dlev4               =  6.92978e-06
dlev5               =  5.96051e-06
dlev6               =  5.89311e-06
dlev7               =  5.99846e-06
dlev8               =  5.82892e-06
dlev9               =  6.21082e-06
dlev10              =  6.01572e-06
dlev11              =  5.94018e-06
dlev12              =  6.54059e-06
dlev13              =  5.61736e-06
dlev14              =  6.16202e-06
dlev15              =  6.02774e-06
dlev16              =  9.99996e-01
dlev17              =  9.99996e-01
dlev18              =  9.99997e-01
dlev19              =  9.99996e-01
dlev20              =  9.99996e-01
dlev21              =  9.99996e-01
dlev22              =  9.99996e-01
dlev23              =  9.99995e-01
dlev24              =  9.99996e-01
dlev25              =  9.99996e-01
dlev26              =  9.99996e-01
dlev27              =  9.99996e-01
dlev28              =  9.99996e-01
dlev29              =  9.99996e-01
dlev30              =  9.99996e-01
dlev31              =  9.99996e-01
dlev32              =  9.99996e-01
vdd_meas            =  1.20000e+00
temp_meas           =  1.25000e+02
vbias_mv            =  2.48720e+02
lowcount            =  1.60000e+01
vos_mv              =  -1.50010e+00

ngspice-46 done
