
Note: No compatibility mode selected!


Circuit: * klt sim -- generated corner deck, do not edit

Doing analysis at TEMP = 27.000000 and TNOM = 27.000000

Using SPARSE 1.3 as Direct Linear Solver

Initial Transient Solution
--------------------------

Node                                   Voltage
----                                   -------
vdd                                       1.32
cm                                         0.6
vd                                      -0.048
ap                                       0.576
an                                       0.624
clku                                         0
clk                                          0
ibn                                   0.313244
xa.x1.tmid                         1.22035e-06
xa.x1.tail                            0.583865
xa.x1.np                                  1.32
xa.x1.nn                                  1.32
xa.x1.ln                                  1.32
xa.x1.lp                                  1.32
xa.x1.lnb                          1.27079e-07
xa.x1.lpb                          1.13418e-07
xa.x1.na                                  1.32
doutb                                     1.32
dout                               1.29346e-07
xa.x1.nb                                  1.32
doutn                              9.79897e-08
tcheck                                      27
pa_00                                  313.244
bpa_00#branch                                0
btchk#branch                                 0
bdoutn#branch                                0
bclk#branch                        4.32793e-10
ean#branch                         1.69231e-12
eap#branch                         2.11953e-12
vclku#branch                                 0
vd#branch                                    0
vcm#branch                         3.81184e-12
vsup#branch                       -2.00045e-05


No. of Data Rows : 12313

  Measurements for Transient Analysis

dlev0               =  -4.66028e-06
dlev1               =  -4.84989e-06
dlev2               =  -4.89153e-06
dlev3               =  -5.92291e-06
dlev4               =  -6.70964e-06
dlev5               =  -5.31268e-06
dlev6               =  2.26009e-07
dlev7               =  -5.19088e-06
dlev8               =  -5.88769e-06
dlev9               =  -7.00161e-06
dlev10              =  -6.80738e-06
dlev11              =  -6.01982e-06
dlev12              =  -6.93720e-06
dlev13              =  -5.55677e-06
dlev14              =  1.00652e-07
dlev15              =  -6.11500e-06
dlev16              =  -6.06948e-06
dlev17              =  -5.27743e-06
dlev18              =  1.00000e+00
dlev19              =  1.00000e+00
dlev20              =  9.99999e-01
dlev21              =  9.99999e-01
dlev22              =  1.00000e+00
dlev23              =  1.00000e+00
dlev24              =  9.99999e-01
dlev25              =  1.00000e+00
dlev26              =  1.00000e+00
dlev27              =  1.00000e+00
dlev28              =  1.00000e+00
dlev29              =  1.00000e+00
dlev30              =  1.00000e+00
dlev31              =  1.00000e+00
dlev32              =  1.00000e+00
vdd_meas            =  1.32000e+00
temp_meas           =  2.70000e+01
vbias_mv            =  3.13244e+02
lowcount            =  1.80001e+01
vos_mv              =  4.50029e+00

ngspice-46 done
