
Note: No compatibility mode selected!


Circuit: * klt sim -- generated corner deck, do not edit

Doing analysis at TEMP = -40.000000 and TNOM = 27.000000

Using SPARSE 1.3 as Direct Linear Solver

Initial Transient Solution
--------------------------

Node                                   Voltage
----                                   -------
vdd                                       1.08
cm                                         0.6
vd                                      -0.048
ap                                       0.576
an                                       0.624
clku                                         0
clk                                          0
ibn                                   0.323696
xa.x1.tmid                         7.16005e-08
xa.x1.tail                            0.567327
xa.x1.np                                  1.08
xa.x1.nn                                  1.08
xa.x1.ln                                  1.08
xa.x1.lp                                  1.08
xa.x1.lnb                          1.65684e-08
xa.x1.lpb                          1.69589e-08
xa.x1.na                                1.0744
doutb                                 0.528646
dout                                   0.53437
xa.x1.nb                               1.07408
doutn                                 0.494787
tcheck                                     -40
pa_00                                  323.696
bpa_00#branch                                0
btchk#branch                                 0
bdoutn#branch                                0
bclk#branch                        8.22914e-11
ean#branch                         4.94688e-13
eap#branch                         6.52423e-13
vclku#branch                                 0
vd#branch                                    0
vcm#branch                         1.14711e-12
vsup#branch                       -4.00759e-05


No. of Data Rows : 12218

  Measurements for Transient Analysis

dlev0               =  -5.58992e-06
dlev1               =  5.95821e-08
dlev2               =  -5.41918e-06
dlev3               =  -4.00871e-06
dlev4               =  -5.24890e-06
dlev5               =  -6.18214e-06
dlev6               =  -6.20525e-06
dlev7               =  -6.25494e-06
dlev8               =  -5.41123e-06
dlev9               =  -5.76088e-06
dlev10              =  -1.97789e-06
dlev11              =  -4.76231e-06
dlev12              =  -4.19156e-06
dlev13              =  -4.37521e-06
dlev14              =  -5.06125e-06
dlev15              =  -2.33103e-06
dlev16              =  -2.52086e-06
dlev17              =  9.99997e-01
dlev18              =  1.00000e+00
dlev19              =  9.99997e-01
dlev20              =  9.99997e-01
dlev21              =  9.99997e-01
dlev22              =  1.00000e+00
dlev23              =  9.99997e-01
dlev24              =  9.99996e-01
dlev25              =  9.99997e-01
dlev26              =  9.99996e-01
dlev27              =  9.99996e-01
dlev28              =  9.99997e-01
dlev29              =  9.99997e-01
dlev30              =  9.99997e-01
dlev31              =  9.99997e-01
dlev32              =  9.99997e-01
vdd_meas            =  1.08000e+00
temp_meas           =  -4.00000e+01
vbias_mv            =  3.23696e+02
lowcount            =  1.70001e+01
vos_mv              =  1.50036e+00
vcm_meas            =  6.00000e-01

ngspice-46 done
