
Note: No compatibility mode selected!


Circuit: * klt sim -- generated corner deck, do not edit

Doing analysis at TEMP = 27.000000 and TNOM = 27.000000

Using SPARSE 1.3 as Direct Linear Solver

Initial Transient Solution
--------------------------

Node                                   Voltage
----                                   -------
vdd                                       1.32
cm                                         0.6
vd                                      -0.048
ap                                       0.576
an                                       0.624
clku                                         0
clk                                          0
ibn                                    0.28241
xa.x1.tmid                         2.90151e-06
xa.x1.tail                            0.563003
xa.x1.np                                  1.32
xa.x1.nn                                  1.32
xa.x1.ln                                  1.32
xa.x1.lp                                  1.32
xa.x1.lnb                          7.51105e-08
xa.x1.lpb                          7.19817e-08
xa.x1.na                               1.29207
doutb                                 0.638981
dout                                  0.645264
xa.x1.nb                               1.29042
doutn                                 0.488837
tcheck                                      27
pa_00                                   282.41
bpa_00#branch                                0
btchk#branch                                 0
bdoutn#branch                                0
bclk#branch                        2.45673e-10
ean#branch                          2.3099e-12
eap#branch                         2.87793e-12
vclku#branch                                 0
vd#branch                                    0
vcm#branch                         5.18784e-12
vsup#branch                       -0.000135895


No. of Data Rows : 12262

  Measurements for Transient Analysis

dlev0               =  -2.80105e-06
dlev1               =  -6.70133e-06
dlev2               =  2.82028e-07
dlev3               =  -6.01715e-06
dlev4               =  -5.43947e-06
dlev5               =  -6.53252e-06
dlev6               =  -3.20941e-06
dlev7               =  -1.51762e-06
dlev8               =  -5.04903e-06
dlev9               =  -1.50617e-06
dlev10              =  1.12763e-07
dlev11              =  -1.70913e-06
dlev12              =  -2.69028e-06
dlev13              =  2.71752e-07
dlev14              =  -9.89154e-08
dlev15              =  -2.98321e-06
dlev16              =  9.99999e-01
dlev17              =  9.99997e-01
dlev18              =  1.00000e+00
dlev19              =  9.99997e-01
dlev20              =  1.00000e+00
dlev21              =  9.99999e-01
dlev22              =  1.00000e+00
dlev23              =  1.00000e+00
dlev24              =  9.99997e-01
dlev25              =  9.99997e-01
dlev26              =  9.99999e-01
dlev27              =  9.99999e-01
dlev28              =  9.99998e-01
dlev29              =  9.99999e-01
dlev30              =  9.99997e-01
dlev31              =  1.00000e+00
dlev32              =  1.00000e+00
vdd_meas            =  1.32000e+00
temp_meas           =  2.70000e+01
vbias_mv            =  2.82410e+02
lowcount            =  1.60001e+01
vos_mv              =  -1.49980e+00

ngspice-46 done
