
Note: No compatibility mode selected!


Circuit: * klt sim -- generated corner deck, do not edit

Doing analysis at TEMP = 125.000000 and TNOM = 27.000000

Using SPARSE 1.3 as Direct Linear Solver

Initial Transient Solution
--------------------------

Node                                   Voltage
----                                   -------
vdd                                        1.2
cm                                         0.6
vd                                      -0.048
ap                                       0.576
an                                       0.624
clku                                         0
clk                                          0
ibn                                   0.203935
xa.x1.tmid                         0.000349811
xa.x1.tail                             0.54807
xa.x1.np                               1.19992
xa.x1.nn                               1.19974
xa.x1.ln                                   1.2
xa.x1.lp                                   1.2
xa.x1.lnb                          2.28331e-05
xa.x1.lpb                          1.94994e-05
xa.x1.na                               1.16381
doutb                                 0.626042
dout                                  0.624614
xa.x1.nb                               1.16371
doutn                                 0.520512
tcheck                                     125
pa_00                                  203.935
bpa_00#branch                                0
btchk#branch                                 0
bdoutn#branch                                0
bclk#branch                        1.58794e-09
ean#branch                         5.96523e-12
eap#branch                         7.60929e-12
vclku#branch                                 0
vd#branch                                    0
vcm#branch                         1.35745e-11
vsup#branch                       -0.000184281


No. of Data Rows : 12133

  Measurements for Transient Analysis

dlev0               =  2.15552e-05
dlev1               =  2.40531e-05
dlev2               =  2.36907e-05
dlev3               =  1.91844e-05
dlev4               =  1.93241e-05
dlev5               =  1.96026e-05
dlev6               =  2.16095e-05
dlev7               =  2.07473e-05
dlev8               =  2.29427e-05
dlev9               =  2.01130e-05
dlev10              =  2.04042e-05
dlev11              =  2.06176e-05
dlev12              =  2.23260e-05
dlev13              =  2.42473e-05
dlev14              =  2.02094e-05
dlev15              =  2.41812e-05
dlev16              =  2.02089e-05
dlev17              =  9.99985e-01
dlev18              =  9.99985e-01
dlev19              =  9.99986e-01
dlev20              =  9.99985e-01
dlev21              =  9.99984e-01
dlev22              =  9.99985e-01
dlev23              =  9.99984e-01
dlev24              =  9.99984e-01
dlev25              =  9.99986e-01
dlev26              =  9.99985e-01
dlev27              =  9.99985e-01
dlev28              =  9.99985e-01
dlev29              =  9.99986e-01
dlev30              =  9.99986e-01
dlev31              =  9.99986e-01
dlev32              =  9.99986e-01
vdd_meas            =  1.20000e+00
temp_meas           =  1.25000e+02
vbias_mv            =  2.03935e+02
lowcount            =  1.69999e+01
vos_mv              =  1.49961e+00

ngspice-46 done
