
Note: No compatibility mode selected!


Circuit: * klt sim -- generated corner deck, do not edit

Doing analysis at TEMP = 125.000000 and TNOM = 27.000000

Using SPARSE 1.3 as Direct Linear Solver

Initial Transient Solution
--------------------------

Node                                   Voltage
----                                   -------
vdd                                       1.08
cm                                         0.6
vd                                      -0.048
ap                                       0.576
an                                       0.624
clku                                         0
clk                                          0
ibn                                   0.246862
xa.x1.tmid                         8.36368e-05
xa.x1.tail                            0.528144
xa.x1.np                               1.07998
xa.x1.nn                               1.07991
xa.x1.ln                                  1.08
xa.x1.lp                                  1.08
xa.x1.lnb                          4.30415e-06
xa.x1.lpb                          3.93808e-06
xa.x1.na                               1.07999
doutb                              6.09579e-06
dout                                   1.07999
xa.x1.nb                                  1.08
doutn                                 0.999994
tcheck                                     125
pa_00                                  246.862
bpa_00#branch                                0
btchk#branch                                 0
bdoutn#branch                                0
bclk#branch                        3.36526e-10
ean#branch                         7.14942e-13
eap#branch                         9.52863e-13
vclku#branch                                 0
vd#branch                                    0
vcm#branch                          1.6678e-12
vsup#branch                        -2.0168e-05


No. of Data Rows : 11994

  Measurements for Transient Analysis

dlev0               =  4.42338e-06
dlev1               =  4.44606e-06
dlev2               =  4.47386e-06
dlev3               =  4.46638e-06
dlev4               =  4.45896e-06
dlev5               =  4.39293e-06
dlev6               =  4.42673e-06
dlev7               =  4.36947e-06
dlev8               =  4.48569e-06
dlev9               =  4.35729e-06
dlev10              =  4.43579e-06
dlev11              =  4.33991e-06
dlev12              =  4.99952e-06
dlev13              =  3.28213e-06
dlev14              =  4.32697e-06
dlev15              =  4.64470e-06
dlev16              =  4.34423e-06
dlev17              =  4.53471e-06
dlev18              =  4.29135e-06
dlev19              =  9.99994e-01
dlev20              =  9.99994e-01
dlev21              =  9.99994e-01
dlev22              =  9.99994e-01
dlev23              =  9.99992e-01
dlev24              =  9.99994e-01
dlev25              =  9.99993e-01
dlev26              =  9.99993e-01
dlev27              =  9.99993e-01
dlev28              =  9.99993e-01
dlev29              =  9.99993e-01
dlev30              =  9.99993e-01
dlev31              =  9.99993e-01
dlev32              =  9.99993e-01
vdd_meas            =  1.08000e+00
temp_meas           =  1.25000e+02
vbias_mv            =  2.46862e+02
lowcount            =  1.90000e+01
vos_mv              =  7.50003e+00

ngspice-46 done
