
Note: No compatibility mode selected!


Circuit: * klt sim -- generated corner deck, do not edit

Doing analysis at TEMP = 125.000000 and TNOM = 27.000000

Using SPARSE 1.3 as Direct Linear Solver

Initial Transient Solution
--------------------------

Node                                   Voltage
----                                   -------
vdd                                       1.08
cm                                         0.6
vd                                      -0.048
ap                                       0.576
an                                       0.624
clku                                         0
clk                                          0
ibn                                   0.227384
xa.x1.tmid                         0.000159316
xa.x1.tail                            0.533847
xa.x1.np                               1.07994
xa.x1.nn                               1.07983
xa.x1.ln                                  1.08
xa.x1.lp                                  1.08
xa.x1.lnb                          1.50855e-06
xa.x1.lpb                          1.56498e-06
xa.x1.na                                  1.08
doutb                              2.32481e-06
dout                                   1.07999
xa.x1.nb                               1.07999
doutn                                 0.999987
tcheck                                     125
pa_00                                  227.384
bpa_00#branch                                0
btchk#branch                                 0
bdoutn#branch                                0
bclk#branch                          1.912e-10
ean#branch                         1.12386e-12
eap#branch                         1.49925e-12
vclku#branch                                 0
vd#branch                                    0
vcm#branch                         2.62311e-12
vsup#branch                       -2.02909e-05


No. of Data Rows : 11971

  Measurements for Transient Analysis

dlev0               =  -2.73649e-08
dlev1               =  3.88507e-07
dlev2               =  1.17023e-06
dlev3               =  -1.30191e-06
dlev4               =  -8.53862e-07
dlev5               =  1.99090e-07
dlev6               =  6.00051e-08
dlev7               =  -6.23038e-07
dlev8               =  -6.84232e-07
dlev9               =  8.08914e-07
dlev10              =  3.73779e-08
dlev11              =  -8.61720e-07
dlev12              =  -6.69132e-07
dlev13              =  1.22574e-06
dlev14              =  -1.18416e-06
dlev15              =  -1.00426e-06
dlev16              =  9.99986e-01
dlev17              =  9.99987e-01
dlev18              =  9.99987e-01
dlev19              =  9.99986e-01
dlev20              =  9.99985e-01
dlev21              =  9.99986e-01
dlev22              =  9.99986e-01
dlev23              =  9.99986e-01
dlev24              =  9.99986e-01
dlev25              =  9.99986e-01
dlev26              =  9.99986e-01
dlev27              =  9.99986e-01
dlev28              =  9.99986e-01
dlev29              =  9.99985e-01
dlev30              =  9.99987e-01
dlev31              =  9.99986e-01
dlev32              =  9.99986e-01
vdd_meas            =  1.08000e+00
temp_meas           =  1.25000e+02
vbias_mv            =  2.27384e+02
lowcount            =  1.60002e+01
vos_mv              =  -1.49927e+00

ngspice-46 done
