
Note: No compatibility mode selected!


Circuit: * klt sim -- generated corner deck, do not edit

Doing analysis at TEMP = -40.000000 and TNOM = 27.000000

Using SPARSE 1.3 as Direct Linear Solver

Initial Transient Solution
--------------------------

Node                                   Voltage
----                                   -------
vdd                                        1.2
cm                                         0.6
vd                                      -0.048
ap                                       0.576
an                                       0.624
clku                                         0
clk                                          0
ibn                                    0.34847
xa.x1.tmid                         2.36529e-08
xa.x1.tail                            0.540666
xa.x1.np                                   1.2
xa.x1.nn                                   1.2
xa.x1.ln                                   1.2
xa.x1.lp                                   1.2
xa.x1.lnb                          2.70436e-08
xa.x1.lpb                          2.54423e-08
xa.x1.na                               1.18833
doutb                                 0.619303
dout                                    0.6205
xa.x1.nb                               1.18765
doutn                                 0.517083
tcheck                                     -40
pa_00                                   348.47
bpa_00#branch                                0
btchk#branch                                 0
bdoutn#branch                                0
bclk#branch                        2.03072e-10
ean#branch                         2.26333e-13
eap#branch                         2.90629e-13
vclku#branch                                 0
vd#branch                                    0
vcm#branch                         5.16961e-13
vsup#branch                       -7.21153e-05


No. of Data Rows : 12238

  Measurements for Transient Analysis

dlev0               =  -3.07625e-06
dlev1               =  1.01839e-05
dlev2               =  1.01064e-05
dlev3               =  1.09379e-05
dlev4               =  7.47278e-06
dlev5               =  2.56915e-06
dlev6               =  9.74947e-06
dlev7               =  6.46964e-06
dlev8               =  5.05907e-06
dlev9               =  6.11577e-06
dlev10              =  5.08645e-06
dlev11              =  -1.49379e-06
dlev12              =  2.62999e-06
dlev13              =  2.18789e-06
dlev14              =  1.70163e-06
dlev15              =  9.24062e-06
dlev16              =  -1.90953e-06
dlev17              =  9.50751e-06
dlev18              =  9.99998e-01
dlev19              =  1.00000e+00
dlev20              =  1.00000e+00
dlev21              =  1.00000e+00
dlev22              =  1.00000e+00
dlev23              =  1.00000e+00
dlev24              =  1.00000e+00
dlev25              =  1.00000e+00
dlev26              =  1.00000e+00
dlev27              =  1.00000e+00
dlev28              =  1.00000e+00
dlev29              =  1.00000e+00
dlev30              =  1.00000e+00
dlev31              =  1.00000e+00
dlev32              =  1.00000e+00
vdd_meas            =  1.20000e+00
temp_meas           =  -4.00000e+01
vbias_mv            =  3.48470e+02
lowcount            =  1.79999e+01
vos_mv              =  4.49962e+00

ngspice-46 done
