
Note: No compatibility mode selected!


Circuit: * klt sim -- generated corner deck, do not edit

Doing analysis at TEMP = 125.000000 and TNOM = 27.000000

Using SPARSE 1.3 as Direct Linear Solver

Initial Transient Solution
--------------------------

Node                                   Voltage
----                                   -------
vdd                                       1.08
cm                                        0.65
vd                                      -0.048
ap                                       0.626
an                                       0.674
clku                                         0
clk                                          0
ibn                                   0.275382
xa.x1.tmid                         3.73848e-05
xa.x1.tail                            0.625216
xa.x1.np                               1.07999
xa.x1.nn                               1.07996
xa.x1.ln                                  1.08
xa.x1.lp                                  1.08
xa.x1.lnb                          9.91591e-06
xa.x1.lpb                          1.14344e-05
xa.x1.na                               1.06108
doutb                                 0.589483
dout                                  0.594363
xa.x1.nb                               1.06196
doutn                                 0.550336
tcheck                                     125
pa_00                                  275.382
bpa_00#branch                                0
btchk#branch                                 0
bdoutn#branch                                0
bclk#branch                        6.04809e-10
ean#branch                         3.78753e-13
eap#branch                         5.15782e-13
vclku#branch                                 0
vd#branch                                    0
vcm#branch                         8.94534e-13
vsup#branch                       -8.62789e-05


No. of Data Rows : 12093

  Measurements for Transient Analysis

dlev0               =  8.82833e-06
dlev1               =  8.15773e-06
dlev2               =  8.54213e-06
dlev3               =  8.80779e-06
dlev4               =  9.05333e-06
dlev5               =  9.31510e-06
dlev6               =  9.25337e-06
dlev7               =  9.63524e-06
dlev8               =  1.00652e-05
dlev9               =  8.23244e-06
dlev10              =  8.98863e-06
dlev11              =  8.17238e-06
dlev12              =  8.18514e-06
dlev13              =  8.96501e-06
dlev14              =  8.21549e-06
dlev15              =  8.24264e-06
dlev16              =  9.31411e-06
dlev17              =  9.99997e-01
dlev18              =  9.99997e-01
dlev19              =  9.99998e-01
dlev20              =  9.99997e-01
dlev21              =  9.99997e-01
dlev22              =  9.99997e-01
dlev23              =  9.99997e-01
dlev24              =  9.99997e-01
dlev25              =  9.99997e-01
dlev26              =  9.99998e-01
dlev27              =  9.99998e-01
dlev28              =  9.99998e-01
dlev29              =  9.99997e-01
dlev30              =  9.99997e-01
dlev31              =  9.99997e-01
dlev32              =  9.99997e-01
vdd_meas            =  1.08000e+00
temp_meas           =  1.25000e+02
vbias_mv            =  2.75382e+02
lowcount            =  1.69999e+01
vos_mv              =  1.49968e+00
vcm_meas            =  6.50000e-01

ngspice-46 done
