
Note: No compatibility mode selected!


Circuit: * klt sim -- generated corner deck, do not edit

Doing analysis at TEMP = 27.000000 and TNOM = 27.000000

Using SPARSE 1.3 as Direct Linear Solver

Initial Transient Solution
--------------------------

Node                                   Voltage
----                                   -------
vdd                                        1.2
cm                                         0.6
vd                                      -0.048
ap                                       0.576
an                                       0.624
clku                                         0
clk                                          0
ibn                                   0.357179
xa.x1.tmid                         7.76224e-08
xa.x1.tail                            0.603072
xa.x1.np                                   1.2
xa.x1.nn                                   1.2
xa.x1.ln                                   1.2
xa.x1.lp                                   1.2
xa.x1.lnb                          1.63575e-08
xa.x1.lpb                          1.58346e-08
xa.x1.na                                   1.2
doutb                              1.75932e-08
dout                                       1.2
xa.x1.nb                                   1.2
doutn                                        1
tcheck                                      27
pa_00                                  357.179
bpa_00#branch                                0
btchk#branch                                 0
bdoutn#branch                                0
bclk#branch                        9.61925e-11
ean#branch                         2.17715e-13
eap#branch                         2.81525e-13
vclku#branch                                 0
vd#branch                                    0
vcm#branch                          4.9924e-13
vsup#branch                       -2.00004e-05


No. of Data Rows : 12178

  Measurements for Transient Analysis

dlev0               =  1.55111e-06
dlev1               =  5.61248e-06
dlev2               =  6.73623e-06
dlev3               =  7.50684e-06
dlev4               =  7.34729e-06
dlev5               =  6.83087e-06
dlev6               =  4.07540e-06
dlev7               =  5.35583e-06
dlev8               =  1.31649e-07
dlev9               =  2.44137e-07
dlev10              =  2.34550e-07
dlev11              =  1.21191e-08
dlev12              =  3.62364e-07
dlev13              =  2.20088e-06
dlev14              =  4.98615e-07
dlev15              =  5.00739e-06
dlev16              =  9.99999e-01
dlev17              =  1.00000e+00
dlev18              =  1.00000e+00
dlev19              =  1.00000e+00
dlev20              =  1.00000e+00
dlev21              =  1.00000e+00
dlev22              =  1.00000e+00
dlev23              =  1.00000e+00
dlev24              =  1.00000e+00
dlev25              =  1.00000e+00
dlev26              =  9.99999e-01
dlev27              =  1.00000e+00
dlev28              =  1.00000e+00
dlev29              =  1.00000e+00
dlev30              =  9.99999e-01
dlev31              =  1.00000e+00
dlev32              =  1.00000e+00
vdd_meas            =  1.20000e+00
temp_meas           =  2.70000e+01
vbias_mv            =  3.57179e+02
lowcount            =  1.59999e+01
vos_mv              =  -1.50022e+00

ngspice-46 done
