
Note: No compatibility mode selected!


Circuit: * klt sim -- generated corner deck, do not edit

Doing analysis at TEMP = -40.000000 and TNOM = 27.000000

Using SPARSE 1.3 as Direct Linear Solver

Initial Transient Solution
--------------------------

Node                                   Voltage
----                                   -------
vdd                                        1.2
cm                                        0.55
vd                                      -0.048
ap                                       0.526
an                                       0.574
clku                                         0
clk                                          0
ibn                                   0.369031
xa.x1.tmid                         5.30351e-09
xa.x1.tail                               0.535
xa.x1.np                                   1.2
xa.x1.nn                                   1.2
xa.x1.ln                                   1.2
xa.x1.lp                                   1.2
xa.x1.lnb                          4.14905e-08
xa.x1.lpb                          4.13358e-08
xa.x1.na                               1.18859
doutb                                 0.642684
dout                                  0.642957
xa.x1.nb                                1.1886
doutn                                 0.535797
tcheck                                     -40
pa_00                                  369.031
bpa_00#branch                                0
btchk#branch                                 0
bdoutn#branch                                0
bclk#branch                        3.67354e-10
ean#branch                         2.83912e-13
eap#branch                          3.6196e-13
vclku#branch                                 0
vd#branch                                    0
vcm#branch                         6.45872e-13
vsup#branch                         -7.533e-05


No. of Data Rows : 12280

  Measurements for Transient Analysis

dlev0               =  -5.79248e-06
dlev1               =  5.10945e-06
dlev2               =  8.85374e-06
dlev3               =  4.54756e-06
dlev4               =  6.11760e-06
dlev5               =  4.61839e-06
dlev6               =  4.29876e-06
dlev7               =  5.40674e-06
dlev8               =  7.94180e-06
dlev9               =  3.52641e-06
dlev10              =  3.29720e-06
dlev11              =  3.04587e-06
dlev12              =  4.38805e-06
dlev13              =  4.43566e-06
dlev14              =  4.60664e-06
dlev15              =  4.08378e-06
dlev16              =  9.99997e-01
dlev17              =  1.00000e+00
dlev18              =  1.00000e+00
dlev19              =  1.00000e+00
dlev20              =  1.00000e+00
dlev21              =  1.00000e+00
dlev22              =  1.00000e+00
dlev23              =  1.00000e+00
dlev24              =  1.00000e+00
dlev25              =  1.00000e+00
dlev26              =  1.00000e+00
dlev27              =  1.00000e+00
dlev28              =  1.00000e+00
dlev29              =  1.00000e+00
dlev30              =  1.00000e+00
dlev31              =  1.00000e+00
dlev32              =  1.00000e+00
vdd_meas            =  1.20000e+00
temp_meas           =  -4.00000e+01
vbias_mv            =  3.69031e+02
lowcount            =  1.59999e+01
vos_mv              =  -1.50032e+00
vcm_meas            =  5.50000e-01

ngspice-46 done
