
Note: No compatibility mode selected!


Circuit: * klt sim -- generated corner deck, do not edit

Doing analysis at TEMP = -40.000000 and TNOM = 27.000000

Using SPARSE 1.3 as Direct Linear Solver

Initial Transient Solution
--------------------------

Node                                   Voltage
----                                   -------
vdd                                       1.08
cm                                        0.65
vd                                      -0.048
ap                                       0.626
an                                       0.674
clku                                         0
clk                                          0
ibn                                    0.30123
xa.x1.tmid                          2.1557e-07
xa.x1.tail                             0.60563
xa.x1.np                                  1.08
xa.x1.nn                                  1.08
xa.x1.ln                                  1.08
xa.x1.lp                                  1.08
xa.x1.lnb                          7.55163e-08
xa.x1.lpb                          7.71703e-08
xa.x1.na                               1.07031
doutb                                 0.559946
dout                                   0.57026
xa.x1.nb                               1.06938
doutn                                 0.528019
tcheck                                     -40
pa_00                                   301.23
bpa_00#branch                                0
btchk#branch                                 0
bdoutn#branch                                0
bclk#branch                        4.61137e-10
ean#branch                         7.73492e-13
eap#branch                         1.04014e-12
vclku#branch                                 0
vd#branch                                    0
vcm#branch                         1.81363e-12
vsup#branch                        -6.7943e-05


No. of Data Rows : 12211

  Measurements for Transient Analysis

dlev0               =  1.14447e-05
dlev1               =  -2.39114e-07
dlev2               =  1.05862e-05
dlev3               =  2.56981e-06
dlev4               =  1.27892e-05
dlev5               =  1.31122e-05
dlev6               =  1.15147e-05
dlev7               =  1.23865e-05
dlev8               =  2.06037e-06
dlev9               =  -5.10432e-07
dlev10              =  6.01413e-06
dlev11              =  1.12884e-06
dlev12              =  1.08350e-05
dlev13              =  -1.18919e-06
dlev14              =  1.10928e-05
dlev15              =  1.03932e-05
dlev16              =  9.99997e-01
dlev17              =  1.00000e+00
dlev18              =  1.00000e+00
dlev19              =  1.00000e+00
dlev20              =  9.99999e-01
dlev21              =  1.00000e+00
dlev22              =  1.00000e+00
dlev23              =  1.00000e+00
dlev24              =  1.00000e+00
dlev25              =  1.00000e+00
dlev26              =  1.00000e+00
dlev27              =  9.99999e-01
dlev28              =  1.00000e+00
dlev29              =  1.00000e+00
dlev30              =  1.00000e+00
dlev31              =  9.99999e-01
dlev32              =  1.00000e+00
vdd_meas            =  1.08000e+00
temp_meas           =  -4.00000e+01
vbias_mv            =  3.01230e+02
lowcount            =  1.59999e+01
vos_mv              =  -1.50043e+00
vcm_meas            =  6.50000e-01

ngspice-46 done
