
Note: No compatibility mode selected!


Circuit: * klt sim -- generated corner deck, do not edit

Doing analysis at TEMP = -40.000000 and TNOM = 27.000000

Using SPARSE 1.3 as Direct Linear Solver

Initial Transient Solution
--------------------------

Node                                   Voltage
----                                   -------
vdd                                       1.08
cm                                         0.6
vd                                      -0.048
ap                                       0.576
an                                       0.624
clku                                         0
clk                                          0
ibn                                   0.393889
xa.x1.tmid                         1.48131e-09
xa.x1.tail                            0.589178
xa.x1.np                                  1.08
xa.x1.nn                                  1.08
xa.x1.ln                                  1.08
xa.x1.lp                                  1.08
xa.x1.lnb                          6.30889e-09
xa.x1.lpb                           6.2345e-09
xa.x1.na                               1.07827
doutb                                 0.546719
dout                                  0.551472
xa.x1.nb                                1.0779
doutn                                 0.510622
tcheck                                     -40
pa_00                                  393.889
bpa_00#branch                                0
btchk#branch                                 0
bdoutn#branch                                0
bclk#branch                        4.48412e-11
ean#branch                         5.30409e-14
eap#branch                         7.09988e-14
vclku#branch                                 0
vd#branch                                    0
vcm#branch                          1.2404e-13
vsup#branch                       -2.61414e-05


No. of Data Rows : 12191

  Measurements for Transient Analysis

dlev0               =  -2.55577e-06
dlev1               =  -4.32741e-06
dlev2               =  1.55040e-07
dlev3               =  -1.12007e-05
dlev4               =  -1.10613e-05
dlev5               =  -1.04919e-05
dlev6               =  -1.04498e-05
dlev7               =  -7.80636e-06
dlev8               =  7.98203e-07
dlev9               =  2.30227e-06
dlev10              =  -5.04794e-06
dlev11              =  -1.03464e-05
dlev12              =  -3.81547e-06
dlev13              =  -4.96818e-06
dlev14              =  -1.05707e-06
dlev15              =  -8.45822e-06
dlev16              =  1.00000e+00
dlev17              =  9.99999e-01
dlev18              =  9.99999e-01
dlev19              =  9.99999e-01
dlev20              =  9.99999e-01
dlev21              =  9.99995e-01
dlev22              =  9.99999e-01
dlev23              =  1.00000e+00
dlev24              =  9.99996e-01
dlev25              =  9.99996e-01
dlev26              =  9.99997e-01
dlev27              =  9.99999e-01
dlev28              =  9.99997e-01
dlev29              =  1.00000e+00
dlev30              =  9.99996e-01
dlev31              =  9.99996e-01
dlev32              =  9.99996e-01
vdd_meas            =  1.08000e+00
temp_meas           =  -4.00000e+01
vbias_mv            =  3.93889e+02
lowcount            =  1.60001e+01
vos_mv              =  -1.49963e+00

ngspice-46 done
