
Note: No compatibility mode selected!


Circuit: * klt sim -- generated corner deck, do not edit

Doing analysis at TEMP = 27.000000 and TNOM = 27.000000

Using SPARSE 1.3 as Direct Linear Solver

Initial Transient Solution
--------------------------

Node                                   Voltage
----                                   -------
vdd                                        1.2
cm                                         0.6
vd                                      -0.048
ap                                       0.576
an                                       0.624
clku                                         0
clk                                          0
ibn                                    0.31721
xa.x1.tmid                         1.35457e-07
xa.x1.tail                            0.602311
xa.x1.np                                   1.2
xa.x1.nn                                   1.2
xa.x1.ln                                   1.2
xa.x1.lp                                   1.2
xa.x1.lnb                          1.63073e-08
xa.x1.lpb                          1.60141e-08
xa.x1.na                               1.18974
doutb                                 0.611277
dout                                  0.613633
xa.x1.nb                               1.18973
doutn                                 0.511361
tcheck                                      27
pa_00                                   317.21
bpa_00#branch                                0
btchk#branch                                 0
bdoutn#branch                                0
bclk#branch                        9.56724e-11
ean#branch                         2.17604e-13
eap#branch                         2.81442e-13
vclku#branch                                 0
vd#branch                                    0
vcm#branch                         4.99045e-13
vsup#branch                       -4.51453e-05


No. of Data Rows : 12073

  Measurements for Transient Analysis

dlev0               =  3.62056e-06
dlev1               =  1.22279e-06
dlev2               =  2.87865e-06
dlev3               =  3.04724e-06
dlev4               =  4.10944e-06
dlev5               =  1.90437e-06
dlev6               =  1.58439e-06
dlev7               =  4.51117e-06
dlev8               =  6.10532e-06
dlev9               =  2.13729e-06
dlev10              =  2.87280e-07
dlev11              =  9.90233e-07
dlev12              =  8.67011e-07
dlev13              =  -1.51231e-06
dlev14              =  6.92477e-06
dlev15              =  9.10599e-06
dlev16              =  -9.94379e-07
dlev17              =  8.53053e-06
dlev18              =  1.00000e+00
dlev19              =  1.00000e+00
dlev20              =  1.00000e+00
dlev21              =  9.99999e-01
dlev22              =  1.00000e+00
dlev23              =  1.00000e+00
dlev24              =  1.00000e+00
dlev25              =  1.00000e+00
dlev26              =  1.00000e+00
dlev27              =  9.99999e-01
dlev28              =  1.00000e+00
dlev29              =  1.00000e+00
dlev30              =  1.00000e+00
dlev31              =  1.00000e+00
dlev32              =  1.00000e+00
vdd_meas            =  1.20000e+00
temp_meas           =  2.70000e+01
vbias_mv            =  3.17210e+02
lowcount            =  1.79999e+01
vos_mv              =  4.49979e+00

ngspice-46 done
