
Note: No compatibility mode selected!


Circuit: * klt sim -- generated corner deck, do not edit

Doing analysis at TEMP = -40.000000 and TNOM = 27.000000

Using SPARSE 1.3 as Direct Linear Solver

Initial Transient Solution
--------------------------

Node                                   Voltage
----                                   -------
vdd                                       1.08
cm                                         0.6
vd                                      -0.048
ap                                       0.576
an                                       0.624
clku                                         0
clk                                          0
ibn                                   0.300806
xa.x1.tmid                         2.17194e-07
xa.x1.tail                            0.563889
xa.x1.np                                  1.08
xa.x1.nn                                  1.08
xa.x1.ln                                  1.08
xa.x1.lp                                  1.08
xa.x1.lnb                          7.61023e-08
xa.x1.lpb                          7.95842e-08
xa.x1.na                                  1.08
doutb                              8.71144e-08
dout                                      1.08
xa.x1.nb                                  1.08
doutn                                        1
tcheck                                     -40
pa_00                                  300.806
bpa_00#branch                                0
btchk#branch                                 0
bdoutn#branch                                0
bclk#branch                        4.54286e-10
ean#branch                         1.04081e-12
eap#branch                         1.36732e-12
vclku#branch                                 0
vd#branch                                    0
vcm#branch                         2.40813e-12
vsup#branch                       -2.00017e-05


No. of Data Rows : 12215

  Measurements for Transient Analysis

dlev0               =  1.20138e-06
dlev1               =  1.76537e-06
dlev2               =  -5.10748e-07
dlev3               =  1.10824e-06
dlev4               =  3.40486e-06
dlev5               =  2.95817e-06
dlev6               =  2.59513e-06
dlev7               =  1.71405e-06
dlev8               =  8.68325e-06
dlev9               =  -5.28818e-07
dlev10              =  1.04579e-05
dlev11              =  8.05089e-06
dlev12              =  9.08231e-06
dlev13              =  8.52875e-06
dlev14              =  5.73068e-06
dlev15              =  7.41008e-06
dlev16              =  7.91249e-06
dlev17              =  2.04794e-06
dlev18              =  9.99997e-01
dlev19              =  1.00000e+00
dlev20              =  1.00000e+00
dlev21              =  1.00000e+00
dlev22              =  1.00000e+00
dlev23              =  1.00000e+00
dlev24              =  1.00000e+00
dlev25              =  1.00000e+00
dlev26              =  1.00000e+00
dlev27              =  1.00000e+00
dlev28              =  1.00000e+00
dlev29              =  1.00000e+00
dlev30              =  1.00001e+00
dlev31              =  1.00000e+00
dlev32              =  1.00000e+00
vdd_meas            =  1.08000e+00
temp_meas           =  -4.00000e+01
vbias_mv            =  3.00806e+02
lowcount            =  1.79999e+01
vos_mv              =  4.49967e+00

ngspice-46 done
