
Note: No compatibility mode selected!


Circuit: * klt sim -- generated corner deck, do not edit

Doing analysis at TEMP = 125.000000 and TNOM = 27.000000

Using SPARSE 1.3 as Direct Linear Solver

Initial Transient Solution
--------------------------

Node                                   Voltage
----                                   -------
vdd                                        1.2
cm                                         0.6
vd                                      -0.048
ap                                       0.576
an                                       0.624
clku                                         0
clk                                          0
ibn                                    0.22598
xa.x1.tmid                         0.000176685
xa.x1.tail                             0.55326
xa.x1.np                               1.19994
xa.x1.nn                               1.19983
xa.x1.ln                                   1.2
xa.x1.lp                                   1.2
xa.x1.lnb                          1.47495e-06
xa.x1.lpb                           1.5133e-06
xa.x1.na                               1.19999
doutb                                  1.19999
dout                               2.11077e-06
xa.x1.nb                                   1.2
doutn                              1.75898e-06
tcheck                                     125
pa_00                                   225.98
bpa_00#branch                                0
btchk#branch                                 0
bdoutn#branch                                0
bclk#branch                         2.7471e-10
ean#branch                         2.88178e-12
eap#branch                         3.68011e-12
vclku#branch                                 0
vd#branch                                    0
vcm#branch                         6.56189e-12
vsup#branch                       -2.03161e-05


No. of Data Rows : 12096

  Measurements for Transient Analysis

dlev0               =  1.27921e-06
dlev1               =  2.60559e-06
dlev2               =  2.64432e-06
dlev3               =  2.78908e-06
dlev4               =  1.33195e-06
dlev5               =  3.10719e-06
dlev6               =  1.81861e-06
dlev7               =  1.33303e-06
dlev8               =  1.67793e-06
dlev9               =  2.86252e-06
dlev10              =  1.95514e-06
dlev11              =  1.62625e-06
dlev12              =  2.07985e-06
dlev13              =  9.99990e-01
dlev14              =  9.99989e-01
dlev15              =  9.99990e-01
dlev16              =  9.99990e-01
dlev17              =  9.99990e-01
dlev18              =  9.99989e-01
dlev19              =  9.99989e-01
dlev20              =  9.99990e-01
dlev21              =  9.99990e-01
dlev22              =  9.99990e-01
dlev23              =  9.99990e-01
dlev24              =  9.99990e-01
dlev25              =  9.99989e-01
dlev26              =  9.99990e-01
dlev27              =  9.99990e-01
dlev28              =  9.99990e-01
dlev29              =  9.99990e-01
dlev30              =  9.99989e-01
dlev31              =  9.99990e-01
dlev32              =  9.99990e-01
vdd_meas            =  1.20000e+00
temp_meas           =  1.25000e+02
vbias_mv            =  2.25980e+02
lowcount            =  1.30002e+01
vos_mv              =  -1.04995e+01

ngspice-46 done
