
Note: No compatibility mode selected!


Circuit: * klt sim -- generated corner deck, do not edit

Doing analysis at TEMP = 27.000000 and TNOM = 27.000000

Using SPARSE 1.3 as Direct Linear Solver

Initial Transient Solution
--------------------------

Node                                   Voltage
----                                   -------
vdd                                        1.2
cm                                         0.6
vd                                      -0.048
ap                                       0.576
an                                       0.624
clku                                         0
clk                                          0
ibn                                   0.265092
xa.x1.tmid                         6.87314e-06
xa.x1.tail                            0.531578
xa.x1.np                                   1.2
xa.x1.nn                               1.19999
xa.x1.ln                                   1.2
xa.x1.lp                                   1.2
xa.x1.lnb                          6.21161e-07
xa.x1.lpb                          8.24562e-07
xa.x1.na                               1.17205
doutb                                 0.621103
dout                                  0.605548
xa.x1.nb                               1.17391
doutn                                 0.504624
tcheck                                      27
pa_00                                  265.092
bpa_00#branch                                0
btchk#branch                                 0
bdoutn#branch                                0
bclk#branch                        9.98192e-10
ean#branch                         2.67747e-12
eap#branch                         3.40512e-12
vclku#branch                                 0
vd#branch                                    0
vcm#branch                         6.08259e-12
vsup#branch                       -0.000148504


No. of Data Rows : 12220

  Measurements for Transient Analysis

dlev0               =  -2.91463e-06
dlev1               =  1.14875e-06
dlev2               =  1.05598e-06
dlev3               =  -8.09152e-07
dlev4               =  2.22808e-06
dlev5               =  2.22151e-06
dlev6               =  2.21247e-06
dlev7               =  2.20363e-06
dlev8               =  2.19587e-06
dlev9               =  2.03154e-06
dlev10              =  2.21846e-06
dlev11              =  -1.07809e-06
dlev12              =  -6.74200e-07
dlev13              =  3.05905e-06
dlev14              =  -1.02575e-06
dlev15              =  2.43579e-06
dlev16              =  2.39787e-06
dlev17              =  2.73682e-06
dlev18              =  9.99997e-01
dlev19              =  1.00000e+00
dlev20              =  1.00000e+00
dlev21              =  9.99999e-01
dlev22              =  9.99999e-01
dlev23              =  9.99999e-01
dlev24              =  9.99999e-01
dlev25              =  1.00000e+00
dlev26              =  1.00000e+00
dlev27              =  9.99999e-01
dlev28              =  1.00000e+00
dlev29              =  9.99999e-01
dlev30              =  1.00000e+00
dlev31              =  1.00000e+00
dlev32              =  1.00000e+00
vdd_meas            =  1.20000e+00
temp_meas           =  2.70000e+01
vbias_mv            =  2.65092e+02
lowcount            =  1.80000e+01
vos_mv              =  4.49996e+00

ngspice-46 done
