
Note: No compatibility mode selected!


Circuit: * klt sim -- generated corner deck, do not edit

Doing analysis at TEMP = 27.000000 and TNOM = 27.000000

Using SPARSE 1.3 as Direct Linear Solver

Initial Transient Solution
--------------------------

Node                                   Voltage
----                                   -------
vdd                                       1.32
cm                                         0.6
vd                                      -0.048
ap                                       0.576
an                                       0.624
clku                                         0
clk                                          0
ibn                                   0.356388
xa.x1.tmid                         9.29846e-08
xa.x1.tail                            0.604791
xa.x1.np                                  1.32
xa.x1.nn                                  1.32
xa.x1.ln                                  1.32
xa.x1.lp                                  1.32
xa.x1.lnb                          2.14194e-08
xa.x1.lpb                          2.17649e-08
xa.x1.na                                  1.32
doutb                              2.27738e-08
dout                                      1.32
xa.x1.nb                                  1.32
doutn                                        1
tcheck                                      27
pa_00                                  356.388
bpa_00#branch                                0
btchk#branch                                 0
bdoutn#branch                                0
bclk#branch                         1.3362e-10
ean#branch                         4.03622e-13
eap#branch                         5.10453e-13
vclku#branch                                 0
vd#branch                                    0
vcm#branch                         9.14074e-13
vsup#branch                       -2.00005e-05


No. of Data Rows : 12297

  Measurements for Transient Analysis

dlev0               =  5.09116e-08
dlev1               =  2.71971e-07
dlev2               =  2.18395e-07
dlev3               =  2.34685e-07
dlev4               =  2.33632e-07
dlev5               =  -4.28489e-09
dlev6               =  -1.31594e-06
dlev7               =  -2.28484e-06
dlev8               =  -3.08144e-06
dlev9               =  6.47127e-07
dlev10              =  4.05958e-07
dlev11              =  1.57482e-06
dlev12              =  1.74086e-06
dlev13              =  2.65983e-07
dlev14              =  -9.79338e-08
dlev15              =  -1.16197e-07
dlev16              =  -3.40320e-06
dlev17              =  -3.58766e-06
dlev18              =  -5.20112e-06
dlev19              =  1.00000e+00
dlev20              =  9.99999e-01
dlev21              =  1.00000e+00
dlev22              =  1.00000e+00
dlev23              =  1.00000e+00
dlev24              =  1.00000e+00
dlev25              =  9.99999e-01
dlev26              =  9.99999e-01
dlev27              =  9.99999e-01
dlev28              =  1.00000e+00
dlev29              =  1.00000e+00
dlev30              =  1.00000e+00
dlev31              =  1.00000e+00
dlev32              =  1.00000e+00
vdd_meas            =  1.32000e+00
temp_meas           =  2.70000e+01
vbias_mv            =  3.56388e+02
lowcount            =  1.90000e+01
vos_mv              =  7.50005e+00
vcm_meas            =  6.00000e-01

ngspice-46 done
