
Note: No compatibility mode selected!


Circuit: * klt sim -- generated corner deck, do not edit

Doing analysis at TEMP = 125.000000 and TNOM = 27.000000

Using SPARSE 1.3 as Direct Linear Solver

Initial Transient Solution
--------------------------

Node                                   Voltage
----                                   -------
vdd                                       1.32
cm                                         0.6
vd                                      -0.048
ap                                       0.576
an                                       0.624
clku                                         0
clk                                          0
ibn                                   0.185935
xa.x1.tmid                         0.000386197
xa.x1.tail                            0.579716
xa.x1.np                               1.31993
xa.x1.nn                               1.31978
xa.x1.ln                                  1.32
xa.x1.lp                                  1.32
xa.x1.lnb                          2.52075e-05
xa.x1.lpb                          2.08948e-05
xa.x1.na                               1.31998
doutb                              2.40461e-05
dout                                   1.31998
xa.x1.nb                               1.31999
doutn                                 0.999984
tcheck                                     125
pa_00                                  185.935
bpa_00#branch                                0
btchk#branch                                 0
bdoutn#branch                                0
bclk#branch                        2.22406e-09
ean#branch                         1.58056e-11
eap#branch                         1.96154e-11
vclku#branch                                 0
vd#branch                                    0
vcm#branch                         3.54209e-11
vsup#branch                       -1.57231e-05


No. of Data Rows : 12223

  Measurements for Transient Analysis

dlev0               =  2.14410e-05
dlev1               =  1.98590e-05
dlev2               =  1.88687e-05
dlev3               =  1.97794e-05
dlev4               =  2.05171e-05
dlev5               =  2.18861e-05
dlev6               =  2.18142e-05
dlev7               =  2.59010e-05
dlev8               =  2.56316e-05
dlev9               =  2.12651e-05
dlev10              =  2.23323e-05
dlev11              =  2.19805e-05
dlev12              =  2.08423e-05
dlev13              =  2.29498e-05
dlev14              =  2.26569e-05
dlev15              =  2.27509e-05
dlev16              =  2.55621e-05
dlev17              =  9.99985e-01
dlev18              =  9.99982e-01
dlev19              =  9.99985e-01
dlev20              =  9.99982e-01
dlev21              =  9.99983e-01
dlev22              =  9.99983e-01
dlev23              =  9.99984e-01
dlev24              =  9.99982e-01
dlev25              =  9.99984e-01
dlev26              =  9.99984e-01
dlev27              =  9.99983e-01
dlev28              =  9.99982e-01
dlev29              =  9.99983e-01
dlev30              =  9.99982e-01
dlev31              =  9.99981e-01
dlev32              =  9.99981e-01
vdd_meas            =  1.32000e+00
temp_meas           =  1.25000e+02
vbias_mv            =  1.85935e+02
lowcount            =  1.69999e+01
vos_mv              =  1.49970e+00

ngspice-46 done
