
Note: No compatibility mode selected!


Circuit: * klt sim -- generated corner deck, do not edit

Doing analysis at TEMP = 125.000000 and TNOM = 27.000000

Using SPARSE 1.3 as Direct Linear Solver

Initial Transient Solution
--------------------------

Node                                   Voltage
----                                   -------
vdd                                       1.32
cm                                        0.65
vd                                      -0.048
ap                                       0.626
an                                       0.674
clku                                         0
clk                                          0
ibn                                    0.26717
xa.x1.tmid                         3.98602e-05
xa.x1.tail                             0.63475
xa.x1.np                               1.31999
xa.x1.nn                               1.31997
xa.x1.ln                                  1.32
xa.x1.lp                                  1.32
xa.x1.lnb                          1.18847e-05
xa.x1.lpb                          7.94869e-06
xa.x1.na                               1.28336
doutb                                  0.70375
dout                                  0.706362
xa.x1.nb                               1.28303
doutn                                 0.535123
tcheck                                     125
pa_00                                   267.17
bpa_00#branch                                0
btchk#branch                                 0
bdoutn#branch                                0
bclk#branch                        1.21833e-09
ean#branch                         1.43899e-12
eap#branch                         1.82793e-12
vclku#branch                                 0
vd#branch                                    0
vcm#branch                         3.26691e-12
vsup#branch                       -0.000185239


No. of Data Rows : 12223

  Measurements for Transient Analysis

dlev0               =  9.02381e-06
dlev1               =  3.21858e-06
dlev2               =  9.09151e-06
dlev3               =  8.68772e-06
dlev4               =  9.47133e-06
dlev5               =  1.08005e-05
dlev6               =  1.26756e-05
dlev7               =  7.93484e-06
dlev8               =  7.31857e-06
dlev9               =  2.06724e-06
dlev10              =  2.33582e-06
dlev11              =  3.57817e-06
dlev12              =  8.12236e-06
dlev13              =  1.71524e-06
dlev14              =  7.52129e-06
dlev15              =  9.99997e-01
dlev16              =  9.99997e-01
dlev17              =  9.99998e-01
dlev18              =  9.99997e-01
dlev19              =  9.99998e-01
dlev20              =  9.99998e-01
dlev21              =  9.99998e-01
dlev22              =  9.99998e-01
dlev23              =  9.99998e-01
dlev24              =  9.99998e-01
dlev25              =  9.99996e-01
dlev26              =  9.99996e-01
dlev27              =  9.99997e-01
dlev28              =  9.99997e-01
dlev29              =  9.99998e-01
dlev30              =  9.99998e-01
dlev31              =  9.99999e-01
dlev32              =  9.99999e-01
vdd_meas            =  1.32000e+00
temp_meas           =  1.25000e+02
vbias_mv            =  2.67170e+02
lowcount            =  1.49999e+01
vos_mv              =  -4.50018e+00
vcm_meas            =  6.50000e-01

ngspice-46 done
