
Note: No compatibility mode selected!


Circuit: * klt sim -- generated corner deck, do not edit

Doing analysis at TEMP = 27.000000 and TNOM = 27.000000

Using SPARSE 1.3 as Direct Linear Solver

Initial Transient Solution
--------------------------

Node                                   Voltage
----                                   -------
vdd                                       1.32
cm                                         0.6
vd                                      -0.048
ap                                       0.576
an                                       0.624
clku                                         0
clk                                          0
ibn                                   0.360685
xa.x1.tmid                         8.00414e-08
xa.x1.tail                            0.606226
xa.x1.np                                  1.32
xa.x1.nn                                  1.32
xa.x1.ln                                  1.32
xa.x1.lp                                  1.32
xa.x1.lnb                          2.07156e-08
xa.x1.lpb                          2.05097e-08
xa.x1.na                               1.30143
doutb                                 0.664565
dout                                  0.670447
xa.x1.nb                               1.30025
doutn                                 0.507914
tcheck                                      27
pa_00                                  360.685
bpa_00#branch                                0
btchk#branch                                 0
bdoutn#branch                                0
bclk#branch                        1.33857e-10
ean#branch                         4.03677e-13
eap#branch                          5.1073e-13
vclku#branch                                 0
vd#branch                                    0
vcm#branch                         9.14407e-13
vsup#branch                       -9.35211e-05


No. of Data Rows : 12323

  Measurements for Transient Analysis

dlev0               =  -2.13058e-06
dlev1               =  -1.54532e-06
dlev2               =  -3.31699e-06
dlev3               =  -3.50036e-06
dlev4               =  2.28931e-06
dlev5               =  1.80861e-06
dlev6               =  1.81552e-06
dlev7               =  6.51831e-07
dlev8               =  5.23523e-07
dlev9               =  8.29297e-07
dlev10              =  1.66511e-07
dlev11              =  -3.57852e-07
dlev12              =  -7.76081e-07
dlev13              =  -4.83566e-07
dlev14              =  -2.68866e-06
dlev15              =  -3.92535e-06
dlev16              =  -1.84242e-06
dlev17              =  5.06079e-08
dlev18              =  1.00000e+00
dlev19              =  1.00000e+00
dlev20              =  1.00000e+00
dlev21              =  1.00000e+00
dlev22              =  1.00000e+00
dlev23              =  1.00000e+00
dlev24              =  1.00000e+00
dlev25              =  1.00000e+00
dlev26              =  1.00000e+00
dlev27              =  1.00000e+00
dlev28              =  1.00000e+00
dlev29              =  9.99999e-01
dlev30              =  1.00000e+00
dlev31              =  1.00000e+00
dlev32              =  1.00000e+00
vdd_meas            =  1.32000e+00
temp_meas           =  2.70000e+01
vbias_mv            =  3.60685e+02
lowcount            =  1.80000e+01
vos_mv              =  4.50005e+00

ngspice-46 done
