
Note: No compatibility mode selected!


Circuit: * klt sim -- generated corner deck, do not edit

Doing analysis at TEMP = -40.000000 and TNOM = 27.000000

Using SPARSE 1.3 as Direct Linear Solver

Initial Transient Solution
--------------------------

Node                                   Voltage
----                                   -------
vdd                                        1.2
cm                                         0.6
vd                                      -0.048
ap                                       0.576
an                                       0.624
clku                                         0
clk                                          0
ibn                                   0.321515
xa.x1.tmid                         7.28232e-08
xa.x1.tail                            0.567459
xa.x1.np                                   1.2
xa.x1.nn                                   1.2
xa.x1.ln                                   1.2
xa.x1.lp                                   1.2
xa.x1.lnb                          2.35471e-08
xa.x1.lpb                          2.36179e-08
xa.x1.na                                   1.2
doutb                                      1.2
dout                               2.21722e-08
xa.x1.nb                                   1.2
doutn                              1.84768e-08
tcheck                                     -40
pa_00                                  321.515
bpa_00#branch                                0
btchk#branch                                 0
bdoutn#branch                                0
bclk#branch                        1.18047e-10
ean#branch                         9.43273e-13
eap#branch                         1.20251e-12
vclku#branch                                 0
vd#branch                                    0
vcm#branch                         2.14578e-12
vsup#branch                       -2.00006e-05


No. of Data Rows : 12244

  Measurements for Transient Analysis

dlev0               =  4.32326e-06
dlev1               =  -4.57379e-06
dlev2               =  4.91529e-06
dlev3               =  -1.67046e-06
dlev4               =  -5.13756e-06
dlev5               =  -4.78869e-06
dlev6               =  -2.08740e-06
dlev7               =  -5.41083e-07
dlev8               =  1.03816e-06
dlev9               =  -5.70971e-06
dlev10              =  -3.25855e-08
dlev11              =  6.99326e-08
dlev12              =  2.82195e-06
dlev13              =  -3.09531e-06
dlev14              =  -7.02608e-06
dlev15              =  1.00000e+00
dlev16              =  9.99999e-01
dlev17              =  1.00000e+00
dlev18              =  1.00000e+00
dlev19              =  1.00000e+00
dlev20              =  9.99998e-01
dlev21              =  9.99996e-01
dlev22              =  9.99998e-01
dlev23              =  9.99997e-01
dlev24              =  9.99996e-01
dlev25              =  9.99997e-01
dlev26              =  9.99997e-01
dlev27              =  9.99999e-01
dlev28              =  1.00000e+00
dlev29              =  1.00000e+00
dlev30              =  1.00000e+00
dlev31              =  9.99998e-01
dlev32              =  1.00000e+00
vdd_meas            =  1.20000e+00
temp_meas           =  -4.00000e+01
vbias_mv            =  3.21515e+02
lowcount            =  1.50000e+01
vos_mv              =  -4.49987e+00

ngspice-46 done
