
Note: No compatibility mode selected!


Circuit: * klt sim -- generated corner deck, do not edit

Doing analysis at TEMP = 125.000000 and TNOM = 27.000000

Using SPARSE 1.3 as Direct Linear Solver

Initial Transient Solution
--------------------------

Node                                   Voltage
----                                   -------
vdd                                       1.32
cm                                         0.6
vd                                      -0.048
ap                                       0.576
an                                       0.624
clku                                         0
clk                                          0
ibn                                   0.250664
xa.x1.tmid                         2.13175e-05
xa.x1.tail                            0.604702
xa.x1.np                                  1.32
xa.x1.nn                               1.31999
xa.x1.ln                                  1.32
xa.x1.lp                                  1.32
xa.x1.lnb                          7.58091e-07
xa.x1.lpb                          7.09322e-07
xa.x1.na                               1.29189
doutb                                 0.678079
dout                                  0.672189
xa.x1.nb                               1.29135
doutn                                 0.509234
tcheck                                     125
pa_00                                  250.664
bpa_00#branch                                0
btchk#branch                                 0
bdoutn#branch                                0
bclk#branch                        2.05651e-10
ean#branch                         8.97588e-13
eap#branch                          1.1354e-12
vclku#branch                                 0
vd#branch                                    0
vcm#branch                         2.03298e-12
vsup#branch                       -0.000107161


No. of Data Rows : 12033

  Measurements for Transient Analysis

dlev0               =  1.42765e-06
dlev1               =  9.26856e-07
dlev2               =  2.45697e-06
dlev3               =  1.23043e-06
dlev4               =  1.42004e-06
dlev5               =  9.04232e-07
dlev6               =  9.17302e-07
dlev7               =  1.01834e-06
dlev8               =  7.11106e-07
dlev9               =  2.18227e-06
dlev10              =  6.95032e-07
dlev11              =  6.13958e-07
dlev12              =  5.76071e-07
dlev13              =  5.34326e-07
dlev14              =  5.58248e-07
dlev15              =  5.12952e-07
dlev16              =  4.83362e-07
dlev17              =  2.99189e-07
dlev18              =  9.99999e-01
dlev19              =  9.99999e-01
dlev20              =  9.99999e-01
dlev21              =  9.99999e-01
dlev22              =  9.99999e-01
dlev23              =  9.99999e-01
dlev24              =  9.99999e-01
dlev25              =  9.99999e-01
dlev26              =  9.99999e-01
dlev27              =  1.00000e+00
dlev28              =  9.99999e-01
dlev29              =  9.99999e-01
dlev30              =  9.99999e-01
dlev31              =  9.99999e-01
dlev32              =  9.99999e-01
vdd_meas            =  1.32000e+00
temp_meas           =  1.25000e+02
vbias_mv            =  2.50664e+02
lowcount            =  1.80000e+01
vos_mv              =  4.49998e+00

ngspice-46 done
