
Note: No compatibility mode selected!


Circuit: * klt sim -- generated corner deck, do not edit

Doing analysis at TEMP = -40.000000 and TNOM = 27.000000

Using SPARSE 1.3 as Direct Linear Solver

Initial Transient Solution
--------------------------

Node                                   Voltage
----                                   -------
vdd                                        1.2
cm                                         0.6
vd                                      -0.048
ap                                       0.576
an                                       0.624
clku                                         0
clk                                          0
ibn                                   0.292282
xa.x1.tmid                         1.10338e-07
xa.x1.tail                            0.567364
xa.x1.np                                   1.2
xa.x1.nn                                   1.2
xa.x1.ln                                   1.2
xa.x1.lp                                   1.2
xa.x1.lnb                          2.42197e-08
xa.x1.lpb                          2.32326e-08
xa.x1.na                                   1.2
doutb                                      1.2
dout                               2.30791e-08
xa.x1.nb                                   1.2
doutn                              1.92326e-08
tcheck                                     -40
pa_00                                  292.282
bpa_00#branch                                0
btchk#branch                                 0
bdoutn#branch                                0
bclk#branch                         1.1702e-10
ean#branch                         9.43134e-13
eap#branch                         1.20209e-12
vclku#branch                                 0
vd#branch                                    0
vcm#branch                         2.14523e-12
vsup#branch                       -1.00006e-05


No. of Data Rows : 12109

  Measurements for Transient Analysis

dlev0               =  -5.26698e-07
dlev1               =  -2.37974e-06
dlev2               =  -2.37171e-06
dlev3               =  -2.30800e-06
dlev4               =  -2.60671e-06
dlev5               =  -3.12413e-06
dlev6               =  -3.18327e-06
dlev7               =  -4.07232e-06
dlev8               =  -6.79715e-06
dlev9               =  -7.06008e-06
dlev10              =  -5.94044e-06
dlev11              =  -6.42214e-06
dlev12              =  -1.18693e-06
dlev13              =  -7.51656e-06
dlev14              =  -7.85654e-06
dlev15              =  1.00000e+00
dlev16              =  9.99999e-01
dlev17              =  9.99995e-01
dlev18              =  9.99995e-01
dlev19              =  1.00000e+00
dlev20              =  9.99996e-01
dlev21              =  9.99996e-01
dlev22              =  9.99996e-01
dlev23              =  9.99994e-01
dlev24              =  9.99995e-01
dlev25              =  9.99996e-01
dlev26              =  9.99996e-01
dlev27              =  1.00000e+00
dlev28              =  9.99999e-01
dlev29              =  9.99999e-01
dlev30              =  1.00000e+00
dlev31              =  9.99999e-01
dlev32              =  1.00000e+00
vdd_meas            =  1.20000e+00
temp_meas           =  -4.00000e+01
vbias_mv            =  2.92282e+02
lowcount            =  1.50001e+01
vos_mv              =  -4.49968e+00

ngspice-46 done
