
Note: No compatibility mode selected!


Circuit: * klt sim -- generated corner deck, do not edit

Doing analysis at TEMP = -40.000000 and TNOM = 27.000000

Using SPARSE 1.3 as Direct Linear Solver

Initial Transient Solution
--------------------------

Node                                   Voltage
----                                   -------
vdd                                       1.08
cm                                        0.65
vd                                      -0.048
ap                                       0.626
an                                       0.674
clku                                         0
clk                                          0
ibn                                    0.30019
xa.x1.tmid                         2.20922e-07
xa.x1.tail                            0.607053
xa.x1.np                                  1.08
xa.x1.nn                                  1.08
xa.x1.ln                                  1.08
xa.x1.lp                                  1.08
xa.x1.lnb                          8.06376e-08
xa.x1.lpb                          7.82941e-08
xa.x1.na                                  1.08
doutb                                     1.08
dout                               8.21113e-08
xa.x1.nb                                  1.08
doutn                               7.6029e-08
tcheck                                     -40
pa_00                                   300.19
bpa_00#branch                                0
btchk#branch                                 0
bdoutn#branch                                0
bclk#branch                        4.60266e-10
ean#branch                         7.73742e-13
eap#branch                         1.04042e-12
vclku#branch                                 0
vd#branch                                    0
vcm#branch                         1.81416e-12
vsup#branch                       -2.00017e-05


No. of Data Rows : 12219

  Measurements for Transient Analysis

dlev0               =  8.58302e-06
dlev1               =  7.39652e-06
dlev2               =  7.43690e-06
dlev3               =  6.62467e-06
dlev4               =  3.47352e-06
dlev5               =  4.30373e-06
dlev6               =  5.05048e-06
dlev7               =  6.41504e-06
dlev8               =  8.45942e-06
dlev9               =  8.89723e-06
dlev10              =  7.63869e-06
dlev11              =  4.45086e-06
dlev12              =  1.07644e-05
dlev13              =  8.01780e-06
dlev14              =  8.98708e-06
dlev15              =  1.08656e-05
dlev16              =  4.44139e-06
dlev17              =  9.99996e-01
dlev18              =  1.00000e+00
dlev19              =  1.00000e+00
dlev20              =  1.00000e+00
dlev21              =  1.00000e+00
dlev22              =  1.00000e+00
dlev23              =  1.00000e+00
dlev24              =  1.00000e+00
dlev25              =  1.00000e+00
dlev26              =  1.00000e+00
dlev27              =  1.00000e+00
dlev28              =  1.00000e+00
dlev29              =  1.00000e+00
dlev30              =  1.00000e+00
dlev31              =  1.00000e+00
dlev32              =  1.00000e+00
vdd_meas            =  1.08000e+00
temp_meas           =  -4.00000e+01
vbias_mv            =  3.00190e+02
lowcount            =  1.69998e+01
vos_mv              =  1.49950e+00
vcm_meas            =  6.50000e-01

ngspice-46 done
