
Note: No compatibility mode selected!


Circuit: * klt sim -- generated corner deck, do not edit

Doing analysis at TEMP = 27.000000 and TNOM = 27.000000

Using SPARSE 1.3 as Direct Linear Solver

Initial Transient Solution
--------------------------

Node                                   Voltage
----                                   -------
vdd                                       1.08
cm                                         0.6
vd                                      -0.048
ap                                       0.576
an                                       0.624
clku                                         0
clk                                          0
ibn                                   0.355681
xa.x1.tmid                         9.40344e-08
xa.x1.tail                            0.538537
xa.x1.np                                  1.08
xa.x1.nn                                  1.08
xa.x1.ln                                  1.08
xa.x1.lp                                  1.08
xa.x1.lnb                          1.41549e-08
xa.x1.lpb                          1.42763e-08
xa.x1.na                                  1.08
doutb                                     1.08
dout                               1.53953e-08
xa.x1.nb                                  1.08
doutn                              1.42549e-08
tcheck                                      27
pa_00                                  355.681
bpa_00#branch                                0
btchk#branch                                 0
bdoutn#branch                                0
bclk#branch                        6.54187e-11
ean#branch                         7.21506e-14
eap#branch                         9.70335e-14
vclku#branch                                 0
vd#branch                                    0
vcm#branch                         1.69184e-13
vsup#branch                       -2.00004e-05


No. of Data Rows : 12058

  Measurements for Transient Analysis

dlev0               =  1.37757e-07
dlev1               =  1.30020e-06
dlev2               =  3.92425e-07
dlev3               =  4.52239e-06
dlev4               =  2.09705e-06
dlev5               =  6.97759e-07
dlev6               =  -1.75517e-07
dlev7               =  2.38016e-07
dlev8               =  6.08183e-07
dlev9               =  -1.67165e-07
dlev10              =  6.24811e-07
dlev11              =  7.71827e-07
dlev12              =  5.78194e-07
dlev13              =  6.68710e-08
dlev14              =  9.34573e-07
dlev15              =  7.69530e-07
dlev16              =  3.94014e-07
dlev17              =  1.00000e+00
dlev18              =  1.00000e+00
dlev19              =  1.00000e+00
dlev20              =  1.00000e+00
dlev21              =  1.00000e+00
dlev22              =  1.00000e+00
dlev23              =  1.00000e+00
dlev24              =  1.00000e+00
dlev25              =  1.00000e+00
dlev26              =  1.00000e+00
dlev27              =  9.99999e-01
dlev28              =  1.00000e+00
dlev29              =  1.00000e+00
dlev30              =  1.00000e+00
dlev31              =  1.00000e+00
dlev32              =  1.00000e+00
vdd_meas            =  1.08000e+00
temp_meas           =  2.70000e+01
vbias_mv            =  3.55681e+02
lowcount            =  1.70000e+01
vos_mv              =  1.49990e+00

ngspice-46 done
