
Note: No compatibility mode selected!


Circuit: * klt sim -- generated corner deck, do not edit

Doing analysis at TEMP = -40.000000 and TNOM = 27.000000

Using SPARSE 1.3 as Direct Linear Solver

Initial Transient Solution
--------------------------

Node                                   Voltage
----                                   -------
vdd                                        1.2
cm                                        0.55
vd                                      -0.048
ap                                       0.526
an                                       0.574
clku                                         0
clk                                          0
ibn                                   0.301424
xa.x1.tmid                         2.08921e-07
xa.x1.tail                            0.526327
xa.x1.np                                   1.2
xa.x1.nn                                   1.2
xa.x1.ln                                   1.2
xa.x1.lp                                   1.2
xa.x1.lnb                           9.3469e-08
xa.x1.lpb                          1.04735e-07
xa.x1.na                               1.18393
doutb                                 0.618029
dout                                  0.636938
xa.x1.nb                               1.18153
doutn                                 0.530781
tcheck                                     -40
pa_00                                  301.424
bpa_00#branch                                0
btchk#branch                                 0
bdoutn#branch                                0
bclk#branch                        6.45106e-10
ean#branch                         2.49747e-12
eap#branch                         3.13469e-12
vclku#branch                                 0
vd#branch                                    0
vcm#branch                         5.63216e-12
vsup#branch                       -0.000114105


No. of Data Rows : 12341

  Measurements for Transient Analysis

dlev0               =  -4.87095e-06
dlev1               =  -5.13033e-06
dlev2               =  -5.24769e-06
dlev3               =  -3.68729e-06
dlev4               =  -4.03997e-06
dlev5               =  -6.14183e-06
dlev6               =  -4.94313e-06
dlev7               =  -7.31320e-06
dlev8               =  -5.89796e-06
dlev9               =  -6.07652e-06
dlev10              =  -7.23399e-06
dlev11              =  -6.30460e-06
dlev12              =  -6.87706e-06
dlev13              =  -6.40322e-06
dlev14              =  -6.39127e-06
dlev15              =  -6.05953e-06
dlev16              =  -4.80888e-06
dlev17              =  -4.13385e-06
dlev18              =  9.99999e-01
dlev19              =  9.99997e-01
dlev20              =  9.99997e-01
dlev21              =  9.99996e-01
dlev22              =  9.99997e-01
dlev23              =  9.99996e-01
dlev24              =  9.99996e-01
dlev25              =  9.99997e-01
dlev26              =  9.99997e-01
dlev27              =  9.99997e-01
dlev28              =  9.99996e-01
dlev29              =  9.99997e-01
dlev30              =  9.99996e-01
dlev31              =  9.99996e-01
dlev32              =  9.99996e-01
vdd_meas            =  1.20000e+00
temp_meas           =  -4.00000e+01
vbias_mv            =  3.01424e+02
lowcount            =  1.80002e+01
vos_mv              =  4.50045e+00
vcm_meas            =  5.50000e-01

ngspice-46 done
