
Note: No compatibility mode selected!


Circuit: * klt sim -- generated corner deck, do not edit

Doing analysis at TEMP = 125.000000 and TNOM = 27.000000

Using SPARSE 1.3 as Direct Linear Solver

Initial Transient Solution
--------------------------

Node                                   Voltage
----                                   -------
vdd                                        1.2
cm                                         0.6
vd                                      -0.048
ap                                       0.576
an                                       0.624
clku                                         0
clk                                          0
ibn                                   0.255287
xa.x1.tmid                           3.991e-05
xa.x1.tail                            0.591649
xa.x1.np                               1.19999
xa.x1.nn                               1.19997
xa.x1.ln                                   1.2
xa.x1.lp                                   1.2
xa.x1.lnb                          9.63542e-06
xa.x1.lpb                          8.04838e-06
xa.x1.na                                   1.2
doutb                                      1.2
dout                               1.16175e-05
xa.x1.nb                               1.19999
doutn                              9.68129e-06
tcheck                                     125
pa_00                                  255.287
bpa_00#branch                                0
btchk#branch                                 0
bdoutn#branch                                0
bclk#branch                        8.69245e-10
ean#branch                         1.00822e-12
eap#branch                          1.2963e-12
vclku#branch                                 0
vd#branch                                    0
vcm#branch                         2.30452e-12
vsup#branch                       -1.51118e-05


No. of Data Rows : 12136

  Measurements for Transient Analysis

dlev0               =  1.15728e-05
dlev1               =  9.73117e-06
dlev2               =  9.68323e-06
dlev3               =  9.91792e-06
dlev4               =  1.09445e-05
dlev5               =  1.02759e-05
dlev6               =  9.95559e-06
dlev7               =  1.00181e-05
dlev8               =  1.01115e-05
dlev9               =  1.33546e-05
dlev10              =  1.16701e-05
dlev11              =  1.01729e-05
dlev12              =  1.00787e-05
dlev13              =  9.63908e-06
dlev14              =  1.37790e-05
dlev15              =  1.15400e-05
dlev16              =  9.54429e-06
dlev17              =  1.08413e-05
dlev18              =  9.99999e-01
dlev19              =  9.99998e-01
dlev20              =  9.99998e-01
dlev21              =  9.99998e-01
dlev22              =  9.99999e-01
dlev23              =  9.99999e-01
dlev24              =  9.99999e-01
dlev25              =  9.99998e-01
dlev26              =  9.99998e-01
dlev27              =  9.99999e-01
dlev28              =  9.99998e-01
dlev29              =  9.99998e-01
dlev30              =  9.99998e-01
dlev31              =  9.99998e-01
dlev32              =  9.99998e-01
vdd_meas            =  1.20000e+00
temp_meas           =  1.25000e+02
vbias_mv            =  2.55287e+02
lowcount            =  1.79998e+01
vos_mv              =  4.49949e+00

ngspice-46 done
