
Note: No compatibility mode selected!


Circuit: * klt sim -- generated corner deck, do not edit

Doing analysis at TEMP = 27.000000 and TNOM = 27.000000

Using SPARSE 1.3 as Direct Linear Solver

Initial Transient Solution
--------------------------

Node                                   Voltage
----                                   -------
vdd                                       1.32
cm                                        0.65
vd                                      -0.048
ap                                       0.626
an                                       0.674
clku                                         0
clk                                          0
ibn                                   0.260421
xa.x1.tmid                         7.25981e-06
xa.x1.tail                            0.623528
xa.x1.np                                  1.32
xa.x1.nn                               1.31999
xa.x1.ln                                  1.32
xa.x1.lp                                  1.32
xa.x1.lnb                          8.04618e-07
xa.x1.lpb                          6.99219e-07
xa.x1.na                                  1.32
doutb                                     1.32
dout                               7.14579e-07
xa.x1.nb                                  1.32
doutn                              5.41348e-07
tcheck                                      27
pa_00                                  260.421
bpa_00#branch                                0
btchk#branch                                 0
bdoutn#branch                                0
bclk#branch                        1.38134e-09
ean#branch                         5.64943e-12
eap#branch                          7.0601e-12
vclku#branch                                 0
vd#branch                                    0
vcm#branch                         1.27095e-11
vsup#branch                       -2.00238e-05


No. of Data Rows : 12320

  Measurements for Transient Analysis

dlev0               =  1.08610e-06
dlev1               =  3.89891e-06
dlev2               =  1.58851e-06
dlev3               =  -2.08919e-06
dlev4               =  -1.97636e-07
dlev5               =  -1.94804e-06
dlev6               =  2.64899e-06
dlev7               =  -1.34962e-06
dlev8               =  2.98706e-06
dlev9               =  -2.23790e-06
dlev10              =  -1.51018e-06
dlev11              =  3.50179e-07
dlev12              =  2.15611e-07
dlev13              =  1.42360e-06
dlev14              =  -1.94879e-06
dlev15              =  4.32599e-06
dlev16              =  1.00000e+00
dlev17              =  1.00000e+00
dlev18              =  9.99998e-01
dlev19              =  9.99998e-01
dlev20              =  9.99998e-01
dlev21              =  9.99997e-01
dlev22              =  9.99997e-01
dlev23              =  9.99999e-01
dlev24              =  9.99999e-01
dlev25              =  9.99999e-01
dlev26              =  9.99999e-01
dlev27              =  9.99998e-01
dlev28              =  1.00000e+00
dlev29              =  9.99999e-01
dlev30              =  1.00000e+00
dlev31              =  9.99998e-01
dlev32              =  9.99998e-01
vdd_meas            =  1.32000e+00
temp_meas           =  2.70000e+01
vbias_mv            =  2.60421e+02
lowcount            =  1.60000e+01
vos_mv              =  -1.49997e+00
vcm_meas            =  6.50000e-01

ngspice-46 done
