
Note: No compatibility mode selected!


Circuit: * klt sim -- generated corner deck, do not edit

Doing analysis at TEMP = 125.000000 and TNOM = 27.000000

Using SPARSE 1.3 as Direct Linear Solver

Initial Transient Solution
--------------------------

Node                                   Voltage
----                                   -------
vdd                                       1.32
cm                                         0.6
vd                                      -0.048
ap                                       0.576
an                                       0.624
clku                                         0
clk                                          0
ibn                                    0.25414
xa.x1.tmid                         4.72583e-05
xa.x1.tail                            0.590136
xa.x1.np                               1.31999
xa.x1.nn                               1.31997
xa.x1.ln                                  1.32
xa.x1.lp                                  1.32
xa.x1.lnb                          8.48228e-06
xa.x1.lpb                          8.20366e-06
xa.x1.na                               1.28167
doutb                                  0.71079
dout                                  0.712787
xa.x1.nb                               1.28429
doutn                                 0.539991
tcheck                                     125
pa_00                                   254.14
bpa_00#branch                                0
btchk#branch                                 0
bdoutn#branch                                0
bclk#branch                        1.21459e-09
ean#branch                         1.83875e-12
eap#branch                         2.31412e-12
vclku#branch                                 0
vd#branch                                    0
vcm#branch                         4.15287e-12
vsup#branch                       -0.000179017


No. of Data Rows : 12186

  Measurements for Transient Analysis

dlev0               =  1.53306e-06
dlev1               =  8.75423e-06
dlev2               =  2.16519e-06
dlev3               =  2.16349e-06
dlev4               =  2.26700e-06
dlev5               =  2.39528e-06
dlev6               =  9.49531e-06
dlev7               =  8.92576e-06
dlev8               =  7.77289e-06
dlev9               =  8.48645e-06
dlev10              =  6.97824e-06
dlev11              =  9.30570e-06
dlev12              =  4.71931e-08
dlev13              =  8.45360e-06
dlev14              =  7.39828e-06
dlev15              =  8.74407e-06
dlev16              =  7.81989e-06
dlev17              =  9.99997e-01
dlev18              =  9.99998e-01
dlev19              =  9.99997e-01
dlev20              =  9.99999e-01
dlev21              =  9.99999e-01
dlev22              =  9.99998e-01
dlev23              =  9.99998e-01
dlev24              =  9.99999e-01
dlev25              =  9.99998e-01
dlev26              =  9.99998e-01
dlev27              =  9.99999e-01
dlev28              =  9.99997e-01
dlev29              =  9.99999e-01
dlev30              =  9.99999e-01
dlev31              =  9.99999e-01
dlev32              =  9.99998e-01
vdd_meas            =  1.32000e+00
temp_meas           =  1.25000e+02
vbias_mv            =  2.54140e+02
lowcount            =  1.69999e+01
vos_mv              =  1.49978e+00

ngspice-46 done
