
Note: No compatibility mode selected!


Circuit: * klt sim -- generated corner deck, do not edit

Doing analysis at TEMP = 125.000000 and TNOM = 27.000000

Using SPARSE 1.3 as Direct Linear Solver

Initial Transient Solution
--------------------------

Node                                   Voltage
----                                   -------
vdd                                       1.32
cm                                         0.6
vd                                      -0.048
ap                                       0.576
an                                       0.624
clku                                         0
clk                                          0
ibn                                   0.299555
xa.x1.tmid                         1.32668e-05
xa.x1.tail                            0.601087
xa.x1.np                                  1.32
xa.x1.nn                               1.31999
xa.x1.ln                                  1.32
xa.x1.lp                                  1.32
xa.x1.lnb                          7.21448e-07
xa.x1.lpb                          7.23902e-07
xa.x1.na                                  1.32
doutb                                     1.32
dout                               1.00876e-06
xa.x1.nb                                  1.32
doutn                              7.64215e-07
tcheck                                     125
pa_00                                  299.555
bpa_00#branch                                0
btchk#branch                                 0
bdoutn#branch                                0
bclk#branch                        2.04491e-10
ean#branch                         8.97726e-13
eap#branch                         1.13404e-12
vclku#branch                                 0
vd#branch                                    0
vcm#branch                         2.03176e-12
vsup#branch                       -2.00284e-05


No. of Data Rows : 12204

  Measurements for Transient Analysis

dlev0               =  3.79807e-07
dlev1               =  1.36117e-06
dlev2               =  1.41265e-06
dlev3               =  1.54042e-06
dlev4               =  2.04810e-06
dlev5               =  5.64240e-07
dlev6               =  1.14277e-06
dlev7               =  7.21014e-07
dlev8               =  8.29020e-07
dlev9               =  8.72126e-07
dlev10              =  8.54899e-07
dlev11              =  8.32702e-07
dlev12              =  8.39795e-07
dlev13              =  9.86478e-07
dlev14              =  1.28238e-06
dlev15              =  9.64621e-07
dlev16              =  7.20563e-07
dlev17              =  9.99998e-01
dlev18              =  9.99999e-01
dlev19              =  9.99999e-01
dlev20              =  9.99999e-01
dlev21              =  9.99999e-01
dlev22              =  1.00000e+00
dlev23              =  9.99999e-01
dlev24              =  9.99999e-01
dlev25              =  9.99999e-01
dlev26              =  1.00000e+00
dlev27              =  9.99999e-01
dlev28              =  9.99999e-01
dlev29              =  1.00000e+00
dlev30              =  1.00000e+00
dlev31              =  1.00000e+00
dlev32              =  9.99999e-01
vdd_meas            =  1.32000e+00
temp_meas           =  1.25000e+02
vbias_mv            =  2.99555e+02
lowcount            =  1.70000e+01
vos_mv              =  1.49998e+00

ngspice-46 done
