
Note: No compatibility mode selected!


Circuit: * klt sim -- generated corner deck, do not edit

Doing analysis at TEMP = 125.000000 and TNOM = 27.000000

Using SPARSE 1.3 as Direct Linear Solver

Initial Transient Solution
--------------------------

Node                                   Voltage
----                                   -------
vdd                                       1.08
cm                                         0.6
vd                                      -0.048
ap                                       0.576
an                                       0.624
clku                                         0
clk                                          0
ibn                                   0.250466
xa.x1.tmid                           8.689e-05
xa.x1.tail                            0.533822
xa.x1.np                               1.07997
xa.x1.nn                               1.07992
xa.x1.ln                                  1.08
xa.x1.lp                                  1.08
xa.x1.lnb                          4.12041e-06
xa.x1.lpb                          3.70235e-06
xa.x1.na                               1.06047
doutb                                  0.56232
dout                                  0.562732
xa.x1.nb                               1.06047
doutn                                 0.521048
tcheck                                     125
pa_00                                  250.466
bpa_00#branch                                0
btchk#branch                                 0
bdoutn#branch                                0
bclk#branch                        3.33112e-10
ean#branch                         5.35127e-13
eap#branch                         7.15067e-13
vclku#branch                                 0
vd#branch                                    0
vcm#branch                         1.25019e-12
vsup#branch                       -8.24281e-05


No. of Data Rows : 11983

  Measurements for Transient Analysis

dlev0               =  4.72835e-06
dlev1               =  4.77840e-06
dlev2               =  4.47827e-06
dlev3               =  4.48960e-06
dlev4               =  4.48633e-06
dlev5               =  4.81095e-06
dlev6               =  4.80928e-06
dlev7               =  4.11960e-06
dlev8               =  4.70070e-06
dlev9               =  4.71140e-06
dlev10              =  5.04448e-06
dlev11              =  4.73557e-06
dlev12              =  4.73950e-06
dlev13              =  9.99994e-01
dlev14              =  9.99995e-01
dlev15              =  9.99995e-01
dlev16              =  9.99995e-01
dlev17              =  9.99995e-01
dlev18              =  9.99995e-01
dlev19              =  9.99994e-01
dlev20              =  9.99994e-01
dlev21              =  9.99995e-01
dlev22              =  9.99994e-01
dlev23              =  9.99994e-01
dlev24              =  9.99995e-01
dlev25              =  9.99995e-01
dlev26              =  9.99995e-01
dlev27              =  9.99994e-01
dlev28              =  9.99995e-01
dlev29              =  9.99995e-01
dlev30              =  9.99995e-01
dlev31              =  9.99995e-01
dlev32              =  9.99994e-01
vdd_meas            =  1.08000e+00
temp_meas           =  1.25000e+02
vbias_mv            =  2.50466e+02
lowcount            =  1.30000e+01
vos_mv              =  -1.04999e+01

ngspice-46 done
