
Note: No compatibility mode selected!


Circuit: * klt sim -- generated corner deck, do not edit

Doing analysis at TEMP = -40.000000 and TNOM = 27.000000

Using SPARSE 1.3 as Direct Linear Solver

Initial Transient Solution
--------------------------

Node                                   Voltage
----                                   -------
vdd                                        1.2
cm                                         0.6
vd                                      -0.048
ap                                       0.576
an                                       0.624
clku                                         0
clk                                          0
ibn                                   0.300586
xa.x1.tmid                         2.15035e-07
xa.x1.tail                            0.568744
xa.x1.np                                   1.2
xa.x1.nn                                   1.2
xa.x1.ln                                   1.2
xa.x1.lp                                   1.2
xa.x1.lnb                          9.47872e-08
xa.x1.lpb                          9.40646e-08
xa.x1.na                               1.18158
doutb                                 0.620345
dout                                  0.631467
xa.x1.nb                               1.18192
doutn                                 0.526222
tcheck                                     -40
pa_00                                  300.586
bpa_00#branch                                0
btchk#branch                                 0
bdoutn#branch                                0
bclk#branch                        6.44485e-10
ean#branch                         1.95996e-12
eap#branch                         2.48426e-12
vclku#branch                                 0
vd#branch                                    0
vcm#branch                         4.44422e-12
vsup#branch                       -0.000116264


No. of Data Rows : 12331

  Measurements for Transient Analysis

dlev0               =  -2.68207e-06
dlev1               =  -2.98133e-06
dlev2               =  1.04519e-06
dlev3               =  1.04068e-06
dlev4               =  -4.76373e-06
dlev5               =  1.12022e-06
dlev6               =  -2.14428e-06
dlev7               =  -4.66846e-06
dlev8               =  -4.68311e-06
dlev9               =  -4.51017e-06
dlev10              =  3.37713e-07
dlev11              =  -4.29730e-06
dlev12              =  -3.06785e-06
dlev13              =  -4.88700e-06
dlev14              =  -4.83558e-06
dlev15              =  -3.17947e-06
dlev16              =  8.21343e-07
dlev17              =  -3.38741e-06
dlev18              =  9.99999e-01
dlev19              =  9.99997e-01
dlev20              =  9.99998e-01
dlev21              =  9.99998e-01
dlev22              =  9.99998e-01
dlev23              =  9.99998e-01
dlev24              =  9.99998e-01
dlev25              =  9.99999e-01
dlev26              =  9.99997e-01
dlev27              =  9.99999e-01
dlev28              =  9.99998e-01
dlev29              =  9.99998e-01
dlev30              =  9.99997e-01
dlev31              =  9.99998e-01
dlev32              =  9.99999e-01
vdd_meas            =  1.20000e+00
temp_meas           =  -4.00000e+01
vbias_mv            =  3.00586e+02
lowcount            =  1.80001e+01
vos_mv              =  4.50022e+00

ngspice-46 done
