
Note: No compatibility mode selected!


Circuit: * klt sim -- generated corner deck, do not edit

Doing analysis at TEMP = 27.000000 and TNOM = 27.000000

Using SPARSE 1.3 as Direct Linear Solver

Initial Transient Solution
--------------------------

Node                                   Voltage
----                                   -------
vdd                                        1.2
cm                                         0.6
vd                                      -0.048
ap                                       0.576
an                                       0.624
clku                                         0
clk                                          0
ibn                                    0.22908
xa.x1.tmid                         1.09218e-05
xa.x1.tail                            0.575058
xa.x1.np                                   1.2
xa.x1.nn                               1.19999
xa.x1.ln                                   1.2
xa.x1.lp                                   1.2
xa.x1.lnb                          6.57187e-07
xa.x1.lpb                          7.30957e-07
xa.x1.na                               1.17428
doutb                                 0.618764
dout                                  0.611625
xa.x1.nb                               1.17314
doutn                                 0.509688
tcheck                                      27
pa_00                                   229.08
bpa_00#branch                                0
btchk#branch                                 0
bdoutn#branch                                0
bclk#branch                        9.94189e-10
ean#branch                         4.03969e-12
eap#branch                         5.12446e-12
vclku#branch                                 0
vd#branch                                    0
vcm#branch                         9.16414e-12
vsup#branch                       -0.000140351


No. of Data Rows : 12164

  Measurements for Transient Analysis

dlev0               =  -9.55511e-07
dlev1               =  -3.90396e-06
dlev2               =  -1.56338e-06
dlev3               =  -3.90495e-06
dlev4               =  1.07760e-06
dlev5               =  5.27473e-07
dlev6               =  6.96206e-08
dlev7               =  -1.52427e-07
dlev8               =  -9.13688e-07
dlev9               =  -2.31447e-06
dlev10              =  -1.93487e-06
dlev11              =  -7.34496e-06
dlev12              =  4.40900e-07
dlev13              =  -3.17234e-06
dlev14              =  -2.58695e-06
dlev15              =  1.00000e+00
dlev16              =  9.99997e-01
dlev17              =  9.99998e-01
dlev18              =  9.99996e-01
dlev19              =  9.99997e-01
dlev20              =  9.99997e-01
dlev21              =  9.99997e-01
dlev22              =  9.99999e-01
dlev23              =  9.99999e-01
dlev24              =  9.99999e-01
dlev25              =  9.99999e-01
dlev26              =  9.99998e-01
dlev27              =  9.99997e-01
dlev28              =  9.99997e-01
dlev29              =  9.99998e-01
dlev30              =  9.99997e-01
dlev31              =  9.99999e-01
dlev32              =  9.99999e-01
vdd_meas            =  1.20000e+00
temp_meas           =  2.70000e+01
vbias_mv            =  2.29080e+02
lowcount            =  1.50001e+01
vos_mv              =  -4.49981e+00

ngspice-46 done
