
Note: No compatibility mode selected!


Circuit: * klt sim -- generated corner deck, do not edit

Doing analysis at TEMP = -40.000000 and TNOM = 27.000000

Using SPARSE 1.3 as Direct Linear Solver

Initial Transient Solution
--------------------------

Node                                   Voltage
----                                   -------
vdd                                       1.32
cm                                         0.6
vd                                      -0.048
ap                                       0.576
an                                       0.624
clku                                         0
clk                                          0
ibn                                   0.321549
xa.x1.tmid                         7.56721e-08
xa.x1.tail                            0.553518
xa.x1.np                                  1.32
xa.x1.nn                                  1.32
xa.x1.ln                                  1.32
xa.x1.lp                                  1.32
xa.x1.lnb                          3.20052e-08
xa.x1.lpb                          3.54054e-08
xa.x1.na                                  1.32
doutb                              3.44642e-08
dout                                      1.32
xa.x1.nb                                  1.32
doutn                                        1
tcheck                                     -40
pa_00                                  321.549
bpa_00#branch                                0
btchk#branch                                 0
bdoutn#branch                                0
bclk#branch                        1.62528e-10
ean#branch                         1.12135e-12
eap#branch                         1.39901e-12
vclku#branch                                 0
vd#branch                                    0
vcm#branch                         2.52036e-12
vsup#branch                       -2.00008e-05


No. of Data Rows : 12343

  Measurements for Transient Analysis

dlev0               =  2.97617e-08
dlev1               =  -2.05789e-06
dlev2               =  -6.69422e-07
dlev3               =  -7.25243e-06
dlev4               =  -7.28603e-06
dlev5               =  -7.92928e-06
dlev6               =  -7.83145e-06
dlev7               =  -6.52278e-06
dlev8               =  -3.90020e-06
dlev9               =  -7.15099e-06
dlev10              =  -3.74861e-06
dlev11              =  -9.93526e-07
dlev12              =  -2.12469e-06
dlev13              =  -6.87212e-06
dlev14              =  -7.54109e-06
dlev15              =  -7.42226e-06
dlev16              =  1.00000e+00
dlev17              =  9.99998e-01
dlev18              =  9.99997e-01
dlev19              =  9.99997e-01
dlev20              =  9.99997e-01
dlev21              =  9.99997e-01
dlev22              =  9.99997e-01
dlev23              =  9.99996e-01
dlev24              =  9.99997e-01
dlev25              =  9.99997e-01
dlev26              =  9.99997e-01
dlev27              =  9.99997e-01
dlev28              =  1.00000e+00
dlev29              =  1.00000e+00
dlev30              =  1.00000e+00
dlev31              =  9.99999e-01
dlev32              =  9.99999e-01
vdd_meas            =  1.32000e+00
temp_meas           =  -4.00000e+01
vbias_mv            =  3.21549e+02
lowcount            =  1.60001e+01
vos_mv              =  -1.49966e+00

ngspice-46 done
