
Note: No compatibility mode selected!


Circuit: * klt sim -- generated corner deck, do not edit

Doing analysis at TEMP = 27.000000 and TNOM = 27.000000

Using SPARSE 1.3 as Direct Linear Solver

Initial Transient Solution
--------------------------

Node                                   Voltage
----                                   -------
vdd                                        1.2
cm                                        0.55
vd                                      -0.048
ap                                       0.526
an                                       0.574
clku                                         0
clk                                          0
ibn                                   0.309918
xa.x1.tmid                         1.26877e-06
xa.x1.tail                            0.533356
xa.x1.np                                   1.2
xa.x1.nn                                   1.2
xa.x1.ln                                   1.2
xa.x1.lp                                   1.2
xa.x1.lnb                          9.45668e-08
xa.x1.lpb                          9.39908e-08
xa.x1.na                                   1.2
doutb                              1.10272e-07
dout                                       1.2
xa.x1.nb                                   1.2
doutn                                        1
tcheck                                      27
pa_00                                  309.918
bpa_00#branch                                0
btchk#branch                                 0
bdoutn#branch                                0
bclk#branch                        3.09836e-10
ean#branch                         1.20751e-12
eap#branch                          1.5295e-12
vclku#branch                                 0
vd#branch                                    0
vcm#branch                         2.73701e-12
vsup#branch                        -2.0004e-05


No. of Data Rows : 12226

  Measurements for Transient Analysis

dlev0               =  -9.60678e-07
dlev1               =  1.96284e-06
dlev2               =  8.74686e-07
dlev3               =  -1.62543e-06
dlev4               =  -2.02948e-06
dlev5               =  -8.89132e-07
dlev6               =  -1.40181e-07
dlev7               =  2.10984e-06
dlev8               =  1.98861e-06
dlev9               =  2.15052e-06
dlev10              =  1.94477e-06
dlev11              =  -2.11091e-07
dlev12              =  -8.70292e-07
dlev13              =  -2.17115e-07
dlev14              =  -1.84545e-06
dlev15              =  -9.30435e-07
dlev16              =  9.99998e-01
dlev17              =  1.00000e+00
dlev18              =  1.00000e+00
dlev19              =  1.00000e+00
dlev20              =  1.00000e+00
dlev21              =  1.00000e+00
dlev22              =  1.00000e+00
dlev23              =  1.00000e+00
dlev24              =  1.00000e+00
dlev25              =  9.99999e-01
dlev26              =  9.99999e-01
dlev27              =  9.99999e-01
dlev28              =  9.99999e-01
dlev29              =  1.00000e+00
dlev30              =  1.00000e+00
dlev31              =  1.00000e+00
dlev32              =  1.00000e+00
vdd_meas            =  1.20000e+00
temp_meas           =  2.70000e+01
vbias_mv            =  3.09918e+02
lowcount            =  1.60000e+01
vos_mv              =  -1.50001e+00
vcm_meas            =  5.50000e-01

ngspice-46 done
