
Note: No compatibility mode selected!


Circuit: * klt sim -- generated corner deck, do not edit

Doing analysis at TEMP = -40.000000 and TNOM = 27.000000

Using SPARSE 1.3 as Direct Linear Solver

Initial Transient Solution
--------------------------

Node                                   Voltage
----                                   -------
vdd                                       1.08
cm                                        0.55
vd                                      -0.048
ap                                       0.526
an                                       0.574
clku                                         0
clk                                          0
ibn                                   0.323981
xa.x1.tmid                          6.3026e-08
xa.x1.tail                            0.522503
xa.x1.np                                  1.08
xa.x1.nn                                  1.08
xa.x1.ln                                  1.08
xa.x1.lp                                  1.08
xa.x1.lnb                          1.71174e-08
xa.x1.lpb                          1.73977e-08
xa.x1.na                               1.07316
doutb                                 0.529281
dout                                  0.518054
xa.x1.nb                               1.07384
doutn                                  0.47968
tcheck                                     -40
pa_00                                  323.981
bpa_00#branch                                0
btchk#branch                                 0
bdoutn#branch                                0
bclk#branch                        8.17554e-11
ean#branch                         6.54587e-13
eap#branch                         8.49293e-13
vclku#branch                                 0
vd#branch                                    0
vcm#branch                         1.50388e-12
vsup#branch                       -4.25583e-05


No. of Data Rows : 12152

  Measurements for Transient Analysis

dlev0               =  3.51983e-06
dlev1               =  1.77200e-06
dlev2               =  1.82833e-06
dlev3               =  1.86514e-06
dlev4               =  2.92525e-07
dlev5               =  4.08970e-06
dlev6               =  3.97296e-06
dlev7               =  4.06570e-06
dlev8               =  -4.27338e-06
dlev9               =  5.30011e-06
dlev10              =  5.72936e-06
dlev11              =  3.75028e-06
dlev12              =  7.78559e-06
dlev13              =  8.40184e-06
dlev14              =  8.78799e-06
dlev15              =  1.06132e-05
dlev16              =  1.00000e+00
dlev17              =  1.00000e+00
dlev18              =  1.00000e+00
dlev19              =  1.00000e+00
dlev20              =  1.00000e+00
dlev21              =  9.99999e-01
dlev22              =  1.00000e+00
dlev23              =  1.00000e+00
dlev24              =  1.00000e+00
dlev25              =  1.00000e+00
dlev26              =  1.00000e+00
dlev27              =  1.00000e+00
dlev28              =  1.00000e+00
dlev29              =  1.00000e+00
dlev30              =  1.00000e+00
dlev31              =  1.00000e+00
dlev32              =  1.00000e+00
vdd_meas            =  1.08000e+00
temp_meas           =  -4.00000e+01
vbias_mv            =  3.23981e+02
lowcount            =  1.59999e+01
vos_mv              =  -1.50024e+00
vcm_meas            =  5.50000e-01

ngspice-46 done
