
Note: No compatibility mode selected!


Circuit: * klt sim -- generated corner deck, do not edit

Doing analysis at TEMP = 125.000000 and TNOM = 27.000000

Using SPARSE 1.3 as Direct Linear Solver

Initial Transient Solution
--------------------------

Node                                   Voltage
----                                   -------
vdd                                       1.08
cm                                        0.65
vd                                      -0.048
ap                                       0.626
an                                       0.674
clku                                         0
clk                                          0
ibn                                   0.248192
xa.x1.tmid                         9.88211e-05
xa.x1.tail                            0.617458
xa.x1.np                               1.07997
xa.x1.nn                                1.0799
xa.x1.ln                                  1.08
xa.x1.lp                                  1.08
xa.x1.lnb                            3.963e-06
xa.x1.lpb                           4.1005e-06
xa.x1.na                                  1.08
doutb                                  1.07999
dout                                6.6149e-06
xa.x1.nb                               1.07999
doutn                               6.1249e-06
tcheck                                     125
pa_00                                  248.192
bpa_00#branch                                0
btchk#branch                                 0
bdoutn#branch                                0
bclk#branch                        3.38864e-10
ean#branch                         7.99444e-13
eap#branch                         1.08796e-12
vclku#branch                                 0
vd#branch                                    0
vcm#branch                         1.88741e-12
vsup#branch                       -2.01937e-05


No. of Data Rows : 12066

  Measurements for Transient Analysis

dlev0               =  4.65233e-06
dlev1               =  4.56621e-06
dlev2               =  4.68314e-06
dlev3               =  6.96172e-06
dlev4               =  4.68767e-06
dlev5               =  6.44727e-06
dlev6               =  6.16029e-06
dlev7               =  4.94487e-06
dlev8               =  4.88239e-06
dlev9               =  4.44248e-06
dlev10              =  5.04410e-06
dlev11              =  4.51307e-06
dlev12              =  5.09040e-06
dlev13              =  7.36370e-06
dlev14              =  6.12467e-06
dlev15              =  7.23144e-06
dlev16              =  7.00343e-06
dlev17              =  4.98599e-06
dlev18              =  5.60436e-06
dlev19              =  5.29223e-06
dlev20              =  9.99994e-01
dlev21              =  9.99994e-01
dlev22              =  9.99994e-01
dlev23              =  9.99994e-01
dlev24              =  9.99994e-01
dlev25              =  9.99995e-01
dlev26              =  9.99994e-01
dlev27              =  9.99994e-01
dlev28              =  9.99994e-01
dlev29              =  9.99994e-01
dlev30              =  9.99994e-01
dlev31              =  9.99995e-01
dlev32              =  9.99994e-01
vdd_meas            =  1.08000e+00
temp_meas           =  1.25000e+02
vbias_mv            =  2.48192e+02
lowcount            =  2.00000e+01
vos_mv              =  1.04999e+01
vcm_meas            =  6.50000e-01

ngspice-46 done
