
Note: No compatibility mode selected!


Circuit: * klt sim -- generated corner deck, do not edit

Doing analysis at TEMP = 125.000000 and TNOM = 27.000000

Using SPARSE 1.3 as Direct Linear Solver

Initial Transient Solution
--------------------------

Node                                   Voltage
----                                   -------
vdd                                       1.08
cm                                         0.6
vd                                      -0.048
ap                                       0.576
an                                       0.624
clku                                         0
clk                                          0
ibn                                   0.230945
xa.x1.tmid                         0.000105569
xa.x1.tail                            0.577859
xa.x1.np                               1.07997
xa.x1.nn                                1.0799
xa.x1.ln                                  1.08
xa.x1.lp                                  1.08
xa.x1.lnb                          4.11444e-06
xa.x1.lpb                          4.28363e-06
xa.x1.na                               1.07999
doutb                              6.01021e-06
dout                                   1.07999
xa.x1.nb                                  1.08
doutn                                 0.999993
tcheck                                     125
pa_00                                  230.945
bpa_00#branch                                0
btchk#branch                                 0
bdoutn#branch                                0
bclk#branch                        3.36568e-10
ean#branch                         1.08752e-12
eap#branch                         1.44171e-12
vclku#branch                                 0
vd#branch                                    0
vcm#branch                         2.52923e-12
vsup#branch                       -1.51798e-05


No. of Data Rows : 12057

  Measurements for Transient Analysis

dlev0               =  4.94592e-06
dlev1               =  4.36931e-06
dlev2               =  4.09208e-06
dlev3               =  4.13903e-06
dlev4               =  4.92890e-06
dlev5               =  4.26536e-06
dlev6               =  4.98244e-06
dlev7               =  5.00984e-06
dlev8               =  5.03227e-06
dlev9               =  5.06054e-06
dlev10              =  4.88780e-06
dlev11              =  6.97395e-06
dlev12              =  4.92287e-06
dlev13              =  5.04339e-06
dlev14              =  6.99945e-06
dlev15              =  5.92486e-06
dlev16              =  5.18716e-06
dlev17              =  5.58763e-06
dlev18              =  9.99994e-01
dlev19              =  9.99993e-01
dlev20              =  9.99993e-01
dlev21              =  9.99993e-01
dlev22              =  9.99994e-01
dlev23              =  9.99993e-01
dlev24              =  9.99993e-01
dlev25              =  9.99993e-01
dlev26              =  9.99993e-01
dlev27              =  9.99993e-01
dlev28              =  9.99993e-01
dlev29              =  9.99993e-01
dlev30              =  9.99993e-01
dlev31              =  9.99993e-01
dlev32              =  9.99993e-01
vdd_meas            =  1.08000e+00
temp_meas           =  1.25000e+02
vbias_mv            =  2.30945e+02
lowcount            =  1.80000e+01
vos_mv              =  4.50003e+00

ngspice-46 done
