
Note: No compatibility mode selected!


Circuit: * klt sim -- generated corner deck, do not edit

Doing analysis at TEMP = 27.000000 and TNOM = 27.000000

Using SPARSE 1.3 as Direct Linear Solver

Initial Transient Solution
--------------------------

Node                                   Voltage
----                                   -------
vdd                                       1.08
cm                                         0.6
vd                                      -0.048
ap                                       0.576
an                                       0.624
clku                                         0
clk                                          0
ibn                                   0.264152
xa.x1.tmid                         7.98658e-06
xa.x1.tail                            0.566959
xa.x1.np                                  1.08
xa.x1.nn                               1.07999
xa.x1.ln                                  1.08
xa.x1.lp                                  1.08
xa.x1.lnb                          6.90602e-07
xa.x1.lpb                          5.89813e-07
xa.x1.na                                  1.08
doutb                               7.5952e-07
dout                                      1.08
xa.x1.nb                                  1.08
doutn                                 0.999999
tcheck                                      27
pa_00                                  264.152
bpa_00#branch                                0
btchk#branch                                 0
bdoutn#branch                                0
bclk#branch                        7.00264e-10
ean#branch                         2.15269e-12
eap#branch                          2.8246e-12
vclku#branch                                 0
vd#branch                                    0
vcm#branch                          4.9773e-12
vsup#branch                       -2.00234e-05


No. of Data Rows : 12197

  Measurements for Transient Analysis

dlev0               =  5.57406e-06
dlev1               =  1.29659e-06
dlev2               =  3.74323e-06
dlev3               =  8.47591e-07
dlev4               =  6.21973e-06
dlev5               =  3.84881e-06
dlev6               =  4.63026e-06
dlev7               =  6.45496e-06
dlev8               =  2.87951e-06
dlev9               =  3.59291e-06
dlev10              =  2.57365e-06
dlev11              =  3.47829e-06
dlev12              =  2.81884e-06
dlev13              =  1.14650e-06
dlev14              =  8.80375e-07
dlev15              =  6.70071e-06
dlev16              =  9.99999e-01
dlev17              =  9.99999e-01
dlev18              =  9.99999e-01
dlev19              =  1.00000e+00
dlev20              =  1.00000e+00
dlev21              =  1.00000e+00
dlev22              =  1.00000e+00
dlev23              =  1.00000e+00
dlev24              =  1.00000e+00
dlev25              =  1.00000e+00
dlev26              =  9.99999e-01
dlev27              =  9.99999e-01
dlev28              =  1.00000e+00
dlev29              =  1.00000e+00
dlev30              =  1.00000e+00
dlev31              =  9.99999e-01
dlev32              =  9.99999e-01
vdd_meas            =  1.08000e+00
temp_meas           =  2.70000e+01
vbias_mv            =  2.64152e+02
lowcount            =  1.59999e+01
vos_mv              =  -1.50020e+00

ngspice-46 done
