
Note: No compatibility mode selected!


Circuit: * comparator-regeneration @ sf_27c_1.20v -- generated by sim/harness, do not edit

Doing analysis at TEMP = 27.000000 and TNOM = 27.000000

Using SPARSE 1.3 as Direct Linear Solver

Initial Transient Solution
--------------------------

Node                                   Voltage
----                                   -------
vdd                                        1.2
vdda                                       1.2
clk                                          0
cm                                         0.6
sa                                       -0.05
apa                                      0.575
ana                                      0.625
ibna                                  0.331914
xa.x1.tmid                         3.62541e-07
xa.x1.tail                            0.588843
xa.x1.np                                   1.2
xa.x1.nn                                   1.2
xa.x1.ln                                   1.2
xa.x1.lp                                   1.2
xa.x1.lnb                          2.25305e-07
xa.x1.lpb                          2.25305e-07
xa.x1.na                               1.18327
doutba                                0.647445
douta                                 0.647445
xa.x1.nb                               1.18327
sb                                      -0.001
apb                                     0.5995
anb                                     0.6005
ibnb                                  0.331914
xb.x1.tmid                         3.59487e-07
xb.x1.tail                            0.581032
xb.x1.np                                   1.2
xb.x1.nn                                   1.2
xb.x1.ln                                   1.2
xb.x1.lp                                   1.2
xb.x1.lnb                          2.25305e-07
xb.x1.lpb                          2.25305e-07
xb.x1.na                               1.18327
doutbb                                0.647445
doutb                                 0.647445
xb.x1.nb                               1.18327
sc                                     -0.0001
apc                                    0.59995
anc                                    0.60005
ibnc                                  0.331914
xc.x1.tmid                         3.59485e-07
xc.x1.tail                            0.581029
xc.x1.np                                   1.2
xc.x1.nn                                   1.2
xc.x1.ln                                   1.2
xc.x1.lp                                   1.2
xc.x1.lnb                          2.25305e-07
xc.x1.lpb                          2.25305e-07
xc.x1.na                               1.18327
doutbc                                0.647445
doutc                                 0.647445
xc.x1.nb                               1.18327
clkn                                         0
dan                                   0.539537
dbn                                   0.539537
dcn                                   0.539537
bdcn#branch                                  0
bdbn#branch                                  0
bdan#branch                                  0
bclkn#branch                                 0
eanc#branch                        5.12479e-13
eapc#branch                        5.12757e-13
eanb#branch                        5.11285e-13
eapb#branch                        5.14006e-13
eana#branch                        4.49141e-13
eapa#branch                        5.83977e-13
vsc#branch                                   0
vsb#branch                                   0
vsa#branch                                   0
vcm#branch                         3.08364e-12
vclk#branch                        1.65587e-09
vsupa#branch                      -9.36026e-05
vsup#branch                       -0.000187205

 Reference value :  0.00000e+00
 Reference value :  1.39140e-09
 Reference value :  3.13640e-09
 Reference value :  4.66140e-09
 Reference value :  6.35640e-09
 Reference value :  7.94140e-09
 Reference value :  9.54140e-09
 Reference value :  1.07915e-08
 Reference value :  1.19365e-08
 Reference value :  1.34915e-08
 Reference value :  1.52365e-08
 Reference value :  1.68715e-08
 Reference value :  1.84715e-08
 Reference value :  2.00425e-08
 Reference value :  2.10675e-08
 Reference value :  2.21725e-08
 Reference value :  2.37475e-08
 Reference value :  2.53575e-08
 Reference value :  2.69875e-08
 Reference value :  2.86025e-08
 Reference value :  3.02275e-08
 Reference value :  3.18775e-08
 Reference value :  3.35275e-08
 Reference value :  3.51675e-08
 Reference value :  3.67675e-08
 Reference value :  3.83825e-08
 Reference value :  4.00000e-08
 Reference value :  4.10319e-08
 Reference value :  4.21569e-08
 Reference value :  4.37519e-08
 Reference value :  4.53519e-08
 Reference value :  4.70369e-08
 Reference value :  4.87619e-08
 Reference value :  5.03168e-08
 Reference value :  5.14918e-08
 Reference value :  5.28518e-08
 Reference value :  5.45568e-08
 Reference value :  5.63218e-08
 Reference value :  5.80268e-08
 Reference value :  5.97868e-08
No. of Data Rows : 12042
vsup_v              =  1.20000e+00
td_a                =  7.29108e-10 targ=  4.07791e-08 trig=  4.00500e-08
td_b                =  9.74609e-10 targ=  4.10246e-08 trig=  4.00500e-08
td_c                =  1.11395e-09 targ=  4.11639e-08 trig=  4.00500e-08
da_first            =  3.97842e-06
db_first            =  3.15918e-08
dc_first            =  3.14740e-08
da_end              =  1.00000e+00
db_end              =  1.00000e+00
dc_end              =  1.00000e+00
i_stat              =  -2.02723e-05 from=  2.50000e-08 to=  2.90025e-08
q_dec               =  -1.96430e-13 from=  3.99000e-08 to=  4.80000e-08
m_td_od50_ns = 7.2910810000e-01
m_td_od1_ns = 9.7460880000e-01
m_td_od01_ns = 1.1139490000e+00
m_tau_ps = 6.0514679967e+01
m_resolve_decades = 1.6105328501e+01
m_dout_od50_end = 9.9999990000e-01
m_dout_od1_end = 9.9999990000e-01
m_dout_od01_end = 9.9999990000e-01
m_dout_od50_first = 3.9784160000e-06
m_dout_od1_first = 3.1591820000e-08
m_dout_od01_first = 3.1473960000e-08
m_i_static_ua = 2.0272260000e+01
m_e_dec_fj = 3.8670112800e+01
Note: Simulation executed from .control section 

