
Note: No compatibility mode selected!


Circuit: * comparator-regeneration @ tt_27c_1.20v -- generated by sim/harness, do not edit

Doing analysis at TEMP = 27.000000 and TNOM = 27.000000

Using SPARSE 1.3 as Direct Linear Solver

Initial Transient Solution
--------------------------

Node                                   Voltage
----                                   -------
vdd                                        1.2
vdda                                       1.2
clk                                          0
cm                                         0.6
sa                                       -0.05
apa                                      0.575
ana                                      0.625
ibna                                  0.308665
xa.x1.tmid                         1.32172e-06
xa.x1.tail                            0.578792
xa.x1.np                                   1.2
xa.x1.nn                                   1.2
xa.x1.ln                                   1.2
xa.x1.lp                                   1.2
xa.x1.lnb                          9.28487e-08
xa.x1.lpb                          9.28487e-08
xa.x1.na                               1.18192
doutba                                0.616951
douta                                 0.616951
xa.x1.nb                               1.18192
sb                                      -0.001
apb                                     0.5995
anb                                     0.6005
ibnb                                  0.308665
xb.x1.tmid                         1.31052e-06
xb.x1.tail                            0.571069
xb.x1.np                                   1.2
xb.x1.nn                                   1.2
xb.x1.ln                                   1.2
xb.x1.lp                                   1.2
xb.x1.lnb                          9.28487e-08
xb.x1.lpb                          9.28487e-08
xb.x1.na                               1.18192
doutbb                                0.616951
doutb                                 0.616951
xb.x1.nb                               1.18192
sc                                     -0.0001
apc                                    0.59995
anc                                    0.60005
ibnc                                  0.308665
xc.x1.tmid                         1.31052e-06
xc.x1.tail                            0.571065
xc.x1.np                                   1.2
xc.x1.nn                                   1.2
xc.x1.ln                                   1.2
xc.x1.lp                                   1.2
xc.x1.lnb                          9.28487e-08
xc.x1.lpb                          9.28487e-08
xc.x1.na                               1.18192
doutbc                                0.616951
doutc                                 0.616951
xc.x1.nb                               1.18192
clkn                                         0
dan                                   0.514126
dbn                                   0.514126
dcn                                   0.514126
bdcn#branch                                  0
bdbn#branch                                  0
bdan#branch                                  0
bclkn#branch                                 0
eanc#branch                        1.06098e-12
eapc#branch                        1.06151e-12
eanb#branch                        1.05849e-12
eapb#branch                        1.06401e-12
eana#branch                        9.32115e-13
eapa#branch                        1.20581e-12
vsc#branch                                   0
vsb#branch                                   0
vsa#branch                                   0
vcm#branch                         6.38292e-12
vclk#branch                        9.27642e-10
vsupa#branch                      -9.13392e-05
vsup#branch                       -0.000182678

 Reference value :  2.00000e-13
 Reference value :  1.43640e-09
 Reference value :  3.09140e-09
 Reference value :  4.75140e-09
 Reference value :  6.34140e-09
 Reference value :  7.94140e-09
 Reference value :  9.58140e-09
 Reference value :  1.07320e-08
 Reference value :  1.18320e-08
 Reference value :  1.33670e-08
 Reference value :  1.50720e-08
 Reference value :  1.67970e-08
 Reference value :  1.85420e-08
 Reference value :  2.01666e-08
 Reference value :  2.12875e-08
 Reference value :  2.25575e-08
 Reference value :  2.42725e-08
 Reference value :  2.59575e-08
 Reference value :  2.75225e-08
 Reference value :  2.90975e-08
 Reference value :  3.06575e-08
 Reference value :  3.22625e-08
 Reference value :  3.37975e-08
 Reference value :  3.53475e-08
 Reference value :  3.69225e-08
 Reference value :  3.85575e-08
 Reference value :  4.01005e-08
 Reference value :  4.11819e-08
 Reference value :  4.23519e-08
 Reference value :  4.40219e-08
 Reference value :  4.56419e-08
 Reference value :  4.72769e-08
 Reference value :  4.88819e-08
 Reference value :  5.02868e-08
 Reference value :  5.13718e-08
 Reference value :  5.25468e-08
 Reference value :  5.42068e-08
 Reference value :  5.57568e-08
 Reference value :  5.73818e-08
 Reference value :  5.91568e-08
No. of Data Rows : 12042
vsup_v              =  1.20000e+00
td_a                =  7.09689e-10 targ=  4.07597e-08 trig=  4.00500e-08
td_b                =  9.63272e-10 targ=  4.10133e-08 trig=  4.00500e-08
td_c                =  1.10599e-09 targ=  4.11560e-08 trig=  4.00500e-08
da_first            =  3.32417e-06
db_first            =  3.36680e-06
dc_first            =  3.31935e-06
da_end              =  1.00000e+00
db_end              =  1.00000e+00
dc_end              =  1.00000e+00
i_stat              =  -2.02726e-05 from=  2.50000e-08 to=  2.90025e-08
q_dec               =  -1.97023e-13 from=  3.99000e-08 to=  4.80000e-08
m_td_od50_ns = 7.0968870000e-01
m_td_od1_ns = 9.6327230000e-01
m_td_od01_ns = 1.1059890000e+00
m_tau_ps = 6.1981075285e+01
m_resolve_decades = 1.5541393814e+01
m_dout_od50_end = 9.9999980000e-01
m_dout_od1_end = 9.9999980000e-01
m_dout_od01_end = 9.9999980000e-01
m_dout_od50_first = 3.3241710000e-06
m_dout_od1_first = 3.3667980000e-06
m_dout_od01_first = 3.3193500000e-06
m_i_static_ua = 2.0272610000e+01
m_e_dec_fj = 3.9378310800e+01
Note: Simulation executed from .control section 

