
Note: No compatibility mode selected!


Circuit: * klt sim -- generated corner deck, do not edit

Doing analysis at TEMP = 125.000000 and TNOM = 27.000000

Using SPARSE 1.3 as Direct Linear Solver

Initial Transient Solution
--------------------------

Node                                   Voltage
----                                   -------
vdd                                        1.2
cm                                         0.6
vd                                      -0.048
ap                                       0.576
an                                       0.624
clku                                         0
clk                                          0
ibn                                   0.250441
xa.x1.tmid                         2.22844e-05
xa.x1.tail                            0.595948
xa.x1.np                                   1.2
xa.x1.nn                               1.19999
xa.x1.ln                                   1.2
xa.x1.lp                                   1.2
xa.x1.lnb                          7.54075e-07
xa.x1.lpb                          7.89219e-07
xa.x1.na                                   1.2
doutb                              1.00423e-06
dout                                       1.2
xa.x1.nb                                   1.2
doutn                                 0.999999
tcheck                                     125
pa_00                                  250.441
bpa_00#branch                                0
btchk#branch                                 0
bdoutn#branch                                0
bclk#branch                        1.45931e-10
ean#branch                          4.8539e-13
eap#branch                         6.27109e-13
vclku#branch                                 0
vd#branch                                    0
vcm#branch                          1.1125e-12
vsup#branch                       -1.00291e-05


No. of Data Rows : 12008

  Measurements for Transient Analysis

dlev0               =  7.39163e-07
dlev1               =  1.68468e-06
dlev2               =  1.75503e-06
dlev3               =  1.93574e-06
dlev4               =  7.81321e-07
dlev5               =  8.06592e-07
dlev6               =  1.47407e-06
dlev7               =  2.72631e-06
dlev8               =  3.19777e-06
dlev9               =  3.19855e-06
dlev10              =  3.25616e-06
dlev11              =  3.48117e-06
dlev12              =  1.94005e-06
dlev13              =  3.10677e-06
dlev14              =  1.02820e-06
dlev15              =  3.78738e-06
dlev16              =  9.99999e-01
dlev17              =  1.00000e+00
dlev18              =  9.99999e-01
dlev19              =  9.99999e-01
dlev20              =  9.99999e-01
dlev21              =  9.99999e-01
dlev22              =  9.99999e-01
dlev23              =  9.99999e-01
dlev24              =  9.99999e-01
dlev25              =  9.99999e-01
dlev26              =  9.99999e-01
dlev27              =  9.99999e-01
dlev28              =  9.99998e-01
dlev29              =  9.99999e-01
dlev30              =  9.99999e-01
dlev31              =  9.99999e-01
dlev32              =  9.99998e-01
vdd_meas            =  1.20000e+00
temp_meas           =  1.25000e+02
vbias_mv            =  2.50441e+02
lowcount            =  1.60000e+01
vos_mv              =  -1.50004e+00

ngspice-46 done
