
Note: No compatibility mode selected!


Circuit: * klt sim -- generated corner deck, do not edit

Doing analysis at TEMP = -40.000000 and TNOM = 27.000000

Using SPARSE 1.3 as Direct Linear Solver

Initial Transient Solution
--------------------------

Node                                   Voltage
----                                   -------
vdd                                        1.2
cm                                         0.6
vd                                      -0.048
ap                                       0.576
an                                       0.624
clku                                         0
clk                                          0
ibn                                   0.294102
xa.x1.tmid                         1.14742e-07
xa.x1.tail                            0.569238
xa.x1.np                                   1.2
xa.x1.nn                                   1.2
xa.x1.ln                                   1.2
xa.x1.lp                                   1.2
xa.x1.lnb                          2.16145e-08
xa.x1.lpb                           2.3937e-08
xa.x1.na                               1.18837
doutb                                 0.579514
dout                                  0.596585
xa.x1.nb                               1.18595
doutn                                 0.497154
tcheck                                     -40
pa_00                                  294.102
bpa_00#branch                                0
btchk#branch                                 0
bdoutn#branch                                0
bclk#branch                        1.18386e-10
ean#branch                         9.43884e-13
eap#branch                         1.20326e-12
vclku#branch                                 0
vd#branch                                    0
vcm#branch                         2.14714e-12
vsup#branch                       -6.14369e-05


No. of Data Rows : 12119

  Measurements for Transient Analysis

dlev0               =  -3.06483e-07
dlev1               =  -2.55565e-06
dlev2               =  -7.73784e-07
dlev3               =  -2.56699e-06
dlev4               =  -3.07474e-06
dlev5               =  1.23104e-07
dlev6               =  -1.73223e-06
dlev7               =  -2.54628e-06
dlev8               =  -4.01007e-06
dlev9               =  -2.07647e-06
dlev10              =  -3.97312e-06
dlev11              =  -1.09312e-06
dlev12              =  -3.41575e-06
dlev13              =  -3.13638e-06
dlev14              =  -4.49134e-06
dlev15              =  -3.90041e-06
dlev16              =  -4.51319e-06
dlev17              =  1.00000e+00
dlev18              =  9.99999e-01
dlev19              =  1.00000e+00
dlev20              =  9.99996e-01
dlev21              =  9.99996e-01
dlev22              =  9.99997e-01
dlev23              =  9.99996e-01
dlev24              =  9.99996e-01
dlev25              =  9.99997e-01
dlev26              =  9.99999e-01
dlev27              =  9.99999e-01
dlev28              =  1.00000e+00
dlev29              =  9.99998e-01
dlev30              =  9.99997e-01
dlev31              =  9.99997e-01
dlev32              =  1.00000e+00
vdd_meas            =  1.20000e+00
temp_meas           =  -4.00000e+01
vbias_mv            =  2.94102e+02
lowcount            =  1.70001e+01
vos_mv              =  1.50022e+00

ngspice-46 done
