
Note: No compatibility mode selected!


Circuit: * klt sim -- generated corner deck, do not edit

Doing analysis at TEMP = -40.000000 and TNOM = 27.000000

Using SPARSE 1.3 as Direct Linear Solver

Initial Transient Solution
--------------------------

Node                                   Voltage
----                                   -------
vdd                                       1.08
cm                                         0.6
vd                                      -0.048
ap                                       0.576
an                                       0.624
clku                                         0
clk                                          0
ibn                                    0.37012
xa.x1.tmid                         5.34055e-09
xa.x1.tail                            0.576532
xa.x1.np                                  1.08
xa.x1.nn                                  1.08
xa.x1.ln                                  1.08
xa.x1.lp                                  1.08
xa.x1.lnb                           3.6349e-08
xa.x1.lpb                          3.50512e-08
xa.x1.na                               1.07487
doutb                                 0.576767
dout                                  0.592897
xa.x1.nb                               1.07387
doutn                                 0.548979
tcheck                                     -40
pa_00                                   370.12
bpa_00#branch                                0
btchk#branch                                 0
bdoutn#branch                                0
bclk#branch                        2.54253e-10
ean#branch                         1.11466e-13
eap#branch                         1.48576e-13
vclku#branch                                 0
vd#branch                                    0
vcm#branch                         2.60042e-13
vsup#branch                       -4.36422e-05


No. of Data Rows : 12167

  Measurements for Transient Analysis

dlev0               =  6.04136e-07
dlev1               =  -1.42479e-05
dlev2               =  -1.31185e-05
dlev3               =  -1.33719e-05
dlev4               =  -1.34869e-05
dlev5               =  3.74049e-07
dlev6               =  1.45818e-06
dlev7               =  -1.21390e-05
dlev8               =  -1.12512e-05
dlev9               =  -1.14991e-05
dlev10              =  -1.16129e-05
dlev11              =  -1.09517e-05
dlev12              =  -1.11406e-05
dlev13              =  -1.13976e-05
dlev14              =  1.21261e-06
dlev15              =  -8.61067e-06
dlev16              =  1.00000e+00
dlev17              =  9.99997e-01
dlev18              =  9.99995e-01
dlev19              =  9.99995e-01
dlev20              =  9.99995e-01
dlev21              =  9.99995e-01
dlev22              =  9.99995e-01
dlev23              =  9.99995e-01
dlev24              =  9.99995e-01
dlev25              =  1.00000e+00
dlev26              =  9.99998e-01
dlev27              =  9.99995e-01
dlev28              =  9.99996e-01
dlev29              =  9.99995e-01
dlev30              =  9.99995e-01
dlev31              =  9.99995e-01
dlev32              =  9.99995e-01
vdd_meas            =  1.08000e+00
temp_meas           =  -4.00000e+01
vbias_mv            =  3.70120e+02
lowcount            =  1.60002e+01
vos_mv              =  -1.49938e+00

ngspice-46 done
