
Note: No compatibility mode selected!


Circuit: * klt sim -- generated corner deck, do not edit

Doing analysis at TEMP = 27.000000 and TNOM = 27.000000

Using SPARSE 1.3 as Direct Linear Solver

Initial Transient Solution
--------------------------

Node                                   Voltage
----                                   -------
vdd                                        1.2
cm                                         0.6
vd                                      -0.048
ap                                       0.576
an                                       0.624
clku                                         0
clk                                          0
ibn                                    0.28455
xa.x1.tmid                         3.35633e-06
xa.x1.tail                            0.569789
xa.x1.np                                   1.2
xa.x1.nn                                   1.2
xa.x1.ln                                   1.2
xa.x1.lp                                   1.2
xa.x1.lnb                          5.67845e-08
xa.x1.lpb                          5.11829e-08
xa.x1.na                                   1.2
doutb                                      1.2
dout                               5.62281e-08
xa.x1.nb                                   1.2
doutn                              4.68568e-08
tcheck                                      27
pa_00                                   284.55
bpa_00#branch                                0
btchk#branch                                 0
bdoutn#branch                                0
bclk#branch                        1.75468e-10
ean#branch                         1.94603e-12
eap#branch                         2.47874e-12
vclku#branch                                 0
vd#branch                                    0
vcm#branch                         4.42477e-12
vsup#branch                       -2.00083e-05


No. of Data Rows : 12269

  Measurements for Transient Analysis

dlev0               =  7.18798e-07
dlev1               =  3.74384e-06
dlev2               =  7.14768e-08
dlev3               =  -7.59686e-08
dlev4               =  2.84095e-06
dlev5               =  -6.57347e-07
dlev6               =  6.32557e-07
dlev7               =  1.21609e-06
dlev8               =  1.51251e-06
dlev9               =  2.97285e-06
dlev10              =  4.43443e-08
dlev11              =  1.24753e-06
dlev12              =  -4.27725e-07
dlev13              =  1.78168e-06
dlev14              =  -6.25261e-07
dlev15              =  -8.95284e-07
dlev16              =  1.00000e+00
dlev17              =  9.99999e-01
dlev18              =  9.99997e-01
dlev19              =  9.99999e-01
dlev20              =  9.99998e-01
dlev21              =  9.99999e-01
dlev22              =  9.99999e-01
dlev23              =  9.99999e-01
dlev24              =  1.00000e+00
dlev25              =  9.99998e-01
dlev26              =  9.99999e-01
dlev27              =  9.99998e-01
dlev28              =  9.99999e-01
dlev29              =  1.00000e+00
dlev30              =  1.00000e+00
dlev31              =  1.00000e+00
dlev32              =  1.00000e+00
vdd_meas            =  1.20000e+00
temp_meas           =  2.70000e+01
vbias_mv            =  2.84550e+02
lowcount            =  1.60000e+01
vos_mv              =  -1.50000e+00

ngspice-46 done
