
Note: No compatibility mode selected!


Circuit: * klt sim -- generated corner deck, do not edit

Doing analysis at TEMP = 27.000000 and TNOM = 27.000000

Using SPARSE 1.3 as Direct Linear Solver

Initial Transient Solution
--------------------------

Node                                   Voltage
----                                   -------
vdd                                       1.32
cm                                         0.6
vd                                      -0.048
ap                                       0.576
an                                       0.624
clku                                         0
clk                                          0
ibn                                   0.264045
xa.x1.tmid                         7.71886e-06
xa.x1.tail                            0.573159
xa.x1.np                                  1.32
xa.x1.nn                               1.31999
xa.x1.ln                                  1.32
xa.x1.lp                                  1.32
xa.x1.lnb                           5.8242e-07
xa.x1.lpb                          7.16503e-07
xa.x1.na                               1.28715
doutb                                 0.673704
dout                                  0.667476
xa.x1.nb                                1.2849
doutn                                 0.505663
tcheck                                      27
pa_00                                  264.045
bpa_00#branch                                0
btchk#branch                                 0
bdoutn#branch                                0
bclk#branch                        1.38355e-09
ean#branch                         7.09638e-12
eap#branch                         8.80318e-12
vclku#branch                                 0
vd#branch                                    0
vcm#branch                         1.58996e-11
vsup#branch                       -0.000208643


No. of Data Rows : 12393

  Measurements for Transient Analysis

dlev0               =  -2.69941e-06
dlev1               =  -2.36003e-06
dlev2               =  -1.65365e-06
dlev3               =  -3.04588e-06
dlev4               =  -2.13521e-06
dlev5               =  -1.84204e-06
dlev6               =  -3.18888e-06
dlev7               =  1.85743e-07
dlev8               =  5.24754e-06
dlev9               =  -2.23672e-06
dlev10              =  6.11545e-06
dlev11              =  5.69992e-06
dlev12              =  4.96767e-06
dlev13              =  6.93443e-06
dlev14              =  6.94796e-06
dlev15              =  4.25675e-06
dlev16              =  1.00000e+00
dlev17              =  9.99997e-01
dlev18              =  9.99996e-01
dlev19              =  9.99996e-01
dlev20              =  9.99996e-01
dlev21              =  9.99996e-01
dlev22              =  9.99998e-01
dlev23              =  9.99998e-01
dlev24              =  9.99996e-01
dlev25              =  9.99998e-01
dlev26              =  9.99995e-01
dlev27              =  9.99998e-01
dlev28              =  9.99996e-01
dlev29              =  9.99997e-01
dlev30              =  1.00000e+00
dlev31              =  9.99996e-01
dlev32              =  9.99996e-01
vdd_meas            =  1.32000e+00
temp_meas           =  2.70000e+01
vbias_mv            =  2.64045e+02
lowcount            =  1.60000e+01
vos_mv              =  -1.49990e+00

ngspice-46 done
