
Note: No compatibility mode selected!


Circuit: * klt sim -- generated corner deck, do not edit

Doing analysis at TEMP = 125.000000 and TNOM = 27.000000

Using SPARSE 1.3 as Direct Linear Solver

Initial Transient Solution
--------------------------

Node                                   Voltage
----                                   -------
vdd                                        1.2
cm                                         0.6
vd                                      -0.048
ap                                       0.576
an                                       0.624
clku                                         0
clk                                          0
ibn                                   0.272867
xa.x1.tmid                          3.4023e-05
xa.x1.tail                            0.590283
xa.x1.np                               1.19999
xa.x1.nn                               1.19997
xa.x1.ln                                   1.2
xa.x1.lp                                   1.2
xa.x1.lnb                          8.29252e-06
xa.x1.lpb                          7.60341e-06
xa.x1.na                               1.19999
doutb                              1.13907e-05
dout                                       1.2
xa.x1.nb                                   1.2
doutn                                 0.999998
tcheck                                     125
pa_00                                  272.867
bpa_00#branch                                0
btchk#branch                                 0
bdoutn#branch                                0
bclk#branch                        8.72204e-10
ean#branch                         1.00805e-12
eap#branch                         1.29646e-12
vclku#branch                                 0
vd#branch                                    0
vcm#branch                         2.30452e-12
vsup#branch                       -2.01065e-05


No. of Data Rows : 12173

  Measurements for Transient Analysis

dlev0               =  1.40332e-05
dlev1               =  9.64025e-06
dlev2               =  1.37673e-05
dlev3               =  1.31986e-05
dlev4               =  1.49163e-05
dlev5               =  1.46934e-05
dlev6               =  1.24623e-05
dlev7               =  9.95105e-06
dlev8               =  9.41403e-06
dlev9               =  1.32503e-05
dlev10              =  1.20449e-05
dlev11              =  1.22796e-05
dlev12              =  1.46148e-05
dlev13              =  1.29495e-05
dlev14              =  1.44961e-05
dlev15              =  1.17020e-05
dlev16              =  9.99999e-01
dlev17              =  9.99998e-01
dlev18              =  1.00000e+00
dlev19              =  9.99999e-01
dlev20              =  9.99999e-01
dlev21              =  9.99999e-01
dlev22              =  9.99998e-01
dlev23              =  9.99999e-01
dlev24              =  9.99999e-01
dlev25              =  9.99999e-01
dlev26              =  9.99999e-01
dlev27              =  1.00000e+00
dlev28              =  1.00000e+00
dlev29              =  1.00000e+00
dlev30              =  9.99999e-01
dlev31              =  9.99998e-01
dlev32              =  9.99999e-01
vdd_meas            =  1.20000e+00
temp_meas           =  1.25000e+02
vbias_mv            =  2.72867e+02
lowcount            =  1.59998e+01
vos_mv              =  -1.50057e+00

ngspice-46 done
