
Note: No compatibility mode selected!


Circuit: * klt sim -- generated corner deck, do not edit

Doing analysis at TEMP = 27.000000 and TNOM = 27.000000

Using SPARSE 1.3 as Direct Linear Solver

Initial Transient Solution
--------------------------

Node                                   Voltage
----                                   -------
vdd                                        1.2
cm                                         0.6
vd                                      -0.048
ap                                       0.576
an                                       0.624
clku                                         0
clk                                          0
ibn                                   0.357464
xa.x1.tmid                          8.8219e-08
xa.x1.tail                            0.600128
xa.x1.np                                   1.2
xa.x1.nn                                   1.2
xa.x1.ln                                   1.2
xa.x1.lp                                   1.2
xa.x1.lnb                          1.64675e-08
xa.x1.lpb                          1.65999e-08
xa.x1.na                               1.18838
doutb                                 0.604651
dout                                  0.602366
xa.x1.nb                               1.18886
doutn                                 0.501972
tcheck                                      27
pa_00                                  357.464
bpa_00#branch                                0
btchk#branch                                 0
bdoutn#branch                                0
bclk#branch                        9.59935e-11
ean#branch                         2.17576e-13
eap#branch                         2.81442e-13
vclku#branch                                 0
vd#branch                                    0
vcm#branch                         4.99017e-13
vsup#branch                       -5.92078e-05


No. of Data Rows : 12168

  Measurements for Transient Analysis

dlev0               =  9.90351e-07
dlev1               =  6.62124e-06
dlev2               =  9.85491e-07
dlev3               =  2.04335e-06
dlev4               =  1.61746e-06
dlev5               =  4.05421e-06
dlev6               =  3.36540e-06
dlev7               =  5.21508e-06
dlev8               =  1.09801e-06
dlev9               =  1.21467e-06
dlev10              =  2.53599e-07
dlev11              =  8.86861e-07
dlev12              =  8.05793e-07
dlev13              =  2.14059e-06
dlev14              =  5.62545e-08
dlev15              =  -5.56888e-07
dlev16              =  1.00000e+00
dlev17              =  1.00000e+00
dlev18              =  1.00000e+00
dlev19              =  1.00000e+00
dlev20              =  1.00000e+00
dlev21              =  1.00000e+00
dlev22              =  1.00000e+00
dlev23              =  1.00000e+00
dlev24              =  1.00000e+00
dlev25              =  1.00000e+00
dlev26              =  1.00000e+00
dlev27              =  1.00000e+00
dlev28              =  1.00000e+00
dlev29              =  1.00000e+00
dlev30              =  1.00000e+00
dlev31              =  1.00000e+00
dlev32              =  1.00000e+00
vdd_meas            =  1.20000e+00
temp_meas           =  2.70000e+01
vbias_mv            =  3.57464e+02
lowcount            =  1.60000e+01
vos_mv              =  -1.50013e+00

ngspice-46 done
