
Note: No compatibility mode selected!


Circuit: * klt sim -- generated corner deck, do not edit

Doing analysis at TEMP = 27.000000 and TNOM = 27.000000

Using SPARSE 1.3 as Direct Linear Solver

Initial Transient Solution
--------------------------

Node                                   Voltage
----                                   -------
vdd                                        1.2
cm                                        0.65
vd                                      -0.048
ap                                       0.626
an                                       0.674
clku                                         0
clk                                          0
ibn                                   0.355032
xa.x1.tmid                         8.73294e-08
xa.x1.tail                             0.64592
xa.x1.np                                   1.2
xa.x1.nn                                   1.2
xa.x1.ln                                   1.2
xa.x1.lp                                   1.2
xa.x1.lnb                          1.65762e-08
xa.x1.lpb                          1.64701e-08
xa.x1.na                                   1.2
doutb                              1.73286e-08
dout                                       1.2
xa.x1.nb                                   1.2
doutn                                        1
tcheck                                      27
pa_00                                  355.032
bpa_00#branch                                0
btchk#branch                                 0
bdoutn#branch                                0
bclk#branch                        9.57131e-11
ean#branch                         1.65035e-13
eap#branch                         2.16105e-13
vclku#branch                                 0
vd#branch                                    0
vcm#branch                          3.8114e-13
vsup#branch                       -2.00004e-05


No. of Data Rows : 12243

  Measurements for Transient Analysis

dlev0               =  -1.07552e-06
dlev1               =  -6.91498e-07
dlev2               =  8.37113e-06
dlev3               =  8.64361e-06
dlev4               =  8.87065e-06
dlev5               =  9.01017e-06
dlev6               =  9.30977e-06
dlev7               =  9.52315e-06
dlev8               =  9.82068e-06
dlev9               =  7.32885e-06
dlev10              =  6.06973e-06
dlev11              =  9.56940e-06
dlev12              =  9.12611e-06
dlev13              =  3.34894e-06
dlev14              =  5.59063e-07
dlev15              =  2.79237e-06
dlev16              =  2.58371e-06
dlev17              =  1.80124e-06
dlev18              =  1.38239e-06
dlev19              =  1.00000e+00
dlev20              =  1.00000e+00
dlev21              =  1.00000e+00
dlev22              =  1.00000e+00
dlev23              =  1.00000e+00
dlev24              =  1.00000e+00
dlev25              =  1.00000e+00
dlev26              =  1.00000e+00
dlev27              =  1.00000e+00
dlev28              =  1.00000e+00
dlev29              =  1.00000e+00
dlev30              =  1.00000e+00
dlev31              =  1.00000e+00
dlev32              =  1.00000e+00
vdd_meas            =  1.20000e+00
temp_meas           =  2.70000e+01
vbias_mv            =  3.55032e+02
lowcount            =  1.89999e+01
vos_mv              =  7.49957e+00
vcm_meas            =  6.50000e-01

ngspice-46 done
