
Note: No compatibility mode selected!


Circuit: * klt sim -- generated corner deck, do not edit

Doing analysis at TEMP = -40.000000 and TNOM = 27.000000

Using SPARSE 1.3 as Direct Linear Solver

Initial Transient Solution
--------------------------

Node                                   Voltage
----                                   -------
vdd                                        1.2
cm                                         0.6
vd                                      -0.048
ap                                       0.576
an                                       0.624
clku                                         0
clk                                          0
ibn                                   0.300668
xa.x1.tmid                         2.13078e-07
xa.x1.tail                            0.566395
xa.x1.np                                   1.2
xa.x1.nn                                   1.2
xa.x1.ln                                   1.2
xa.x1.lp                                   1.2
xa.x1.lnb                           9.6024e-08
xa.x1.lpb                          9.36415e-08
xa.x1.na                               1.18191
doutb                                 0.635719
dout                                  0.623471
xa.x1.nb                               1.18277
doutn                                 0.519559
tcheck                                     -40
pa_00                                  300.668
bpa_00#branch                                0
btchk#branch                                 0
bdoutn#branch                                0
bclk#branch                        6.43367e-10
ean#branch                         1.95846e-12
eap#branch                          2.4836e-12
vclku#branch                                 0
vd#branch                                    0
vcm#branch                         4.44206e-12
vsup#branch                       -0.000115565


No. of Data Rows : 12317

  Measurements for Transient Analysis

dlev0               =  -4.02690e-06
dlev1               =  -3.89878e-06
dlev2               =  -3.64564e-06
dlev3               =  -3.71480e-06
dlev4               =  -5.31520e-06
dlev5               =  -3.04048e-06
dlev6               =  -5.48275e-06
dlev7               =  -5.42461e-06
dlev8               =  -3.38835e-06
dlev9               =  -5.83448e-06
dlev10              =  -5.53435e-06
dlev11              =  -6.16163e-06
dlev12              =  -6.09419e-06
dlev13              =  -6.07292e-06
dlev14              =  -5.64529e-06
dlev15              =  -4.27847e-06
dlev16              =  9.99998e-01
dlev17              =  9.99997e-01
dlev18              =  9.99997e-01
dlev19              =  9.99997e-01
dlev20              =  9.99996e-01
dlev21              =  9.99996e-01
dlev22              =  9.99997e-01
dlev23              =  9.99997e-01
dlev24              =  9.99997e-01
dlev25              =  9.99997e-01
dlev26              =  9.99997e-01
dlev27              =  9.99997e-01
dlev28              =  9.99997e-01
dlev29              =  9.99997e-01
dlev30              =  9.99997e-01
dlev31              =  9.99997e-01
dlev32              =  9.99996e-01
vdd_meas            =  1.20000e+00
temp_meas           =  -4.00000e+01
vbias_mv            =  3.00668e+02
lowcount            =  1.60001e+01
vos_mv              =  -1.49961e+00

ngspice-46 done
