
Note: No compatibility mode selected!


Circuit: * klt sim -- generated corner deck, do not edit

Doing analysis at TEMP = -40.000000 and TNOM = 27.000000

Using SPARSE 1.3 as Direct Linear Solver

Initial Transient Solution
--------------------------

Node                                   Voltage
----                                   -------
vdd                                       1.08
cm                                         0.6
vd                                      -0.048
ap                                       0.576
an                                       0.624
clku                                         0
clk                                          0
ibn                                   0.348236
xa.x1.tmid                         2.21595e-08
xa.x1.tail                            0.527933
xa.x1.np                                  1.08
xa.x1.nn                                  1.08
xa.x1.ln                                  1.08
xa.x1.lp                                  1.08
xa.x1.lnb                          2.17208e-08
xa.x1.lpb                          2.12686e-08
xa.x1.na                               1.07302
doutb                                 0.560121
dout                                  0.554966
xa.x1.nb                               1.07433
doutn                                 0.513857
tcheck                                     -40
pa_00                                  348.236
bpa_00#branch                                0
btchk#branch                                 0
bdoutn#branch                                0
bclk#branch                        1.42603e-10
ean#branch                         1.54585e-13
eap#branch                         2.06085e-13
vclku#branch                                 0
vd#branch                                    0
vcm#branch                          3.6067e-13
vsup#branch                       -4.32284e-05


No. of Data Rows : 12119

  Measurements for Transient Analysis

dlev0               =  -1.92183e-06
dlev1               =  -4.00049e-06
dlev2               =  -5.87632e-07
dlev3               =  -1.16298e-06
dlev4               =  -2.44703e-06
dlev5               =  5.32597e-07
dlev6               =  -3.92254e-06
dlev7               =  -4.63369e-06
dlev8               =  1.29176e-06
dlev9               =  1.61613e-06
dlev10              =  1.01240e-06
dlev11              =  6.45386e-07
dlev12              =  -8.53690e-07
dlev13              =  8.38446e-07
dlev14              =  1.54776e-06
dlev15              =  8.52854e-07
dlev16              =  3.95757e-07
dlev17              =  1.00000e+00
dlev18              =  1.00000e+00
dlev19              =  1.00000e+00
dlev20              =  9.99999e-01
dlev21              =  1.00000e+00
dlev22              =  9.99997e-01
dlev23              =  1.00000e+00
dlev24              =  1.00000e+00
dlev25              =  9.99999e-01
dlev26              =  9.99999e-01
dlev27              =  9.99999e-01
dlev28              =  1.00000e+00
dlev29              =  1.00000e+00
dlev30              =  1.00000e+00
dlev31              =  9.99999e-01
dlev32              =  9.99999e-01
vdd_meas            =  1.08000e+00
temp_meas           =  -4.00000e+01
vbias_mv            =  3.48236e+02
lowcount            =  1.70000e+01
vos_mv              =  1.50006e+00

ngspice-46 done
