
Note: No compatibility mode selected!


Circuit: * klt sim -- generated corner deck, do not edit

Doing analysis at TEMP = 125.000000 and TNOM = 27.000000

Using SPARSE 1.3 as Direct Linear Solver

Initial Transient Solution
--------------------------

Node                                   Voltage
----                                   -------
vdd                                       1.08
cm                                        0.55
vd                                      -0.048
ap                                       0.526
an                                       0.574
clku                                         0
clk                                          0
ibn                                   0.228863
xa.x1.tmid                         0.000150506
xa.x1.tail                             0.53646
xa.x1.np                               1.07995
xa.x1.nn                               1.07982
xa.x1.ln                                  1.08
xa.x1.lp                                  1.08
xa.x1.lnb                          1.73089e-06
xa.x1.lpb                          1.70835e-06
xa.x1.na                               1.07999
doutb                                  1.07999
dout                                2.1278e-06
xa.x1.nb                                  1.08
doutn                              1.97018e-06
tcheck                                     125
pa_00                                  228.863
bpa_00#branch                                0
btchk#branch                                 0
bdoutn#branch                                0
bclk#branch                        1.92253e-10
ean#branch                         3.02922e-12
eap#branch                         3.92431e-12
vclku#branch                                 0
vd#branch                                    0
vcm#branch                         6.95352e-12
vsup#branch                       -2.02806e-05


No. of Data Rows : 12031

  Measurements for Transient Analysis

dlev0               =  3.50057e-06
dlev1               =  3.52195e-06
dlev2               =  3.52721e-06
dlev3               =  3.52756e-06
dlev4               =  3.69735e-06
dlev5               =  3.52488e-06
dlev6               =  2.15413e-06
dlev7               =  3.50346e-06
dlev8               =  3.49221e-06
dlev9               =  1.06417e-06
dlev10              =  3.44450e-06
dlev11              =  3.12821e-06
dlev12              =  3.36958e-06
dlev13              =  3.63211e-06
dlev14              =  1.24465e-06
dlev15              =  3.21177e-06
dlev16              =  3.86286e-06
dlev17              =  3.10905e-06
dlev18              =  9.99987e-01
dlev19              =  9.99987e-01
dlev20              =  9.99986e-01
dlev21              =  9.99987e-01
dlev22              =  9.99987e-01
dlev23              =  9.99987e-01
dlev24              =  9.99987e-01
dlev25              =  9.99986e-01
dlev26              =  9.99986e-01
dlev27              =  9.99987e-01
dlev28              =  9.99987e-01
dlev29              =  9.99987e-01
dlev30              =  9.99987e-01
dlev31              =  9.99986e-01
dlev32              =  9.99986e-01
vdd_meas            =  1.08000e+00
temp_meas           =  1.25000e+02
vbias_mv            =  2.28863e+02
lowcount            =  1.80001e+01
vos_mv              =  4.50043e+00
vcm_meas            =  5.50000e-01

ngspice-46 done
