
Note: No compatibility mode selected!


Circuit: * klt sim -- generated corner deck, do not edit

Doing analysis at TEMP = 125.000000 and TNOM = 27.000000

Using SPARSE 1.3 as Direct Linear Solver

Initial Transient Solution
--------------------------

Node                                   Voltage
----                                   -------
vdd                                        1.2
cm                                        0.55
vd                                      -0.048
ap                                       0.526
an                                       0.574
clku                                         0
clk                                          0
ibn                                   0.272113
xa.x1.tmid                         3.07255e-05
xa.x1.tail                            0.549517
xa.x1.np                               1.19999
xa.x1.nn                               1.19998
xa.x1.ln                                   1.2
xa.x1.lp                                   1.2
xa.x1.lnb                          8.15448e-06
xa.x1.lpb                          8.43748e-06
xa.x1.na                               1.19999
doutb                               1.1186e-05
dout                                       1.2
xa.x1.nb                                   1.2
doutn                                 0.999998
tcheck                                     125
pa_00                                  272.113
bpa_00#branch                                0
btchk#branch                                 0
bdoutn#branch                                0
bclk#branch                        8.65317e-10
ean#branch                         1.30498e-12
eap#branch                         1.66075e-12
vclku#branch                                 0
vd#branch                                    0
vcm#branch                         2.96574e-12
vsup#branch                       -2.01043e-05


No. of Data Rows : 12091

  Measurements for Transient Analysis

dlev0               =  1.21100e-05
dlev1               =  1.08092e-05
dlev2               =  1.09148e-05
dlev3               =  1.38101e-05
dlev4               =  1.10330e-05
dlev5               =  1.16331e-05
dlev6               =  1.20395e-05
dlev7               =  1.18952e-05
dlev8               =  1.24673e-05
dlev9               =  1.12112e-05
dlev10              =  1.13037e-05
dlev11              =  1.35683e-05
dlev12              =  1.12612e-05
dlev13              =  1.07322e-05
dlev14              =  1.21730e-05
dlev15              =  1.15663e-05
dlev16              =  9.99999e-01
dlev17              =  9.99998e-01
dlev18              =  9.99999e-01
dlev19              =  9.99999e-01
dlev20              =  9.99999e-01
dlev21              =  9.99999e-01
dlev22              =  9.99999e-01
dlev23              =  9.99999e-01
dlev24              =  9.99999e-01
dlev25              =  9.99998e-01
dlev26              =  9.99998e-01
dlev27              =  9.99998e-01
dlev28              =  9.99998e-01
dlev29              =  9.99998e-01
dlev30              =  9.99998e-01
dlev31              =  9.99998e-01
dlev32              =  9.99998e-01
vdd_meas            =  1.20000e+00
temp_meas           =  1.25000e+02
vbias_mv            =  2.72113e+02
lowcount            =  1.59998e+01
vos_mv              =  -1.50050e+00
vcm_meas            =  5.50000e-01

ngspice-46 done
