
Note: No compatibility mode selected!


Circuit: * klt sim -- generated corner deck, do not edit

Doing analysis at TEMP = -40.000000 and TNOM = 27.000000

Using SPARSE 1.3 as Direct Linear Solver

Initial Transient Solution
--------------------------

Node                                   Voltage
----                                   -------
vdd                                       1.32
cm                                         0.6
vd                                      -0.048
ap                                       0.576
an                                       0.624
clku                                         0
clk                                          0
ibn                                   0.291088
xa.x1.tmid                         1.14379e-07
xa.x1.tail                             0.57267
xa.x1.np                                  1.32
xa.x1.nn                                  1.32
xa.x1.ln                                  1.32
xa.x1.lp                                  1.32
xa.x1.lnb                          3.26276e-08
xa.x1.lpb                          3.60159e-08
xa.x1.na                               1.29901
doutb                                 0.644456
dout                                  0.648638
xa.x1.nb                               1.29649
doutn                                 0.491392
tcheck                                     -40
pa_00                                  291.088
bpa_00#branch                                0
btchk#branch                                 0
bdoutn#branch                                0
bclk#branch                        1.63851e-10
ean#branch                         1.68554e-12
eap#branch                         2.09827e-12
vclku#branch                                 0
vd#branch                                    0
vcm#branch                         3.78381e-12
vsup#branch                       -0.000109251


No. of Data Rows : 12222

  Measurements for Transient Analysis

dlev0               =  2.13310e-07
dlev1               =  7.50861e-07
dlev2               =  1.09518e-06
dlev3               =  -1.04757e-06
dlev4               =  1.39030e-06
dlev5               =  -2.25470e-06
dlev6               =  -1.70295e-06
dlev7               =  -9.47527e-07
dlev8               =  -2.16536e-06
dlev9               =  -1.33311e-06
dlev10              =  -8.25642e-07
dlev11              =  2.61652e-06
dlev12              =  2.90716e-06
dlev13              =  -1.58214e-07
dlev14              =  2.50038e-06
dlev15              =  -9.89288e-08
dlev16              =  -1.00338e-07
dlev17              =  -5.49651e-07
dlev18              =  1.00000e+00
dlev19              =  1.00000e+00
dlev20              =  1.00000e+00
dlev21              =  1.00000e+00
dlev22              =  1.00000e+00
dlev23              =  1.00000e+00
dlev24              =  1.00000e+00
dlev25              =  9.99999e-01
dlev26              =  9.99999e-01
dlev27              =  1.00000e+00
dlev28              =  9.99999e-01
dlev29              =  9.99999e-01
dlev30              =  1.00000e+00
dlev31              =  1.00000e+00
dlev32              =  1.00000e+00
vdd_meas            =  1.32000e+00
temp_meas           =  -4.00000e+01
vbias_mv            =  2.91088e+02
lowcount            =  1.80000e+01
vos_mv              =  4.49998e+00

ngspice-46 done
