
Note: No compatibility mode selected!


Circuit: * klt sim -- generated corner deck, do not edit

Doing analysis at TEMP = -40.000000 and TNOM = 27.000000

Using SPARSE 1.3 as Direct Linear Solver

Initial Transient Solution
--------------------------

Node                                   Voltage
----                                   -------
vdd                                        1.2
cm                                         0.6
vd                                      -0.048
ap                                       0.576
an                                       0.624
clku                                         0
clk                                          0
ibn                                   0.368802
xa.x1.tmid                         5.33641e-09
xa.x1.tail                            0.581137
xa.x1.np                                   1.2
xa.x1.nn                                   1.2
xa.x1.ln                                   1.2
xa.x1.lp                                   1.2
xa.x1.lnb                           4.1108e-08
xa.x1.lpb                          4.11455e-08
xa.x1.na                               1.18842
doutb                                 0.653867
dout                                  0.657436
xa.x1.nb                               1.18929
doutn                                 0.547863
tcheck                                     -40
pa_00                                  368.802
bpa_00#branch                                0
btchk#branch                                 0
bdoutn#branch                                0
bclk#branch                        3.63006e-10
ean#branch                         2.19103e-13
eap#branch                         2.81913e-13
vclku#branch                                 0
vd#branch                                    0
vcm#branch                         5.01016e-13
vsup#branch                       -7.35992e-05


No. of Data Rows : 12305

  Measurements for Transient Analysis

dlev0               =  3.12601e-07
dlev1               =  6.91687e-06
dlev2               =  3.89632e-06
dlev3               =  1.70033e-06
dlev4               =  7.90743e-07
dlev5               =  4.22102e-06
dlev6               =  -7.66200e-07
dlev7               =  4.07914e-06
dlev8               =  -8.35938e-07
dlev9               =  3.62306e-06
dlev10              =  4.54484e-06
dlev11              =  -5.66927e-07
dlev12              =  2.79826e-06
dlev13              =  5.79627e-06
dlev14              =  2.18414e-06
dlev15              =  4.80372e-06
dlev16              =  1.00000e+00
dlev17              =  1.00000e+00
dlev18              =  9.99998e-01
dlev19              =  9.99998e-01
dlev20              =  1.00000e+00
dlev21              =  9.99999e-01
dlev22              =  9.99999e-01
dlev23              =  9.99998e-01
dlev24              =  9.99998e-01
dlev25              =  9.99998e-01
dlev26              =  9.99999e-01
dlev27              =  1.00000e+00
dlev28              =  1.00000e+00
dlev29              =  1.00000e+00
dlev30              =  9.99999e-01
dlev31              =  9.99999e-01
dlev32              =  9.99998e-01
vdd_meas            =  1.20000e+00
temp_meas           =  -4.00000e+01
vbias_mv            =  3.68802e+02
lowcount            =  1.60000e+01
vos_mv              =  -1.50010e+00

ngspice-46 done
