
Note: No compatibility mode selected!


Circuit: * klt sim -- generated corner deck, do not edit

Doing analysis at TEMP = -40.000000 and TNOM = 27.000000

Using SPARSE 1.3 as Direct Linear Solver

Initial Transient Solution
--------------------------

Node                                   Voltage
----                                   -------
vdd                                       1.08
cm                                         0.6
vd                                      -0.048
ap                                       0.576
an                                       0.624
clku                                         0
clk                                          0
ibn                                    0.29955
xa.x1.tmid                          2.0712e-07
xa.x1.tail                            0.563986
xa.x1.np                                  1.08
xa.x1.nn                                  1.08
xa.x1.ln                                  1.08
xa.x1.lp                                  1.08
xa.x1.lnb                          7.66569e-08
xa.x1.lpb                          8.30253e-08
xa.x1.na                                  1.08
doutb                              8.74703e-08
dout                                      1.08
xa.x1.nb                                  1.08
doutn                                        1
tcheck                                     -40
pa_00                                   299.55
bpa_00#branch                                0
btchk#branch                                 0
bdoutn#branch                                0
bclk#branch                        4.54003e-10
ean#branch                         1.04103e-12
eap#branch                         1.36743e-12
vclku#branch                                 0
vd#branch                                    0
vcm#branch                         2.40846e-12
vsup#branch                       -2.00016e-05


No. of Data Rows : 12233

  Measurements for Transient Analysis

dlev0               =  3.15577e-06
dlev1               =  1.63011e-06
dlev2               =  1.77569e-06
dlev3               =  2.10945e-06
dlev4               =  3.64214e-06
dlev5               =  3.51586e-06
dlev6               =  6.39696e-06
dlev7               =  3.85783e-07
dlev8               =  5.87927e-06
dlev9               =  1.09849e-06
dlev10              =  1.16903e-06
dlev11              =  9.00971e-06
dlev12              =  2.02846e-06
dlev13              =  1.77381e-06
dlev14              =  2.91511e-06
dlev15              =  1.26769e-06
dlev16              =  9.99998e-01
dlev17              =  1.00000e+00
dlev18              =  1.00000e+00
dlev19              =  1.00000e+00
dlev20              =  1.00000e+00
dlev21              =  1.00000e+00
dlev22              =  1.00000e+00
dlev23              =  1.00000e+00
dlev24              =  1.00000e+00
dlev25              =  1.00000e+00
dlev26              =  1.00000e+00
dlev27              =  1.00000e+00
dlev28              =  1.00000e+00
dlev29              =  1.00000e+00
dlev30              =  9.99999e-01
dlev31              =  1.00000e+00
dlev32              =  9.99999e-01
vdd_meas            =  1.08000e+00
temp_meas           =  -4.00000e+01
vbias_mv            =  2.99550e+02
lowcount            =  1.59999e+01
vos_mv              =  -1.50017e+00

ngspice-46 done
