
Note: No compatibility mode selected!


Circuit: * klt sim -- generated corner deck, do not edit

Doing analysis at TEMP = -40.000000 and TNOM = 27.000000

Using SPARSE 1.3 as Direct Linear Solver

Initial Transient Solution
--------------------------

Node                                   Voltage
----                                   -------
vdd                                        1.2
cm                                         0.6
vd                                      -0.048
ap                                       0.576
an                                       0.624
clku                                         0
clk                                          0
ibn                                   0.314645
xa.x1.tmid                         3.68393e-08
xa.x1.tail                            0.571902
xa.x1.np                                   1.2
xa.x1.nn                                   1.2
xa.x1.ln                                   1.2
xa.x1.lp                                   1.2
xa.x1.lnb                          2.81217e-08
xa.x1.lpb                          2.60967e-08
xa.x1.na                                   1.2
doutb                                      1.2
dout                               2.68757e-08
xa.x1.nb                                   1.2
doutn                              2.23964e-08
tcheck                                     -40
pa_00                                  314.645
bpa_00#branch                                0
btchk#branch                                 0
bdoutn#branch                                0
bclk#branch                        2.02337e-10
ean#branch                         4.54387e-13
eap#branch                         5.82312e-13
vclku#branch                                 0
vd#branch                                    0
vcm#branch                          1.0367e-12
vsup#branch                       -1.00005e-05


No. of Data Rows : 12133

  Measurements for Transient Analysis

dlev0               =  8.87900e-06
dlev1               =  1.18176e-06
dlev2               =  -2.65048e-06
dlev3               =  -4.75671e-06
dlev4               =  -3.02810e-06
dlev5               =  -5.51534e-06
dlev6               =  -5.50497e-06
dlev7               =  8.58290e-06
dlev8               =  1.16339e-06
dlev9               =  1.07476e-06
dlev10              =  -3.66459e-06
dlev11              =  -6.19673e-06
dlev12              =  6.96931e-08
dlev13              =  6.28464e-06
dlev14              =  6.76704e-07
dlev15              =  4.07497e-07
dlev16              =  -1.28826e-06
dlev17              =  9.99999e-01
dlev18              =  1.00000e+00
dlev19              =  9.99998e-01
dlev20              =  9.99997e-01
dlev21              =  9.99999e-01
dlev22              =  1.00000e+00
dlev23              =  1.00000e+00
dlev24              =  1.00000e+00
dlev25              =  9.99998e-01
dlev26              =  1.00000e+00
dlev27              =  9.99998e-01
dlev28              =  9.99998e-01
dlev29              =  9.99999e-01
dlev30              =  1.00000e+00
dlev31              =  1.00000e+00
dlev32              =  1.00000e+00
vdd_meas            =  1.20000e+00
temp_meas           =  -4.00000e+01
vbias_mv            =  3.14645e+02
lowcount            =  1.70000e+01
vos_mv              =  1.50005e+00

ngspice-46 done
