
Note: No compatibility mode selected!


Circuit: * klt sim -- generated corner deck, do not edit

Doing analysis at TEMP = 27.000000 and TNOM = 27.000000

Using SPARSE 1.3 as Direct Linear Solver

Initial Transient Solution
--------------------------

Node                                   Voltage
----                                   -------
vdd                                        1.2
cm                                         0.6
vd                                      -0.048
ap                                       0.576
an                                       0.624
clku                                         0
clk                                          0
ibn                                    0.31986
xa.x1.tmid                         1.67891e-07
xa.x1.tail                            0.596767
xa.x1.np                                   1.2
xa.x1.nn                                   1.2
xa.x1.ln                                   1.2
xa.x1.lp                                   1.2
xa.x1.lnb                          1.67846e-08
xa.x1.lpb                          1.73056e-08
xa.x1.na                                   1.2
doutb                                      1.2
dout                               1.65405e-08
xa.x1.nb                                   1.2
doutn                              1.37838e-08
tcheck                                      27
pa_00                                   319.86
bpa_00#branch                                0
btchk#branch                                 0
bdoutn#branch                                0
bclk#branch                        9.53633e-11
ean#branch                         2.17437e-13
eap#branch                         2.81442e-13
vclku#branch                                 0
vd#branch                                    0
vcm#branch                         4.98879e-13
vsup#branch                       -1.00005e-05


No. of Data Rows : 12042

  Measurements for Transient Analysis

dlev0               =  6.03278e-06
dlev1               =  1.03960e-05
dlev2               =  -3.21486e-07
dlev3               =  5.55369e-06
dlev4               =  4.96400e-06
dlev5               =  5.80269e-06
dlev6               =  6.16240e-06
dlev7               =  4.25095e-06
dlev8               =  3.16870e-06
dlev9               =  4.96418e-06
dlev10              =  4.28541e-06
dlev11              =  5.15092e-06
dlev12              =  4.15603e-06
dlev13              =  4.50290e-06
dlev14              =  2.00356e-06
dlev15              =  9.57485e-06
dlev16              =  7.71646e-07
dlev17              =  9.99998e-01
dlev18              =  1.00000e+00
dlev19              =  1.00000e+00
dlev20              =  1.00000e+00
dlev21              =  1.00000e+00
dlev22              =  1.00000e+00
dlev23              =  1.00000e+00
dlev24              =  1.00000e+00
dlev25              =  1.00000e+00
dlev26              =  1.00000e+00
dlev27              =  1.00000e+00
dlev28              =  1.00000e+00
dlev29              =  1.00000e+00
dlev30              =  1.00000e+00
dlev31              =  1.00000e+00
dlev32              =  1.00000e+00
vdd_meas            =  1.20000e+00
temp_meas           =  2.70000e+01
vbias_mv            =  3.19860e+02
lowcount            =  1.69999e+01
vos_mv              =  1.49970e+00

ngspice-46 done
