
Note: No compatibility mode selected!


Circuit: * klt sim -- generated corner deck, do not edit

Doing analysis at TEMP = 125.000000 and TNOM = 27.000000

Using SPARSE 1.3 as Direct Linear Solver
Note: Starting dynamic gmin stepping
Note: Dynamic gmin stepping completed

Initial Transient Solution
--------------------------

Node                                   Voltage
----                                   -------
vdd                                       1.32
cm                                         0.6
vd                                      -0.048
ap                                       0.576
an                                       0.624
clku                                         0
clk                                          0
ibn                                   0.225153
xa.x1.tmid                         0.000162118
xa.x1.tail                            0.544572
xa.x1.np                               1.31995
xa.x1.nn                               1.31986
xa.x1.ln                                  1.32
xa.x1.lp                                  1.32
xa.x1.lnb                          1.47793e-06
xa.x1.lpb                          1.75156e-06
xa.x1.na                                  1.32
doutb                              2.08309e-06
dout                                   1.31999
xa.x1.nb                               1.31999
doutn                                 0.999991
tcheck                                     125
pa_00                                  225.153
bpa_00#branch                                0
btchk#branch                                 0
bdoutn#branch                                0
bclk#branch                        3.83524e-10
ean#branch                          3.8488e-12
eap#branch                         4.80203e-12
vclku#branch                                 0
vd#branch                                    0
vcm#branch                         8.65083e-12
vsup#branch                       -2.02912e-05


No. of Data Rows : 12178

  Measurements for Transient Analysis

dlev0               =  1.62242e-06
dlev1               =  5.15048e-06
dlev2               =  4.92254e-06
dlev3               =  2.17571e-06
dlev4               =  1.81134e-06
dlev5               =  3.11161e-06
dlev6               =  1.21028e-06
dlev7               =  1.79400e-06
dlev8               =  2.61445e-06
dlev9               =  4.64727e-06
dlev10              =  4.77429e-06
dlev11              =  4.56587e-06
dlev12              =  3.53288e-07
dlev13              =  8.04270e-07
dlev14              =  4.50448e-06
dlev15              =  9.99991e-01
dlev16              =  9.99991e-01
dlev17              =  9.99992e-01
dlev18              =  9.99993e-01
dlev19              =  9.99992e-01
dlev20              =  9.99991e-01
dlev21              =  9.99991e-01
dlev22              =  9.99991e-01
dlev23              =  9.99991e-01
dlev24              =  9.99991e-01
dlev25              =  9.99991e-01
dlev26              =  9.99991e-01
dlev27              =  9.99991e-01
dlev28              =  9.99991e-01
dlev29              =  9.99993e-01
dlev30              =  9.99990e-01
dlev31              =  9.99990e-01
dlev32              =  9.99990e-01
vdd_meas            =  1.32000e+00
temp_meas           =  1.25000e+02
vbias_mv            =  2.25153e+02
lowcount            =  1.50001e+01
vos_mv              =  -4.49965e+00

ngspice-46 done
