
Note: No compatibility mode selected!


Circuit: * klt sim -- generated corner deck, do not edit

Doing analysis at TEMP = 27.000000 and TNOM = 27.000000

Using SPARSE 1.3 as Direct Linear Solver

Initial Transient Solution
--------------------------

Node                                   Voltage
----                                   -------
vdd                                        1.2
cm                                         0.6
vd                                      -0.048
ap                                       0.576
an                                       0.624
clku                                         0
clk                                          0
ibn                                   0.309954
xa.x1.tmid                         1.19895e-06
xa.x1.tail                            0.581564
xa.x1.np                                   1.2
xa.x1.nn                                   1.2
xa.x1.ln                                   1.2
xa.x1.lp                                   1.2
xa.x1.lnb                          1.00066e-07
xa.x1.lpb                          8.27035e-08
xa.x1.na                               1.18083
doutb                                 0.615513
dout                                  0.617892
xa.x1.nb                               1.18263
doutn                                  0.51491
tcheck                                      27
pa_00                                  309.954
bpa_00#branch                                0
btchk#branch                                 0
bdoutn#branch                                0
bclk#branch                        3.08088e-10
ean#branch                         9.37084e-13
eap#branch                         1.19982e-12
vclku#branch                                 0
vd#branch                                    0
vcm#branch                          2.1369e-12
vsup#branch                       -9.11469e-05


No. of Data Rows : 12188

  Measurements for Transient Analysis

dlev0               =  3.92947e-06
dlev1               =  2.46498e-06
dlev2               =  2.87999e-06
dlev3               =  3.74264e-06
dlev4               =  -5.50973e-07
dlev5               =  -9.47177e-07
dlev6               =  3.38131e-06
dlev7               =  3.53867e-06
dlev8               =  3.41184e-06
dlev9               =  3.09654e-06
dlev10              =  2.11982e-06
dlev11              =  2.23020e-06
dlev12              =  1.60022e-06
dlev13              =  3.36233e-07
dlev14              =  1.25034e-07
dlev15              =  -7.02084e-07
dlev16              =  -2.32522e-06
dlev17              =  1.00000e+00
dlev18              =  1.00000e+00
dlev19              =  1.00000e+00
dlev20              =  1.00000e+00
dlev21              =  1.00000e+00
dlev22              =  1.00000e+00
dlev23              =  1.00000e+00
dlev24              =  1.00000e+00
dlev25              =  1.00000e+00
dlev26              =  1.00000e+00
dlev27              =  1.00000e+00
dlev28              =  9.99999e-01
dlev29              =  1.00000e+00
dlev30              =  1.00000e+00
dlev31              =  1.00000e+00
dlev32              =  9.99999e-01
vdd_meas            =  1.20000e+00
temp_meas           =  2.70000e+01
vbias_mv            =  3.09954e+02
lowcount            =  1.70000e+01
vos_mv              =  1.49988e+00

ngspice-46 done
