
Note: No compatibility mode selected!


Circuit: * klt sim -- generated corner deck, do not edit

Doing analysis at TEMP = -40.000000 and TNOM = 27.000000

Using SPARSE 1.3 as Direct Linear Solver
Note: Starting dynamic gmin stepping
Note: Dynamic gmin stepping completed

Initial Transient Solution
--------------------------

Node                                   Voltage
----                                   -------
vdd                                       1.32
cm                                         0.6
vd                                      -0.048
ap                                       0.576
an                                       0.624
clku                                         0
clk                                          0
ibn                                   0.389223
xa.x1.tmid                         1.45962e-09
xa.x1.tail                            0.597071
xa.x1.np                                  1.32
xa.x1.nn                                  1.32
xa.x1.ln                                  1.32
xa.x1.lp                                  1.32
xa.x1.lnb                          1.03383e-08
xa.x1.lpb                          1.05667e-08
xa.x1.na                                  1.32
doutb                                     1.32
dout                               1.05738e-08
xa.x1.nb                                  1.32
doutn                              8.01043e-09
tcheck                                     -40
pa_00                                  389.223
bpa_00#branch                                0
btchk#branch                                 0
bdoutn#branch                                0
bclk#branch                        8.94386e-11
ean#branch                         1.96343e-13
eap#branch                         2.48412e-13
vclku#branch                                 0
vd#branch                                    0
vcm#branch                         4.44755e-13
vsup#branch                       -2.00002e-05


No. of Data Rows : 12390

  Measurements for Transient Analysis

dlev0               =  -9.39871e-06
dlev1               =  2.71432e-06
dlev2               =  3.39653e-06
dlev3               =  5.05370e-07
dlev4               =  -4.54051e-06
dlev5               =  -6.26205e-06
dlev6               =  7.11825e-07
dlev7               =  1.33351e-06
dlev8               =  -6.66322e-06
dlev9               =  1.45888e-06
dlev10              =  1.98900e-06
dlev11              =  -3.13143e-07
dlev12              =  -6.24735e-07
dlev13              =  -1.43798e-06
dlev14              =  -1.03835e-06
dlev15              =  -1.15038e-06
dlev16              =  -2.67055e-06
dlev17              =  -2.93880e-06
dlev18              =  9.99999e-01
dlev19              =  9.99999e-01
dlev20              =  1.00000e+00
dlev21              =  9.99997e-01
dlev22              =  9.99998e-01
dlev23              =  1.00000e+00
dlev24              =  1.00000e+00
dlev25              =  1.00000e+00
dlev26              =  9.99997e-01
dlev27              =  1.00000e+00
dlev28              =  1.00000e+00
dlev29              =  9.99996e-01
dlev30              =  9.99997e-01
dlev31              =  9.99998e-01
dlev32              =  9.99998e-01
vdd_meas            =  1.32000e+00
temp_meas           =  -4.00000e+01
vbias_mv            =  3.89223e+02
lowcount            =  1.80000e+01
vos_mv              =  4.50014e+00

ngspice-46 done
