
Note: No compatibility mode selected!


Circuit: * klt sim -- generated corner deck, do not edit

Doing analysis at TEMP = 125.000000 and TNOM = 27.000000

Using SPARSE 1.3 as Direct Linear Solver

Initial Transient Solution
--------------------------

Node                                   Voltage
----                                   -------
vdd                                       1.08
cm                                         0.6
vd                                      -0.048
ap                                       0.576
an                                       0.624
clku                                         0
clk                                          0
ibn                                   0.226132
xa.x1.tmid                         0.000154098
xa.x1.tail                            0.536471
xa.x1.np                               1.07994
xa.x1.nn                               1.07982
xa.x1.ln                                  1.08
xa.x1.lp                                  1.08
xa.x1.lnb                          1.39561e-06
xa.x1.lpb                          1.77846e-06
xa.x1.na                                  1.08
doutb                              2.06049e-06
dout                                   1.07999
xa.x1.nb                               1.07999
doutn                                 0.999988
tcheck                                     125
pa_00                                  226.132
bpa_00#branch                                0
btchk#branch                                 0
bdoutn#branch                                0
bclk#branch                        1.92921e-10
ean#branch                         1.12528e-12
eap#branch                         1.50031e-12
vclku#branch                                 0
vd#branch                                    0
vcm#branch                         2.62559e-12
vsup#branch                       -2.02794e-05


No. of Data Rows : 11968

  Measurements for Transient Analysis

dlev0               =  -3.88230e-07
dlev1               =  -1.71025e-06
dlev2               =  -1.23456e-06
dlev3               =  -1.23753e-06
dlev4               =  -1.21880e-06
dlev5               =  -1.20271e-06
dlev6               =  -1.19081e-06
dlev7               =  -1.17961e-06
dlev8               =  -1.23712e-06
dlev9               =  -8.90179e-07
dlev10              =  -1.02522e-06
dlev11              =  6.26205e-07
dlev12              =  -1.08570e-06
dlev13              =  -1.16064e-06
dlev14              =  -1.14548e-06
dlev15              =  -1.22014e-06
dlev16              =  9.99987e-01
dlev17              =  9.99987e-01
dlev18              =  9.99988e-01
dlev19              =  9.99987e-01
dlev20              =  9.99986e-01
dlev21              =  9.99988e-01
dlev22              =  9.99987e-01
dlev23              =  9.99987e-01
dlev24              =  9.99987e-01
dlev25              =  9.99987e-01
dlev26              =  9.99987e-01
dlev27              =  9.99987e-01
dlev28              =  9.99987e-01
dlev29              =  9.99987e-01
dlev30              =  9.99986e-01
dlev31              =  9.99986e-01
dlev32              =  9.99988e-01
vdd_meas            =  1.08000e+00
temp_meas           =  1.25000e+02
vbias_mv            =  2.26132e+02
lowcount            =  1.60002e+01
vos_mv              =  -1.49928e+00

ngspice-46 done
