
Note: No compatibility mode selected!


Circuit: * klt sim -- generated corner deck, do not edit

Doing analysis at TEMP = -40.000000 and TNOM = 27.000000

Using SPARSE 1.3 as Direct Linear Solver

Initial Transient Solution
--------------------------

Node                                   Voltage
----                                   -------
vdd                                       1.08
cm                                         0.6
vd                                      -0.048
ap                                       0.576
an                                       0.624
clku                                         0
clk                                          0
ibn                                   0.342596
xa.x1.tmid                         2.52971e-08
xa.x1.tail                            0.565299
xa.x1.np                                  1.08
xa.x1.nn                                  1.08
xa.x1.ln                                  1.08
xa.x1.lp                                  1.08
xa.x1.lnb                            2.089e-08
xa.x1.lpb                          2.10025e-08
xa.x1.na                               1.07347
doutb                                 0.559866
dout                                  0.557343
xa.x1.nb                               1.07417
doutn                                 0.516058
tcheck                                     -40
pa_00                                  342.596
bpa_00#branch                                0
btchk#branch                                 0
bdoutn#branch                                0
bclk#branch                        1.43889e-10
ean#branch                         2.34396e-13
eap#branch                         3.11251e-13
vclku#branch                                 0
vd#branch                                    0
vcm#branch                         5.45647e-13
vsup#branch                       -4.32083e-05


No. of Data Rows : 12166

  Measurements for Transient Analysis

dlev0               =  2.44786e-06
dlev1               =  1.54347e-06
dlev2               =  1.41314e-06
dlev3               =  1.34588e-06
dlev4               =  1.02181e-06
dlev5               =  1.22543e-06
dlev6               =  1.38869e-06
dlev7               =  1.86044e-06
dlev8               =  1.65493e-06
dlev9               =  1.59064e-06
dlev10              =  1.72547e-06
dlev11              =  1.26493e-06
dlev12              =  2.16772e-06
dlev13              =  -2.93715e-06
dlev14              =  -1.89978e-06
dlev15              =  1.00000e+00
dlev16              =  9.99999e-01
dlev17              =  1.00000e+00
dlev18              =  1.00000e+00
dlev19              =  1.00000e+00
dlev20              =  1.00000e+00
dlev21              =  1.00000e+00
dlev22              =  1.00000e+00
dlev23              =  1.00000e+00
dlev24              =  1.00000e+00
dlev25              =  1.00000e+00
dlev26              =  1.00000e+00
dlev27              =  1.00000e+00
dlev28              =  1.00000e+00
dlev29              =  1.00000e+00
dlev30              =  1.00000e+00
dlev31              =  1.00000e+00
dlev32              =  1.00000e+00
vdd_meas            =  1.08000e+00
temp_meas           =  -4.00000e+01
vbias_mv            =  3.42596e+02
lowcount            =  1.50000e+01
vos_mv              =  -4.50013e+00

ngspice-46 done
