
Note: No compatibility mode selected!


Circuit: * klt sim -- generated corner deck, do not edit

Doing analysis at TEMP = 125.000000 and TNOM = 27.000000

Using SPARSE 1.3 as Direct Linear Solver

Initial Transient Solution
--------------------------

Node                                   Voltage
----                                   -------
vdd                                       1.08
cm                                         0.6
vd                                      -0.048
ap                                       0.576
an                                       0.624
clku                                         0
clk                                          0
ibn                                   0.206913
xa.x1.tmid                         0.000130874
xa.x1.tail                            0.576523
xa.x1.np                               1.07997
xa.x1.nn                               1.07991
xa.x1.ln                                  1.08
xa.x1.lp                                  1.08
xa.x1.lnb                          4.49678e-06
xa.x1.lpb                          3.96356e-06
xa.x1.na                               1.06008
doutb                                 0.560979
dout                                   0.56655
xa.x1.nb                               1.06023
doutn                                 0.524584
tcheck                                     125
pa_00                                  206.913
bpa_00#branch                                0
btchk#branch                                 0
bdoutn#branch                                0
bclk#branch                        3.36142e-10
ean#branch                         1.08699e-12
eap#branch                         1.44162e-12
vclku#branch                                 0
vd#branch                                    0
vcm#branch                         2.52862e-12
vsup#branch                       -7.35935e-05


No. of Data Rows : 11970

  Measurements for Transient Analysis

dlev0               =  5.18938e-06
dlev1               =  4.62755e-06
dlev2               =  4.65339e-06
dlev3               =  4.78179e-06
dlev4               =  4.58090e-06
dlev5               =  4.78893e-06
dlev6               =  6.68719e-06
dlev7               =  4.08950e-06
dlev8               =  4.80818e-06
dlev9               =  4.85984e-06
dlev10              =  4.91210e-06
dlev11              =  4.94694e-06
dlev12              =  5.77722e-06
dlev13              =  5.82673e-06
dlev14              =  5.05350e-06
dlev15              =  5.67295e-06
dlev16              =  7.33940e-06
dlev17              =  9.99995e-01
dlev18              =  9.99995e-01
dlev19              =  9.99995e-01
dlev20              =  9.99995e-01
dlev21              =  9.99995e-01
dlev22              =  9.99995e-01
dlev23              =  9.99995e-01
dlev24              =  9.99995e-01
dlev25              =  9.99995e-01
dlev26              =  9.99995e-01
dlev27              =  9.99995e-01
dlev28              =  9.99995e-01
dlev29              =  9.99995e-01
dlev30              =  9.99995e-01
dlev31              =  9.99995e-01
dlev32              =  9.99995e-01
vdd_meas            =  1.08000e+00
temp_meas           =  1.25000e+02
vbias_mv            =  2.06913e+02
lowcount            =  1.70000e+01
vos_mv              =  1.49997e+00

ngspice-46 done
