
Note: No compatibility mode selected!


Circuit: * klt sim -- generated corner deck, do not edit

Doing analysis at TEMP = 125.000000 and TNOM = 27.000000

Using SPARSE 1.3 as Direct Linear Solver

Initial Transient Solution
--------------------------

Node                                   Voltage
----                                   -------
vdd                                        1.2
cm                                         0.6
vd                                      -0.048
ap                                       0.576
an                                       0.624
clku                                         0
clk                                          0
ibn                                   0.205951
xa.x1.tmid                          0.00030113
xa.x1.tail                            0.579091
xa.x1.np                               1.19993
xa.x1.nn                               1.19977
xa.x1.ln                                   1.2
xa.x1.lp                                   1.2
xa.x1.lnb                          1.86179e-05
xa.x1.lpb                          2.12828e-05
xa.x1.na                               1.19999
doutb                                  1.19998
dout                               3.01708e-05
xa.x1.nb                               1.19998
doutn                              2.51424e-05
tcheck                                     125
pa_00                                  205.951
bpa_00#branch                                0
btchk#branch                                 0
bdoutn#branch                                0
bclk#branch                        1.62008e-09
ean#branch                         9.02933e-12
eap#branch                          1.1453e-11
vclku#branch                                 0
vd#branch                                    0
vcm#branch                         2.04823e-11
vsup#branch                       -2.06757e-05


No. of Data Rows : 12169

  Measurements for Transient Analysis

dlev0               =  2.30204e-05
dlev1               =  2.63354e-05
dlev2               =  2.69448e-05
dlev3               =  2.11043e-05
dlev4               =  2.24556e-05
dlev5               =  2.57674e-05
dlev6               =  2.67105e-05
dlev7               =  2.29109e-05
dlev8               =  2.37319e-05
dlev9               =  2.79082e-05
dlev10              =  2.41800e-05
dlev11              =  2.50733e-05
dlev12              =  2.76734e-05
dlev13              =  2.24396e-05
dlev14              =  2.59541e-05
dlev15              =  2.74712e-05
dlev16              =  9.99984e-01
dlev17              =  9.99982e-01
dlev18              =  9.99983e-01
dlev19              =  9.99985e-01
dlev20              =  9.99985e-01
dlev21              =  9.99985e-01
dlev22              =  9.99985e-01
dlev23              =  9.99985e-01
dlev24              =  9.99985e-01
dlev25              =  9.99985e-01
dlev26              =  9.99985e-01
dlev27              =  9.99984e-01
dlev28              =  9.99985e-01
dlev29              =  9.99984e-01
dlev30              =  9.99983e-01
dlev31              =  9.99984e-01
dlev32              =  9.99984e-01
vdd_meas            =  1.20000e+00
temp_meas           =  1.25000e+02
vbias_mv            =  2.05951e+02
lowcount            =  1.59999e+01
vos_mv              =  -1.50040e+00

ngspice-46 done
