
Note: No compatibility mode selected!


Circuit: * klt sim -- generated corner deck, do not edit

Doing analysis at TEMP = -40.000000 and TNOM = 27.000000

Using SPARSE 1.3 as Direct Linear Solver
Note: Starting dynamic gmin stepping
Note: Dynamic gmin stepping completed

Initial Transient Solution
--------------------------

Node                                   Voltage
----                                   -------
vdd                                        1.2
cm                                         0.6
vd                                      -0.048
ap                                       0.576
an                                       0.624
clku                                         0
clk                                          0
ibn                                   0.340874
xa.x1.tmid                         7.53128e-09
xa.x1.tail                            0.580006
xa.x1.np                                   1.2
xa.x1.nn                                   1.2
xa.x1.ln                                   1.2
xa.x1.lp                                   1.2
xa.x1.lnb                          4.34381e-08
xa.x1.lpb                          4.19299e-08
xa.x1.na                                   1.2
doutb                               4.3167e-08
dout                                       1.2
xa.x1.nb                                   1.2
doutn                                        1
tcheck                                     -40
pa_00                                  340.874
bpa_00#branch                                0
btchk#branch                                 0
bdoutn#branch                                0
bclk#branch                        3.62477e-10
ean#branch                         2.18964e-13
eap#branch                         2.82108e-13
vclku#branch                                 0
vd#branch                                    0
vcm#branch                         5.01071e-13
vsup#branch                       -1.00007e-05


No. of Data Rows : 12257

  Measurements for Transient Analysis

dlev0               =  -4.67599e-06
dlev1               =  -2.73505e-06
dlev2               =  -9.89065e-07
dlev3               =  2.44061e-06
dlev4               =  2.10870e-06
dlev5               =  1.99786e-06
dlev6               =  1.54029e-06
dlev7               =  1.65509e-06
dlev8               =  1.48277e-06
dlev9               =  7.95341e-07
dlev10              =  1.18632e-06
dlev11              =  -1.48847e-08
dlev12              =  1.02465e-06
dlev13              =  8.21042e-07
dlev14              =  -4.22975e-06
dlev15              =  6.13819e-07
dlev16              =  4.83023e-07
dlev17              =  1.00000e+00
dlev18              =  1.00000e+00
dlev19              =  1.00000e+00
dlev20              =  1.00000e+00
dlev21              =  9.99999e-01
dlev22              =  1.00000e+00
dlev23              =  1.00000e+00
dlev24              =  1.00000e+00
dlev25              =  1.00000e+00
dlev26              =  1.00000e+00
dlev27              =  1.00000e+00
dlev28              =  1.00000e+00
dlev29              =  1.00000e+00
dlev30              =  9.99999e-01
dlev31              =  1.00000e+00
dlev32              =  1.00000e+00
vdd_meas            =  1.20000e+00
temp_meas           =  -4.00000e+01
vbias_mv            =  3.40874e+02
lowcount            =  1.70000e+01
vos_mv              =  1.49988e+00

ngspice-46 done
