
Note: No compatibility mode selected!


Circuit: * klt sim -- generated corner deck, do not edit

Doing analysis at TEMP = -40.000000 and TNOM = 27.000000

Using SPARSE 1.3 as Direct Linear Solver

Initial Transient Solution
--------------------------

Node                                   Voltage
----                                   -------
vdd                                       1.08
cm                                         0.6
vd                                      -0.048
ap                                       0.576
an                                       0.624
clku                                         0
clk                                          0
ibn                                   0.323239
xa.x1.tmid                         7.03749e-08
xa.x1.tail                             0.56602
xa.x1.np                                  1.08
xa.x1.nn                                  1.08
xa.x1.ln                                  1.08
xa.x1.lp                                  1.08
xa.x1.lnb                          1.59637e-08
xa.x1.lpb                          1.66145e-08
xa.x1.na                                 1.074
doutb                                 0.529915
dout                                  0.528516
xa.x1.nb                               1.07395
doutn                                 0.489366
tcheck                                     -40
pa_00                                  323.239
bpa_00#branch                                0
btchk#branch                                 0
bdoutn#branch                                0
bclk#branch                        8.26304e-11
ean#branch                         4.94021e-13
eap#branch                         6.52506e-13
vclku#branch                                 0
vd#branch                                    0
vcm#branch                         1.14653e-12
vsup#branch                       -4.11864e-05


No. of Data Rows : 12169

  Measurements for Transient Analysis

dlev0               =  -2.53990e-06
dlev1               =  -3.08065e-06
dlev2               =  6.41780e-07
dlev3               =  -2.92721e-06
dlev4               =  -4.32154e-07
dlev5               =  2.32128e-06
dlev6               =  4.03466e-06
dlev7               =  -7.64745e-07
dlev8               =  2.34925e-06
dlev9               =  -1.53592e-06
dlev10              =  1.59948e-06
dlev11              =  2.36026e-06
dlev12              =  5.33594e-06
dlev13              =  6.46864e-06
dlev14              =  6.90699e-06
dlev15              =  2.48293e-06
dlev16              =  8.67933e-06
dlev17              =  1.00000e+00
dlev18              =  9.99997e-01
dlev19              =  1.00000e+00
dlev20              =  1.00000e+00
dlev21              =  1.00000e+00
dlev22              =  9.99997e-01
dlev23              =  9.99996e-01
dlev24              =  9.99996e-01
dlev25              =  9.99996e-01
dlev26              =  9.99997e-01
dlev27              =  9.99996e-01
dlev28              =  9.99996e-01
dlev29              =  9.99997e-01
dlev30              =  9.99996e-01
dlev31              =  9.99997e-01
dlev32              =  9.99997e-01
vdd_meas            =  1.08000e+00
temp_meas           =  -4.00000e+01
vbias_mv            =  3.23239e+02
lowcount            =  1.70000e+01
vos_mv              =  1.50003e+00

ngspice-46 done
