
Note: No compatibility mode selected!


Circuit: * klt sim -- generated corner deck, do not edit

Doing analysis at TEMP = 27.000000 and TNOM = 27.000000

Using SPARSE 1.3 as Direct Linear Solver

Initial Transient Solution
--------------------------

Node                                   Voltage
----                                   -------
vdd                                       1.32
cm                                         0.6
vd                                      -0.048
ap                                       0.576
an                                       0.624
clku                                         0
clk                                          0
ibn                                   0.261631
xa.x1.tmid                         7.46243e-06
xa.x1.tail                            0.540121
xa.x1.np                                  1.32
xa.x1.nn                               1.31999
xa.x1.ln                                  1.32
xa.x1.lp                                  1.32
xa.x1.lnb                          6.43084e-07
xa.x1.lpb                           6.3065e-07
xa.x1.na                                1.2871
doutb                                 0.674188
dout                                  0.675773
xa.x1.nb                               1.28626
doutn                                 0.511949
tcheck                                      27
pa_00                                  261.631
bpa_00#branch                                0
btchk#branch                                 0
bdoutn#branch                                0
bclk#branch                        1.35769e-09
ean#branch                         3.54289e-12
eap#branch                         4.39911e-12
vclku#branch                                 0
vd#branch                                    0
vcm#branch                         7.94199e-12
vsup#branch                       -0.000205344


No. of Data Rows : 12260

  Measurements for Transient Analysis

dlev0               =  1.00372e-05
dlev1               =  2.38227e-06
dlev2               =  3.06375e-06
dlev3               =  1.08465e-05
dlev4               =  9.53322e-06
dlev5               =  8.00047e-06
dlev6               =  9.82515e-06
dlev7               =  -1.14762e-06
dlev8               =  1.04361e-05
dlev9               =  7.62454e-07
dlev10              =  5.62471e-06
dlev11              =  1.82858e-06
dlev12              =  1.07676e-05
dlev13              =  3.27018e-06
dlev14              =  1.00000e+00
dlev15              =  1.00000e+00
dlev16              =  1.00000e+00
dlev17              =  1.00000e+00
dlev18              =  1.00000e+00
dlev19              =  1.00000e+00
dlev20              =  1.00000e+00
dlev21              =  1.00000e+00
dlev22              =  9.99998e-01
dlev23              =  1.00000e+00
dlev24              =  1.00000e+00
dlev25              =  1.00000e+00
dlev26              =  1.00000e+00
dlev27              =  1.00000e+00
dlev28              =  1.00000e+00
dlev29              =  1.00000e+00
dlev30              =  1.00000e+00
dlev31              =  1.00000e+00
dlev32              =  1.00000e+00
vdd_meas            =  1.32000e+00
temp_meas           =  2.70000e+01
vbias_mv            =  2.61631e+02
lowcount            =  1.39999e+01
vos_mv              =  -7.50030e+00

ngspice-46 done
