
Note: No compatibility mode selected!


Circuit: * klt sim -- generated corner deck, do not edit

Doing analysis at TEMP = 27.000000 and TNOM = 27.000000

Using SPARSE 1.3 as Direct Linear Solver

Initial Transient Solution
--------------------------

Node                                   Voltage
----                                   -------
vdd                                       1.08
cm                                         0.6
vd                                      -0.048
ap                                       0.576
an                                       0.624
clku                                         0
clk                                          0
ibn                                   0.286721
xa.x1.tmid                         3.23871e-06
xa.x1.tail                            0.551688
xa.x1.np                                  1.08
xa.x1.nn                               1.07999
xa.x1.ln                                  1.08
xa.x1.lp                                  1.08
xa.x1.lnb                          4.23101e-08
xa.x1.lpb                          4.35835e-08
xa.x1.na                                  1.08
doutb                              4.61614e-08
dout                                      1.08
xa.x1.nb                                  1.08
doutn                                        1
tcheck                                      27
pa_00                                  286.721
bpa_00#branch                                0
btchk#branch                                 0
bdoutn#branch                                0
bclk#branch                        1.23617e-10
ean#branch                         6.78041e-13
eap#branch                         8.95783e-13
vclku#branch                                 0
vd#branch                                    0
vcm#branch                         1.57382e-12
vsup#branch                        -2.0008e-05


No. of Data Rows : 12121

  Measurements for Transient Analysis

dlev0               =  5.52803e-06
dlev1               =  -1.27020e-05
dlev2               =  -9.77910e-06
dlev3               =  -8.27821e-06
dlev4               =  -1.15846e-05
dlev5               =  1.11288e-08
dlev6               =  -8.12956e-06
dlev7               =  -9.98019e-06
dlev8               =  -1.21968e-05
dlev9               =  -8.10687e-06
dlev10              =  -7.73545e-06
dlev11              =  -9.05870e-06
dlev12              =  -1.19171e-05
dlev13              =  -7.33806e-06
dlev14              =  -1.29484e-06
dlev15              =  -1.21419e-05
dlev16              =  1.00000e+00
dlev17              =  1.00000e+00
dlev18              =  9.99997e-01
dlev19              =  9.99996e-01
dlev20              =  9.99995e-01
dlev21              =  9.99997e-01
dlev22              =  9.99997e-01
dlev23              =  9.99996e-01
dlev24              =  9.99996e-01
dlev25              =  9.99996e-01
dlev26              =  1.00000e+00
dlev27              =  9.99995e-01
dlev28              =  1.00000e+00
dlev29              =  9.99995e-01
dlev30              =  1.00000e+00
dlev31              =  9.99996e-01
dlev32              =  9.99996e-01
vdd_meas            =  1.08000e+00
temp_meas           =  2.70000e+01
vbias_mv            =  2.86721e+02
lowcount            =  1.60002e+01
vos_mv              =  -1.49949e+00

ngspice-46 done
