
Note: No compatibility mode selected!


Circuit: * klt sim -- generated corner deck, do not edit

Doing analysis at TEMP = 125.000000 and TNOM = 27.000000

Using SPARSE 1.3 as Direct Linear Solver

Initial Transient Solution
--------------------------

Node                                   Voltage
----                                   -------
vdd                                       1.08
cm                                        0.55
vd                                      -0.048
ap                                       0.526
an                                       0.574
clku                                         0
clk                                          0
ibn                                    0.27166
xa.x1.tmid                         3.26489e-05
xa.x1.tail                            0.542905
xa.x1.np                               1.07999
xa.x1.nn                               1.07997
xa.x1.ln                                  1.08
xa.x1.lp                                  1.08
xa.x1.lnb                           1.0447e-05
xa.x1.lpb                          8.77408e-06
xa.x1.na                               1.06256
doutb                                 0.599177
dout                                  0.600035
xa.x1.nb                               1.06167
doutn                                 0.555588
tcheck                                     125
pa_00                                   271.66
bpa_00#branch                                0
btchk#branch                                 0
bdoutn#branch                                0
bclk#branch                        6.03335e-10
ean#branch                         6.90697e-13
eap#branch                         9.03666e-13
vclku#branch                                 0
vd#branch                                    0
vcm#branch                         1.59436e-12
vsup#branch                       -8.39275e-05


No. of Data Rows : 12054

  Measurements for Transient Analysis

dlev0               =  1.31274e-05
dlev1               =  1.31823e-05
dlev2               =  1.27326e-05
dlev3               =  1.32080e-05
dlev4               =  1.13240e-05
dlev5               =  1.23451e-05
dlev6               =  1.12792e-05
dlev7               =  1.18599e-05
dlev8               =  1.12948e-05
dlev9               =  1.13556e-05
dlev10              =  1.30500e-05
dlev11              =  1.14113e-05
dlev12              =  1.14658e-05
dlev13              =  1.30633e-05
dlev14              =  1.22985e-05
dlev15              =  9.99999e-01
dlev16              =  9.99999e-01
dlev17              =  9.99998e-01
dlev18              =  9.99997e-01
dlev19              =  9.99998e-01
dlev20              =  9.99999e-01
dlev21              =  9.99999e-01
dlev22              =  9.99998e-01
dlev23              =  9.99997e-01
dlev24              =  9.99997e-01
dlev25              =  9.99997e-01
dlev26              =  9.99997e-01
dlev27              =  9.99997e-01
dlev28              =  9.99998e-01
dlev29              =  9.99998e-01
dlev30              =  9.99999e-01
dlev31              =  9.99999e-01
dlev32              =  9.99999e-01
vdd_meas            =  1.08000e+00
temp_meas           =  1.25000e+02
vbias_mv            =  2.71660e+02
lowcount            =  1.49999e+01
vos_mv              =  -4.50044e+00
vcm_meas            =  5.50000e-01

ngspice-46 done
