
Note: No compatibility mode selected!


Circuit: * klt sim -- generated corner deck, do not edit

Doing analysis at TEMP = 27.000000 and TNOM = 27.000000

Using SPARSE 1.3 as Direct Linear Solver

Initial Transient Solution
--------------------------

Node                                   Voltage
----                                   -------
vdd                                       1.32
cm                                        0.55
vd                                      -0.048
ap                                       0.526
an                                       0.574
clku                                         0
clk                                          0
ibn                                   0.357208
xa.x1.tmid                          8.3936e-08
xa.x1.tail                             0.55769
xa.x1.np                                  1.32
xa.x1.nn                                  1.32
xa.x1.ln                                  1.32
xa.x1.lp                                  1.32
xa.x1.lnb                           2.0153e-08
xa.x1.lpb                          2.08644e-08
xa.x1.na                                  1.32
doutb                               2.2986e-08
dout                                      1.32
xa.x1.nb                                  1.32
doutn                                        1
tcheck                                      27
pa_00                                  357.208
bpa_00#branch                                0
btchk#branch                                 0
bdoutn#branch                                0
bclk#branch                        1.33119e-10
ean#branch                         5.14394e-13
eap#branch                         6.46178e-13
vclku#branch                                 0
vd#branch                                    0
vcm#branch                         1.16057e-12
vsup#branch                       -2.00005e-05


No. of Data Rows : 12277

  Measurements for Transient Analysis

dlev0               =  -5.89203e-07
dlev1               =  -6.07432e-07
dlev2               =  -2.66545e-06
dlev3               =  6.03529e-07
dlev4               =  9.43802e-07
dlev5               =  -3.11603e-06
dlev6               =  -6.70940e-07
dlev7               =  -8.84504e-08
dlev8               =  -1.51501e-07
dlev9               =  -8.09775e-07
dlev10              =  -5.39781e-07
dlev11              =  -4.74797e-08
dlev12              =  -1.65673e-07
dlev13              =  -3.32286e-06
dlev14              =  -3.60008e-06
dlev15              =  1.00000e+00
dlev16              =  1.00000e+00
dlev17              =  1.00000e+00
dlev18              =  1.00000e+00
dlev19              =  1.00000e+00
dlev20              =  1.00000e+00
dlev21              =  1.00000e+00
dlev22              =  9.99999e-01
dlev23              =  9.99999e-01
dlev24              =  1.00000e+00
dlev25              =  9.99999e-01
dlev26              =  9.99999e-01
dlev27              =  1.00000e+00
dlev28              =  1.00000e+00
dlev29              =  1.00000e+00
dlev30              =  1.00000e+00
dlev31              =  1.00000e+00
dlev32              =  1.00000e+00
vdd_meas            =  1.32000e+00
temp_meas           =  2.70000e+01
vbias_mv            =  3.57208e+02
lowcount            =  1.50000e+01
vos_mv              =  -4.49997e+00
vcm_meas            =  5.50000e-01

ngspice-46 done
