
Note: No compatibility mode selected!


Circuit: * klt sim -- generated corner deck, do not edit

Doing analysis at TEMP = -40.000000 and TNOM = 27.000000

Using SPARSE 1.3 as Direct Linear Solver

Initial Transient Solution
--------------------------

Node                                   Voltage
----                                   -------
vdd                                       1.08
cm                                         0.6
vd                                      -0.048
ap                                       0.576
an                                       0.624
clku                                         0
clk                                          0
ibn                                   0.302724
xa.x1.tmid                         1.90668e-07
xa.x1.tail                            0.523763
xa.x1.np                                  1.08
xa.x1.nn                                  1.08
xa.x1.ln                                  1.08
xa.x1.lp                                  1.08
xa.x1.lnb                          7.88378e-08
xa.x1.lpb                          7.90203e-08
xa.x1.na                                1.0696
doutb                                 0.567888
dout                                   0.56518
xa.x1.nb                               1.06957
doutn                                 0.523315
tcheck                                     -40
pa_00                                  302.724
bpa_00#branch                                0
btchk#branch                                 0
bdoutn#branch                                0
bclk#branch                         4.5719e-10
ean#branch                         6.85535e-13
eap#branch                         9.05567e-13
vclku#branch                                 0
vd#branch                                    0
vcm#branch                          1.5911e-12
vsup#branch                       -6.88339e-05


No. of Data Rows : 12143

  Measurements for Transient Analysis

dlev0               =  6.74282e-07
dlev1               =  1.30685e-06
dlev2               =  7.83996e-07
dlev3               =  4.95685e-07
dlev4               =  3.17652e-07
dlev5               =  2.23978e-06
dlev6               =  -1.43600e-06
dlev7               =  -1.11658e-06
dlev8               =  8.05986e-07
dlev9               =  2.45713e-06
dlev10              =  -1.13302e-06
dlev11              =  1.50872e-06
dlev12              =  -1.94824e-06
dlev13              =  6.39254e-07
dlev14              =  1.08445e-06
dlev15              =  2.35870e-06
dlev16              =  2.71999e-06
dlev17              =  1.00000e+00
dlev18              =  1.00000e+00
dlev19              =  1.00000e+00
dlev20              =  1.00000e+00
dlev21              =  1.00000e+00
dlev22              =  1.00000e+00
dlev23              =  1.00000e+00
dlev24              =  1.00000e+00
dlev25              =  1.00000e+00
dlev26              =  1.00000e+00
dlev27              =  1.00000e+00
dlev28              =  1.00000e+00
dlev29              =  1.00000e+00
dlev30              =  9.99999e-01
dlev31              =  1.00000e+00
dlev32              =  1.00000e+00
vdd_meas            =  1.08000e+00
temp_meas           =  -4.00000e+01
vbias_mv            =  3.02724e+02
lowcount            =  1.70000e+01
vos_mv              =  1.49993e+00

ngspice-46 done
