
Note: No compatibility mode selected!


Circuit: * klt sim -- generated corner deck, do not edit

Doing analysis at TEMP = -40.000000 and TNOM = 27.000000

Using SPARSE 1.3 as Direct Linear Solver

Initial Transient Solution
--------------------------

Node                                   Voltage
----                                   -------
vdd                                       1.32
cm                                         0.6
vd                                      -0.048
ap                                       0.576
an                                       0.624
clku                                         0
clk                                          0
ibn                                   0.298947
xa.x1.tmid                         2.19081e-07
xa.x1.tail                            0.537525
xa.x1.np                                  1.32
xa.x1.nn                                  1.32
xa.x1.ln                                  1.32
xa.x1.lp                                  1.32
xa.x1.lnb                          1.25288e-07
xa.x1.lpb                          1.28448e-07
xa.x1.na                               1.29072
doutb                                    0.674
dout                                  0.679511
xa.x1.nb                               1.29283
doutn                                 0.514781
tcheck                                     -40
pa_00                                  298.947
bpa_00#branch                                0
btchk#branch                                 0
bdoutn#branch                                0
bclk#branch                        8.96535e-10
ean#branch                         1.71975e-12
eap#branch                           2.136e-12
vclku#branch                                 0
vd#branch                                    0
vcm#branch                         3.85575e-12
vsup#branch                       -0.000185156


No. of Data Rows : 12328

  Measurements for Transient Analysis

dlev0               =  2.01233e-07
dlev1               =  -1.02592e-06
dlev2               =  -1.17876e-06
dlev3               =  -6.14653e-07
dlev4               =  -4.20470e-06
dlev5               =  5.67895e-07
dlev6               =  6.84212e-07
dlev7               =  1.09010e-06
dlev8               =  -3.57787e-06
dlev9               =  1.67539e-06
dlev10              =  2.02647e-06
dlev11              =  -3.98892e-06
dlev12              =  3.70370e-06
dlev13              =  7.77520e-07
dlev14              =  2.88999e-06
dlev15              =  1.01843e-06
dlev16              =  -1.49220e-06
dlev17              =  1.63823e-06
dlev18              =  1.00000e+00
dlev19              =  1.00000e+00
dlev20              =  9.99998e-01
dlev21              =  1.00000e+00
dlev22              =  9.99999e-01
dlev23              =  1.00000e+00
dlev24              =  9.99998e-01
dlev25              =  1.00000e+00
dlev26              =  1.00000e+00
dlev27              =  1.00000e+00
dlev28              =  1.00000e+00
dlev29              =  1.00000e+00
dlev30              =  1.00000e+00
dlev31              =  9.99997e-01
dlev32              =  9.99999e-01
vdd_meas            =  1.32000e+00
temp_meas           =  -4.00000e+01
vbias_mv            =  2.98947e+02
lowcount            =  1.80000e+01
vos_mv              =  4.50000e+00

ngspice-46 done
