
Note: No compatibility mode selected!


Circuit: * klt sim -- generated corner deck, do not edit

Doing analysis at TEMP = 27.000000 and TNOM = 27.000000

Using SPARSE 1.3 as Direct Linear Solver

Initial Transient Solution
--------------------------

Node                                   Voltage
----                                   -------
vdd                                       1.32
cm                                        0.65
vd                                      -0.048
ap                                       0.626
an                                       0.674
clku                                         0
clk                                          0
ibn                                   0.286644
xa.x1.tmid                         3.03252e-06
xa.x1.tail                            0.620851
xa.x1.np                                  1.32
xa.x1.nn                                  1.32
xa.x1.ln                                  1.32
xa.x1.lp                                  1.32
xa.x1.lnb                          7.33891e-08
xa.x1.lpb                          7.12197e-08
xa.x1.na                                  1.32
doutb                              7.23492e-08
dout                                      1.32
xa.x1.nb                                  1.32
doutn                                        1
tcheck                                      27
pa_00                                  286.644
bpa_00#branch                                0
btchk#branch                                 0
bdoutn#branch                                0
bclk#branch                        2.46078e-10
ean#branch                         2.73956e-12
eap#branch                         3.44544e-12
vclku#branch                                 0
vd#branch                                    0
vcm#branch                           6.185e-12
vsup#branch                       -2.00082e-05


No. of Data Rows : 12298

  Measurements for Transient Analysis

dlev0               =  4.63597e-07
dlev1               =  -1.25207e-06
dlev2               =  -9.95683e-07
dlev3               =  1.12620e-06
dlev4               =  -2.82381e-06
dlev5               =  2.95162e-07
dlev6               =  -2.64705e-06
dlev7               =  -2.70113e-06
dlev8               =  3.31678e-07
dlev9               =  -2.74282e-06
dlev10              =  -2.71662e-06
dlev11              =  -2.71355e-06
dlev12              =  -2.39600e-06
dlev13              =  -1.79440e-06
dlev14              =  1.00000e+00
dlev15              =  9.99998e-01
dlev16              =  9.99998e-01
dlev17              =  9.99998e-01
dlev18              =  9.99998e-01
dlev19              =  9.99998e-01
dlev20              =  9.99998e-01
dlev21              =  9.99998e-01
dlev22              =  1.00000e+00
dlev23              =  9.99999e-01
dlev24              =  9.99998e-01
dlev25              =  1.00000e+00
dlev26              =  9.99998e-01
dlev27              =  9.99998e-01
dlev28              =  9.99998e-01
dlev29              =  9.99997e-01
dlev30              =  9.99997e-01
dlev31              =  9.99997e-01
dlev32              =  9.99997e-01
vdd_meas            =  1.32000e+00
temp_meas           =  2.70000e+01
vbias_mv            =  2.86644e+02
lowcount            =  1.40001e+01
vos_mv              =  -7.49984e+00
vcm_meas            =  6.50000e-01

ngspice-46 done
