
Note: No compatibility mode selected!


Circuit: * klt sim -- generated corner deck, do not edit

Doing analysis at TEMP = -40.000000 and TNOM = 27.000000

Using SPARSE 1.3 as Direct Linear Solver

Initial Transient Solution
--------------------------

Node                                   Voltage
----                                   -------
vdd                                       1.08
cm                                         0.6
vd                                      -0.048
ap                                       0.576
an                                       0.624
clku                                         0
clk                                          0
ibn                                   0.368014
xa.x1.tmid                          5.0002e-09
xa.x1.tail                            0.578398
xa.x1.np                                  1.08
xa.x1.nn                                  1.08
xa.x1.ln                                  1.08
xa.x1.lp                                  1.08
xa.x1.lnb                          3.40608e-08
xa.x1.lpb                          3.58784e-08
xa.x1.na                               1.07444
doutb                                  0.59378
dout                                  0.587535
xa.x1.nb                                1.0748
doutn                                 0.544014
tcheck                                     -40
pa_00                                  368.014
bpa_00#branch                                0
btchk#branch                                 0
bdoutn#branch                                0
bclk#branch                         2.5267e-10
ean#branch                         1.11522e-13
eap#branch                         1.48631e-13
vclku#branch                                 0
vd#branch                                    0
vcm#branch                         2.60153e-13
vsup#branch                       -4.24636e-05


No. of Data Rows : 12176

  Measurements for Transient Analysis

dlev0               =  2.74192e-06
dlev1               =  -9.14225e-06
dlev2               =  -9.13537e-06
dlev3               =  -5.53454e-06
dlev4               =  -6.69929e-06
dlev5               =  -8.59325e-06
dlev6               =  -8.56520e-06
dlev7               =  -1.13144e-06
dlev8               =  -1.04653e-05
dlev9               =  -8.89003e-06
dlev10              =  -7.33816e-06
dlev11              =  -1.18762e-05
dlev12              =  -8.97657e-06
dlev13              =  -9.14072e-06
dlev14              =  -1.08108e-05
dlev15              =  1.00000e+00
dlev16              =  9.99995e-01
dlev17              =  9.99995e-01
dlev18              =  1.00000e+00
dlev19              =  9.99996e-01
dlev20              =  9.99996e-01
dlev21              =  9.99996e-01
dlev22              =  9.99996e-01
dlev23              =  9.99996e-01
dlev24              =  9.99996e-01
dlev25              =  9.99996e-01
dlev26              =  9.99995e-01
dlev27              =  1.00000e+00
dlev28              =  9.99997e-01
dlev29              =  9.99995e-01
dlev30              =  9.99994e-01
dlev31              =  9.99997e-01
dlev32              =  9.99997e-01
vdd_meas            =  1.08000e+00
temp_meas           =  -4.00000e+01
vbias_mv            =  3.68014e+02
lowcount            =  1.50002e+01
vos_mv              =  -4.49948e+00

ngspice-46 done
