
Note: No compatibility mode selected!


Circuit: * klt sim -- generated corner deck, do not edit

Doing analysis at TEMP = 27.000000 and TNOM = 27.000000

Using SPARSE 1.3 as Direct Linear Solver

Initial Transient Solution
--------------------------

Node                                   Voltage
----                                   -------
vdd                                       1.08
cm                                        0.55
vd                                      -0.048
ap                                       0.526
an                                       0.574
clku                                         0
clk                                          0
ibn                                   0.265722
xa.x1.tmid                         6.75842e-06
xa.x1.tail                            0.527129
xa.x1.np                                  1.08
xa.x1.nn                               1.07999
xa.x1.ln                                  1.08
xa.x1.lp                                  1.08
xa.x1.lnb                          5.70891e-07
xa.x1.lpb                           6.1083e-07
xa.x1.na                               1.06273
doutb                                 0.561999
dout                                  0.558532
xa.x1.nb                               1.06345
doutn                                 0.517159
tcheck                                      27
pa_00                                  265.722
bpa_00#branch                                0
btchk#branch                                 0
bdoutn#branch                                0
bclk#branch                        7.02377e-10
ean#branch                         2.83235e-12
eap#branch                         3.65111e-12
vclku#branch                                 0
vd#branch                                    0
vcm#branch                         6.48345e-12
vsup#branch                        -9.6199e-05


No. of Data Rows : 12173

  Measurements for Transient Analysis

dlev0               =  1.42890e-06
dlev1               =  4.04471e-06
dlev2               =  3.02182e-06
dlev3               =  4.88984e-06
dlev4               =  1.17252e-06
dlev5               =  2.56882e-06
dlev6               =  1.02749e-06
dlev7               =  2.57879e-06
dlev8               =  4.96727e-06
dlev9               =  3.77100e-06
dlev10              =  3.08657e-06
dlev11              =  1.43773e-06
dlev12              =  2.25086e-06
dlev13              =  1.77307e-06
dlev14              =  1.82066e-06
dlev15              =  4.58924e-06
dlev16              =  5.31688e-06
dlev17              =  1.00000e+00
dlev18              =  9.99999e-01
dlev19              =  1.00000e+00
dlev20              =  1.00000e+00
dlev21              =  1.00000e+00
dlev22              =  9.99999e-01
dlev23              =  1.00000e+00
dlev24              =  1.00000e+00
dlev25              =  1.00000e+00
dlev26              =  1.00000e+00
dlev27              =  1.00000e+00
dlev28              =  1.00000e+00
dlev29              =  9.99999e-01
dlev30              =  1.00000e+00
dlev31              =  1.00000e+00
dlev32              =  1.00000e+00
vdd_meas            =  1.08000e+00
temp_meas           =  2.70000e+01
vbias_mv            =  2.65722e+02
lowcount            =  1.69999e+01
vos_mv              =  1.49982e+00
vcm_meas            =  5.50000e-01

ngspice-46 done
