
Note: No compatibility mode selected!


Circuit: * klt sim -- generated corner deck, do not edit

Doing analysis at TEMP = 27.000000 and TNOM = 27.000000

Using SPARSE 1.3 as Direct Linear Solver

Initial Transient Solution
--------------------------

Node                                   Voltage
----                                   -------
vdd                                        1.2
cm                                         0.6
vd                                      -0.048
ap                                       0.576
an                                       0.624
clku                                         0
clk                                          0
ibn                                   0.319054
xa.x1.tmid                         1.32825e-07
xa.x1.tail                            0.601512
xa.x1.np                                   1.2
xa.x1.nn                                   1.2
xa.x1.ln                                   1.2
xa.x1.lp                                   1.2
xa.x1.lnb                          1.70851e-08
xa.x1.lpb                          1.62113e-08
xa.x1.na                               1.18888
doutb                                 0.611854
dout                                  0.606301
xa.x1.nb                               1.18956
doutn                                 0.505251
tcheck                                      27
pa_00                                  319.054
bpa_00#branch                                0
btchk#branch                                 0
bdoutn#branch                                0
bclk#branch                         9.5722e-11
ean#branch                         2.17742e-13
eap#branch                         2.81553e-13
vclku#branch                                 0
vd#branch                                    0
vcm#branch                         4.99295e-13
vsup#branch                        -4.6537e-05


No. of Data Rows : 12075

  Measurements for Transient Analysis

dlev0               =  6.30325e-06
dlev1               =  4.45961e-06
dlev2               =  3.18824e-06
dlev3               =  6.51951e-06
dlev4               =  8.78516e-06
dlev5               =  5.59666e-06
dlev6               =  6.18971e-06
dlev7               =  4.90720e-06
dlev8               =  5.43492e-06
dlev9               =  9.07944e-06
dlev10              =  3.84346e-06
dlev11              =  8.13125e-06
dlev12              =  3.68865e-06
dlev13              =  2.04740e-06
dlev14              =  4.41281e-06
dlev15              =  3.00219e-06
dlev16              =  5.24988e-07
dlev17              =  9.99997e-01
dlev18              =  1.00000e+00
dlev19              =  1.00000e+00
dlev20              =  1.00000e+00
dlev21              =  1.00000e+00
dlev22              =  1.00000e+00
dlev23              =  1.00000e+00
dlev24              =  1.00000e+00
dlev25              =  1.00000e+00
dlev26              =  1.00000e+00
dlev27              =  1.00000e+00
dlev28              =  1.00000e+00
dlev29              =  1.00000e+00
dlev30              =  1.00000e+00
dlev31              =  1.00000e+00
dlev32              =  1.00000e+00
vdd_meas            =  1.20000e+00
temp_meas           =  2.70000e+01
vbias_mv            =  3.19054e+02
lowcount            =  1.69999e+01
vos_mv              =  1.49969e+00

ngspice-46 done
