
Note: No compatibility mode selected!


Circuit: * klt sim -- generated corner deck, do not edit

Doing analysis at TEMP = -40.000000 and TNOM = 27.000000

Using SPARSE 1.3 as Direct Linear Solver

Initial Transient Solution
--------------------------

Node                                   Voltage
----                                   -------
vdd                                       1.08
cm                                         0.6
vd                                      -0.048
ap                                       0.576
an                                       0.624
clku                                         0
clk                                          0
ibn                                   0.301102
xa.x1.tmid                          1.9871e-07
xa.x1.tail                            0.548025
xa.x1.np                                  1.08
xa.x1.nn                                  1.08
xa.x1.ln                                  1.08
xa.x1.lp                                  1.08
xa.x1.lnb                          7.69345e-08
xa.x1.lpb                          8.15079e-08
xa.x1.na                                  1.08
doutb                              8.49031e-08
dout                                      1.08
xa.x1.nb                                  1.08
doutn                                        1
tcheck                                     -40
pa_00                                  301.102
bpa_00#branch                                0
btchk#branch                                 0
bdoutn#branch                                0
bclk#branch                        4.58011e-10
ean#branch                         6.91419e-13
eap#branch                         9.09342e-13
vclku#branch                                 0
vd#branch                                    0
vcm#branch                         1.60076e-12
vsup#branch                       -2.00016e-05


No. of Data Rows : 12172

  Measurements for Transient Analysis

dlev0               =  8.00766e-07
dlev1               =  -1.55776e-06
dlev2               =  -1.53145e-06
dlev3               =  -1.48054e-06
dlev4               =  -1.31779e-06
dlev5               =  1.28308e-06
dlev6               =  1.59147e-06
dlev7               =  -1.17848e-06
dlev8               =  -1.17266e-06
dlev9               =  9.60094e-07
dlev10              =  -1.22311e-06
dlev11              =  -1.09089e-06
dlev12              =  -9.93340e-07
dlev13              =  -9.91434e-07
dlev14              =  1.21238e-06
dlev15              =  1.21488e-06
dlev16              =  1.35502e-06
dlev17              =  1.00000e+00
dlev18              =  1.00000e+00
dlev19              =  1.00000e+00
dlev20              =  1.00000e+00
dlev21              =  1.00000e+00
dlev22              =  1.00000e+00
dlev23              =  1.00000e+00
dlev24              =  1.00000e+00
dlev25              =  1.00000e+00
dlev26              =  1.00000e+00
dlev27              =  1.00000e+00
dlev28              =  1.00000e+00
dlev29              =  1.00000e+00
dlev30              =  1.00000e+00
dlev31              =  9.99999e-01
dlev32              =  1.00000e+00
vdd_meas            =  1.08000e+00
temp_meas           =  -4.00000e+01
vbias_mv            =  3.01102e+02
lowcount            =  1.70000e+01
vos_mv              =  1.49998e+00

ngspice-46 done
