
Note: No compatibility mode selected!


Circuit: * klt sim -- generated corner deck, do not edit

Doing analysis at TEMP = 125.000000 and TNOM = 27.000000

Using SPARSE 1.3 as Direct Linear Solver

Initial Transient Solution
--------------------------

Node                                   Voltage
----                                   -------
vdd                                        1.2
cm                                        0.65
vd                                      -0.048
ap                                       0.626
an                                       0.674
clku                                         0
clk                                          0
ibn                                   0.273193
xa.x1.tmid                         3.89999e-05
xa.x1.tail                            0.629103
xa.x1.np                               1.19999
xa.x1.nn                               1.19997
xa.x1.ln                                   1.2
xa.x1.lp                                   1.2
xa.x1.lnb                          7.86175e-06
xa.x1.lpb                          8.07554e-06
xa.x1.na                                   1.2
doutb                                      1.2
dout                               1.14488e-05
xa.x1.nb                               1.19999
doutn                              9.54064e-06
tcheck                                     125
pa_00                                  273.193
bpa_00#branch                                0
btchk#branch                                 0
bdoutn#branch                                0
bclk#branch                        8.63481e-10
ean#branch                         7.69579e-13
eap#branch                          1.0022e-12
vclku#branch                                 0
vd#branch                                    0
vcm#branch                         1.77178e-12
vsup#branch                       -2.01163e-05


No. of Data Rows : 12183

  Measurements for Transient Analysis

dlev0               =  1.28263e-05
dlev1               =  1.47635e-05
dlev2               =  1.02466e-05
dlev3               =  1.07183e-05
dlev4               =  1.43543e-05
dlev5               =  1.43849e-05
dlev6               =  1.40621e-05
dlev7               =  1.35289e-05
dlev8               =  9.85419e-06
dlev9               =  9.83410e-06
dlev10              =  9.41722e-06
dlev11              =  9.43441e-06
dlev12              =  1.41244e-05
dlev13              =  1.36421e-05
dlev14              =  9.51412e-06
dlev15              =  1.23270e-05
dlev16              =  9.47208e-06
dlev17              =  1.34476e-05
dlev18              =  9.99999e-01
dlev19              =  9.99998e-01
dlev20              =  9.99998e-01
dlev21              =  9.99999e-01
dlev22              =  1.00000e+00
dlev23              =  9.99999e-01
dlev24              =  9.99998e-01
dlev25              =  9.99998e-01
dlev26              =  9.99998e-01
dlev27              =  9.99998e-01
dlev28              =  9.99999e-01
dlev29              =  9.99999e-01
dlev30              =  9.99999e-01
dlev31              =  9.99999e-01
dlev32              =  9.99998e-01
vdd_meas            =  1.20000e+00
temp_meas           =  1.25000e+02
vbias_mv            =  2.73193e+02
lowcount            =  1.79998e+01
vos_mv              =  4.49941e+00
vcm_meas            =  6.50000e-01

ngspice-46 done
