
Note: No compatibility mode selected!


Circuit: * klt sim -- generated corner deck, do not edit

Doing analysis at TEMP = 125.000000 and TNOM = 27.000000

Using SPARSE 1.3 as Direct Linear Solver

Initial Transient Solution
--------------------------

Node                                   Voltage
----                                   -------
vdd                                        1.2
cm                                         0.6
vd                                      -0.048
ap                                       0.576
an                                       0.624
clku                                         0
clk                                          0
ibn                                   0.276052
xa.x1.tmid                         1.53593e-05
xa.x1.tail                            0.601682
xa.x1.np                                   1.2
xa.x1.nn                               1.19999
xa.x1.ln                                   1.2
xa.x1.lp                                   1.2
xa.x1.lnb                          7.10218e-07
xa.x1.lpb                          7.62199e-07
xa.x1.na                                   1.2
doutb                                      1.2
dout                               9.25467e-07
xa.x1.nb                                   1.2
doutn                              7.71223e-07
tcheck                                     125
pa_00                                  276.052
bpa_00#branch                                0
btchk#branch                                 0
bdoutn#branch                                0
bclk#branch                          1.474e-10
ean#branch                         4.85334e-13
eap#branch                         6.27193e-13
vclku#branch                                 0
vd#branch                                    0
vcm#branch                         1.11253e-12
vsup#branch                       -1.50258e-05


No. of Data Rows : 12111

  Measurements for Transient Analysis

dlev0               =  -1.20294e-06
dlev1               =  -1.36961e-06
dlev2               =  8.35220e-07
dlev3               =  3.75374e-07
dlev4               =  4.19709e-07
dlev5               =  2.15650e-06
dlev6               =  1.71982e-06
dlev7               =  1.45045e-07
dlev8               =  5.19024e-07
dlev9               =  -9.76256e-08
dlev10              =  4.19870e-08
dlev11              =  2.67130e-07
dlev12              =  8.54337e-07
dlev13              =  9.00905e-07
dlev14              =  1.52442e-07
dlev15              =  6.09080e-07
dlev16              =  7.88978e-07
dlev17              =  1.00000e+00
dlev18              =  1.00000e+00
dlev19              =  1.00000e+00
dlev20              =  9.99999e-01
dlev21              =  1.00000e+00
dlev22              =  1.00000e+00
dlev23              =  9.99999e-01
dlev24              =  9.99999e-01
dlev25              =  1.00000e+00
dlev26              =  1.00000e+00
dlev27              =  1.00000e+00
dlev28              =  1.00000e+00
dlev29              =  1.00000e+00
dlev30              =  1.00000e+00
dlev31              =  9.99999e-01
dlev32              =  9.99999e-01
vdd_meas            =  1.20000e+00
temp_meas           =  1.25000e+02
vbias_mv            =  2.76052e+02
lowcount            =  1.70000e+01
vos_mv              =  1.49998e+00

ngspice-46 done
