
Note: No compatibility mode selected!


Circuit: * klt sim -- generated corner deck, do not edit

Doing analysis at TEMP = 27.000000 and TNOM = 27.000000

Using SPARSE 1.3 as Direct Linear Solver

Initial Transient Solution
--------------------------

Node                                   Voltage
----                                   -------
vdd                                        1.2
cm                                         0.6
vd                                      -0.048
ap                                       0.576
an                                       0.624
clku                                         0
clk                                          0
ibn                                   0.332908
xa.x1.tmid                         3.48828e-07
xa.x1.tail                            0.569713
xa.x1.np                                   1.2
xa.x1.nn                                   1.2
xa.x1.ln                                   1.2
xa.x1.lp                                   1.2
xa.x1.lnb                          2.30925e-07
xa.x1.lpb                          2.16281e-07
xa.x1.na                               1.18362
doutb                                 0.636574
dout                                  0.652378
xa.x1.nb                                1.1827
doutn                                 0.543648
tcheck                                      27
pa_00                                  332.908
bpa_00#branch                                0
btchk#branch                                 0
bdoutn#branch                                0
bclk#branch                        5.49062e-10
ean#branch                         3.00648e-13
eap#branch                         3.86913e-13
vclku#branch                                 0
vd#branch                                    0
vcm#branch                         6.87561e-13
vsup#branch                       -9.39342e-05


No. of Data Rows : 12165

  Measurements for Transient Analysis

dlev0               =  5.22534e-06
dlev1               =  5.25037e-06
dlev2               =  4.64924e-06
dlev3               =  5.85472e-07
dlev4               =  2.43760e-07
dlev5               =  7.10709e-07
dlev6               =  5.79851e-06
dlev7               =  5.89863e-06
dlev8               =  5.22431e-06
dlev9               =  4.43893e-06
dlev10              =  4.30362e-07
dlev11              =  1.94174e-06
dlev12              =  3.58767e-06
dlev13              =  -5.03690e-08
dlev14              =  2.93399e-07
dlev15              =  3.72477e-06
dlev16              =  1.50668e-06
dlev17              =  7.44844e-08
dlev18              =  1.00000e+00
dlev19              =  1.00000e+00
dlev20              =  1.00000e+00
dlev21              =  1.00000e+00
dlev22              =  1.00000e+00
dlev23              =  1.00000e+00
dlev24              =  1.00000e+00
dlev25              =  1.00000e+00
dlev26              =  1.00000e+00
dlev27              =  1.00000e+00
dlev28              =  1.00000e+00
dlev29              =  1.00000e+00
dlev30              =  1.00000e+00
dlev31              =  1.00000e+00
dlev32              =  1.00000e+00
vdd_meas            =  1.20000e+00
temp_meas           =  2.70000e+01
vbias_mv            =  3.32908e+02
lowcount            =  1.79999e+01
vos_mv              =  4.49983e+00

ngspice-46 done
