
Note: No compatibility mode selected!


Circuit: * klt sim -- generated corner deck, do not edit

Doing analysis at TEMP = 27.000000 and TNOM = 27.000000

Using SPARSE 1.3 as Direct Linear Solver

Initial Transient Solution
--------------------------

Node                                   Voltage
----                                   -------
vdd                                       1.32
cm                                         0.6
vd                                      -0.048
ap                                       0.576
an                                       0.624
clku                                         0
clk                                          0
ibn                                   0.286052
xa.x1.tmid                         3.14002e-06
xa.x1.tail                            0.529912
xa.x1.np                                  1.32
xa.x1.nn                                  1.32
xa.x1.ln                                  1.32
xa.x1.lp                                  1.32
xa.x1.lnb                          6.90035e-08
xa.x1.lpb                           7.2158e-08
xa.x1.na                                  1.32
doutb                                     1.32
dout                               8.06134e-08
xa.x1.nb                                  1.32
doutn                              6.10708e-08
tcheck                                      27
pa_00                                  286.052
bpa_00#branch                                0
btchk#branch                                 0
bdoutn#branch                                0
bclk#branch                        2.45796e-10
ean#branch                         2.30206e-12
eap#branch                          2.8753e-12
vclku#branch                                 0
vd#branch                                    0
vcm#branch                         5.17736e-12
vsup#branch                       -2.00085e-05


No. of Data Rows : 12273

  Measurements for Transient Analysis

dlev0               =  -1.90622e-06
dlev1               =  -4.33234e-06
dlev2               =  1.63713e-06
dlev3               =  -3.47558e-06
dlev4               =  -2.52264e-06
dlev5               =  -4.35638e-06
dlev6               =  2.34247e-06
dlev7               =  -3.38041e-06
dlev8               =  -8.06069e-07
dlev9               =  -3.93342e-06
dlev10              =  -3.64204e-06
dlev11              =  -2.63487e-06
dlev12              =  -1.73266e-06
dlev13              =  -1.56896e-06
dlev14              =  -9.43902e-08
dlev15              =  9.99997e-01
dlev16              =  1.00000e+00
dlev17              =  1.00000e+00
dlev18              =  1.00000e+00
dlev19              =  1.00000e+00
dlev20              =  1.00000e+00
dlev21              =  9.99999e-01
dlev22              =  1.00000e+00
dlev23              =  1.00000e+00
dlev24              =  1.00000e+00
dlev25              =  1.00000e+00
dlev26              =  9.99999e-01
dlev27              =  1.00000e+00
dlev28              =  9.99999e-01
dlev29              =  9.99999e-01
dlev30              =  9.99999e-01
dlev31              =  9.99999e-01
dlev32              =  9.99999e-01
vdd_meas            =  1.32000e+00
temp_meas           =  2.70000e+01
vbias_mv            =  2.86052e+02
lowcount            =  1.50000e+01
vos_mv              =  -4.49990e+00

ngspice-46 done
