
Note: No compatibility mode selected!


Circuit: * klt sim -- generated corner deck, do not edit

Doing analysis at TEMP = 27.000000 and TNOM = 27.000000

Using SPARSE 1.3 as Direct Linear Solver

Initial Transient Solution
--------------------------

Node                                   Voltage
----                                   -------
vdd                                       1.32
cm                                         0.6
vd                                      -0.048
ap                                       0.576
an                                       0.624
clku                                         0
clk                                          0
ibn                                   0.308074
xa.x1.tmid                          1.3303e-06
xa.x1.tail                            0.581108
xa.x1.np                                  1.32
xa.x1.nn                                  1.32
xa.x1.ln                                  1.32
xa.x1.lp                                  1.32
xa.x1.lnb                          1.07749e-07
xa.x1.lpb                          1.10767e-07
xa.x1.na                               1.29189
doutb                                 0.676145
dout                                  0.664983
xa.x1.nb                                 1.292
doutn                                 0.503775
tcheck                                      27
pa_00                                  308.074
bpa_00#branch                                0
btchk#branch                                 0
bdoutn#branch                                0
bclk#branch                        4.29389e-10
ean#branch                         1.69159e-12
eap#branch                         2.11972e-12
vclku#branch                                 0
vd#branch                                    0
vcm#branch                         3.81131e-12
vsup#branch                        -0.00014338


No. of Data Rows : 12307

  Measurements for Transient Analysis

dlev0               =  8.76335e-08
dlev1               =  -3.46606e-06
dlev2               =  -3.66130e-06
dlev3               =  -4.30576e-06
dlev4               =  -4.76673e-06
dlev5               =  -5.34253e-06
dlev6               =  -3.92485e-06
dlev7               =  -4.59096e-06
dlev8               =  -1.25352e-06
dlev9               =  1.44343e-07
dlev10              =  -3.80619e-06
dlev11              =  -1.16894e-06
dlev12              =  -1.14940e-06
dlev13              =  -3.33121e-06
dlev14              =  -2.85197e-06
dlev15              =  1.00000e+00
dlev16              =  9.99998e-01
dlev17              =  9.99998e-01
dlev18              =  1.00000e+00
dlev19              =  1.00000e+00
dlev20              =  9.99998e-01
dlev21              =  1.00000e+00
dlev22              =  1.00000e+00
dlev23              =  9.99999e-01
dlev24              =  1.00000e+00
dlev25              =  1.00000e+00
dlev26              =  1.00000e+00
dlev27              =  9.99997e-01
dlev28              =  9.99998e-01
dlev29              =  9.99998e-01
dlev30              =  9.99998e-01
dlev31              =  9.99998e-01
dlev32              =  9.99999e-01
vdd_meas            =  1.32000e+00
temp_meas           =  2.70000e+01
vbias_mv            =  3.08074e+02
lowcount            =  1.50001e+01
vos_mv              =  -4.49981e+00

ngspice-46 done
