
Note: No compatibility mode selected!


Circuit: * klt sim -- generated corner deck, do not edit

Doing analysis at TEMP = 125.000000 and TNOM = 27.000000

Using SPARSE 1.3 as Direct Linear Solver

Initial Transient Solution
--------------------------

Node                                   Voltage
----                                   -------
vdd                                       1.32
cm                                         0.6
vd                                      -0.048
ap                                       0.576
an                                       0.624
clku                                         0
clk                                          0
ibn                                   0.250496
xa.x1.tmid                          7.7133e-05
xa.x1.tail                            0.590085
xa.x1.np                               1.31998
xa.x1.nn                               1.31993
xa.x1.ln                                  1.32
xa.x1.lp                                  1.32
xa.x1.lnb                          3.40972e-06
xa.x1.lpb                          4.01961e-06
xa.x1.na                               1.27819
doutb                                 0.671794
dout                                  0.666086
xa.x1.nb                               1.28027
doutn                                 0.504611
tcheck                                     125
pa_00                                  250.496
bpa_00#branch                                0
btchk#branch                                 0
bdoutn#branch                                0
bclk#branch                        6.71396e-10
ean#branch                         3.76757e-12
eap#branch                          4.7192e-12
vclku#branch                                 0
vd#branch                                    0
vcm#branch                         8.48677e-12
vsup#branch                       -0.000180458


No. of Data Rows : 12251

  Measurements for Transient Analysis

dlev0               =  3.80734e-06
dlev1               =  4.12410e-06
dlev2               =  3.71798e-06
dlev3               =  2.59791e-06
dlev4               =  4.30925e-07
dlev5               =  2.89332e-06
dlev6               =  7.25427e-06
dlev7               =  3.56330e-06
dlev8               =  3.04348e-06
dlev9               =  3.30750e-06
dlev10              =  4.74825e-06
dlev11              =  3.78943e-06
dlev12              =  3.72032e-06
dlev13              =  4.37639e-06
dlev14              =  3.42256e-06
dlev15              =  3.21107e-06
dlev16              =  6.18808e-06
dlev17              =  9.99995e-01
dlev18              =  9.99992e-01
dlev19              =  9.99994e-01
dlev20              =  9.99994e-01
dlev21              =  9.99994e-01
dlev22              =  9.99993e-01
dlev23              =  9.99995e-01
dlev24              =  9.99995e-01
dlev25              =  9.99994e-01
dlev26              =  9.99994e-01
dlev27              =  9.99994e-01
dlev28              =  9.99994e-01
dlev29              =  9.99995e-01
dlev30              =  9.99995e-01
dlev31              =  9.99995e-01
dlev32              =  9.99993e-01
vdd_meas            =  1.32000e+00
temp_meas           =  1.25000e+02
vbias_mv            =  2.50496e+02
lowcount            =  1.70000e+01
vos_mv              =  1.50009e+00

ngspice-46 done
