
Note: No compatibility mode selected!


Circuit: * klt sim -- generated corner deck, do not edit

Doing analysis at TEMP = -40.000000 and TNOM = 27.000000

Using SPARSE 1.3 as Direct Linear Solver

Initial Transient Solution
--------------------------

Node                                   Voltage
----                                   -------
vdd                                        1.2
cm                                         0.6
vd                                      -0.048
ap                                       0.576
an                                       0.624
clku                                         0
clk                                          0
ibn                                   0.345798
xa.x1.tmid                         2.61628e-08
xa.x1.tail                            0.570372
xa.x1.np                                   1.2
xa.x1.nn                                   1.2
xa.x1.ln                                   1.2
xa.x1.lp                                   1.2
xa.x1.lnb                          2.63773e-08
xa.x1.lpb                          2.67654e-08
xa.x1.na                                   1.2
doutb                                      1.2
dout                               2.75272e-08
xa.x1.nb                                   1.2
doutn                              2.29393e-08
tcheck                                     -40
pa_00                                  345.798
bpa_00#branch                                0
btchk#branch                                 0
bdoutn#branch                                0
bclk#branch                        2.04434e-10
ean#branch                         4.54053e-13
eap#branch                          5.8234e-13
vclku#branch                                 0
vd#branch                                    0
vcm#branch                         1.03639e-12
vsup#branch                       -2.00005e-05


No. of Data Rows : 12263

  Measurements for Transient Analysis

dlev0               =  -2.92502e-06
dlev1               =  -1.88835e-06
dlev2               =  -2.57228e-06
dlev3               =  -2.94000e-06
dlev4               =  -3.43273e-06
dlev5               =  -3.98294e-06
dlev6               =  -4.24640e-06
dlev7               =  2.42254e-06
dlev8               =  9.16318e-06
dlev9               =  9.31682e-06
dlev10              =  8.67395e-06
dlev11              =  2.11932e-06
dlev12              =  -1.81766e-06
dlev13              =  7.37170e-06
dlev14              =  -2.04103e-06
dlev15              =  7.17321e-06
dlev16              =  9.99999e-01
dlev17              =  1.00000e+00
dlev18              =  9.99999e-01
dlev19              =  1.00000e+00
dlev20              =  9.99999e-01
dlev21              =  1.00000e+00
dlev22              =  1.00000e+00
dlev23              =  1.00000e+00
dlev24              =  1.00000e+00
dlev25              =  1.00000e+00
dlev26              =  9.99999e-01
dlev27              =  1.00000e+00
dlev28              =  1.00000e+00
dlev29              =  1.00000e+00
dlev30              =  1.00000e+00
dlev31              =  1.00000e+00
dlev32              =  1.00000e+00
vdd_meas            =  1.20000e+00
temp_meas           =  -4.00000e+01
vbias_mv            =  3.45798e+02
lowcount            =  1.60000e+01
vos_mv              =  -1.50007e+00
vcm_meas            =  6.00000e-01

ngspice-46 done
