
Note: No compatibility mode selected!


Circuit: * klt sim -- generated corner deck, do not edit

Doing analysis at TEMP = -40.000000 and TNOM = 27.000000

Using SPARSE 1.3 as Direct Linear Solver

Initial Transient Solution
--------------------------

Node                                   Voltage
----                                   -------
vdd                                       1.32
cm                                        0.65
vd                                      -0.048
ap                                       0.626
an                                       0.674
clku                                         0
clk                                          0
ibn                                   0.366823
xa.x1.tmid                         6.10018e-09
xa.x1.tail                             0.62419
xa.x1.np                                  1.32
xa.x1.nn                                  1.32
xa.x1.ln                                  1.32
xa.x1.lp                                  1.32
xa.x1.lnb                           5.1194e-08
xa.x1.lpb                          5.16349e-08
xa.x1.na                                  1.32
doutb                              5.19451e-08
dout                                      1.32
xa.x1.nb                                  1.32
doutn                                        1
tcheck                                     -40
pa_00                                  366.823
bpa_00#branch                                0
btchk#branch                                 0
bdoutn#branch                                0
bclk#branch                        5.05674e-10
ean#branch                         3.13777e-13
eap#branch                         3.98792e-13
vclku#branch                                 0
vd#branch                                    0
vcm#branch                         7.12569e-13
vsup#branch                        -2.0001e-05


No. of Data Rows : 12405

  Measurements for Transient Analysis

dlev0               =  5.95856e-07
dlev1               =  -4.18754e-07
dlev2               =  -6.80823e-06
dlev3               =  -4.87496e-06
dlev4               =  -5.87367e-06
dlev5               =  -7.27168e-06
dlev6               =  -5.43063e-06
dlev7               =  -7.10927e-06
dlev8               =  -7.52343e-06
dlev9               =  -6.94877e-06
dlev10              =  -2.44417e-06
dlev11              =  -3.70763e-07
dlev12              =  -7.37925e-06
dlev13              =  -2.48218e-06
dlev14              =  -4.43987e-06
dlev15              =  -7.92700e-06
dlev16              =  -9.36869e-07
dlev17              =  1.00000e+00
dlev18              =  1.00000e+00
dlev19              =  9.99999e-01
dlev20              =  9.99996e-01
dlev21              =  9.99996e-01
dlev22              =  9.99996e-01
dlev23              =  1.00000e+00
dlev24              =  9.99996e-01
dlev25              =  9.99997e-01
dlev26              =  9.99997e-01
dlev27              =  9.99997e-01
dlev28              =  9.99997e-01
dlev29              =  9.99996e-01
dlev30              =  9.99997e-01
dlev31              =  9.99997e-01
dlev32              =  9.99997e-01
vdd_meas            =  1.32000e+00
temp_meas           =  -4.00000e+01
vbias_mv            =  3.66823e+02
lowcount            =  1.70001e+01
vos_mv              =  1.50036e+00
vcm_meas            =  6.50000e-01

ngspice-46 done
