
Note: No compatibility mode selected!


Circuit: * klt sim -- generated corner deck, do not edit

Doing analysis at TEMP = 125.000000 and TNOM = 27.000000

Using SPARSE 1.3 as Direct Linear Solver

Initial Transient Solution
--------------------------

Node                                   Voltage
----                                   -------
vdd                                       1.32
cm                                         0.6
vd                                      -0.048
ap                                       0.576
an                                       0.624
clku                                         0
clk                                          0
ibn                                    0.25193
xa.x1.tmid                         8.28904e-05
xa.x1.tail                            0.588666
xa.x1.np                               1.31998
xa.x1.nn                               1.31993
xa.x1.ln                                  1.32
xa.x1.lp                                  1.32
xa.x1.lnb                          3.99781e-06
xa.x1.lpb                          3.88177e-06
xa.x1.na                               1.27848
doutb                                   0.6761
dout                                  0.675241
xa.x1.nb                               1.28085
doutn                                 0.511546
tcheck                                     125
pa_00                                   251.93
bpa_00#branch                                0
btchk#branch                                 0
bdoutn#branch                                0
bclk#branch                        6.72025e-10
ean#branch                         3.76774e-12
eap#branch                         4.71767e-12
vclku#branch                                 0
vd#branch                                    0
vcm#branch                         8.48541e-12
vsup#branch                       -0.000181241


No. of Data Rows : 12260

  Measurements for Transient Analysis

dlev0               =  3.76716e-06
dlev1               =  4.66662e-06
dlev2               =  4.38383e-06
dlev3               =  4.22461e-06
dlev4               =  -1.05041e-07
dlev5               =  3.22271e-06
dlev6               =  -1.80936e-06
dlev7               =  3.33595e-06
dlev8               =  2.75446e-06
dlev9               =  6.97478e-07
dlev10              =  4.35010e-06
dlev11              =  3.62440e-06
dlev12              =  3.95467e-06
dlev13              =  1.42061e-06
dlev14              =  3.62328e-06
dlev15              =  -4.01492e-06
dlev16              =  3.99377e-06
dlev17              =  9.99996e-01
dlev18              =  9.99995e-01
dlev19              =  9.99995e-01
dlev20              =  9.99995e-01
dlev21              =  9.99995e-01
dlev22              =  9.99995e-01
dlev23              =  9.99995e-01
dlev24              =  9.99995e-01
dlev25              =  9.99995e-01
dlev26              =  9.99995e-01
dlev27              =  9.99994e-01
dlev28              =  9.99995e-01
dlev29              =  9.99995e-01
dlev30              =  9.99993e-01
dlev31              =  9.99994e-01
dlev32              =  9.99993e-01
vdd_meas            =  1.32000e+00
temp_meas           =  1.25000e+02
vbias_mv            =  2.51930e+02
lowcount            =  1.70000e+01
vos_mv              =  1.50013e+00

ngspice-46 done
