
Note: No compatibility mode selected!


Circuit: * klt sim -- generated corner deck, do not edit

Doing analysis at TEMP = 27.000000 and TNOM = 27.000000

Using SPARSE 1.3 as Direct Linear Solver
Note: Starting dynamic gmin stepping
Note: Dynamic gmin stepping completed

Initial Transient Solution
--------------------------

Node                                   Voltage
----                                   -------
vdd                                       1.32
cm                                         0.6
vd                                      -0.048
ap                                       0.576
an                                       0.624
clku                                         0
clk                                          0
ibn                                   0.273956
xa.x1.tmid                         2.10819e-06
xa.x1.tail                            0.577966
xa.x1.np                                  1.32
xa.x1.nn                                  1.32
xa.x1.ln                                  1.32
xa.x1.lp                                  1.32
xa.x1.lnb                          9.97291e-08
xa.x1.lpb                          1.12806e-07
xa.x1.na                                  1.32
doutb                              1.06174e-07
dout                                      1.32
xa.x1.nb                                  1.32
doutn                                        1
tcheck                                      27
pa_00                                  273.956
bpa_00#branch                                0
btchk#branch                                 0
bdoutn#branch                                0
bclk#branch                        4.33044e-10
ean#branch                         1.69142e-12
eap#branch                         2.11958e-12
vclku#branch                                 0
vd#branch                                    0
vcm#branch                         3.81101e-12
vsup#branch                       -1.00046e-05


No. of Data Rows : 12190

  Measurements for Transient Analysis

dlev0               =  2.96235e-06
dlev1               =  -1.02052e-07
dlev2               =  -1.93746e-06
dlev3               =  2.48117e-08
dlev4               =  -3.13214e-06
dlev5               =  -2.64634e-08
dlev6               =  7.51144e-07
dlev7               =  1.29408e-06
dlev8               =  -1.74546e-06
dlev9               =  -3.23800e-06
dlev10              =  -2.87113e-06
dlev11              =  5.67989e-07
dlev12              =  1.84763e-06
dlev13              =  2.23225e-06
dlev14              =  1.55644e-06
dlev15              =  1.91864e-06
dlev16              =  9.99999e-01
dlev17              =  9.99998e-01
dlev18              =  1.00000e+00
dlev19              =  9.99998e-01
dlev20              =  9.99997e-01
dlev21              =  9.99998e-01
dlev22              =  9.99997e-01
dlev23              =  9.99998e-01
dlev24              =  9.99999e-01
dlev25              =  9.99999e-01
dlev26              =  9.99999e-01
dlev27              =  1.00000e+00
dlev28              =  9.99998e-01
dlev29              =  9.99998e-01
dlev30              =  1.00000e+00
dlev31              =  9.99998e-01
dlev32              =  9.99999e-01
vdd_meas            =  1.32000e+00
temp_meas           =  2.70000e+01
vbias_mv            =  2.73956e+02
lowcount            =  1.60000e+01
vos_mv              =  -1.49992e+00

ngspice-46 done
