
Note: No compatibility mode selected!


Circuit: * klt sim -- generated corner deck, do not edit

Doing analysis at TEMP = 27.000000 and TNOM = 27.000000

Using SPARSE 1.3 as Direct Linear Solver

Initial Transient Solution
--------------------------

Node                                   Voltage
----                                   -------
vdd                                       1.08
cm                                         0.6
vd                                      -0.048
ap                                       0.576
an                                       0.624
clku                                         0
clk                                          0
ibn                                   0.263452
xa.x1.tmid                         7.60167e-06
xa.x1.tail                            0.570357
xa.x1.np                                  1.08
xa.x1.nn                               1.07999
xa.x1.ln                                  1.08
xa.x1.lp                                  1.08
xa.x1.lnb                          5.79213e-07
xa.x1.lpb                          5.71425e-07
xa.x1.na                               1.06358
doutb                                 0.565034
dout                                  0.566112
xa.x1.nb                               1.06269
doutn                                 0.524178
tcheck                                      27
pa_00                                  263.452
bpa_00#branch                                0
btchk#branch                                 0
bdoutn#branch                                0
bclk#branch                        7.09078e-10
ean#branch                         2.15508e-12
eap#branch                         2.82607e-12
vclku#branch                                 0
vd#branch                                    0
vcm#branch                         4.98115e-12
vsup#branch                       -9.12868e-05


No. of Data Rows : 12204

  Measurements for Transient Analysis

dlev0               =  9.26801e-07
dlev1               =  5.01831e-06
dlev2               =  4.32985e-06
dlev3               =  4.09832e-06
dlev4               =  4.10849e-06
dlev5               =  4.07629e-06
dlev6               =  4.02358e-06
dlev7               =  3.86732e-06
dlev8               =  5.18903e-06
dlev9               =  7.73473e-07
dlev10              =  4.92008e-07
dlev11              =  5.49734e-06
dlev12              =  3.91814e-06
dlev13              =  2.02164e-06
dlev14              =  4.51141e-06
dlev15              =  4.07687e-06
dlev16              =  2.72508e-06
dlev17              =  1.00000e+00
dlev18              =  1.00000e+00
dlev19              =  1.00000e+00
dlev20              =  1.00000e+00
dlev21              =  1.00000e+00
dlev22              =  1.00000e+00
dlev23              =  1.00000e+00
dlev24              =  1.00000e+00
dlev25              =  1.00000e+00
dlev26              =  1.00000e+00
dlev27              =  1.00000e+00
dlev28              =  1.00000e+00
dlev29              =  1.00000e+00
dlev30              =  1.00000e+00
dlev31              =  1.00000e+00
dlev32              =  1.00000e+00
vdd_meas            =  1.08000e+00
temp_meas           =  2.70000e+01
vbias_mv            =  2.63452e+02
lowcount            =  1.69999e+01
vos_mv              =  1.49979e+00

ngspice-46 done
