
Note: No compatibility mode selected!


Circuit: * klt sim -- generated corner deck, do not edit

Doing analysis at TEMP = 125.000000 and TNOM = 27.000000

Using SPARSE 1.3 as Direct Linear Solver

Initial Transient Solution
--------------------------

Node                                   Voltage
----                                   -------
vdd                                        1.2
cm                                         0.6
clku                                         0
clk                                          0
sa                                       0.001
asp                                     0.6005
asn                                     0.5995
apa                                     0.6005
ana                                     0.5995
apa_pin                                 0.6005
ana_pin                                 0.5995
ibna                                  0.272986
xa.x1.tmid                         3.33208e-05
xa.x1.tail                            0.544567
xa.x1.np                               1.19998
xa.x1.nn                               1.19998
xa.x1.ln                                   1.2
xa.x1.lp                                   1.2
xa.x1.lnb                          9.14497e-06
xa.x1.lpb                          9.14497e-06
xa.x1.na                               1.17295
doutba                                0.650268
douta                                 0.650268
xa.x1.nb                               1.17295
qp                                -0.000568683
qn                                -0.000571704
sb                                       0.001
bsp                                     0.6005
bsn                                     0.5995
bpp                                   0.601067
bpn                                    0.60007
ibnb                                  0.272986
xb.x1.tmid                         3.33374e-05
xb.x1.tail                            0.545043
xb.x1.np                               1.19998
xb.x1.nn                               1.19998
xb.x1.ln                                   1.2
xb.x1.lp                                   1.2
xb.x1.lnb                          9.14497e-06
xb.x1.lpb                          9.14497e-06
xb.x1.na                               1.17295
doutbb                                0.650268
doutb                                 0.650268
xb.x1.nb                               1.17295
sc                                         0.1
csp                                       0.65
csn                                       0.55
cpp                                   0.650435
cpn                                   0.550736
ibnc                                  0.272986
xc.x1.tmid                         3.40627e-05
xc.x1.tail                            0.565983
xc.x1.np                               1.19997
xc.x1.nn                                   1.2
xc.x1.ln                                   1.2
xc.x1.lp                                   1.2
xc.x1.lnb                          9.14497e-06
xc.x1.lpb                          9.14497e-06
xc.x1.na                               1.17295
doutbc                                0.650268
doutc                                 0.650268
xc.x1.nb                               1.17295
ad                                 5.68683e-10
bd                                 0.000996999
cd                                   0.0996984
bc                                 0.000568525
dan                                    0.54189
dbn                                    0.54189
dcn                                    0.54189
tcheck                                     125
btchk#branch                                 0
bdcn#branch                                  0
bdbn#branch                                  0
bdan#branch                                  0
bbc#branch                                   0
bcd#branch                                   0
bbd#branch                                   0
bad#branch                                   0
vkn#branch                        -5.71704e-13
vkp#branch                        -5.68683e-13
bclk#branch                         2.6101e-09
ecsn#branch                        7.36174e-13
ecsp#branch                        4.34551e-13
ebsn#branch                        5.70026e-13
ebsp#branch                        5.67024e-13
easn#branch                        5.71704e-13
easp#branch                        5.68683e-13
vsc#branch                                   0
vsb#branch                                   0
vsa#branch                                   0
vclku#branch                                 0
vcm#branch                         3.44816e-12
vsup#branch                       -0.000387412


No. of Data Rows : 12059

  Measurements for Transient Analysis

vdd_meas            =  1.20000e+00
temp_meas           =  1.25000e+02
ad_pos              =  5.67117e-02 at=  4.02429e-08
ad_neg              =  -1.91231e-02 at=  4.01485e-08
kick_1k_peak_mv     =  5.67117e+01
kick_1k_pos_mv      =  5.67117e+01
kick_1k_neg_mv      =  -1.91231e+01
qp29                =  -5.68683e-04
qpmax               =  1.27629e-02 at=  4.01535e-08
qpmin               =  -1.40089e-03 at=  3.00468e-08
qkick_p_fc          =  1.33316e+01
qn29                =  -5.71704e-04
qnmax               =  1.31430e-02 at=  4.01585e-08
qnmin               =  -1.40382e-03 at=  3.00468e-08
qkick_n_fc          =  1.37147e+01
qkick_fc            =  1.37147e+01
bd0                 =  9.96999e-04
bd1                 =  9.96928e-04
cd0                 =  9.96984e-02
cd1                 =  9.96955e-02
kick_sigdep_uv      =  2.81514e+00
bc0                 =  5.68525e-04
bc1                 =  4.43863e-04
kick_cm_uv          =  -1.24662e+02
dout_1k_end         =  9.99998e-01
dout_float_small_end=  9.99998e-01
dout_float_big_end  =  9.99998e-01

ngspice-46 done
