
Note: No compatibility mode selected!


Circuit: * klt sim -- generated corner deck, do not edit

Doing analysis at TEMP = 125.000000 and TNOM = 27.000000

Using SPARSE 1.3 as Direct Linear Solver

Initial Transient Solution
--------------------------

Node                                   Voltage
----                                   -------
vdd                                        1.2
cm                                         0.6
vd                                      -0.048
ap                                       0.576
an                                       0.624
clku                                         0
clk                                          0
ibn                                   0.245284
xa.x1.tmid                         9.35049e-05
xa.x1.tail                            0.582891
xa.x1.np                               1.19998
xa.x1.nn                               1.19991
xa.x1.ln                                   1.2
xa.x1.lp                                   1.2
xa.x1.lnb                          3.73471e-06
xa.x1.lpb                          3.43838e-06
xa.x1.na                               1.17004
doutb                                 0.619057
dout                                  0.608423
xa.x1.nb                               1.16983
doutn                                 0.507019
tcheck                                     125
pa_00                                  245.284
bpa_00#branch                                0
btchk#branch                                 0
bdoutn#branch                                0
bclk#branch                        4.80664e-10
ean#branch                         2.09263e-12
eap#branch                         2.67786e-12
vclku#branch                                 0
vd#branch                                    0
vcm#branch                         4.77049e-12
vsup#branch                       -0.000128787


No. of Data Rows : 12147

  Measurements for Transient Analysis

dlev0               =  6.30198e-06
dlev1               =  7.22244e-06
dlev2               =  7.59503e-06
dlev3               =  7.08575e-06
dlev4               =  4.81421e-06
dlev5               =  5.00873e-06
dlev6               =  6.85853e-06
dlev7               =  6.82696e-06
dlev8               =  6.84785e-06
dlev9               =  6.24647e-06
dlev10              =  5.50415e-06
dlev11              =  5.38448e-06
dlev12              =  6.04958e-06
dlev13              =  5.72261e-06
dlev14              =  7.56682e-06
dlev15              =  7.30945e-06
dlev16              =  5.71562e-06
dlev17              =  5.27488e-06
dlev18              =  9.99995e-01
dlev19              =  9.99996e-01
dlev20              =  9.99995e-01
dlev21              =  9.99995e-01
dlev22              =  9.99995e-01
dlev23              =  9.99996e-01
dlev24              =  9.99995e-01
dlev25              =  9.99996e-01
dlev26              =  9.99995e-01
dlev27              =  9.99996e-01
dlev28              =  9.99996e-01
dlev29              =  9.99996e-01
dlev30              =  9.99995e-01
dlev31              =  9.99996e-01
dlev32              =  9.99996e-01
vdd_meas            =  1.20000e+00
temp_meas           =  1.25000e+02
vbias_mv            =  2.45284e+02
lowcount            =  1.80000e+01
vos_mv              =  4.49986e+00
vcm_meas            =  6.00000e-01

ngspice-46 done
