
Note: No compatibility mode selected!


Circuit: * klt sim -- generated corner deck, do not edit

Doing analysis at TEMP = 125.000000 and TNOM = 27.000000

Using SPARSE 1.3 as Direct Linear Solver

Initial Transient Solution
--------------------------

Node                                   Voltage
----                                   -------
vdd                                       1.08
cm                                        0.65
vd                                      -0.048
ap                                       0.626
an                                       0.674
clku                                         0
clk                                          0
ibn                                   0.205612
xa.x1.tmid                         0.000335117
xa.x1.tail                            0.612984
xa.x1.np                               1.07991
xa.x1.nn                               1.07972
xa.x1.ln                                  1.08
xa.x1.lp                                  1.08
xa.x1.lnb                          2.51047e-05
xa.x1.lpb                          1.99184e-05
xa.x1.na                               1.05439
doutb                                  0.57089
dout                                  0.565385
xa.x1.nb                               1.05296
doutn                                 0.523504
tcheck                                     125
pa_00                                  205.612
bpa_00#branch                                0
btchk#branch                                 0
bdoutn#branch                                0
bclk#branch                        1.13456e-09
ean#branch                         3.57298e-12
eap#branch                         4.83988e-12
vclku#branch                                 0
vd#branch                                    0
vcm#branch                         8.41285e-12
vsup#branch                       -0.000125558


No. of Data Rows : 12125

  Measurements for Transient Analysis

dlev0               =  2.63009e-05
dlev1               =  2.51262e-05
dlev2               =  2.57163e-05
dlev3               =  2.53527e-05
dlev4               =  2.54246e-05
dlev5               =  2.59596e-05
dlev6               =  2.55563e-05
dlev7               =  2.55142e-05
dlev8               =  2.54708e-05
dlev9               =  2.54572e-05
dlev10              =  2.54431e-05
dlev11              =  2.54607e-05
dlev12              =  2.57754e-05
dlev13              =  2.54242e-05
dlev14              =  2.55115e-05
dlev15              =  2.54019e-05
dlev16              =  9.99987e-01
dlev17              =  9.99986e-01
dlev18              =  9.99987e-01
dlev19              =  9.99986e-01
dlev20              =  9.99986e-01
dlev21              =  9.99986e-01
dlev22              =  9.99986e-01
dlev23              =  9.99986e-01
dlev24              =  9.99987e-01
dlev25              =  9.99987e-01
dlev26              =  9.99987e-01
dlev27              =  9.99986e-01
dlev28              =  9.99986e-01
dlev29              =  9.99986e-01
dlev30              =  9.99986e-01
dlev31              =  9.99986e-01
dlev32              =  9.99986e-01
vdd_meas            =  1.08000e+00
temp_meas           =  1.25000e+02
vbias_mv            =  2.05612e+02
lowcount            =  1.59998e+01
vos_mv              =  -1.50053e+00
vcm_meas            =  6.50000e-01

ngspice-46 done
