
Note: No compatibility mode selected!


Circuit: * klt sim -- generated corner deck, do not edit

Doing analysis at TEMP = -40.000000 and TNOM = 27.000000

Using SPARSE 1.3 as Direct Linear Solver

Initial Transient Solution
--------------------------

Node                                   Voltage
----                                   -------
vdd                                       1.08
cm                                         0.6
vd                                      -0.048
ap                                       0.576
an                                       0.624
clku                                         0
clk                                          0
ibn                                   0.325254
xa.x1.tmid                          6.7118e-08
xa.x1.tail                            0.567846
xa.x1.np                                  1.08
xa.x1.nn                                  1.08
xa.x1.ln                                  1.08
xa.x1.lp                                  1.08
xa.x1.lnb                          1.70691e-08
xa.x1.lpb                          1.58134e-08
xa.x1.na                               1.07362
doutb                                 0.524593
dout                                  0.528925
xa.x1.nb                               1.07385
doutn                                 0.489745
tcheck                                     -40
pa_00                                  325.254
bpa_00#branch                                0
btchk#branch                                 0
bdoutn#branch                                0
bclk#branch                         8.2729e-11
ean#branch                          4.9441e-13
eap#branch                         6.52645e-13
vclku#branch                                 0
vd#branch                                    0
vcm#branch                         1.14705e-12
vsup#branch                       -4.16954e-05


No. of Data Rows : 12228

  Measurements for Transient Analysis

dlev0               =  -5.27827e-06
dlev1               =  -4.92244e-06
dlev2               =  -6.60113e-06
dlev3               =  1.14217e-06
dlev4               =  -3.72889e-06
dlev5               =  -6.09444e-06
dlev6               =  -5.91454e-06
dlev7               =  -6.61554e-06
dlev8               =  -5.74169e-06
dlev9               =  -5.45743e-06
dlev10              =  -1.34123e-06
dlev11              =  -4.25235e-06
dlev12              =  -4.30165e-06
dlev13              =  -3.75860e-06
dlev14              =  -2.90398e-06
dlev15              =  -3.52164e-06
dlev16              =  9.99998e-01
dlev17              =  9.99999e-01
dlev18              =  9.99999e-01
dlev19              =  9.99999e-01
dlev20              =  9.99999e-01
dlev21              =  9.99998e-01
dlev22              =  9.99998e-01
dlev23              =  9.99999e-01
dlev24              =  9.99999e-01
dlev25              =  9.99998e-01
dlev26              =  9.99998e-01
dlev27              =  9.99998e-01
dlev28              =  9.99999e-01
dlev29              =  9.99998e-01
dlev30              =  9.99997e-01
dlev31              =  9.99999e-01
dlev32              =  9.99999e-01
vdd_meas            =  1.08000e+00
temp_meas           =  -4.00000e+01
vbias_mv            =  3.25254e+02
lowcount            =  1.60001e+01
vos_mv              =  -1.49971e+00

ngspice-46 done
