
Note: No compatibility mode selected!


Circuit: * klt sim -- generated corner deck, do not edit

Doing analysis at TEMP = -40.000000 and TNOM = 27.000000

Using SPARSE 1.3 as Direct Linear Solver

Initial Transient Solution
--------------------------

Node                                   Voltage
----                                   -------
vdd                                       1.32
cm                                         0.6
vd                                      -0.048
ap                                       0.576
an                                       0.624
clku                                         0
clk                                          0
ibn                                    0.34667
xa.x1.tmid                          2.3376e-08
xa.x1.tail                            0.575609
xa.x1.np                                  1.32
xa.x1.nn                                  1.32
xa.x1.ln                                  1.32
xa.x1.lp                                  1.32
xa.x1.lnb                          3.32072e-08
xa.x1.lpb                          3.38551e-08
xa.x1.na                               1.29998
doutb                                   0.6749
dout                                  0.675697
xa.x1.nb                               1.29889
doutn                                 0.511892
tcheck                                     -40
pa_00                                   346.67
bpa_00#branch                                0
btchk#branch                                 0
bdoutn#branch                                0
bclk#branch                        2.85912e-10
ean#branch                          8.2287e-13
eap#branch                         1.03059e-12
vclku#branch                                 0
vd#branch                                    0
vcm#branch                         1.85346e-12
vsup#branch                       -0.000121541


No. of Data Rows : 12411

  Measurements for Transient Analysis

dlev0               =  3.03698e-07
dlev1               =  -2.27672e-06
dlev2               =  -1.98292e-06
dlev3               =  -1.61725e-07
dlev4               =  4.63981e-08
dlev5               =  2.97691e-08
dlev6               =  2.36132e-08
dlev7               =  1.01040e-08
dlev8               =  1.73687e-08
dlev9               =  -1.20162e-08
dlev10              =  -9.35255e-08
dlev11              =  -2.68749e-07
dlev12              =  -1.04267e-07
dlev13              =  -6.72795e-06
dlev14              =  -6.75160e-06
dlev15              =  -1.07310e-05
dlev16              =  -2.38382e-08
dlev17              =  1.00000e+00
dlev18              =  9.99999e-01
dlev19              =  1.00000e+00
dlev20              =  9.99999e-01
dlev21              =  9.99997e-01
dlev22              =  9.99999e-01
dlev23              =  1.00000e+00
dlev24              =  1.00000e+00
dlev25              =  1.00000e+00
dlev26              =  1.00000e+00
dlev27              =  1.00000e+00
dlev28              =  1.00000e+00
dlev29              =  1.00000e+00
dlev30              =  1.00000e+00
dlev31              =  9.99999e-01
dlev32              =  9.99999e-01
vdd_meas            =  1.32000e+00
temp_meas           =  -4.00000e+01
vbias_mv            =  3.46670e+02
lowcount            =  1.70000e+01
vos_mv              =  1.50011e+00

ngspice-46 done
