
Note: No compatibility mode selected!


Circuit: * klt sim -- generated corner deck, do not edit

Doing analysis at TEMP = -40.000000 and TNOM = 27.000000

Using SPARSE 1.3 as Direct Linear Solver

Initial Transient Solution
--------------------------

Node                                   Voltage
----                                   -------
vdd                                        1.2
cm                                         0.6
vd                                      -0.048
ap                                       0.576
an                                       0.624
clku                                         0
clk                                          0
ibn                                   0.299072
xa.x1.tmid                         2.18686e-07
xa.x1.tail                            0.563555
xa.x1.np                                   1.2
xa.x1.nn                                   1.2
xa.x1.ln                                   1.2
xa.x1.lp                                   1.2
xa.x1.lnb                          9.83999e-08
xa.x1.lpb                          9.23197e-08
xa.x1.na                               1.18058
doutb                                 0.635338
dout                                  0.619655
xa.x1.nb                               1.18312
doutn                                 0.516379
tcheck                                     -40
pa_00                                  299.072
bpa_00#branch                                0
btchk#branch                                 0
bdoutn#branch                                0
bclk#branch                        6.50257e-10
ean#branch                         1.95688e-12
eap#branch                         2.48404e-12
vclku#branch                                 0
vd#branch                                    0
vcm#branch                         4.44092e-12
vsup#branch                       -0.000116879


No. of Data Rows : 12313

  Measurements for Transient Analysis

dlev0               =  -5.80598e-06
dlev1               =  -5.86995e-06
dlev2               =  -5.89177e-06
dlev3               =  -5.93097e-06
dlev4               =  4.02154e-07
dlev5               =  -1.80230e-06
dlev6               =  -5.75653e-06
dlev7               =  -2.21810e-06
dlev8               =  -1.71054e-06
dlev9               =  -6.79174e-06
dlev10              =  -5.97372e-06
dlev11              =  -6.26226e-06
dlev12              =  -6.65111e-06
dlev13              =  -6.84113e-06
dlev14              =  -6.71106e-06
dlev15              =  -6.88781e-06
dlev16              =  1.00000e+00
dlev17              =  9.99998e-01
dlev18              =  9.99998e-01
dlev19              =  9.99997e-01
dlev20              =  9.99998e-01
dlev21              =  9.99998e-01
dlev22              =  9.99998e-01
dlev23              =  9.99998e-01
dlev24              =  9.99999e-01
dlev25              =  9.99998e-01
dlev26              =  9.99998e-01
dlev27              =  1.00000e+00
dlev28              =  9.99999e-01
dlev29              =  9.99999e-01
dlev30              =  9.99999e-01
dlev31              =  9.99999e-01
dlev32              =  9.99999e-01
vdd_meas            =  1.20000e+00
temp_meas           =  -4.00000e+01
vbias_mv            =  2.99072e+02
lowcount            =  1.60001e+01
vos_mv              =  -1.49968e+00

ngspice-46 done
