
Note: No compatibility mode selected!


Circuit: * klt sim -- generated corner deck, do not edit

Doing analysis at TEMP = 27.000000 and TNOM = 27.000000

Using SPARSE 1.3 as Direct Linear Solver

Initial Transient Solution
--------------------------

Node                                   Voltage
----                                   -------
vdd                                        1.2
cm                                         0.6
vd                                      -0.048
ap                                       0.576
an                                       0.624
clku                                         0
clk                                          0
ibn                                   0.285838
xa.x1.tmid                         3.25434e-06
xa.x1.tail                            0.573564
xa.x1.np                                   1.2
xa.x1.nn                                   1.2
xa.x1.ln                                   1.2
xa.x1.lp                                   1.2
xa.x1.lnb                          5.47144e-08
xa.x1.lpb                          5.38598e-08
xa.x1.na                               1.18206
doutb                                 0.573491
dout                                  0.587808
xa.x1.nb                               1.17985
doutn                                  0.48984
tcheck                                      27
pa_00                                  285.838
bpa_00#branch                                0
btchk#branch                                 0
bdoutn#branch                                0
bclk#branch                        1.77748e-10
ean#branch                         1.94506e-12
eap#branch                         2.47816e-12
vclku#branch                                 0
vd#branch                                    0
vcm#branch                         4.42321e-12
vsup#branch                       -8.99447e-05


No. of Data Rows : 12285

  Measurements for Transient Analysis

dlev0               =  1.08598e-06
dlev1               =  1.08881e-06
dlev2               =  1.54635e-06
dlev3               =  4.31007e-07
dlev4               =  -1.37342e-06
dlev5               =  -1.59597e-06
dlev6               =  -1.42356e-06
dlev7               =  -1.72036e-06
dlev8               =  3.22673e-07
dlev9               =  -1.37732e-06
dlev10              =  6.26402e-07
dlev11              =  -4.85914e-08
dlev12              =  -5.09532e-07
dlev13              =  5.96447e-08
dlev14              =  -6.14078e-07
dlev15              =  1.27540e-07
dlev16              =  -2.41564e-06
dlev17              =  1.00000e+00
dlev18              =  1.00000e+00
dlev19              =  9.99998e-01
dlev20              =  9.99998e-01
dlev21              =  9.99999e-01
dlev22              =  1.00000e+00
dlev23              =  9.99999e-01
dlev24              =  9.99998e-01
dlev25              =  9.99999e-01
dlev26              =  9.99999e-01
dlev27              =  9.99999e-01
dlev28              =  9.99999e-01
dlev29              =  1.00000e+00
dlev30              =  1.00000e+00
dlev31              =  1.00000e+00
dlev32              =  1.00000e+00
vdd_meas            =  1.20000e+00
temp_meas           =  2.70000e+01
vbias_mv            =  2.85838e+02
lowcount            =  1.70000e+01
vos_mv              =  1.50005e+00

ngspice-46 done
