
Note: No compatibility mode selected!


Circuit: * klt sim -- generated corner deck, do not edit

Doing analysis at TEMP = 27.000000 and TNOM = 27.000000

Using SPARSE 1.3 as Direct Linear Solver

Initial Transient Solution
--------------------------

Node                                   Voltage
----                                   -------
vdd                                       1.08
cm                                        0.55
vd                                      -0.048
ap                                       0.526
an                                       0.574
clku                                         0
clk                                          0
ibn                                   0.307285
xa.x1.tmid                         1.28344e-06
xa.x1.tail                            0.529449
xa.x1.np                                  1.08
xa.x1.nn                                  1.08
xa.x1.ln                                  1.08
xa.x1.lp                                  1.08
xa.x1.lnb                          8.86401e-08
xa.x1.lpb                          9.97115e-08
xa.x1.na                                  1.08
doutb                              1.00694e-07
dout                                      1.08
xa.x1.nb                                  1.08
doutn                                        1
tcheck                                      27
pa_00                                  307.285
bpa_00#branch                                0
btchk#branch                                 0
bdoutn#branch                                0
bclk#branch                        2.14388e-10
ean#branch                           6.454e-13
eap#branch                         8.41244e-13
vclku#branch                                 0
vd#branch                                    0
vcm#branch                         1.48664e-12
vsup#branch                       -2.00037e-05


No. of Data Rows : 12184

  Measurements for Transient Analysis

dlev0               =  6.76445e-06
dlev1               =  5.06849e-07
dlev2               =  1.04473e-06
dlev3               =  1.26918e-07
dlev4               =  1.73706e-06
dlev5               =  -9.69794e-07
dlev6               =  -5.77787e-06
dlev7               =  1.30328e-06
dlev8               =  2.37421e-06
dlev9               =  2.03543e-06
dlev10              =  2.11508e-06
dlev11              =  1.62686e-06
dlev12              =  1.72017e-06
dlev13              =  2.17988e-06
dlev14              =  3.44375e-06
dlev15              =  1.00000e+00
dlev16              =  9.99999e-01
dlev17              =  1.00000e+00
dlev18              =  9.99999e-01
dlev19              =  1.00000e+00
dlev20              =  9.99999e-01
dlev21              =  9.99998e-01
dlev22              =  1.00000e+00
dlev23              =  9.99997e-01
dlev24              =  9.99999e-01
dlev25              =  1.00000e+00
dlev26              =  1.00000e+00
dlev27              =  1.00000e+00
dlev28              =  9.99999e-01
dlev29              =  9.99998e-01
dlev30              =  1.00000e+00
dlev31              =  9.99998e-01
dlev32              =  9.99999e-01
vdd_meas            =  1.08000e+00
temp_meas           =  2.70000e+01
vbias_mv            =  3.07285e+02
lowcount            =  1.50000e+01
vos_mv              =  -4.50003e+00
vcm_meas            =  5.50000e-01

ngspice-46 done
