
Note: No compatibility mode selected!


Circuit: * klt sim -- generated corner deck, do not edit

Doing analysis at TEMP = -40.000000 and TNOM = 27.000000

Using SPARSE 1.3 as Direct Linear Solver

Initial Transient Solution
--------------------------

Node                                   Voltage
----                                   -------
vdd                                       1.08
cm                                         0.6
vd                                      -0.048
ap                                       0.576
an                                       0.624
clku                                         0
clk                                          0
ibn                                   0.344556
xa.x1.tmid                         2.39434e-08
xa.x1.tail                            0.548825
xa.x1.np                                  1.08
xa.x1.nn                                  1.08
xa.x1.ln                                  1.08
xa.x1.lp                                  1.08
xa.x1.lnb                           2.2023e-08
xa.x1.lpb                          2.13775e-08
xa.x1.na                                  1.08
doutb                                     1.08
dout                               2.20975e-08
xa.x1.nb                                  1.08
doutn                              2.04607e-08
tcheck                                     -40
pa_00                                  344.556
bpa_00#branch                                0
btchk#branch                                 0
bdoutn#branch                                0
bclk#branch                        1.42901e-10
ean#branch                         1.55598e-13
eap#branch                         2.06932e-13
vclku#branch                                 0
vd#branch                                    0
vcm#branch                         3.62529e-13
vsup#branch                       -2.00004e-05


No. of Data Rows : 12171

  Measurements for Transient Analysis

dlev0               =  -2.85108e-07
dlev1               =  -1.98916e-07
dlev2               =  -9.49214e-08
dlev3               =  -4.44862e-08
dlev4               =  -6.40994e-08
dlev5               =  -1.69728e-08
dlev6               =  2.00023e-07
dlev7               =  6.96757e-07
dlev8               =  -1.86918e-07
dlev9               =  2.77463e-07
dlev10              =  -7.27528e-06
dlev11              =  2.77267e-07
dlev12              =  2.39872e-07
dlev13              =  2.59937e-07
dlev14              =  -3.18784e-06
dlev15              =  5.58442e-07
dlev16              =  1.00000e+00
dlev17              =  9.99997e-01
dlev18              =  9.99998e-01
dlev19              =  9.99998e-01
dlev20              =  9.99998e-01
dlev21              =  9.99998e-01
dlev22              =  9.99998e-01
dlev23              =  9.99998e-01
dlev24              =  9.99999e-01
dlev25              =  9.99999e-01
dlev26              =  1.00000e+00
dlev27              =  1.00000e+00
dlev28              =  1.00000e+00
dlev29              =  1.00000e+00
dlev30              =  1.00000e+00
dlev31              =  9.99999e-01
dlev32              =  1.00000e+00
vdd_meas            =  1.08000e+00
temp_meas           =  -4.00000e+01
vbias_mv            =  3.44556e+02
lowcount            =  1.60000e+01
vos_mv              =  -1.49993e+00

ngspice-46 done
