
Note: No compatibility mode selected!


Circuit: * klt sim -- generated corner deck, do not edit

Doing analysis at TEMP = 27.000000 and TNOM = 27.000000

Using SPARSE 1.3 as Direct Linear Solver

Initial Transient Solution
--------------------------

Node                                   Voltage
----                                   -------
vdd                                        1.2
cm                                         0.6
vd                                      -0.048
ap                                       0.576
an                                       0.624
clku                                         0
clk                                          0
ibn                                   0.330117
xa.x1.tmid                         3.80053e-07
xa.x1.tail                            0.567142
xa.x1.np                                   1.2
xa.x1.nn                                   1.2
xa.x1.ln                                   1.2
xa.x1.lp                                   1.2
xa.x1.lnb                          2.13941e-07
xa.x1.lpb                          2.15431e-07
xa.x1.na                                   1.2
doutb                                      1.2
dout                               3.06432e-07
xa.x1.nb                                   1.2
doutn                               2.5536e-07
tcheck                                      27
pa_00                                  330.117
bpa_00#branch                                0
btchk#branch                                 0
bdoutn#branch                                0
bclk#branch                        5.52727e-10
ean#branch                         3.00288e-13
eap#branch                         3.87052e-13
vclku#branch                                 0
vd#branch                                    0
vcm#branch                         6.87339e-13
vsup#branch                        -2.0003e-05


No. of Data Rows : 12125

  Measurements for Transient Analysis

dlev0               =  6.33436e-06
dlev1               =  5.85558e-06
dlev2               =  6.41329e-06
dlev3               =  6.22150e-06
dlev4               =  6.61520e-06
dlev5               =  6.57025e-06
dlev6               =  6.55817e-06
dlev7               =  4.66178e-06
dlev8               =  3.27174e-06
dlev9               =  3.83626e-06
dlev10              =  3.99211e-06
dlev11              =  4.55683e-06
dlev12              =  4.38149e-06
dlev13              =  6.43128e-06
dlev14              =  4.31669e-06
dlev15              =  3.22419e-06
dlev16              =  3.82262e-06
dlev17              =  1.00000e+00
dlev18              =  1.00000e+00
dlev19              =  1.00000e+00
dlev20              =  1.00000e+00
dlev21              =  1.00000e+00
dlev22              =  1.00000e+00
dlev23              =  1.00000e+00
dlev24              =  1.00000e+00
dlev25              =  1.00000e+00
dlev26              =  1.00000e+00
dlev27              =  1.00000e+00
dlev28              =  1.00000e+00
dlev29              =  1.00000e+00
dlev30              =  1.00000e+00
dlev31              =  1.00000e+00
dlev32              =  1.00000e+00
vdd_meas            =  1.20000e+00
temp_meas           =  2.70000e+01
vbias_mv            =  3.30117e+02
lowcount            =  1.69999e+01
vos_mv              =  1.49973e+00

ngspice-46 done
