
Note: No compatibility mode selected!


Circuit: * klt sim -- generated corner deck, do not edit

Doing analysis at TEMP = -40.000000 and TNOM = 27.000000

Using SPARSE 1.3 as Direct Linear Solver

Initial Transient Solution
--------------------------

Node                                   Voltage
----                                   -------
vdd                                       1.08
cm                                         0.6
vd                                      -0.048
ap                                       0.576
an                                       0.624
clku                                         0
clk                                          0
ibn                                    0.31669
xa.x1.tmid                         3.44868e-08
xa.x1.tail                             0.56868
xa.x1.np                                  1.08
xa.x1.nn                                  1.08
xa.x1.ln                                  1.08
xa.x1.lp                                  1.08
xa.x1.lnb                          2.13968e-08
xa.x1.lpb                          2.12019e-08
xa.x1.na                                  1.08
doutb                                     1.08
dout                               2.18648e-08
xa.x1.nb                                  1.08
doutn                              2.02452e-08
tcheck                                     -40
pa_00                                   316.69
bpa_00#branch                                0
btchk#branch                                 0
bdoutn#branch                                0
bclk#branch                        1.42889e-10
ean#branch                         2.34535e-13
eap#branch                         3.11279e-13
vclku#branch                                 0
vd#branch                                    0
vcm#branch                         5.45813e-13
vsup#branch                       -1.00004e-05


No. of Data Rows : 12068

  Measurements for Transient Analysis

dlev0               =  -7.18988e-07
dlev1               =  6.85206e-06
dlev2               =  1.12008e-06
dlev3               =  1.70121e-06
dlev4               =  1.07505e-06
dlev5               =  7.78484e-06
dlev6               =  8.70366e-06
dlev7               =  1.13955e-06
dlev8               =  2.18362e-07
dlev9               =  2.25114e-06
dlev10              =  2.27958e-06
dlev11              =  -5.47583e-07
dlev12              =  2.28376e-06
dlev13              =  1.91609e-06
dlev14              =  1.77082e-06
dlev15              =  -2.36118e-07
dlev16              =  9.99998e-01
dlev17              =  1.00000e+00
dlev18              =  1.00000e+00
dlev19              =  9.99996e-01
dlev20              =  9.99997e-01
dlev21              =  9.99999e-01
dlev22              =  9.99997e-01
dlev23              =  9.99997e-01
dlev24              =  1.00000e+00
dlev25              =  1.00000e+00
dlev26              =  1.00000e+00
dlev27              =  9.99995e-01
dlev28              =  9.99996e-01
dlev29              =  1.00000e+00
dlev30              =  1.00000e+00
dlev31              =  1.00000e+00
dlev32              =  1.00000e+00
vdd_meas            =  1.08000e+00
temp_meas           =  -4.00000e+01
vbias_mv            =  3.16690e+02
lowcount            =  1.60000e+01
vos_mv              =  -1.50006e+00

ngspice-46 done
