
Note: No compatibility mode selected!


Circuit: * klt sim -- generated corner deck, do not edit

Doing analysis at TEMP = -40.000000 and TNOM = 27.000000

Using SPARSE 1.3 as Direct Linear Solver
Note: Starting dynamic gmin stepping
Note: Dynamic gmin stepping completed

Initial Transient Solution
--------------------------

Node                                   Voltage
----                                   -------
vdd                                       1.08
cm                                         0.6
vd                                      -0.048
ap                                       0.576
an                                       0.624
clku                                         0
clk                                          0
ibn                                   0.366565
xa.x1.tmid                         5.25504e-09
xa.x1.tail                              0.5495
xa.x1.np                                  1.08
xa.x1.nn                                  1.08
xa.x1.ln                                  1.08
xa.x1.lp                                  1.08
xa.x1.lnb                          3.39785e-08
xa.x1.lpb                          3.53775e-08
xa.x1.na                               1.07476
doutb                                 0.591514
dout                                  0.592836
xa.x1.nb                               1.07508
doutn                                 0.548922
tcheck                                     -40
pa_00                                  366.565
bpa_00#branch                                0
btchk#branch                                 0
bdoutn#branch                                0
bclk#branch                        2.55001e-10
ean#branch                         5.54418e-14
eap#branch                         7.41768e-14
vclku#branch                                 0
vd#branch                                    0
vcm#branch                         1.29619e-13
vsup#branch                       -4.16912e-05


No. of Data Rows : 12092

  Measurements for Transient Analysis

dlev0               =  1.06290e-05
dlev1               =  -7.09005e-06
dlev2               =  -8.33841e-06
dlev3               =  -1.03235e-05
dlev4               =  8.90859e-08
dlev5               =  -2.17893e-06
dlev6               =  4.40907e-08
dlev7               =  -2.22374e-06
dlev8               =  -2.62814e-06
dlev9               =  -2.30102e-06
dlev10              =  -2.50044e-06
dlev11              =  -2.54646e-06
dlev12              =  -5.43757e-06
dlev13              =  -1.57089e-06
dlev14              =  -3.02600e-06
dlev15              =  -9.22860e-06
dlev16              =  -9.69380e-06
dlev17              =  -3.56746e-06
dlev18              =  1.00000e+00
dlev19              =  9.99996e-01
dlev20              =  9.99996e-01
dlev21              =  9.99999e-01
dlev22              =  9.99999e-01
dlev23              =  9.99996e-01
dlev24              =  9.99998e-01
dlev25              =  9.99998e-01
dlev26              =  9.99996e-01
dlev27              =  9.99998e-01
dlev28              =  9.99998e-01
dlev29              =  9.99997e-01
dlev30              =  9.99996e-01
dlev31              =  9.99996e-01
dlev32              =  1.00000e+00
vdd_meas            =  1.08000e+00
temp_meas           =  -4.00000e+01
vbias_mv            =  3.66565e+02
lowcount            =  1.80001e+01
vos_mv              =  4.50029e+00

ngspice-46 done
