
Note: No compatibility mode selected!


Circuit: * klt sim -- generated corner deck, do not edit

Doing analysis at TEMP = 27.000000 and TNOM = 27.000000

Using SPARSE 1.3 as Direct Linear Solver

Initial Transient Solution
--------------------------

Node                                   Voltage
----                                   -------
vdd                                        1.2
cm                                        0.65
vd                                      -0.048
ap                                       0.626
an                                       0.674
clku                                         0
clk                                          0
ibn                                   0.264801
xa.x1.tmid                         7.45954e-06
xa.x1.tail                               0.619
xa.x1.np                                   1.2
xa.x1.nn                               1.19999
xa.x1.ln                                   1.2
xa.x1.lp                                   1.2
xa.x1.lnb                          7.10999e-07
xa.x1.lpb                          6.87024e-07
xa.x1.na                               1.17392
doutb                                  0.63174
dout                                  0.615456
xa.x1.nb                               1.17627
doutn                                  0.51288
tcheck                                      27
pa_00                                  264.801
bpa_00#branch                                0
btchk#branch                                 0
bdoutn#branch                                0
bclk#branch                        1.00608e-09
ean#branch                         3.13863e-12
eap#branch                          4.0275e-12
vclku#branch                                 0
vd#branch                                    0
vcm#branch                         7.16613e-12
vsup#branch                       -0.000141761


No. of Data Rows : 12201

  Measurements for Transient Analysis

dlev0               =  -5.03728e-06
dlev1               =  -4.70089e-06
dlev2               =  -4.71539e-06
dlev3               =  -3.66913e-06
dlev4               =  -1.76697e-06
dlev5               =  -4.05511e-06
dlev6               =  -4.16193e-06
dlev7               =  -4.03953e-06
dlev8               =  -4.61028e-06
dlev9               =  -1.17971e-06
dlev10              =  -3.80789e-06
dlev11              =  -4.12457e-06
dlev12              =  -4.14041e-06
dlev13              =  -3.60889e-06
dlev14              =  -3.67943e-06
dlev15              =  -3.70450e-06
dlev16              =  -3.57871e-06
dlev17              =  9.99999e-01
dlev18              =  9.99997e-01
dlev19              =  9.99997e-01
dlev20              =  9.99997e-01
dlev21              =  9.99997e-01
dlev22              =  9.99998e-01
dlev23              =  9.99997e-01
dlev24              =  9.99998e-01
dlev25              =  9.99997e-01
dlev26              =  9.99997e-01
dlev27              =  9.99997e-01
dlev28              =  9.99998e-01
dlev29              =  9.99998e-01
dlev30              =  9.99998e-01
dlev31              =  9.99997e-01
dlev32              =  9.99997e-01
vdd_meas            =  1.20000e+00
temp_meas           =  2.70000e+01
vbias_mv            =  2.64801e+02
lowcount            =  1.70001e+01
vos_mv              =  1.50032e+00
vcm_meas            =  6.50000e-01

ngspice-46 done
