
Note: No compatibility mode selected!


Circuit: * klt sim -- generated corner deck, do not edit

Doing analysis at TEMP = -40.000000 and TNOM = 27.000000

Using SPARSE 1.3 as Direct Linear Solver

Initial Transient Solution
--------------------------

Node                                   Voltage
----                                   -------
vdd                                        1.2
cm                                         0.6
vd                                      -0.048
ap                                       0.576
an                                       0.624
clku                                         0
clk                                          0
ibn                                   0.343677
xa.x1.tmid                         2.48241e-08
xa.x1.tail                            0.573131
xa.x1.np                                   1.2
xa.x1.nn                                   1.2
xa.x1.ln                                   1.2
xa.x1.lp                                   1.2
xa.x1.lnb                          2.51543e-08
xa.x1.lpb                          2.54422e-08
xa.x1.na                                1.1874
doutb                                 0.618172
dout                                  0.619905
xa.x1.nb                               1.18762
doutn                                 0.516588
tcheck                                     -40
pa_00                                  343.677
bpa_00#branch                                0
btchk#branch                                 0
bdoutn#branch                                0
bclk#branch                        2.03769e-10
ean#branch                          4.5447e-13
eap#branch                         5.82312e-13
vclku#branch                                 0
vd#branch                                    0
vcm#branch                         1.03678e-12
vsup#branch                       -7.35987e-05


No. of Data Rows : 12275

  Measurements for Transient Analysis

dlev0               =  -2.28662e-07
dlev1               =  -2.43674e-07
dlev2               =  -8.75363e-07
dlev3               =  -1.10586e-06
dlev4               =  -1.33954e-06
dlev5               =  -1.67017e-06
dlev6               =  -2.12296e-06
dlev7               =  -2.35198e-06
dlev8               =  -3.79717e-06
dlev9               =  -7.58782e-06
dlev10              =  -3.93377e-06
dlev11              =  -4.27642e-06
dlev12              =  -1.69867e-06
dlev13              =  -7.69965e-06
dlev14              =  -7.12089e-06
dlev15              =  -5.04782e-06
dlev16              =  -7.96134e-06
dlev17              =  9.99999e-01
dlev18              =  9.99998e-01
dlev19              =  1.00000e+00
dlev20              =  9.99999e-01
dlev21              =  1.00000e+00
dlev22              =  1.00000e+00
dlev23              =  9.99999e-01
dlev24              =  1.00000e+00
dlev25              =  1.00000e+00
dlev26              =  1.00000e+00
dlev27              =  1.00000e+00
dlev28              =  1.00000e+00
dlev29              =  1.00000e+00
dlev30              =  1.00000e+00
dlev31              =  1.00000e+00
dlev32              =  1.00000e+00
vdd_meas            =  1.20000e+00
temp_meas           =  -4.00000e+01
vbias_mv            =  3.43677e+02
lowcount            =  1.70001e+01
vos_mv              =  1.50016e+00

ngspice-46 done
