
Note: No compatibility mode selected!


Circuit: * klt sim -- generated corner deck, do not edit

Doing analysis at TEMP = 27.000000 and TNOM = 27.000000

Using SPARSE 1.3 as Direct Linear Solver

Initial Transient Solution
--------------------------

Node                                   Voltage
----                                   -------
vdd                                        1.2
cm                                        0.55
vd                                      -0.048
ap                                       0.526
an                                       0.574
clku                                         0
clk                                          0
ibn                                   0.309343
xa.x1.tmid                          1.2357e-06
xa.x1.tail                            0.534876
xa.x1.np                                   1.2
xa.x1.nn                                   1.2
xa.x1.ln                                   1.2
xa.x1.lp                                   1.2
xa.x1.lnb                          9.80893e-08
xa.x1.lpb                          9.07074e-08
xa.x1.na                                   1.2
doutb                                      1.2
dout                               1.11046e-07
xa.x1.nb                                   1.2
doutn                              9.25384e-08
tcheck                                      27
pa_00                                  309.343
bpa_00#branch                                0
btchk#branch                                 0
bdoutn#branch                                0
bclk#branch                        3.10475e-10
ean#branch                         1.20712e-12
eap#branch                         1.53005e-12
vclku#branch                                 0
vd#branch                                    0
vcm#branch                         2.73717e-12
vsup#branch                       -2.00039e-05


No. of Data Rows : 12217

  Measurements for Transient Analysis

dlev0               =  -1.27959e-07
dlev1               =  3.35426e-06
dlev2               =  2.88403e-06
dlev3               =  1.03151e-06
dlev4               =  3.04688e-07
dlev5               =  -1.21367e-07
dlev6               =  1.05014e-06
dlev7               =  2.33673e-06
dlev8               =  2.38239e-06
dlev9               =  2.76208e-06
dlev10              =  9.58132e-07
dlev11              =  1.01318e-06
dlev12              =  4.42561e-07
dlev13              =  1.96122e-06
dlev14              =  2.75647e-07
dlev15              =  1.32273e-06
dlev16              =  1.00000e+00
dlev17              =  9.99999e-01
dlev18              =  1.00000e+00
dlev19              =  1.00000e+00
dlev20              =  1.00000e+00
dlev21              =  1.00000e+00
dlev22              =  1.00000e+00
dlev23              =  1.00000e+00
dlev24              =  1.00000e+00
dlev25              =  1.00000e+00
dlev26              =  1.00000e+00
dlev27              =  1.00000e+00
dlev28              =  1.00000e+00
dlev29              =  1.00000e+00
dlev30              =  1.00000e+00
dlev31              =  1.00000e+00
dlev32              =  1.00000e+00
vdd_meas            =  1.20000e+00
temp_meas           =  2.70000e+01
vbias_mv            =  3.09343e+02
lowcount            =  1.60000e+01
vos_mv              =  -1.50008e+00
vcm_meas            =  5.50000e-01

ngspice-46 done
