
Note: No compatibility mode selected!


Circuit: * klt sim -- generated corner deck, do not edit

Doing analysis at TEMP = 27.000000 and TNOM = 27.000000

Using SPARSE 1.3 as Direct Linear Solver

Initial Transient Solution
--------------------------

Node                                   Voltage
----                                   -------
vdd                                       1.08
cm                                         0.6
vd                                      -0.048
ap                                       0.576
an                                       0.624
clku                                         0
clk                                          0
ibn                                    0.31646
xa.x1.tmid                         4.17008e-07
xa.x1.tail                            0.584645
xa.x1.np                                  1.08
xa.x1.nn                                  1.08
xa.x1.ln                                  1.08
xa.x1.lp                                  1.08
xa.x1.lnb                          2.34681e-07
xa.x1.lpb                          1.88493e-07
xa.x1.na                                1.0699
doutb                                 0.585274
dout                                  0.585446
xa.x1.nb                               1.07001
doutn                                  0.54208
tcheck                                      27
pa_00                                   316.46
bpa_00#branch                                0
btchk#branch                                 0
bdoutn#branch                                0
bclk#branch                        3.89185e-10
ean#branch                         2.30843e-13
eap#branch                         3.07199e-13
vclku#branch                                 0
vd#branch                                    0
vcm#branch                         5.38042e-13
vsup#branch                       -5.39472e-05


No. of Data Rows : 12039

  Measurements for Transient Analysis

dlev0               =  1.18765e-06
dlev1               =  -6.92951e-06
dlev2               =  -3.67979e-07
dlev3               =  7.60270e-08
dlev4               =  3.05277e-08
dlev5               =  1.19231e-07
dlev6               =  1.14814e-07
dlev7               =  1.46987e-07
dlev8               =  -4.79726e-08
dlev9               =  -7.00618e-07
dlev10              =  4.67664e-08
dlev11              =  4.65057e-07
dlev12              =  9.97600e-07
dlev13              =  1.32625e-07
dlev14              =  -1.91238e-06
dlev15              =  5.97959e-07
dlev16              =  1.00000e+00
dlev17              =  1.00000e+00
dlev18              =  9.99997e-01
dlev19              =  1.00000e+00
dlev20              =  1.00000e+00
dlev21              =  1.00000e+00
dlev22              =  1.00000e+00
dlev23              =  1.00000e+00
dlev24              =  9.99998e-01
dlev25              =  1.00000e+00
dlev26              =  1.00000e+00
dlev27              =  1.00000e+00
dlev28              =  1.00000e+00
dlev29              =  9.99998e-01
dlev30              =  9.99996e-01
dlev31              =  9.99998e-01
dlev32              =  9.99998e-01
vdd_meas            =  1.08000e+00
temp_meas           =  2.70000e+01
vbias_mv            =  3.16460e+02
lowcount            =  1.60000e+01
vos_mv              =  -1.49996e+00

ngspice-46 done
