
Note: No compatibility mode selected!


Circuit: * klt sim -- generated corner deck, do not edit

Doing analysis at TEMP = -40.000000 and TNOM = 27.000000

Using SPARSE 1.3 as Direct Linear Solver
Note: Starting dynamic gmin stepping
Note: Dynamic gmin stepping completed

Initial Transient Solution
--------------------------

Node                                   Voltage
----                                   -------
vdd                                        1.2
cm                                        0.55
vd                                      -0.048
ap                                       0.526
an                                       0.574
clku                                         0
clk                                          0
ibn                                    0.39101
xa.x1.tmid                         1.48048e-09
xa.x1.tail                            0.549174
xa.x1.np                                   1.2
xa.x1.nn                                   1.2
xa.x1.ln                                   1.2
xa.x1.lp                                   1.2
xa.x1.lnb                          8.09378e-09
xa.x1.lpb                          7.93224e-09
xa.x1.na                                   1.2
doutb                              8.28737e-09
dout                                       1.2
xa.x1.nb                                   1.2
doutn                                        1
tcheck                                     -40
pa_00                                   391.01
bpa_00#branch                                0
btchk#branch                                 0
bdoutn#branch                                0
bclk#branch                        6.40297e-11
ean#branch                         1.37668e-13
eap#branch                         1.76414e-13
vclku#branch                                 0
vd#branch                                    0
vcm#branch                         3.14082e-13
vsup#branch                       -2.00001e-05


No. of Data Rows : 12264

  Measurements for Transient Analysis

dlev0               =  2.62258e-06
dlev1               =  -5.15156e-06
dlev2               =  -5.03298e-06
dlev3               =  -4.91432e-06
dlev4               =  -2.00943e-07
dlev5               =  -1.20606e-07
dlev6               =  1.24757e-06
dlev7               =  4.91330e-06
dlev8               =  8.13752e-06
dlev9               =  -1.99331e-06
dlev10              =  -1.17232e-06
dlev11              =  1.64970e-06
dlev12              =  -3.92315e-07
dlev13              =  1.09356e-06
dlev14              =  3.29179e-06
dlev15              =  9.32319e-07
dlev16              =  9.99999e-01
dlev17              =  1.00000e+00
dlev18              =  1.00000e+00
dlev19              =  9.99999e-01
dlev20              =  1.00000e+00
dlev21              =  9.99999e-01
dlev22              =  9.99999e-01
dlev23              =  9.99998e-01
dlev24              =  9.99999e-01
dlev25              =  1.00000e+00
dlev26              =  1.00000e+00
dlev27              =  1.00000e+00
dlev28              =  1.00000e+00
dlev29              =  1.00000e+00
dlev30              =  9.99998e-01
dlev31              =  9.99998e-01
dlev32              =  9.99998e-01
vdd_meas            =  1.20000e+00
temp_meas           =  -4.00000e+01
vbias_mv            =  3.91010e+02
lowcount            =  1.60000e+01
vos_mv              =  -1.49999e+00
vcm_meas            =  5.50000e-01

ngspice-46 done
