
Note: No compatibility mode selected!


Circuit: * klt sim -- generated corner deck, do not edit

Doing analysis at TEMP = 27.000000 and TNOM = 27.000000

Using SPARSE 1.3 as Direct Linear Solver

Initial Transient Solution
--------------------------

Node                                   Voltage
----                                   -------
vdd                                       1.32
cm                                         0.6
vd                                      -0.048
ap                                       0.576
an                                       0.624
clku                                         0
clk                                          0
ibn                                   0.284595
xa.x1.tmid                         2.90937e-06
xa.x1.tail                            0.560179
xa.x1.np                                  1.32
xa.x1.nn                                  1.32
xa.x1.ln                                  1.32
xa.x1.lp                                  1.32
xa.x1.lnb                          7.06556e-08
xa.x1.lpb                          7.08792e-08
xa.x1.na                               1.29118
doutb                                 0.641427
dout                                  0.638483
xa.x1.nb                               1.29064
doutn                                   0.4837
tcheck                                      27
pa_00                                  284.595
bpa_00#branch                                0
btchk#branch                                 0
bdoutn#branch                                0
bclk#branch                        2.44887e-10
ean#branch                         2.30987e-12
eap#branch                         2.88032e-12
vclku#branch                                 0
vd#branch                                    0
vcm#branch                          5.1902e-12
vsup#branch                       -0.000139471


No. of Data Rows : 12320

  Measurements for Transient Analysis

dlev0               =  -3.47512e-06
dlev1               =  -1.49531e-06
dlev2               =  3.31881e-06
dlev3               =  -1.14329e-06
dlev4               =  5.66505e-07
dlev5               =  3.32256e-07
dlev6               =  6.94835e-07
dlev7               =  4.69763e-07
dlev8               =  -1.82782e-06
dlev9               =  -3.42584e-06
dlev10              =  -3.77006e-06
dlev11              =  -3.79844e-06
dlev12              =  1.87134e-06
dlev13              =  -3.80808e-06
dlev14              =  9.99999e-01
dlev15              =  9.99999e-01
dlev16              =  9.99999e-01
dlev17              =  9.99998e-01
dlev18              =  9.99999e-01
dlev19              =  9.99997e-01
dlev20              =  9.99997e-01
dlev21              =  9.99998e-01
dlev22              =  9.99998e-01
dlev23              =  9.99997e-01
dlev24              =  9.99997e-01
dlev25              =  9.99998e-01
dlev26              =  9.99998e-01
dlev27              =  9.99998e-01
dlev28              =  9.99998e-01
dlev29              =  9.99998e-01
dlev30              =  9.99997e-01
dlev31              =  9.99999e-01
dlev32              =  9.99998e-01
vdd_meas            =  1.32000e+00
temp_meas           =  2.70000e+01
vbias_mv            =  2.84595e+02
lowcount            =  1.40001e+01
vos_mv              =  -7.49985e+00

ngspice-46 done
