
Note: No compatibility mode selected!


Circuit: * klt sim -- generated corner deck, do not edit

Doing analysis at TEMP = 125.000000 and TNOM = 27.000000

Using SPARSE 1.3 as Direct Linear Solver

Initial Transient Solution
--------------------------

Node                                   Voltage
----                                   -------
vdd                                        1.2
cm                                         0.6
vd                                      -0.048
ap                                       0.576
an                                       0.624
clku                                         0
clk                                          0
ibn                                   0.249264
xa.x1.tmid                         8.71295e-05
xa.x1.tail                            0.539559
xa.x1.np                               1.19997
xa.x1.nn                               1.19992
xa.x1.ln                                   1.2
xa.x1.lp                                   1.2
xa.x1.lnb                          4.27357e-06
xa.x1.lpb                          4.05029e-06
xa.x1.na                               1.16982
doutb                                 0.621936
dout                                  0.608155
xa.x1.nb                               1.17185
doutn                                 0.506796
tcheck                                     125
pa_00                                  249.264
bpa_00#branch                                0
btchk#branch                                 0
bdoutn#branch                                0
bclk#branch                         4.8296e-10
ean#branch                         1.03954e-12
eap#branch                         1.33632e-12
vclku#branch                                 0
vd#branch                                    0
vcm#branch                         2.37586e-12
vsup#branch                       -0.000128682


No. of Data Rows : 12124

  Measurements for Transient Analysis

dlev0               =  6.57780e-06
dlev1               =  5.65358e-06
dlev2               =  5.60386e-06
dlev3               =  8.75452e-06
dlev4               =  3.82935e-06
dlev5               =  3.76350e-06
dlev6               =  4.50767e-06
dlev7               =  5.08854e-06
dlev8               =  5.15849e-06
dlev9               =  4.41559e-06
dlev10              =  5.07341e-06
dlev11              =  8.02373e-06
dlev12              =  4.62951e-06
dlev13              =  5.17371e-06
dlev14              =  5.07925e-06
dlev15              =  6.08018e-06
dlev16              =  9.99995e-01
dlev17              =  9.99996e-01
dlev18              =  9.99996e-01
dlev19              =  9.99996e-01
dlev20              =  9.99995e-01
dlev21              =  9.99996e-01
dlev22              =  9.99996e-01
dlev23              =  9.99996e-01
dlev24              =  9.99996e-01
dlev25              =  9.99996e-01
dlev26              =  9.99995e-01
dlev27              =  9.99995e-01
dlev28              =  9.99995e-01
dlev29              =  9.99996e-01
dlev30              =  9.99995e-01
dlev31              =  9.99996e-01
dlev32              =  9.99996e-01
vdd_meas            =  1.20000e+00
temp_meas           =  1.25000e+02
vbias_mv            =  2.49264e+02
lowcount            =  1.60000e+01
vos_mv              =  -1.50004e+00

ngspice-46 done
