
Note: No compatibility mode selected!


Circuit: * klt sim -- generated corner deck, do not edit

Doing analysis at TEMP = -40.000000 and TNOM = 27.000000

Using SPARSE 1.3 as Direct Linear Solver

Initial Transient Solution
--------------------------

Node                                   Voltage
----                                   -------
vdd                                        1.2
cm                                         0.6
vd                                      -0.048
ap                                       0.576
an                                       0.624
clku                                         0
clk                                          0
ibn                                   0.303678
xa.x1.tmid                          2.2623e-07
xa.x1.tail                            0.565121
xa.x1.np                                   1.2
xa.x1.nn                                   1.2
xa.x1.ln                                   1.2
xa.x1.lp                                   1.2
xa.x1.lnb                          9.78557e-08
xa.x1.lpb                          9.61793e-08
xa.x1.na                               1.18224
doutb                                 0.631116
dout                                  0.621854
xa.x1.nb                               1.18137
doutn                                 0.518212
tcheck                                     -40
pa_00                                  303.678
bpa_00#branch                                0
btchk#branch                                 0
bdoutn#branch                                0
bclk#branch                        6.45308e-10
ean#branch                         1.95938e-12
eap#branch                         2.48368e-12
vclku#branch                                 0
vd#branch                                    0
vcm#branch                         4.44306e-12
vsup#branch                       -0.000117481


No. of Data Rows : 12324

  Measurements for Transient Analysis

dlev0               =  -9.07385e-07
dlev1               =  -2.98836e-06
dlev2               =  -2.97806e-06
dlev3               =  -2.98528e-06
dlev4               =  -2.13744e-06
dlev5               =  -3.10506e-06
dlev6               =  -2.78917e-06
dlev7               =  3.62487e-07
dlev8               =  -4.42705e-06
dlev9               =  -4.32901e-06
dlev10              =  -3.32724e-06
dlev11              =  1.71961e-06
dlev12              =  -4.26031e-06
dlev13              =  -3.24254e-06
dlev14              =  -3.56619e-06
dlev15              =  -3.90195e-06
dlev16              =  -3.85374e-06
dlev17              =  9.99998e-01
dlev18              =  9.99999e-01
dlev19              =  9.99998e-01
dlev20              =  9.99998e-01
dlev21              =  9.99999e-01
dlev22              =  1.00000e+00
dlev23              =  9.99999e-01
dlev24              =  9.99998e-01
dlev25              =  9.99998e-01
dlev26              =  1.00000e+00
dlev27              =  9.99999e-01
dlev28              =  9.99999e-01
dlev29              =  9.99999e-01
dlev30              =  1.00000e+00
dlev31              =  9.99999e-01
dlev32              =  9.99999e-01
vdd_meas            =  1.20000e+00
temp_meas           =  -4.00000e+01
vbias_mv            =  3.03678e+02
lowcount            =  1.70001e+01
vos_mv              =  1.50019e+00

ngspice-46 done
