
Note: No compatibility mode selected!


Circuit: * klt sim -- generated corner deck, do not edit

Doing analysis at TEMP = 27.000000 and TNOM = 27.000000

Using SPARSE 1.3 as Direct Linear Solver

Initial Transient Solution
--------------------------

Node                                   Voltage
----                                   -------
vdd                                       1.08
cm                                         0.6
vd                                      -0.048
ap                                       0.576
an                                       0.624
clku                                         0
clk                                          0
ibn                                   0.354665
xa.x1.tmid                         8.39195e-08
xa.x1.tail                            0.539786
xa.x1.np                                  1.08
xa.x1.nn                                  1.08
xa.x1.ln                                  1.08
xa.x1.lp                                  1.08
xa.x1.lnb                          1.44011e-08
xa.x1.lpb                          1.33111e-08
xa.x1.na                                  1.08
doutb                              1.53161e-08
dout                                      1.08
xa.x1.nb                                  1.08
doutn                                        1
tcheck                                      27
pa_00                                  354.665
bpa_00#branch                                0
btchk#branch                                 0
bdoutn#branch                                0
bclk#branch                        6.60062e-11
ean#branch                         7.22616e-14
eap#branch                         9.69919e-14
vclku#branch                                 0
vd#branch                                    0
vcm#branch                         1.69254e-13
vsup#branch                       -2.00003e-05


No. of Data Rows : 12069

  Measurements for Transient Analysis

dlev0               =  -1.82284e-06
dlev1               =  3.38818e-06
dlev2               =  3.28649e-06
dlev3               =  1.23578e-05
dlev4               =  2.05449e-06
dlev5               =  4.80224e-06
dlev6               =  4.27667e-06
dlev7               =  7.16311e-07
dlev8               =  6.30526e-07
dlev9               =  7.70477e-07
dlev10              =  4.81971e-06
dlev11              =  5.97460e-07
dlev12              =  6.07918e-06
dlev13              =  5.28455e-06
dlev14              =  1.65107e-06
dlev15              =  3.01133e-06
dlev16              =  1.00000e+00
dlev17              =  1.00000e+00
dlev18              =  1.00000e+00
dlev19              =  1.00000e+00
dlev20              =  1.00000e+00
dlev21              =  1.00000e+00
dlev22              =  1.00000e+00
dlev23              =  1.00000e+00
dlev24              =  1.00000e+00
dlev25              =  1.00000e+00
dlev26              =  1.00000e+00
dlev27              =  1.00000e+00
dlev28              =  1.00000e+00
dlev29              =  1.00000e+00
dlev30              =  1.00000e+00
dlev31              =  1.00000e+00
dlev32              =  1.00000e+00
vdd_meas            =  1.08000e+00
temp_meas           =  2.70000e+01
vbias_mv            =  3.54665e+02
lowcount            =  1.59999e+01
vos_mv              =  -1.50027e+00

ngspice-46 done
