
Note: No compatibility mode selected!


Circuit: * klt sim -- generated corner deck, do not edit

Doing analysis at TEMP = -40.000000 and TNOM = 27.000000

Using SPARSE 1.3 as Direct Linear Solver

Initial Transient Solution
--------------------------

Node                                   Voltage
----                                   -------
vdd                                        1.2
cm                                         0.6
vd                                      -0.048
ap                                       0.576
an                                       0.624
clku                                         0
clk                                          0
ibn                                   0.346183
xa.x1.tmid                         2.31424e-08
xa.x1.tail                            0.529905
xa.x1.np                                   1.2
xa.x1.nn                                   1.2
xa.x1.ln                                   1.2
xa.x1.lp                                   1.2
xa.x1.lnb                           2.7826e-08
xa.x1.lpb                          2.54567e-08
xa.x1.na                               1.18835
doutb                                 0.621408
dout                                  0.620741
xa.x1.nb                               1.18802
doutn                                 0.517284
tcheck                                     -40
pa_00                                  346.183
bpa_00#branch                                0
btchk#branch                                 0
bdoutn#branch                                0
bclk#branch                        2.03226e-10
ean#branch                         3.01439e-13
eap#branch                          3.8726e-13
vclku#branch                                 0
vd#branch                                    0
vcm#branch                         6.88699e-13
vsup#branch                       -7.16852e-05


No. of Data Rows : 12227

  Measurements for Transient Analysis

dlev0               =  8.67827e-06
dlev1               =  8.30904e-06
dlev2               =  7.94422e-06
dlev3               =  1.11762e-05
dlev4               =  1.16832e-05
dlev5               =  8.36194e-06
dlev6               =  8.11459e-06
dlev7               =  7.32294e-06
dlev8               =  1.05145e-05
dlev9               =  7.70787e-06
dlev10              =  2.16993e-06
dlev11              =  7.71555e-06
dlev12              =  9.70293e-06
dlev13              =  1.05416e-05
dlev14              =  5.33298e-08
dlev15              =  7.28117e-06
dlev16              =  9.99999e-01
dlev17              =  1.00000e+00
dlev18              =  1.00000e+00
dlev19              =  1.00000e+00
dlev20              =  1.00000e+00
dlev21              =  1.00000e+00
dlev22              =  1.00000e+00
dlev23              =  1.00000e+00
dlev24              =  1.00000e+00
dlev25              =  1.00000e+00
dlev26              =  1.00000e+00
dlev27              =  1.00000e+00
dlev28              =  1.00000e+00
dlev29              =  1.00000e+00
dlev30              =  1.00000e+00
dlev31              =  1.00000e+00
dlev32              =  1.00000e+00
vdd_meas            =  1.20000e+00
temp_meas           =  -4.00000e+01
vbias_mv            =  3.46183e+02
lowcount            =  1.59998e+01
vos_mv              =  -1.50053e+00

ngspice-46 done
