
Note: No compatibility mode selected!


Circuit: * klt sim -- generated corner deck, do not edit

Doing analysis at TEMP = 125.000000 and TNOM = 27.000000

Using SPARSE 1.3 as Direct Linear Solver

Initial Transient Solution
--------------------------

Node                                   Voltage
----                                   -------
vdd                                       1.32
cm                                         0.6
vd                                      -0.048
ap                                       0.576
an                                       0.624
clku                                         0
clk                                          0
ibn                                   0.297795
xa.x1.tmid                          1.1727e-05
xa.x1.tail                            0.569258
xa.x1.np                                  1.32
xa.x1.nn                               1.31999
xa.x1.ln                                  1.32
xa.x1.lp                                  1.32
xa.x1.lnb                          7.52201e-07
xa.x1.lpb                          7.41835e-07
xa.x1.na                               1.28987
doutb                                 0.672699
dout                                  0.669968
xa.x1.nb                               1.29034
doutn                                 0.507551
tcheck                                     125
pa_00                                  297.795
bpa_00#branch                                0
btchk#branch                                 0
bdoutn#branch                                0
bclk#branch                        2.08658e-10
ean#branch                         4.48946e-13
eap#branch                         5.66949e-13
vclku#branch                                 0
vd#branch                                    0
vcm#branch                          1.0159e-12
vsup#branch                       -0.000121816


No. of Data Rows : 12124

  Measurements for Transient Analysis

dlev0               =  1.03556e-06
dlev1               =  2.27485e-06
dlev2               =  3.57387e-06
dlev3               =  5.23195e-06
dlev4               =  5.15958e-07
dlev5               =  4.43472e-07
dlev6               =  4.93345e-07
dlev7               =  5.87221e-07
dlev8               =  8.60215e-07
dlev9               =  1.10160e-06
dlev10              =  3.42865e-06
dlev11              =  2.39674e-06
dlev12              =  5.65866e-06
dlev13              =  1.25533e-06
dlev14              =  7.01761e-07
dlev15              =  4.19583e-07
dlev16              =  4.71018e-06
dlev17              =  1.00000e+00
dlev18              =  1.00000e+00
dlev19              =  1.00000e+00
dlev20              =  9.99999e-01
dlev21              =  1.00000e+00
dlev22              =  1.00000e+00
dlev23              =  1.00000e+00
dlev24              =  9.99999e-01
dlev25              =  9.99999e-01
dlev26              =  1.00000e+00
dlev27              =  9.99999e-01
dlev28              =  9.99999e-01
dlev29              =  9.99999e-01
dlev30              =  1.00000e+00
dlev31              =  1.00000e+00
dlev32              =  1.00000e+00
vdd_meas            =  1.32000e+00
temp_meas           =  1.25000e+02
vbias_mv            =  2.97795e+02
lowcount            =  1.70000e+01
vos_mv              =  1.49989e+00

ngspice-46 done
