
Note: No compatibility mode selected!


Circuit: * klt sim -- generated corner deck, do not edit

Doing analysis at TEMP = 125.000000 and TNOM = 27.000000

Using SPARSE 1.3 as Direct Linear Solver

Initial Transient Solution
--------------------------

Node                                   Voltage
----                                   -------
vdd                                       1.32
cm                                        0.65
vd                                      -0.048
ap                                       0.626
an                                       0.674
clku                                         0
clk                                          0
ibn                                   0.274588
xa.x1.tmid                         3.81095e-05
xa.x1.tail                            0.632524
xa.x1.np                               1.31999
xa.x1.nn                               1.31997
xa.x1.ln                                  1.32
xa.x1.lp                                  1.32
xa.x1.lnb                           9.3547e-06
xa.x1.lpb                          8.94315e-06
xa.x1.na                               1.28146
doutb                                 0.707558
dout                                  0.699974
xa.x1.nb                               1.28292
doutn                                 0.530283
tcheck                                     125
pa_00                                  274.588
bpa_00#branch                                0
btchk#branch                                 0
bdoutn#branch                                0
bclk#branch                        1.21055e-09
ean#branch                          1.4399e-12
eap#branch                         1.82607e-12
vclku#branch                                 0
vd#branch                                    0
vcm#branch                         3.26597e-12
vsup#branch                       -0.000189056


No. of Data Rows : 12222

  Measurements for Transient Analysis

dlev0               =  6.77469e-06
dlev1               =  1.00950e-05
dlev2               =  1.15498e-05
dlev3               =  1.24659e-05
dlev4               =  1.22363e-05
dlev5               =  1.07527e-05
dlev6               =  1.06253e-05
dlev7               =  8.01731e-06
dlev8               =  9.15219e-06
dlev9               =  8.32947e-06
dlev10              =  2.68211e-06
dlev11              =  6.62125e-06
dlev12              =  7.48219e-06
dlev13              =  1.09001e-05
dlev14              =  9.99995e-01
dlev15              =  9.99998e-01
dlev16              =  9.99998e-01
dlev17              =  9.99998e-01
dlev18              =  9.99997e-01
dlev19              =  9.99998e-01
dlev20              =  9.99997e-01
dlev21              =  9.99997e-01
dlev22              =  9.99997e-01
dlev23              =  9.99998e-01
dlev24              =  9.99998e-01
dlev25              =  9.99999e-01
dlev26              =  9.99998e-01
dlev27              =  9.99998e-01
dlev28              =  9.99997e-01
dlev29              =  9.99997e-01
dlev30              =  9.99998e-01
dlev31              =  9.99998e-01
dlev32              =  9.99999e-01
vdd_meas            =  1.32000e+00
temp_meas           =  1.25000e+02
vbias_mv            =  2.74588e+02
lowcount            =  1.39999e+01
vos_mv              =  -7.50025e+00
vcm_meas            =  6.50000e-01

ngspice-46 done
