
Note: No compatibility mode selected!


Circuit: * klt sim -- generated corner deck, do not edit

Doing analysis at TEMP = 125.000000 and TNOM = 27.000000

Using SPARSE 1.3 as Direct Linear Solver

Initial Transient Solution
--------------------------

Node                                   Voltage
----                                   -------
vdd                                       1.08
cm                                         0.6
vd                                      -0.048
ap                                       0.576
an                                       0.624
clku                                         0
clk                                          0
ibn                                   0.271786
xa.x1.tmid                          4.0132e-05
xa.x1.tail                            0.579356
xa.x1.np                               1.07999
xa.x1.nn                               1.07996
xa.x1.ln                                  1.08
xa.x1.lp                                  1.08
xa.x1.lnb                          9.69409e-06
xa.x1.lpb                           1.1233e-05
xa.x1.na                               1.06154
doutb                                 0.594808
dout                                  0.593476
xa.x1.nb                               1.06136
doutn                                 0.549515
tcheck                                     125
pa_00                                  271.786
bpa_00#branch                                0
btchk#branch                                 0
bdoutn#branch                                0
bclk#branch                        6.05888e-10
ean#branch                         5.16448e-13
eap#branch                         6.86867e-13
vclku#branch                                 0
vd#branch                                    0
vcm#branch                         1.20332e-12
vsup#branch                       -8.53584e-05


No. of Data Rows : 12079

  Measurements for Transient Analysis

dlev0               =  1.17643e-05
dlev1               =  1.14211e-05
dlev2               =  1.15859e-05
dlev3               =  1.18117e-05
dlev4               =  1.29986e-05
dlev5               =  1.27790e-05
dlev6               =  1.28015e-05
dlev7               =  1.27406e-05
dlev8               =  1.28129e-05
dlev9               =  1.29795e-05
dlev10              =  1.30691e-05
dlev11              =  1.28138e-05
dlev12              =  1.30241e-05
dlev13              =  1.28928e-05
dlev14              =  1.31088e-05
dlev15              =  9.99998e-01
dlev16              =  9.99999e-01
dlev17              =  9.99998e-01
dlev18              =  9.99998e-01
dlev19              =  9.99998e-01
dlev20              =  9.99999e-01
dlev21              =  9.99998e-01
dlev22              =  9.99998e-01
dlev23              =  9.99999e-01
dlev24              =  9.99999e-01
dlev25              =  9.99998e-01
dlev26              =  9.99998e-01
dlev27              =  9.99998e-01
dlev28              =  9.99998e-01
dlev29              =  9.99998e-01
dlev30              =  9.99998e-01
dlev31              =  9.99998e-01
dlev32              =  9.99998e-01
vdd_meas            =  1.08000e+00
temp_meas           =  1.25000e+02
vbias_mv            =  2.71786e+02
lowcount            =  1.49998e+01
vos_mv              =  -4.50047e+00

ngspice-46 done
