
Note: No compatibility mode selected!


Circuit: * klt sim -- generated corner deck, do not edit

Doing analysis at TEMP = 125.000000 and TNOM = 27.000000

Using SPARSE 1.3 as Direct Linear Solver

Initial Transient Solution
--------------------------

Node                                   Voltage
----                                   -------
vdd                                       1.32
cm                                         0.6
vd                                      -0.048
ap                                       0.576
an                                       0.624
clku                                         0
clk                                          0
ibn                                    0.24949
xa.x1.tmid                         8.34001e-05
xa.x1.tail                            0.587254
xa.x1.np                               1.31998
xa.x1.nn                               1.31993
xa.x1.ln                                  1.32
xa.x1.lp                                  1.32
xa.x1.lnb                          4.58778e-06
xa.x1.lpb                          4.02075e-06
xa.x1.na                               1.28063
doutb                                 0.677033
dout                                  0.674439
xa.x1.nb                               1.27894
doutn                                 0.510939
tcheck                                     125
pa_00                                   249.49
bpa_00#branch                                0
btchk#branch                                 0
bdoutn#branch                                0
bclk#branch                        6.73999e-10
ean#branch                         3.76879e-12
eap#branch                         4.72047e-12
vclku#branch                                 0
vd#branch                                    0
vcm#branch                         8.48926e-12
vsup#branch                       -0.000178745


No. of Data Rows : 12237

  Measurements for Transient Analysis

dlev0               =  3.55628e-06
dlev1               =  9.34122e-07
dlev2               =  -1.72753e-06
dlev3               =  -2.40778e-06
dlev4               =  -2.16375e-06
dlev5               =  6.34637e-06
dlev6               =  6.19396e-06
dlev7               =  6.13416e-06
dlev8               =  4.72859e-06
dlev9               =  3.56630e-06
dlev10              =  3.55176e-06
dlev11              =  2.32277e-06
dlev12              =  1.62813e-06
dlev13              =  3.24939e-06
dlev14              =  -1.75451e-06
dlev15              =  3.06136e-06
dlev16              =  3.50135e-06
dlev17              =  9.99996e-01
dlev18              =  9.99995e-01
dlev19              =  9.99995e-01
dlev20              =  9.99995e-01
dlev21              =  9.99995e-01
dlev22              =  9.99994e-01
dlev23              =  9.99996e-01
dlev24              =  9.99996e-01
dlev25              =  9.99995e-01
dlev26              =  9.99995e-01
dlev27              =  9.99994e-01
dlev28              =  9.99996e-01
dlev29              =  9.99996e-01
dlev30              =  9.99996e-01
dlev31              =  9.99995e-01
dlev32              =  9.99994e-01
vdd_meas            =  1.32000e+00
temp_meas           =  1.25000e+02
vbias_mv            =  2.49490e+02
lowcount            =  1.70000e+01
vos_mv              =  1.50011e+00

ngspice-46 done
