
Note: No compatibility mode selected!


Circuit: * klt sim -- generated corner deck, do not edit

Doing analysis at TEMP = -40.000000 and TNOM = 27.000000

Using SPARSE 1.3 as Direct Linear Solver
Note: Starting dynamic gmin stepping
Note: Dynamic gmin stepping completed

Initial Transient Solution
--------------------------

Node                                   Voltage
----                                   -------
vdd                                        1.2
cm                                         0.6
vd                                      -0.048
ap                                       0.576
an                                       0.624
clku                                         0
clk                                          0
ibn                                   0.344679
xa.x1.tmid                         2.59753e-08
xa.x1.tail                            0.568724
xa.x1.np                                   1.2
xa.x1.nn                                   1.2
xa.x1.ln                                   1.2
xa.x1.lp                                   1.2
xa.x1.lnb                          2.56369e-08
xa.x1.lpb                          2.54312e-08
xa.x1.na                               1.18749
doutb                                 0.614146
dout                                  0.616888
xa.x1.nb                               1.18685
doutn                                 0.514074
tcheck                                     -40
pa_00                                  344.679
bpa_00#branch                                0
btchk#branch                                 0
bdoutn#branch                                0
bclk#branch                        2.05819e-10
ean#branch                         4.54303e-13
eap#branch                         5.82145e-13
vclku#branch                                 0
vd#branch                                    0
vcm#branch                         1.03645e-12
vsup#branch                       -7.57778e-05


No. of Data Rows : 12272

  Measurements for Transient Analysis

dlev0               =  3.03837e-06
dlev1               =  5.69412e-06
dlev2               =  5.50463e-06
dlev3               =  5.24635e-06
dlev4               =  4.96501e-06
dlev5               =  4.51138e-06
dlev6               =  -8.30433e-07
dlev7               =  3.25984e-06
dlev8               =  -1.89742e-06
dlev9               =  -1.59030e-06
dlev10              =  3.14093e-06
dlev11              =  -1.05929e-06
dlev12              =  2.55369e-07
dlev13              =  2.87567e-06
dlev14              =  9.99998e-01
dlev15              =  1.00000e+00
dlev16              =  9.99999e-01
dlev17              =  9.99999e-01
dlev18              =  1.00000e+00
dlev19              =  1.00000e+00
dlev20              =  1.00000e+00
dlev21              =  9.99999e-01
dlev22              =  1.00000e+00
dlev23              =  1.00000e+00
dlev24              =  1.00000e+00
dlev25              =  1.00000e+00
dlev26              =  1.00000e+00
dlev27              =  1.00000e+00
dlev28              =  1.00000e+00
dlev29              =  1.00000e+00
dlev30              =  1.00000e+00
dlev31              =  1.00000e+00
dlev32              =  1.00000e+00
vdd_meas            =  1.20000e+00
temp_meas           =  -4.00000e+01
vbias_mv            =  3.44679e+02
lowcount            =  1.40000e+01
vos_mv              =  -7.50014e+00
vcm_meas            =  6.00000e-01

ngspice-46 done
