
Note: No compatibility mode selected!


Circuit: * klt sim -- generated corner deck, do not edit

Doing analysis at TEMP = 125.000000 and TNOM = 27.000000

Using SPARSE 1.3 as Direct Linear Solver

Initial Transient Solution
--------------------------

Node                                   Voltage
----                                   -------
vdd                                       1.32
cm                                         0.6
vd                                      -0.048
ap                                       0.576
an                                       0.624
clku                                         0
clk                                          0
ibn                                   0.186782
xa.x1.tmid                         0.000405673
xa.x1.tail                            0.578551
xa.x1.np                               1.31993
xa.x1.nn                               1.31977
xa.x1.ln                                  1.32
xa.x1.lp                                  1.32
xa.x1.lnb                          2.13699e-05
xa.x1.lpb                          2.15634e-05
xa.x1.na                               1.31999
doutb                                  1.31998
dout                               2.57248e-05
xa.x1.nb                               1.31998
doutn                              1.94885e-05
tcheck                                     125
pa_00                                  186.782
bpa_00#branch                                0
btchk#branch                                 0
bdoutn#branch                                0
bclk#branch                         2.2148e-09
ean#branch                         1.58093e-11
eap#branch                         1.96063e-11
vclku#branch                                 0
vd#branch                                    0
vcm#branch                         3.54156e-11
vsup#branch                       -1.57495e-05


No. of Data Rows : 12210

  Measurements for Transient Analysis

dlev0               =  2.05960e-05
dlev1               =  1.87833e-05
dlev2               =  1.85848e-05
dlev3               =  1.89292e-05
dlev4               =  1.48061e-05
dlev5               =  1.75634e-05
dlev6               =  2.14991e-05
dlev7               =  2.22289e-05
dlev8               =  1.79995e-05
dlev9               =  2.10475e-05
dlev10              =  1.85564e-05
dlev11              =  1.85132e-05
dlev12              =  1.87106e-05
dlev13              =  2.07795e-05
dlev14              =  2.26152e-05
dlev15              =  1.77729e-05
dlev16              =  2.11934e-05
dlev17              =  9.99990e-01
dlev18              =  9.99988e-01
dlev19              =  9.99988e-01
dlev20              =  9.99989e-01
dlev21              =  9.99990e-01
dlev22              =  9.99987e-01
dlev23              =  9.99988e-01
dlev24              =  9.99988e-01
dlev25              =  9.99990e-01
dlev26              =  9.99989e-01
dlev27              =  9.99988e-01
dlev28              =  9.99988e-01
dlev29              =  9.99987e-01
dlev30              =  9.99987e-01
dlev31              =  9.99987e-01
dlev32              =  9.99987e-01
vdd_meas            =  1.32000e+00
temp_meas           =  1.25000e+02
vbias_mv            =  1.86782e+02
lowcount            =  1.69999e+01
vos_mv              =  1.49958e+00

ngspice-46 done
