
Note: No compatibility mode selected!


Circuit: * klt sim -- generated corner deck, do not edit

Doing analysis at TEMP = -40.000000 and TNOM = 27.000000

Using SPARSE 1.3 as Direct Linear Solver

Initial Transient Solution
--------------------------

Node                                   Voltage
----                                   -------
vdd                                       1.08
cm                                         0.6
vd                                      -0.048
ap                                       0.576
an                                       0.624
clku                                         0
clk                                          0
ibn                                   0.294849
xa.x1.tmid                         1.11212e-07
xa.x1.tail                            0.567583
xa.x1.np                                  1.08
xa.x1.nn                                  1.08
xa.x1.ln                                  1.08
xa.x1.lp                                  1.08
xa.x1.lnb                          1.65585e-08
xa.x1.lpb                          1.70777e-08
xa.x1.na                               1.07393
doutb                                 0.529045
dout                                  0.524983
xa.x1.nb                               1.07397
doutn                                 0.486096
tcheck                                     -40
pa_00                                  294.849
bpa_00#branch                                0
btchk#branch                                 0
bdoutn#branch                                0
bclk#branch                        8.30888e-11
ean#branch                          4.9466e-13
eap#branch                         6.52312e-13
vclku#branch                                 0
vd#branch                                    0
vcm#branch                         1.14697e-12
vsup#branch                       -3.07686e-05


No. of Data Rows : 12073

  Measurements for Transient Analysis

dlev0               =  1.00268e-05
dlev1               =  -4.89219e-06
dlev2               =  -5.39200e-06
dlev3               =  -5.55752e-06
dlev4               =  2.45650e-06
dlev5               =  -2.33827e-06
dlev6               =  -6.45141e-06
dlev7               =  -3.40807e-06
dlev8               =  -6.48854e-06
dlev9               =  -6.04644e-06
dlev10              =  -5.95691e-06
dlev11              =  -3.54838e-06
dlev12              =  -9.16676e-07
dlev13              =  -4.22677e-06
dlev14              =  -2.37995e-06
dlev15              =  2.29816e-06
dlev16              =  1.08630e-06
dlev17              =  2.98186e-06
dlev18              =  1.00000e+00
dlev19              =  1.00000e+00
dlev20              =  9.99998e-01
dlev21              =  1.00000e+00
dlev22              =  9.99998e-01
dlev23              =  9.99999e-01
dlev24              =  9.99996e-01
dlev25              =  9.99995e-01
dlev26              =  9.99996e-01
dlev27              =  9.99995e-01
dlev28              =  9.99998e-01
dlev29              =  9.99997e-01
dlev30              =  9.99997e-01
dlev31              =  9.99995e-01
dlev32              =  9.99995e-01
vdd_meas            =  1.08000e+00
temp_meas           =  -4.00000e+01
vbias_mv            =  2.94849e+02
lowcount            =  1.80001e+01
vos_mv              =  4.50022e+00

ngspice-46 done
