
Note: No compatibility mode selected!


Circuit: * klt sim -- generated corner deck, do not edit

Doing analysis at TEMP = -40.000000 and TNOM = 27.000000

Using SPARSE 1.3 as Direct Linear Solver

Initial Transient Solution
--------------------------

Node                                   Voltage
----                                   -------
vdd                                       1.32
cm                                         0.6
vd                                      -0.048
ap                                       0.576
an                                       0.624
clku                                         0
clk                                          0
ibn                                    0.32223
xa.x1.tmid                          7.4576e-08
xa.x1.tail                            0.528752
xa.x1.np                                  1.32
xa.x1.nn                                  1.32
xa.x1.ln                                  1.32
xa.x1.lp                                  1.32
xa.x1.lnb                          3.51509e-08
xa.x1.lpb                          3.45669e-08
xa.x1.na                                  1.32
doutb                              3.63443e-08
dout                                      1.32
xa.x1.nb                                  1.32
doutn                                        1
tcheck                                     -40
pa_00                                   322.23
bpa_00#branch                                0
btchk#branch                                 0
bdoutn#branch                                0
bclk#branch                        1.64214e-10
ean#branch                         1.11983e-12
eap#branch                         1.39637e-12
vclku#branch                                 0
vd#branch                                    0
vcm#branch                          2.5162e-12
vsup#branch                       -2.00008e-05


No. of Data Rows : 12284

  Measurements for Transient Analysis

dlev0               =  -3.24000e-06
dlev1               =  -7.44665e-06
dlev2               =  -6.77237e-06
dlev3               =  -3.12842e-06
dlev4               =  -6.77741e-06
dlev5               =  -6.80518e-06
dlev6               =  -2.70633e-06
dlev7               =  -2.75939e-06
dlev8               =  -7.29368e-06
dlev9               =  -5.97918e-06
dlev10              =  -7.15370e-06
dlev11              =  -7.40169e-07
dlev12              =  -2.65463e-06
dlev13              =  -7.02571e-06
dlev14              =  -4.86098e-06
dlev15              =  -3.65986e-07
dlev16              =  9.99996e-01
dlev17              =  9.99998e-01
dlev18              =  9.99998e-01
dlev19              =  9.99997e-01
dlev20              =  9.99998e-01
dlev21              =  9.99998e-01
dlev22              =  9.99998e-01
dlev23              =  9.99998e-01
dlev24              =  9.99998e-01
dlev25              =  9.99998e-01
dlev26              =  9.99998e-01
dlev27              =  9.99998e-01
dlev28              =  9.99998e-01
dlev29              =  9.99998e-01
dlev30              =  9.99998e-01
dlev31              =  9.99998e-01
dlev32              =  9.99998e-01
vdd_meas            =  1.32000e+00
temp_meas           =  -4.00000e+01
vbias_mv            =  3.22230e+02
lowcount            =  1.60001e+01
vos_mv              =  -1.49966e+00

ngspice-46 done
