
Note: No compatibility mode selected!


Circuit: * klt sim -- generated corner deck, do not edit

Doing analysis at TEMP = -40.000000 and TNOM = 27.000000

Using SPARSE 1.3 as Direct Linear Solver
Note: Starting dynamic gmin stepping
Note: Dynamic gmin stepping completed

Initial Transient Solution
--------------------------

Node                                   Voltage
----                                   -------
vdd                                        1.2
cm                                         0.6
vd                                      -0.048
ap                                       0.576
an                                       0.624
clku                                         0
clk                                          0
ibn                                   0.388862
xa.x1.tmid                         1.41616e-09
xa.x1.tail                            0.564593
xa.x1.np                                   1.2
xa.x1.nn                                   1.2
xa.x1.ln                                   1.2
xa.x1.lp                                   1.2
xa.x1.lnb                          8.27472e-09
xa.x1.lpb                          7.87522e-09
xa.x1.na                               1.19401
doutb                                 0.617407
dout                                  0.609053
xa.x1.nb                               1.19431
doutn                                 0.507544
tcheck                                     -40
pa_00                                  388.862
bpa_00#branch                                0
btchk#branch                                 0
bdoutn#branch                                0
bclk#branch                        6.32906e-11
ean#branch                         5.27217e-14
eap#branch                         6.82926e-14
vclku#branch                                 0
vd#branch                                    0
vcm#branch                         1.21014e-13
vsup#branch                       -4.18644e-05


No. of Data Rows : 12088

  Measurements for Transient Analysis

dlev0               =  6.80233e-06
dlev1               =  -4.89562e-06
dlev2               =  3.42199e-06
dlev3               =  -2.44932e-06
dlev4               =  1.35782e-06
dlev5               =  6.99462e-06
dlev6               =  8.90998e-06
dlev7               =  8.95616e-06
dlev8               =  9.41200e-06
dlev9               =  9.53209e-06
dlev10              =  8.75514e-06
dlev11              =  2.61053e-06
dlev12              =  7.87733e-06
dlev13              =  3.53769e-06
dlev14              =  4.68849e-07
dlev15              =  1.11780e-05
dlev16              =  4.19989e-06
dlev17              =  1.00000e+00
dlev18              =  1.00000e+00
dlev19              =  1.00000e+00
dlev20              =  1.00000e+00
dlev21              =  1.00000e+00
dlev22              =  1.00000e+00
dlev23              =  1.00000e+00
dlev24              =  1.00000e+00
dlev25              =  1.00000e+00
dlev26              =  1.00000e+00
dlev27              =  1.00000e+00
dlev28              =  1.00000e+00
dlev29              =  1.00000e+00
dlev30              =  9.99999e-01
dlev31              =  9.99998e-01
dlev32              =  1.00000e+00
vdd_meas            =  1.20000e+00
temp_meas           =  -4.00000e+01
vbias_mv            =  3.88862e+02
lowcount            =  1.69999e+01
vos_mv              =  1.49972e+00

ngspice-46 done
