
Note: No compatibility mode selected!


Circuit: * klt sim -- generated corner deck, do not edit

Doing analysis at TEMP = 27.000000 and TNOM = 27.000000

Using SPARSE 1.3 as Direct Linear Solver

Initial Transient Solution
--------------------------

Node                                   Voltage
----                                   -------
vdd                                       1.32
cm                                         0.6
vd                                      -0.048
ap                                       0.576
an                                       0.624
clku                                         0
clk                                          0
ibn                                   0.312959
xa.x1.tmid                         1.24937e-06
xa.x1.tail                            0.581146
xa.x1.np                                  1.32
xa.x1.nn                                  1.32
xa.x1.ln                                  1.32
xa.x1.lp                                  1.32
xa.x1.lnb                          1.11544e-07
xa.x1.lpb                          1.19029e-07
xa.x1.na                                  1.32
doutb                                     1.32
dout                               1.22598e-07
xa.x1.nb                                  1.32
doutn                               9.2877e-08
tcheck                                      27
pa_00                                  312.959
bpa_00#branch                                0
btchk#branch                                 0
bdoutn#branch                                0
bclk#branch                        4.31762e-10
ean#branch                         1.69309e-12
eap#branch                         2.11869e-12
vclku#branch                                 0
vd#branch                                    0
vcm#branch                         3.81178e-12
vsup#branch                       -2.00044e-05


No. of Data Rows : 12305

  Measurements for Transient Analysis

dlev0               =  -3.24828e-06
dlev1               =  -4.30766e-06
dlev2               =  -4.08426e-06
dlev3               =  -4.59078e-06
dlev4               =  1.75911e-07
dlev5               =  -1.07228e-07
dlev6               =  -3.20517e-07
dlev7               =  -6.24192e-06
dlev8               =  -5.03658e-06
dlev9               =  -1.10148e-07
dlev10              =  -5.34397e-06
dlev11              =  -5.35696e-06
dlev12              =  -4.42517e-06
dlev13              =  -6.16120e-06
dlev14              =  -5.77914e-06
dlev15              =  -5.68775e-06
dlev16              =  -5.51536e-06
dlev17              =  1.00000e+00
dlev18              =  1.00000e+00
dlev19              =  1.00000e+00
dlev20              =  9.99999e-01
dlev21              =  1.00000e+00
dlev22              =  9.99999e-01
dlev23              =  9.99999e-01
dlev24              =  9.99998e-01
dlev25              =  9.99999e-01
dlev26              =  1.00000e+00
dlev27              =  9.99999e-01
dlev28              =  9.99998e-01
dlev29              =  9.99998e-01
dlev30              =  9.99998e-01
dlev31              =  9.99998e-01
dlev32              =  9.99998e-01
vdd_meas            =  1.32000e+00
temp_meas           =  2.70000e+01
vbias_mv            =  3.12959e+02
lowcount            =  1.70001e+01
vos_mv              =  1.50026e+00

ngspice-46 done
