
Note: No compatibility mode selected!


Circuit: * klt sim -- generated corner deck, do not edit

Doing analysis at TEMP = 27.000000 and TNOM = 27.000000

Using SPARSE 1.3 as Direct Linear Solver

Initial Transient Solution
--------------------------

Node                                   Voltage
----                                   -------
vdd                                       1.32
cm                                         0.6
vd                                      -0.048
ap                                       0.576
an                                       0.624
clku                                         0
clk                                          0
ibn                                   0.310666
xa.x1.tmid                         1.37819e-06
xa.x1.tail                            0.580357
xa.x1.np                                  1.32
xa.x1.nn                                  1.32
xa.x1.ln                                  1.32
xa.x1.lp                                  1.32
xa.x1.lnb                          1.05766e-07
xa.x1.lpb                          9.79502e-08
xa.x1.na                                  1.32
doutb                              1.30499e-07
dout                                      1.32
xa.x1.nb                                  1.32
doutn                                        1
tcheck                                      27
pa_00                                  310.666
bpa_00#branch                                0
btchk#branch                                 0
bdoutn#branch                                0
bclk#branch                        4.27846e-10
ean#branch                         1.69226e-12
eap#branch                         2.11844e-12
vclku#branch                                 0
vd#branch                                    0
vcm#branch                          3.8107e-12
vsup#branch                       -2.00046e-05


No. of Data Rows : 12301

  Measurements for Transient Analysis

dlev0               =  -2.49726e-06
dlev1               =  -1.93211e-08
dlev2               =  -4.61657e-06
dlev3               =  -6.25366e-06
dlev4               =  -1.07098e-07
dlev5               =  -8.79991e-07
dlev6               =  -8.48557e-07
dlev7               =  -3.29837e-07
dlev8               =  -5.62082e-06
dlev9               =  -5.99915e-06
dlev10              =  -1.66614e-06
dlev11              =  1.13161e-07
dlev12              =  -5.90108e-06
dlev13              =  -2.02130e-06
dlev14              =  -6.65802e-07
dlev15              =  -6.04286e-06
dlev16              =  1.00000e+00
dlev17              =  9.99997e-01
dlev18              =  1.00000e+00
dlev19              =  9.99998e-01
dlev20              =  9.99997e-01
dlev21              =  1.00000e+00
dlev22              =  1.00000e+00
dlev23              =  9.99997e-01
dlev24              =  9.99998e-01
dlev25              =  9.99998e-01
dlev26              =  9.99998e-01
dlev27              =  1.00000e+00
dlev28              =  1.00000e+00
dlev29              =  1.00000e+00
dlev30              =  9.99997e-01
dlev31              =  9.99997e-01
dlev32              =  9.99997e-01
vdd_meas            =  1.32000e+00
temp_meas           =  2.70000e+01
vbias_mv            =  3.10666e+02
lowcount            =  1.60001e+01
vos_mv              =  -1.49978e+00

ngspice-46 done
