
Note: No compatibility mode selected!


Circuit: * klt sim -- generated corner deck, do not edit

Doing analysis at TEMP = 27.000000 and TNOM = 27.000000

Using SPARSE 1.3 as Direct Linear Solver

Initial Transient Solution
--------------------------

Node                                   Voltage
----                                   -------
vdd                                        1.2
cm                                         0.6
vd                                      -0.048
ap                                       0.576
an                                       0.624
clku                                         0
clk                                          0
ibn                                    0.33607
xa.x1.tmid                         3.66007e-07
xa.x1.tail                            0.585785
xa.x1.np                                   1.2
xa.x1.nn                                   1.2
xa.x1.ln                                   1.2
xa.x1.lp                                   1.2
xa.x1.lnb                          2.42744e-07
xa.x1.lpb                           2.4898e-07
xa.x1.na                               1.18294
doutb                                  0.64648
dout                                  0.642142
xa.x1.nb                               1.18311
doutn                                 0.535118
tcheck                                      27
pa_00                                   336.07
bpa_00#branch                                0
btchk#branch                                 0
bdoutn#branch                                0
bclk#branch                        5.51139e-10
ean#branch                         4.51361e-13
eap#branch                         5.80869e-13
vclku#branch                                 0
vd#branch                                    0
vcm#branch                         1.03223e-12
vsup#branch                       -9.48645e-05


No. of Data Rows : 12225

  Measurements for Transient Analysis

dlev0               =  -3.32745e-06
dlev1               =  4.88166e-06
dlev2               =  8.83444e-07
dlev3               =  5.70779e-06
dlev4               =  5.87487e-06
dlev5               =  5.54562e-06
dlev6               =  3.65797e-06
dlev7               =  6.20139e-06
dlev8               =  3.60454e-06
dlev9               =  3.25318e-06
dlev10              =  2.93243e-06
dlev11              =  -6.13183e-07
dlev12              =  4.61821e-06
dlev13              =  4.41517e-06
dlev14              =  -2.59755e-07
dlev15              =  4.37475e-06
dlev16              =  3.32644e-06
dlev17              =  9.99999e-01
dlev18              =  1.00000e+00
dlev19              =  1.00000e+00
dlev20              =  1.00000e+00
dlev21              =  9.99999e-01
dlev22              =  1.00000e+00
dlev23              =  1.00000e+00
dlev24              =  1.00000e+00
dlev25              =  9.99999e-01
dlev26              =  1.00000e+00
dlev27              =  1.00000e+00
dlev28              =  1.00000e+00
dlev29              =  1.00000e+00
dlev30              =  1.00000e+00
dlev31              =  1.00000e+00
dlev32              =  1.00000e+00
vdd_meas            =  1.20000e+00
temp_meas           =  2.70000e+01
vbias_mv            =  3.36070e+02
lowcount            =  1.69999e+01
vos_mv              =  1.49982e+00
vcm_meas            =  6.00000e-01

ngspice-46 done
