
Note: No compatibility mode selected!


Circuit: * klt sim -- generated corner deck, do not edit

Doing analysis at TEMP = -40.000000 and TNOM = 27.000000

Using SPARSE 1.3 as Direct Linear Solver
Note: Starting dynamic gmin stepping
Note: Dynamic gmin stepping completed

Initial Transient Solution
--------------------------

Node                                   Voltage
----                                   -------
vdd                                        1.2
cm                                         0.6
vd                                      -0.048
ap                                       0.576
an                                       0.624
clku                                         0
clk                                          0
ibn                                   0.389754
xa.x1.tmid                          1.5597e-09
xa.x1.tail                            0.562729
xa.x1.np                                   1.2
xa.x1.nn                                   1.2
xa.x1.ln                                   1.2
xa.x1.lp                                   1.2
xa.x1.lnb                          8.22612e-09
xa.x1.lpb                          7.96027e-09
xa.x1.na                               1.19405
doutb                                 0.613043
dout                                  0.610213
xa.x1.nb                               1.19393
doutn                                 0.508511
tcheck                                     -40
pa_00                                  389.754
bpa_00#branch                                0
btchk#branch                                 0
bdoutn#branch                                0
bclk#branch                        6.39561e-11
ean#branch                         5.26523e-14
eap#branch                         6.82787e-14
vclku#branch                                 0
vd#branch                                    0
vcm#branch                         1.20931e-13
vsup#branch                       -4.22047e-05


No. of Data Rows : 12132

  Measurements for Transient Analysis

dlev0               =  6.35000e-06
dlev1               =  -2.82272e-06
dlev2               =  -3.31890e-06
dlev3               =  -5.30361e-07
dlev4               =  1.76853e-06
dlev5               =  6.79844e-06
dlev6               =  -6.00839e-07
dlev7               =  2.17254e-06
dlev8               =  1.41423e-06
dlev9               =  -4.92091e-06
dlev10              =  9.14004e-06
dlev11              =  1.82373e-06
dlev12              =  6.31809e-06
dlev13              =  -4.14015e-06
dlev14              =  4.34026e-06
dlev15              =  -1.38466e-06
dlev16              =  -1.43695e-06
dlev17              =  8.15629e-07
dlev18              =  1.00000e+00
dlev19              =  9.99999e-01
dlev20              =  1.00000e+00
dlev21              =  1.00000e+00
dlev22              =  9.99999e-01
dlev23              =  1.00000e+00
dlev24              =  9.99997e-01
dlev25              =  9.99999e-01
dlev26              =  9.99998e-01
dlev27              =  9.99997e-01
dlev28              =  9.99997e-01
dlev29              =  9.99997e-01
dlev30              =  9.99997e-01
dlev31              =  9.99997e-01
dlev32              =  9.99997e-01
vdd_meas            =  1.20000e+00
temp_meas           =  -4.00000e+01
vbias_mv            =  3.89754e+02
lowcount            =  1.80000e+01
vos_mv              =  4.50000e+00

ngspice-46 done
