
Note: No compatibility mode selected!


Circuit: * klt sim -- generated corner deck, do not edit

Doing analysis at TEMP = -40.000000 and TNOM = 27.000000

Using SPARSE 1.3 as Direct Linear Solver
Note: Starting dynamic gmin stepping
Note: Dynamic gmin stepping completed

Initial Transient Solution
--------------------------

Node                                   Voltage
----                                   -------
vdd                                        1.2
cm                                         0.6
vd                                      -0.048
ap                                       0.576
an                                       0.624
clku                                         0
clk                                          0
ibn                                   0.389527
xa.x1.tmid                         1.43567e-09
xa.x1.tail                            0.537559
xa.x1.np                                   1.2
xa.x1.nn                                   1.2
xa.x1.ln                                   1.2
xa.x1.lp                                   1.2
xa.x1.lnb                          7.98496e-09
xa.x1.lpb                          8.17174e-09
xa.x1.na                               1.19415
doutb                                 0.614211
dout                                  0.613811
xa.x1.nb                               1.19406
doutn                                 0.511509
tcheck                                     -40
pa_00                                  389.527
bpa_00#branch                                0
btchk#branch                                 0
bdoutn#branch                                0
bclk#branch                        6.37272e-11
ean#branch                         6.99441e-14
eap#branch                         9.08024e-14
vclku#branch                                 0
vd#branch                                    0
vcm#branch                         1.60746e-13
vsup#branch                       -4.17042e-05


No. of Data Rows : 12129

  Measurements for Transient Analysis

dlev0               =  1.51248e-05
dlev1               =  -9.58884e-06
dlev2               =  -9.57177e-06
dlev3               =  -2.56061e-06
dlev4               =  -9.58568e-06
dlev5               =  -9.96114e-06
dlev6               =  -1.01999e-05
dlev7               =  -9.33204e-06
dlev8               =  -9.06271e-06
dlev9               =  -9.47578e-06
dlev10              =  -9.21365e-06
dlev11              =  -8.57410e-06
dlev12              =  -8.40299e-06
dlev13              =  -4.95355e-06
dlev14              =  -7.93651e-06
dlev15              =  1.00001e+00
dlev16              =  9.99996e-01
dlev17              =  1.00000e+00
dlev18              =  9.99996e-01
dlev19              =  9.99998e-01
dlev20              =  9.99996e-01
dlev21              =  9.99996e-01
dlev22              =  9.99996e-01
dlev23              =  9.99998e-01
dlev24              =  9.99996e-01
dlev25              =  9.99996e-01
dlev26              =  9.99996e-01
dlev27              =  9.99996e-01
dlev28              =  9.99996e-01
dlev29              =  9.99996e-01
dlev30              =  9.99996e-01
dlev31              =  9.99996e-01
dlev32              =  9.99998e-01
vdd_meas            =  1.20000e+00
temp_meas           =  -4.00000e+01
vbias_mv            =  3.89527e+02
lowcount            =  1.50002e+01
vos_mv              =  -4.49955e+00

ngspice-46 done
