
Note: No compatibility mode selected!


Circuit: * klt sim -- generated corner deck, do not edit

Doing analysis at TEMP = 125.000000 and TNOM = 27.000000

Using SPARSE 1.3 as Direct Linear Solver

Initial Transient Solution
--------------------------

Node                                   Voltage
----                                   -------
vdd                                        1.2
cm                                        0.55
vd                                      -0.048
ap                                       0.526
an                                       0.574
clku                                         0
clk                                          0
ibn                                   0.226195
xa.x1.tmid                         0.000160367
xa.x1.tail                            0.538155
xa.x1.np                               1.19995
xa.x1.nn                               1.19984
xa.x1.ln                                   1.2
xa.x1.lp                                   1.2
xa.x1.lnb                            1.652e-06
xa.x1.lpb                          1.59128e-06
xa.x1.na                                   1.2
doutb                              2.00078e-06
dout                                   1.19999
xa.x1.nb                               1.19999
doutn                                 0.999989
tcheck                                     125
pa_00                                  226.195
bpa_00#branch                                0
btchk#branch                                 0
bdoutn#branch                                0
bclk#branch                         2.7637e-10
ean#branch                          5.5605e-12
eap#branch                         7.01214e-12
vclku#branch                                 0
vd#branch                                    0
vcm#branch                         1.25726e-11
vsup#branch                        -2.0288e-05


No. of Data Rows : 12195

  Measurements for Transient Analysis

dlev0               =  2.19824e-06
dlev1               =  2.41124e-06
dlev2               =  2.97223e-06
dlev3               =  2.49909e-06
dlev4               =  2.49637e-06
dlev5               =  2.32352e-06
dlev6               =  2.02764e-06
dlev7               =  2.38160e-06
dlev8               =  2.40792e-06
dlev9               =  2.38832e-06
dlev10              =  1.87089e-06
dlev11              =  2.27767e-06
dlev12              =  3.05736e-06
dlev13              =  2.93803e-06
dlev14              =  1.83865e-06
dlev15              =  1.77877e-06
dlev16              =  1.76976e-06
dlev17              =  9.99989e-01
dlev18              =  9.99989e-01
dlev19              =  9.99989e-01
dlev20              =  9.99989e-01
dlev21              =  9.99989e-01
dlev22              =  9.99990e-01
dlev23              =  9.99989e-01
dlev24              =  9.99989e-01
dlev25              =  9.99989e-01
dlev26              =  9.99990e-01
dlev27              =  9.99989e-01
dlev28              =  9.99989e-01
dlev29              =  9.99989e-01
dlev30              =  9.99989e-01
dlev31              =  9.99989e-01
dlev32              =  9.99989e-01
vdd_meas            =  1.20000e+00
temp_meas           =  1.25000e+02
vbias_mv            =  2.26195e+02
lowcount            =  1.70001e+01
vos_mv              =  1.50040e+00
vcm_meas            =  5.50000e-01

ngspice-46 done
