
Note: No compatibility mode selected!


Circuit: * klt sim -- generated corner deck, do not edit

Doing analysis at TEMP = 125.000000 and TNOM = 27.000000

Using SPARSE 1.3 as Direct Linear Solver

Initial Transient Solution
--------------------------

Node                                   Voltage
----                                   -------
vdd                                       1.08
cm                                         0.6
vd                                      -0.048
ap                                       0.576
an                                       0.624
clku                                         0
clk                                          0
ibn                                   0.296324
xa.x1.tmid                         1.32235e-05
xa.x1.tail                            0.593069
xa.x1.np                                  1.08
xa.x1.nn                               1.07998
xa.x1.ln                                  1.08
xa.x1.lp                                  1.08
xa.x1.lnb                          7.09842e-07
xa.x1.lpb                          7.34718e-07
xa.x1.na                               1.06855
doutb                                 0.552162
dout                                   0.56261
xa.x1.nb                               1.06801
doutn                                 0.520935
tcheck                                     125
pa_00                                  296.324
bpa_00#branch                                0
btchk#branch                                 0
bdoutn#branch                                0
bclk#branch                        9.97147e-11
ean#branch                         2.45692e-13
eap#branch                         3.28237e-13
vclku#branch                                 0
vd#branch                                    0
vcm#branch                          5.7393e-13
vsup#branch                       -5.22062e-05


No. of Data Rows : 12031

  Measurements for Transient Analysis

dlev0               =  2.15358e-06
dlev1               =  2.17761e-06
dlev2               =  2.33588e-06
dlev3               =  1.07881e-06
dlev4               =  1.24502e-06
dlev5               =  3.99645e-06
dlev6               =  1.25917e-06
dlev7               =  3.52768e-06
dlev8               =  1.81785e-06
dlev9               =  1.66550e-06
dlev10              =  1.51649e-06
dlev11              =  2.49345e-06
dlev12              =  2.72497e-06
dlev13              =  -2.15049e-06
dlev14              =  2.11211e-06
dlev15              =  1.08360e-06
dlev16              =  9.99997e-01
dlev17              =  9.99999e-01
dlev18              =  9.99999e-01
dlev19              =  9.99998e-01
dlev20              =  9.99998e-01
dlev21              =  9.99999e-01
dlev22              =  9.99999e-01
dlev23              =  9.99999e-01
dlev24              =  9.99999e-01
dlev25              =  1.00000e+00
dlev26              =  9.99998e-01
dlev27              =  1.00000e+00
dlev28              =  1.00000e+00
dlev29              =  9.99999e-01
dlev30              =  9.99999e-01
dlev31              =  9.99999e-01
dlev32              =  9.99999e-01
vdd_meas            =  1.08000e+00
temp_meas           =  1.25000e+02
vbias_mv            =  2.96324e+02
lowcount            =  1.60000e+01
vos_mv              =  -1.50004e+00

ngspice-46 done
