
Note: No compatibility mode selected!


Circuit: * klt sim -- generated corner deck, do not edit

Doing analysis at TEMP = -40.000000 and TNOM = 27.000000

Using SPARSE 1.3 as Direct Linear Solver

Initial Transient Solution
--------------------------

Node                                   Voltage
----                                   -------
vdd                                        1.2
cm                                         0.6
vd                                      -0.048
ap                                       0.576
an                                       0.624
clku                                         0
clk                                          0
ibn                                   0.324251
xa.x1.tmid                         7.24035e-08
xa.x1.tail                            0.550336
xa.x1.np                                   1.2
xa.x1.nn                                   1.2
xa.x1.ln                                   1.2
xa.x1.lp                                   1.2
xa.x1.lnb                          2.30517e-08
xa.x1.lpb                          2.42214e-08
xa.x1.na                               1.18693
doutb                                 0.593044
dout                                   0.58402
xa.x1.nb                               1.18816
doutn                                 0.486683
tcheck                                     -40
pa_00                                  324.251
bpa_00#branch                                0
btchk#branch                                 0
bdoutn#branch                                0
bclk#branch                         1.1675e-10
ean#branch                         6.27581e-13
eap#branch                          8.0061e-13
vclku#branch                                 0
vd#branch                                    0
vcm#branch                         1.42819e-12
vsup#branch                       -6.99364e-05


No. of Data Rows : 12215

  Measurements for Transient Analysis

dlev0               =  3.95256e-06
dlev1               =  6.10380e-06
dlev2               =  2.54455e-06
dlev3               =  2.61213e-06
dlev4               =  3.35170e-07
dlev5               =  7.08739e-06
dlev6               =  4.31468e-06
dlev7               =  2.76874e-07
dlev8               =  1.56208e-06
dlev9               =  5.64835e-07
dlev10              =  4.11836e-06
dlev11              =  -8.61421e-07
dlev12              =  6.11697e-06
dlev13              =  4.44069e-06
dlev14              =  3.74815e-06
dlev15              =  2.28262e-06
dlev16              =  9.99996e-01
dlev17              =  1.00000e+00
dlev18              =  1.00000e+00
dlev19              =  1.00000e+00
dlev20              =  1.00000e+00
dlev21              =  1.00000e+00
dlev22              =  1.00000e+00
dlev23              =  1.00000e+00
dlev24              =  1.00000e+00
dlev25              =  1.00000e+00
dlev26              =  1.00000e+00
dlev27              =  1.00000e+00
dlev28              =  1.00000e+00
dlev29              =  1.00000e+00
dlev30              =  1.00000e+00
dlev31              =  1.00000e+00
dlev32              =  1.00000e+00
vdd_meas            =  1.20000e+00
temp_meas           =  -4.00000e+01
vbias_mv            =  3.24251e+02
lowcount            =  1.59999e+01
vos_mv              =  -1.50019e+00

ngspice-46 done
