
Note: No compatibility mode selected!


Circuit: * klt sim -- generated corner deck, do not edit

Doing analysis at TEMP = 27.000000 and TNOM = 27.000000

Using SPARSE 1.3 as Direct Linear Solver

Initial Transient Solution
--------------------------

Node                                   Voltage
----                                   -------
vdd                                       1.32
cm                                         0.6
vd                                      -0.048
ap                                       0.576
an                                       0.624
clku                                         0
clk                                          0
ibn                                    0.32901
xa.x1.tmid                         3.59033e-07
xa.x1.tail                            0.592297
xa.x1.np                                  1.32
xa.x1.nn                                  1.32
xa.x1.ln                                  1.32
xa.x1.lp                                  1.32
xa.x1.lnb                          2.25396e-07
xa.x1.lpb                          2.14751e-07
xa.x1.na                               1.29242
doutb                                 0.693652
dout                                  0.697272
xa.x1.nb                               1.29445
doutn                                 0.528236
tcheck                                      27
pa_00                                   329.01
bpa_00#branch                                0
btchk#branch                                 0
bdoutn#branch                                0
bclk#branch                        7.67749e-10
ean#branch                          8.2645e-13
eap#branch                         1.04008e-12
vclku#branch                                 0
vd#branch                                    0
vcm#branch                         1.86653e-12
vsup#branch                       -0.000148469


No. of Data Rows : 12297

  Measurements for Transient Analysis

dlev0               =  -5.81281e-06
dlev1               =  1.47152e-07
dlev2               =  -1.86755e-07
dlev3               =  -5.73371e-06
dlev4               =  -5.85060e-06
dlev5               =  -5.76058e-06
dlev6               =  -5.67099e-06
dlev7               =  -5.57535e-06
dlev8               =  -3.78110e-06
dlev9               =  -3.55722e-06
dlev10              =  -7.83972e-06
dlev11              =  -5.10355e-06
dlev12              =  -7.80568e-06
dlev13              =  -2.39368e-06
dlev14              =  -4.93507e-06
dlev15              =  -2.14771e-06
dlev16              =  9.99997e-01
dlev17              =  9.99999e-01
dlev18              =  9.99999e-01
dlev19              =  9.99999e-01
dlev20              =  9.99998e-01
dlev21              =  9.99999e-01
dlev22              =  9.99998e-01
dlev23              =  9.99999e-01
dlev24              =  9.99999e-01
dlev25              =  9.99998e-01
dlev26              =  9.99998e-01
dlev27              =  9.99998e-01
dlev28              =  9.99999e-01
dlev29              =  9.99999e-01
dlev30              =  9.99998e-01
dlev31              =  9.99998e-01
dlev32              =  9.99998e-01
vdd_meas            =  1.32000e+00
temp_meas           =  2.70000e+01
vbias_mv            =  3.29010e+02
lowcount            =  1.60001e+01
vos_mv              =  -1.49970e+00

ngspice-46 done
