
Note: No compatibility mode selected!


Circuit: * klt sim -- generated corner deck, do not edit

Doing analysis at TEMP = -40.000000 and TNOM = 27.000000

Using SPARSE 1.3 as Direct Linear Solver

Initial Transient Solution
--------------------------

Node                                   Voltage
----                                   -------
vdd                                        1.2
cm                                        0.55
vd                                      -0.048
ap                                       0.526
an                                       0.574
clku                                         0
clk                                          0
ibn                                   0.321532
xa.x1.tmid                         7.37995e-08
xa.x1.tail                            0.522931
xa.x1.np                                   1.2
xa.x1.nn                                   1.2
xa.x1.ln                                   1.2
xa.x1.lp                                   1.2
xa.x1.lnb                          2.32008e-08
xa.x1.lpb                          2.25326e-08
xa.x1.na                               1.18731
doutb                                 0.588317
dout                                    0.5876
xa.x1.nb                               1.18726
doutn                                 0.489667
tcheck                                     -40
pa_00                                  321.532
bpa_00#branch                                0
btchk#branch                                 0
bdoutn#branch                                0
bclk#branch                        1.17561e-10
ean#branch                         1.21003e-12
eap#branch                         1.52611e-12
vclku#branch                                 0
vd#branch                                    0
vcm#branch                         2.73614e-12
vsup#branch                       -6.96524e-05


No. of Data Rows : 12288

  Measurements for Transient Analysis

dlev0               =  -6.66604e-06
dlev1               =  -1.12234e-06
dlev2               =  2.63047e-06
dlev3               =  2.46262e-06
dlev4               =  -1.53800e-06
dlev5               =  -1.14286e-06
dlev6               =  -1.15913e-06
dlev7               =  -5.20585e-07
dlev8               =  -1.11806e-06
dlev9               =  5.66004e-06
dlev10              =  6.98543e-06
dlev11              =  -1.82680e-06
dlev12              =  -1.74441e-06
dlev13              =  -7.21341e-07
dlev14              =  5.94077e-06
dlev15              =  -5.86516e-07
dlev16              =  -1.44630e-06
dlev17              =  1.00000e+00
dlev18              =  9.99997e-01
dlev19              =  1.00000e+00
dlev20              =  1.00000e+00
dlev21              =  1.00000e+00
dlev22              =  9.99997e-01
dlev23              =  9.99999e-01
dlev24              =  9.99998e-01
dlev25              =  9.99999e-01
dlev26              =  1.00000e+00
dlev27              =  9.99999e-01
dlev28              =  9.99999e-01
dlev29              =  9.99998e-01
dlev30              =  9.99999e-01
dlev31              =  9.99999e-01
dlev32              =  9.99999e-01
vdd_meas            =  1.20000e+00
temp_meas           =  -4.00000e+01
vbias_mv            =  3.21532e+02
lowcount            =  1.70000e+01
vos_mv              =  1.50004e+00
vcm_meas            =  5.50000e-01

ngspice-46 done
