
Note: No compatibility mode selected!


Circuit: * klt sim -- generated corner deck, do not edit

Doing analysis at TEMP = -40.000000 and TNOM = 27.000000

Using SPARSE 1.3 as Direct Linear Solver
Note: Starting dynamic gmin stepping
Note: Dynamic gmin stepping completed

Initial Transient Solution
--------------------------

Node                                   Voltage
----                                   -------
vdd                                       1.08
cm                                         0.6
vd                                      -0.048
ap                                       0.576
an                                       0.624
clku                                         0
clk                                          0
ibn                                    0.36552
xa.x1.tmid                         5.47021e-09
xa.x1.tail                            0.564463
xa.x1.np                                  1.08
xa.x1.nn                                  1.08
xa.x1.ln                                  1.08
xa.x1.lp                                  1.08
xa.x1.lnb                          3.61381e-08
xa.x1.lpb                          3.41007e-08
xa.x1.na                               1.07363
doutb                                 0.589549
dout                                  0.580551
xa.x1.nb                               1.07478
doutn                                 0.537548
tcheck                                     -40
pa_00                                   365.52
bpa_00#branch                                0
btchk#branch                                 0
bdoutn#branch                                0
bclk#branch                        2.53687e-10
ean#branch                         7.41074e-14
eap#branch                         9.90319e-14
vclku#branch                                 0
vd#branch                                    0
vcm#branch                         1.73139e-13
vsup#branch                       -4.45937e-05


No. of Data Rows : 12179

  Measurements for Transient Analysis

dlev0               =  2.00587e-07
dlev1               =  -8.65650e-06
dlev2               =  -8.56610e-06
dlev3               =  -1.29254e-05
dlev4               =  -8.40818e-06
dlev5               =  -6.32438e-06
dlev6               =  -1.25233e-05
dlev7               =  -8.89517e-06
dlev8               =  -7.63578e-06
dlev9               =  -8.00917e-06
dlev10              =  -2.07896e-06
dlev11              =  -1.02110e-05
dlev12              =  -8.96760e-06
dlev13              =  -1.04004e-05
dlev14              =  -1.01190e-05
dlev15              =  -1.06566e-05
dlev16              =  -1.03612e-05
dlev17              =  -1.08099e-05
dlev18              =  1.00000e+00
dlev19              =  9.99996e-01
dlev20              =  9.99996e-01
dlev21              =  9.99996e-01
dlev22              =  9.99996e-01
dlev23              =  9.99996e-01
dlev24              =  9.99996e-01
dlev25              =  9.99996e-01
dlev26              =  9.99999e-01
dlev27              =  9.99996e-01
dlev28              =  9.99996e-01
dlev29              =  9.99996e-01
dlev30              =  9.99996e-01
dlev31              =  9.99996e-01
dlev32              =  9.99997e-01
vdd_meas            =  1.08000e+00
temp_meas           =  -4.00000e+01
vbias_mv            =  3.65520e+02
lowcount            =  1.80002e+01
vos_mv              =  4.50061e+00

ngspice-46 done
