
Note: No compatibility mode selected!


Circuit: * klt sim -- generated corner deck, do not edit

Doing analysis at TEMP = 125.000000 and TNOM = 27.000000

Using SPARSE 1.3 as Direct Linear Solver

Initial Transient Solution
--------------------------

Node                                   Voltage
----                                   -------
vdd                                       1.32
cm                                        0.55
vd                                      -0.048
ap                                       0.526
an                                       0.574
clku                                         0
clk                                          0
ibn                                   0.246488
xa.x1.tmid                         8.59563e-05
xa.x1.tail                            0.542438
xa.x1.np                               1.31998
xa.x1.nn                               1.31993
xa.x1.ln                                  1.32
xa.x1.lp                                  1.32
xa.x1.lnb                          3.71753e-06
xa.x1.lpb                          4.05061e-06
xa.x1.na                               1.27916
doutb                                 0.670664
dout                                  0.664742
xa.x1.nb                               1.27897
doutn                                 0.503593
tcheck                                     125
pa_00                                  246.488
bpa_00#branch                                0
btchk#branch                                 0
bdoutn#branch                                0
bclk#branch                        6.71096e-10
ean#branch                         4.74934e-12
eap#branch                         5.89895e-12
vclku#branch                                 0
vd#branch                                    0
vcm#branch                         1.06483e-11
vsup#branch                       -0.000180966


No. of Data Rows : 12248

  Measurements for Transient Analysis

dlev0               =  -4.07259e-06
dlev1               =  -7.75782e-07
dlev2               =  5.67387e-06
dlev3               =  3.49557e-06
dlev4               =  -1.49876e-07
dlev5               =  1.86354e-06
dlev6               =  9.02232e-07
dlev7               =  4.47149e-07
dlev8               =  2.47316e-06
dlev9               =  1.88536e-06
dlev10              =  1.59644e-06
dlev11              =  6.28068e-07
dlev12              =  3.25054e-06
dlev13              =  4.71737e-06
dlev14              =  1.08586e-07
dlev15              =  4.05143e-06
dlev16              =  9.99996e-01
dlev17              =  9.99995e-01
dlev18              =  9.99996e-01
dlev19              =  9.99996e-01
dlev20              =  9.99995e-01
dlev21              =  9.99996e-01
dlev22              =  9.99996e-01
dlev23              =  9.99997e-01
dlev24              =  9.99995e-01
dlev25              =  9.99995e-01
dlev26              =  9.99996e-01
dlev27              =  9.99996e-01
dlev28              =  9.99996e-01
dlev29              =  9.99996e-01
dlev30              =  9.99996e-01
dlev31              =  9.99996e-01
dlev32              =  9.99996e-01
vdd_meas            =  1.32000e+00
temp_meas           =  1.25000e+02
vbias_mv            =  2.46488e+02
lowcount            =  1.60000e+01
vos_mv              =  -1.49987e+00
vcm_meas            =  5.50000e-01

ngspice-46 done
