
Note: No compatibility mode selected!


Circuit: * klt sim -- generated corner deck, do not edit

Doing analysis at TEMP = 27.000000 and TNOM = 27.000000

Using SPARSE 1.3 as Direct Linear Solver

Initial Transient Solution
--------------------------

Node                                   Voltage
----                                   -------
vdd                                        1.2
cm                                         0.6
vd                                      -0.048
ap                                       0.576
an                                       0.624
clku                                         0
clk                                          0
ibn                                   0.248452
xa.x1.tmid                         8.52654e-06
xa.x1.tail                            0.575873
xa.x1.np                                   1.2
xa.x1.nn                               1.19999
xa.x1.ln                                   1.2
xa.x1.lp                                   1.2
xa.x1.lnb                          5.62636e-07
xa.x1.lpb                          6.33581e-07
xa.x1.na                               1.17389
doutb                                 0.615161
dout                                  0.612722
xa.x1.nb                                1.1731
doutn                                 0.510601
tcheck                                      27
pa_00                                  248.452
bpa_00#branch                                0
btchk#branch                                 0
bdoutn#branch                                0
bclk#branch                        9.91544e-10
ean#branch                         4.04488e-12
eap#branch                         5.12332e-12
vclku#branch                                 0
vd#branch                                    0
vcm#branch                         9.16819e-12
vsup#branch                       -0.000140289


No. of Data Rows : 12164

  Measurements for Transient Analysis

dlev0               =  1.21333e-06
dlev1               =  -4.13942e-06
dlev2               =  -3.82774e-06
dlev3               =  -4.03781e-06
dlev4               =  1.30895e-06
dlev5               =  1.90032e-06
dlev6               =  -2.67800e-06
dlev7               =  -2.75324e-06
dlev8               =  -2.32630e-06
dlev9               =  -2.22998e-06
dlev10              =  -2.23465e-06
dlev11              =  -1.92678e-06
dlev12              =  -1.37817e-06
dlev13              =  -1.11426e-06
dlev14              =  -7.63405e-07
dlev15              =  -4.45103e-06
dlev16              =  9.99998e-01
dlev17              =  9.99997e-01
dlev18              =  9.99999e-01
dlev19              =  9.99997e-01
dlev20              =  9.99998e-01
dlev21              =  9.99998e-01
dlev22              =  9.99998e-01
dlev23              =  9.99998e-01
dlev24              =  9.99998e-01
dlev25              =  9.99998e-01
dlev26              =  9.99998e-01
dlev27              =  9.99999e-01
dlev28              =  9.99998e-01
dlev29              =  9.99998e-01
dlev30              =  9.99998e-01
dlev31              =  9.99998e-01
dlev32              =  9.99997e-01
vdd_meas            =  1.20000e+00
temp_meas           =  2.70000e+01
vbias_mv            =  2.48452e+02
lowcount            =  1.60001e+01
vos_mv              =  -1.49981e+00

ngspice-46 done
