
Note: No compatibility mode selected!


Circuit: * klt sim -- generated corner deck, do not edit

Doing analysis at TEMP = 27.000000 and TNOM = 27.000000

Using SPARSE 1.3 as Direct Linear Solver

Initial Transient Solution
--------------------------

Node                                   Voltage
----                                   -------
vdd                                       1.08
cm                                         0.6
vd                                      -0.048
ap                                       0.576
an                                       0.624
clku                                         0
clk                                          0
ibn                                    0.33905
xa.x1.tmid                         9.75905e-08
xa.x1.tail                            0.597001
xa.x1.np                                  1.08
xa.x1.nn                                  1.08
xa.x1.ln                                  1.08
xa.x1.lp                                  1.08
xa.x1.lnb                          1.47665e-08
xa.x1.lpb                          1.37023e-08
xa.x1.na                                  1.08
doutb                              1.63303e-08
dout                                      1.08
xa.x1.nb                                  1.08
doutn                                        1
tcheck                                      27
pa_00                                   339.05
bpa_00#branch                                0
btchk#branch                                 0
bdoutn#branch                                0
bclk#branch                        6.54076e-11
ean#branch                         1.09746e-13
eap#branch                         1.46744e-13
vclku#branch                                 0
vd#branch                                    0
vcm#branch                         2.56489e-13
vsup#branch                       -1.50003e-05


No. of Data Rows : 12059

  Measurements for Transient Analysis

dlev0               =  -6.41681e-06
dlev1               =  -2.86730e-06
dlev2               =  -2.96090e-06
dlev3               =  -3.38387e-06
dlev4               =  -3.44558e-06
dlev5               =  -3.60228e-06
dlev6               =  -4.03765e-06
dlev7               =  -2.27361e-06
dlev8               =  -3.37314e-06
dlev9               =  5.54442e-06
dlev10              =  -4.94701e-06
dlev11              =  -3.16709e-06
dlev12              =  -7.62886e-07
dlev13              =  -6.23547e-06
dlev14              =  -6.33021e-06
dlev15              =  -4.78345e-06
dlev16              =  9.99997e-01
dlev17              =  1.00000e+00
dlev18              =  1.00000e+00
dlev19              =  9.99999e-01
dlev20              =  1.00000e+00
dlev21              =  9.99999e-01
dlev22              =  1.00000e+00
dlev23              =  9.99999e-01
dlev24              =  9.99999e-01
dlev25              =  9.99999e-01
dlev26              =  9.99999e-01
dlev27              =  9.99999e-01
dlev28              =  9.99999e-01
dlev29              =  9.99999e-01
dlev30              =  9.99999e-01
dlev31              =  9.99999e-01
dlev32              =  9.99999e-01
vdd_meas            =  1.08000e+00
temp_meas           =  2.70000e+01
vbias_mv            =  3.39050e+02
lowcount            =  1.60001e+01
vos_mv              =  -1.49981e+00

ngspice-46 done
