
Note: No compatibility mode selected!


Circuit: * klt sim -- generated corner deck, do not edit

Doing analysis at TEMP = -40.000000 and TNOM = 27.000000

Using SPARSE 1.3 as Direct Linear Solver

Initial Transient Solution
--------------------------

Node                                   Voltage
----                                   -------
vdd                                        1.2
cm                                         0.6
vd                                      -0.048
ap                                       0.576
an                                       0.624
clku                                         0
clk                                          0
ibn                                   0.342383
xa.x1.tmid                         2.41069e-08
xa.x1.tail                            0.527836
xa.x1.np                                   1.2
xa.x1.nn                                   1.2
xa.x1.ln                                   1.2
xa.x1.lp                                   1.2
xa.x1.lnb                          2.61632e-08
xa.x1.lpb                          2.58045e-08
xa.x1.na                               1.18816
doutb                                 0.619508
dout                                  0.617683
xa.x1.nb                               1.18888
doutn                                 0.514736
tcheck                                     -40
pa_00                                  342.383
bpa_00#branch                                0
btchk#branch                                 0
bdoutn#branch                                0
bclk#branch                        2.03816e-10
ean#branch                         3.01204e-13
eap#branch                         3.86816e-13
vclku#branch                                 0
vd#branch                                    0
vcm#branch                         6.88019e-13
vsup#branch                        -7.0939e-05


No. of Data Rows : 12220

  Measurements for Transient Analysis

dlev0               =  9.50446e-06
dlev1               =  5.78788e-06
dlev2               =  5.59675e-06
dlev3               =  1.18966e-05
dlev4               =  5.29340e-06
dlev5               =  4.83524e-07
dlev6               =  6.79031e-08
dlev7               =  5.39358e-06
dlev8               =  7.99929e-06
dlev9               =  6.76153e-06
dlev10              =  6.88189e-06
dlev11              =  1.18323e-05
dlev12              =  1.31063e-05
dlev13              =  5.45831e-06
dlev14              =  1.41024e-05
dlev15              =  9.99996e-01
dlev16              =  1.00000e+00
dlev17              =  1.00000e+00
dlev18              =  1.00000e+00
dlev19              =  1.00000e+00
dlev20              =  1.00000e+00
dlev21              =  1.00000e+00
dlev22              =  1.00000e+00
dlev23              =  1.00000e+00
dlev24              =  1.00000e+00
dlev25              =  1.00000e+00
dlev26              =  1.00000e+00
dlev27              =  1.00000e+00
dlev28              =  1.00000e+00
dlev29              =  1.00000e+00
dlev30              =  1.00000e+00
dlev31              =  1.00000e+00
dlev32              =  1.00000e+00
vdd_meas            =  1.20000e+00
temp_meas           =  -4.00000e+01
vbias_mv            =  3.42383e+02
lowcount            =  1.49998e+01
vos_mv              =  -4.50047e+00

ngspice-46 done
