
Note: No compatibility mode selected!


Circuit: * klt sim -- generated corner deck, do not edit

Doing analysis at TEMP = 27.000000 and TNOM = 27.000000

Using SPARSE 1.3 as Direct Linear Solver

Initial Transient Solution
--------------------------

Node                                   Voltage
----                                   -------
vdd                                        1.2
cm                                        0.55
vd                                      -0.048
ap                                       0.526
an                                       0.574
clku                                         0
clk                                          0
ibn                                   0.286718
xa.x1.tmid                         2.90204e-06
xa.x1.tail                            0.532364
xa.x1.np                                   1.2
xa.x1.nn                                   1.2
xa.x1.ln                                   1.2
xa.x1.lp                                   1.2
xa.x1.lnb                          5.37157e-08
xa.x1.lpb                          5.56109e-08
xa.x1.na                                   1.2
doutb                              6.00267e-08
dout                                       1.2
xa.x1.nb                                   1.2
doutn                                        1
tcheck                                      27
pa_00                                  286.718
bpa_00#branch                                0
btchk#branch                                 0
bdoutn#branch                                0
bclk#branch                         1.7667e-10
ean#branch                         2.49395e-12
eap#branch                         3.14143e-12
vclku#branch                                 0
vd#branch                                    0
vcm#branch                         5.63538e-12
vsup#branch                       -2.00075e-05


No. of Data Rows : 12247

  Measurements for Transient Analysis

dlev0               =  -4.58818e-06
dlev1               =  1.38260e-06
dlev2               =  2.05809e-06
dlev3               =  2.69541e-06
dlev4               =  1.35252e-06
dlev5               =  1.27709e-06
dlev6               =  1.79037e-06
dlev7               =  2.26919e-06
dlev8               =  2.19365e-06
dlev9               =  1.55912e-06
dlev10              =  2.16645e-06
dlev11              =  5.60154e-07
dlev12              =  2.50736e-06
dlev13              =  2.35804e-07
dlev14              =  4.20510e-07
dlev15              =  -3.87700e-07
dlev16              =  -1.69700e-07
dlev17              =  9.99997e-01
dlev18              =  9.99999e-01
dlev19              =  1.00000e+00
dlev20              =  1.00000e+00
dlev21              =  1.00000e+00
dlev22              =  1.00000e+00
dlev23              =  1.00000e+00
dlev24              =  1.00000e+00
dlev25              =  1.00000e+00
dlev26              =  1.00000e+00
dlev27              =  1.00000e+00
dlev28              =  1.00000e+00
dlev29              =  1.00000e+00
dlev30              =  1.00000e+00
dlev31              =  9.99999e-01
dlev32              =  1.00000e+00
vdd_meas            =  1.20000e+00
temp_meas           =  2.70000e+01
vbias_mv            =  2.86718e+02
lowcount            =  1.70000e+01
vos_mv              =  1.49995e+00
vcm_meas            =  5.50000e-01

ngspice-46 done
