
Note: No compatibility mode selected!


Circuit: * klt sim -- generated corner deck, do not edit

Doing analysis at TEMP = 27.000000 and TNOM = 27.000000

Using SPARSE 1.3 as Direct Linear Solver

Initial Transient Solution
--------------------------

Node                                   Voltage
----                                   -------
vdd                                       1.32
cm                                         0.6
vd                                      -0.048
ap                                       0.576
an                                       0.624
clku                                         0
clk                                          0
ibn                                   0.321251
xa.x1.tmid                         1.29433e-07
xa.x1.tail                            0.604472
xa.x1.np                                  1.32
xa.x1.nn                                  1.32
xa.x1.ln                                  1.32
xa.x1.lp                                  1.32
xa.x1.lnb                          2.11083e-08
xa.x1.lpb                          2.14882e-08
xa.x1.na                                  1.32
doutb                              2.14631e-08
dout                                      1.32
xa.x1.nb                                  1.32
doutn                                        1
tcheck                                      27
pa_00                                  321.251
bpa_00#branch                                0
btchk#branch                                 0
bdoutn#branch                                0
bclk#branch                         1.3329e-10
ean#branch                         4.03871e-13
eap#branch                         5.10397e-13
vclku#branch                                 0
vd#branch                                    0
vcm#branch                         9.14269e-13
vsup#branch                       -1.00005e-05


No. of Data Rows : 12120

  Measurements for Transient Analysis

dlev0               =  5.14881e-07
dlev1               =  5.60219e-08
dlev2               =  1.53940e-07
dlev3               =  1.37902e-07
dlev4               =  1.13742e-07
dlev5               =  7.14954e-08
dlev6               =  4.52435e-08
dlev7               =  4.02188e-08
dlev8               =  3.30275e-10
dlev9               =  -1.46092e-08
dlev10              =  8.72221e-09
dlev11              =  -1.01345e-07
dlev12              =  -9.49231e-08
dlev13              =  -1.72914e-07
dlev14              =  -3.42615e-07
dlev15              =  -9.53303e-07
dlev16              =  2.93434e-08
dlev17              =  1.00000e+00
dlev18              =  1.00000e+00
dlev19              =  1.00000e+00
dlev20              =  1.00000e+00
dlev21              =  9.99999e-01
dlev22              =  9.99999e-01
dlev23              =  1.00000e+00
dlev24              =  1.00000e+00
dlev25              =  9.99999e-01
dlev26              =  1.00000e+00
dlev27              =  1.00000e+00
dlev28              =  1.00000e+00
dlev29              =  1.00000e+00
dlev30              =  1.00000e+00
dlev31              =  9.99999e-01
dlev32              =  9.99999e-01
vdd_meas            =  1.32000e+00
temp_meas           =  2.70000e+01
vbias_mv            =  3.21251e+02
lowcount            =  1.70000e+01
vos_mv              =  1.50002e+00

ngspice-46 done
