
Note: No compatibility mode selected!


Circuit: * klt sim -- generated corner deck, do not edit

Doing analysis at TEMP = -40.000000 and TNOM = 27.000000

Using SPARSE 1.3 as Direct Linear Solver
Note: Starting dynamic gmin stepping
Note: Dynamic gmin stepping completed

Initial Transient Solution
--------------------------

Node                                   Voltage
----                                   -------
vdd                                        1.2
cm                                         0.6
vd                                      -0.048
ap                                       0.576
an                                       0.624
clku                                         0
clk                                          0
ibn                                   0.342857
xa.x1.tmid                          2.4989e-08
xa.x1.tail                            0.571901
xa.x1.np                                   1.2
xa.x1.nn                                   1.2
xa.x1.ln                                   1.2
xa.x1.lp                                   1.2
xa.x1.lnb                          2.77901e-08
xa.x1.lpb                          2.64211e-08
xa.x1.na                                   1.2
doutb                              2.64036e-08
dout                                       1.2
xa.x1.nb                                   1.2
doutn                                        1
tcheck                                     -40
pa_00                                  342.857
bpa_00#branch                                0
btchk#branch                                 0
bdoutn#branch                                0
bclk#branch                        2.02337e-10
ean#branch                         4.54414e-13
eap#branch                         5.82284e-13
vclku#branch                                 0
vd#branch                                    0
vcm#branch                          1.0367e-12
vsup#branch                       -2.00005e-05


No. of Data Rows : 12235

  Measurements for Transient Analysis

dlev0               =  2.05223e-06
dlev1               =  -2.17978e-07
dlev2               =  1.03920e-06
dlev3               =  -3.65175e-06
dlev4               =  -2.37232e-06
dlev5               =  -1.19984e-06
dlev6               =  -3.66979e-06
dlev7               =  6.14805e-06
dlev8               =  -2.34471e-06
dlev9               =  -4.14267e-06
dlev10              =  -4.04734e-06
dlev11              =  -3.56930e-06
dlev12              =  9.06497e-06
dlev13              =  -2.53172e-06
dlev14              =  8.89047e-06
dlev15              =  -1.74586e-06
dlev16              =  -2.35980e-06
dlev17              =  9.99996e-01
dlev18              =  1.00000e+00
dlev19              =  1.00000e+00
dlev20              =  1.00000e+00
dlev21              =  1.00000e+00
dlev22              =  9.99999e-01
dlev23              =  9.99999e-01
dlev24              =  9.99999e-01
dlev25              =  9.99999e-01
dlev26              =  9.99998e-01
dlev27              =  1.00000e+00
dlev28              =  1.00000e+00
dlev29              =  9.99999e-01
dlev30              =  9.99999e-01
dlev31              =  9.99999e-01
dlev32              =  9.99999e-01
vdd_meas            =  1.20000e+00
temp_meas           =  -4.00000e+01
vbias_mv            =  3.42857e+02
lowcount            =  1.70000e+01
vos_mv              =  1.50005e+00
vcm_meas            =  6.00000e-01

ngspice-46 done
