
Note: No compatibility mode selected!


Circuit: * klt sim -- generated corner deck, do not edit

Doing analysis at TEMP = 27.000000 and TNOM = 27.000000

Using SPARSE 1.3 as Direct Linear Solver

Initial Transient Solution
--------------------------

Node                                   Voltage
----                                   -------
vdd                                        1.2
cm                                        0.55
vd                                      -0.048
ap                                       0.526
an                                       0.574
clku                                         0
clk                                          0
ibn                                   0.331284
xa.x1.tmid                         3.33189e-07
xa.x1.tail                            0.545292
xa.x1.np                                   1.2
xa.x1.nn                                   1.2
xa.x1.ln                                   1.2
xa.x1.lp                                   1.2
xa.x1.lnb                          3.01543e-07
xa.x1.lpb                          2.23429e-07
xa.x1.na                                   1.2
doutb                                      1.2
dout                               2.62254e-07
xa.x1.nb                                   1.2
doutn                              2.18545e-07
tcheck                                      27
pa_00                                  331.284
bpa_00#branch                                0
btchk#branch                                 0
bdoutn#branch                                0
bclk#branch                        5.47737e-10
ean#branch                         5.84838e-13
eap#branch                         7.45237e-13
vclku#branch                                 0
vd#branch                                    0
vcm#branch                         1.33007e-12
vsup#branch                        -2.0003e-05


No. of Data Rows : 12201

  Measurements for Transient Analysis

dlev0               =  4.79977e-06
dlev1               =  2.68780e-07
dlev2               =  5.49513e-06
dlev3               =  5.65335e-06
dlev4               =  4.47894e-06
dlev5               =  3.91183e-06
dlev6               =  3.80374e-06
dlev7               =  3.80629e-06
dlev8               =  6.69524e-07
dlev9               =  5.64081e-06
dlev10              =  5.80181e-06
dlev11              =  5.82300e-06
dlev12              =  5.69003e-06
dlev13              =  2.11708e-06
dlev14              =  5.67655e-06
dlev15              =  5.42425e-06
dlev16              =  1.31072e-06
dlev17              =  9.99998e-01
dlev18              =  1.00000e+00
dlev19              =  1.00000e+00
dlev20              =  1.00000e+00
dlev21              =  1.00000e+00
dlev22              =  1.00000e+00
dlev23              =  1.00000e+00
dlev24              =  1.00000e+00
dlev25              =  1.00000e+00
dlev26              =  1.00000e+00
dlev27              =  1.00000e+00
dlev28              =  1.00000e+00
dlev29              =  1.00000e+00
dlev30              =  1.00000e+00
dlev31              =  1.00000e+00
dlev32              =  1.00000e+00
vdd_meas            =  1.20000e+00
temp_meas           =  2.70000e+01
vbias_mv            =  3.31284e+02
lowcount            =  1.69999e+01
vos_mv              =  1.49970e+00
vcm_meas            =  5.50000e-01

ngspice-46 done
