
Note: No compatibility mode selected!


Circuit: * klt sim -- generated corner deck, do not edit

Doing analysis at TEMP = -40.000000 and TNOM = 27.000000

Using SPARSE 1.3 as Direct Linear Solver

Initial Transient Solution
--------------------------

Node                                   Voltage
----                                   -------
vdd                                       1.32
cm                                         0.6
vd                                      -0.048
ap                                       0.576
an                                       0.624
clku                                         0
clk                                          0
ibn                                   0.370825
xa.x1.tmid                          5.5655e-09
xa.x1.tail                            0.582471
xa.x1.np                                  1.32
xa.x1.nn                                  1.32
xa.x1.ln                                  1.32
xa.x1.lp                                  1.32
xa.x1.lnb                          4.97363e-08
xa.x1.lpb                          4.86428e-08
xa.x1.na                               1.30211
doutb                                  0.70934
dout                                   0.71149
xa.x1.nb                               1.30104
doutn                                 0.539008
tcheck                                     -40
pa_00                                  370.825
bpa_00#branch                                0
btchk#branch                                 0
bdoutn#branch                                0
bclk#branch                        5.04288e-10
ean#branch                          4.0179e-13
eap#branch                         5.06012e-13
vclku#branch                                 0
vd#branch                                    0
vcm#branch                         9.07802e-13
vsup#branch                       -0.000119741


No. of Data Rows : 12420

  Measurements for Transient Analysis

dlev0               =  3.53427e-06
dlev1               =  -7.73578e-06
dlev2               =  -5.22185e-06
dlev3               =  -4.72115e-06
dlev4               =  -8.28481e-07
dlev5               =  -7.38985e-07
dlev6               =  -5.34513e-06
dlev7               =  -5.23522e-06
dlev8               =  -9.12346e-07
dlev9               =  -4.04505e-06
dlev10              =  -7.27718e-06
dlev11              =  -7.13490e-06
dlev12              =  3.96668e-07
dlev13              =  -3.04441e-06
dlev14              =  -6.85095e-06
dlev15              =  -1.21924e-06
dlev16              =  -7.06414e-06
dlev17              =  9.99999e-01
dlev18              =  9.99999e-01
dlev19              =  9.99998e-01
dlev20              =  9.99997e-01
dlev21              =  9.99998e-01
dlev22              =  9.99997e-01
dlev23              =  9.99997e-01
dlev24              =  9.99999e-01
dlev25              =  9.99997e-01
dlev26              =  9.99998e-01
dlev27              =  9.99999e-01
dlev28              =  9.99999e-01
dlev29              =  9.99997e-01
dlev30              =  1.00000e+00
dlev31              =  1.00000e+00
dlev32              =  9.99998e-01
vdd_meas            =  1.32000e+00
temp_meas           =  -4.00000e+01
vbias_mv            =  3.70825e+02
lowcount            =  1.70001e+01
vos_mv              =  1.50027e+00

ngspice-46 done
