
Note: No compatibility mode selected!


Circuit: * klt sim -- generated corner deck, do not edit

Doing analysis at TEMP = 125.000000 and TNOM = 27.000000

Using SPARSE 1.3 as Direct Linear Solver

Initial Transient Solution
--------------------------

Node                                   Voltage
----                                   -------
vdd                                       1.08
cm                                         0.6
vd                                      -0.048
ap                                       0.576
an                                       0.624
clku                                         0
clk                                          0
ibn                                   0.273017
xa.x1.tmid                         3.31252e-05
xa.x1.tail                            0.549097
xa.x1.np                               1.07999
xa.x1.nn                               1.07997
xa.x1.ln                                  1.08
xa.x1.lp                                  1.08
xa.x1.lnb                          1.00827e-05
xa.x1.lpb                          9.29088e-06
xa.x1.na                               1.06094
doutb                                 0.599906
dout                                   0.59195
xa.x1.nb                               1.06235
doutn                                 0.548102
tcheck                                     125
pa_00                                  273.017
bpa_00#branch                                0
btchk#branch                                 0
bdoutn#branch                                0
bclk#branch                        6.09074e-10
ean#branch                         2.55851e-13
eap#branch                         3.42518e-13
vclku#branch                                 0
vd#branch                                    0
vcm#branch                         5.98369e-13
vsup#branch                       -8.78435e-05


No. of Data Rows : 12025

  Measurements for Transient Analysis

dlev0               =  1.04483e-05
dlev1               =  9.75796e-06
dlev2               =  9.70357e-06
dlev3               =  9.79772e-06
dlev4               =  1.09799e-05
dlev5               =  1.07175e-05
dlev6               =  1.05816e-05
dlev7               =  1.03510e-05
dlev8               =  1.05479e-05
dlev9               =  1.03858e-05
dlev10              =  1.10813e-05
dlev11              =  1.05971e-05
dlev12              =  1.05712e-05
dlev13              =  1.01819e-05
dlev14              =  1.04897e-05
dlev15              =  1.07449e-05
dlev16              =  1.04378e-05
dlev17              =  1.04537e-05
dlev18              =  9.99998e-01
dlev19              =  9.99997e-01
dlev20              =  9.99997e-01
dlev21              =  9.99997e-01
dlev22              =  9.99997e-01
dlev23              =  9.99997e-01
dlev24              =  9.99997e-01
dlev25              =  9.99997e-01
dlev26              =  9.99997e-01
dlev27              =  9.99997e-01
dlev28              =  9.99997e-01
dlev29              =  9.99997e-01
dlev30              =  9.99997e-01
dlev31              =  9.99997e-01
dlev32              =  9.99997e-01
vdd_meas            =  1.08000e+00
temp_meas           =  1.25000e+02
vbias_mv            =  2.73017e+02
lowcount            =  1.79999e+01
vos_mv              =  4.49956e+00

ngspice-46 done
