
Note: No compatibility mode selected!


Circuit: * klt sim -- generated corner deck, do not edit

Doing analysis at TEMP = 27.000000 and TNOM = 27.000000

Using SPARSE 1.3 as Direct Linear Solver

Initial Transient Solution
--------------------------

Node                                   Voltage
----                                   -------
vdd                                        1.2
cm                                        0.55
vd                                      -0.048
ap                                       0.526
an                                       0.574
clku                                         0
clk                                          0
ibn                                   0.266558
xa.x1.tmid                         6.57306e-06
xa.x1.tail                            0.533018
xa.x1.np                                   1.2
xa.x1.nn                               1.19999
xa.x1.ln                                   1.2
xa.x1.lp                                   1.2
xa.x1.lnb                            4.649e-07
xa.x1.lpb                          5.93415e-07
xa.x1.na                               1.17384
doutb                                 0.616866
dout                                  0.616782
xa.x1.nb                               1.17368
doutn                                 0.513985
tcheck                                      27
pa_00                                  266.558
bpa_00#branch                                0
btchk#branch                                 0
bdoutn#branch                                0
bclk#branch                        9.99235e-10
ean#branch                         5.14871e-12
eap#branch                         6.45708e-12
vclku#branch                                 0
vd#branch                                    0
vcm#branch                         1.16058e-11
vsup#branch                        -0.00014913


No. of Data Rows : 12250

  Measurements for Transient Analysis

dlev0               =  8.54478e-07
dlev1               =  -2.44902e-07
dlev2               =  1.96676e-06
dlev3               =  2.87796e-06
dlev4               =  1.69818e-06
dlev5               =  2.54174e-06
dlev6               =  2.16448e-06
dlev7               =  1.22600e-06
dlev8               =  2.22488e-06
dlev9               =  -5.07040e-07
dlev10              =  1.02637e-06
dlev11              =  1.15729e-06
dlev12              =  9.70371e-08
dlev13              =  4.92951e-07
dlev14              =  5.79900e-07
dlev15              =  -2.77687e-07
dlev16              =  4.17092e-07
dlev17              =  9.99999e-01
dlev18              =  9.99999e-01
dlev19              =  9.99999e-01
dlev20              =  9.99999e-01
dlev21              =  1.00000e+00
dlev22              =  9.99999e-01
dlev23              =  9.99999e-01
dlev24              =  1.00000e+00
dlev25              =  9.99999e-01
dlev26              =  9.99999e-01
dlev27              =  1.00000e+00
dlev28              =  1.00000e+00
dlev29              =  1.00000e+00
dlev30              =  1.00000e+00
dlev31              =  9.99999e-01
dlev32              =  1.00000e+00
vdd_meas            =  1.20000e+00
temp_meas           =  2.70000e+01
vbias_mv            =  2.66558e+02
lowcount            =  1.70000e+01
vos_mv              =  1.49998e+00
vcm_meas            =  5.50000e-01

ngspice-46 done
