
Note: No compatibility mode selected!


Circuit: * klt sim -- generated corner deck, do not edit

Doing analysis at TEMP = -40.000000 and TNOM = 27.000000

Using SPARSE 1.3 as Direct Linear Solver
Note: Starting dynamic gmin stepping
Note: Dynamic gmin stepping completed

Initial Transient Solution
--------------------------

Node                                   Voltage
----                                   -------
vdd                                       1.08
cm                                         0.6
vd                                      -0.048
ap                                       0.576
an                                       0.624
clku                                         0
clk                                          0
ibn                                   0.347005
xa.x1.tmid                         2.42011e-08
xa.x1.tail                            0.566961
xa.x1.np                                  1.08
xa.x1.nn                                  1.08
xa.x1.ln                                  1.08
xa.x1.lp                                  1.08
xa.x1.lnb                          2.11438e-08
xa.x1.lpb                          2.07606e-08
xa.x1.na                                  1.08
doutb                              2.19509e-08
dout                                      1.08
xa.x1.nb                                  1.08
doutn                                        1
tcheck                                     -40
pa_00                                  347.005
bpa_00#branch                                0
btchk#branch                                 0
bdoutn#branch                                0
bclk#branch                        1.42678e-10
ean#branch                         2.34507e-13
eap#branch                         3.11362e-13
vclku#branch                                 0
vd#branch                                    0
vcm#branch                         5.45869e-13
vsup#branch                       -2.00004e-05


No. of Data Rows : 12239

  Measurements for Transient Analysis

dlev0               =  -1.08025e-06
dlev1               =  3.21623e-06
dlev2               =  3.27694e-06
dlev3               =  3.19744e-06
dlev4               =  -1.11978e-06
dlev5               =  -1.03186e-06
dlev6               =  2.40692e-06
dlev7               =  -1.18429e-06
dlev8               =  2.79772e-06
dlev9               =  2.90887e-06
dlev10              =  2.59637e-06
dlev11              =  -9.14868e-07
dlev12              =  3.58860e-06
dlev13              =  2.70860e-06
dlev14              =  3.12395e-06
dlev15              =  3.62734e-06
dlev16              =  3.77409e-06
dlev17              =  -3.24155e-06
dlev18              =  1.00000e+00
dlev19              =  1.00000e+00
dlev20              =  1.00000e+00
dlev21              =  1.00000e+00
dlev22              =  1.00000e+00
dlev23              =  1.00000e+00
dlev24              =  1.00000e+00
dlev25              =  1.00000e+00
dlev26              =  1.00000e+00
dlev27              =  1.00000e+00
dlev28              =  1.00000e+00
dlev29              =  9.99998e-01
dlev30              =  1.00000e+00
dlev31              =  1.00000e+00
dlev32              =  9.99999e-01
vdd_meas            =  1.08000e+00
temp_meas           =  -4.00000e+01
vbias_mv            =  3.47005e+02
lowcount            =  1.80000e+01
vos_mv              =  4.49987e+00
vcm_meas            =  6.00000e-01

ngspice-46 done
