
Note: No compatibility mode selected!


Circuit: * klt sim -- generated corner deck, do not edit

Doing analysis at TEMP = 125.000000 and TNOM = 27.000000

Using SPARSE 1.3 as Direct Linear Solver

Initial Transient Solution
--------------------------

Node                                   Voltage
----                                   -------
vdd                                       1.32
cm                                         0.6
vd                                      -0.048
ap                                       0.576
an                                       0.624
clku                                         0
clk                                          0
ibn                                   0.254082
xa.x1.tmid                         1.94403e-05
xa.x1.tail                            0.605065
xa.x1.np                                  1.32
xa.x1.nn                               1.31999
xa.x1.ln                                  1.32
xa.x1.lp                                  1.32
xa.x1.lnb                           8.1699e-07
xa.x1.lpb                          6.68515e-07
xa.x1.na                                  1.32
doutb                                     1.32
dout                               9.35626e-07
xa.x1.nb                                  1.32
doutn                              7.08808e-07
tcheck                                     125
pa_00                                  254.082
bpa_00#branch                                0
btchk#branch                                 0
bdoutn#branch                                0
bclk#branch                        2.03884e-10
ean#branch                         8.97754e-13
eap#branch                         1.13573e-12
vclku#branch                                 0
vd#branch                                    0
vcm#branch                         2.03348e-12
vsup#branch                       -1.00277e-05


No. of Data Rows : 12035

  Measurements for Transient Analysis

dlev0               =  5.56842e-07
dlev1               =  5.23978e-07
dlev2               =  5.00969e-07
dlev3               =  4.59648e-07
dlev4               =  3.58640e-06
dlev5               =  7.82762e-07
dlev6               =  1.02711e-06
dlev7               =  6.02612e-07
dlev8               =  8.10680e-07
dlev9               =  2.91965e-07
dlev10              =  1.64491e-07
dlev11              =  4.54878e-08
dlev12              =  6.97750e-08
dlev13              =  5.41733e-07
dlev14              =  -5.00982e-08
dlev15              =  -3.75488e-07
dlev16              =  -1.85755e-07
dlev17              =  1.00000e+00
dlev18              =  9.99999e-01
dlev19              =  9.99999e-01
dlev20              =  9.99999e-01
dlev21              =  9.99999e-01
dlev22              =  9.99999e-01
dlev23              =  9.99999e-01
dlev24              =  9.99999e-01
dlev25              =  9.99999e-01
dlev26              =  9.99999e-01
dlev27              =  1.00000e+00
dlev28              =  9.99999e-01
dlev29              =  9.99999e-01
dlev30              =  9.99999e-01
dlev31              =  9.99999e-01
dlev32              =  9.99999e-01
vdd_meas            =  1.32000e+00
temp_meas           =  1.25000e+02
vbias_mv            =  2.54082e+02
lowcount            =  1.70000e+01
vos_mv              =  1.50001e+00

ngspice-46 done
