
Note: No compatibility mode selected!


Circuit: * klt sim -- generated corner deck, do not edit

Doing analysis at TEMP = -40.000000 and TNOM = 27.000000

Using SPARSE 1.3 as Direct Linear Solver

Initial Transient Solution
--------------------------

Node                                   Voltage
----                                   -------
vdd                                       1.32
vdda                                      1.32
clku                                         0
clk                                          0
cm                                         0.6
sa                                       -0.05
apa                                      0.575
ana                                      0.625
ibna                                  0.284603
xa.x1.tmid                         1.29682e-07
xa.x1.tail                            0.571512
xa.x1.np                                  1.32
xa.x1.nn                                  1.32
xa.x1.ln                                  1.32
xa.x1.lp                                  1.32
xa.x1.lnb                          3.29798e-08
xa.x1.lpb                          3.29798e-08
xa.x1.na                               1.29891
doutba                                0.649167
douta                                 0.649167
xa.x1.nb                               1.29891
sb                                      -0.001
apb                                     0.5995
anb                                     0.6005
ibnb                                  0.284603
xb.x1.tmid                         1.28278e-07
xb.x1.tail                            0.562146
xb.x1.np                                  1.32
xb.x1.nn                                  1.32
xb.x1.ln                                  1.32
xb.x1.lp                                  1.32
xb.x1.lnb                          3.29798e-08
xb.x1.lpb                          3.29798e-08
xb.x1.na                               1.29891
doutbb                                0.649167
doutb                                 0.649167
xb.x1.nb                               1.29891
sc                                     -0.0001
apc                                    0.59995
anc                                    0.60005
ibnc                                  0.284603
xc.x1.tmid                         1.28277e-07
xc.x1.tail                            0.562141
xc.x1.np                                  1.32
xc.x1.nn                                  1.32
xc.x1.ln                                  1.32
xc.x1.lp                                  1.32
xc.x1.lnb                          3.29798e-08
xc.x1.lpb                          3.29798e-08
xc.x1.na                               1.29891
doutbc                                0.649167
doutc                                 0.649167
xc.x1.nb                               1.29891
clkn                                         0
dan                                   0.491793
dbn                                   0.491793
dcn                                   0.491793
tcheck                                     -40
pa_00                              0.000134699
bpa_00#branch                                0
vsupa#branch                      -0.000102045
btchk#branch                                 0
bdcn#branch                                  0
bdbn#branch                                  0
bdan#branch                                  0
bclkn#branch                                 0
bclk#branch                        4.89354e-10
eanc#branch                        1.88058e-12
eapc#branch                        1.88144e-12
eanb#branch                        1.87669e-12
eapb#branch                         1.8853e-12
eana#branch                        1.67591e-12
eapa#branch                        2.10829e-12
vsc#branch                                   0
vsb#branch                                   0
vsa#branch                                   0
vcm#branch                         1.13082e-11
vclku#branch                                 0
vsup#branch                       -0.000204089


No. of Data Rows : 12042

  Measurements for Transient Analysis

vdd_meas            =  1.32000e+00
vdda_meas           =  1.32000e+00
temp_meas           =  -4.00000e+01
td_a                =  1.15120e-09 targ=  4.12012e-08 trig=  4.00500e-08
td_b                =  1.51767e-09 targ=  4.15677e-08 trig=  4.00500e-08
td_c                =  1.68158e-09 targ=  4.17316e-08 trig=  4.00500e-08
dout_od50_first     =  2.45724e-07
dout_od1_first      =  3.17456e-08
dout_od01_first     =  3.65914e-07
dout_od50_end       =  1.00000e+00
dout_od1_end        =  1.00000e+00
dout_od01_end       =  1.00000e+00
td_od50_ns          =  1.15120e+00
td_od1_ns           =  1.51767e+00
td_od01_ns          =  1.68158e+00
tau_ps              =  7.11845e+01
resolve_decades     =  2.13203e+01
i_stat              =  -7.71912e-06 from=  2.50000e-08 to=  2.90025e-08
i_static_ua         =  7.71912e+00
p_avg               =  2.00482e-05 from=  3.00000e-08 to=  6.00000e-08
p_avg_uw            =  2.00482e+01
vref_v              =  2.84603e-01
tmid_eval_v         =  2.89950e-01

ngspice-46 done
