
Note: No compatibility mode selected!


Circuit: * klt sim -- generated corner deck, do not edit

Doing analysis at TEMP = 27.000000 and TNOM = 27.000000

Using SPARSE 1.3 as Direct Linear Solver

Initial Transient Solution
--------------------------

Node                                   Voltage
----                                   -------
vdd                                       1.08
cm                                         0.6
vd                                      -0.048
ap                                       0.576
an                                       0.624
clku                                         0
clk                                          0
ibn                                   0.267668
xa.x1.tmid                         6.44889e-06
xa.x1.tail                             0.57246
xa.x1.np                                  1.08
xa.x1.nn                               1.07999
xa.x1.ln                                  1.08
xa.x1.lp                                  1.08
xa.x1.lnb                          5.09017e-07
xa.x1.lpb                          5.85803e-07
xa.x1.na                               1.06408
doutb                                  0.56086
dout                                  0.563807
xa.x1.nb                                1.0638
doutn                                 0.522044
tcheck                                      27
pa_00                                  267.668
bpa_00#branch                                0
btchk#branch                                 0
bdoutn#branch                                0
bclk#branch                        7.04252e-10
ean#branch                         2.15633e-12
eap#branch                         2.82713e-12
vclku#branch                                 0
vd#branch                                    0
vcm#branch                         4.98346e-12
vsup#branch                       -8.93589e-05


No. of Data Rows : 12189

  Measurements for Transient Analysis

dlev0               =  5.25355e-06
dlev1               =  5.77565e-06
dlev2               =  5.58874e-06
dlev3               =  6.24170e-06
dlev4               =  5.82114e-06
dlev5               =  6.32259e-06
dlev6               =  4.32552e-06
dlev7               =  6.29810e-06
dlev8               =  4.16147e-06
dlev9               =  8.57157e-07
dlev10              =  1.21369e-06
dlev11              =  5.05240e-06
dlev12              =  1.06034e-06
dlev13              =  4.98053e-06
dlev14              =  5.12281e-06
dlev15              =  5.38647e-06
dlev16              =  4.98318e-06
dlev17              =  9.99999e-01
dlev18              =  1.00000e+00
dlev19              =  9.99999e-01
dlev20              =  1.00000e+00
dlev21              =  1.00000e+00
dlev22              =  9.99999e-01
dlev23              =  1.00000e+00
dlev24              =  1.00000e+00
dlev25              =  1.00000e+00
dlev26              =  1.00000e+00
dlev27              =  1.00000e+00
dlev28              =  1.00000e+00
dlev29              =  1.00000e+00
dlev30              =  1.00000e+00
dlev31              =  1.00000e+00
dlev32              =  1.00000e+00
vdd_meas            =  1.08000e+00
temp_meas           =  2.70000e+01
vbias_mv            =  2.67668e+02
lowcount            =  1.69999e+01
vos_mv              =  1.49975e+00

ngspice-46 done
