
Note: No compatibility mode selected!


Circuit: * klt sim -- generated corner deck, do not edit

Doing analysis at TEMP = -40.000000 and TNOM = 27.000000

Using SPARSE 1.3 as Direct Linear Solver

Initial Transient Solution
--------------------------

Node                                   Voltage
----                                   -------
vdd                                       1.08
cm                                         0.6
vd                                      -0.048
ap                                       0.576
an                                       0.624
clku                                         0
clk                                          0
ibn                                   0.356595
xa.x1.tmid                         6.42132e-09
xa.x1.tail                            0.576293
xa.x1.np                                  1.08
xa.x1.nn                                  1.08
xa.x1.ln                                  1.08
xa.x1.lp                                  1.08
xa.x1.lnb                          3.52254e-08
xa.x1.lpb                          3.65123e-08
xa.x1.na                               1.07477
doutb                                 0.588191
dout                                   0.58432
xa.x1.nb                               1.07489
doutn                                 0.541037
tcheck                                     -40
pa_00                                  356.595
bpa_00#branch                                0
btchk#branch                                 0
bdoutn#branch                                0
bclk#branch                        2.55013e-10
ean#branch                          1.1155e-13
eap#branch                         1.48659e-13
vclku#branch                                 0
vd#branch                                    0
vcm#branch                         2.60209e-13
vsup#branch                       -3.72207e-05


No. of Data Rows : 12171

  Measurements for Transient Analysis

dlev0               =  4.24148e-06
dlev1               =  -2.88441e-06
dlev2               =  -1.10188e-05
dlev3               =  -4.19493e-06
dlev4               =  -1.87747e-06
dlev5               =  -4.23887e-06
dlev6               =  -1.96149e-06
dlev7               =  -6.00904e-06
dlev8               =  -2.30483e-06
dlev9               =  -5.70226e-06
dlev10              =  -3.31008e-06
dlev11              =  -3.96383e-06
dlev12              =  -3.06065e-06
dlev13              =  -3.23321e-06
dlev14              =  -2.37947e-06
dlev15              =  -6.39975e-06
dlev16              =  -7.05726e-06
dlev17              =  1.00000e+00
dlev18              =  9.99997e-01
dlev19              =  1.00000e+00
dlev20              =  1.00000e+00
dlev21              =  1.00000e+00
dlev22              =  9.99998e-01
dlev23              =  1.00000e+00
dlev24              =  1.00000e+00
dlev25              =  1.00000e+00
dlev26              =  9.99998e-01
dlev27              =  1.00000e+00
dlev28              =  1.00000e+00
dlev29              =  1.00000e+00
dlev30              =  1.00000e+00
dlev31              =  1.00000e+00
dlev32              =  1.00000e+00
vdd_meas            =  1.08000e+00
temp_meas           =  -4.00000e+01
vbias_mv            =  3.56595e+02
lowcount            =  1.70001e+01
vos_mv              =  1.50021e+00

ngspice-46 done
