
Note: No compatibility mode selected!


Circuit: * klt sim -- generated corner deck, do not edit

Doing analysis at TEMP = 27.000000 and TNOM = 27.000000

Using SPARSE 1.3 as Direct Linear Solver

Initial Transient Solution
--------------------------

Node                                   Voltage
----                                   -------
vdd                                       1.08
cm                                         0.6
vd                                      -0.048
ap                                       0.576
an                                       0.624
clku                                         0
clk                                          0
ibn                                    0.33978
xa.x1.tmid                         9.74054e-08
xa.x1.tail                            0.595876
xa.x1.np                                  1.08
xa.x1.nn                                  1.08
xa.x1.ln                                  1.08
xa.x1.lp                                  1.08
xa.x1.lnb                          1.37893e-08
xa.x1.lpb                          1.39345e-08
xa.x1.na                                  1.08
doutb                                     1.08
dout                               1.58378e-08
xa.x1.nb                                  1.08
doutn                              1.46646e-08
tcheck                                      27
pa_00                                   339.78
bpa_00#branch                                0
btchk#branch                                 0
bdoutn#branch                                0
bclk#branch                        6.56397e-11
ean#branch                         1.09718e-13
eap#branch                         1.46744e-13
vclku#branch                                 0
vd#branch                                    0
vcm#branch                         2.56462e-13
vsup#branch                       -1.50003e-05


No. of Data Rows : 12049

  Measurements for Transient Analysis

dlev0               =  -5.03782e-06
dlev1               =  -5.08237e-06
dlev2               =  -7.10063e-06
dlev3               =  -1.52429e-06
dlev4               =  -2.91870e-06
dlev5               =  5.79263e-07
dlev6               =  -4.65018e-06
dlev7               =  -4.96403e-06
dlev8               =  -9.55537e-07
dlev9               =  -9.86240e-07
dlev10              =  -5.03156e-06
dlev11              =  -3.86719e-06
dlev12              =  -1.40842e-06
dlev13              =  1.05878e-06
dlev14              =  -6.43916e-06
dlev15              =  1.00000e+00
dlev16              =  9.99998e-01
dlev17              =  9.99996e-01
dlev18              =  9.99998e-01
dlev19              =  9.99998e-01
dlev20              =  1.00000e+00
dlev21              =  9.99998e-01
dlev22              =  9.99997e-01
dlev23              =  9.99998e-01
dlev24              =  9.99998e-01
dlev25              =  9.99997e-01
dlev26              =  1.00000e+00
dlev27              =  9.99998e-01
dlev28              =  9.99998e-01
dlev29              =  9.99998e-01
dlev30              =  9.99998e-01
dlev31              =  9.99998e-01
dlev32              =  9.99998e-01
vdd_meas            =  1.08000e+00
temp_meas           =  2.70000e+01
vbias_mv            =  3.39780e+02
lowcount            =  1.50001e+01
vos_mv              =  -4.49976e+00

ngspice-46 done
