
Note: No compatibility mode selected!


Circuit: * klt sim -- generated corner deck, do not edit

Doing analysis at TEMP = 125.000000 and TNOM = 27.000000

Using SPARSE 1.3 as Direct Linear Solver

Initial Transient Solution
--------------------------

Node                                   Voltage
----                                   -------
vdd                                       1.32
cm                                        0.55
vd                                      -0.048
ap                                       0.526
an                                       0.574
clku                                         0
clk                                          0
ibn                                   0.252471
xa.x1.tmid                         8.72868e-05
xa.x1.tail                            0.539122
xa.x1.np                               1.31998
xa.x1.nn                               1.31993
xa.x1.ln                                  1.32
xa.x1.lp                                  1.32
xa.x1.lnb                          3.91371e-06
xa.x1.lpb                          3.73967e-06
xa.x1.na                                1.2802
doutb                                 0.670842
dout                                  0.674777
xa.x1.nb                               1.27779
doutn                                 0.511195
tcheck                                     125
pa_00                                  252.471
bpa_00#branch                                0
btchk#branch                                 0
bdoutn#branch                                0
bclk#branch                        6.73204e-10
ean#branch                         4.74507e-12
eap#branch                         5.90158e-12
vclku#branch                                 0
vd#branch                                    0
vcm#branch                         1.06467e-11
vsup#branch                       -0.000180655


No. of Data Rows : 12308

  Measurements for Transient Analysis

dlev0               =  -2.01115e-06
dlev1               =  6.15942e-06
dlev2               =  4.93495e-06
dlev3               =  3.61896e-06
dlev4               =  3.34612e-06
dlev5               =  3.83456e-06
dlev6               =  3.74805e-06
dlev7               =  4.36614e-06
dlev8               =  3.74410e-06
dlev9               =  -9.72139e-07
dlev10              =  1.67191e-06
dlev11              =  4.37861e-06
dlev12              =  3.75644e-06
dlev13              =  5.22893e-07
dlev14              =  4.93128e-06
dlev15              =  4.06659e-06
dlev16              =  9.99995e-01
dlev17              =  9.99994e-01
dlev18              =  9.99994e-01
dlev19              =  9.99995e-01
dlev20              =  9.99996e-01
dlev21              =  9.99993e-01
dlev22              =  9.99994e-01
dlev23              =  9.99994e-01
dlev24              =  9.99995e-01
dlev25              =  9.99995e-01
dlev26              =  9.99994e-01
dlev27              =  9.99994e-01
dlev28              =  9.99994e-01
dlev29              =  9.99994e-01
dlev30              =  9.99995e-01
dlev31              =  9.99993e-01
dlev32              =  9.99993e-01
vdd_meas            =  1.32000e+00
temp_meas           =  1.25000e+02
vbias_mv            =  2.52471e+02
lowcount            =  1.60000e+01
vos_mv              =  -1.49985e+00
vcm_meas            =  5.50000e-01

ngspice-46 done
