
Note: No compatibility mode selected!


Circuit: * klt sim -- generated corner deck, do not edit

Doing analysis at TEMP = -40.000000 and TNOM = 27.000000

Using SPARSE 1.3 as Direct Linear Solver

Initial Transient Solution
--------------------------

Node                                   Voltage
----                                   -------
vdd                                        1.2
cm                                         0.6
vd                                      -0.048
ap                                       0.576
an                                       0.624
clku                                         0
clk                                          0
ibn                                    0.36718
xa.x1.tmid                         5.53452e-09
xa.x1.tail                            0.582795
xa.x1.np                                   1.2
xa.x1.nn                                   1.2
xa.x1.ln                                   1.2
xa.x1.lp                                   1.2
xa.x1.lnb                          4.16212e-08
xa.x1.lpb                          4.12095e-08
xa.x1.na                               1.18951
doutb                                 0.639197
dout                                  0.656366
xa.x1.nb                               1.18736
doutn                                 0.546972
tcheck                                     -40
pa_00                                   367.18
bpa_00#branch                                0
btchk#branch                                 0
bdoutn#branch                                0
bclk#branch                        3.65251e-10
ean#branch                         2.19158e-13
eap#branch                         2.82163e-13
vclku#branch                                 0
vd#branch                                    0
vcm#branch                         5.01321e-13
vsup#branch                       -7.54088e-05


No. of Data Rows : 12277

  Measurements for Transient Analysis

dlev0               =  -5.75932e-06
dlev1               =  1.00583e-06
dlev2               =  1.53510e-06
dlev3               =  9.13226e-06
dlev4               =  9.87657e-06
dlev5               =  7.14156e-06
dlev6               =  4.92251e-06
dlev7               =  4.17147e-06
dlev8               =  3.76433e-06
dlev9               =  4.72747e-06
dlev10              =  5.46574e-06
dlev11              =  5.00194e-06
dlev12              =  6.53210e-06
dlev13              =  4.26611e-06
dlev14              =  5.73352e-06
dlev15              =  4.08727e-06
dlev16              =  5.32436e-06
dlev17              =  9.99997e-01
dlev18              =  1.00000e+00
dlev19              =  1.00000e+00
dlev20              =  1.00000e+00
dlev21              =  1.00000e+00
dlev22              =  1.00000e+00
dlev23              =  1.00000e+00
dlev24              =  1.00000e+00
dlev25              =  1.00000e+00
dlev26              =  1.00000e+00
dlev27              =  1.00000e+00
dlev28              =  1.00000e+00
dlev29              =  1.00000e+00
dlev30              =  1.00000e+00
dlev31              =  1.00000e+00
dlev32              =  1.00000e+00
vdd_meas            =  1.20000e+00
temp_meas           =  -4.00000e+01
vbias_mv            =  3.67180e+02
lowcount            =  1.69999e+01
vos_mv              =  1.49970e+00

ngspice-46 done
