
Note: No compatibility mode selected!


Circuit: * klt sim -- generated corner deck, do not edit

Doing analysis at TEMP = -40.000000 and TNOM = 27.000000

Using SPARSE 1.3 as Direct Linear Solver

Initial Transient Solution
--------------------------

Node                                   Voltage
----                                   -------
vdd                                       1.08
cm                                         0.6
vd                                      -0.048
ap                                       0.576
an                                       0.624
clku                                         0
clk                                          0
ibn                                   0.367886
xa.x1.tmid                         5.46409e-09
xa.x1.tail                            0.577981
xa.x1.np                                  1.08
xa.x1.nn                                  1.08
xa.x1.ln                                  1.08
xa.x1.lp                                  1.08
xa.x1.lnb                          3.61667e-08
xa.x1.lpb                          3.56913e-08
xa.x1.na                               1.07509
doutb                                  0.59128
dout                                  0.592031
xa.x1.nb                               1.07419
doutn                                 0.548177
tcheck                                     -40
pa_00                                  367.886
bpa_00#branch                                0
btchk#branch                                 0
bdoutn#branch                                0
bclk#branch                         2.5552e-10
ean#branch                          1.1155e-13
eap#branch                         1.48631e-13
vclku#branch                                 0
vd#branch                                    0
vcm#branch                         2.60181e-13
vsup#branch                       -4.22409e-05


No. of Data Rows : 12180

  Measurements for Transient Analysis

dlev0               =  1.03449e-06
dlev1               =  -5.42530e-06
dlev2               =  -5.96727e-06
dlev3               =  -5.00131e-06
dlev4               =  -4.00162e-06
dlev5               =  -2.40023e-07
dlev6               =  -3.21111e-07
dlev7               =  -3.33134e-07
dlev8               =  -3.19185e-07
dlev9               =  8.74060e-08
dlev10              =  -1.68192e-06
dlev11              =  -2.86810e-06
dlev12              =  6.75803e-08
dlev13              =  2.59561e-07
dlev14              =  -4.58371e-06
dlev15              =  1.57933e-07
dlev16              =  -3.12330e-06
dlev17              =  1.00000e+00
dlev18              =  1.00000e+00
dlev19              =  1.00000e+00
dlev20              =  1.00000e+00
dlev21              =  1.00000e+00
dlev22              =  9.99999e-01
dlev23              =  9.99998e-01
dlev24              =  1.00000e+00
dlev25              =  1.00000e+00
dlev26              =  1.00000e+00
dlev27              =  1.00000e+00
dlev28              =  1.00000e+00
dlev29              =  9.99999e-01
dlev30              =  9.99997e-01
dlev31              =  9.99996e-01
dlev32              =  9.99997e-01
vdd_meas            =  1.08000e+00
temp_meas           =  -4.00000e+01
vbias_mv            =  3.67886e+02
lowcount            =  1.70000e+01
vos_mv              =  1.50013e+00

ngspice-46 done
