
Note: No compatibility mode selected!


Circuit: * klt sim -- generated corner deck, do not edit

Doing analysis at TEMP = 125.000000 and TNOM = 27.000000

Using SPARSE 1.3 as Direct Linear Solver

Initial Transient Solution
--------------------------

Node                                   Voltage
----                                   -------
vdd                                        1.2
cm                                         0.6
vd                                      -0.048
ap                                       0.576
an                                       0.624
clku                                         0
clk                                          0
ibn                                   0.205631
xa.x1.tmid                         0.000289995
xa.x1.tail                            0.555485
xa.x1.np                               1.19993
xa.x1.nn                               1.19978
xa.x1.ln                                   1.2
xa.x1.lp                                   1.2
xa.x1.lnb                          2.07684e-05
xa.x1.lpb                          1.90599e-05
xa.x1.na                               1.19999
doutb                                  1.19997
dout                               2.49836e-05
xa.x1.nb                               1.19998
doutn                              2.08197e-05
tcheck                                     125
pa_00                                  205.631
bpa_00#branch                                0
btchk#branch                                 0
bdoutn#branch                                0
bclk#branch                        1.59863e-09
ean#branch                         5.97655e-12
eap#branch                         7.62033e-12
vclku#branch                                 0
vd#branch                                    0
vcm#branch                         1.35969e-11
vsup#branch                       -2.06473e-05


No. of Data Rows : 12104

  Measurements for Transient Analysis

dlev0               =  2.50767e-05
dlev1               =  2.52476e-05
dlev2               =  2.40718e-05
dlev3               =  2.50165e-05
dlev4               =  2.44251e-05
dlev5               =  2.44825e-05
dlev6               =  2.19972e-05
dlev7               =  2.19053e-05
dlev8               =  2.27221e-05
dlev9               =  2.55049e-05
dlev10              =  1.98969e-05
dlev11              =  1.97257e-05
dlev12              =  1.97082e-05
dlev13              =  2.46202e-05
dlev14              =  2.09723e-05
dlev15              =  1.95929e-05
dlev16              =  9.99985e-01
dlev17              =  9.99986e-01
dlev18              =  9.99985e-01
dlev19              =  9.99985e-01
dlev20              =  9.99984e-01
dlev21              =  9.99985e-01
dlev22              =  9.99984e-01
dlev23              =  9.99985e-01
dlev24              =  9.99985e-01
dlev25              =  9.99986e-01
dlev26              =  9.99985e-01
dlev27              =  9.99984e-01
dlev28              =  9.99986e-01
dlev29              =  9.99986e-01
dlev30              =  9.99985e-01
dlev31              =  9.99985e-01
dlev32              =  9.99986e-01
vdd_meas            =  1.20000e+00
temp_meas           =  1.25000e+02
vbias_mv            =  2.05631e+02
lowcount            =  1.59999e+01
vos_mv              =  -1.50033e+00

ngspice-46 done
