
Note: No compatibility mode selected!


Circuit: * klt sim -- generated corner deck, do not edit

Doing analysis at TEMP = 125.000000 and TNOM = 27.000000

Using SPARSE 1.3 as Direct Linear Solver

Initial Transient Solution
--------------------------

Node                                   Voltage
----                                   -------
vdd                                       1.08
cm                                         0.6
vd                                      -0.048
ap                                       0.576
an                                       0.624
clku                                         0
clk                                          0
ibn                                   0.206321
xa.x1.tmid                         0.000311945
xa.x1.tail                             0.55115
xa.x1.np                               1.07993
xa.x1.nn                               1.07972
xa.x1.ln                                  1.08
xa.x1.lp                                  1.08
xa.x1.lnb                          1.94695e-05
xa.x1.lpb                          2.07129e-05
xa.x1.na                               1.05139
doutb                                 0.562594
dout                                  0.566451
xa.x1.nb                               1.05234
doutn                                 0.524492
tcheck                                     125
pa_00                                  206.321
bpa_00#branch                                0
btchk#branch                                 0
bdoutn#branch                                0
bclk#branch                        1.12849e-09
ean#branch                         3.17185e-12
eap#branch                         4.20901e-12
vclku#branch                                 0
vd#branch                                    0
vcm#branch                         7.38086e-12
vsup#branch                       -0.000132429


No. of Data Rows : 12012

  Measurements for Transient Analysis

dlev0               =  2.66580e-05
dlev1               =  2.67797e-05
dlev2               =  2.58167e-05
dlev3               =  2.64694e-05
dlev4               =  2.63545e-05
dlev5               =  2.71291e-05
dlev6               =  2.64491e-05
dlev7               =  2.51345e-05
dlev8               =  2.54456e-05
dlev9               =  2.65478e-05
dlev10              =  2.27319e-05
dlev11              =  2.64989e-05
dlev12              =  2.74667e-05
dlev13              =  2.70203e-05
dlev14              =  2.73078e-05
dlev15              =  2.70263e-05
dlev16              =  2.49254e-05
dlev17              =  2.74818e-05
dlev18              =  9.99979e-01
dlev19              =  9.99979e-01
dlev20              =  9.99978e-01
dlev21              =  9.99980e-01
dlev22              =  9.99980e-01
dlev23              =  9.99979e-01
dlev24              =  9.99979e-01
dlev25              =  9.99979e-01
dlev26              =  9.99980e-01
dlev27              =  9.99979e-01
dlev28              =  9.99978e-01
dlev29              =  9.99978e-01
dlev30              =  9.99979e-01
dlev31              =  9.99980e-01
dlev32              =  9.99979e-01
vdd_meas            =  1.08000e+00
temp_meas           =  1.25000e+02
vbias_mv            =  2.06321e+02
lowcount            =  1.79998e+01
vos_mv              =  4.49952e+00

ngspice-46 done
