
Note: No compatibility mode selected!


Circuit: * klt sim -- generated corner deck, do not edit

Doing analysis at TEMP = -40.000000 and TNOM = 27.000000

Using SPARSE 1.3 as Direct Linear Solver
Note: Starting dynamic gmin stepping
Note: Dynamic gmin stepping completed

Initial Transient Solution
--------------------------

Node                                   Voltage
----                                   -------
vdd                                        1.2
cm                                         0.6
vd                                      -0.048
ap                                       0.576
an                                       0.624
clku                                         0
clk                                          0
ibn                                    0.33866
xa.x1.tmid                         6.89495e-09
xa.x1.tail                            0.581961
xa.x1.np                                   1.2
xa.x1.nn                                   1.2
xa.x1.ln                                   1.2
xa.x1.lp                                   1.2
xa.x1.lnb                            4.277e-08
xa.x1.lpb                          4.14502e-08
xa.x1.na                                   1.2
doutb                              4.42255e-08
dout                                       1.2
xa.x1.nb                                   1.2
doutn                                        1
tcheck                                     -40
pa_00                                   338.66
bpa_00#branch                                0
btchk#branch                                 0
bdoutn#branch                                0
bclk#branch                        3.64671e-10
ean#branch                         2.19019e-13
eap#branch                         2.82052e-13
vclku#branch                                 0
vd#branch                                    0
vcm#branch                         5.01071e-13
vsup#branch                       -1.00007e-05


No. of Data Rows : 12229

  Measurements for Transient Analysis

dlev0               =  2.20120e-07
dlev1               =  5.94602e-06
dlev2               =  6.98171e-06
dlev3               =  8.51979e-06
dlev4               =  3.66834e-06
dlev5               =  9.26269e-06
dlev6               =  1.10870e-06
dlev7               =  -5.44991e-07
dlev8               =  8.13863e-06
dlev9               =  3.77658e-06
dlev10              =  -1.60816e-06
dlev11              =  -1.34478e-06
dlev12              =  3.95662e-06
dlev13              =  5.14499e-06
dlev14              =  -1.51156e-06
dlev15              =  3.33152e-06
dlev16              =  1.00000e+00
dlev17              =  9.99999e-01
dlev18              =  1.00000e+00
dlev19              =  1.00000e+00
dlev20              =  1.00000e+00
dlev21              =  9.99999e-01
dlev22              =  9.99999e-01
dlev23              =  9.99999e-01
dlev24              =  9.99999e-01
dlev25              =  1.00000e+00
dlev26              =  1.00000e+00
dlev27              =  1.00000e+00
dlev28              =  1.00000e+00
dlev29              =  1.00000e+00
dlev30              =  1.00000e+00
dlev31              =  9.99999e-01
dlev32              =  1.00000e+00
vdd_meas            =  1.20000e+00
temp_meas           =  -4.00000e+01
vbias_mv            =  3.38660e+02
lowcount            =  1.59999e+01
vos_mv              =  -1.50021e+00

ngspice-46 done
