
Note: No compatibility mode selected!


Circuit: * klt sim -- generated corner deck, do not edit

Doing analysis at TEMP = 125.000000 and TNOM = 27.000000

Using SPARSE 1.3 as Direct Linear Solver

Initial Transient Solution
--------------------------

Node                                   Voltage
----                                   -------
vdd                                        1.2
cm                                         0.6
vd                                      -0.048
ap                                       0.576
an                                       0.624
clku                                         0
clk                                          0
ibn                                   0.227519
xa.x1.tmid                          0.00015196
xa.x1.tail                            0.583123
xa.x1.np                               1.19995
xa.x1.nn                               1.19985
xa.x1.ln                                   1.2
xa.x1.lp                                   1.2
xa.x1.lnb                          1.70466e-06
xa.x1.lpb                          1.74329e-06
xa.x1.na                               1.19999
doutb                                  1.19999
dout                               2.04742e-06
xa.x1.nb                                   1.2
doutn                              1.70618e-06
tcheck                                     125
pa_00                                  227.519
bpa_00#branch                                0
btchk#branch                                 0
bdoutn#branch                                0
bclk#branch                        2.77227e-10
ean#branch                         4.34397e-12
eap#branch                         5.53935e-12
vclku#branch                                 0
vd#branch                                    0
vcm#branch                         9.88332e-12
vsup#branch                       -2.02819e-05


No. of Data Rows : 12174

  Measurements for Transient Analysis

dlev0               =  2.09974e-06
dlev1               =  2.35427e-06
dlev2               =  1.82373e-06
dlev3               =  1.69208e-06
dlev4               =  1.85928e-06
dlev5               =  2.01506e-06
dlev6               =  1.84880e-06
dlev7               =  1.92999e-06
dlev8               =  1.74155e-06
dlev9               =  1.71599e-06
dlev10              =  1.74703e-06
dlev11              =  1.87483e-06
dlev12              =  1.95710e-06
dlev13              =  1.75340e-06
dlev14              =  1.73209e-06
dlev15              =  1.72034e-06
dlev16              =  1.67778e-06
dlev17              =  9.99989e-01
dlev18              =  9.99989e-01
dlev19              =  9.99990e-01
dlev20              =  9.99989e-01
dlev21              =  9.99989e-01
dlev22              =  9.99990e-01
dlev23              =  9.99990e-01
dlev24              =  9.99990e-01
dlev25              =  9.99990e-01
dlev26              =  9.99990e-01
dlev27              =  9.99990e-01
dlev28              =  9.99990e-01
dlev29              =  9.99989e-01
dlev30              =  9.99990e-01
dlev31              =  9.99990e-01
dlev32              =  9.99989e-01
vdd_meas            =  1.20000e+00
temp_meas           =  1.25000e+02
vbias_mv            =  2.27519e+02
lowcount            =  1.70001e+01
vos_mv              =  1.50041e+00

ngspice-46 done
