
Note: No compatibility mode selected!


Circuit: * klt sim -- generated corner deck, do not edit

Doing analysis at TEMP = -40.000000 and TNOM = 27.000000

Using SPARSE 1.3 as Direct Linear Solver

Initial Transient Solution
--------------------------

Node                                   Voltage
----                                   -------
vdd                                       1.32
cm                                         0.6
vd                                      -0.048
ap                                       0.576
an                                       0.624
clku                                         0
clk                                          0
ibn                                   0.342987
xa.x1.tmid                         2.69448e-08
xa.x1.tail                            0.571689
xa.x1.np                                  1.32
xa.x1.nn                                  1.32
xa.x1.ln                                  1.32
xa.x1.lp                                  1.32
xa.x1.lnb                          3.47485e-08
xa.x1.lpb                          3.49231e-08
xa.x1.na                                  1.32
doutb                                     1.32
dout                               3.54033e-08
xa.x1.nb                                  1.32
doutn                              2.68207e-08
tcheck                                     -40
pa_00                                  342.987
bpa_00#branch                                0
btchk#branch                                 0
bdoutn#branch                                0
bclk#branch                         2.8722e-10
ean#branch                         8.21843e-13
eap#branch                         1.03001e-12
vclku#branch                                 0
vd#branch                                    0
vcm#branch                         1.85185e-12
vsup#branch                       -2.00007e-05


No. of Data Rows : 12372

  Measurements for Transient Analysis

dlev0               =  5.35201e-08
dlev1               =  -4.56041e-06
dlev2               =  -5.19570e-06
dlev3               =  -1.64021e-07
dlev4               =  1.30843e-08
dlev5               =  9.32981e-09
dlev6               =  2.39491e-08
dlev7               =  5.58033e-08
dlev8               =  8.74563e-08
dlev9               =  2.44081e-08
dlev10              =  -8.23975e-07
dlev11              =  -5.65310e-06
dlev12              =  -9.81372e-07
dlev13              =  -3.64208e-06
dlev14              =  -3.12469e-07
dlev15              =  -3.33266e-06
dlev16              =  4.33485e-07
dlev17              =  -6.62545e-07
dlev18              =  1.00000e+00
dlev19              =  1.00000e+00
dlev20              =  9.99999e-01
dlev21              =  9.99998e-01
dlev22              =  1.00000e+00
dlev23              =  9.99999e-01
dlev24              =  1.00000e+00
dlev25              =  1.00000e+00
dlev26              =  1.00000e+00
dlev27              =  1.00000e+00
dlev28              =  1.00000e+00
dlev29              =  1.00000e+00
dlev30              =  1.00000e+00
dlev31              =  1.00000e+00
dlev32              =  9.99998e-01
vdd_meas            =  1.32000e+00
temp_meas           =  -4.00000e+01
vbias_mv            =  3.42987e+02
lowcount            =  1.80000e+01
vos_mv              =  4.50010e+00

ngspice-46 done
