
Note: No compatibility mode selected!


Circuit: * klt sim -- generated corner deck, do not edit

Doing analysis at TEMP = -40.000000 and TNOM = 27.000000

Using SPARSE 1.3 as Direct Linear Solver

Initial Transient Solution
--------------------------

Node                                   Voltage
----                                   -------
vdd                                       1.32
cm                                        0.55
vd                                      -0.048
ap                                       0.526
an                                       0.574
clku                                         0
clk                                          0
ibn                                   0.342607
xa.x1.tmid                         2.35429e-08
xa.x1.tail                            0.530115
xa.x1.np                                  1.32
xa.x1.nn                                  1.32
xa.x1.ln                                  1.32
xa.x1.lp                                  1.32
xa.x1.lnb                          3.39057e-08
xa.x1.lpb                          3.34698e-08
xa.x1.na                                  1.32
doutb                              3.52802e-08
dout                                      1.32
xa.x1.nb                                  1.32
doutn                                        1
tcheck                                     -40
pa_00                                  342.607
bpa_00#branch                                0
btchk#branch                                 0
bdoutn#branch                                0
bclk#branch                        2.82495e-10
ean#branch                         1.03817e-12
eap#branch                         1.29019e-12
vclku#branch                                 0
vd#branch                                    0
vcm#branch                         2.32836e-12
vsup#branch                       -2.00007e-05


No. of Data Rows : 12388

  Measurements for Transient Analysis

dlev0               =  2.63507e-06
dlev1               =  -5.29224e-06
dlev2               =  -5.42172e-06
dlev3               =  -5.31968e-06
dlev4               =  -8.18535e-06
dlev5               =  -4.27852e-06
dlev6               =  -4.08266e-06
dlev7               =  -3.72456e-06
dlev8               =  -3.52968e-06
dlev9               =  -2.23376e-06
dlev10              =  -3.16340e-06
dlev11              =  -2.73892e-06
dlev12              =  -2.43680e-06
dlev13              =  -1.87497e-06
dlev14              =  -1.96536e-06
dlev15              =  -2.11611e-06
dlev16              =  9.99999e-01
dlev17              =  9.99998e-01
dlev18              =  9.99998e-01
dlev19              =  9.99998e-01
dlev20              =  9.99998e-01
dlev21              =  9.99998e-01
dlev22              =  9.99998e-01
dlev23              =  9.99998e-01
dlev24              =  9.99998e-01
dlev25              =  9.99998e-01
dlev26              =  9.99998e-01
dlev27              =  9.99998e-01
dlev28              =  9.99998e-01
dlev29              =  9.99998e-01
dlev30              =  9.99997e-01
dlev31              =  9.99997e-01
dlev32              =  9.99997e-01
vdd_meas            =  1.32000e+00
temp_meas           =  -4.00000e+01
vbias_mv            =  3.42607e+02
lowcount            =  1.60001e+01
vos_mv              =  -1.49973e+00
vcm_meas            =  5.50000e-01

ngspice-46 done
