
Note: No compatibility mode selected!


Circuit: * klt sim -- generated corner deck, do not edit

Doing analysis at TEMP = -40.000000 and TNOM = 27.000000

Using SPARSE 1.3 as Direct Linear Solver

Initial Transient Solution
--------------------------

Node                                   Voltage
----                                   -------
vdd                                        1.2
cm                                         0.6
vd                                      -0.048
ap                                       0.576
an                                       0.624
clku                                         0
clk                                          0
ibn                                   0.338891
xa.x1.tmid                         2.74805e-08
xa.x1.tail                            0.568726
xa.x1.np                                   1.2
xa.x1.nn                                   1.2
xa.x1.ln                                   1.2
xa.x1.lp                                   1.2
xa.x1.lnb                          2.55865e-08
xa.x1.lpb                           2.6116e-08
xa.x1.na                                   1.2
doutb                              2.86123e-08
dout                                       1.2
xa.x1.nb                                   1.2
doutn                                        1
tcheck                                     -40
pa_00                                  338.891
bpa_00#branch                                0
btchk#branch                                 0
bdoutn#branch                                0
bclk#branch                        2.05413e-10
ean#branch                         4.53942e-13
eap#branch                         5.82506e-13
vclku#branch                                 0
vd#branch                                    0
vcm#branch                         1.03645e-12
vsup#branch                       -2.00005e-05


No. of Data Rows : 12233

  Measurements for Transient Analysis

dlev0               =  1.61527e-06
dlev1               =  1.04850e-06
dlev2               =  -2.81487e-06
dlev3               =  1.00492e-05
dlev4               =  1.00886e-06
dlev5               =  5.96706e-07
dlev6               =  -3.46826e-07
dlev7               =  2.66954e-07
dlev8               =  -7.90772e-07
dlev9               =  -6.40703e-07
dlev10              =  -1.27408e-06
dlev11              =  4.60560e-06
dlev12              =  -3.38037e-06
dlev13              =  -5.31913e-06
dlev14              =  -5.55901e-06
dlev15              =  1.00000e+00
dlev16              =  9.99999e-01
dlev17              =  9.99999e-01
dlev18              =  1.00000e+00
dlev19              =  9.99999e-01
dlev20              =  9.99999e-01
dlev21              =  1.00000e+00
dlev22              =  1.00000e+00
dlev23              =  1.00000e+00
dlev24              =  1.00000e+00
dlev25              =  1.00000e+00
dlev26              =  1.00000e+00
dlev27              =  1.00000e+00
dlev28              =  1.00000e+00
dlev29              =  1.00000e+00
dlev30              =  1.00000e+00
dlev31              =  1.00000e+00
dlev32              =  1.00000e+00
vdd_meas            =  1.20000e+00
temp_meas           =  -4.00000e+01
vbias_mv            =  3.38891e+02
lowcount            =  1.50000e+01
vos_mv              =  -4.50005e+00

ngspice-46 done
