
Note: No compatibility mode selected!


Circuit: * klt sim -- generated corner deck, do not edit

Doing analysis at TEMP = 27.000000 and TNOM = 27.000000

Using SPARSE 1.3 as Direct Linear Solver

Initial Transient Solution
--------------------------

Node                                   Voltage
----                                   -------
vdd                                       1.08
cm                                         0.6
vd                                      -0.048
ap                                       0.576
an                                       0.624
clku                                         0
clk                                          0
ibn                                   0.287788
xa.x1.tmid                         2.89963e-06
xa.x1.tail                            0.574306
xa.x1.np                                  1.08
xa.x1.nn                                  1.08
xa.x1.ln                                  1.08
xa.x1.lp                                  1.08
xa.x1.lnb                          4.00337e-08
xa.x1.lpb                          4.26048e-08
xa.x1.na                                  1.08
doutb                                     1.08
dout                                4.7289e-08
xa.x1.nb                                  1.08
doutn                              4.37861e-08
tcheck                                      27
pa_00                                  287.788
bpa_00#branch                                0
btchk#branch                                 0
bdoutn#branch                                0
bclk#branch                        1.24656e-10
ean#branch                         1.02357e-12
eap#branch                         1.34834e-12
vclku#branch                                 0
vd#branch                                    0
vcm#branch                         2.37191e-12
vsup#branch                       -2.00072e-05


No. of Data Rows : 12184

  Measurements for Transient Analysis

dlev0               =  6.90590e-06
dlev1               =  3.89742e-06
dlev2               =  3.93513e-06
dlev3               =  6.14808e-07
dlev4               =  6.13341e-06
dlev5               =  6.90965e-06
dlev6               =  6.70614e-06
dlev7               =  7.21437e-06
dlev8               =  7.26600e-06
dlev9               =  2.71755e-06
dlev10              =  5.16653e-06
dlev11              =  7.62394e-06
dlev12              =  7.20343e-06
dlev13              =  5.61664e-07
dlev14              =  4.87109e-07
dlev15              =  4.59241e-07
dlev16              =  2.70069e-06
dlev17              =  8.41371e-06
dlev18              =  9.99999e-01
dlev19              =  1.00000e+00
dlev20              =  1.00000e+00
dlev21              =  1.00000e+00
dlev22              =  1.00000e+00
dlev23              =  1.00000e+00
dlev24              =  1.00000e+00
dlev25              =  9.99999e-01
dlev26              =  9.99999e-01
dlev27              =  9.99999e-01
dlev28              =  9.99998e-01
dlev29              =  9.99999e-01
dlev30              =  1.00000e+00
dlev31              =  9.99999e-01
dlev32              =  9.99999e-01
vdd_meas            =  1.08000e+00
temp_meas           =  2.70000e+01
vbias_mv            =  2.87788e+02
lowcount            =  1.79999e+01
vos_mv              =  4.49977e+00

ngspice-46 done
