
Note: No compatibility mode selected!


Circuit: * klt sim -- generated corner deck, do not edit

Doing analysis at TEMP = 27.000000 and TNOM = 27.000000

Using SPARSE 1.3 as Direct Linear Solver

Initial Transient Solution
--------------------------

Node                                   Voltage
----                                   -------
vdd                                       1.08
cm                                         0.6
vd                                      -0.048
ap                                       0.576
an                                       0.624
clku                                         0
clk                                          0
ibn                                   0.327547
xa.x1.tmid                         3.46081e-07
xa.x1.tail                            0.552319
xa.x1.np                                  1.08
xa.x1.nn                                  1.08
xa.x1.ln                                  1.08
xa.x1.lp                                  1.08
xa.x1.lnb                          2.25017e-07
xa.x1.lpb                          2.20778e-07
xa.x1.na                               1.07046
doutb                                  0.58446
dout                                  0.591237
xa.x1.nb                               1.07061
doutn                                 0.547441
tcheck                                      27
pa_00                                  327.547
bpa_00#branch                                0
btchk#branch                                 0
bdoutn#branch                                0
bclk#branch                        3.84095e-10
ean#branch                         1.14686e-13
eap#branch                         1.53308e-13
vclku#branch                                 0
vd#branch                                    0
vcm#branch                         2.67994e-13
vsup#branch                       -5.76535e-05


No. of Data Rows : 12071

  Measurements for Transient Analysis

dlev0               =  -6.76418e-06
dlev1               =  -4.25287e-06
dlev2               =  -4.30940e-06
dlev3               =  -4.17808e-06
dlev4               =  -4.21939e-06
dlev5               =  -6.52679e-06
dlev6               =  -6.49313e-06
dlev7               =  -4.23427e-06
dlev8               =  -3.35476e-06
dlev9               =  -3.67959e-06
dlev10              =  -5.33466e-06
dlev11              =  -6.28130e-06
dlev12              =  -6.30517e-06
dlev13              =  -6.32921e-06
dlev14              =  -6.41964e-06
dlev15              =  -8.93731e-07
dlev16              =  -6.25434e-06
dlev17              =  2.56060e-07
dlev18              =  -5.73655e-06
dlev19              =  1.00000e+00
dlev20              =  9.99997e-01
dlev21              =  9.99998e-01
dlev22              =  9.99997e-01
dlev23              =  9.99998e-01
dlev24              =  9.99997e-01
dlev25              =  9.99997e-01
dlev26              =  9.99998e-01
dlev27              =  9.99997e-01
dlev28              =  9.99998e-01
dlev29              =  9.99997e-01
dlev30              =  9.99998e-01
dlev31              =  9.99998e-01
dlev32              =  9.99998e-01
vdd_meas            =  1.08000e+00
temp_meas           =  2.70000e+01
vbias_mv            =  3.27547e+02
lowcount            =  1.90001e+01
vos_mv              =  7.50037e+00

ngspice-46 done
