
Note: No compatibility mode selected!


Circuit: * klt sim -- generated corner deck, do not edit

Doing analysis at TEMP = 27.000000 and TNOM = 27.000000

Using SPARSE 1.3 as Direct Linear Solver

Initial Transient Solution
--------------------------

Node                                   Voltage
----                                   -------
vdd                                       1.32
cm                                         0.6
vd                                      -0.048
ap                                       0.576
an                                       0.624
clku                                         0
clk                                          0
ibn                                   0.230647
xa.x1.tmid                         1.24071e-05
xa.x1.tail                            0.572107
xa.x1.np                                  1.32
xa.x1.nn                               1.31999
xa.x1.ln                                  1.32
xa.x1.lp                                  1.32
xa.x1.lnb                          7.38169e-07
xa.x1.lpb                          6.65659e-07
xa.x1.na                                  1.32
doutb                                     1.32
dout                               7.65399e-07
xa.x1.nb                                  1.32
doutn                              5.79848e-07
tcheck                                      27
pa_00                                  230.647
bpa_00#branch                                0
btchk#branch                                 0
bdoutn#branch                                0
bclk#branch                        1.38147e-09
ean#branch                         7.09596e-12
eap#branch                         8.80704e-12
vclku#branch                                 0
vd#branch                                    0
vcm#branch                          1.5903e-11
vsup#branch                       -1.00264e-05


No. of Data Rows : 12198

  Measurements for Transient Analysis

dlev0               =  2.59477e-06
dlev1               =  5.94307e-06
dlev2               =  1.61259e-06
dlev3               =  2.80670e-06
dlev4               =  6.36492e-06
dlev5               =  -1.43495e-06
dlev6               =  1.67994e-06
dlev7               =  2.32804e-07
dlev8               =  2.15295e-06
dlev9               =  7.10714e-06
dlev10              =  2.01490e-06
dlev11              =  8.00211e-06
dlev12              =  1.07613e-07
dlev13              =  -5.13023e-07
dlev14              =  1.00000e+00
dlev15              =  9.99999e-01
dlev16              =  9.99999e-01
dlev17              =  9.99999e-01
dlev18              =  1.00000e+00
dlev19              =  9.99999e-01
dlev20              =  1.00000e+00
dlev21              =  1.00000e+00
dlev22              =  9.99999e-01
dlev23              =  9.99999e-01
dlev24              =  1.00000e+00
dlev25              =  1.00000e+00
dlev26              =  1.00000e+00
dlev27              =  1.00000e+00
dlev28              =  9.99999e-01
dlev29              =  9.99999e-01
dlev30              =  1.00000e+00
dlev31              =  1.00000e+00
dlev32              =  9.99998e-01
vdd_meas            =  1.32000e+00
temp_meas           =  2.70000e+01
vbias_mv            =  2.30647e+02
lowcount            =  1.39999e+01
vos_mv              =  -7.50015e+00

ngspice-46 done
