
Note: No compatibility mode selected!


Circuit: * klt sim -- generated corner deck, do not edit

Doing analysis at TEMP = -40.000000 and TNOM = 27.000000

Using SPARSE 1.3 as Direct Linear Solver

Initial Transient Solution
--------------------------

Node                                   Voltage
----                                   -------
vdd                                       1.32
cm                                        0.55
vd                                      -0.048
ap                                       0.526
an                                       0.574
clku                                         0
clk                                          0
ibn                                   0.302645
xa.x1.tmid                         2.22529e-07
xa.x1.tail                            0.523048
xa.x1.np                                  1.32
xa.x1.nn                                  1.32
xa.x1.ln                                  1.32
xa.x1.lp                                  1.32
xa.x1.lnb                          1.25685e-07
xa.x1.lpb                          1.29376e-07
xa.x1.na                                  1.32
doutb                              1.36501e-07
dout                                      1.32
xa.x1.nb                                  1.32
doutn                                        1
tcheck                                     -40
pa_00                                  302.645
bpa_00#branch                                0
btchk#branch                                 0
bdoutn#branch                                0
bclk#branch                        8.85606e-10
ean#branch                         4.30031e-12
eap#branch                         5.29371e-12
vclku#branch                                 0
vd#branch                                    0
vcm#branch                         9.59402e-12
vsup#branch                        -2.0003e-05


No. of Data Rows : 12458

  Measurements for Transient Analysis

dlev0               =  1.01181e-05
dlev1               =  8.00653e-06
dlev2               =  8.26493e-06
dlev3               =  2.33626e-06
dlev4               =  7.27502e-06
dlev5               =  -2.61098e-07
dlev6               =  7.57541e-06
dlev7               =  9.35848e-06
dlev8               =  -1.50323e-06
dlev9               =  9.81745e-06
dlev10              =  5.36146e-06
dlev11              =  9.03029e-06
dlev12              =  8.45097e-06
dlev13              =  1.01154e-05
dlev14              =  1.06045e-05
dlev15              =  5.81741e-06
dlev16              =  1.00000e+00
dlev17              =  1.00000e+00
dlev18              =  1.00000e+00
dlev19              =  1.00000e+00
dlev20              =  1.00000e+00
dlev21              =  1.00000e+00
dlev22              =  1.00000e+00
dlev23              =  1.00000e+00
dlev24              =  1.00000e+00
dlev25              =  1.00000e+00
dlev26              =  1.00000e+00
dlev27              =  1.00000e+00
dlev28              =  1.00000e+00
dlev29              =  1.00000e+00
dlev30              =  1.00000e+00
dlev31              =  1.00000e+00
dlev32              =  1.00000e+00
vdd_meas            =  1.32000e+00
temp_meas           =  -4.00000e+01
vbias_mv            =  3.02645e+02
lowcount            =  1.59999e+01
vos_mv              =  -1.50040e+00
vcm_meas            =  5.50000e-01

ngspice-46 done
