
Note: No compatibility mode selected!


Circuit: * klt sim -- generated corner deck, do not edit

Doing analysis at TEMP = -40.000000 and TNOM = 27.000000

Using SPARSE 1.3 as Direct Linear Solver

Initial Transient Solution
--------------------------

Node                                   Voltage
----                                   -------
vdd                                       1.32
cm                                         0.6
vd                                      -0.048
ap                                       0.576
an                                       0.624
clku                                         0
clk                                          0
ibn                                   0.300081
xa.x1.tmid                         2.12194e-07
xa.x1.tail                             0.55347
xa.x1.np                                  1.32
xa.x1.nn                                  1.32
xa.x1.ln                                  1.32
xa.x1.lp                                  1.32
xa.x1.lnb                          1.26631e-07
xa.x1.lpb                          1.30164e-07
xa.x1.na                                  1.32
doutb                                     1.32
dout                               1.39105e-07
xa.x1.nb                                  1.32
doutn                              1.05383e-07
tcheck                                     -40
pa_00                                  300.081
bpa_00#branch                                0
btchk#branch                                 0
bdoutn#branch                                0
bclk#branch                        8.80632e-10
ean#branch                         2.29491e-12
eap#branch                         2.84966e-12
vclku#branch                                 0
vd#branch                                    0
vcm#branch                         5.14458e-12
vsup#branch                       -2.00029e-05


No. of Data Rows : 12355

  Measurements for Transient Analysis

dlev0               =  -2.80811e-06
dlev1               =  -4.45857e-06
dlev2               =  -2.22517e-06
dlev3               =  -2.04589e-06
dlev4               =  -4.49626e-06
dlev5               =  -2.94817e-06
dlev6               =  -3.03054e-06
dlev7               =  -3.86668e-06
dlev8               =  -4.27586e-06
dlev9               =  -5.55951e-06
dlev10              =  6.89580e-06
dlev11              =  -3.11906e-06
dlev12              =  -5.04258e-06
dlev13              =  -4.56111e-06
dlev14              =  -4.73064e-06
dlev15              =  -3.14621e-06
dlev16              =  -4.25657e-06
dlev17              =  1.00000e+00
dlev18              =  9.99997e-01
dlev19              =  9.99997e-01
dlev20              =  1.00000e+00
dlev21              =  9.99999e-01
dlev22              =  1.00000e+00
dlev23              =  1.00000e+00
dlev24              =  1.00000e+00
dlev25              =  1.00000e+00
dlev26              =  1.00000e+00
dlev27              =  9.99999e-01
dlev28              =  1.00000e+00
dlev29              =  9.99997e-01
dlev30              =  1.00000e+00
dlev31              =  9.99996e-01
dlev32              =  1.00000e+00
vdd_meas            =  1.32000e+00
temp_meas           =  -4.00000e+01
vbias_mv            =  3.00081e+02
lowcount            =  1.70001e+01
vos_mv              =  1.50017e+00

ngspice-46 done
