
Note: No compatibility mode selected!


Circuit: * klt sim -- generated corner deck, do not edit

Doing analysis at TEMP = 27.000000 and TNOM = 27.000000

Using SPARSE 1.3 as Direct Linear Solver

Initial Transient Solution
--------------------------

Node                                   Voltage
----                                   -------
vdd                                       1.32
cm                                         0.6
vd                                      -0.048
ap                                       0.576
an                                       0.624
clku                                         0
clk                                          0
ibn                                   0.357075
xa.x1.tmid                         1.03388e-07
xa.x1.tail                            0.600762
xa.x1.np                                  1.32
xa.x1.nn                                  1.32
xa.x1.ln                                  1.32
xa.x1.lp                                  1.32
xa.x1.lnb                           2.0785e-08
xa.x1.lpb                          2.16903e-08
xa.x1.na                                  1.32
doutb                                     1.32
dout                               2.19728e-08
xa.x1.nb                                  1.32
doutn                              1.66461e-08
tcheck                                      27
pa_00                                  357.075
bpa_00#branch                                0
btchk#branch                                 0
bdoutn#branch                                0
bclk#branch                        1.32824e-10
ean#branch                         4.03622e-13
eap#branch                         5.10592e-13
vclku#branch                                 0
vd#branch                                    0
vcm#branch                         9.14213e-13
vsup#branch                       -2.00006e-05


No. of Data Rows : 12283

  Measurements for Transient Analysis

dlev0               =  -2.51614e-06
dlev1               =  2.25774e-09
dlev2               =  -4.46836e-07
dlev3               =  -3.73975e-07
dlev4               =  -2.64982e-07
dlev5               =  -2.18925e-07
dlev6               =  -2.15882e-07
dlev7               =  -2.03742e-07
dlev8               =  -1.78406e-06
dlev9               =  -3.90309e-06
dlev10              =  -1.68060e-06
dlev11              =  -1.06356e-06
dlev12              =  5.24687e-07
dlev13              =  -4.58549e-06
dlev14              =  3.27129e-08
dlev15              =  -5.61750e-06
dlev16              =  1.00000e+00
dlev17              =  1.00000e+00
dlev18              =  1.00000e+00
dlev19              =  1.00000e+00
dlev20              =  1.00000e+00
dlev21              =  1.00000e+00
dlev22              =  1.00000e+00
dlev23              =  1.00000e+00
dlev24              =  1.00000e+00
dlev25              =  9.99999e-01
dlev26              =  1.00000e+00
dlev27              =  1.00000e+00
dlev28              =  1.00000e+00
dlev29              =  1.00000e+00
dlev30              =  1.00000e+00
dlev31              =  1.00000e+00
dlev32              =  1.00000e+00
vdd_meas            =  1.32000e+00
temp_meas           =  2.70000e+01
vbias_mv            =  3.57075e+02
lowcount            =  1.60000e+01
vos_mv              =  -1.49993e+00

ngspice-46 done
