
Note: No compatibility mode selected!


Circuit: * klt sim -- generated corner deck, do not edit

Doing analysis at TEMP = -40.000000 and TNOM = 27.000000

Using SPARSE 1.3 as Direct Linear Solver

Initial Transient Solution
--------------------------

Node                                   Voltage
----                                   -------
vdd                                       1.32
cm                                         0.6
vd                                      -0.048
ap                                       0.576
an                                       0.624
clku                                         0
clk                                          0
ibn                                   0.369046
xa.x1.tmid                            5.25e-09
xa.x1.tail                            0.539014
xa.x1.np                                  1.32
xa.x1.nn                                  1.32
xa.x1.ln                                  1.32
xa.x1.lp                                  1.32
xa.x1.lnb                           4.9066e-08
xa.x1.lpb                          5.00119e-08
xa.x1.na                               1.30135
doutb                                 0.707488
dout                                  0.712974
xa.x1.nb                               1.30123
doutn                                 0.540132
tcheck                                     -40
pa_00                                  369.046
bpa_00#branch                                0
btchk#branch                                 0
bdoutn#branch                                0
bclk#branch                        5.04314e-10
ean#branch                         2.67467e-13
eap#branch                         3.37105e-13
vclku#branch                                 0
vd#branch                                    0
vcm#branch                         6.04572e-13
vsup#branch                       -0.000121389


No. of Data Rows : 12282

  Measurements for Transient Analysis

dlev0               =  -3.63725e-06
dlev1               =  -1.41884e-06
dlev2               =  -9.80051e-07
dlev3               =  -4.13135e-07
dlev4               =  -3.21225e-06
dlev5               =  -2.91339e-06
dlev6               =  -1.53889e-06
dlev7               =  -4.13861e-06
dlev8               =  -4.26407e-06
dlev9               =  -2.15145e-07
dlev10              =  -3.85262e-06
dlev11              =  -2.97860e-06
dlev12              =  -3.03837e-07
dlev13              =  -4.18145e-06
dlev14              =  -1.01538e-06
dlev15              =  -2.88133e-06
dlev16              =  -2.89542e-06
dlev17              =  1.00000e+00
dlev18              =  9.99997e-01
dlev19              =  9.99997e-01
dlev20              =  9.99998e-01
dlev21              =  1.00000e+00
dlev22              =  9.99997e-01
dlev23              =  9.99998e-01
dlev24              =  9.99998e-01
dlev25              =  1.00000e+00
dlev26              =  9.99999e-01
dlev27              =  9.99997e-01
dlev28              =  9.99997e-01
dlev29              =  9.99999e-01
dlev30              =  9.99997e-01
dlev31              =  9.99998e-01
dlev32              =  9.99998e-01
vdd_meas            =  1.32000e+00
temp_meas           =  -4.00000e+01
vbias_mv            =  3.69046e+02
lowcount            =  1.70001e+01
vos_mv              =  1.50021e+00

ngspice-46 done
