
Note: No compatibility mode selected!


Circuit: * klt sim -- generated corner deck, do not edit

Doing analysis at TEMP = 27.000000 and TNOM = 27.000000

Using SPARSE 1.3 as Direct Linear Solver

Initial Transient Solution
--------------------------

Node                                   Voltage
----                                   -------
vdd                                        1.2
cm                                        0.55
vd                                      -0.048
ap                                       0.526
an                                       0.574
clku                                         0
clk                                          0
ibn                                   0.354356
xa.x1.tmid                         7.99743e-08
xa.x1.tail                             0.56001
xa.x1.np                                   1.2
xa.x1.nn                                   1.2
xa.x1.ln                                   1.2
xa.x1.lp                                   1.2
xa.x1.lnb                          1.62338e-08
xa.x1.lpb                          1.64694e-08
xa.x1.na                               1.18941
doutb                                 0.616447
dout                                  0.609682
xa.x1.nb                               1.19047
doutn                                 0.508069
tcheck                                      27
pa_00                                  354.356
bpa_00#branch                                0
btchk#branch                                 0
bdoutn#branch                                0
bclk#branch                        9.53782e-11
ean#branch                         2.83579e-13
eap#branch                          3.6296e-13
vclku#branch                                 0
vd#branch                                    0
vcm#branch                         6.46538e-13
vsup#branch                        -5.4358e-05


No. of Data Rows : 12160

  Measurements for Transient Analysis

dlev0               =  -7.06592e-07
dlev1               =  2.65217e-06
dlev2               =  1.47943e-06
dlev3               =  3.86537e-06
dlev4               =  8.16598e-06
dlev5               =  8.98805e-06
dlev6               =  1.27003e-07
dlev7               =  8.44194e-07
dlev8               =  9.01158e-07
dlev9               =  8.22579e-08
dlev10              =  3.53375e-07
dlev11              =  8.63040e-07
dlev12              =  8.44977e-06
dlev13              =  -2.44698e-07
dlev14              =  3.77266e-07
dlev15              =  4.40967e-06
dlev16              =  5.32457e-06
dlev17              =  9.99998e-01
dlev18              =  1.00000e+00
dlev19              =  1.00000e+00
dlev20              =  1.00000e+00
dlev21              =  1.00000e+00
dlev22              =  1.00000e+00
dlev23              =  1.00000e+00
dlev24              =  1.00000e+00
dlev25              =  1.00000e+00
dlev26              =  1.00000e+00
dlev27              =  1.00000e+00
dlev28              =  1.00000e+00
dlev29              =  1.00000e+00
dlev30              =  1.00000e+00
dlev31              =  1.00000e+00
dlev32              =  1.00000e+00
vdd_meas            =  1.20000e+00
temp_meas           =  2.70000e+01
vbias_mv            =  3.54356e+02
lowcount            =  1.69999e+01
vos_mv              =  1.49983e+00
vcm_meas            =  5.50000e-01

ngspice-46 done
