
Note: No compatibility mode selected!


Circuit: * klt sim -- generated corner deck, do not edit

Doing analysis at TEMP = 125.000000 and TNOM = 27.000000

Using SPARSE 1.3 as Direct Linear Solver

Initial Transient Solution
--------------------------

Node                                   Voltage
----                                   -------
vdd                                        1.2
cm                                         0.6
vd                                      -0.048
ap                                       0.576
an                                       0.624
clku                                         0
clk                                          0
ibn                                   0.161255
xa.x1.tmid                         0.000471912
xa.x1.tail                            0.576939
xa.x1.np                               1.19993
xa.x1.nn                               1.19976
xa.x1.ln                                   1.2
xa.x1.lp                                   1.2
xa.x1.lnb                          2.25329e-05
xa.x1.lpb                          2.28234e-05
xa.x1.na                               1.19999
doutb                                  1.19997
dout                                2.5679e-05
xa.x1.nb                               1.19998
doutn                              2.13991e-05
tcheck                                     125
pa_00                                  161.255
bpa_00#branch                                0
btchk#branch                                 0
bdoutn#branch                                0
bclk#branch                        1.59937e-09
ean#branch                         9.01459e-12
eap#branch                         1.14487e-11
vclku#branch                                 0
vd#branch                                    0
vcm#branch                         2.04633e-11
vsup#branch                       -1.06866e-05


No. of Data Rows : 12060

  Measurements for Transient Analysis

dlev0               =  1.60009e-05
dlev1               =  1.52339e-05
dlev2               =  1.56167e-05
dlev3               =  1.86484e-05
dlev4               =  2.26420e-05
dlev5               =  1.60780e-05
dlev6               =  1.48394e-05
dlev7               =  1.57638e-05
dlev8               =  1.57704e-05
dlev9               =  1.45886e-05
dlev10              =  1.42563e-05
dlev11              =  2.04601e-05
dlev12              =  2.18715e-05
dlev13              =  1.48424e-05
dlev14              =  1.47638e-05
dlev15              =  1.45751e-05
dlev16              =  1.57838e-05
dlev17              =  1.88579e-05
dlev18              =  9.99982e-01
dlev19              =  9.99981e-01
dlev20              =  9.99983e-01
dlev21              =  9.99981e-01
dlev22              =  9.99983e-01
dlev23              =  9.99981e-01
dlev24              =  9.99981e-01
dlev25              =  9.99982e-01
dlev26              =  9.99981e-01
dlev27              =  9.99981e-01
dlev28              =  9.99981e-01
dlev29              =  9.99981e-01
dlev30              =  9.99982e-01
dlev31              =  9.99981e-01
dlev32              =  9.99981e-01
vdd_meas            =  1.20000e+00
temp_meas           =  1.25000e+02
vbias_mv            =  1.61255e+02
lowcount            =  1.80000e+01
vos_mv              =  4.49993e+00

ngspice-46 done
