
Note: No compatibility mode selected!


Circuit: * klt sim -- generated corner deck, do not edit

Doing analysis at TEMP = 27.000000 and TNOM = 27.000000

Using SPARSE 1.3 as Direct Linear Solver

Initial Transient Solution
--------------------------

Node                                   Voltage
----                                   -------
vdd                                       1.08
cm                                        0.55
vd                                      -0.048
ap                                       0.526
an                                       0.574
clku                                         0
clk                                          0
ibn                                   0.310051
xa.x1.tmid                         1.23636e-06
xa.x1.tail                            0.532876
xa.x1.np                                  1.08
xa.x1.nn                                  1.08
xa.x1.ln                                  1.08
xa.x1.lp                                  1.08
xa.x1.lnb                          8.56249e-08
xa.x1.lpb                          9.38367e-08
xa.x1.na                                  1.08
doutb                                     1.08
dout                               1.02246e-07
xa.x1.nb                                  1.08
doutn                              9.46718e-08
tcheck                                      27
pa_00                                  310.051
bpa_00#branch                                0
btchk#branch                                 0
bdoutn#branch                                0
bclk#branch                        2.14924e-10
ean#branch                           6.459e-13
eap#branch                         8.40827e-13
vclku#branch                                 0
vd#branch                                    0
vcm#branch                         1.48673e-12
vsup#branch                       -2.00037e-05


No. of Data Rows : 12181

  Measurements for Transient Analysis

dlev0               =  -8.80092e-07
dlev1               =  -1.27360e-07
dlev2               =  2.68568e-07
dlev3               =  -4.78905e-07
dlev4               =  -7.18573e-06
dlev5               =  -7.94406e-06
dlev6               =  8.32771e-07
dlev7               =  1.16878e-06
dlev8               =  8.49307e-07
dlev9               =  6.51794e-07
dlev10              =  4.76233e-07
dlev11              =  1.48029e-06
dlev12              =  1.45092e-06
dlev13              =  2.69633e-07
dlev14              =  2.31587e-07
dlev15              =  2.15639e-06
dlev16              =  -7.15440e-06
dlev17              =  1.00000e+00
dlev18              =  9.99999e-01
dlev19              =  1.00000e+00
dlev20              =  1.00000e+00
dlev21              =  9.99999e-01
dlev22              =  9.99999e-01
dlev23              =  9.99999e-01
dlev24              =  9.99999e-01
dlev25              =  9.99999e-01
dlev26              =  1.00000e+00
dlev27              =  9.99999e-01
dlev28              =  1.00000e+00
dlev29              =  9.99999e-01
dlev30              =  1.00000e+00
dlev31              =  1.00000e+00
dlev32              =  1.00000e+00
vdd_meas            =  1.08000e+00
temp_meas           =  2.70000e+01
vbias_mv            =  3.10051e+02
lowcount            =  1.70000e+01
vos_mv              =  1.50004e+00
vcm_meas            =  5.50000e-01

ngspice-46 done
