
Note: No compatibility mode selected!


Circuit: * klt sim -- generated corner deck, do not edit

Doing analysis at TEMP = 27.000000 and TNOM = 27.000000

Using SPARSE 1.3 as Direct Linear Solver

Initial Transient Solution
--------------------------

Node                                   Voltage
----                                   -------
vdd                                        1.2
cm                                         0.6
vd                                      -0.048
ap                                       0.576
an                                       0.624
clku                                         0
clk                                          0
ibn                                   0.252724
xa.x1.tmid                          5.3078e-06
xa.x1.tail                            0.571941
xa.x1.np                                   1.2
xa.x1.nn                                   1.2
xa.x1.ln                                   1.2
xa.x1.lp                                   1.2
xa.x1.lnb                          5.05849e-08
xa.x1.lpb                           5.0013e-08
xa.x1.na                                   1.2
doutb                                      1.2
dout                               6.05376e-08
xa.x1.nb                                   1.2
doutn                               5.0448e-08
tcheck                                      27
pa_00                                  252.724
bpa_00#branch                                0
btchk#branch                                 0
bdoutn#branch                                0
bclk#branch                        1.78342e-10
ean#branch                         1.94533e-12
eap#branch                         2.47868e-12
vclku#branch                                 0
vd#branch                                    0
vcm#branch                         4.42402e-12
vsup#branch                       -1.00086e-05


No. of Data Rows : 12163

  Measurements for Transient Analysis

dlev0               =  1.98865e-06
dlev1               =  8.05717e-07
dlev2               =  -9.00865e-07
dlev3               =  -1.85185e-06
dlev4               =  -4.71921e-07
dlev5               =  8.25048e-07
dlev6               =  1.65722e-06
dlev7               =  1.52761e-06
dlev8               =  -2.07968e-06
dlev9               =  -2.80766e-06
dlev10              =  -2.14196e-06
dlev11              =  1.25989e-06
dlev12              =  -2.31848e-06
dlev13              =  9.90808e-07
dlev14              =  -1.08513e-06
dlev15              =  -1.43841e-06
dlev16              =  1.73092e-07
dlev17              =  1.00000e+00
dlev18              =  1.00000e+00
dlev19              =  1.00000e+00
dlev20              =  1.00000e+00
dlev21              =  1.00000e+00
dlev22              =  9.99999e-01
dlev23              =  1.00000e+00
dlev24              =  1.00000e+00
dlev25              =  1.00000e+00
dlev26              =  1.00000e+00
dlev27              =  1.00000e+00
dlev28              =  9.99999e-01
dlev29              =  9.99999e-01
dlev30              =  1.00000e+00
dlev31              =  1.00000e+00
dlev32              =  9.99999e-01
vdd_meas            =  1.20000e+00
temp_meas           =  2.70000e+01
vbias_mv            =  2.52724e+02
lowcount            =  1.70000e+01
vos_mv              =  1.50001e+00

ngspice-46 done
