
Note: No compatibility mode selected!


Circuit: * klt sim -- generated corner deck, do not edit

Doing analysis at TEMP = 125.000000 and TNOM = 27.000000

Using SPARSE 1.3 as Direct Linear Solver

Initial Transient Solution
--------------------------

Node                                   Voltage
----                                   -------
vdd                                        1.2
cm                                         0.6
vd                                      -0.048
ap                                       0.576
an                                       0.624
clku                                         0
clk                                          0
ibn                                   0.205781
xa.x1.tmid                         0.000289574
xa.x1.tail                            0.554994
xa.x1.np                               1.19993
xa.x1.nn                               1.19978
xa.x1.ln                                   1.2
xa.x1.lp                                   1.2
xa.x1.lnb                          1.83503e-05
xa.x1.lpb                          2.12679e-05
xa.x1.na                                1.1626
doutb                                 0.620158
dout                                  0.616264
xa.x1.nb                                1.1623
doutn                                 0.513553
tcheck                                     125
pa_00                                  205.781
bpa_00#branch                                0
btchk#branch                                 0
bdoutn#branch                                0
bclk#branch                        1.60723e-09
ean#branch                         5.98163e-12
eap#branch                          7.6117e-12
vclku#branch                                 0
vd#branch                                    0
vcm#branch                         1.35933e-11
vsup#branch                       -0.000190969


No. of Data Rows : 12126

  Measurements for Transient Analysis

dlev0               =  2.33377e-05
dlev1               =  2.33809e-05
dlev2               =  2.07292e-05
dlev3               =  2.11210e-05
dlev4               =  2.10581e-05
dlev5               =  2.20215e-05
dlev6               =  2.06933e-05
dlev7               =  2.05237e-05
dlev8               =  2.14453e-05
dlev9               =  2.09152e-05
dlev10              =  2.54905e-05
dlev11              =  2.10967e-05
dlev12              =  2.05331e-05
dlev13              =  2.01807e-05
dlev14              =  2.08235e-05
dlev15              =  9.99982e-01
dlev16              =  9.99984e-01
dlev17              =  9.99983e-01
dlev18              =  9.99983e-01
dlev19              =  9.99983e-01
dlev20              =  9.99985e-01
dlev21              =  9.99983e-01
dlev22              =  9.99983e-01
dlev23              =  9.99983e-01
dlev24              =  9.99983e-01
dlev25              =  9.99985e-01
dlev26              =  9.99983e-01
dlev27              =  9.99984e-01
dlev28              =  9.99984e-01
dlev29              =  9.99984e-01
dlev30              =  9.99985e-01
dlev31              =  9.99984e-01
dlev32              =  9.99983e-01
vdd_meas            =  1.20000e+00
temp_meas           =  1.25000e+02
vbias_mv            =  2.05781e+02
lowcount            =  1.50000e+01
vos_mv              =  -4.50007e+00

ngspice-46 done
