
Note: No compatibility mode selected!


Circuit: * klt sim -- generated corner deck, do not edit

Doing analysis at TEMP = 125.000000 and TNOM = 27.000000

Using SPARSE 1.3 as Direct Linear Solver

Initial Transient Solution
--------------------------

Node                                   Voltage
----                                   -------
vdd                                       1.32
cm                                         0.6
vd                                      -0.048
ap                                       0.576
an                                       0.624
clku                                         0
clk                                          0
ibn                                   0.252146
xa.x1.tmid                         4.06883e-05
xa.x1.tail                            0.593805
xa.x1.np                               1.31999
xa.x1.nn                               1.31997
xa.x1.ln                                  1.32
xa.x1.lp                                  1.32
xa.x1.lnb                          7.42659e-06
xa.x1.lpb                          7.10724e-06
xa.x1.na                               1.28261
doutb                                   0.7054
dout                                  0.710664
xa.x1.nb                               1.28373
doutn                                 0.538382
tcheck                                     125
pa_00                                  252.146
bpa_00#branch                                0
btchk#branch                                 0
bdoutn#branch                                0
bclk#branch                        1.20921e-09
ean#branch                         1.84019e-12
eap#branch                         2.31443e-12
vclku#branch                                 0
vd#branch                                    0
vcm#branch                         4.15462e-12
vsup#branch                       -0.000181672


No. of Data Rows : 12178

  Measurements for Transient Analysis

dlev0               =  2.68384e-06
dlev1               =  1.03445e-05
dlev2               =  1.24066e-05
dlev3               =  4.96967e-06
dlev4               =  4.57383e-06
dlev5               =  4.49221e-06
dlev6               =  9.61071e-06
dlev7               =  1.04466e-05
dlev8               =  1.13139e-05
dlev9               =  8.59532e-06
dlev10              =  4.50913e-06
dlev11              =  1.04830e-05
dlev12              =  9.83149e-06
dlev13              =  7.90742e-06
dlev14              =  3.65630e-06
dlev15              =  3.25135e-06
dlev16              =  9.35157e-06
dlev17              =  3.16280e-06
dlev18              =  9.97714e-06
dlev19              =  9.99997e-01
dlev20              =  9.99996e-01
dlev21              =  9.99996e-01
dlev22              =  9.99996e-01
dlev23              =  9.99996e-01
dlev24              =  9.99999e-01
dlev25              =  9.99996e-01
dlev26              =  9.99997e-01
dlev27              =  9.99997e-01
dlev28              =  9.99999e-01
dlev29              =  9.99999e-01
dlev30              =  9.99999e-01
dlev31              =  9.99996e-01
dlev32              =  9.99996e-01
vdd_meas            =  1.32000e+00
temp_meas           =  1.25000e+02
vbias_mv            =  2.52146e+02
lowcount            =  1.89999e+01
vos_mv              =  7.49969e+00

ngspice-46 done
