
Note: No compatibility mode selected!


Circuit: * klt sim -- generated corner deck, do not edit

Doing analysis at TEMP = -40.000000 and TNOM = 27.000000

Using SPARSE 1.3 as Direct Linear Solver

Initial Transient Solution
--------------------------

Node                                   Voltage
----                                   -------
vdd                                        1.2
cm                                        0.65
vd                                      -0.048
ap                                       0.626
an                                       0.674
clku                                         0
clk                                          0
ibn                                   0.323957
xa.x1.tmid                         7.00057e-08
xa.x1.tail                             0.61117
xa.x1.np                                   1.2
xa.x1.nn                                   1.2
xa.x1.ln                                   1.2
xa.x1.lp                                   1.2
xa.x1.lnb                          2.16979e-08
xa.x1.lpb                          2.20004e-08
xa.x1.na                               1.18663
doutb                                 0.594517
dout                                  0.585363
xa.x1.nb                               1.18779
doutn                                 0.487803
tcheck                                     -40
pa_00                                  323.957
bpa_00#branch                                0
btchk#branch                                 0
bdoutn#branch                                0
bclk#branch                        1.17651e-10
ean#branch                         7.26835e-13
eap#branch                         9.38721e-13
vclku#branch                                 0
vd#branch                                    0
vcm#branch                         1.66556e-12
vsup#branch                       -7.06436e-05


No. of Data Rows : 12276

  Measurements for Transient Analysis

dlev0               =  2.75472e-06
dlev1               =  2.05261e-06
dlev2               =  2.66602e-06
dlev3               =  -2.52733e-06
dlev4               =  2.80558e-06
dlev5               =  3.10136e-07
dlev6               =  1.36002e-06
dlev7               =  1.59486e-06
dlev8               =  -3.28291e-06
dlev9               =  -5.15636e-06
dlev10              =  -7.11133e-07
dlev11              =  -5.69115e-06
dlev12              =  -5.31697e-06
dlev13              =  6.09456e-07
dlev14              =  -7.33020e-06
dlev15              =  -5.48357e-06
dlev16              =  1.00000e+00
dlev17              =  1.00000e+00
dlev18              =  9.99999e-01
dlev19              =  1.00000e+00
dlev20              =  9.99997e-01
dlev21              =  9.99997e-01
dlev22              =  1.00000e+00
dlev23              =  1.00000e+00
dlev24              =  9.99998e-01
dlev25              =  9.99997e-01
dlev26              =  9.99997e-01
dlev27              =  9.99997e-01
dlev28              =  9.99997e-01
dlev29              =  9.99998e-01
dlev30              =  1.00000e+00
dlev31              =  9.99999e-01
dlev32              =  9.99999e-01
vdd_meas            =  1.20000e+00
temp_meas           =  -4.00000e+01
vbias_mv            =  3.23957e+02
lowcount            =  1.60000e+01
vos_mv              =  -1.49987e+00
vcm_meas            =  6.50000e-01

ngspice-46 done
