
Note: No compatibility mode selected!


Circuit: * klt sim -- generated corner deck, do not edit

Doing analysis at TEMP = 27.000000 and TNOM = 27.000000

Using SPARSE 1.3 as Direct Linear Solver

Initial Transient Solution
--------------------------

Node                                   Voltage
----                                   -------
vdd                                       1.08
cm                                         0.6
vd                                      -0.048
ap                                       0.576
an                                       0.624
clku                                         0
clk                                          0
ibn                                   0.231179
xa.x1.tmid                         1.12462e-05
xa.x1.tail                            0.568712
xa.x1.np                                  1.08
xa.x1.nn                               1.07999
xa.x1.ln                                  1.08
xa.x1.lp                                  1.08
xa.x1.lnb                          5.08302e-07
xa.x1.lpb                          5.10874e-07
xa.x1.na                                  1.08
doutb                                     1.08
dout                               7.29388e-07
xa.x1.nb                                  1.08
doutn                               6.7536e-07
tcheck                                      27
pa_00                                  231.179
bpa_00#branch                                0
btchk#branch                                 0
bdoutn#branch                                0
bclk#branch                        7.04726e-10
ean#branch                         2.15331e-12
eap#branch                         2.82382e-12
vclku#branch                                 0
vd#branch                                    0
vcm#branch                         4.97713e-12
vsup#branch                        -1.0022e-05


No. of Data Rows : 12127

  Measurements for Transient Analysis

dlev0               =  4.48445e-06
dlev1               =  5.03525e-06
dlev2               =  2.23248e-06
dlev3               =  4.98803e-06
dlev4               =  4.61357e-06
dlev5               =  2.60331e-06
dlev6               =  1.86977e-06
dlev7               =  1.98700e-06
dlev8               =  4.46917e-06
dlev9               =  4.34915e-06
dlev10              =  5.18332e-06
dlev11              =  3.04200e-06
dlev12              =  3.42726e-06
dlev13              =  3.05262e-06
dlev14              =  2.59273e-06
dlev15              =  3.65837e-06
dlev16              =  9.99999e-01
dlev17              =  9.99999e-01
dlev18              =  1.00000e+00
dlev19              =  1.00000e+00
dlev20              =  9.99999e-01
dlev21              =  9.99999e-01
dlev22              =  1.00000e+00
dlev23              =  1.00000e+00
dlev24              =  1.00000e+00
dlev25              =  1.00000e+00
dlev26              =  9.99999e-01
dlev27              =  1.00000e+00
dlev28              =  9.99999e-01
dlev29              =  1.00000e+00
dlev30              =  1.00000e+00
dlev31              =  1.00000e+00
dlev32              =  1.00000e+00
vdd_meas            =  1.08000e+00
temp_meas           =  2.70000e+01
vbias_mv            =  2.31179e+02
lowcount            =  1.59999e+01
vos_mv              =  -1.50017e+00

ngspice-46 done
