
Note: No compatibility mode selected!


Circuit: * klt sim -- generated corner deck, do not edit

Doing analysis at TEMP = -40.000000 and TNOM = 27.000000

Using SPARSE 1.3 as Direct Linear Solver

Initial Transient Solution
--------------------------

Node                                   Voltage
----                                   -------
vdd                                       1.08
cm                                         0.6
vd                                      -0.048
ap                                       0.576
an                                       0.624
clku                                         0
clk                                          0
ibn                                   0.346202
xa.x1.tmid                         2.74156e-08
xa.x1.tail                            0.565336
xa.x1.np                                  1.08
xa.x1.nn                                  1.08
xa.x1.ln                                  1.08
xa.x1.lp                                  1.08
xa.x1.lnb                            2.222e-08
xa.x1.lpb                          2.12915e-08
xa.x1.na                                  1.08
doutb                                     1.08
dout                                2.2044e-08
xa.x1.nb                                  1.08
doutn                              2.04111e-08
tcheck                                     -40
pa_00                                  346.202
bpa_00#branch                                0
btchk#branch                                 0
bdoutn#branch                                0
bclk#branch                        1.43019e-10
ean#branch                          2.3434e-13
eap#branch                         3.11223e-13
vclku#branch                                 0
vd#branch                                    0
vcm#branch                         5.45564e-13
vsup#branch                       -2.00004e-05


No. of Data Rows : 12211

  Measurements for Transient Analysis

dlev0               =  1.44630e-06
dlev1               =  2.14790e-06
dlev2               =  2.52482e-06
dlev3               =  2.15592e-06
dlev4               =  2.33683e-06
dlev5               =  2.42704e-06
dlev6               =  2.63561e-06
dlev7               =  2.68350e-06
dlev8               =  2.86872e-06
dlev9               =  2.75228e-06
dlev10              =  3.29938e-06
dlev11              =  3.43554e-06
dlev12              =  8.19631e-08
dlev13              =  3.96353e-06
dlev14              =  4.22692e-06
dlev15              =  5.29201e-06
dlev16              =  6.58769e-06
dlev17              =  1.00000e+00
dlev18              =  1.00000e+00
dlev19              =  1.00000e+00
dlev20              =  1.00000e+00
dlev21              =  1.00000e+00
dlev22              =  1.00000e+00
dlev23              =  1.00000e+00
dlev24              =  1.00000e+00
dlev25              =  1.00000e+00
dlev26              =  1.00000e+00
dlev27              =  1.00000e+00
dlev28              =  1.00000e+00
dlev29              =  9.99995e-01
dlev30              =  1.00000e+00
dlev31              =  1.00000e+00
dlev32              =  1.00000e+00
vdd_meas            =  1.08000e+00
temp_meas           =  -4.00000e+01
vbias_mv            =  3.46202e+02
lowcount            =  1.69999e+01
vos_mv              =  1.49983e+00

ngspice-46 done
