
Note: No compatibility mode selected!


Circuit: * klt sim -- generated corner deck, do not edit

Doing analysis at TEMP = 125.000000 and TNOM = 27.000000

Using SPARSE 1.3 as Direct Linear Solver

Initial Transient Solution
--------------------------

Node                                   Voltage
----                                   -------
vdd                                        1.2
cm                                        0.55
vd                                      -0.048
ap                                       0.526
an                                       0.574
clku                                         0
clk                                          0
ibn                                   0.295761
xa.x1.tmid                         1.22218e-05
xa.x1.tail                            0.556423
xa.x1.np                                   1.2
xa.x1.nn                               1.19999
xa.x1.ln                                   1.2
xa.x1.lp                                   1.2
xa.x1.lnb                          7.99331e-07
xa.x1.lpb                          7.78278e-07
xa.x1.na                               1.17967
doutb                                 0.613442
dout                                  0.611527
xa.x1.nb                               1.18012
doutn                                 0.509606
tcheck                                     125
pa_00                                  295.761
bpa_00#branch                                0
btchk#branch                                 0
bdoutn#branch                                0
bclk#branch                        1.45904e-10
ean#branch                         6.31356e-13
eap#branch                         8.07854e-13
vclku#branch                                 0
vd#branch                                    0
vcm#branch                         1.43921e-12
vsup#branch                       -8.36011e-05


No. of Data Rows : 12096

  Measurements for Transient Analysis

dlev0               =  3.54612e-06
dlev1               =  5.90338e-07
dlev2               =  -2.11496e-07
dlev3               =  1.73176e-06
dlev4               =  1.71386e-06
dlev5               =  7.21256e-07
dlev6               =  8.15119e-07
dlev7               =  1.17104e-06
dlev8               =  4.66356e-07
dlev9               =  2.26255e-06
dlev10              =  1.99482e-06
dlev11              =  1.25623e-06
dlev12              =  1.67132e-06
dlev13              =  2.48288e-06
dlev14              =  1.41178e-06
dlev15              =  2.54523e-06
dlev16              =  9.99999e-01
dlev17              =  1.00000e+00
dlev18              =  1.00000e+00
dlev19              =  1.00000e+00
dlev20              =  1.00000e+00
dlev21              =  1.00000e+00
dlev22              =  1.00000e+00
dlev23              =  1.00000e+00
dlev24              =  1.00000e+00
dlev25              =  9.99999e-01
dlev26              =  1.00000e+00
dlev27              =  1.00000e+00
dlev28              =  1.00000e+00
dlev29              =  1.00000e+00
dlev30              =  1.00000e+00
dlev31              =  1.00000e+00
dlev32              =  1.00000e+00
vdd_meas            =  1.20000e+00
temp_meas           =  1.25000e+02
vbias_mv            =  2.95761e+02
lowcount            =  1.60000e+01
vos_mv              =  -1.50006e+00
vcm_meas            =  5.50000e-01

ngspice-46 done
