
Note: No compatibility mode selected!


Circuit: * klt sim -- generated corner deck, do not edit

Doing analysis at TEMP = 125.000000 and TNOM = 27.000000

Using SPARSE 1.3 as Direct Linear Solver
Note: Starting dynamic gmin stepping
Note: Dynamic gmin stepping completed

Initial Transient Solution
--------------------------

Node                                   Voltage
----                                   -------
vdd                                       1.32
cm                                         0.6
vd                                      -0.048
ap                                       0.576
an                                       0.624
clku                                         0
clk                                          0
ibn                                   0.206197
xa.x1.tmid                         0.000211558
xa.x1.tail                            0.583015
xa.x1.np                               1.31995
xa.x1.nn                               1.31984
xa.x1.ln                                  1.32
xa.x1.lp                                  1.32
xa.x1.lnb                          1.75029e-06
xa.x1.lpb                          1.98376e-06
xa.x1.na                                  1.32
doutb                              2.10343e-06
dout                                   1.31999
xa.x1.nb                               1.31999
doutn                                  0.99999
tcheck                                     125
pa_00                                  206.197
bpa_00#branch                                0
btchk#branch                                 0
bdoutn#branch                                0
bclk#branch                        3.85263e-10
ean#branch                         7.71747e-12
eap#branch                         9.61725e-12
vclku#branch                                 0
vd#branch                                    0
vcm#branch                         1.73347e-11
vsup#branch                       -1.53211e-05


No. of Data Rows : 12215

  Measurements for Transient Analysis

dlev0               =  1.37315e-06
dlev1               =  -8.97454e-07
dlev2               =  2.25724e-06
dlev3               =  1.03163e-06
dlev4               =  -1.42616e-06
dlev5               =  -1.45348e-06
dlev6               =  -1.29631e-06
dlev7               =  -1.39551e-06
dlev8               =  -1.87859e-06
dlev9               =  -1.23231e-06
dlev10              =  9.04989e-07
dlev11              =  1.49409e-06
dlev12              =  1.21272e-06
dlev13              =  7.65133e-07
dlev14              =  1.75941e-06
dlev15              =  1.43195e-06
dlev16              =  2.63451e-07
dlev17              =  4.64900e-07
dlev18              =  9.99990e-01
dlev19              =  9.99991e-01
dlev20              =  9.99990e-01
dlev21              =  9.99991e-01
dlev22              =  9.99991e-01
dlev23              =  9.99991e-01
dlev24              =  9.99991e-01
dlev25              =  9.99990e-01
dlev26              =  9.99989e-01
dlev27              =  9.99989e-01
dlev28              =  9.99990e-01
dlev29              =  9.99990e-01
dlev30              =  9.99989e-01
dlev31              =  9.99990e-01
dlev32              =  9.99990e-01
vdd_meas            =  1.32000e+00
temp_meas           =  1.25000e+02
vbias_mv            =  2.06197e+02
lowcount            =  1.80001e+01
vos_mv              =  4.50043e+00

ngspice-46 done
