
Note: No compatibility mode selected!


Circuit: * klt sim -- generated corner deck, do not edit

Doing analysis at TEMP = -40.000000 and TNOM = 27.000000

Using SPARSE 1.3 as Direct Linear Solver

Initial Transient Solution
--------------------------

Node                                   Voltage
----                                   -------
vdd                                        1.2
cm                                         0.6
vd                                      -0.048
ap                                       0.576
an                                       0.624
clku                                         0
clk                                          0
ibn                                   0.367642
xa.x1.tmid                          5.2986e-09
xa.x1.tail                            0.565993
xa.x1.np                                   1.2
xa.x1.nn                                   1.2
xa.x1.ln                                   1.2
xa.x1.lp                                   1.2
xa.x1.lnb                          4.20413e-08
xa.x1.lpb                          4.23362e-08
xa.x1.na                                1.1885
doutb                                 0.656084
dout                                   0.64606
xa.x1.nb                               1.18914
doutn                                 0.538383
tcheck                                     -40
pa_00                                  367.642
bpa_00#branch                                0
btchk#branch                                 0
bdoutn#branch                                0
bclk#branch                        3.61542e-10
ean#branch                         1.45967e-13
eap#branch                         1.87947e-13
vclku#branch                                 0
vd#branch                                    0
vcm#branch                         3.33913e-13
vsup#branch                       -7.28135e-05


No. of Data Rows : 12258

  Measurements for Transient Analysis

dlev0               =  -2.28721e-06
dlev1               =  6.37031e-06
dlev2               =  5.19587e-06
dlev3               =  6.89051e-06
dlev4               =  6.88349e-06
dlev5               =  6.80524e-06
dlev6               =  6.06737e-06
dlev7               =  5.01911e-06
dlev8               =  6.01927e-06
dlev9               =  6.57201e-06
dlev10              =  6.45446e-06
dlev11              =  6.48697e-06
dlev12              =  6.47319e-06
dlev13              =  4.09303e-06
dlev14              =  6.04154e-06
dlev15              =  5.89336e-06
dlev16              =  1.00000e+00
dlev17              =  1.00000e+00
dlev18              =  1.00000e+00
dlev19              =  1.00000e+00
dlev20              =  1.00000e+00
dlev21              =  1.00000e+00
dlev22              =  1.00000e+00
dlev23              =  1.00000e+00
dlev24              =  1.00000e+00
dlev25              =  1.00000e+00
dlev26              =  1.00000e+00
dlev27              =  1.00000e+00
dlev28              =  1.00000e+00
dlev29              =  1.00000e+00
dlev30              =  1.00000e+00
dlev31              =  1.00000e+00
dlev32              =  1.00000e+00
vdd_meas            =  1.20000e+00
temp_meas           =  -4.00000e+01
vbias_mv            =  3.67642e+02
lowcount            =  1.59999e+01
vos_mv              =  -1.50044e+00

ngspice-46 done
