
Note: No compatibility mode selected!


Circuit: * klt sim -- generated corner deck, do not edit

Doing analysis at TEMP = 125.000000 and TNOM = 27.000000

Using SPARSE 1.3 as Direct Linear Solver

Initial Transient Solution
--------------------------

Node                                   Voltage
----                                   -------
vdd                                       1.08
cm                                         0.6
vd                                      -0.048
ap                                       0.576
an                                       0.624
clku                                         0
clk                                          0
ibn                                   0.183819
xa.x1.tmid                         0.000272696
xa.x1.tail                            0.569694
xa.x1.np                               1.07993
xa.x1.nn                                1.0798
xa.x1.ln                                  1.08
xa.x1.lp                                  1.08
xa.x1.lnb                          1.76349e-06
xa.x1.lpb                          1.86573e-06
xa.x1.na                                  1.08
doutb                              2.31057e-06
dout                                   1.07999
xa.x1.nb                               1.07999
doutn                                 0.999988
tcheck                                     125
pa_00                                  183.819
bpa_00#branch                                0
btchk#branch                                 0
bdoutn#branch                                0
bclk#branch                        1.96984e-10
ean#branch                         2.28273e-12
eap#branch                         3.02081e-12
vclku#branch                                 0
vd#branch                                    0
vcm#branch                         5.30354e-12
vsup#branch                       -1.03262e-05


No. of Data Rows : 11992

  Measurements for Transient Analysis

dlev0               =  1.82326e-06
dlev1               =  3.18719e-06
dlev2               =  2.80103e-06
dlev3               =  2.16533e-06
dlev4               =  2.25347e-06
dlev5               =  3.10392e-06
dlev6               =  2.60427e-06
dlev7               =  3.38302e-06
dlev8               =  3.15915e-06
dlev9               =  2.08574e-06
dlev10              =  3.06028e-06
dlev11              =  3.13372e-06
dlev12              =  3.58907e-06
dlev13              =  3.61931e-06
dlev14              =  2.44141e-06
dlev15              =  2.04854e-06
dlev16              =  9.99988e-01
dlev17              =  9.99988e-01
dlev18              =  9.99988e-01
dlev19              =  9.99988e-01
dlev20              =  9.99987e-01
dlev21              =  9.99988e-01
dlev22              =  9.99988e-01
dlev23              =  9.99988e-01
dlev24              =  9.99988e-01
dlev25              =  9.99988e-01
dlev26              =  9.99988e-01
dlev27              =  9.99987e-01
dlev28              =  9.99988e-01
dlev29              =  9.99987e-01
dlev30              =  9.99988e-01
dlev31              =  9.99988e-01
dlev32              =  9.99988e-01
vdd_meas            =  1.08000e+00
temp_meas           =  1.25000e+02
vbias_mv            =  1.83819e+02
lowcount            =  1.60002e+01
vos_mv              =  -1.49951e+00

ngspice-46 done
