
Note: No compatibility mode selected!


Circuit: * klt sim -- generated corner deck, do not edit

Doing analysis at TEMP = -40.000000 and TNOM = 27.000000

Using SPARSE 1.3 as Direct Linear Solver
Note: Starting dynamic gmin stepping
Note: Dynamic gmin stepping completed

Initial Transient Solution
--------------------------

Node                                   Voltage
----                                   -------
vdd                                       1.32
cm                                         0.6
vd                                      -0.048
ap                                       0.576
an                                       0.624
clku                                         0
clk                                          0
ibn                                   0.378051
xa.x1.tmid                         1.66384e-09
xa.x1.tail                            0.591597
xa.x1.np                                  1.32
xa.x1.nn                                  1.32
xa.x1.ln                                  1.32
xa.x1.lp                                  1.32
xa.x1.lnb                           1.0021e-08
xa.x1.lpb                          1.05669e-08
xa.x1.na                                  1.32
doutb                              1.05741e-08
dout                                      1.32
xa.x1.nb                                  1.32
doutn                                        1
tcheck                                     -40
pa_00                                  378.051
bpa_00#branch                                0
btchk#branch                                 0
bdoutn#branch                                0
bclk#branch                        8.96374e-11
ean#branch                         1.96315e-13
eap#branch                          2.4844e-13
vclku#branch                                 0
vd#branch                                    0
vcm#branch                         4.44755e-13
vsup#branch                       -1.50002e-05


No. of Data Rows : 12345

  Measurements for Transient Analysis

dlev0               =  5.98782e-07
dlev1               =  8.32348e-07
dlev2               =  1.84820e-07
dlev3               =  -1.57724e-07
dlev4               =  -1.63913e-06
dlev5               =  8.06677e-08
dlev6               =  -1.38653e-06
dlev7               =  -6.62980e-07
dlev8               =  -3.47776e-08
dlev9               =  -5.89697e-06
dlev10              =  3.51275e-06
dlev11              =  8.94264e-08
dlev12              =  -6.84222e-06
dlev13              =  -1.07992e-06
dlev14              =  2.52174e-07
dlev15              =  -4.32370e-06
dlev16              =  1.00000e+00
dlev17              =  9.99998e-01
dlev18              =  9.99997e-01
dlev19              =  9.99999e-01
dlev20              =  1.00000e+00
dlev21              =  9.99997e-01
dlev22              =  1.00000e+00
dlev23              =  9.99999e-01
dlev24              =  1.00000e+00
dlev25              =  9.99997e-01
dlev26              =  9.99999e-01
dlev27              =  1.00000e+00
dlev28              =  9.99999e-01
dlev29              =  9.99999e-01
dlev30              =  9.99998e-01
dlev31              =  9.99999e-01
dlev32              =  1.00000e+00
vdd_meas            =  1.32000e+00
temp_meas           =  -4.00000e+01
vbias_mv            =  3.78051e+02
lowcount            =  1.60000e+01
vos_mv              =  -1.49989e+00

ngspice-46 done
