
Note: No compatibility mode selected!


Circuit: * klt sim -- generated corner deck, do not edit

Doing analysis at TEMP = -40.000000 and TNOM = 27.000000

Using SPARSE 1.3 as Direct Linear Solver

Initial Transient Solution
--------------------------

Node                                   Voltage
----                                   -------
vdd                                        1.2
cm                                         0.6
vd                                      -0.048
ap                                       0.576
an                                       0.624
clku                                         0
clk                                          0
ibn                                   0.342142
xa.x1.tmid                         2.61267e-08
xa.x1.tail                            0.540147
xa.x1.np                                   1.2
xa.x1.nn                                   1.2
xa.x1.ln                                   1.2
xa.x1.lp                                   1.2
xa.x1.lnb                          2.63691e-08
xa.x1.lpb                            2.582e-08
xa.x1.na                                   1.2
doutb                              2.70602e-08
dout                                       1.2
xa.x1.nb                                   1.2
doutn                                        1
tcheck                                     -40
pa_00                                  342.142
bpa_00#branch                                0
btchk#branch                                 0
bdoutn#branch                                0
bclk#branch                          2.036e-10
ean#branch                         2.26485e-13
eap#branch                         2.90726e-13
vclku#branch                                 0
vd#branch                                    0
vcm#branch                         5.17211e-13
vsup#branch                       -2.00005e-05


No. of Data Rows : 12195

  Measurements for Transient Analysis

dlev0               =  -1.32239e-06
dlev1               =  3.29823e-06
dlev2               =  6.52659e-06
dlev3               =  6.77005e-06
dlev4               =  -9.32132e-07
dlev5               =  6.50364e-06
dlev6               =  7.36324e-06
dlev7               =  5.74773e-06
dlev8               =  5.48980e-06
dlev9               =  4.93283e-06
dlev10              =  4.64111e-06
dlev11              =  4.95594e-06
dlev12              =  6.12176e-06
dlev13              =  2.39573e-06
dlev14              =  2.68543e-06
dlev15              =  2.51696e-06
dlev16              =  3.52191e-06
dlev17              =  9.43475e-06
dlev18              =  9.99998e-01
dlev19              =  1.00000e+00
dlev20              =  1.00000e+00
dlev21              =  1.00000e+00
dlev22              =  1.00000e+00
dlev23              =  1.00000e+00
dlev24              =  1.00000e+00
dlev25              =  1.00000e+00
dlev26              =  1.00000e+00
dlev27              =  1.00000e+00
dlev28              =  1.00000e+00
dlev29              =  1.00000e+00
dlev30              =  1.00000e+00
dlev31              =  1.00000e+00
dlev32              =  1.00000e+00
vdd_meas            =  1.20000e+00
temp_meas           =  -4.00000e+01
vbias_mv            =  3.42142e+02
lowcount            =  1.79999e+01
vos_mv              =  4.49966e+00

ngspice-46 done
