
Note: No compatibility mode selected!


Circuit: * klt sim -- generated corner deck, do not edit

Doing analysis at TEMP = 125.000000 and TNOM = 27.000000

Using SPARSE 1.3 as Direct Linear Solver

Initial Transient Solution
--------------------------

Node                                   Voltage
----                                   -------
vdd                                       1.32
cm                                         0.6
vd                                      -0.048
ap                                       0.576
an                                       0.624
clku                                         0
clk                                          0
ibn                                   0.204406
xa.x1.tmid                         0.000342251
xa.x1.tail                             0.57763
xa.x1.np                               1.31993
xa.x1.nn                               1.31977
xa.x1.ln                                  1.32
xa.x1.lp                                  1.32
xa.x1.lnb                          1.96301e-05
xa.x1.lpb                          1.93205e-05
xa.x1.na                               1.31999
doutb                                  1.31998
dout                               2.62431e-05
xa.x1.nb                               1.31998
doutn                              1.98811e-05
tcheck                                     125
pa_00                                  204.406
bpa_00#branch                                0
btchk#branch                                 0
bdoutn#branch                                0
bclk#branch                        2.20726e-09
ean#branch                         1.58043e-11
eap#branch                         1.96145e-11
vclku#branch                                 0
vd#branch                                    0
vcm#branch                         3.54188e-11
vsup#branch                       -2.07411e-05


No. of Data Rows : 12231

  Measurements for Transient Analysis

dlev0               =  1.61201e-05
dlev1               =  2.12835e-05
dlev2               =  2.11131e-05
dlev3               =  2.11742e-05
dlev4               =  2.15256e-05
dlev5               =  1.97560e-05
dlev6               =  1.49623e-05
dlev7               =  1.58645e-05
dlev8               =  1.53751e-05
dlev9               =  1.51913e-05
dlev10              =  2.06665e-05
dlev11              =  1.51650e-05
dlev12              =  1.62388e-05
dlev13              =  1.61155e-05
dlev14              =  1.79469e-05
dlev15              =  1.41388e-05
dlev16              =  9.99985e-01
dlev17              =  9.99983e-01
dlev18              =  9.99983e-01
dlev19              =  9.99985e-01
dlev20              =  9.99984e-01
dlev21              =  9.99982e-01
dlev22              =  9.99985e-01
dlev23              =  9.99985e-01
dlev24              =  9.99984e-01
dlev25              =  9.99983e-01
dlev26              =  9.99983e-01
dlev27              =  9.99984e-01
dlev28              =  9.99985e-01
dlev29              =  9.99985e-01
dlev30              =  9.99984e-01
dlev31              =  9.99983e-01
dlev32              =  9.99984e-01
vdd_meas            =  1.32000e+00
temp_meas           =  1.25000e+02
vbias_mv            =  2.04406e+02
lowcount            =  1.60000e+01
vos_mv              =  -1.50003e+00

ngspice-46 done
