
Note: No compatibility mode selected!


Circuit: * klt sim -- generated corner deck, do not edit

Doing analysis at TEMP = 27.000000 and TNOM = 27.000000

Using SPARSE 1.3 as Direct Linear Solver

Initial Transient Solution
--------------------------

Node                                   Voltage
----                                   -------
vdd                                       1.08
cm                                         0.6
clku                                         0
clk                                          0
sa                                       0.001
asp                                     0.6005
asn                                     0.5995
apa                                     0.6005
ana                                     0.5995
apa_pin                                 0.6005
ana_pin                                 0.5995
ibna                                  0.355198
xa.x1.tmid                         9.02137e-08
xa.x1.tail                            0.609088
xa.x1.np                                  1.08
xa.x1.nn                                  1.08
xa.x1.ln                                  1.08
xa.x1.lp                                  1.08
xa.x1.lnb                          1.39278e-08
xa.x1.lpb                          1.39278e-08
xa.x1.na                               1.07503
doutba                                0.550763
douta                                 0.550763
xa.x1.nb                               1.07503
qp                                -0.000190473
qn                                -0.000191612
sb                                       0.001
bsp                                     0.6005
bsn                                     0.5995
bpp                                    0.60069
bpn                                   0.599691
ibnb                                  0.355198
xb.x1.tmid                          9.0229e-08
xb.x1.tail                            0.609251
xb.x1.np                                  1.08
xb.x1.nn                                  1.08
xb.x1.ln                                  1.08
xb.x1.lp                                  1.08
xb.x1.lnb                          1.39278e-08
xb.x1.lpb                          1.39278e-08
xb.x1.na                               1.07503
doutbb                                0.550763
doutb                                 0.550763
xb.x1.nb                               1.07503
sc                                         0.1
csp                                       0.65
csn                                       0.55
cpp                                    0.65014
cpn                                   0.550258
ibnc                                  0.355198
xc.x1.tmid                         9.26175e-08
xc.x1.tail                            0.634718
xc.x1.np                                  1.08
xc.x1.nn                                  1.08
xc.x1.ln                                  1.08
xc.x1.lp                                  1.08
xc.x1.lnb                          1.39278e-08
xc.x1.lpb                          1.39278e-08
xc.x1.na                               1.07503
doutbc                                0.550763
doutc                                 0.550763
xc.x1.nb                               1.07503
ad                                 1.90473e-10
bd                                 0.000998866
cd                                   0.0998822
bc                                  0.00019075
dan                                   0.509965
dbn                                   0.509965
dcn                                   0.509965
tcheck                                      27
btchk#branch                                 0
bdcn#branch                                  0
bdbn#branch                                  0
bdan#branch                                  0
bbc#branch                                   0
bcd#branch                                   0
bbd#branch                                   0
bad#branch                                   0
vkn#branch                        -1.91612e-13
vkp#branch                        -1.90473e-13
bclk#branch                        1.97278e-10
ecsn#branch                        2.58027e-13
ecsp#branch                        1.40258e-13
ebsn#branch                        1.91318e-13
ebsp#branch                        1.90183e-13
easn#branch                        1.91612e-13
easp#branch                        1.90473e-13
vsc#branch                                   0
vsb#branch                                   0
vsa#branch                                   0
vclku#branch                                 0
vcm#branch                         1.16187e-12
vsup#branch                       -0.000103797


No. of Data Rows : 12059

  Measurements for Transient Analysis

vdd_meas            =  1.08000e+00
temp_meas           =  2.70000e+01
ad_pos              =  1.18745e-01 at=  4.03055e-08
ad_neg              =  -4.16320e-02 at=  4.01646e-08
kick_1k_peak_mv     =  1.18745e+02
kick_1k_pos_mv      =  1.18745e+02
kick_1k_neg_mv      =  -4.16320e+01
qp29                =  -1.90473e-04
qpmax               =  3.52474e-02 at=  4.01746e-08
qpmin               =  -2.27243e-03 at=  3.00598e-08
qkick_p_fc          =  3.54379e+01
qn29                =  -1.91612e-04
qnmax               =  3.55119e-02 at=  4.01746e-08
qnmin               =  -2.27338e-03 at=  3.00598e-08
qkick_n_fc          =  3.57035e+01
qkick_fc            =  3.57035e+01
bd0                 =  9.98866e-04
bd1                 =  9.98912e-04
cd0                 =  9.98822e-02
cd1                 =  9.98635e-02
kick_sigdep_uv      =  1.88167e+01
bc0                 =  1.90750e-04
bc1                 =  -1.66920e-03
kick_cm_uv          =  -1.85995e+03
dout_1k_end         =  1.00000e+00
dout_float_small_end=  1.00000e+00
dout_float_big_end  =  1.00000e+00

ngspice-46 done
