
Note: No compatibility mode selected!


Circuit: * klt sim -- generated corner deck, do not edit

Doing analysis at TEMP = 125.000000 and TNOM = 27.000000

Using SPARSE 1.3 as Direct Linear Solver

Initial Transient Solution
--------------------------

Node                                   Voltage
----                                   -------
vdd                                       1.32
cm                                         0.6
vd                                      -0.048
ap                                       0.576
an                                       0.624
clku                                         0
clk                                          0
ibn                                   0.300318
xa.x1.tmid                         1.23766e-05
xa.x1.tail                            0.605754
xa.x1.np                                  1.32
xa.x1.nn                               1.31999
xa.x1.ln                                  1.32
xa.x1.lp                                  1.32
xa.x1.lnb                          7.55027e-07
xa.x1.lpb                           7.1271e-07
xa.x1.na                               1.28929
doutb                                 0.665547
dout                                  0.665317
xa.x1.nb                               1.29024
doutn                                 0.504028
tcheck                                     125
pa_00                                  300.318
bpa_00#branch                                0
btchk#branch                                 0
bdoutn#branch                                0
bclk#branch                        2.08771e-10
ean#branch                         8.98198e-13
eap#branch                         1.13551e-12
vclku#branch                                 0
vd#branch                                    0
vcm#branch                         2.03371e-12
vsup#branch                       -0.000124304


No. of Data Rows : 12219

  Measurements for Transient Analysis

dlev0               =  -9.19396e-07
dlev1               =  3.01584e-06
dlev2               =  2.06278e-06
dlev3               =  1.60496e-06
dlev4               =  9.67488e-07
dlev5               =  9.96974e-07
dlev6               =  3.03025e-06
dlev7               =  1.64660e-06
dlev8               =  8.85440e-07
dlev9               =  1.12977e-06
dlev10              =  7.72052e-07
dlev11              =  1.44759e-06
dlev12              =  1.38530e-06
dlev13              =  1.26182e-06
dlev14              =  1.30511e-06
dlev15              =  1.37369e-06
dlev16              =  1.24652e-06
dlev17              =  9.99999e-01
dlev18              =  9.99999e-01
dlev19              =  9.99999e-01
dlev20              =  9.99999e-01
dlev21              =  9.99999e-01
dlev22              =  9.99999e-01
dlev23              =  9.99999e-01
dlev24              =  9.99999e-01
dlev25              =  9.99999e-01
dlev26              =  9.99999e-01
dlev27              =  9.99999e-01
dlev28              =  9.99999e-01
dlev29              =  9.99999e-01
dlev30              =  9.99999e-01
dlev31              =  9.99999e-01
dlev32              =  9.99999e-01
vdd_meas            =  1.32000e+00
temp_meas           =  1.25000e+02
vbias_mv            =  3.00318e+02
lowcount            =  1.70000e+01
vos_mv              =  1.49997e+00
vcm_meas            =  6.00000e-01

ngspice-46 done
