
Note: No compatibility mode selected!


Circuit: * klt sim -- generated corner deck, do not edit

Doing analysis at TEMP = -40.000000 and TNOM = 27.000000

Using SPARSE 1.3 as Direct Linear Solver
Note: Starting dynamic gmin stepping
Note: Dynamic gmin stepping completed

Initial Transient Solution
--------------------------

Node                                   Voltage
----                                   -------
vdd                                       1.08
cm                                         0.6
vd                                      -0.048
ap                                       0.576
an                                       0.624
clku                                         0
clk                                          0
ibn                                   0.366608
xa.x1.tmid                         5.47125e-09
xa.x1.tail                            0.533205
xa.x1.np                                  1.08
xa.x1.nn                                  1.08
xa.x1.ln                                  1.08
xa.x1.lp                                  1.08
xa.x1.lnb                          3.52178e-08
xa.x1.lpb                           3.7705e-08
xa.x1.na                               1.07485
doutb                                 0.581347
dout                                  0.595229
xa.x1.nb                               1.07463
doutn                                 0.551138
tcheck                                     -40
pa_00                                  366.608
bpa_00#branch                                0
btchk#branch                                 0
bdoutn#branch                                0
bclk#branch                        2.53948e-10
ean#branch                           7.358e-14
eap#branch                         9.85184e-14
vclku#branch                                 0
vd#branch                                    0
vcm#branch                         1.72098e-13
vsup#branch                       -4.26739e-05


No. of Data Rows : 12139

  Measurements for Transient Analysis

dlev0               =  1.24714e-07
dlev1               =  -1.17167e-05
dlev2               =  -9.46834e-06
dlev3               =  -1.12472e-05
dlev4               =  8.95418e-08
dlev5               =  -4.77372e-07
dlev6               =  -2.12777e-06
dlev7               =  6.30737e-07
dlev8               =  6.37997e-07
dlev9               =  -1.12213e-05
dlev10              =  5.88239e-07
dlev11              =  5.17548e-07
dlev12              =  -1.02377e-05
dlev13              =  -1.12934e-05
dlev14              =  -6.02998e-07
dlev15              =  1.00000e+00
dlev16              =  1.00000e+00
dlev17              =  9.99994e-01
dlev18              =  9.99994e-01
dlev19              =  9.99999e-01
dlev20              =  9.99994e-01
dlev21              =  1.00000e+00
dlev22              =  1.00000e+00
dlev23              =  1.00000e+00
dlev24              =  9.99999e-01
dlev25              =  9.99999e-01
dlev26              =  9.99994e-01
dlev27              =  9.99995e-01
dlev28              =  9.99994e-01
dlev29              =  9.99999e-01
dlev30              =  9.99999e-01
dlev31              =  9.99998e-01
dlev32              =  9.99998e-01
vdd_meas            =  1.08000e+00
temp_meas           =  -4.00000e+01
vbias_mv            =  3.66608e+02
lowcount            =  1.50001e+01
vos_mv              =  -4.49968e+00

ngspice-46 done
