
Note: No compatibility mode selected!


Circuit: * klt sim -- generated corner deck, do not edit

Doing analysis at TEMP = -40.000000 and TNOM = 27.000000

Using SPARSE 1.3 as Direct Linear Solver
Note: Starting dynamic gmin stepping
Note: Dynamic gmin stepping completed

Initial Transient Solution
--------------------------

Node                                   Voltage
----                                   -------
vdd                                       1.08
cm                                         0.6
vd                                      -0.048
ap                                       0.576
an                                       0.624
clku                                         0
clk                                          0
ibn                                   0.338391
xa.x1.tmid                         7.85975e-09
xa.x1.tail                            0.578109
xa.x1.np                                  1.08
xa.x1.nn                                  1.08
xa.x1.ln                                  1.08
xa.x1.lp                                  1.08
xa.x1.lnb                          3.52178e-08
xa.x1.lpb                           3.7705e-08
xa.x1.na                               1.07485
doutb                                 0.581347
dout                                  0.595229
xa.x1.nb                               1.07463
doutn                                 0.551138
tcheck                                     -40
pa_00                                  338.391
bpa_00#branch                                0
btchk#branch                                 0
bdoutn#branch                                0
bclk#branch                        2.54106e-10
ean#branch                         1.11605e-13
eap#branch                         1.48687e-13
vclku#branch                                 0
vd#branch                                    0
vcm#branch                         2.60292e-13
vsup#branch                       -3.26739e-05


No. of Data Rows : 12093

  Measurements for Transient Analysis

dlev0               =  4.74922e-08
dlev1               =  -3.18132e-06
dlev2               =  5.40148e-08
dlev3               =  6.17189e-08
dlev4               =  3.56157e-08
dlev5               =  -8.84247e-06
dlev6               =  -5.17159e-08
dlev7               =  1.47552e-07
dlev8               =  -7.42635e-07
dlev9               =  -8.22137e-06
dlev10              =  -8.48405e-06
dlev11              =  -6.07565e-06
dlev12              =  1.26100e-07
dlev13              =  -4.77610e-07
dlev14              =  -9.82440e-06
dlev15              =  6.50845e-07
dlev16              =  1.00000e+00
dlev17              =  9.99998e-01
dlev18              =  1.00000e+00
dlev19              =  1.00000e+00
dlev20              =  9.99995e-01
dlev21              =  9.99996e-01
dlev22              =  9.99996e-01
dlev23              =  9.99996e-01
dlev24              =  1.00000e+00
dlev25              =  1.00000e+00
dlev26              =  1.00000e+00
dlev27              =  1.00000e+00
dlev28              =  1.00000e+00
dlev29              =  1.00000e+00
dlev30              =  1.00000e+00
dlev31              =  9.99997e-01
dlev32              =  9.99994e-01
vdd_meas            =  1.08000e+00
temp_meas           =  -4.00000e+01
vbias_mv            =  3.38391e+02
lowcount            =  1.60001e+01
vos_mv              =  -1.49980e+00

ngspice-46 done
