
Note: No compatibility mode selected!


Circuit: * klt sim -- generated corner deck, do not edit

Doing analysis at TEMP = -40.000000 and TNOM = 27.000000

Using SPARSE 1.3 as Direct Linear Solver

Initial Transient Solution
--------------------------

Node                                   Voltage
----                                   -------
vdd                                        1.2
cm                                        0.55
vd                                      -0.048
ap                                       0.526
an                                       0.574
clku                                         0
clk                                          0
ibn                                   0.392191
xa.x1.tmid                         1.37204e-09
xa.x1.tail                            0.551875
xa.x1.np                                   1.2
xa.x1.nn                                   1.2
xa.x1.ln                                   1.2
xa.x1.lp                                   1.2
xa.x1.lnb                           8.4543e-09
xa.x1.lpb                          7.76898e-09
xa.x1.na                               1.19406
doutb                                 0.613184
dout                                  0.612166
xa.x1.nb                               1.19388
doutn                                 0.510138
tcheck                                     -40
pa_00                                  392.191
bpa_00#branch                                0
btchk#branch                                 0
bdoutn#branch                                0
bclk#branch                        6.36718e-11
ean#branch                         1.37751e-13
eap#branch                         1.76525e-13
vclku#branch                                 0
vd#branch                                    0
vcm#branch                         3.14276e-13
vsup#branch                       -4.28319e-05


No. of Data Rows : 12262

  Measurements for Transient Analysis

dlev0               =  -5.18454e-06
dlev1               =  -5.09341e-06
dlev2               =  -5.02781e-06
dlev3               =  -5.31898e-06
dlev4               =  -5.26572e-06
dlev5               =  -5.34934e-06
dlev6               =  -5.21263e-06
dlev7               =  -1.42431e-06
dlev8               =  1.18713e-05
dlev9               =  -2.88807e-06
dlev10              =  -4.44671e-06
dlev11              =  -4.83157e-07
dlev12              =  -1.39147e-06
dlev13              =  -1.09493e-07
dlev14              =  1.10441e-06
dlev15              =  5.74941e-07
dlev16              =  9.99999e-01
dlev17              =  1.00000e+00
dlev18              =  1.00000e+00
dlev19              =  9.99999e-01
dlev20              =  1.00000e+00
dlev21              =  9.99997e-01
dlev22              =  9.99997e-01
dlev23              =  1.00000e+00
dlev24              =  9.99999e-01
dlev25              =  9.99997e-01
dlev26              =  9.99996e-01
dlev27              =  9.99999e-01
dlev28              =  9.99996e-01
dlev29              =  9.99996e-01
dlev30              =  9.99996e-01
dlev31              =  9.99996e-01
dlev32              =  9.99996e-01
vdd_meas            =  1.20000e+00
temp_meas           =  -4.00000e+01
vbias_mv            =  3.92191e+02
lowcount            =  1.60001e+01
vos_mv              =  -1.49980e+00
vcm_meas            =  5.50000e-01

ngspice-46 done
