
Note: No compatibility mode selected!


Circuit: * klt sim -- generated corner deck, do not edit

Doing analysis at TEMP = -40.000000 and TNOM = 27.000000

Using SPARSE 1.3 as Direct Linear Solver

Initial Transient Solution
--------------------------

Node                                   Voltage
----                                   -------
vdd                                        1.2
cm                                         0.6
clku                                         0
clk                                          0
sa                                       0.001
asp                                     0.6005
asn                                     0.5995
apa                                     0.6005
ana                                     0.5995
apa_pin                                 0.6005
ana_pin                                 0.5995
ibna                                  0.367906
xa.x1.tmid                         5.20587e-09
xa.x1.tail                            0.542986
xa.x1.np                                   1.2
xa.x1.nn                                   1.2
xa.x1.ln                                   1.2
xa.x1.lp                                   1.2
xa.x1.lnb                          4.16645e-08
xa.x1.lpb                          4.16645e-08
xa.x1.na                               1.18885
doutba                                0.649411
douta                                 0.649411
xa.x1.nb                               1.18885
qp                                -0.000123858
qn                                -0.000124529
sb                                       0.001
bsp                                     0.6005
bsn                                     0.5995
bpp                                   0.600624
bpn                                   0.599624
ibnb                                  0.367906
xb.x1.tmid                         5.20637e-09
xb.x1.tail                            0.543092
xb.x1.np                                   1.2
xb.x1.nn                                   1.2
xb.x1.ln                                   1.2
xb.x1.lp                                   1.2
xb.x1.lnb                          4.16645e-08
xb.x1.lpb                          4.16645e-08
xb.x1.na                               1.18885
doutbb                                0.649411
doutb                                 0.649411
xb.x1.nb                               1.18885
sc                                         0.1
csp                                       0.65
csn                                       0.55
cpp                                   0.650095
cpn                                   0.550161
ibnc                                  0.367906
xc.x1.tmid                         5.34005e-09
xc.x1.tail                            0.571586
xc.x1.np                                   1.2
xc.x1.nn                                   1.2
xc.x1.ln                                   1.2
xc.x1.lp                                   1.2
xc.x1.lnb                          4.16645e-08
xc.x1.lpb                          4.16645e-08
xc.x1.na                               1.18885
doutbc                                0.649411
doutc                                 0.649411
xc.x1.nb                               1.18885
ad                                 1.23858e-10
bd                                 0.000999348
cd                                   0.0999338
bc                                 0.000124119
dan                                   0.541176
dbn                                   0.541176
dcn                                   0.541176
tcheck                                     -40
btchk#branch                                 0
bdcn#branch                                  0
bdbn#branch                                  0
bdan#branch                                  0
bbc#branch                                   0
bcd#branch                                   0
bbd#branch                                   0
bad#branch                                   0
vkn#branch                        -1.24529e-13
vkp#branch                        -1.23858e-13
bclk#branch                        1.09027e-09
ecsn#branch                        1.61068e-13
ecsp#branch                        9.48554e-14
ebsn#branch                        1.24445e-13
ebsp#branch                        1.23793e-13
easn#branch                        1.24529e-13
easp#branch                        1.23858e-13
vsc#branch                                   0
vsb#branch                                   0
vsa#branch                                   0
vclku#branch                                 0
vcm#branch                         7.52549e-13
vsup#branch                       -0.000220251


No. of Data Rows : 12069

  Measurements for Transient Analysis

vdd_meas            =  1.20000e+00
temp_meas           =  -4.00000e+01
ad_pos              =  5.56644e-02 at=  4.02328e-08
ad_neg              =  -2.16607e-02 at=  4.01484e-08
kick_1k_peak_mv     =  5.56644e+01
kick_1k_pos_mv      =  5.56644e+01
kick_1k_neg_mv      =  -2.16607e+01
qp29                =  -1.23858e-04
qpmax               =  1.24188e-02 at=  4.01534e-08
qpmin               =  -1.23856e-03 at=  3.00561e-08
qkick_p_fc          =  1.25426e+01
qn29                =  -1.24529e-04
qnmax               =  1.26752e-02 at=  4.01584e-08
qnmin               =  -1.23912e-03 at=  3.00561e-08
qkick_n_fc          =  1.27998e+01
qkick_fc            =  1.27998e+01
bd0                 =  9.99348e-04
bd1                 =  9.99259e-04
cd0                 =  9.99338e-02
cd1                 =  9.99266e-02
kick_sigdep_uv      =  7.06486e+00
bc0                 =  1.24119e-04
bc1                 =  -5.85482e-04
kick_cm_uv          =  -7.09601e+02
dout_1k_end         =  1.00000e+00
dout_float_small_end=  1.00000e+00
dout_float_big_end  =  1.00000e+00

ngspice-46 done
