
Note: No compatibility mode selected!


Circuit: * klt sim -- generated corner deck, do not edit

Doing analysis at TEMP = -40.000000 and TNOM = 27.000000

Using SPARSE 1.3 as Direct Linear Solver

Initial Transient Solution
--------------------------

Node                                   Voltage
----                                   -------
vdd                                        1.2
cm                                         0.6
vd                                      -0.048
ap                                       0.576
an                                       0.624
clku                                         0
clk                                          0
ibn                                   0.321153
xa.x1.tmid                         6.98348e-08
xa.x1.tail                             0.53599
xa.x1.np                                   1.2
xa.x1.nn                                   1.2
xa.x1.ln                                   1.2
xa.x1.lp                                   1.2
xa.x1.lnb                          2.26831e-08
xa.x1.lpb                          2.33774e-08
xa.x1.na                                   1.2
doutb                              2.49234e-08
dout                                       1.2
xa.x1.nb                                   1.2
doutn                                        1
tcheck                                     -40
pa_00                                  321.153
bpa_00#branch                                0
btchk#branch                                 0
bdoutn#branch                                0
bclk#branch                        1.17036e-10
ean#branch                         4.69874e-13
eap#branch                         6.00867e-13
vclku#branch                                 0
vd#branch                                    0
vcm#branch                         1.07074e-12
vsup#branch                       -2.00006e-05


No. of Data Rows : 12216

  Measurements for Transient Analysis

dlev0               =  -6.26988e-06
dlev1               =  1.19700e-05
dlev2               =  5.09689e-06
dlev3               =  5.36824e-06
dlev4               =  5.28920e-06
dlev5               =  5.07895e-06
dlev6               =  1.10934e-05
dlev7               =  5.00489e-06
dlev8               =  1.94834e-06
dlev9               =  1.12618e-05
dlev10              =  8.76063e-06
dlev11              =  4.90948e-06
dlev12              =  8.31030e-06
dlev13              =  9.15214e-06
dlev14              =  1.83699e-06
dlev15              =  9.99995e-01
dlev16              =  1.00000e+00
dlev17              =  1.00000e+00
dlev18              =  1.00001e+00
dlev19              =  1.00000e+00
dlev20              =  1.00000e+00
dlev21              =  1.00000e+00
dlev22              =  1.00001e+00
dlev23              =  1.00000e+00
dlev24              =  1.00000e+00
dlev25              =  1.00000e+00
dlev26              =  1.00000e+00
dlev27              =  1.00000e+00
dlev28              =  1.00000e+00
dlev29              =  1.00000e+00
dlev30              =  1.00000e+00
dlev31              =  1.00000e+00
dlev32              =  1.00000e+00
vdd_meas            =  1.20000e+00
temp_meas           =  -4.00000e+01
vbias_mv            =  3.21153e+02
lowcount            =  1.49999e+01
vos_mv              =  -4.50037e+00

ngspice-46 done
