
Note: No compatibility mode selected!


Circuit: * klt sim -- generated corner deck, do not edit

Doing analysis at TEMP = 125.000000 and TNOM = 27.000000

Using SPARSE 1.3 as Direct Linear Solver

Initial Transient Solution
--------------------------

Node                                   Voltage
----                                   -------
vdd                                        1.2
cm                                         0.6
vd                                      -0.048
ap                                       0.576
an                                       0.624
clku                                         0
clk                                          0
ibn                                   0.163793
xa.x1.tmid                         0.000460538
xa.x1.tail                            0.578567
xa.x1.np                               1.19993
xa.x1.nn                               1.19977
xa.x1.ln                                   1.2
xa.x1.lp                                   1.2
xa.x1.lnb                          2.08571e-05
xa.x1.lpb                          1.72565e-05
xa.x1.na                               1.19999
doutb                                  1.19998
dout                               2.50217e-05
xa.x1.nb                               1.19998
doutn                              2.08514e-05
tcheck                                     125
pa_00                                  163.793
bpa_00#branch                                0
btchk#branch                                 0
bdoutn#branch                                0
bclk#branch                        1.60102e-09
ean#branch                         9.01995e-12
eap#branch                         1.14522e-11
vclku#branch                                 0
vd#branch                                    0
vcm#branch                         2.04722e-11
vsup#branch                        -1.0664e-05


No. of Data Rows : 12074

  Measurements for Transient Analysis

dlev0               =  1.69694e-05
dlev1               =  1.75308e-05
dlev2               =  1.74157e-05
dlev3               =  2.01862e-05
dlev4               =  1.87186e-05
dlev5               =  1.61522e-05
dlev6               =  1.60850e-05
dlev7               =  1.55252e-05
dlev8               =  1.98225e-05
dlev9               =  2.08114e-05
dlev10              =  1.95446e-05
dlev11              =  1.45773e-05
dlev12              =  1.92622e-05
dlev13              =  1.51526e-05
dlev14              =  1.59041e-05
dlev15              =  1.66312e-05
dlev16              =  1.43026e-05
dlev17              =  1.49337e-05
dlev18              =  9.99980e-01
dlev19              =  9.99980e-01
dlev20              =  9.99982e-01
dlev21              =  9.99980e-01
dlev22              =  9.99980e-01
dlev23              =  9.99980e-01
dlev24              =  9.99980e-01
dlev25              =  9.99980e-01
dlev26              =  9.99982e-01
dlev27              =  9.99981e-01
dlev28              =  9.99980e-01
dlev29              =  9.99980e-01
dlev30              =  9.99981e-01
dlev31              =  9.99981e-01
dlev32              =  9.99981e-01
vdd_meas            =  1.20000e+00
temp_meas           =  1.25000e+02
vbias_mv            =  1.63793e+02
lowcount            =  1.80000e+01
vos_mv              =  4.49996e+00

ngspice-46 done
