
Note: No compatibility mode selected!


Circuit: * klt sim -- generated corner deck, do not edit

Doing analysis at TEMP = -40.000000 and TNOM = 27.000000

Using SPARSE 1.3 as Direct Linear Solver
Note: Starting dynamic gmin stepping
Note: Dynamic gmin stepping completed

Initial Transient Solution
--------------------------

Node                                   Voltage
----                                   -------
vdd                                        1.2
cm                                         0.6
vd                                      -0.048
ap                                       0.576
an                                       0.624
clku                                         0
clk                                          0
ibn                                   0.362015
xa.x1.tmid                         1.74875e-09
xa.x1.tail                            0.594263
xa.x1.np                                   1.2
xa.x1.nn                                   1.2
xa.x1.ln                                   1.2
xa.x1.lp                                   1.2
xa.x1.lnb                          7.82371e-09
xa.x1.lpb                          8.17691e-09
xa.x1.na                                   1.2
doutb                               8.0154e-09
dout                                       1.2
xa.x1.nb                                   1.2
doutn                                        1
tcheck                                     -40
pa_00                                  362.015
bpa_00#branch                                0
btchk#branch                                 0
bdoutn#branch                                0
bclk#branch                        6.47341e-11
ean#branch                          1.0561e-13
eap#branch                         1.36724e-13
vclku#branch                                 0
vd#branch                                    0
vcm#branch                         2.42334e-13
vsup#branch                       -1.00001e-05


No. of Data Rows : 12154

  Measurements for Transient Analysis

dlev0               =  -3.82617e-06
dlev1               =  -5.76597e-07
dlev2               =  9.75862e-07
dlev3               =  1.11107e-06
dlev4               =  1.35994e-06
dlev5               =  2.38893e-06
dlev6               =  3.86179e-06
dlev7               =  -4.01916e-06
dlev8               =  -3.76844e-07
dlev9               =  5.62544e-06
dlev10              =  6.34714e-06
dlev11              =  7.90389e-06
dlev12              =  1.20834e-05
dlev13              =  7.86608e-06
dlev14              =  8.90348e-06
dlev15              =  7.65588e-06
dlev16              =  6.50161e-06
dlev17              =  9.99999e-01
dlev18              =  1.00000e+00
dlev19              =  1.00000e+00
dlev20              =  1.00000e+00
dlev21              =  1.00000e+00
dlev22              =  1.00000e+00
dlev23              =  1.00000e+00
dlev24              =  1.00000e+00
dlev25              =  1.00000e+00
dlev26              =  9.99999e-01
dlev27              =  9.99999e-01
dlev28              =  9.99999e-01
dlev29              =  9.99999e-01
dlev30              =  9.99999e-01
dlev31              =  9.99999e-01
dlev32              =  1.00000e+00
vdd_meas            =  1.20000e+00
temp_meas           =  -4.00000e+01
vbias_mv            =  3.62015e+02
lowcount            =  1.69999e+01
vos_mv              =  1.49979e+00

ngspice-46 done
