
Note: No compatibility mode selected!


Circuit: * klt sim -- generated corner deck, do not edit

Doing analysis at TEMP = 27.000000 and TNOM = 27.000000

Using SPARSE 1.3 as Direct Linear Solver

Initial Transient Solution
--------------------------

Node                                   Voltage
----                                   -------
vdd                                        1.2
cm                                         0.6
vd                                      -0.048
ap                                       0.576
an                                       0.624
clku                                         0
clk                                          0
ibn                                    0.35341
xa.x1.tmid                         9.30173e-08
xa.x1.tail                            0.565161
xa.x1.np                                   1.2
xa.x1.nn                                   1.2
xa.x1.ln                                   1.2
xa.x1.lp                                   1.2
xa.x1.lnb                          1.64277e-08
xa.x1.lpb                           1.6059e-08
xa.x1.na                               1.18937
doutb                                 0.610629
dout                                   0.61178
xa.x1.nb                               1.18913
doutn                                 0.509817
tcheck                                      27
pa_00                                   353.41
bpa_00#branch                                0
btchk#branch                                 0
bdoutn#branch                                0
bclk#branch                        9.52701e-11
ean#branch                         1.08427e-13
eap#branch                         1.40582e-13
vclku#branch                                 0
vd#branch                                    0
vcm#branch                         2.49009e-13
vsup#branch                        -5.6143e-05


No. of Data Rows : 12082

  Measurements for Transient Analysis

dlev0               =  -4.27447e-06
dlev1               =  -1.31610e-06
dlev2               =  -4.44846e-06
dlev3               =  3.20759e-06
dlev4               =  -1.91468e-06
dlev5               =  3.10196e-07
dlev6               =  4.87551e-06
dlev7               =  -5.54602e-06
dlev8               =  -1.47527e-06
dlev9               =  -1.36362e-06
dlev10              =  -1.08406e-06
dlev11              =  -1.40516e-06
dlev12              =  4.90461e-06
dlev13              =  -2.02576e-06
dlev14              =  -1.22074e-06
dlev15              =  -1.81105e-06
dlev16              =  -5.58588e-07
dlev17              =  1.00000e+00
dlev18              =  9.99997e-01
dlev19              =  1.00000e+00
dlev20              =  9.99999e-01
dlev21              =  9.99998e-01
dlev22              =  9.99997e-01
dlev23              =  9.99997e-01
dlev24              =  9.99997e-01
dlev25              =  9.99998e-01
dlev26              =  9.99998e-01
dlev27              =  1.00000e+00
dlev28              =  1.00000e+00
dlev29              =  9.99997e-01
dlev30              =  9.99997e-01
dlev31              =  9.99997e-01
dlev32              =  9.99997e-01
vdd_meas            =  1.20000e+00
temp_meas           =  2.70000e+01
vbias_mv            =  3.53410e+02
lowcount            =  1.70000e+01
vos_mv              =  1.50013e+00

ngspice-46 done
