
Note: No compatibility mode selected!


Circuit: * klt sim -- generated corner deck, do not edit

Doing analysis at TEMP = -40.000000 and TNOM = 27.000000

Using SPARSE 1.3 as Direct Linear Solver
Note: Starting dynamic gmin stepping
Note: Dynamic gmin stepping completed

Initial Transient Solution
--------------------------

Node                                   Voltage
----                                   -------
vdd                                       1.32
cm                                         0.6
vd                                      -0.048
ap                                       0.576
an                                       0.624
clku                                         0
clk                                          0
ibn                                   0.380861
xa.x1.tmid                         1.50417e-09
xa.x1.tail                            0.596455
xa.x1.np                                  1.32
xa.x1.nn                                  1.32
xa.x1.ln                                  1.32
xa.x1.lp                                  1.32
xa.x1.lnb                          1.03613e-08
xa.x1.lpb                          1.04586e-08
xa.x1.na                               1.30918
doutb                                 0.672668
dout                                  0.680457
xa.x1.nb                               1.30695
doutn                                 0.515497
tcheck                                     -40
pa_00                                  380.861
bpa_00#branch                                0
btchk#branch                                 0
bdoutn#branch                                0
bclk#branch                        8.87621e-11
ean#branch                         1.96371e-13
eap#branch                         2.48412e-13
vclku#branch                                 0
vd#branch                                    0
vcm#branch                         4.44783e-13
vsup#branch                        -6.5335e-05


No. of Data Rows : 12372

  Measurements for Transient Analysis

dlev0               =  -5.50331e-06
dlev1               =  -3.48992e-06
dlev2               =  -6.31547e-06
dlev3               =  -6.44175e-06
dlev4               =  -3.77684e-06
dlev5               =  -2.40293e-06
dlev6               =  -1.50426e-06
dlev7               =  3.36896e-06
dlev8               =  2.60745e-06
dlev9               =  2.50962e-06
dlev10              =  -6.52218e-06
dlev11              =  -5.88745e-06
dlev12              =  -5.09503e-06
dlev13              =  1.54155e-06
dlev14              =  -5.12957e-06
dlev15              =  -5.51522e-06
dlev16              =  -4.55701e-06
dlev17              =  1.00000e+00
dlev18              =  9.99998e-01
dlev19              =  9.99998e-01
dlev20              =  9.99998e-01
dlev21              =  1.00000e+00
dlev22              =  1.00000e+00
dlev23              =  1.00000e+00
dlev24              =  9.99998e-01
dlev25              =  1.00000e+00
dlev26              =  1.00000e+00
dlev27              =  1.00000e+00
dlev28              =  9.99999e-01
dlev29              =  9.99999e-01
dlev30              =  1.00000e+00
dlev31              =  9.99999e-01
dlev32              =  1.00000e+00
vdd_meas            =  1.32000e+00
temp_meas           =  -4.00000e+01
vbias_mv            =  3.80861e+02
lowcount            =  1.70001e+01
vos_mv              =  1.50018e+00

ngspice-46 done
