
Note: No compatibility mode selected!


Circuit: * klt sim -- generated corner deck, do not edit

Doing analysis at TEMP = 27.000000 and TNOM = 27.000000

Using SPARSE 1.3 as Direct Linear Solver

Initial Transient Solution
--------------------------

Node                                   Voltage
----                                   -------
vdd                                        1.2
cm                                         0.6
vd                                      -0.048
ap                                       0.576
an                                       0.624
clku                                         0
clk                                          0
ibn                                   0.267601
xa.x1.tmid                         7.21583e-06
xa.x1.tail                            0.573741
xa.x1.np                                   1.2
xa.x1.nn                               1.19999
xa.x1.ln                                   1.2
xa.x1.lp                                   1.2
xa.x1.lnb                          5.99822e-07
xa.x1.lpb                          6.87834e-07
xa.x1.na                               1.17432
doutb                                 0.621935
dout                                  0.617495
xa.x1.nb                               1.17569
doutn                                 0.514579
tcheck                                      27
pa_00                                  267.601
bpa_00#branch                                0
btchk#branch                                 0
bdoutn#branch                                0
bclk#branch                        1.00068e-09
ean#branch                         4.04191e-12
eap#branch                         5.12512e-12
vclku#branch                                 0
vd#branch                                    0
vcm#branch                         9.16703e-12
vsup#branch                       -0.000141968


No. of Data Rows : 12245

  Measurements for Transient Analysis

dlev0               =  9.38067e-07
dlev1               =  1.64709e-06
dlev2               =  -4.70779e-06
dlev3               =  1.96248e-07
dlev4               =  -4.96979e-06
dlev5               =  -6.00022e-06
dlev6               =  -4.71673e-06
dlev7               =  -5.16002e-07
dlev8               =  -5.08708e-06
dlev9               =  -6.03627e-06
dlev10              =  -6.21371e-06
dlev11              =  -6.32501e-06
dlev12              =  -6.50605e-06
dlev13              =  -7.92731e-07
dlev14              =  -6.82427e-06
dlev15              =  9.99999e-01
dlev16              =  9.99997e-01
dlev17              =  1.00000e+00
dlev18              =  9.99998e-01
dlev19              =  9.99998e-01
dlev20              =  9.99997e-01
dlev21              =  9.99997e-01
dlev22              =  9.99996e-01
dlev23              =  9.99997e-01
dlev24              =  1.00000e+00
dlev25              =  9.99999e-01
dlev26              =  1.00000e+00
dlev27              =  1.00000e+00
dlev28              =  1.00000e+00
dlev29              =  1.00000e+00
dlev30              =  1.00000e+00
dlev31              =  1.00000e+00
dlev32              =  1.00000e+00
vdd_meas            =  1.20000e+00
temp_meas           =  2.70000e+01
vbias_mv            =  2.67601e+02
lowcount            =  1.50001e+01
vos_mv              =  -4.49976e+00

ngspice-46 done
