
Note: No compatibility mode selected!


Circuit: * klt sim -- generated corner deck, do not edit

Doing analysis at TEMP = -40.000000 and TNOM = 27.000000

Using SPARSE 1.3 as Direct Linear Solver

Initial Transient Solution
--------------------------

Node                                   Voltage
----                                   -------
vdd                                       1.08
cm                                         0.6
vd                                      -0.048
ap                                       0.576
an                                       0.624
clku                                         0
clk                                          0
ibn                                   0.346118
xa.x1.tmid                         2.60331e-08
xa.x1.tail                            0.548523
xa.x1.np                                  1.08
xa.x1.nn                                  1.08
xa.x1.ln                                  1.08
xa.x1.lp                                  1.08
xa.x1.lnb                          2.11404e-08
xa.x1.lpb                           2.0809e-08
xa.x1.na                                  1.08
doutb                                     1.08
dout                               2.17177e-08
xa.x1.nb                                  1.08
doutn                              2.01089e-08
tcheck                                     -40
pa_00                                  346.118
bpa_00#branch                                0
btchk#branch                                 0
bdoutn#branch                                0
bclk#branch                        1.43983e-10
ean#branch                         1.55598e-13
eap#branch                         2.06959e-13
vclku#branch                                 0
vd#branch                                    0
vcm#branch                         3.62557e-13
vsup#branch                       -2.00004e-05


No. of Data Rows : 12136

  Measurements for Transient Analysis

dlev0               =  6.20472e-07
dlev1               =  -6.10038e-07
dlev2               =  -8.00216e-07
dlev3               =  -1.08387e-06
dlev4               =  -9.87745e-07
dlev5               =  -5.19889e-07
dlev6               =  -2.00771e-08
dlev7               =  -1.27509e-07
dlev8               =  -8.43458e-07
dlev9               =  -2.10582e-06
dlev10              =  2.55652e-07
dlev11              =  2.97885e-07
dlev12              =  2.84294e-07
dlev13              =  -1.20958e-06
dlev14              =  -1.26915e-05
dlev15              =  1.15794e-07
dlev16              =  6.08860e-07
dlev17              =  -1.08329e-05
dlev18              =  -5.73874e-06
dlev19              =  1.00000e+00
dlev20              =  9.99999e-01
dlev21              =  9.99999e-01
dlev22              =  9.99998e-01
dlev23              =  1.00000e+00
dlev24              =  1.00000e+00
dlev25              =  1.00000e+00
dlev26              =  1.00000e+00
dlev27              =  1.00000e+00
dlev28              =  1.00000e+00
dlev29              =  1.00000e+00
dlev30              =  1.00000e+00
dlev31              =  1.00000e+00
dlev32              =  1.00000e+00
vdd_meas            =  1.08000e+00
temp_meas           =  -4.00000e+01
vbias_mv            =  3.46118e+02
lowcount            =  1.90000e+01
vos_mv              =  7.50010e+00

ngspice-46 done
