
Note: No compatibility mode selected!


Circuit: * klt sim -- generated corner deck, do not edit

Doing analysis at TEMP = -40.000000 and TNOM = 27.000000

Using SPARSE 1.3 as Direct Linear Solver
Note: Starting dynamic gmin stepping
Note: Dynamic gmin stepping completed

Initial Transient Solution
--------------------------

Node                                   Voltage
----                                   -------
vdd                                       1.32
cm                                         0.6
vd                                      -0.048
ap                                       0.576
an                                       0.624
clku                                         0
clk                                          0
ibn                                    0.38959
xa.x1.tmid                         1.46169e-09
xa.x1.tail                            0.562397
xa.x1.np                                  1.32
xa.x1.nn                                  1.32
xa.x1.ln                                  1.32
xa.x1.lp                                  1.32
xa.x1.lnb                          1.04403e-08
xa.x1.lpb                          1.02359e-08
xa.x1.na                                  1.32
doutb                                     1.32
dout                                1.0647e-08
xa.x1.nb                                  1.32
doutn                              8.06593e-09
tcheck                                     -40
pa_00                                   389.59
bpa_00#branch                                0
btchk#branch                                 0
bdoutn#branch                                0
bclk#branch                        8.99287e-11
ean#branch                         9.81853e-14
eap#branch                         1.24303e-13
vclku#branch                                 0
vd#branch                                    0
vcm#branch                         2.22489e-13
vsup#branch                       -2.00002e-05


No. of Data Rows : 12264

  Measurements for Transient Analysis

dlev0               =  -5.09550e-06
dlev1               =  1.74045e-06
dlev2               =  -4.47362e-06
dlev3               =  -4.90479e-06
dlev4               =  -4.88331e-06
dlev5               =  -5.07297e-06
dlev6               =  -4.09673e-06
dlev7               =  -5.60861e-07
dlev8               =  -5.17694e-07
dlev9               =  1.24307e-06
dlev10              =  -5.16211e-06
dlev11              =  -9.14160e-07
dlev12              =  -2.32715e-07
dlev13              =  9.01527e-07
dlev14              =  -4.72781e-07
dlev15              =  2.38189e-07
dlev16              =  9.99999e-01
dlev17              =  1.00000e+00
dlev18              =  1.00000e+00
dlev19              =  1.00000e+00
dlev20              =  9.99999e-01
dlev21              =  1.00000e+00
dlev22              =  9.99999e-01
dlev23              =  1.00000e+00
dlev24              =  1.00000e+00
dlev25              =  9.99999e-01
dlev26              =  1.00000e+00
dlev27              =  9.99999e-01
dlev28              =  9.99999e-01
dlev29              =  1.00000e+00
dlev30              =  1.00000e+00
dlev31              =  1.00000e+00
dlev32              =  1.00000e+00
vdd_meas            =  1.32000e+00
temp_meas           =  -4.00000e+01
vbias_mv            =  3.89590e+02
lowcount            =  1.60000e+01
vos_mv              =  -1.49993e+00

ngspice-46 done
