
Note: No compatibility mode selected!


Circuit: * klt sim -- generated corner deck, do not edit

Doing analysis at TEMP = 27.000000 and TNOM = 27.000000

Using SPARSE 1.3 as Direct Linear Solver

Initial Transient Solution
--------------------------

Node                                   Voltage
----                                   -------
vdd                                        1.2
cm                                         0.6
vd                                      -0.048
ap                                       0.576
an                                       0.624
clku                                         0
clk                                          0
ibn                                   0.266111
xa.x1.tmid                         7.24638e-06
xa.x1.tail                            0.574198
xa.x1.np                                   1.2
xa.x1.nn                               1.19999
xa.x1.ln                                   1.2
xa.x1.lp                                   1.2
xa.x1.lnb                          6.87431e-07
xa.x1.lpb                          5.52411e-07
xa.x1.na                               1.17573
doutb                                 0.615559
dout                                  0.621361
xa.x1.nb                               1.17379
doutn                                 0.517801
tcheck                                      27
pa_00                                  266.111
bpa_00#branch                                0
btchk#branch                                 0
bdoutn#branch                                0
bclk#branch                        1.00447e-09
ean#branch                         4.03771e-12
eap#branch                         5.12418e-12
vclku#branch                                 0
vd#branch                                    0
vcm#branch                         9.16189e-12
vsup#branch                       -0.000144929


No. of Data Rows : 12264

  Measurements for Transient Analysis

dlev0               =  2.20721e-07
dlev1               =  3.96086e-07
dlev2               =  1.02463e-06
dlev3               =  -1.99460e-06
dlev4               =  -1.40653e-07
dlev5               =  -3.14383e-06
dlev6               =  -3.76660e-06
dlev7               =  -1.23993e-06
dlev8               =  -4.11128e-06
dlev9               =  -4.65599e-06
dlev10              =  -1.94343e-06
dlev11              =  -1.40582e-06
dlev12              =  -3.77755e-07
dlev13              =  -5.87128e-06
dlev14              =  -2.99440e-06
dlev15              =  9.04284e-07
dlev16              =  -3.81945e-08
dlev17              =  9.99998e-01
dlev18              =  9.99997e-01
dlev19              =  9.99999e-01
dlev20              =  9.99999e-01
dlev21              =  9.99999e-01
dlev22              =  9.99998e-01
dlev23              =  9.99997e-01
dlev24              =  9.99997e-01
dlev25              =  9.99998e-01
dlev26              =  1.00000e+00
dlev27              =  9.99998e-01
dlev28              =  1.00000e+00
dlev29              =  1.00000e+00
dlev30              =  9.99999e-01
dlev31              =  9.99997e-01
dlev32              =  9.99997e-01
vdd_meas            =  1.20000e+00
temp_meas           =  2.70000e+01
vbias_mv            =  2.66111e+02
lowcount            =  1.70001e+01
vos_mv              =  1.50016e+00

ngspice-46 done
