
Note: No compatibility mode selected!


Circuit: * klt sim -- generated corner deck, do not edit

Doing analysis at TEMP = 27.000000 and TNOM = 27.000000

Using SPARSE 1.3 as Direct Linear Solver

Initial Transient Solution
--------------------------

Node                                   Voltage
----                                   -------
vdd                                       1.08
cm                                         0.6
vd                                      -0.048
ap                                       0.576
an                                       0.624
clku                                         0
clk                                          0
ibn                                   0.354129
xa.x1.tmid                         7.66061e-08
xa.x1.tail                            0.565377
xa.x1.np                                  1.08
xa.x1.nn                                  1.08
xa.x1.ln                                  1.08
xa.x1.lp                                  1.08
xa.x1.lnb                          1.48058e-08
xa.x1.lpb                          1.39826e-08
xa.x1.na                               1.07415
doutb                                 0.545654
dout                                  0.544187
xa.x1.nb                               1.07468
doutn                                 0.503877
tcheck                                      27
pa_00                                  354.129
bpa_00#branch                                0
btchk#branch                                 0
bdoutn#branch                                0
bclk#branch                        6.51118e-11
ean#branch                         5.46369e-14
eap#branch                         7.31359e-14
vclku#branch                                 0
vd#branch                                    0
vcm#branch                         1.27773e-13
vsup#branch                       -3.61672e-05


No. of Data Rows : 12056

  Measurements for Transient Analysis

dlev0               =  2.44493e-06
dlev1               =  7.31045e-06
dlev2               =  1.77252e-06
dlev3               =  2.37738e-06
dlev4               =  2.70124e-06
dlev5               =  1.57555e-06
dlev6               =  -4.31637e-07
dlev7               =  -2.97480e-06
dlev8               =  7.54491e-06
dlev9               =  -1.43905e-06
dlev10              =  8.14357e-06
dlev11              =  -2.11917e-06
dlev12              =  8.31184e-06
dlev13              =  7.36010e-06
dlev14              =  8.27442e-06
dlev15              =  7.89091e-06
dlev16              =  8.46712e-06
dlev17              =  1.00000e+00
dlev18              =  1.00000e+00
dlev19              =  1.00000e+00
dlev20              =  1.00000e+00
dlev21              =  1.00000e+00
dlev22              =  1.00000e+00
dlev23              =  1.00000e+00
dlev24              =  1.00000e+00
dlev25              =  1.00000e+00
dlev26              =  1.00000e+00
dlev27              =  9.99999e-01
dlev28              =  1.00000e+00
dlev29              =  1.00000e+00
dlev30              =  9.99999e-01
dlev31              =  1.00000e+00
dlev32              =  1.00000e+00
vdd_meas            =  1.08000e+00
temp_meas           =  2.70000e+01
vbias_mv            =  3.54129e+02
lowcount            =  1.69999e+01
vos_mv              =  1.49970e+00

ngspice-46 done
