
Note: No compatibility mode selected!


Circuit: * klt sim -- generated corner deck, do not edit

Doing analysis at TEMP = 125.000000 and TNOM = 27.000000

Using SPARSE 1.3 as Direct Linear Solver

Initial Transient Solution
--------------------------

Node                                   Voltage
----                                   -------
vdd                                        1.2
cm                                        0.65
vd                                      -0.048
ap                                       0.626
an                                       0.674
clku                                         0
clk                                          0
ibn                                    0.27461
xa.x1.tmid                         3.40509e-05
xa.x1.tail                            0.631151
xa.x1.np                               1.19999
xa.x1.nn                               1.19997
xa.x1.ln                                   1.2
xa.x1.lp                                   1.2
xa.x1.lnb                           9.3656e-06
xa.x1.lpb                          9.35077e-06
xa.x1.na                               1.17227
doutb                                  0.64782
dout                                  0.646655
xa.x1.nb                               1.17364
doutn                                 0.538879
tcheck                                     125
pa_00                                   274.61
bpa_00#branch                                0
btchk#branch                                 0
bdoutn#branch                                0
bclk#branch                        8.64285e-10
ean#branch                         7.70051e-13
eap#branch                         1.00189e-12
vclku#branch                                 0
vd#branch                                    0
vcm#branch                         1.77194e-12
vsup#branch                       -0.000127466


No. of Data Rows : 12182

  Measurements for Transient Analysis

dlev0               =  9.84312e-06
dlev1               =  9.81546e-06
dlev2               =  9.47823e-06
dlev3               =  7.82568e-06
dlev4               =  7.79968e-06
dlev5               =  7.85897e-06
dlev6               =  8.52148e-06
dlev7               =  1.07533e-05
dlev8               =  8.39533e-06
dlev9               =  8.05923e-06
dlev10              =  9.70229e-06
dlev11              =  9.65266e-06
dlev12              =  9.46715e-06
dlev13              =  1.03285e-05
dlev14              =  9.79888e-06
dlev15              =  8.27565e-06
dlev16              =  9.99998e-01
dlev17              =  1.00000e+00
dlev18              =  9.99998e-01
dlev19              =  9.99998e-01
dlev20              =  1.00000e+00
dlev21              =  1.00000e+00
dlev22              =  1.00000e+00
dlev23              =  9.99998e-01
dlev24              =  1.00000e+00
dlev25              =  1.00000e+00
dlev26              =  1.00000e+00
dlev27              =  1.00000e+00
dlev28              =  9.99998e-01
dlev29              =  9.99998e-01
dlev30              =  9.99998e-01
dlev31              =  9.99998e-01
dlev32              =  9.99998e-01
vdd_meas            =  1.20000e+00
temp_meas           =  1.25000e+02
vbias_mv            =  2.74610e+02
lowcount            =  1.59999e+01
vos_mv              =  -1.50039e+00
vcm_meas            =  6.50000e-01

ngspice-46 done
