
Note: No compatibility mode selected!


Circuit: * klt sim -- generated corner deck, do not edit

Doing analysis at TEMP = -40.000000 and TNOM = 27.000000

Using SPARSE 1.3 as Direct Linear Solver

Initial Transient Solution
--------------------------

Node                                   Voltage
----                                   -------
vdd                                        1.2
cm                                         0.6
vd                                      -0.048
ap                                       0.576
an                                       0.624
clku                                         0
clk                                          0
ibn                                   0.392035
xa.x1.tmid                         1.44668e-09
xa.x1.tail                            0.537675
xa.x1.np                                   1.2
xa.x1.nn                                   1.2
xa.x1.ln                                   1.2
xa.x1.lp                                   1.2
xa.x1.lnb                          7.77929e-09
xa.x1.lpb                          7.97369e-09
xa.x1.na                               1.19352
doutb                                 0.605972
dout                                  0.606862
xa.x1.nb                               1.19373
doutn                                 0.505719
tcheck                                     -40
pa_00                                  392.035
bpa_00#branch                                0
btchk#branch                                 0
bdoutn#branch                                0
bclk#branch                        6.50723e-11
ean#branch                         6.99163e-14
eap#branch                         9.08024e-14
vclku#branch                                 0
vd#branch                                    0
vcm#branch                         1.60719e-13
vsup#branch                       -4.40871e-05


No. of Data Rows : 12108

  Measurements for Transient Analysis

dlev0               =  7.80386e-06
dlev1               =  -7.27830e-06
dlev2               =  -4.38424e-06
dlev3               =  -6.94065e-06
dlev4               =  -6.64510e-06
dlev5               =  -7.13940e-06
dlev6               =  -7.41213e-06
dlev7               =  -5.89310e-06
dlev8               =  -7.98478e-06
dlev9               =  -3.60424e-06
dlev10              =  -4.39594e-06
dlev11              =  -3.28347e-07
dlev12              =  -5.41488e-06
dlev13              =  -7.38468e-06
dlev14              =  6.57719e-07
dlev15              =  1.00000e+00
dlev16              =  9.99995e-01
dlev17              =  9.99996e-01
dlev18              =  9.99995e-01
dlev19              =  9.99995e-01
dlev20              =  9.99995e-01
dlev21              =  9.99995e-01
dlev22              =  9.99995e-01
dlev23              =  9.99995e-01
dlev24              =  9.99995e-01
dlev25              =  9.99995e-01
dlev26              =  9.99995e-01
dlev27              =  9.99999e-01
dlev28              =  9.99995e-01
dlev29              =  9.99995e-01
dlev30              =  9.99997e-01
dlev31              =  9.99998e-01
dlev32              =  1.00000e+00
vdd_meas            =  1.20000e+00
temp_meas           =  -4.00000e+01
vbias_mv            =  3.92035e+02
lowcount            =  1.50001e+01
vos_mv              =  -4.49959e+00

ngspice-46 done
