
Note: No compatibility mode selected!


Circuit: * klt sim -- generated corner deck, do not edit

Doing analysis at TEMP = -40.000000 and TNOM = 27.000000

Using SPARSE 1.3 as Direct Linear Solver

Initial Transient Solution
--------------------------

Node                                   Voltage
----                                   -------
vdd                                       1.08
cm                                         0.6
vd                                      -0.048
ap                                       0.576
an                                       0.624
clku                                         0
clk                                          0
ibn                                   0.342507
xa.x1.tmid                         2.71842e-08
xa.x1.tail                            0.566617
xa.x1.np                                  1.08
xa.x1.nn                                  1.08
xa.x1.ln                                  1.08
xa.x1.lp                                  1.08
xa.x1.lnb                          2.15908e-08
xa.x1.lpb                          2.10408e-08
xa.x1.na                               1.07416
doutb                                   0.5598
dout                                  0.555797
xa.x1.nb                               1.07415
doutn                                 0.514626
tcheck                                     -40
pa_00                                  342.507
bpa_00#branch                                0
btchk#branch                                 0
bdoutn#branch                                0
bclk#branch                        1.43528e-10
ean#branch                         2.34451e-13
eap#branch                          3.1114e-13
vclku#branch                                 0
vd#branch                                    0
vcm#branch                         5.45591e-13
vsup#branch                       -4.18395e-05


No. of Data Rows : 12156

  Measurements for Transient Analysis

dlev0               =  6.76115e-06
dlev1               =  1.71796e-06
dlev2               =  4.31248e-06
dlev3               =  4.04978e-06
dlev4               =  2.69077e-06
dlev5               =  3.97362e-06
dlev6               =  3.78424e-06
dlev7               =  -9.20287e-07
dlev8               =  -6.10519e-07
dlev9               =  3.63309e-06
dlev10              =  3.34763e-06
dlev11              =  3.11829e-06
dlev12              =  4.34397e-06
dlev13              =  3.97051e-06
dlev14              =  3.03669e-06
dlev15              =  1.61053e-06
dlev16              =  4.40752e-06
dlev17              =  -1.05578e-06
dlev18              =  9.99999e-01
dlev19              =  1.00000e+00
dlev20              =  1.00000e+00
dlev21              =  1.00000e+00
dlev22              =  1.00000e+00
dlev23              =  1.00000e+00
dlev24              =  1.00000e+00
dlev25              =  1.00000e+00
dlev26              =  1.00000e+00
dlev27              =  1.00000e+00
dlev28              =  1.00000e+00
dlev29              =  1.00000e+00
dlev30              =  1.00000e+00
dlev31              =  9.99999e-01
dlev32              =  1.00000e+00
vdd_meas            =  1.08000e+00
temp_meas           =  -4.00000e+01
vbias_mv            =  3.42507e+02
lowcount            =  1.79999e+01
vos_mv              =  4.49980e+00

ngspice-46 done
