
Note: No compatibility mode selected!


Circuit: * klt sim -- generated corner deck, do not edit

Doing analysis at TEMP = -40.000000 and TNOM = 27.000000

Using SPARSE 1.3 as Direct Linear Solver

Initial Transient Solution
--------------------------

Node                                   Voltage
----                                   -------
vdd                                        1.2
cm                                        0.65
vd                                      -0.048
ap                                       0.626
an                                       0.674
clku                                         0
clk                                          0
ibn                                   0.323164
xa.x1.tmid                          8.0893e-08
xa.x1.tail                            0.612704
xa.x1.np                                   1.2
xa.x1.nn                                   1.2
xa.x1.ln                                   1.2
xa.x1.lp                                   1.2
xa.x1.lnb                          2.42711e-08
xa.x1.lpb                          2.39845e-08
xa.x1.na                                   1.2
doutb                              2.44703e-08
dout                                       1.2
xa.x1.nb                                   1.2
doutn                                        1
tcheck                                     -40
pa_00                                  323.164
bpa_00#branch                                0
btchk#branch                                 0
bdoutn#branch                                0
bclk#branch                        1.19209e-10
ean#branch                         7.27224e-13
eap#branch                          9.3911e-13
vclku#branch                                 0
vd#branch                                    0
vcm#branch                         1.66633e-12
vsup#branch                       -2.00006e-05


No. of Data Rows : 12288

  Measurements for Transient Analysis

dlev0               =  2.00572e-07
dlev1               =  -3.16005e-06
dlev2               =  -2.88807e-07
dlev3               =  -4.86754e-06
dlev4               =  9.85486e-07
dlev5               =  -4.95278e-06
dlev6               =  -4.61443e-06
dlev7               =  1.39622e-06
dlev8               =  -4.02544e-06
dlev9               =  -2.46098e-06
dlev10              =  1.34425e-06
dlev11              =  1.32652e-06
dlev12              =  9.04231e-07
dlev13              =  1.31375e-06
dlev14              =  1.69983e-06
dlev15              =  1.28252e-06
dlev16              =  1.33053e-06
dlev17              =  1.00000e+00
dlev18              =  1.00000e+00
dlev19              =  9.99995e-01
dlev20              =  1.00000e+00
dlev21              =  1.00000e+00
dlev22              =  1.00000e+00
dlev23              =  1.00000e+00
dlev24              =  9.99998e-01
dlev25              =  9.99995e-01
dlev26              =  1.00000e+00
dlev27              =  1.00000e+00
dlev28              =  9.99996e-01
dlev29              =  1.00000e+00
dlev30              =  1.00000e+00
dlev31              =  1.00000e+00
dlev32              =  1.00000e+00
vdd_meas            =  1.20000e+00
temp_meas           =  -4.00000e+01
vbias_mv            =  3.23164e+02
lowcount            =  1.70000e+01
vos_mv              =  1.50008e+00
vcm_meas            =  6.50000e-01

ngspice-46 done
