
Note: No compatibility mode selected!


Circuit: * klt sim -- generated corner deck, do not edit

Doing analysis at TEMP = -40.000000 and TNOM = 27.000000

Using SPARSE 1.3 as Direct Linear Solver
Note: Starting dynamic gmin stepping
Note: Dynamic gmin stepping completed

Initial Transient Solution
--------------------------

Node                                   Voltage
----                                   -------
vdd                                       1.08
cm                                         0.6
vd                                      -0.048
ap                                       0.576
an                                       0.624
clku                                         0
clk                                          0
ibn                                   0.365573
xa.x1.tmid                         5.32862e-09
xa.x1.tail                            0.576348
xa.x1.np                                  1.08
xa.x1.nn                                  1.08
xa.x1.ln                                  1.08
xa.x1.lp                                  1.08
xa.x1.lnb                          3.71002e-08
xa.x1.lpb                            3.697e-08
xa.x1.na                               1.07392
doutb                                 0.588699
dout                                  0.586211
xa.x1.nb                               1.07457
doutn                                 0.542788
tcheck                                     -40
pa_00                                  365.573
bpa_00#branch                                0
btchk#branch                                 0
bdoutn#branch                                0
bclk#branch                         2.5511e-10
ean#branch                         1.11439e-13
eap#branch                         1.48659e-13
vclku#branch                                 0
vd#branch                                    0
vcm#branch                         2.60097e-13
vsup#branch                       -4.41238e-05


No. of Data Rows : 12180

  Measurements for Transient Analysis

dlev0               =  6.29545e-06
dlev1               =  -4.99316e-06
dlev2               =  -1.94413e-06
dlev3               =  -2.31094e-06
dlev4               =  -3.14470e-06
dlev5               =  -1.90246e-06
dlev6               =  -1.83350e-06
dlev7               =  -3.34344e-06
dlev8               =  -2.48905e-06
dlev9               =  -5.88901e-06
dlev10              =  -9.17064e-06
dlev11              =  -7.33340e-06
dlev12              =  -9.25845e-06
dlev13              =  -5.91549e-07
dlev14              =  -9.65062e-06
dlev15              =  1.00000e+00
dlev16              =  9.99996e-01
dlev17              =  9.99996e-01
dlev18              =  9.99997e-01
dlev19              =  9.99998e-01
dlev20              =  9.99998e-01
dlev21              =  9.99997e-01
dlev22              =  9.99999e-01
dlev23              =  9.99997e-01
dlev24              =  9.99996e-01
dlev25              =  9.99999e-01
dlev26              =  9.99997e-01
dlev27              =  9.99998e-01
dlev28              =  9.99999e-01
dlev29              =  9.99999e-01
dlev30              =  1.00000e+00
dlev31              =  9.99999e-01
dlev32              =  1.00000e+00
vdd_meas            =  1.08000e+00
temp_meas           =  -4.00000e+01
vbias_mv            =  3.65573e+02
lowcount            =  1.50001e+01
vos_mv              =  -4.49972e+00

ngspice-46 done
