
Note: No compatibility mode selected!


Circuit: * klt sim -- generated corner deck, do not edit

Doing analysis at TEMP = 125.000000 and TNOM = 27.000000

Using SPARSE 1.3 as Direct Linear Solver

Initial Transient Solution
--------------------------

Node                                   Voltage
----                                   -------
vdd                                        1.2
cm                                         0.6
vd                                      -0.048
ap                                       0.576
an                                       0.624
clku                                         0
clk                                          0
ibn                                   0.274074
xa.x1.tmid                         3.17478e-05
xa.x1.tail                            0.593705
xa.x1.np                               1.19999
xa.x1.nn                               1.19997
xa.x1.ln                                   1.2
xa.x1.lp                                   1.2
xa.x1.lnb                          8.17835e-06
xa.x1.lpb                          8.62678e-06
xa.x1.na                                   1.2
doutb                                      1.2
dout                               1.15509e-05
xa.x1.nb                               1.19999
doutn                              9.62574e-06
tcheck                                     125
pa_00                                  274.074
bpa_00#branch                                0
btchk#branch                                 0
bdoutn#branch                                0
bclk#branch                        8.66172e-10
ean#branch                         1.00914e-12
eap#branch                         1.29685e-12
vclku#branch                                 0
vd#branch                                    0
vcm#branch                         2.30599e-12
vsup#branch                       -2.01085e-05


No. of Data Rows : 12152

  Measurements for Transient Analysis

dlev0               =  1.06751e-05
dlev1               =  1.10938e-05
dlev2               =  1.02976e-05
dlev3               =  1.06707e-05
dlev4               =  1.10338e-05
dlev5               =  1.07694e-05
dlev6               =  1.28009e-05
dlev7               =  1.25124e-05
dlev8               =  1.24485e-05
dlev9               =  1.23729e-05
dlev10              =  1.24098e-05
dlev11              =  1.51827e-05
dlev12              =  1.33801e-05
dlev13              =  9.92358e-06
dlev14              =  1.08672e-05
dlev15              =  1.19785e-05
dlev16              =  1.15912e-05
dlev17              =  9.99999e-01
dlev18              =  9.99998e-01
dlev19              =  1.00000e+00
dlev20              =  9.99999e-01
dlev21              =  9.99999e-01
dlev22              =  9.99998e-01
dlev23              =  9.99998e-01
dlev24              =  1.00000e+00
dlev25              =  1.00000e+00
dlev26              =  1.00000e+00
dlev27              =  1.00000e+00
dlev28              =  9.99998e-01
dlev29              =  9.99999e-01
dlev30              =  9.99999e-01
dlev31              =  9.99999e-01
dlev32              =  9.99999e-01
vdd_meas            =  1.20000e+00
temp_meas           =  1.25000e+02
vbias_mv            =  2.74074e+02
lowcount            =  1.69998e+01
vos_mv              =  1.49945e+00

ngspice-46 done
