
Note: No compatibility mode selected!


Circuit: * klt sim -- generated corner deck, do not edit

Doing analysis at TEMP = 27.000000 and TNOM = 27.000000

Using SPARSE 1.3 as Direct Linear Solver

Initial Transient Solution
--------------------------

Node                                   Voltage
----                                   -------
vdd                                       1.32
cm                                        0.55
vd                                      -0.048
ap                                       0.526
an                                       0.574
clku                                         0
clk                                          0
ibn                                   0.332679
xa.x1.tmid                         3.29722e-07
xa.x1.tail                            0.548155
xa.x1.np                                  1.32
xa.x1.nn                                  1.32
xa.x1.ln                                  1.32
xa.x1.lp                                  1.32
xa.x1.lnb                          2.23184e-07
xa.x1.lpb                          2.48437e-07
xa.x1.na                               1.29372
doutb                                 0.705405
dout                                  0.703074
xa.x1.nb                               1.29402
doutn                                 0.532631
tcheck                                      27
pa_00                                  332.679
bpa_00#branch                                0
btchk#branch                                 0
bdoutn#branch                                0
bclk#branch                          7.705e-10
ean#branch                         1.04783e-12
eap#branch                         1.30912e-12
vclku#branch                                 0
vd#branch                                    0
vcm#branch                         2.35695e-12
vsup#branch                       -0.000146169


No. of Data Rows : 12303

  Measurements for Transient Analysis

dlev0               =  -4.38834e-06
dlev1               =  2.03798e-07
dlev2               =  -4.03114e-06
dlev3               =  -2.56574e-06
dlev4               =  -2.34849e-06
dlev5               =  -1.98344e-08
dlev6               =  -2.42665e-06
dlev7               =  -4.56038e-06
dlev8               =  -4.83224e-06
dlev9               =  -4.84430e-06
dlev10              =  -1.29543e-06
dlev11              =  -1.47146e-06
dlev12              =  -1.12007e-06
dlev13              =  -8.42266e-07
dlev14              =  -1.27007e-06
dlev15              =  -9.18325e-08
dlev16              =  9.99998e-01
dlev17              =  9.99998e-01
dlev18              =  9.99999e-01
dlev19              =  9.99999e-01
dlev20              =  9.99999e-01
dlev21              =  9.99998e-01
dlev22              =  9.99998e-01
dlev23              =  9.99998e-01
dlev24              =  9.99998e-01
dlev25              =  9.99998e-01
dlev26              =  9.99999e-01
dlev27              =  1.00000e+00
dlev28              =  9.99999e-01
dlev29              =  9.99999e-01
dlev30              =  9.99999e-01
dlev31              =  9.99999e-01
dlev32              =  9.99999e-01
vdd_meas            =  1.32000e+00
temp_meas           =  2.70000e+01
vbias_mv            =  3.32679e+02
lowcount            =  1.60001e+01
vos_mv              =  -1.49982e+00
vcm_meas            =  5.50000e-01

ngspice-46 done
