
Note: No compatibility mode selected!


Circuit: * klt sim -- generated corner deck, do not edit

Doing analysis at TEMP = 125.000000 and TNOM = 27.000000

Using SPARSE 1.3 as Direct Linear Solver

Initial Transient Solution
--------------------------

Node                                   Voltage
----                                   -------
vdd                                        1.2
cm                                         0.6
vd                                      -0.048
ap                                       0.576
an                                       0.624
clku                                         0
clk                                          0
ibn                                   0.269191
xa.x1.tmid                         3.59894e-05
xa.x1.tail                            0.568324
xa.x1.np                               1.19999
xa.x1.nn                               1.19997
xa.x1.ln                                   1.2
xa.x1.lp                                   1.2
xa.x1.lnb                          7.56815e-06
xa.x1.lpb                          1.02126e-05
xa.x1.na                                   1.2
doutb                                      1.2
dout                               1.26419e-05
xa.x1.nb                               1.19999
doutn                              1.05349e-05
tcheck                                     125
pa_00                                  269.191
bpa_00#branch                                0
btchk#branch                                 0
bdoutn#branch                                0
bclk#branch                        8.65793e-10
ean#branch                         6.70602e-13
eap#branch                         8.63504e-13
vclku#branch                                 0
vd#branch                                    0
vcm#branch                         1.53411e-12
vsup#branch                       -2.01172e-05


No. of Data Rows : 12058

  Measurements for Transient Analysis

dlev0               =  1.06134e-05
dlev1               =  1.41118e-05
dlev2               =  1.41549e-05
dlev3               =  1.40748e-05
dlev4               =  1.49504e-05
dlev5               =  1.49408e-05
dlev6               =  1.31616e-05
dlev7               =  1.10831e-05
dlev8               =  1.02307e-05
dlev9               =  1.12580e-05
dlev10              =  1.23878e-05
dlev11              =  1.21017e-05
dlev12              =  1.16972e-05
dlev13              =  1.34657e-05
dlev14              =  1.17529e-05
dlev15              =  1.24027e-05
dlev16              =  1.46195e-05
dlev17              =  9.99999e-01
dlev18              =  9.99998e-01
dlev19              =  9.99999e-01
dlev20              =  9.99999e-01
dlev21              =  9.99999e-01
dlev22              =  9.99999e-01
dlev23              =  9.99999e-01
dlev24              =  9.99998e-01
dlev25              =  9.99998e-01
dlev26              =  9.99998e-01
dlev27              =  9.99998e-01
dlev28              =  9.99999e-01
dlev29              =  9.99999e-01
dlev30              =  9.99999e-01
dlev31              =  9.99999e-01
dlev32              =  9.99999e-01
vdd_meas            =  1.20000e+00
temp_meas           =  1.25000e+02
vbias_mv            =  2.69191e+02
lowcount            =  1.69998e+01
vos_mv              =  1.49941e+00

ngspice-46 done
