
Note: No compatibility mode selected!


Circuit: * klt sim -- generated corner deck, do not edit

Doing analysis at TEMP = -40.000000 and TNOM = 27.000000

Using SPARSE 1.3 as Direct Linear Solver
Note: Starting dynamic gmin stepping
Note: Dynamic gmin stepping completed

Initial Transient Solution
--------------------------

Node                                   Voltage
----                                   -------
vdd                                       1.32
cm                                         0.6
vd                                      -0.048
ap                                       0.576
an                                       0.624
clku                                         0
clk                                          0
ibn                                   0.391335
xa.x1.tmid                         1.48706e-09
xa.x1.tail                            0.592531
xa.x1.np                                  1.32
xa.x1.nn                                  1.32
xa.x1.ln                                  1.32
xa.x1.lp                                  1.32
xa.x1.lnb                          9.95622e-09
xa.x1.lpb                          9.97359e-09
xa.x1.na                               1.30697
doutb                                 0.661649
dout                                  0.675774
xa.x1.nb                               1.30664
doutn                                  0.51195
tcheck                                     -40
pa_00                                  391.335
bpa_00#branch                                0
btchk#branch                                 0
bdoutn#branch                                0
bclk#branch                         9.0378e-11
ean#branch                         1.96287e-13
eap#branch                         2.48523e-13
vclku#branch                                 0
vd#branch                                    0
vcm#branch                         4.44811e-13
vsup#branch                       -7.58401e-05


No. of Data Rows : 12419

  Measurements for Transient Analysis

dlev0               =  -8.72900e-06
dlev1               =  1.58826e-07
dlev2               =  8.64139e-08
dlev3               =  1.46345e-07
dlev4               =  -3.04808e-07
dlev5               =  -4.35797e-07
dlev6               =  -5.46570e-07
dlev7               =  -1.66226e-07
dlev8               =  -4.16147e-06
dlev9               =  2.97411e-07
dlev10              =  -6.61793e-07
dlev11              =  -8.21749e-07
dlev12              =  -1.85857e-06
dlev13              =  -1.92957e-09
dlev14              =  -7.14500e-06
dlev15              =  1.00000e+00
dlev16              =  9.99995e-01
dlev17              =  9.99996e-01
dlev18              =  1.00000e+00
dlev19              =  9.99996e-01
dlev20              =  9.99998e-01
dlev21              =  9.99998e-01
dlev22              =  9.99996e-01
dlev23              =  9.99996e-01
dlev24              =  9.99997e-01
dlev25              =  9.99997e-01
dlev26              =  9.99997e-01
dlev27              =  9.99996e-01
dlev28              =  1.00000e+00
dlev29              =  9.99998e-01
dlev30              =  9.99998e-01
dlev31              =  9.99998e-01
dlev32              =  9.99998e-01
vdd_meas            =  1.32000e+00
temp_meas           =  -4.00000e+01
vbias_mv            =  3.91335e+02
lowcount            =  1.50001e+01
vos_mv              =  -4.49980e+00

ngspice-46 done
