
Note: No compatibility mode selected!


Circuit: * klt sim -- generated corner deck, do not edit

Doing analysis at TEMP = 27.000000 and TNOM = 27.000000

Using SPARSE 1.3 as Direct Linear Solver

Initial Transient Solution
--------------------------

Node                                   Voltage
----                                   -------
vdd                                       1.08
cm                                         0.6
vd                                      -0.048
ap                                       0.576
an                                       0.624
clku                                         0
clk                                          0
ibn                                   0.297981
xa.x1.tmid                         4.74549e-07
xa.x1.tail                            0.588035
xa.x1.np                                  1.08
xa.x1.nn                                  1.08
xa.x1.ln                                  1.08
xa.x1.lp                                  1.08
xa.x1.lnb                           2.1583e-07
xa.x1.lpb                          2.69444e-07
xa.x1.na                               1.07019
doutb                                 0.593961
dout                                  0.588714
xa.x1.nb                               1.07048
doutn                                 0.545105
tcheck                                      27
pa_00                                  297.981
bpa_00#branch                                0
btchk#branch                                 0
bdoutn#branch                                0
bclk#branch                        3.87218e-10
ean#branch                         2.30926e-13
eap#branch                         3.07282e-13
vclku#branch                                 0
vd#branch                                    0
vcm#branch                         5.38208e-13
vsup#branch                       -4.62317e-05


No. of Data Rows : 12053

  Measurements for Transient Analysis

dlev0               =  -1.43612e-06
dlev1               =  5.54226e-07
dlev2               =  -5.54334e-06
dlev3               =  -5.88108e-06
dlev4               =  -5.92695e-06
dlev5               =  -6.26720e-06
dlev6               =  -4.94611e-06
dlev7               =  8.37217e-07
dlev8               =  -3.55283e-06
dlev9               =  3.16220e-06
dlev10              =  1.25130e-06
dlev11              =  -5.22801e-06
dlev12              =  -5.82828e-06
dlev13              =  2.31401e-06
dlev14              =  4.27956e-06
dlev15              =  -3.34829e-06
dlev16              =  1.59523e-06
dlev17              =  3.03794e-06
dlev18              =  1.00000e+00
dlev19              =  9.99997e-01
dlev20              =  1.00000e+00
dlev21              =  1.00000e+00
dlev22              =  1.00000e+00
dlev23              =  1.00000e+00
dlev24              =  1.00000e+00
dlev25              =  1.00000e+00
dlev26              =  1.00000e+00
dlev27              =  1.00000e+00
dlev28              =  1.00000e+00
dlev29              =  1.00000e+00
dlev30              =  1.00000e+00
dlev31              =  1.00000e+00
dlev32              =  9.99998e-01
vdd_meas            =  1.08000e+00
temp_meas           =  2.70000e+01
vbias_mv            =  2.97981e+02
lowcount            =  1.80000e+01
vos_mv              =  4.50008e+00

ngspice-46 done
