
Note: No compatibility mode selected!


Circuit: * klt sim -- generated corner deck, do not edit

Doing analysis at TEMP = 125.000000 and TNOM = 27.000000

Using SPARSE 1.3 as Direct Linear Solver

Initial Transient Solution
--------------------------

Node                                   Voltage
----                                   -------
vdd                                        1.2
cm                                        0.65
vd                                      -0.048
ap                                       0.626
an                                       0.674
clku                                         0
clk                                          0
ibn                                   0.204046
xa.x1.tmid                         0.000353929
xa.x1.tail                            0.616362
xa.x1.np                               1.19991
xa.x1.nn                               1.19974
xa.x1.ln                                   1.2
xa.x1.lp                                   1.2
xa.x1.lnb                          1.72165e-05
xa.x1.lpb                          1.73972e-05
xa.x1.na                               1.19999
doutb                                  1.19998
dout                               2.58727e-05
xa.x1.nb                               1.19998
doutn                              2.15606e-05
tcheck                                     125
pa_00                                  204.046
bpa_00#branch                                0
btchk#branch                                 0
bdoutn#branch                                0
bclk#branch                        1.60295e-09
ean#branch                         6.99305e-12
eap#branch                         9.00036e-12
vclku#branch                                 0
vd#branch                                    0
vcm#branch                         1.59934e-11
vsup#branch                        -2.0734e-05


No. of Data Rows : 12202

  Measurements for Transient Analysis

dlev0               =  1.79193e-05
dlev1               =  2.22250e-05
dlev2               =  2.19875e-05
dlev3               =  2.01798e-05
dlev4               =  2.18714e-05
dlev5               =  2.13849e-05
dlev6               =  1.98448e-05
dlev7               =  2.18724e-05
dlev8               =  2.15650e-05
dlev9               =  2.11010e-05
dlev10              =  2.09570e-05
dlev11              =  2.10590e-05
dlev12              =  2.13287e-05
dlev13              =  2.10211e-05
dlev14              =  9.99983e-01
dlev15              =  9.99984e-01
dlev16              =  9.99984e-01
dlev17              =  9.99984e-01
dlev18              =  9.99984e-01
dlev19              =  9.99984e-01
dlev20              =  9.99984e-01
dlev21              =  9.99984e-01
dlev22              =  9.99985e-01
dlev23              =  9.99984e-01
dlev24              =  9.99985e-01
dlev25              =  9.99984e-01
dlev26              =  9.99985e-01
dlev27              =  9.99985e-01
dlev28              =  9.99984e-01
dlev29              =  9.99984e-01
dlev30              =  9.99985e-01
dlev31              =  9.99985e-01
dlev32              =  9.99984e-01
vdd_meas            =  1.20000e+00
temp_meas           =  1.25000e+02
vbias_mv            =  2.04046e+02
lowcount            =  1.40000e+01
vos_mv              =  -7.49998e+00
vcm_meas            =  6.50000e-01

ngspice-46 done
