
Note: No compatibility mode selected!


Circuit: * klt sim -- generated corner deck, do not edit

Doing analysis at TEMP = 125.000000 and TNOM = 27.000000

Using SPARSE 1.3 as Direct Linear Solver
Note: Starting dynamic gmin stepping
Note: Dynamic gmin stepping completed

Initial Transient Solution
--------------------------

Node                                   Voltage
----                                   -------
vdd                                       1.32
cm                                         0.6
vd                                      -0.048
ap                                       0.576
an                                       0.624
clku                                         0
clk                                          0
ibn                                   0.228762
xa.x1.tmid                         0.000161186
xa.x1.tail                            0.529005
xa.x1.np                               1.31995
xa.x1.nn                               1.31986
xa.x1.ln                                  1.32
xa.x1.lp                                  1.32
xa.x1.lnb                          1.53595e-06
xa.x1.lpb                          1.65062e-06
xa.x1.na                                  1.32
doutb                              2.16762e-06
dout                                   1.31999
xa.x1.nb                               1.31999
doutn                                 0.999989
tcheck                                     125
pa_00                                  228.762
bpa_00#branch                                0
btchk#branch                                 0
bdoutn#branch                                0
bclk#branch                        3.81953e-10
ean#branch                         5.12339e-12
eap#branch                         6.39823e-12
vclku#branch                                 0
vd#branch                                    0
vcm#branch                         1.15216e-11
vsup#branch                       -2.02994e-05


No. of Data Rows : 12244

  Measurements for Transient Analysis

dlev0               =  2.26386e-07
dlev1               =  6.37267e-06
dlev2               =  5.74267e-06
dlev3               =  6.08371e-06
dlev4               =  4.35787e-06
dlev5               =  4.18684e-06
dlev6               =  4.18657e-06
dlev7               =  7.67781e-06
dlev8               =  3.16870e-06
dlev9               =  6.78676e-06
dlev10              =  7.62206e-06
dlev11              =  6.27751e-06
dlev12              =  6.01442e-06
dlev13              =  6.70438e-06
dlev14              =  9.99987e-01
dlev15              =  9.99989e-01
dlev16              =  9.99989e-01
dlev17              =  9.99989e-01
dlev18              =  9.99989e-01
dlev19              =  9.99989e-01
dlev20              =  9.99991e-01
dlev21              =  9.99989e-01
dlev22              =  9.99990e-01
dlev23              =  9.99991e-01
dlev24              =  9.99991e-01
dlev25              =  9.99990e-01
dlev26              =  9.99990e-01
dlev27              =  9.99991e-01
dlev28              =  9.99991e-01
dlev29              =  9.99990e-01
dlev30              =  9.99991e-01
dlev31              =  9.99991e-01
dlev32              =  9.99989e-01
vdd_meas            =  1.32000e+00
temp_meas           =  1.25000e+02
vbias_mv            =  2.28762e+02
lowcount            =  1.40001e+01
vos_mv              =  -7.49965e+00

ngspice-46 done
