
Note: No compatibility mode selected!


Circuit: * klt sim -- generated corner deck, do not edit

Doing analysis at TEMP = -40.000000 and TNOM = 27.000000

Using SPARSE 1.3 as Direct Linear Solver

Initial Transient Solution
--------------------------

Node                                   Voltage
----                                   -------
vdd                                       1.08
cm                                         0.6
vd                                      -0.048
ap                                       0.576
an                                       0.624
clku                                         0
clk                                          0
ibn                                   0.344675
xa.x1.tmid                         2.44446e-08
xa.x1.tail                            0.570314
xa.x1.np                                  1.08
xa.x1.nn                                  1.08
xa.x1.ln                                  1.08
xa.x1.lp                                  1.08
xa.x1.lnb                          2.16483e-08
xa.x1.lpb                          2.05757e-08
xa.x1.na                                  1.08
doutb                                     1.08
dout                               2.19856e-08
xa.x1.nb                                  1.08
doutn                               2.0357e-08
tcheck                                     -40
pa_00                                  344.675
bpa_00#branch                                0
btchk#branch                                 0
bdoutn#branch                                0
bclk#branch                        1.43226e-10
ean#branch                         2.34618e-13
eap#branch                         3.11251e-13
vclku#branch                                 0
vd#branch                                    0
vcm#branch                         5.45869e-13
vsup#branch                       -2.00004e-05


No. of Data Rows : 12150

  Measurements for Transient Analysis

dlev0               =  7.95661e-06
dlev1               =  1.00120e-06
dlev2               =  7.64218e-06
dlev3               =  7.90338e-06
dlev4               =  7.75049e-06
dlev5               =  8.04425e-07
dlev6               =  7.40156e-06
dlev7               =  7.25146e-06
dlev8               =  8.16692e-06
dlev9               =  -2.94732e-07
dlev10              =  6.99819e-06
dlev11              =  8.56075e-06
dlev12              =  9.05646e-06
dlev13              =  -9.74890e-08
dlev14              =  9.99998e-01
dlev15              =  1.00000e+00
dlev16              =  1.00000e+00
dlev17              =  1.00000e+00
dlev18              =  1.00000e+00
dlev19              =  1.00000e+00
dlev20              =  1.00000e+00
dlev21              =  1.00000e+00
dlev22              =  1.00000e+00
dlev23              =  1.00000e+00
dlev24              =  1.00000e+00
dlev25              =  1.00000e+00
dlev26              =  1.00000e+00
dlev27              =  1.00000e+00
dlev28              =  1.00000e+00
dlev29              =  1.00000e+00
dlev30              =  1.00000e+00
dlev31              =  1.00000e+00
dlev32              =  1.00000e+00
vdd_meas            =  1.08000e+00
temp_meas           =  -4.00000e+01
vbias_mv            =  3.44675e+02
lowcount            =  1.39999e+01
vos_mv              =  -7.50026e+00

ngspice-46 done
