
Note: No compatibility mode selected!


Circuit: * klt sim -- generated corner deck, do not edit

Doing analysis at TEMP = 125.000000 and TNOM = 27.000000

Using SPARSE 1.3 as Direct Linear Solver

Initial Transient Solution
--------------------------

Node                                   Voltage
----                                   -------
vdd                                        1.2
cm                                        0.65
vd                                      -0.048
ap                                       0.626
an                                       0.674
clku                                         0
clk                                          0
ibn                                   0.205544
xa.x1.tmid                         0.000317235
xa.x1.tail                            0.619642
xa.x1.np                               1.19992
xa.x1.nn                               1.19976
xa.x1.ln                                   1.2
xa.x1.lp                                   1.2
xa.x1.lnb                          1.78219e-05
xa.x1.lpb                          1.61022e-05
xa.x1.na                               1.19998
doutb                              2.41561e-05
dout                                   1.19998
xa.x1.nb                               1.19999
doutn                                 0.999986
tcheck                                     125
pa_00                                  205.544
bpa_00#branch                                0
btchk#branch                                 0
bdoutn#branch                                0
bclk#branch                        1.61325e-09
ean#branch                         7.00109e-12
eap#branch                          9.0129e-12
vclku#branch                                 0
vd#branch                                    0
vcm#branch                          1.6014e-11
vsup#branch                       -2.06644e-05


No. of Data Rows : 12204

  Measurements for Transient Analysis

dlev0               =  1.94405e-05
dlev1               =  2.30641e-05
dlev2               =  2.12304e-05
dlev3               =  2.19550e-05
dlev4               =  2.16884e-05
dlev5               =  2.05720e-05
dlev6               =  2.27030e-05
dlev7               =  2.27737e-05
dlev8               =  2.23008e-05
dlev9               =  2.05119e-05
dlev10              =  2.14567e-05
dlev11              =  2.62273e-05
dlev12              =  2.60478e-05
dlev13              =  2.59865e-05
dlev14              =  2.31688e-05
dlev15              =  2.02815e-05
dlev16              =  9.99986e-01
dlev17              =  9.99985e-01
dlev18              =  9.99986e-01
dlev19              =  9.99986e-01
dlev20              =  9.99987e-01
dlev21              =  9.99987e-01
dlev22              =  9.99987e-01
dlev23              =  9.99986e-01
dlev24              =  9.99986e-01
dlev25              =  9.99987e-01
dlev26              =  9.99986e-01
dlev27              =  9.99984e-01
dlev28              =  9.99985e-01
dlev29              =  9.99984e-01
dlev30              =  9.99987e-01
dlev31              =  9.99985e-01
dlev32              =  9.99985e-01
vdd_meas            =  1.20000e+00
temp_meas           =  1.25000e+02
vbias_mv            =  2.05544e+02
lowcount            =  1.59999e+01
vos_mv              =  -1.50036e+00
vcm_meas            =  6.50000e-01

ngspice-46 done
