
Note: No compatibility mode selected!


Circuit: * klt sim -- generated corner deck, do not edit

Doing analysis at TEMP = 27.000000 and TNOM = 27.000000

Using SPARSE 1.3 as Direct Linear Solver

Initial Transient Solution
--------------------------

Node                                   Voltage
----                                   -------
vdd                                        1.2
cm                                         0.6
vd                                      -0.048
ap                                       0.576
an                                       0.624
clku                                         0
clk                                          0
ibn                                   0.331789
xa.x1.tmid                         3.42396e-07
xa.x1.tail                            0.556064
xa.x1.np                                   1.2
xa.x1.nn                                   1.2
xa.x1.ln                                   1.2
xa.x1.lp                                   1.2
xa.x1.lnb                          2.29687e-07
xa.x1.lpb                          2.34845e-07
xa.x1.na                                   1.2
doutb                                      1.2
dout                                3.3686e-07
xa.x1.nb                                   1.2
doutn                              2.80716e-07
tcheck                                      27
pa_00                                  331.789
bpa_00#branch                                0
btchk#branch                                 0
bdoutn#branch                                0
bclk#branch                         5.4839e-10
ean#branch                          2.2525e-13
eap#branch                         2.90365e-13
vclku#branch                                 0
vd#branch                                    0
vcm#branch                         5.15615e-13
vsup#branch                       -2.00031e-05


No. of Data Rows : 12148

  Measurements for Transient Analysis

dlev0               =  -5.98996e-08
dlev1               =  4.91942e-06
dlev2               =  3.01918e-06
dlev3               =  4.83925e-06
dlev4               =  4.65489e-06
dlev5               =  -1.00049e-07
dlev6               =  -1.54541e-06
dlev7               =  -5.70509e-07
dlev8               =  1.82969e-06
dlev9               =  4.46114e-06
dlev10              =  -7.01665e-07
dlev11              =  -8.63292e-07
dlev12              =  -4.06753e-07
dlev13              =  4.51377e-06
dlev14              =  -7.47277e-07
dlev15              =  -9.45197e-07
dlev16              =  2.52611e-06
dlev17              =  1.00000e+00
dlev18              =  1.00000e+00
dlev19              =  1.00000e+00
dlev20              =  1.00000e+00
dlev21              =  1.00000e+00
dlev22              =  1.00000e+00
dlev23              =  1.00000e+00
dlev24              =  9.99999e-01
dlev25              =  1.00000e+00
dlev26              =  1.00000e+00
dlev27              =  1.00000e+00
dlev28              =  1.00000e+00
dlev29              =  1.00000e+00
dlev30              =  9.99999e-01
dlev31              =  9.99999e-01
dlev32              =  9.99999e-01
vdd_meas            =  1.20000e+00
temp_meas           =  2.70000e+01
vbias_mv            =  3.31789e+02
lowcount            =  1.70000e+01
vos_mv              =  1.49990e+00

ngspice-46 done
