
Note: No compatibility mode selected!


Circuit: * klt sim -- generated corner deck, do not edit

Doing analysis at TEMP = -40.000000 and TNOM = 27.000000

Using SPARSE 1.3 as Direct Linear Solver

Initial Transient Solution
--------------------------

Node                                   Voltage
----                                   -------
vdd                                        1.2
cm                                        0.65
vd                                      -0.048
ap                                       0.626
an                                       0.674
clku                                         0
clk                                          0
ibn                                   0.344234
xa.x1.tmid                         2.83328e-08
xa.x1.tail                            0.613864
xa.x1.np                                   1.2
xa.x1.nn                                   1.2
xa.x1.ln                                   1.2
xa.x1.lp                                   1.2
xa.x1.lnb                          2.49846e-08
xa.x1.lpb                           2.6239e-08
xa.x1.na                               1.18821
doutb                                 0.626647
dout                                  0.628105
xa.x1.nb                               1.18817
doutn                                 0.523421
tcheck                                     -40
pa_00                                  344.234
bpa_00#branch                                0
btchk#branch                                 0
bdoutn#branch                                0
bclk#branch                        2.05429e-10
ean#branch                         3.47861e-13
eap#branch                         4.51833e-13
vclku#branch                                 0
vd#branch                                    0
vcm#branch                         7.99694e-13
vsup#branch                       -7.10092e-05


No. of Data Rows : 12277

  Measurements for Transient Analysis

dlev0               =  3.71228e-06
dlev1               =  -3.83739e-06
dlev2               =  -4.54092e-06
dlev3               =  -5.65539e-06
dlev4               =  -2.68621e-06
dlev5               =  -3.55830e-06
dlev6               =  -2.46447e-06
dlev7               =  -6.01501e-06
dlev8               =  2.45272e-06
dlev9               =  4.74624e-06
dlev10              =  -2.26411e-07
dlev11              =  4.85207e-06
dlev12              =  -1.13952e-06
dlev13              =  4.09648e-06
dlev14              =  4.07506e-07
dlev15              =  -7.02212e-06
dlev16              =  -2.34517e-06
dlev17              =  1.00000e+00
dlev18              =  1.00000e+00
dlev19              =  1.00000e+00
dlev20              =  1.00000e+00
dlev21              =  1.00000e+00
dlev22              =  1.00000e+00
dlev23              =  1.00000e+00
dlev24              =  1.00000e+00
dlev25              =  1.00000e+00
dlev26              =  9.99999e-01
dlev27              =  9.99999e-01
dlev28              =  9.99998e-01
dlev29              =  9.99998e-01
dlev30              =  9.99998e-01
dlev31              =  9.99998e-01
dlev32              =  9.99998e-01
vdd_meas            =  1.20000e+00
temp_meas           =  -4.00000e+01
vbias_mv            =  3.44234e+02
lowcount            =  1.70000e+01
vos_mv              =  1.50008e+00
vcm_meas            =  6.50000e-01

ngspice-46 done
