
Note: No compatibility mode selected!


Circuit: * klt sim -- generated corner deck, do not edit

Doing analysis at TEMP = 27.000000 and TNOM = 27.000000

Using SPARSE 1.3 as Direct Linear Solver

Initial Transient Solution
--------------------------

Node                                   Voltage
----                                   -------
vdd                                        1.2
cm                                        0.65
vd                                      -0.048
ap                                       0.626
an                                       0.674
clku                                         0
clk                                          0
ibn                                   0.333635
xa.x1.tmid                         3.80869e-07
xa.x1.tail                            0.629563
xa.x1.np                                   1.2
xa.x1.nn                                   1.2
xa.x1.ln                                   1.2
xa.x1.lp                                   1.2
xa.x1.lnb                          2.29038e-07
xa.x1.lpb                          2.16927e-07
xa.x1.na                                   1.2
doutb                                      1.2
dout                               2.75741e-07
xa.x1.nb                                   1.2
doutn                              2.29784e-07
tcheck                                      27
pa_00                                  333.635
bpa_00#branch                                0
btchk#branch                                 0
bdoutn#branch                                0
bclk#branch                        5.50638e-10
ean#branch                         3.44474e-13
eap#branch                         4.48697e-13
vclku#branch                                 0
vd#branch                                    0
vcm#branch                         7.93171e-13
vsup#branch                        -2.0003e-05


No. of Data Rows : 12256

  Measurements for Transient Analysis

dlev0               =  -7.57947e-07
dlev1               =  1.05497e-06
dlev2               =  6.71894e-07
dlev3               =  -3.73197e-07
dlev4               =  1.61584e-07
dlev5               =  -5.05199e-07
dlev6               =  4.61790e-07
dlev7               =  4.63849e-06
dlev8               =  2.57368e-06
dlev9               =  2.42641e-06
dlev10              =  1.17304e-06
dlev11              =  1.03841e-06
dlev12              =  3.71881e-06
dlev13              =  3.92836e-06
dlev14              =  1.86465e-06
dlev15              =  1.74975e-06
dlev16              =  1.63591e-06
dlev17              =  1.00000e+00
dlev18              =  1.00000e+00
dlev19              =  1.00000e+00
dlev20              =  9.99999e-01
dlev21              =  9.99999e-01
dlev22              =  9.99999e-01
dlev23              =  1.00000e+00
dlev24              =  1.00000e+00
dlev25              =  1.00000e+00
dlev26              =  9.99999e-01
dlev27              =  9.99999e-01
dlev28              =  1.00000e+00
dlev29              =  1.00000e+00
dlev30              =  1.00000e+00
dlev31              =  1.00000e+00
dlev32              =  1.00000e+00
vdd_meas            =  1.20000e+00
temp_meas           =  2.70000e+01
vbias_mv            =  3.33635e+02
lowcount            =  1.70000e+01
vos_mv              =  1.49992e+00
vcm_meas            =  6.50000e-01

ngspice-46 done
