
Note: No compatibility mode selected!


Circuit: * klt sim -- generated corner deck, do not edit

Doing analysis at TEMP = 27.000000 and TNOM = 27.000000

Using SPARSE 1.3 as Direct Linear Solver

Initial Transient Solution
--------------------------

Node                                   Voltage
----                                   -------
vdd                                       1.08
cm                                        0.55
vd                                      -0.048
ap                                       0.526
an                                       0.574
clku                                         0
clk                                          0
ibn                                   0.286147
xa.x1.tmid                         2.93911e-06
xa.x1.tail                             0.52919
xa.x1.np                                  1.08
xa.x1.nn                                  1.08
xa.x1.ln                                  1.08
xa.x1.lp                                  1.08
xa.x1.lnb                          3.96278e-08
xa.x1.lpb                          3.91985e-08
xa.x1.na                                  1.08
doutb                              4.42068e-08
dout                                      1.08
xa.x1.nb                                  1.08
doutn                                        1
tcheck                                      27
pa_00                                  286.147
bpa_00#branch                                0
btchk#branch                                 0
bdoutn#branch                                0
bclk#branch                        1.24161e-10
ean#branch                         1.35272e-12
eap#branch                         1.75321e-12
vclku#branch                                 0
vd#branch                                    0
vcm#branch                         3.10593e-12
vsup#branch                       -2.00072e-05


No. of Data Rows : 12162

  Measurements for Transient Analysis

dlev0               =  -4.16189e-06
dlev1               =  -4.45569e-06
dlev2               =  -6.14790e-06
dlev3               =  -5.91722e-06
dlev4               =  -5.67199e-06
dlev5               =  -5.46976e-06
dlev6               =  -5.25276e-06
dlev7               =  -4.90538e-06
dlev8               =  -9.91122e-07
dlev9               =  -4.59875e-06
dlev10              =  -3.77015e-06
dlev11              =  -2.11428e-06
dlev12              =  -1.85743e-06
dlev13              =  9.31743e-07
dlev14              =  1.40485e-06
dlev15              =  7.22364e-07
dlev16              =  1.00000e+00
dlev17              =  1.00000e+00
dlev18              =  1.00000e+00
dlev19              =  1.00000e+00
dlev20              =  1.00000e+00
dlev21              =  1.00000e+00
dlev22              =  1.00000e+00
dlev23              =  1.00000e+00
dlev24              =  1.00000e+00
dlev25              =  9.99999e-01
dlev26              =  9.99999e-01
dlev27              =  9.99998e-01
dlev28              =  1.00000e+00
dlev29              =  9.99998e-01
dlev30              =  9.99998e-01
dlev31              =  9.99998e-01
dlev32              =  1.00000e+00
vdd_meas            =  1.08000e+00
temp_meas           =  2.70000e+01
vbias_mv            =  2.86147e+02
lowcount            =  1.60001e+01
vos_mv              =  -1.49983e+00
vcm_meas            =  5.50000e-01

ngspice-46 done
