
Note: No compatibility mode selected!


Circuit: * klt sim -- generated corner deck, do not edit

Doing analysis at TEMP = -40.000000 and TNOM = 27.000000

Using SPARSE 1.3 as Direct Linear Solver

Initial Transient Solution
--------------------------

Node                                   Voltage
----                                   -------
vdd                                        1.2
cm                                         0.6
vd                                      -0.048
ap                                       0.576
an                                       0.624
clku                                         0
clk                                          0
ibn                                   0.367369
xa.x1.tmid                         5.12002e-09
xa.x1.tail                            0.549728
xa.x1.np                                   1.2
xa.x1.nn                                   1.2
xa.x1.ln                                   1.2
xa.x1.lp                                   1.2
xa.x1.lnb                          4.18926e-08
xa.x1.lpb                          4.29591e-08
xa.x1.na                               1.18922
doutb                                 0.645737
dout                                  0.645335
xa.x1.nb                               1.18843
doutn                                 0.537779
tcheck                                     -40
pa_00                                  367.369
bpa_00#branch                                0
btchk#branch                                 0
bdoutn#branch                                0
bclk#branch                        3.60325e-10
ean#branch                         1.09232e-13
eap#branch                          1.4086e-13
vclku#branch                                 0
vd#branch                                    0
vcm#branch                         2.50092e-13
vsup#branch                       -7.32827e-05


No. of Data Rows : 12189

  Measurements for Transient Analysis

dlev0               =  1.68696e-06
dlev1               =  4.75666e-06
dlev2               =  8.35960e-07
dlev3               =  1.69168e-06
dlev4               =  1.91690e-06
dlev5               =  3.69157e-06
dlev6               =  4.69094e-06
dlev7               =  6.49780e-06
dlev8               =  5.23442e-06
dlev9               =  1.19948e-06
dlev10              =  2.22822e-06
dlev11              =  8.57832e-07
dlev12              =  -1.30302e-06
dlev13              =  -9.99711e-07
dlev14              =  6.43108e-06
dlev15              =  -4.38869e-07
dlev16              =  -1.00479e-06
dlev17              =  9.99999e-01
dlev18              =  9.99999e-01
dlev19              =  1.00000e+00
dlev20              =  9.99999e-01
dlev21              =  9.99999e-01
dlev22              =  1.00000e+00
dlev23              =  1.00000e+00
dlev24              =  1.00000e+00
dlev25              =  1.00000e+00
dlev26              =  1.00000e+00
dlev27              =  9.99999e-01
dlev28              =  1.00000e+00
dlev29              =  1.00000e+00
dlev30              =  1.00000e+00
dlev31              =  9.99999e-01
dlev32              =  9.99999e-01
vdd_meas            =  1.20000e+00
temp_meas           =  -4.00000e+01
vbias_mv            =  3.67369e+02
lowcount            =  1.70000e+01
vos_mv              =  1.49988e+00

ngspice-46 done
