
Note: No compatibility mode selected!


Circuit: * klt sim -- generated corner deck, do not edit

Doing analysis at TEMP = -40.000000 and TNOM = 27.000000

Using SPARSE 1.3 as Direct Linear Solver

Initial Transient Solution
--------------------------

Node                                   Voltage
----                                   -------
vdd                                       1.08
cm                                         0.6
vd                                      -0.048
ap                                       0.576
an                                       0.624
clku                                         0
clk                                          0
ibn                                   0.299391
xa.x1.tmid                         2.15618e-07
xa.x1.tail                            0.563463
xa.x1.np                                  1.08
xa.x1.nn                                  1.08
xa.x1.ln                                  1.08
xa.x1.lp                                  1.08
xa.x1.lnb                          7.84489e-08
xa.x1.lpb                          7.74513e-08
xa.x1.na                                  1.08
doutb                                     1.08
dout                               8.23064e-08
xa.x1.nb                                  1.08
doutn                              7.62096e-08
tcheck                                     -40
pa_00                                  299.391
bpa_00#branch                                0
btchk#branch                                 0
bdoutn#branch                                0
bclk#branch                        4.52757e-10
ean#branch                         1.04114e-12
eap#branch                         1.36738e-12
vclku#branch                                 0
vd#branch                                    0
vcm#branch                         2.40852e-12
vsup#branch                       -2.00016e-05


No. of Data Rows : 12215

  Measurements for Transient Analysis

dlev0               =  4.85766e-06
dlev1               =  5.57077e-07
dlev2               =  9.19691e-07
dlev3               =  4.78433e-07
dlev4               =  2.79182e-07
dlev5               =  4.58976e-07
dlev6               =  2.08171e-06
dlev7               =  3.22474e-06
dlev8               =  2.44038e-06
dlev9               =  3.40116e-06
dlev10              =  5.32687e-06
dlev11              =  1.04397e-05
dlev12              =  9.07570e-06
dlev13              =  8.55269e-06
dlev14              =  7.70877e-06
dlev15              =  1.00000e+00
dlev16              =  1.00000e+00
dlev17              =  1.00000e+00
dlev18              =  1.00001e+00
dlev19              =  1.00000e+00
dlev20              =  1.00000e+00
dlev21              =  1.00000e+00
dlev22              =  1.00000e+00
dlev23              =  1.00000e+00
dlev24              =  1.00000e+00
dlev25              =  1.00000e+00
dlev26              =  1.00000e+00
dlev27              =  1.00000e+00
dlev28              =  1.00000e+00
dlev29              =  1.00000e+00
dlev30              =  9.99999e-01
dlev31              =  9.99999e-01
dlev32              =  9.99999e-01
vdd_meas            =  1.08000e+00
temp_meas           =  -4.00000e+01
vbias_mv            =  2.99391e+02
lowcount            =  1.49999e+01
vos_mv              =  -4.50028e+00

ngspice-46 done
