
Note: No compatibility mode selected!


Circuit: * klt sim -- generated corner deck, do not edit

Doing analysis at TEMP = 27.000000 and TNOM = 27.000000

Using SPARSE 1.3 as Direct Linear Solver

Initial Transient Solution
--------------------------

Node                                   Voltage
----                                   -------
vdd                                       1.08
cm                                         0.6
vd                                      -0.048
ap                                       0.576
an                                       0.624
clku                                         0
clk                                          0
ibn                                   0.308427
xa.x1.tmid                         1.34685e-06
xa.x1.tail                               0.573
xa.x1.np                                  1.08
xa.x1.nn                                  1.08
xa.x1.ln                                  1.08
xa.x1.lp                                  1.08
xa.x1.lnb                          9.19213e-08
xa.x1.lpb                           7.7753e-08
xa.x1.na                               1.07029
doutb                                 0.563522
dout                                  0.563717
xa.x1.nb                               1.06942
doutn                                  0.52196
tcheck                                      27
pa_00                                  308.427
bpa_00#branch                                0
btchk#branch                                 0
bdoutn#branch                                0
bclk#branch                        2.17563e-10
ean#branch                         4.85445e-13
eap#branch                         6.42958e-13
vclku#branch                                 0
vd#branch                                    0
vcm#branch                          1.1284e-12
vsup#branch                        -5.5289e-05


No. of Data Rows : 12210

  Measurements for Transient Analysis

dlev0               =  3.44917e-06
dlev1               =  5.40984e-06
dlev2               =  3.95209e-06
dlev3               =  3.13572e-06
dlev4               =  1.16283e-06
dlev5               =  2.02491e-06
dlev6               =  2.81823e-06
dlev7               =  4.18403e-06
dlev8               =  4.21263e-06
dlev9               =  2.71842e-06
dlev10              =  2.96619e-06
dlev11              =  1.91982e-06
dlev12              =  3.31957e-06
dlev13              =  3.71922e-06
dlev14              =  3.52242e-06
dlev15              =  4.54406e-06
dlev16              =  1.00000e+00
dlev17              =  1.00000e+00
dlev18              =  1.00000e+00
dlev19              =  9.99999e-01
dlev20              =  1.00000e+00
dlev21              =  1.00000e+00
dlev22              =  9.99999e-01
dlev23              =  9.99999e-01
dlev24              =  9.99999e-01
dlev25              =  9.99999e-01
dlev26              =  9.99999e-01
dlev27              =  9.99999e-01
dlev28              =  1.00000e+00
dlev29              =  1.00000e+00
dlev30              =  1.00000e+00
dlev31              =  1.00000e+00
dlev32              =  1.00000e+00
vdd_meas            =  1.08000e+00
temp_meas           =  2.70000e+01
vbias_mv            =  3.08427e+02
lowcount            =  1.60000e+01
vos_mv              =  -1.50014e+00

ngspice-46 done
