
Note: No compatibility mode selected!


Circuit: * klt sim -- generated corner deck, do not edit

Doing analysis at TEMP = 125.000000 and TNOM = 27.000000

Using SPARSE 1.3 as Direct Linear Solver

Initial Transient Solution
--------------------------

Node                                   Voltage
----                                   -------
vdd                                        1.2
cm                                        0.65
vd                                      -0.048
ap                                       0.626
an                                       0.674
clku                                         0
clk                                          0
ibn                                   0.205166
xa.x1.tmid                         0.000335848
xa.x1.tail                            0.619987
xa.x1.np                               1.19993
xa.x1.nn                               1.19975
xa.x1.ln                                   1.2
xa.x1.lp                                   1.2
xa.x1.lnb                          1.98988e-05
xa.x1.lpb                          2.13046e-05
xa.x1.na                               1.19999
doutb                                  1.19998
dout                               2.42634e-05
xa.x1.nb                               1.19998
doutn                              2.02195e-05
tcheck                                     125
pa_00                                  205.166
bpa_00#branch                                0
btchk#branch                                 0
bdoutn#branch                                0
bclk#branch                        1.60672e-09
ean#branch                         6.99973e-12
eap#branch                         9.01088e-12
vclku#branch                                 0
vd#branch                                    0
vcm#branch                         1.60106e-11
vsup#branch                       -2.07229e-05


No. of Data Rows : 12185

  Measurements for Transient Analysis

dlev0               =  2.10226e-05
dlev1               =  2.14756e-05
dlev2               =  2.10536e-05
dlev3               =  1.95556e-05
dlev4               =  2.02573e-05
dlev5               =  2.07364e-05
dlev6               =  1.98834e-05
dlev7               =  1.59591e-05
dlev8               =  1.91426e-05
dlev9               =  1.67478e-05
dlev10              =  1.92548e-05
dlev11              =  1.98240e-05
dlev12              =  2.13777e-05
dlev13              =  2.16935e-05
dlev14              =  2.17028e-05
dlev15              =  1.90455e-05
dlev16              =  1.71087e-05
dlev17              =  9.99982e-01
dlev18              =  9.99983e-01
dlev19              =  9.99983e-01
dlev20              =  9.99985e-01
dlev21              =  9.99985e-01
dlev22              =  9.99985e-01
dlev23              =  9.99985e-01
dlev24              =  9.99985e-01
dlev25              =  9.99984e-01
dlev26              =  9.99984e-01
dlev27              =  9.99983e-01
dlev28              =  9.99985e-01
dlev29              =  9.99985e-01
dlev30              =  9.99986e-01
dlev31              =  9.99986e-01
dlev32              =  9.99986e-01
vdd_meas            =  1.20000e+00
temp_meas           =  1.25000e+02
vbias_mv            =  2.05166e+02
lowcount            =  1.69999e+01
vos_mv              =  1.49974e+00
vcm_meas            =  6.50000e-01

ngspice-46 done
