
Note: No compatibility mode selected!


Circuit: * klt sim -- generated corner deck, do not edit

Doing analysis at TEMP = 125.000000 and TNOM = 27.000000

Using SPARSE 1.3 as Direct Linear Solver

Initial Transient Solution
--------------------------

Node                                   Voltage
----                                   -------
vdd                                       1.32
cm                                         0.6
vd                                      -0.048
ap                                       0.576
an                                       0.624
clku                                         0
clk                                          0
ibn                                   0.184849
xa.x1.tmid                         0.000263625
xa.x1.tail                            0.578874
xa.x1.np                               1.31995
xa.x1.nn                               1.31984
xa.x1.ln                                  1.32
xa.x1.lp                                  1.32
xa.x1.lnb                          1.57031e-06
xa.x1.lpb                          1.66151e-06
xa.x1.na                               1.31999
doutb                                  1.31999
dout                               2.18418e-06
xa.x1.nb                                  1.32
doutn                              1.65468e-06
tcheck                                     125
pa_00                                  184.849
bpa_00#branch                                0
btchk#branch                                 0
bdoutn#branch                                0
bclk#branch                        3.88836e-10
ean#branch                          7.7123e-12
eap#branch                         9.61201e-12
vclku#branch                                 0
vd#branch                                    0
vcm#branch                         1.73243e-11
vsup#branch                        -1.0317e-05


No. of Data Rows : 12156

  Measurements for Transient Analysis

dlev0               =  2.76229e-06
dlev1               =  -1.78454e-06
dlev2               =  -1.85156e-06
dlev3               =  -1.46220e-06
dlev4               =  -1.96236e-06
dlev5               =  1.41788e-06
dlev6               =  1.68851e-06
dlev7               =  1.86722e-06
dlev8               =  1.91118e-06
dlev9               =  9.31312e-07
dlev10              =  1.82325e-06
dlev11              =  1.08386e-06
dlev12              =  1.16244e-07
dlev13              =  2.74573e-07
dlev14              =  1.71214e-06
dlev15              =  9.99990e-01
dlev16              =  9.99990e-01
dlev17              =  9.99990e-01
dlev18              =  9.99991e-01
dlev19              =  9.99991e-01
dlev20              =  9.99991e-01
dlev21              =  9.99991e-01
dlev22              =  9.99991e-01
dlev23              =  9.99991e-01
dlev24              =  9.99991e-01
dlev25              =  9.99991e-01
dlev26              =  9.99991e-01
dlev27              =  9.99990e-01
dlev28              =  9.99990e-01
dlev29              =  9.99990e-01
dlev30              =  9.99990e-01
dlev31              =  9.99990e-01
dlev32              =  9.99990e-01
vdd_meas            =  1.32000e+00
temp_meas           =  1.25000e+02
vbias_mv            =  1.84849e+02
lowcount            =  1.50002e+01
vos_mv              =  -4.49951e+00

ngspice-46 done
