
Note: No compatibility mode selected!


Circuit: * klt sim -- generated corner deck, do not edit

Doing analysis at TEMP = 125.000000 and TNOM = 27.000000

Using SPARSE 1.3 as Direct Linear Solver

Initial Transient Solution
--------------------------

Node                                   Voltage
----                                   -------
vdd                                        1.2
cm                                         0.6
vd                                      -0.048
ap                                       0.576
an                                       0.624
clku                                         0
clk                                          0
ibn                                   0.295305
xa.x1.tmid                         1.22053e-05
xa.x1.tail                            0.603414
xa.x1.np                                   1.2
xa.x1.nn                               1.19999
xa.x1.ln                                   1.2
xa.x1.lp                                   1.2
xa.x1.lnb                          7.46479e-07
xa.x1.lpb                          6.63427e-07
xa.x1.na                                1.1797
doutb                                 0.608722
dout                                  0.615045
xa.x1.nb                               1.17964
doutn                                 0.512538
tcheck                                     125
pa_00                                  295.305
bpa_00#branch                                0
btchk#branch                                 0
bdoutn#branch                                0
bclk#branch                        1.45032e-10
ean#branch                         4.85695e-13
eap#branch                          6.2747e-13
vclku#branch                                 0
vd#branch                                    0
vcm#branch                         1.11317e-12
vsup#branch                       -8.25359e-05


No. of Data Rows : 12081

  Measurements for Transient Analysis

dlev0               =  3.06082e-06
dlev1               =  3.52897e-06
dlev2               =  3.30032e-06
dlev3               =  3.39122e-06
dlev4               =  3.50527e-06
dlev5               =  3.49442e-06
dlev6               =  3.59288e-06
dlev7               =  3.13249e-06
dlev8               =  3.39896e-06
dlev9               =  3.44236e-06
dlev10              =  3.66656e-06
dlev11              =  2.95183e-06
dlev12              =  4.84856e-06
dlev13              =  4.16088e-06
dlev14              =  4.26217e-06
dlev15              =  4.52272e-06
dlev16              =  4.74801e-06
dlev17              =  4.81928e-06
dlev18              =  9.99999e-01
dlev19              =  1.00000e+00
dlev20              =  1.00000e+00
dlev21              =  1.00000e+00
dlev22              =  1.00000e+00
dlev23              =  9.99999e-01
dlev24              =  1.00000e+00
dlev25              =  9.99999e-01
dlev26              =  1.00000e+00
dlev27              =  1.00000e+00
dlev28              =  1.00000e+00
dlev29              =  1.00000e+00
dlev30              =  1.00000e+00
dlev31              =  1.00000e+00
dlev32              =  1.00000e+00
vdd_meas            =  1.20000e+00
temp_meas           =  1.25000e+02
vbias_mv            =  2.95305e+02
lowcount            =  1.79999e+01
vos_mv              =  4.49980e+00

ngspice-46 done
