
Note: No compatibility mode selected!


Circuit: * klt sim -- generated corner deck, do not edit

Doing analysis at TEMP = -40.000000 and TNOM = 27.000000

Using SPARSE 1.3 as Direct Linear Solver

Initial Transient Solution
--------------------------

Node                                   Voltage
----                                   -------
vdd                                       1.32
cm                                         0.6
vd                                      -0.048
ap                                       0.576
an                                       0.624
clku                                         0
clk                                          0
ibn                                   0.343973
xa.x1.tmid                         2.76753e-08
xa.x1.tail                            0.556893
xa.x1.np                                  1.32
xa.x1.nn                                  1.32
xa.x1.ln                                  1.32
xa.x1.lp                                  1.32
xa.x1.lnb                          3.39277e-08
xa.x1.lpb                          3.43851e-08
xa.x1.na                                  1.32
doutb                               3.5588e-08
dout                                      1.32
xa.x1.nb                                  1.32
doutn                                        1
tcheck                                     -40
pa_00                                  343.973
bpa_00#branch                                0
btchk#branch                                 0
bdoutn#branch                                0
bclk#branch                        2.84335e-10
ean#branch                         5.48089e-13
eap#branch                         6.86742e-13
vclku#branch                                 0
vd#branch                                    0
vcm#branch                         1.23483e-12
vsup#branch                       -2.00007e-05


No. of Data Rows : 12358

  Measurements for Transient Analysis

dlev0               =  -3.87315e-06
dlev1               =  -5.00607e-06
dlev2               =  -5.92423e-06
dlev3               =  -6.43893e-06
dlev4               =  -7.71312e-06
dlev5               =  -4.32914e-06
dlev6               =  -4.49401e-06
dlev7               =  -2.07634e-06
dlev8               =  -3.83428e-06
dlev9               =  -3.93378e-06
dlev10              =  -4.07179e-06
dlev11              =  -4.05191e-06
dlev12              =  -8.89263e-07
dlev13              =  -8.24669e-07
dlev14              =  -1.52622e-06
dlev15              =  -7.04051e-06
dlev16              =  -1.02083e-06
dlev17              =  9.99998e-01
dlev18              =  1.00000e+00
dlev19              =  9.99997e-01
dlev20              =  1.00000e+00
dlev21              =  1.00000e+00
dlev22              =  1.00000e+00
dlev23              =  1.00000e+00
dlev24              =  1.00000e+00
dlev25              =  9.99996e-01
dlev26              =  1.00000e+00
dlev27              =  1.00000e+00
dlev28              =  9.99999e-01
dlev29              =  9.99999e-01
dlev30              =  9.99998e-01
dlev31              =  9.99998e-01
dlev32              =  9.99998e-01
vdd_meas            =  1.32000e+00
temp_meas           =  -4.00000e+01
vbias_mv            =  3.43973e+02
lowcount            =  1.70001e+01
vos_mv              =  1.50026e+00

ngspice-46 done
