
Note: No compatibility mode selected!


Circuit: * klt sim -- generated corner deck, do not edit

Doing analysis at TEMP = 27.000000 and TNOM = 27.000000

Using SPARSE 1.3 as Direct Linear Solver

Initial Transient Solution
--------------------------

Node                                   Voltage
----                                   -------
vdd                                        1.2
cm                                         0.6
vd                                      -0.048
ap                                       0.576
an                                       0.624
clku                                         0
clk                                          0
ibn                                   0.355865
xa.x1.tmid                         9.15906e-08
xa.x1.tail                            0.596933
xa.x1.np                                   1.2
xa.x1.nn                                   1.2
xa.x1.ln                                   1.2
xa.x1.lp                                   1.2
xa.x1.lnb                          1.63467e-08
xa.x1.lpb                          1.76892e-08
xa.x1.na                                   1.2
doutb                               1.7573e-08
dout                                       1.2
xa.x1.nb                                   1.2
doutn                                        1
tcheck                                      27
pa_00                                  355.865
bpa_00#branch                                0
btchk#branch                                 0
bdoutn#branch                                0
bclk#branch                        9.53114e-11
ean#branch                          2.1752e-13
eap#branch                         2.81331e-13
vclku#branch                                 0
vd#branch                                    0
vcm#branch                         4.98851e-13
vsup#branch                       -2.00004e-05


No. of Data Rows : 12177

  Measurements for Transient Analysis

dlev0               =  1.17283e-06
dlev1               =  3.50171e-06
dlev2               =  5.03585e-06
dlev3               =  5.82906e-06
dlev4               =  1.82527e-06
dlev5               =  1.72033e-06
dlev6               =  6.05217e-06
dlev7               =  2.66601e-06
dlev8               =  7.15504e-06
dlev9               =  1.70372e-07
dlev10              =  6.76798e-06
dlev11              =  1.32659e-06
dlev12              =  5.40187e-06
dlev13              =  4.44031e-07
dlev14              =  7.64011e-07
dlev15              =  -1.12185e-06
dlev16              =  2.09518e-06
dlev17              =  9.99999e-01
dlev18              =  1.00000e+00
dlev19              =  1.00000e+00
dlev20              =  1.00000e+00
dlev21              =  1.00000e+00
dlev22              =  1.00000e+00
dlev23              =  1.00000e+00
dlev24              =  1.00000e+00
dlev25              =  1.00000e+00
dlev26              =  1.00000e+00
dlev27              =  1.00000e+00
dlev28              =  1.00000e+00
dlev29              =  1.00000e+00
dlev30              =  1.00000e+00
dlev31              =  1.00000e+00
dlev32              =  1.00000e+00
vdd_meas            =  1.20000e+00
temp_meas           =  2.70000e+01
vbias_mv            =  3.55865e+02
lowcount            =  1.69999e+01
vos_mv              =  1.49983e+00

ngspice-46 done
