
Note: No compatibility mode selected!


Circuit: * klt sim -- generated corner deck, do not edit

Doing analysis at TEMP = 27.000000 and TNOM = 27.000000

Using SPARSE 1.3 as Direct Linear Solver

Initial Transient Solution
--------------------------

Node                                   Voltage
----                                   -------
vdd                                       1.08
cm                                         0.6
vd                                      -0.048
ap                                       0.576
an                                       0.624
clku                                         0
clk                                          0
ibn                                   0.321154
xa.x1.tmid                         1.33074e-07
xa.x1.tail                            0.598431
xa.x1.np                                  1.08
xa.x1.nn                                  1.08
xa.x1.ln                                  1.08
xa.x1.lp                                  1.08
xa.x1.lnb                          1.40763e-08
xa.x1.lpb                          1.41792e-08
xa.x1.na                               1.07479
doutb                                 0.551441
dout                                  0.551626
xa.x1.nb                               1.07547
doutn                                 0.510765
tcheck                                      27
pa_00                                  321.154
bpa_00#branch                                0
btchk#branch                                 0
bdoutn#branch                                0
bclk#branch                        6.52393e-11
ean#branch                         1.09746e-13
eap#branch                         1.46688e-13
vclku#branch                                 0
vd#branch                                    0
vcm#branch                         2.56434e-13
vsup#branch                       -2.43711e-05


No. of Data Rows : 11934

  Measurements for Transient Analysis

dlev0               =  -3.29526e-06
dlev1               =  1.13913e-06
dlev2               =  -2.06153e-06
dlev3               =  -4.13971e-06
dlev4               =  -4.45038e-06
dlev5               =  -4.83221e-06
dlev6               =  -5.11837e-06
dlev7               =  -5.35098e-06
dlev8               =  1.40475e-06
dlev9               =  1.23075e-06
dlev10              =  5.03689e-07
dlev11              =  -4.64987e-07
dlev12              =  -5.84061e-06
dlev13              =  7.05932e-07
dlev14              =  -8.41747e-06
dlev15              =  -4.96216e-06
dlev16              =  9.99999e-01
dlev17              =  9.99999e-01
dlev18              =  9.99998e-01
dlev19              =  9.99999e-01
dlev20              =  9.99998e-01
dlev21              =  1.00000e+00
dlev22              =  1.00000e+00
dlev23              =  1.00000e+00
dlev24              =  1.00000e+00
dlev25              =  1.00000e+00
dlev26              =  1.00000e+00
dlev27              =  1.00000e+00
dlev28              =  1.00000e+00
dlev29              =  1.00000e+00
dlev30              =  9.99999e-01
dlev31              =  1.00000e+00
dlev32              =  1.00000e+00
vdd_meas            =  1.08000e+00
temp_meas           =  2.70000e+01
vbias_mv            =  3.21154e+02
lowcount            =  1.60000e+01
vos_mv              =  -1.49985e+00

ngspice-46 done
