
Note: No compatibility mode selected!


Circuit: * klt sim -- generated corner deck, do not edit

Doing analysis at TEMP = 125.000000 and TNOM = 27.000000

Using SPARSE 1.3 as Direct Linear Solver

Initial Transient Solution
--------------------------

Node                                   Voltage
----                                   -------
vdd                                       1.08
cm                                        0.65
vd                                      -0.048
ap                                       0.626
an                                       0.674
clku                                         0
clk                                          0
ibn                                   0.249334
xa.x1.tmid                           9.026e-05
xa.x1.tail                            0.617008
xa.x1.np                               1.07997
xa.x1.nn                               1.07991
xa.x1.ln                                  1.08
xa.x1.lp                                  1.08
xa.x1.lnb                          3.81902e-06
xa.x1.lpb                          3.97103e-06
xa.x1.na                                  1.08
doutb                                  1.07999
dout                                4.5841e-06
xa.x1.nb                                  1.08
doutn                              4.24454e-06
tcheck                                     125
pa_00                                  249.334
bpa_00#branch                                0
btchk#branch                                 0
bdoutn#branch                                0
bclk#branch                        3.35997e-10
ean#branch                         7.99721e-13
eap#branch                         1.08713e-12
vclku#branch                                 0
vd#branch                                    0
vcm#branch                         1.88685e-12
vsup#branch                       -2.01764e-05


No. of Data Rows : 12056

  Measurements for Transient Analysis

dlev0               =  3.49854e-06
dlev1               =  3.47165e-06
dlev2               =  3.40907e-06
dlev3               =  3.38560e-06
dlev4               =  3.34218e-06
dlev5               =  3.32619e-06
dlev6               =  3.25889e-06
dlev7               =  3.20390e-06
dlev8               =  3.17360e-06
dlev9               =  3.12617e-06
dlev10              =  3.41482e-06
dlev11              =  3.32658e-06
dlev12              =  4.38223e-06
dlev13              =  3.30807e-06
dlev14              =  3.41609e-06
dlev15              =  3.55361e-06
dlev16              =  9.99994e-01
dlev17              =  9.99994e-01
dlev18              =  9.99994e-01
dlev19              =  9.99994e-01
dlev20              =  9.99994e-01
dlev21              =  9.99994e-01
dlev22              =  9.99994e-01
dlev23              =  9.99994e-01
dlev24              =  9.99994e-01
dlev25              =  9.99994e-01
dlev26              =  9.99994e-01
dlev27              =  9.99994e-01
dlev28              =  9.99994e-01
dlev29              =  9.99994e-01
dlev30              =  9.99994e-01
dlev31              =  9.99994e-01
dlev32              =  9.99994e-01
vdd_meas            =  1.08000e+00
temp_meas           =  1.25000e+02
vbias_mv            =  2.49334e+02
lowcount            =  1.60001e+01
vos_mv              =  -1.49985e+00
vcm_meas            =  6.50000e-01

ngspice-46 done
