
Note: No compatibility mode selected!


Circuit: * klt sim -- generated corner deck, do not edit

Doing analysis at TEMP = 27.000000 and TNOM = 27.000000

Using SPARSE 1.3 as Direct Linear Solver

Initial Transient Solution
--------------------------

Node                                   Voltage
----                                   -------
vdd                                       1.08
cm                                         0.6
vd                                      -0.048
ap                                       0.576
an                                       0.624
clku                                         0
clk                                          0
ibn                                   0.290369
xa.x1.tmid                         1.64347e-06
xa.x1.tail                            0.575629
xa.x1.np                                  1.08
xa.x1.nn                                  1.08
xa.x1.ln                                  1.08
xa.x1.lp                                  1.08
xa.x1.lnb                          1.04178e-07
xa.x1.lpb                          8.97833e-08
xa.x1.na                                  1.08
doutb                              9.40322e-08
dout                                      1.08
xa.x1.nb                                  1.08
doutn                                        1
tcheck                                      27
pa_00                                  290.369
bpa_00#branch                                0
btchk#branch                                 0
bdoutn#branch                                0
bclk#branch                        2.16068e-10
ean#branch                         4.85667e-13
eap#branch                         6.43263e-13
vclku#branch                                 0
vd#branch                                    0
vcm#branch                         1.12893e-12
vsup#branch                       -1.50038e-05


No. of Data Rows : 12109

  Measurements for Transient Analysis

dlev0               =  6.90174e-06
dlev1               =  -7.82108e-07
dlev2               =  -8.25970e-07
dlev3               =  -1.05327e-06
dlev4               =  -8.57498e-07
dlev5               =  -9.88528e-07
dlev6               =  -1.04425e-06
dlev7               =  -1.44458e-06
dlev8               =  -9.64010e-07
dlev9               =  -1.38096e-06
dlev10              =  3.45247e-06
dlev11              =  -7.94002e-07
dlev12              =  -1.36617e-06
dlev13              =  7.06184e-08
dlev14              =  2.82822e-06
dlev15              =  3.02978e-06
dlev16              =  1.00000e+00
dlev17              =  1.00000e+00
dlev18              =  1.00000e+00
dlev19              =  1.00000e+00
dlev20              =  1.00000e+00
dlev21              =  1.00000e+00
dlev22              =  1.00000e+00
dlev23              =  1.00000e+00
dlev24              =  9.99999e-01
dlev25              =  9.99999e-01
dlev26              =  1.00000e+00
dlev27              =  9.99999e-01
dlev28              =  9.99999e-01
dlev29              =  1.00000e+00
dlev30              =  1.00000e+00
dlev31              =  1.00000e+00
dlev32              =  1.00000e+00
vdd_meas            =  1.08000e+00
temp_meas           =  2.70000e+01
vbias_mv            =  2.90369e+02
lowcount            =  1.60000e+01
vos_mv              =  -1.50002e+00

ngspice-46 done
