
Note: No compatibility mode selected!


Circuit: * klt sim -- generated corner deck, do not edit

Doing analysis at TEMP = -40.000000 and TNOM = 27.000000

Using SPARSE 1.3 as Direct Linear Solver

Initial Transient Solution
--------------------------

Node                                   Voltage
----                                   -------
vdd                                       1.08
cm                                         0.6
vd                                      -0.048
ap                                       0.576
an                                       0.624
clku                                         0
clk                                          0
ibn                                   0.312385
xa.x1.tmid                         8.47464e-08
xa.x1.tail                            0.569891
xa.x1.np                                  1.08
xa.x1.nn                                  1.08
xa.x1.ln                                  1.08
xa.x1.lp                                  1.08
xa.x1.lnb                          1.71369e-08
xa.x1.lpb                          1.71246e-08
xa.x1.na                               1.07377
doutb                                 0.521947
dout                                  0.525997
xa.x1.nb                               1.07378
doutn                                 0.487034
tcheck                                     -40
pa_00                                  312.385
bpa_00#branch                                0
btchk#branch                                 0
bdoutn#branch                                0
bclk#branch                        8.29009e-11
ean#branch                          4.9466e-13
eap#branch                         6.52339e-13
vclku#branch                                 0
vd#branch                                    0
vcm#branch                           1.147e-12
vsup#branch                       -3.63987e-05


No. of Data Rows : 12189

  Measurements for Transient Analysis

dlev0               =  -1.80137e-06
dlev1               =  2.01484e-06
dlev2               =  -6.64598e-06
dlev3               =  -5.88620e-06
dlev4               =  -6.05424e-06
dlev5               =  -6.53232e-06
dlev6               =  -6.75391e-06
dlev7               =  -6.65024e-06
dlev8               =  -6.74958e-06
dlev9               =  -7.04489e-06
dlev10              =  -8.74290e-06
dlev11              =  -7.21049e-06
dlev12              =  -8.99364e-06
dlev13              =  -7.13605e-06
dlev14              =  -6.36608e-06
dlev15              =  -6.20491e-06
dlev16              =  -3.99990e-07
dlev17              =  -5.21864e-06
dlev18              =  1.00001e+00
dlev19              =  9.99998e-01
dlev20              =  9.99999e-01
dlev21              =  9.99998e-01
dlev22              =  9.99998e-01
dlev23              =  9.99997e-01
dlev24              =  9.99999e-01
dlev25              =  9.99998e-01
dlev26              =  9.99997e-01
dlev27              =  9.99997e-01
dlev28              =  9.99997e-01
dlev29              =  9.99997e-01
dlev30              =  9.99998e-01
dlev31              =  9.99998e-01
dlev32              =  9.99998e-01
vdd_meas            =  1.08000e+00
temp_meas           =  -4.00000e+01
vbias_mv            =  3.12385e+02
lowcount            =  1.80001e+01
vos_mv              =  4.50039e+00

ngspice-46 done
