
Note: No compatibility mode selected!


Circuit: * klt sim -- generated corner deck, do not edit

Doing analysis at TEMP = 125.000000 and TNOM = 27.000000

Using SPARSE 1.3 as Direct Linear Solver
Note: Starting dynamic gmin stepping
Note: Dynamic gmin stepping completed

Initial Transient Solution
--------------------------

Node                                   Voltage
----                                   -------
vdd                                       1.32
cm                                        0.55
vd                                      -0.048
ap                                       0.526
an                                       0.574
clku                                         0
clk                                          0
ibn                                    0.20568
xa.x1.tmid                          0.00028677
xa.x1.tail                            0.541283
xa.x1.np                               1.31994
xa.x1.nn                               1.31979
xa.x1.ln                                  1.32
xa.x1.lp                                  1.32
xa.x1.lnb                          2.03382e-05
xa.x1.lpb                             1.96e-05
xa.x1.na                               1.31999
doutb                                  1.31998
dout                               2.36359e-05
xa.x1.nb                               1.31998
doutn                               1.7906e-05
tcheck                                     125
pa_00                                   205.68
bpa_00#branch                                0
btchk#branch                                 0
bdoutn#branch                                0
bclk#branch                        2.20402e-09
ean#branch                         1.97216e-11
eap#branch                         2.42699e-11
vclku#branch                                 0
vd#branch                                    0
vcm#branch                         4.39915e-11
vsup#branch                       -2.06624e-05


No. of Data Rows : 12321

  Measurements for Transient Analysis

dlev0               =  1.99521e-05
dlev1               =  2.01854e-05
dlev2               =  1.86098e-05
dlev3               =  1.79262e-05
dlev4               =  1.84796e-05
dlev5               =  2.04996e-05
dlev6               =  1.76577e-05
dlev7               =  1.98169e-05
dlev8               =  1.74909e-05
dlev9               =  1.70339e-05
dlev10              =  1.97651e-05
dlev11              =  1.92611e-05
dlev12              =  2.03939e-05
dlev13              =  1.84991e-05
dlev14              =  1.87273e-05
dlev15              =  1.97609e-05
dlev16              =  1.74765e-05
dlev17              =  1.78479e-05
dlev18              =  9.99985e-01
dlev19              =  9.99983e-01
dlev20              =  9.99984e-01
dlev21              =  9.99985e-01
dlev22              =  9.99985e-01
dlev23              =  9.99985e-01
dlev24              =  9.99985e-01
dlev25              =  9.99984e-01
dlev26              =  9.99985e-01
dlev27              =  9.99985e-01
dlev28              =  9.99984e-01
dlev29              =  9.99985e-01
dlev30              =  9.99984e-01
dlev31              =  9.99984e-01
dlev32              =  9.99984e-01
vdd_meas            =  1.32000e+00
temp_meas           =  1.25000e+02
vbias_mv            =  2.05680e+02
lowcount            =  1.79999e+01
vos_mv              =  4.49967e+00
vcm_meas            =  5.50000e-01

ngspice-46 done
