
Note: No compatibility mode selected!


Circuit: * klt sim -- generated corner deck, do not edit

Doing analysis at TEMP = 27.000000 and TNOM = 27.000000

Using SPARSE 1.3 as Direct Linear Solver

Initial Transient Solution
--------------------------

Node                                   Voltage
----                                   -------
vdd                                        1.2
cm                                        0.55
vd                                      -0.048
ap                                       0.526
an                                       0.574
clku                                         0
clk                                          0
ibn                                   0.265292
xa.x1.tmid                         6.47703e-06
xa.x1.tail                            0.535322
xa.x1.np                                   1.2
xa.x1.nn                               1.19999
xa.x1.ln                                   1.2
xa.x1.lp                                   1.2
xa.x1.lnb                          5.95403e-07
xa.x1.lpb                           7.4941e-07
xa.x1.na                               1.17592
doutb                                 0.620174
dout                                  0.631897
xa.x1.nb                               1.17401
doutn                                  0.52658
tcheck                                      27
pa_00                                  265.292
bpa_00#branch                                0
btchk#branch                                 0
bdoutn#branch                                0
bclk#branch                        9.99287e-10
ean#branch                         5.15363e-12
eap#branch                         6.45567e-12
vclku#branch                                 0
vd#branch                                    0
vcm#branch                         1.16093e-11
vsup#branch                       -0.000143968


No. of Data Rows : 12269

  Measurements for Transient Analysis

dlev0               =  3.23895e-06
dlev1               =  3.08407e-06
dlev2               =  3.65544e-06
dlev3               =  2.54614e-06
dlev4               =  2.33438e-06
dlev5               =  3.33685e-06
dlev6               =  3.19209e-06
dlev7               =  1.51412e-06
dlev8               =  -1.81582e-06
dlev9               =  1.58140e-06
dlev10              =  1.91260e-06
dlev11              =  -2.12084e-06
dlev12              =  -1.60711e-06
dlev13              =  1.79737e-06
dlev14              =  1.74279e-06
dlev15              =  1.31654e-06
dlev16              =  1.78043e-06
dlev17              =  -2.54434e-06
dlev18              =  9.99998e-01
dlev19              =  1.00000e+00
dlev20              =  1.00000e+00
dlev21              =  9.99999e-01
dlev22              =  9.99999e-01
dlev23              =  9.99999e-01
dlev24              =  9.99999e-01
dlev25              =  9.99999e-01
dlev26              =  9.99998e-01
dlev27              =  1.00000e+00
dlev28              =  1.00000e+00
dlev29              =  9.99999e-01
dlev30              =  1.00000e+00
dlev31              =  1.00000e+00
dlev32              =  9.99999e-01
vdd_meas            =  1.20000e+00
temp_meas           =  2.70000e+01
vbias_mv            =  2.65292e+02
lowcount            =  1.80000e+01
vos_mv              =  4.49995e+00
vcm_meas            =  5.50000e-01

ngspice-46 done
