
Note: No compatibility mode selected!


Circuit: * klt sim -- generated corner deck, do not edit

Doing analysis at TEMP = 27.000000 and TNOM = 27.000000

Using SPARSE 1.3 as Direct Linear Solver

Initial Transient Solution
--------------------------

Node                                   Voltage
----                                   -------
vdd                                        1.2
cm                                         0.6
vd0                                          0
ap0                                        0.6
an0                                        0.6
ibn0                                   0.25275
x0.x1.tmid                         4.75866e-06
x0.x1.tail                            0.568013
clk                                          0
x0.x1.np                                   1.2
x0.x1.nn                                   1.2
x0.x1.ln                                   1.2
x0.x1.lp                                   1.2
x0.x1.lnb                          5.18456e-08
x0.x1.lpb                          5.18456e-08
x0.x1.na                               1.18121
doutb0                                 0.58511
dout0                                  0.58511
x0.x1.nb                               1.18121
vd1                                      0.001
ap1                                     0.6005
an1                                     0.5995
ibn1                                   0.25275
x1.x1.tmid                         4.75868e-06
x1.x1.tail                            0.568016
x1.x1.np                                   1.2
x1.x1.nn                                   1.2
x1.x1.ln                                   1.2
x1.x1.lp                                   1.2
x1.x1.lnb                          5.18456e-08
x1.x1.lpb                          5.18456e-08
x1.x1.na                               1.18121
doutb1                                 0.58511
dout1                                  0.58511
x1.x1.nb                               1.18121
vd2                                     -0.001
ap2                                     0.5995
an2                                     0.6005
ibn2                                   0.25275
x2.x1.tmid                         4.75868e-06
x2.x1.tail                            0.568016
x2.x1.np                                   1.2
x2.x1.nn                                   1.2
x2.x1.ln                                   1.2
x2.x1.lp                                   1.2
x2.x1.lnb                          5.18456e-08
x2.x1.lpb                          5.18456e-08
x2.x1.na                               1.18121
doutb2                                 0.58511
dout2                                  0.58511
x2.x1.nb                               1.18121
clku                                         0
dn0                                   0.487591
dn1                                   0.487591
dn2                                   0.487591
h0                                           0
h1                                           0
h2                                           0
tcheck                                      27
btchk#branch                                 0
bh2#branch                                   0
bh1#branch                                   0
bh0#branch                                   0
bd2#branch                                   0
bd1#branch                                   0
bd0#branch                                   0
bclk#branch                        5.30511e-10
ean2#branch                        2.19277e-12
eap2#branch                        2.20385e-12
ean1#branch                        2.20385e-12
eap1#branch                        2.19277e-12
ean0#branch                        2.19832e-12
eap0#branch                        2.19832e-12
vclku#branch                                 0
vd2#branch                                   0
vd1#branch                                   0
vd0#branch                                   0
vcm#branch                         1.31899e-11
vsup#branch                       -0.000235892


No. of Data Rows : 1345

  Measurements for Transient Analysis

vdd_meas            =  1.20000e+00
temp_meas           =  2.70000e+01
vn0_a               =  -9.94031e-03
vn0_b               =  -6.30781e-03
vn1_a               =  -7.73621e-03
d_zero              =  1.38014e-06
d_plus              =  9.99993e-01
d_minus             =  9.99995e-01
res_zero            =  4.99999e-01
res_plus            =  4.99993e-01
res_minus           =  4.99995e-01
hit_zero            =  0.00000e+00
hit_plus            =  1.00000e+00
hit_minus           =  1.00000e+00

ngspice-46 done
