
Note: No compatibility mode selected!


Circuit: * klt sim -- generated corner deck, do not edit

Doing analysis at TEMP = 27.000000 and TNOM = 27.000000

Using SPARSE 1.3 as Direct Linear Solver

Initial Transient Solution
--------------------------

Node                                   Voltage
----                                   -------
vdd                                       1.32
cm                                         0.6
vd                                      -0.048
ap                                       0.576
an                                       0.624
clku                                         0
clk                                          0
ibn                                   0.330898
xa.x1.tmid                         4.19634e-07
xa.x1.tail                            0.588591
xa.x1.np                                  1.32
xa.x1.nn                                  1.32
xa.x1.ln                                  1.32
xa.x1.lp                                  1.32
xa.x1.lnb                          2.53315e-07
xa.x1.lpb                          2.67462e-07
xa.x1.na                               1.29327
doutb                                 0.703251
dout                                  0.710674
xa.x1.nb                               1.29587
doutn                                  0.53839
tcheck                                      27
pa_00                                  330.898
bpa_00#branch                                0
btchk#branch                                 0
bdoutn#branch                                0
bclk#branch                        7.57378e-10
ean#branch                         8.26283e-13
eap#branch                         1.03967e-12
vclku#branch                                 0
vd#branch                                    0
vcm#branch                         1.86595e-12
vsup#branch                       -0.000144883


No. of Data Rows : 12320

  Measurements for Transient Analysis

dlev0               =  -5.11058e-06
dlev1               =  -5.19862e-06
dlev2               =  -2.36051e-06
dlev3               =  -6.08697e-06
dlev4               =  -6.11974e-06
dlev5               =  -6.12870e-06
dlev6               =  -6.00593e-06
dlev7               =  -3.72065e-06
dlev8               =  -1.27539e-06
dlev9               =  -6.29899e-06
dlev10              =  -2.30034e-06
dlev11              =  -6.36062e-06
dlev12              =  -4.20071e-06
dlev13              =  -5.06582e-06
dlev14              =  -3.81039e-06
dlev15              =  -1.20260e-06
dlev16              =  9.99999e-01
dlev17              =  9.99998e-01
dlev18              =  9.99999e-01
dlev19              =  9.99998e-01
dlev20              =  9.99998e-01
dlev21              =  9.99998e-01
dlev22              =  9.99998e-01
dlev23              =  9.99998e-01
dlev24              =  9.99997e-01
dlev25              =  9.99999e-01
dlev26              =  9.99998e-01
dlev27              =  9.99999e-01
dlev28              =  9.99999e-01
dlev29              =  9.99997e-01
dlev30              =  9.99998e-01
dlev31              =  9.99997e-01
dlev32              =  9.99998e-01
vdd_meas            =  1.32000e+00
temp_meas           =  2.70000e+01
vbias_mv            =  3.30898e+02
lowcount            =  1.60001e+01
vos_mv              =  -1.49969e+00

ngspice-46 done
