
Note: No compatibility mode selected!


Circuit: * klt sim -- generated corner deck, do not edit

Doing analysis at TEMP = 125.000000 and TNOM = 27.000000

Using SPARSE 1.3 as Direct Linear Solver

Initial Transient Solution
--------------------------

Node                                   Voltage
----                                   -------
vdd                                        1.2
cm                                        0.55
vd                                      -0.048
ap                                       0.526
an                                       0.574
clku                                         0
clk                                          0
ibn                                   0.295178
xa.x1.tmid                         1.25382e-05
xa.x1.tail                            0.559399
xa.x1.np                                   1.2
xa.x1.nn                               1.19999
xa.x1.ln                                   1.2
xa.x1.lp                                   1.2
xa.x1.lnb                          7.51576e-07
xa.x1.lpb                           7.2785e-07
xa.x1.na                                   1.2
doutb                              9.26028e-07
dout                                       1.2
xa.x1.nb                                   1.2
doutn                                 0.999999
tcheck                                     125
pa_00                                  295.178
bpa_00#branch                                0
btchk#branch                                 0
bdoutn#branch                                0
bclk#branch                        1.46679e-10
ean#branch                         6.31717e-13
eap#branch                         8.08076e-13
vclku#branch                                 0
vd#branch                                    0
vcm#branch                         1.43979e-12
vsup#branch                       -2.00253e-05


No. of Data Rows : 12076

  Measurements for Transient Analysis

dlev0               =  2.94782e-06
dlev1               =  5.85446e-07
dlev2               =  -5.82757e-07
dlev3               =  -3.51745e-07
dlev4               =  -2.90693e-07
dlev5               =  8.54354e-07
dlev6               =  9.68379e-07
dlev7               =  1.59161e-06
dlev8               =  9.29416e-07
dlev9               =  1.02908e-06
dlev10              =  1.61459e-06
dlev11              =  2.92021e-06
dlev12              =  3.00169e-06
dlev13              =  3.10344e-06
dlev14              =  2.07095e-06
dlev15              =  2.64180e-06
dlev16              =  2.12716e-06
dlev17              =  1.00000e+00
dlev18              =  1.00000e+00
dlev19              =  1.00000e+00
dlev20              =  1.00000e+00
dlev21              =  9.99999e-01
dlev22              =  1.00000e+00
dlev23              =  9.99999e-01
dlev24              =  9.99999e-01
dlev25              =  9.99999e-01
dlev26              =  9.99999e-01
dlev27              =  9.99999e-01
dlev28              =  9.99999e-01
dlev29              =  9.99999e-01
dlev30              =  9.99999e-01
dlev31              =  9.99999e-01
dlev32              =  9.99999e-01
vdd_meas            =  1.20000e+00
temp_meas           =  1.25000e+02
vbias_mv            =  2.95178e+02
lowcount            =  1.70000e+01
vos_mv              =  1.49995e+00
vcm_meas            =  5.50000e-01

ngspice-46 done
