
Note: No compatibility mode selected!


Circuit: * klt sim -- generated corner deck, do not edit

Doing analysis at TEMP = 125.000000 and TNOM = 27.000000

Using SPARSE 1.3 as Direct Linear Solver

Initial Transient Solution
--------------------------

Node                                   Voltage
----                                   -------
vdd                                       1.32
cm                                         0.6
vd                                      -0.048
ap                                       0.576
an                                       0.624
clku                                         0
clk                                          0
ibn                                   0.208028
xa.x1.tmid                         0.000313091
xa.x1.tail                            0.540501
xa.x1.np                               1.31994
xa.x1.nn                               1.31976
xa.x1.ln                                  1.32
xa.x1.lp                                  1.32
xa.x1.lnb                          1.95224e-05
xa.x1.lpb                          2.02944e-05
xa.x1.na                               1.31999
doutb                                  1.31997
dout                               2.80467e-05
xa.x1.nb                               1.31998
doutn                              2.12475e-05
tcheck                                     125
pa_00                                  208.028
bpa_00#branch                                0
btchk#branch                                 0
bdoutn#branch                                0
bclk#branch                        2.21692e-09
ean#branch                         7.86303e-12
eap#branch                         9.79482e-12
vclku#branch                                 0
vd#branch                                    0
vcm#branch                         1.76578e-11
vsup#branch                       -2.07279e-05


No. of Data Rows : 12159

  Measurements for Transient Analysis

dlev0               =  2.01165e-05
dlev1               =  2.08644e-05
dlev2               =  2.11329e-05
dlev3               =  2.16718e-05
dlev4               =  2.27453e-05
dlev5               =  2.30863e-05
dlev6               =  2.28230e-05
dlev7               =  2.13872e-05
dlev8               =  2.09060e-05
dlev9               =  2.04205e-05
dlev10              =  1.99750e-05
dlev11              =  2.02418e-05
dlev12              =  1.98604e-05
dlev13              =  1.89654e-05
dlev14              =  1.83544e-05
dlev15              =  1.97361e-05
dlev16              =  2.13382e-05
dlev17              =  2.15058e-05
dlev18              =  2.14663e-05
dlev19              =  9.99985e-01
dlev20              =  9.99985e-01
dlev21              =  9.99985e-01
dlev22              =  9.99984e-01
dlev23              =  9.99984e-01
dlev24              =  9.99984e-01
dlev25              =  9.99984e-01
dlev26              =  9.99984e-01
dlev27              =  9.99984e-01
dlev28              =  9.99985e-01
dlev29              =  9.99985e-01
dlev30              =  9.99985e-01
dlev31              =  9.99985e-01
dlev32              =  9.99985e-01
vdd_meas            =  1.32000e+00
temp_meas           =  1.25000e+02
vbias_mv            =  2.08028e+02
lowcount            =  1.89998e+01
vos_mv              =  7.49945e+00

ngspice-46 done
