
Note: No compatibility mode selected!


Circuit: * klt sim -- generated corner deck, do not edit

Doing analysis at TEMP = -40.000000 and TNOM = 27.000000

Using SPARSE 1.3 as Direct Linear Solver

Initial Transient Solution
--------------------------

Node                                   Voltage
----                                   -------
vdd                                        1.2
cm                                         0.6
vd                                      -0.048
ap                                       0.576
an                                       0.624
clku                                         0
clk                                          0
ibn                                   0.346903
xa.x1.tmid                         2.39212e-08
xa.x1.tail                            0.551191
xa.x1.np                                   1.2
xa.x1.nn                                   1.2
xa.x1.ln                                   1.2
xa.x1.lp                                   1.2
xa.x1.lnb                          2.67955e-08
xa.x1.lpb                          2.64339e-08
xa.x1.na                                   1.2
doutb                                      1.2
dout                               2.72244e-08
xa.x1.nb                                   1.2
doutn                               2.2687e-08
tcheck                                     -40
pa_00                                  346.903
bpa_00#branch                                0
btchk#branch                                 0
bdoutn#branch                                0
bclk#branch                        2.05115e-10
ean#branch                          3.0223e-13
eap#branch                         3.88148e-13
vclku#branch                                 0
vd#branch                                    0
vcm#branch                         6.90378e-13
vsup#branch                       -2.00005e-05


No. of Data Rows : 12236

  Measurements for Transient Analysis

dlev0               =  7.52896e-06
dlev1               =  9.37892e-06
dlev2               =  1.07936e-05
dlev3               =  1.08106e-05
dlev4               =  1.08305e-05
dlev5               =  1.08181e-05
dlev6               =  4.77020e-06
dlev7               =  7.24363e-06
dlev8               =  9.83394e-06
dlev9               =  9.49343e-06
dlev10              =  9.95432e-06
dlev11              =  9.58752e-06
dlev12              =  9.34093e-06
dlev13              =  8.17823e-06
dlev14              =  5.34995e-06
dlev15              =  3.12859e-06
dlev16              =  7.88212e-06
dlev17              =  9.99999e-01
dlev18              =  1.00000e+00
dlev19              =  1.00000e+00
dlev20              =  1.00000e+00
dlev21              =  1.00000e+00
dlev22              =  1.00000e+00
dlev23              =  1.00000e+00
dlev24              =  1.00000e+00
dlev25              =  1.00000e+00
dlev26              =  1.00000e+00
dlev27              =  1.00000e+00
dlev28              =  1.00000e+00
dlev29              =  1.00000e+00
dlev30              =  1.00000e+00
dlev31              =  1.00000e+00
dlev32              =  1.00000e+00
vdd_meas            =  1.20000e+00
temp_meas           =  -4.00000e+01
vbias_mv            =  3.46903e+02
lowcount            =  1.69998e+01
vos_mv              =  1.49947e+00

ngspice-46 done
