
Note: No compatibility mode selected!


Circuit: * klt sim -- generated corner deck, do not edit

Doing analysis at TEMP = 27.000000 and TNOM = 27.000000

Using SPARSE 1.3 as Direct Linear Solver

Initial Transient Solution
--------------------------

Node                                   Voltage
----                                   -------
vdd                                       1.32
cm                                         0.6
vd                                      -0.048
ap                                       0.576
an                                       0.624
clku                                         0
clk                                          0
ibn                                   0.295901
xa.x1.tmid                         1.55727e-06
xa.x1.tail                            0.582358
xa.x1.np                                  1.32
xa.x1.nn                                  1.32
xa.x1.ln                                  1.32
xa.x1.lp                                  1.32
xa.x1.lnb                           1.1488e-07
xa.x1.lpb                          9.85437e-08
xa.x1.na                                  1.32
doutb                                     1.32
dout                               1.25776e-07
xa.x1.nb                                  1.32
doutn                              9.52846e-08
tcheck                                      27
pa_00                                  295.901
bpa_00#branch                                0
btchk#branch                                 0
bdoutn#branch                                0
bclk#branch                        4.31102e-10
ean#branch                         1.69231e-12
eap#branch                         2.11908e-12
vclku#branch                                 0
vd#branch                                    0
vcm#branch                          3.8114e-12
vsup#branch                       -1.50045e-05


No. of Data Rows : 12246

  Measurements for Transient Analysis

dlev0               =  -2.42741e-06
dlev1               =  -4.42965e-06
dlev2               =  -4.58461e-06
dlev3               =  -6.36798e-06
dlev4               =  -6.84283e-06
dlev5               =  1.82743e-07
dlev6               =  -1.88964e-06
dlev7               =  -3.90735e-06
dlev8               =  -2.11119e-06
dlev9               =  1.14736e-07
dlev10              =  -1.01837e-07
dlev11              =  -2.84386e-06
dlev12              =  -3.26704e-06
dlev13              =  -3.38265e-06
dlev14              =  6.03333e-08
dlev15              =  -3.15498e-06
dlev16              =  -6.81156e-08
dlev17              =  3.88688e-08
dlev18              =  -3.48728e-06
dlev19              =  1.00000e+00
dlev20              =  9.99999e-01
dlev21              =  9.99998e-01
dlev22              =  9.99998e-01
dlev23              =  1.00000e+00
dlev24              =  9.99997e-01
dlev25              =  1.00000e+00
dlev26              =  9.99997e-01
dlev27              =  9.99997e-01
dlev28              =  9.99997e-01
dlev29              =  9.99999e-01
dlev30              =  9.99999e-01
dlev31              =  9.99998e-01
dlev32              =  9.99997e-01
vdd_meas            =  1.32000e+00
temp_meas           =  2.70000e+01
vbias_mv            =  2.95901e+02
lowcount            =  1.90001e+01
vos_mv              =  7.50021e+00

ngspice-46 done
