
Note: No compatibility mode selected!


Circuit: * klt sim -- generated corner deck, do not edit

Doing analysis at TEMP = -40.000000 and TNOM = 27.000000

Using SPARSE 1.3 as Direct Linear Solver

Initial Transient Solution
--------------------------

Node                                   Voltage
----                                   -------
vdd                                       1.08
cm                                         0.6
vd                                      -0.048
ap                                       0.576
an                                       0.624
clku                                         0
clk                                          0
ibn                                    0.32511
xa.x1.tmid                         7.29654e-08
xa.x1.tail                            0.565675
xa.x1.np                                  1.08
xa.x1.nn                                  1.08
xa.x1.ln                                  1.08
xa.x1.lp                                  1.08
xa.x1.lnb                          1.63209e-08
xa.x1.lpb                          1.63336e-08
xa.x1.na                               1.07443
doutb                                 0.527253
dout                                  0.525329
xa.x1.nb                               1.07374
doutn                                 0.486415
tcheck                                     -40
pa_00                                   325.11
bpa_00#branch                                0
btchk#branch                                 0
bdoutn#branch                                0
bclk#branch                        8.25361e-11
ean#branch                         4.94077e-13
eap#branch                          6.5245e-13
vclku#branch                                 0
vd#branch                                    0
vcm#branch                         1.14653e-12
vsup#branch                       -4.07211e-05


No. of Data Rows : 12220

  Measurements for Transient Analysis

dlev0               =  1.23959e-05
dlev1               =  -1.29374e-06
dlev2               =  1.63584e-07
dlev3               =  1.32718e-06
dlev4               =  -8.56759e-06
dlev5               =  -8.02580e-06
dlev6               =  -8.58764e-06
dlev7               =  -8.31773e-06
dlev8               =  -8.05599e-06
dlev9               =  -7.57791e-06
dlev10              =  -7.55002e-06
dlev11              =  -7.46390e-06
dlev12              =  -7.12835e-06
dlev13              =  -6.87292e-06
dlev14              =  -6.57307e-06
dlev15              =  -4.83330e-06
dlev16              =  -3.07199e-06
dlev17              =  2.25262e-07
dlev18              =  1.00000e+00
dlev19              =  1.00000e+00
dlev20              =  1.00000e+00
dlev21              =  1.00000e+00
dlev22              =  9.99998e-01
dlev23              =  9.99998e-01
dlev24              =  1.00000e+00
dlev25              =  9.99998e-01
dlev26              =  9.99998e-01
dlev27              =  9.99998e-01
dlev28              =  9.99998e-01
dlev29              =  9.99997e-01
dlev30              =  9.99999e-01
dlev31              =  1.00000e+00
dlev32              =  1.00000e+00
vdd_meas            =  1.08000e+00
temp_meas           =  -4.00000e+01
vbias_mv            =  3.25110e+02
lowcount            =  1.80001e+01
vos_mv              =  4.50028e+00
vcm_meas            =  6.00000e-01

ngspice-46 done
