
Note: No compatibility mode selected!


Circuit: * klt sim -- generated corner deck, do not edit

Doing analysis at TEMP = 125.000000 and TNOM = 27.000000

Using SPARSE 1.3 as Direct Linear Solver

Initial Transient Solution
--------------------------

Node                                   Voltage
----                                   -------
vdd                                       1.32
cm                                         0.6
vd                                      -0.048
ap                                       0.576
an                                       0.624
clku                                         0
clk                                          0
ibn                                   0.224536
xa.x1.tmid                         0.000165034
xa.x1.tail                            0.543349
xa.x1.np                               1.31995
xa.x1.nn                               1.31985
xa.x1.ln                                  1.32
xa.x1.lp                                  1.32
xa.x1.lnb                          1.58819e-06
xa.x1.lpb                          1.71826e-06
xa.x1.na                                  1.32
doutb                              1.98305e-06
dout                                   1.31999
xa.x1.nb                               1.31999
doutn                                 0.999991
tcheck                                     125
pa_00                                  224.536
bpa_00#branch                                0
btchk#branch                                 0
bdoutn#branch                                0
bclk#branch                        3.81215e-10
ean#branch                         3.84892e-12
eap#branch                          4.8053e-12
vclku#branch                                 0
vd#branch                                    0
vcm#branch                         8.65422e-12
vsup#branch                       -2.02967e-05


No. of Data Rows : 12221

  Measurements for Transient Analysis

dlev0               =  9.74358e-07
dlev1               =  4.88305e-06
dlev2               =  1.85385e-06
dlev3               =  8.63171e-07
dlev4               =  3.33164e-07
dlev5               =  2.57745e-06
dlev6               =  1.91713e-06
dlev7               =  -1.31877e-06
dlev8               =  -1.85355e-06
dlev9               =  2.80651e-06
dlev10              =  4.71850e-06
dlev11              =  2.43226e-06
dlev12              =  2.36297e-06
dlev13              =  3.93172e-08
dlev14              =  3.19163e-07
dlev15              =  -1.81146e-07
dlev16              =  9.99991e-01
dlev17              =  9.99991e-01
dlev18              =  9.99991e-01
dlev19              =  9.99992e-01
dlev20              =  9.99993e-01
dlev21              =  9.99992e-01
dlev22              =  9.99993e-01
dlev23              =  9.99991e-01
dlev24              =  9.99990e-01
dlev25              =  9.99991e-01
dlev26              =  9.99992e-01
dlev27              =  9.99992e-01
dlev28              =  9.99991e-01
dlev29              =  9.99992e-01
dlev30              =  9.99993e-01
dlev31              =  9.99993e-01
dlev32              =  9.99991e-01
vdd_meas            =  1.32000e+00
temp_meas           =  1.25000e+02
vbias_mv            =  2.24536e+02
lowcount            =  1.60001e+01
vos_mv              =  -1.49964e+00

ngspice-46 done
