
Note: No compatibility mode selected!


Circuit: * klt sim -- generated corner deck, do not edit

Doing analysis at TEMP = 125.000000 and TNOM = 27.000000

Using SPARSE 1.3 as Direct Linear Solver

Initial Transient Solution
--------------------------

Node                                   Voltage
----                                   -------
vdd                                        1.2
cm                                         0.6
vd                                      -0.048
ap                                       0.576
an                                       0.624
clku                                         0
clk                                          0
ibn                                    0.29671
xa.x1.tmid                         1.21753e-05
xa.x1.tail                             0.54373
xa.x1.np                                   1.2
xa.x1.nn                               1.19999
xa.x1.ln                                   1.2
xa.x1.lp                                   1.2
xa.x1.lnb                          7.74066e-07
xa.x1.lpb                          9.02647e-07
xa.x1.na                               1.18126
doutb                                 0.614785
dout                                  0.619474
xa.x1.nb                               1.18062
doutn                                 0.516229
tcheck                                     125
pa_00                                   296.71
bpa_00#branch                                0
btchk#branch                                 0
bdoutn#branch                                0
bclk#branch                        1.45049e-10
ean#branch                         3.21493e-13
eap#branch                         4.16514e-13
vclku#branch                                 0
vd#branch                                    0
vcm#branch                         7.38007e-13
vsup#branch                       -8.02707e-05


No. of Data Rows : 12075

  Measurements for Transient Analysis

dlev0               =  1.65644e-06
dlev1               =  6.93867e-07
dlev2               =  4.89548e-07
dlev3               =  -1.60006e-06
dlev4               =  -2.69117e-06
dlev5               =  -1.86464e-06
dlev6               =  -1.58143e-06
dlev7               =  -2.00104e-06
dlev8               =  6.14579e-07
dlev9               =  5.91686e-07
dlev10              =  -1.16449e-07
dlev11              =  -2.12933e-06
dlev12              =  -1.46843e-06
dlev13              =  -1.72308e-06
dlev14              =  -2.53556e-06
dlev15              =  -1.67929e-06
dlev16              =  1.00000e+00
dlev17              =  9.99999e-01
dlev18              =  9.99998e-01
dlev19              =  9.99998e-01
dlev20              =  9.99998e-01
dlev21              =  9.99998e-01
dlev22              =  9.99999e-01
dlev23              =  9.99999e-01
dlev24              =  9.99998e-01
dlev25              =  9.99998e-01
dlev26              =  9.99998e-01
dlev27              =  9.99998e-01
dlev28              =  9.99999e-01
dlev29              =  9.99999e-01
dlev30              =  9.99998e-01
dlev31              =  9.99999e-01
dlev32              =  9.99999e-01
vdd_meas            =  1.20000e+00
temp_meas           =  1.25000e+02
vbias_mv            =  2.96710e+02
lowcount            =  1.60000e+01
vos_mv              =  -1.49988e+00

ngspice-46 done
