
Note: No compatibility mode selected!


Circuit: * klt sim -- generated corner deck, do not edit

Doing analysis at TEMP = 125.000000 and TNOM = 27.000000

Using SPARSE 1.3 as Direct Linear Solver

Initial Transient Solution
--------------------------

Node                                   Voltage
----                                   -------
vdd                                       1.08
cm                                        0.65
vd                                      -0.048
ap                                       0.626
an                                       0.674
clku                                         0
clk                                          0
ibn                                   0.250961
xa.x1.tmid                         8.54459e-05
xa.x1.tail                            0.619377
xa.x1.np                               1.07997
xa.x1.nn                               1.07991
xa.x1.ln                                  1.08
xa.x1.lp                                  1.08
xa.x1.lnb                          3.64235e-06
xa.x1.lpb                          4.26581e-06
xa.x1.na                                  1.08
doutb                                  1.07999
dout                                5.7967e-06
xa.x1.nb                               1.07999
doutn                              5.36732e-06
tcheck                                     125
pa_00                                  250.961
bpa_00#branch                                0
btchk#branch                                 0
bdoutn#branch                                0
bclk#branch                        3.39615e-10
ean#branch                         8.00693e-13
eap#branch                          1.0873e-12
vclku#branch                                 0
vd#branch                                    0
vcm#branch                         1.88799e-12
vsup#branch                       -2.01748e-05


No. of Data Rows : 12053

  Measurements for Transient Analysis

dlev0               =  4.32735e-06
dlev1               =  4.15106e-06
dlev2               =  4.11048e-06
dlev3               =  6.39659e-06
dlev4               =  4.17152e-06
dlev5               =  4.16542e-06
dlev6               =  4.56725e-06
dlev7               =  4.38277e-06
dlev8               =  4.04077e-06
dlev9               =  4.63973e-06
dlev10              =  4.51229e-06
dlev11              =  4.41176e-06
dlev12              =  4.00222e-06
dlev13              =  4.48323e-06
dlev14              =  4.22486e-06
dlev15              =  4.54992e-06
dlev16              =  4.26977e-06
dlev17              =  4.80307e-06
dlev18              =  9.99995e-01
dlev19              =  9.99994e-01
dlev20              =  9.99994e-01
dlev21              =  9.99994e-01
dlev22              =  9.99994e-01
dlev23              =  9.99994e-01
dlev24              =  9.99994e-01
dlev25              =  9.99994e-01
dlev26              =  9.99994e-01
dlev27              =  9.99994e-01
dlev28              =  9.99994e-01
dlev29              =  9.99994e-01
dlev30              =  9.99994e-01
dlev31              =  9.99994e-01
dlev32              =  9.99994e-01
vdd_meas            =  1.08000e+00
temp_meas           =  1.25000e+02
vbias_mv            =  2.50961e+02
lowcount            =  1.80000e+01
vos_mv              =  4.50002e+00
vcm_meas            =  6.50000e-01

ngspice-46 done
