
Note: No compatibility mode selected!


Circuit: * klt sim -- generated corner deck, do not edit

Doing analysis at TEMP = 125.000000 and TNOM = 27.000000

Using SPARSE 1.3 as Direct Linear Solver

Initial Transient Solution
--------------------------

Node                                   Voltage
----                                   -------
vdd                                       1.08
cm                                         0.6
vd                                      -0.048
ap                                       0.576
an                                       0.624
clku                                         0
clk                                          0
ibn                                   0.252949
xa.x1.tmid                         7.08847e-05
xa.x1.tail                            0.533591
xa.x1.np                               1.07998
xa.x1.nn                               1.07993
xa.x1.ln                                  1.08
xa.x1.lp                                  1.08
xa.x1.lnb                          4.11875e-06
xa.x1.lpb                          4.64851e-06
xa.x1.na                                  1.08
doutb                                  1.07999
dout                               6.07177e-06
xa.x1.nb                               1.07999
doutn                              5.62201e-06
tcheck                                     125
pa_00                                  252.949
bpa_00#branch                                0
btchk#branch                                 0
bdoutn#branch                                0
bclk#branch                        3.34485e-10
ean#branch                         7.16399e-13
eap#branch                         9.53307e-13
vclku#branch                                 0
vd#branch                                    0
vcm#branch                         1.66971e-12
vsup#branch                       -2.01524e-05


No. of Data Rows : 12081

  Measurements for Transient Analysis

dlev0               =  4.93617e-06
dlev1               =  4.77535e-06
dlev2               =  4.96207e-06
dlev3               =  5.12633e-06
dlev4               =  5.43965e-06
dlev5               =  5.63093e-06
dlev6               =  3.62727e-06
dlev7               =  5.51370e-06
dlev8               =  5.61697e-06
dlev9               =  5.62595e-06
dlev10              =  5.62786e-06
dlev11              =  5.37115e-06
dlev12              =  5.59936e-06
dlev13              =  5.35921e-06
dlev14              =  5.62512e-06
dlev15              =  5.61964e-06
dlev16              =  4.86955e-06
dlev17              =  9.99994e-01
dlev18              =  9.99994e-01
dlev19              =  9.99994e-01
dlev20              =  9.99994e-01
dlev21              =  9.99994e-01
dlev22              =  9.99994e-01
dlev23              =  9.99994e-01
dlev24              =  9.99994e-01
dlev25              =  9.99994e-01
dlev26              =  9.99994e-01
dlev27              =  9.99994e-01
dlev28              =  9.99994e-01
dlev29              =  9.99994e-01
dlev30              =  9.99994e-01
dlev31              =  9.99994e-01
dlev32              =  9.99994e-01
vdd_meas            =  1.08000e+00
temp_meas           =  1.25000e+02
vbias_mv            =  2.52949e+02
lowcount            =  1.70000e+01
vos_mv              =  1.50001e+00

ngspice-46 done
