
Note: No compatibility mode selected!


Circuit: * klt sim -- generated corner deck, do not edit

Doing analysis at TEMP = 125.000000 and TNOM = 27.000000

Using SPARSE 1.3 as Direct Linear Solver

Initial Transient Solution
--------------------------

Node                                   Voltage
----                                   -------
vdd                                       1.32
cm                                         0.6
vd                                      -0.048
ap                                       0.576
an                                       0.624
clku                                         0
clk                                          0
ibn                                   0.294461
xa.x1.tmid                         1.50083e-05
xa.x1.tail                            0.557282
xa.x1.np                                  1.32
xa.x1.nn                               1.31999
xa.x1.ln                                  1.32
xa.x1.lp                                  1.32
xa.x1.lnb                          6.85642e-07
xa.x1.lpb                          6.92107e-07
xa.x1.na                               1.28945
doutb                                  0.66664
dout                                   0.66581
xa.x1.nb                               1.29031
doutn                                 0.504401
tcheck                                     125
pa_00                                  294.461
bpa_00#branch                                0
btchk#branch                                 0
bdoutn#branch                                0
bclk#branch                        2.06739e-10
ean#branch                         4.48211e-13
eap#branch                         5.67157e-13
vclku#branch                                 0
vd#branch                                    0
vcm#branch                         1.01537e-12
vsup#branch                       -0.000123996


No. of Data Rows : 12092

  Measurements for Transient Analysis

dlev0               =  3.75099e-07
dlev1               =  4.32911e-06
dlev2               =  8.14901e-07
dlev3               =  2.28629e-06
dlev4               =  2.46751e-06
dlev5               =  4.16444e-06
dlev6               =  4.81797e-06
dlev7               =  1.21988e-06
dlev8               =  4.05502e-06
dlev9               =  3.71746e-06
dlev10              =  6.31881e-06
dlev11              =  3.36883e-06
dlev12              =  5.44938e-06
dlev13              =  2.70952e-06
dlev14              =  4.03336e-06
dlev15              =  9.99999e-01
dlev16              =  1.00000e+00
dlev17              =  1.00000e+00
dlev18              =  9.99999e-01
dlev19              =  1.00000e+00
dlev20              =  1.00000e+00
dlev21              =  1.00000e+00
dlev22              =  1.00000e+00
dlev23              =  1.00000e+00
dlev24              =  1.00000e+00
dlev25              =  1.00000e+00
dlev26              =  1.00000e+00
dlev27              =  9.99999e-01
dlev28              =  1.00000e+00
dlev29              =  1.00000e+00
dlev30              =  9.99999e-01
dlev31              =  1.00000e+00
dlev32              =  1.00000e+00
vdd_meas            =  1.32000e+00
temp_meas           =  1.25000e+02
vbias_mv            =  2.94461e+02
lowcount            =  1.49999e+01
vos_mv              =  -4.50017e+00

ngspice-46 done
