
Note: No compatibility mode selected!


Circuit: * klt sim -- generated corner deck, do not edit

Doing analysis at TEMP = -40.000000 and TNOM = 27.000000

Using SPARSE 1.3 as Direct Linear Solver

Initial Transient Solution
--------------------------

Node                                   Voltage
----                                   -------
vdd                                       1.08
cm                                         0.6
vd                                      -0.048
ap                                       0.576
an                                       0.624
clku                                         0
clk                                          0
ibn                                   0.391576
xa.x1.tmid                         1.47299e-09
xa.x1.tail                            0.589288
xa.x1.np                                  1.08
xa.x1.nn                                  1.08
xa.x1.ln                                  1.08
xa.x1.lp                                  1.08
xa.x1.lnb                          6.32208e-09
xa.x1.lpb                          6.53627e-09
xa.x1.na                               1.07808
doutb                                 0.545204
dout                                   0.55229
xa.x1.nb                                 1.078
doutn                                 0.511379
tcheck                                     -40
pa_00                                  391.576
bpa_00#branch                                0
btchk#branch                                 0
bdoutn#branch                                0
bclk#branch                        4.48894e-11
ean#branch                         5.30131e-14
eap#branch                          7.0971e-14
vclku#branch                                 0
vd#branch                                    0
vcm#branch                         1.23984e-13
vsup#branch                       -2.62905e-05


No. of Data Rows : 12159

  Measurements for Transient Analysis

dlev0               =  -6.45074e-06
dlev1               =  -6.28048e-06
dlev2               =  -6.45447e-06
dlev3               =  -6.50293e-06
dlev4               =  -6.11394e-06
dlev5               =  -6.14407e-06
dlev6               =  1.38221e-06
dlev7               =  1.18203e-06
dlev8               =  1.14702e-06
dlev9               =  3.90762e-06
dlev10              =  -4.46913e-06
dlev11              =  -8.06725e-06
dlev12              =  -1.70379e-06
dlev13              =  -4.04426e-06
dlev14              =  -2.41047e-06
dlev15              =  -1.00904e-05
dlev16              =  -1.29793e-05
dlev17              =  9.99996e-01
dlev18              =  9.99997e-01
dlev19              =  1.00000e+00
dlev20              =  9.99998e-01
dlev21              =  1.00000e+00
dlev22              =  9.99997e-01
dlev23              =  9.99998e-01
dlev24              =  1.00000e+00
dlev25              =  9.99997e-01
dlev26              =  9.99997e-01
dlev27              =  9.99998e-01
dlev28              =  9.99997e-01
dlev29              =  9.99998e-01
dlev30              =  9.99998e-01
dlev31              =  9.99998e-01
dlev32              =  9.99998e-01
vdd_meas            =  1.08000e+00
temp_meas           =  -4.00000e+01
vbias_mv            =  3.91576e+02
lowcount            =  1.70001e+01
vos_mv              =  1.50031e+00

ngspice-46 done
