
Note: No compatibility mode selected!


Circuit: * klt sim -- generated corner deck, do not edit

Doing analysis at TEMP = 125.000000 and TNOM = 27.000000

Using SPARSE 1.3 as Direct Linear Solver

Initial Transient Solution
--------------------------

Node                                   Voltage
----                                   -------
vdd                                       1.32
cm                                         0.6
vd                                      -0.048
ap                                       0.576
an                                       0.624
clku                                         0
clk                                          0
ibn                                   0.161969
xa.x1.tmid                         0.000448491
xa.x1.tail                            0.579816
xa.x1.np                               1.31993
xa.x1.nn                               1.31981
xa.x1.ln                                  1.32
xa.x1.lp                                  1.32
xa.x1.lnb                          1.88211e-05
xa.x1.lpb                          1.88313e-05
xa.x1.na                               1.31999
doutb                                  1.31998
dout                               2.84217e-05
xa.x1.nb                               1.31998
doutn                              2.15316e-05
tcheck                                     125
pa_00                                  161.969
bpa_00#branch                                0
btchk#branch                                 0
bdoutn#branch                                0
bclk#branch                        2.20182e-09
ean#branch                         1.58138e-11
eap#branch                         1.96203e-11
vclku#branch                                 0
vd#branch                                    0
vcm#branch                         3.54341e-11
vsup#branch                       -1.06728e-05


No. of Data Rows : 12107

  Measurements for Transient Analysis

dlev0               =  2.00391e-05
dlev1               =  2.21609e-05
dlev2               =  1.99089e-05
dlev3               =  1.60711e-05
dlev4               =  2.22774e-05
dlev5               =  1.97424e-05
dlev6               =  2.06784e-05
dlev7               =  1.92094e-05
dlev8               =  2.32262e-05
dlev9               =  2.12621e-05
dlev10              =  2.44531e-05
dlev11              =  2.28622e-05
dlev12              =  2.31734e-05
dlev13              =  2.34988e-05
dlev14              =  2.24627e-05
dlev15              =  9.99988e-01
dlev16              =  9.99986e-01
dlev17              =  9.99988e-01
dlev18              =  9.99986e-01
dlev19              =  9.99988e-01
dlev20              =  9.99988e-01
dlev21              =  9.99987e-01
dlev22              =  9.99987e-01
dlev23              =  9.99987e-01
dlev24              =  9.99987e-01
dlev25              =  9.99988e-01
dlev26              =  9.99987e-01
dlev27              =  9.99987e-01
dlev28              =  9.99987e-01
dlev29              =  9.99988e-01
dlev30              =  9.99988e-01
dlev31              =  9.99987e-01
dlev32              =  9.99987e-01
vdd_meas            =  1.32000e+00
temp_meas           =  1.25000e+02
vbias_mv            =  1.61969e+02
lowcount            =  1.49999e+01
vos_mv              =  -4.50027e+00

ngspice-46 done
