
Note: No compatibility mode selected!


Circuit: * klt sim -- generated corner deck, do not edit

Doing analysis at TEMP = -40.000000 and TNOM = 27.000000

Using SPARSE 1.3 as Direct Linear Solver

Initial Transient Solution
--------------------------

Node                                   Voltage
----                                   -------
vdd                                       1.08
cm                                         0.6
vd                                      -0.048
ap                                       0.576
an                                       0.624
clku                                         0
clk                                          0
ibn                                   0.366054
xa.x1.tmid                         5.50263e-09
xa.x1.tail                            0.547893
xa.x1.np                                  1.08
xa.x1.nn                                  1.08
xa.x1.ln                                  1.08
xa.x1.lp                                  1.08
xa.x1.lnb                          3.60462e-08
xa.x1.lpb                          3.69139e-08
xa.x1.na                               1.07462
doutb                                 0.590784
dout                                  0.596143
xa.x1.nb                               1.07487
doutn                                 0.551984
tcheck                                     -40
pa_00                                  366.054
bpa_00#branch                                0
btchk#branch                                 0
bdoutn#branch                                0
bclk#branch                        2.55941e-10
ean#branch                         5.53307e-14
eap#branch                         7.40935e-14
vclku#branch                                 0
vd#branch                                    0
vcm#branch                         1.29424e-13
vsup#branch                        -4.1805e-05


No. of Data Rows : 12084

  Measurements for Transient Analysis

dlev0               =  -3.06837e-06
dlev1               =  -1.53208e-06
dlev2               =  -1.31100e-06
dlev3               =  -3.52269e-06
dlev4               =  -8.05082e-06
dlev5               =  -1.98756e-06
dlev6               =  -1.37477e-06
dlev7               =  -1.40075e-06
dlev8               =  -1.21816e-06
dlev9               =  -6.68768e-06
dlev10              =  -4.69231e-06
dlev11              =  -6.59236e-06
dlev12              =  -1.08131e-06
dlev13              =  -1.10498e-06
dlev14              =  -6.51598e-06
dlev15              =  -9.05063e-06
dlev16              =  -1.77314e-07
dlev17              =  1.00000e+00
dlev18              =  9.99999e-01
dlev19              =  9.99999e-01
dlev20              =  9.99999e-01
dlev21              =  9.99996e-01
dlev22              =  9.99996e-01
dlev23              =  9.99998e-01
dlev24              =  9.99998e-01
dlev25              =  9.99996e-01
dlev26              =  9.99999e-01
dlev27              =  9.99999e-01
dlev28              =  9.99995e-01
dlev29              =  9.99995e-01
dlev30              =  9.99999e-01
dlev31              =  9.99999e-01
dlev32              =  9.99995e-01
vdd_meas            =  1.08000e+00
temp_meas           =  -4.00000e+01
vbias_mv            =  3.66054e+02
lowcount            =  1.70001e+01
vos_mv              =  1.50028e+00

ngspice-46 done
