
Note: No compatibility mode selected!


Circuit: * klt sim -- generated corner deck, do not edit

Doing analysis at TEMP = 125.000000 and TNOM = 27.000000

Using SPARSE 1.3 as Direct Linear Solver

Initial Transient Solution
--------------------------

Node                                   Voltage
----                                   -------
vdd                                       1.32
cm                                         0.6
vd                                      -0.048
ap                                       0.576
an                                       0.624
clku                                         0
clk                                          0
ibn                                   0.275244
xa.x1.tmid                         3.50618e-05
xa.x1.tail                            0.591963
xa.x1.np                               1.31999
xa.x1.nn                               1.31997
xa.x1.ln                                  1.32
xa.x1.lp                                  1.32
xa.x1.lnb                          9.58414e-06
xa.x1.lpb                           9.6799e-06
xa.x1.na                               1.28365
doutb                                 0.708008
dout                                  0.705881
xa.x1.nb                               1.28311
doutn                                 0.534758
tcheck                                     125
pa_00                                  275.244
bpa_00#branch                                0
btchk#branch                                 0
bdoutn#branch                                0
bclk#branch                        1.21615e-09
ean#branch                         1.83947e-12
eap#branch                         2.31343e-12
vclku#branch                                 0
vd#branch                                    0
vcm#branch                          4.1529e-12
vsup#branch                       -0.000184839


No. of Data Rows : 12246

  Measurements for Transient Analysis

dlev0               =  9.30420e-06
dlev1               =  9.69850e-06
dlev2               =  8.84445e-06
dlev3               =  7.48161e-06
dlev4               =  3.94642e-06
dlev5               =  5.15810e-06
dlev6               =  2.30232e-06
dlev7               =  4.42891e-06
dlev8               =  1.05222e-05
dlev9               =  8.15145e-06
dlev10              =  1.02069e-05
dlev11              =  6.87552e-06
dlev12              =  8.86751e-06
dlev13              =  8.82634e-06
dlev14              =  7.20391e-06
dlev15              =  7.66885e-06
dlev16              =  9.99998e-01
dlev17              =  9.99999e-01
dlev18              =  9.99999e-01
dlev19              =  9.99998e-01
dlev20              =  9.99998e-01
dlev21              =  9.99999e-01
dlev22              =  9.99999e-01
dlev23              =  9.99997e-01
dlev24              =  9.99998e-01
dlev25              =  9.99997e-01
dlev26              =  9.99997e-01
dlev27              =  9.99997e-01
dlev28              =  9.99999e-01
dlev29              =  9.99999e-01
dlev30              =  9.99997e-01
dlev31              =  9.99998e-01
dlev32              =  9.99998e-01
vdd_meas            =  1.32000e+00
temp_meas           =  1.25000e+02
vbias_mv            =  2.75244e+02
lowcount            =  1.59999e+01
vos_mv              =  -1.50026e+00
vcm_meas            =  6.00000e-01

ngspice-46 done
