
Note: No compatibility mode selected!


Circuit: * klt sim -- generated corner deck, do not edit

Doing analysis at TEMP = 125.000000 and TNOM = 27.000000

Using SPARSE 1.3 as Direct Linear Solver

Initial Transient Solution
--------------------------

Node                                   Voltage
----                                   -------
vdd                                       1.32
cm                                         0.6
vd                                      -0.048
ap                                       0.576
an                                       0.624
clku                                         0
clk                                          0
ibn                                   0.295431
xa.x1.tmid                          1.3643e-05
xa.x1.tail                            0.601366
xa.x1.np                                  1.32
xa.x1.nn                               1.31999
xa.x1.ln                                  1.32
xa.x1.lp                                  1.32
xa.x1.lnb                          7.59529e-07
xa.x1.lpb                           7.2489e-07
xa.x1.na                               1.28844
doutb                                 0.674449
dout                                  0.662586
xa.x1.nb                               1.29158
doutn                                 0.501959
tcheck                                     125
pa_00                                  295.431
bpa_00#branch                                0
btchk#branch                                 0
bdoutn#branch                                0
bclk#branch                          2.064e-10
ean#branch                         8.97588e-13
eap#branch                          1.1349e-12
vclku#branch                                 0
vd#branch                                    0
vcm#branch                         2.03249e-12
vsup#branch                       -0.000122053


No. of Data Rows : 12204

  Measurements for Transient Analysis

dlev0               =  1.63192e-07
dlev1               =  2.08905e-06
dlev2               =  2.44302e-06
dlev3               =  1.34126e-06
dlev4               =  1.38373e-06
dlev5               =  1.33720e-06
dlev6               =  1.30705e-06
dlev7               =  1.37422e-06
dlev8               =  1.45721e-06
dlev9               =  1.57307e-06
dlev10              =  1.75286e-06
dlev11              =  1.44752e-06
dlev12              =  1.11644e-06
dlev13              =  1.65349e-06
dlev14              =  9.56624e-07
dlev15              =  1.40576e-06
dlev16              =  9.99999e-01
dlev17              =  1.00000e+00
dlev18              =  9.99999e-01
dlev19              =  1.00000e+00
dlev20              =  1.00000e+00
dlev21              =  1.00000e+00
dlev22              =  1.00000e+00
dlev23              =  1.00000e+00
dlev24              =  1.00000e+00
dlev25              =  1.00000e+00
dlev26              =  1.00000e+00
dlev27              =  1.00000e+00
dlev28              =  1.00000e+00
dlev29              =  1.00000e+00
dlev30              =  1.00000e+00
dlev31              =  1.00000e+00
dlev32              =  1.00000e+00
vdd_meas            =  1.32000e+00
temp_meas           =  1.25000e+02
vbias_mv            =  2.95431e+02
lowcount            =  1.60000e+01
vos_mv              =  -1.50005e+00

ngspice-46 done
