
Note: No compatibility mode selected!


Circuit: * klt sim -- generated corner deck, do not edit

Doing analysis at TEMP = -40.000000 and TNOM = 27.000000

Using SPARSE 1.3 as Direct Linear Solver

Initial Transient Solution
--------------------------

Node                                   Voltage
----                                   -------
vdd                                       1.08
cm                                         0.6
vd                                      -0.048
ap                                       0.576
an                                       0.624
clku                                         0
clk                                          0
ibn                                   0.288996
xa.x1.tmid                          2.3091e-07
xa.x1.tail                            0.564777
xa.x1.np                                  1.08
xa.x1.nn                                  1.08
xa.x1.ln                                  1.08
xa.x1.lp                                  1.08
xa.x1.lnb                          7.41012e-08
xa.x1.lpb                          8.11217e-08
xa.x1.na                               1.06911
doutb                                 0.567427
dout                                  0.562516
xa.x1.nb                               1.06961
doutn                                 0.520848
tcheck                                     -40
pa_00                                  288.996
bpa_00#branch                                0
btchk#branch                                 0
bdoutn#branch                                0
bclk#branch                         4.5981e-10
ean#branch                         1.04103e-12
eap#branch                         1.36646e-12
vclku#branch                                 0
vd#branch                                    0
vcm#branch                         2.40749e-12
vsup#branch                       -6.44513e-05


No. of Data Rows : 12205

  Measurements for Transient Analysis

dlev0               =  -6.47883e-06
dlev1               =  9.75500e-06
dlev2               =  9.54982e-06
dlev3               =  5.51521e-06
dlev4               =  8.84084e-06
dlev5               =  9.72013e-06
dlev6               =  9.41321e-06
dlev7               =  7.72795e-06
dlev8               =  9.64586e-06
dlev9               =  4.70561e-06
dlev10              =  9.76671e-06
dlev11              =  -1.47552e-06
dlev12              =  8.10905e-06
dlev13              =  6.17094e-06
dlev14              =  2.18188e-06
dlev15              =  -2.46068e-06
dlev16              =  9.99999e-01
dlev17              =  1.00000e+00
dlev18              =  1.00000e+00
dlev19              =  1.00000e+00
dlev20              =  1.00000e+00
dlev21              =  1.00000e+00
dlev22              =  1.00000e+00
dlev23              =  1.00000e+00
dlev24              =  1.00000e+00
dlev25              =  1.00000e+00
dlev26              =  1.00000e+00
dlev27              =  1.00000e+00
dlev28              =  1.00000e+00
dlev29              =  1.00000e+00
dlev30              =  1.00000e+00
dlev31              =  1.00000e+00
dlev32              =  1.00000e+00
vdd_meas            =  1.08000e+00
temp_meas           =  -4.00000e+01
vbias_mv            =  2.88996e+02
lowcount            =  1.59999e+01
vos_mv              =  -1.50044e+00

ngspice-46 done
