
Note: No compatibility mode selected!


Circuit: * klt sim -- generated corner deck, do not edit

Doing analysis at TEMP = 27.000000 and TNOM = 27.000000

Using SPARSE 1.3 as Direct Linear Solver

Initial Transient Solution
--------------------------

Node                                   Voltage
----                                   -------
vdd                                       1.32
cm                                         0.6
vd                                      -0.048
ap                                       0.576
an                                       0.624
clku                                         0
clk                                          0
ibn                                   0.287342
xa.x1.tmid                         2.90362e-06
xa.x1.tail                             0.54657
xa.x1.np                                  1.32
xa.x1.nn                                  1.32
xa.x1.ln                                  1.32
xa.x1.lp                                  1.32
xa.x1.lnb                          7.54761e-08
xa.x1.lpb                          6.66162e-08
xa.x1.na                                  1.32
doutb                                     1.32
dout                               7.48686e-08
xa.x1.nb                                  1.32
doutn                              5.67186e-08
tcheck                                      27
pa_00                                  287.342
bpa_00#branch                                0
btchk#branch                                 0
bdoutn#branch                                0
bclk#branch                        2.43706e-10
ean#branch                         1.73098e-12
eap#branch                         2.15969e-12
vclku#branch                                 0
vd#branch                                    0
vcm#branch                         3.89067e-12
vsup#branch                        -2.0008e-05


No. of Data Rows : 12243

  Measurements for Transient Analysis

dlev0               =  -2.23946e-06
dlev1               =  -1.53874e-06
dlev2               =  -2.34717e-06
dlev3               =  -9.42980e-07
dlev4               =  -6.71613e-08
dlev5               =  -1.10572e-07
dlev6               =  9.42917e-08
dlev7               =  9.27243e-08
dlev8               =  -3.04755e-06
dlev9               =  -3.42455e-06
dlev10              =  1.22177e-07
dlev11              =  4.23091e-07
dlev12              =  -4.70321e-07
dlev13              =  7.25555e-08
dlev14              =  5.75736e-08
dlev15              =  -3.83733e-07
dlev16              =  9.99999e-01
dlev17              =  1.00000e+00
dlev18              =  1.00000e+00
dlev19              =  1.00000e+00
dlev20              =  1.00000e+00
dlev21              =  9.99999e-01
dlev22              =  1.00000e+00
dlev23              =  9.99999e-01
dlev24              =  9.99997e-01
dlev25              =  9.99999e-01
dlev26              =  1.00000e+00
dlev27              =  9.99999e-01
dlev28              =  1.00000e+00
dlev29              =  9.99999e-01
dlev30              =  1.00000e+00
dlev31              =  1.00000e+00
dlev32              =  1.00000e+00
vdd_meas            =  1.32000e+00
temp_meas           =  2.70000e+01
vbias_mv            =  2.87342e+02
lowcount            =  1.60000e+01
vos_mv              =  -1.49992e+00

ngspice-46 done
