
Note: No compatibility mode selected!


Circuit: * klt sim -- generated corner deck, do not edit

Doing analysis at TEMP = -40.000000 and TNOM = 27.000000

Using SPARSE 1.3 as Direct Linear Solver
Note: Starting dynamic gmin stepping
Note: Dynamic gmin stepping completed

Initial Transient Solution
--------------------------

Node                                   Voltage
----                                   -------
vdd                                        1.2
cm                                         0.6
vd                                      -0.048
ap                                       0.576
an                                       0.624
clku                                         0
clk                                          0
ibn                                   0.388097
xa.x1.tmid                         1.47899e-09
xa.x1.tail                            0.575125
xa.x1.np                                   1.2
xa.x1.nn                                   1.2
xa.x1.ln                                   1.2
xa.x1.lp                                   1.2
xa.x1.lnb                          8.05676e-09
xa.x1.lpb                           7.8074e-09
xa.x1.na                                   1.2
doutb                                      1.2
dout                               7.89795e-09
xa.x1.nb                                   1.2
doutn                              6.58162e-09
tcheck                                     -40
pa_00                                  388.097
bpa_00#branch                                0
btchk#branch                                 0
bdoutn#branch                                0
bclk#branch                        6.38176e-11
ean#branch                         7.02494e-14
eap#branch                         9.10244e-14
vclku#branch                                 0
vd#branch                                    0
vcm#branch                         1.61274e-13
vsup#branch                       -2.00001e-05


No. of Data Rows : 12189

  Measurements for Transient Analysis

dlev0               =  -4.33358e-07
dlev1               =  4.59215e-06
dlev2               =  4.82096e-06
dlev3               =  4.23209e-06
dlev4               =  4.89895e-06
dlev5               =  1.58483e-06
dlev6               =  1.91211e-06
dlev7               =  5.87189e-06
dlev8               =  2.00185e-06
dlev9               =  2.24926e-06
dlev10              =  -5.26709e-06
dlev11              =  6.82101e-06
dlev12              =  5.10176e-06
dlev13              =  -5.65287e-06
dlev14              =  4.93619e-06
dlev15              =  6.47503e-06
dlev16              =  -4.62809e-06
dlev17              =  5.31610e-06
dlev18              =  1.00000e+00
dlev19              =  9.99998e-01
dlev20              =  1.00000e+00
dlev21              =  9.99998e-01
dlev22              =  1.00000e+00
dlev23              =  9.99998e-01
dlev24              =  1.00000e+00
dlev25              =  1.00000e+00
dlev26              =  1.00000e+00
dlev27              =  1.00000e+00
dlev28              =  1.00000e+00
dlev29              =  1.00000e+00
dlev30              =  1.00000e+00
dlev31              =  1.00000e+00
dlev32              =  1.00000e+00
vdd_meas            =  1.20000e+00
temp_meas           =  -4.00000e+01
vbias_mv            =  3.88097e+02
lowcount            =  1.79999e+01
vos_mv              =  4.49984e+00

ngspice-46 done
