
Note: No compatibility mode selected!


Circuit: * klt sim -- generated corner deck, do not edit

Doing analysis at TEMP = -40.000000 and TNOM = 27.000000

Using SPARSE 1.3 as Direct Linear Solver
Note: Starting dynamic gmin stepping
Note: Dynamic gmin stepping completed

Initial Transient Solution
--------------------------

Node                                   Voltage
----                                   -------
vdd                                       1.32
cm                                         0.6
vd                                      -0.048
ap                                       0.576
an                                       0.624
clku                                         0
clk                                          0
ibn                                   0.390223
xa.x1.tmid                         1.44421e-09
xa.x1.tail                            0.567872
xa.x1.np                                  1.32
xa.x1.nn                                  1.32
xa.x1.ln                                  1.32
xa.x1.lp                                  1.32
xa.x1.lnb                           1.0375e-08
xa.x1.lpb                          1.03907e-08
xa.x1.na                               1.30823
doutb                                 0.674147
dout                                  0.673632
xa.x1.nb                                1.3069
doutn                                 0.510327
tcheck                                     -40
pa_00                                  390.223
bpa_00#branch                                0
btchk#branch                                 0
bdoutn#branch                                0
bclk#branch                        9.02247e-11
ean#branch                         9.82686e-14
eap#branch                         1.24359e-13
vclku#branch                                 0
vd#branch                                    0
vcm#branch                         2.22627e-13
vsup#branch                       -7.18932e-05


No. of Data Rows : 12294

  Measurements for Transient Analysis

dlev0               =  6.68977e-07
dlev1               =  9.23174e-07
dlev2               =  9.29905e-07
dlev3               =  8.82033e-07
dlev4               =  4.40516e-06
dlev5               =  -1.79838e-07
dlev6               =  6.61021e-07
dlev7               =  -4.74826e-06
dlev8               =  -4.44112e-06
dlev9               =  6.23965e-07
dlev10              =  1.87690e-06
dlev11              =  1.78463e-06
dlev12              =  1.99035e-06
dlev13              =  1.30238e-06
dlev14              =  8.96863e-08
dlev15              =  2.59642e-06
dlev16              =  -4.90055e-06
dlev17              =  1.00000e+00
dlev18              =  9.99999e-01
dlev19              =  1.00000e+00
dlev20              =  9.99999e-01
dlev21              =  9.99999e-01
dlev22              =  9.99999e-01
dlev23              =  1.00000e+00
dlev24              =  1.00000e+00
dlev25              =  1.00000e+00
dlev26              =  1.00000e+00
dlev27              =  1.00000e+00
dlev28              =  1.00000e+00
dlev29              =  1.00000e+00
dlev30              =  1.00000e+00
dlev31              =  1.00000e+00
dlev32              =  1.00000e+00
vdd_meas            =  1.32000e+00
temp_meas           =  -4.00000e+01
vbias_mv            =  3.90223e+02
lowcount            =  1.70000e+01
vos_mv              =  1.49995e+00

ngspice-46 done
