
Note: No compatibility mode selected!


Circuit: * klt sim -- generated corner deck, do not edit

Doing analysis at TEMP = -40.000000 and TNOM = 27.000000

Using SPARSE 1.3 as Direct Linear Solver
Note: Starting dynamic gmin stepping
Note: Dynamic gmin stepping completed

Initial Transient Solution
--------------------------

Node                                   Voltage
----                                   -------
vdd                                       1.08
cm                                         0.6
vd                                      -0.048
ap                                       0.576
an                                       0.624
clku                                         0
clk                                          0
ibn                                   0.376605
xa.x1.tmid                         1.61409e-09
xa.x1.tail                            0.588776
xa.x1.np                                  1.08
xa.x1.nn                                  1.08
xa.x1.ln                                  1.08
xa.x1.lp                                  1.08
xa.x1.lnb                          6.48548e-09
xa.x1.lpb                          6.56391e-09
xa.x1.na                               1.07796
doutb                                 0.550709
dout                                  0.556559
xa.x1.nb                               1.07817
doutn                                 0.515332
tcheck                                     -40
pa_00                                  376.605
bpa_00#branch                                0
btchk#branch                                 0
bdoutn#branch                                0
bclk#branch                        4.49355e-11
ean#branch                         5.29854e-14
eap#branch                         7.09988e-14
vclku#branch                                 0
vd#branch                                    0
vcm#branch                         1.23984e-13
vsup#branch                       -2.11414e-05


No. of Data Rows : 12132

  Measurements for Transient Analysis

dlev0               =  -3.29417e-06
dlev1               =  -6.52890e-06
dlev2               =  -2.94929e-06
dlev3               =  4.14095e-06
dlev4               =  5.73311e-06
dlev5               =  -4.52886e-06
dlev6               =  -7.43923e-06
dlev7               =  -6.65336e-06
dlev8               =  2.63352e-06
dlev9               =  1.97330e-06
dlev10              =  3.81539e-06
dlev11              =  -5.64742e-06
dlev12              =  1.08378e-06
dlev13              =  -5.87428e-06
dlev14              =  -3.09854e-06
dlev15              =  -5.58260e-06
dlev16              =  7.07670e-06
dlev17              =  9.99998e-01
dlev18              =  1.00000e+00
dlev19              =  1.00000e+00
dlev20              =  9.99998e-01
dlev21              =  1.00000e+00
dlev22              =  9.99997e-01
dlev23              =  1.00000e+00
dlev24              =  1.00000e+00
dlev25              =  9.99997e-01
dlev26              =  9.99997e-01
dlev27              =  9.99997e-01
dlev28              =  9.99997e-01
dlev29              =  9.99997e-01
dlev30              =  1.00000e+00
dlev31              =  9.99998e-01
dlev32              =  9.99997e-01
vdd_meas            =  1.08000e+00
temp_meas           =  -4.00000e+01
vbias_mv            =  3.76605e+02
lowcount            =  1.70000e+01
vos_mv              =  1.50013e+00

ngspice-46 done
