
Note: No compatibility mode selected!


Circuit: * klt sim -- generated corner deck, do not edit

Doing analysis at TEMP = 27.000000 and TNOM = 27.000000

Using SPARSE 1.3 as Direct Linear Solver

Initial Transient Solution
--------------------------

Node                                   Voltage
----                                   -------
vdd                                       1.32
cm                                         0.6
vd                                      -0.048
ap                                       0.576
an                                       0.624
clku                                         0
clk                                          0
ibn                                    0.30913
xa.x1.tmid                         1.36986e-06
xa.x1.tail                            0.579914
xa.x1.np                                  1.32
xa.x1.nn                                  1.32
xa.x1.ln                                  1.32
xa.x1.lp                                  1.32
xa.x1.lnb                           1.1276e-07
xa.x1.lpb                           1.0325e-07
xa.x1.na                                  1.32
doutb                              1.20777e-07
dout                                      1.32
xa.x1.nb                                  1.32
doutn                                        1
tcheck                                      27
pa_00                                   309.13
bpa_00#branch                                0
btchk#branch                                 0
bdoutn#branch                                0
bclk#branch                        4.33048e-10
ean#branch                         1.69237e-12
eap#branch                         2.11908e-12
vclku#branch                                 0
vd#branch                                    0
vcm#branch                         3.81145e-12
vsup#branch                       -2.00046e-05


No. of Data Rows : 12273

  Measurements for Transient Analysis

dlev0               =  -3.65269e-06
dlev1               =  -3.77966e-06
dlev2               =  -4.22949e-06
dlev3               =  -4.71740e-06
dlev4               =  -3.60450e-06
dlev5               =  -3.41061e-06
dlev6               =  -4.62752e-06
dlev7               =  2.08774e-08
dlev8               =  -6.47702e-06
dlev9               =  -4.42532e-06
dlev10              =  5.84388e-08
dlev11              =  -6.44309e-06
dlev12              =  4.60639e-08
dlev13              =  6.60670e-09
dlev14              =  -6.00109e-06
dlev15              =  -5.87061e-06
dlev16              =  1.00000e+00
dlev17              =  1.00000e+00
dlev18              =  9.99997e-01
dlev19              =  9.99997e-01
dlev20              =  9.99998e-01
dlev21              =  9.99997e-01
dlev22              =  9.99997e-01
dlev23              =  9.99997e-01
dlev24              =  9.99997e-01
dlev25              =  9.99997e-01
dlev26              =  9.99996e-01
dlev27              =  9.99997e-01
dlev28              =  9.99997e-01
dlev29              =  9.99997e-01
dlev30              =  9.99997e-01
dlev31              =  9.99997e-01
dlev32              =  9.99997e-01
vdd_meas            =  1.32000e+00
temp_meas           =  2.70000e+01
vbias_mv            =  3.09130e+02
lowcount            =  1.60001e+01
vos_mv              =  -1.49969e+00

ngspice-46 done
