
Note: No compatibility mode selected!


Circuit: * klt sim -- generated corner deck, do not edit

Doing analysis at TEMP = 125.000000 and TNOM = 27.000000

Using SPARSE 1.3 as Direct Linear Solver

Initial Transient Solution
--------------------------

Node                                   Voltage
----                                   -------
vdd                                       1.32
cm                                         0.6
vd                                      -0.048
ap                                       0.576
an                                       0.624
clku                                         0
clk                                          0
ibn                                   0.207447
xa.x1.tmid                         0.000305646
xa.x1.tail                            0.526004
xa.x1.np                               1.31992
xa.x1.nn                               1.31981
xa.x1.ln                                  1.32
xa.x1.lp                                  1.32
xa.x1.lnb                          2.24454e-05
xa.x1.lpb                          2.00306e-05
xa.x1.na                               1.31998
doutb                              2.49036e-05
dout                                   1.31998
xa.x1.nb                               1.31999
doutn                                 0.999986
tcheck                                     125
pa_00                                  207.447
bpa_00#branch                                0
btchk#branch                                 0
bdoutn#branch                                0
bclk#branch                        2.19218e-09
ean#branch                         1.04996e-11
eap#branch                          1.3033e-11
vclku#branch                                 0
vd#branch                                    0
vcm#branch                         2.35327e-11
vsup#branch                       -2.06948e-05


No. of Data Rows : 12188

  Measurements for Transient Analysis

dlev0               =  2.10253e-05
dlev1               =  2.02346e-05
dlev2               =  1.97739e-05
dlev3               =  1.94105e-05
dlev4               =  1.71152e-05
dlev5               =  1.87858e-05
dlev6               =  1.80429e-05
dlev7               =  2.06940e-05
dlev8               =  1.97962e-05
dlev9               =  2.08153e-05
dlev10              =  2.06507e-05
dlev11              =  2.06433e-05
dlev12              =  1.99259e-05
dlev13              =  9.99986e-01
dlev14              =  9.99985e-01
dlev15              =  9.99986e-01
dlev16              =  9.99986e-01
dlev17              =  9.99985e-01
dlev18              =  9.99986e-01
dlev19              =  9.99985e-01
dlev20              =  9.99985e-01
dlev21              =  9.99986e-01
dlev22              =  9.99986e-01
dlev23              =  9.99986e-01
dlev24              =  9.99985e-01
dlev25              =  9.99985e-01
dlev26              =  9.99986e-01
dlev27              =  9.99986e-01
dlev28              =  9.99986e-01
dlev29              =  9.99985e-01
dlev30              =  9.99986e-01
dlev31              =  9.99986e-01
dlev32              =  9.99985e-01
vdd_meas            =  1.32000e+00
temp_meas           =  1.25000e+02
vbias_mv            =  2.07447e+02
lowcount            =  1.30000e+01
vos_mv              =  -1.04999e+01

ngspice-46 done
