
Note: No compatibility mode selected!


Circuit: * klt sim -- generated corner deck, do not edit

Doing analysis at TEMP = 27.000000 and TNOM = 27.000000

Using SPARSE 1.3 as Direct Linear Solver

Initial Transient Solution
--------------------------

Node                                   Voltage
----                                   -------
vdd                                        1.2
cm                                         0.6
vd                                      -0.048
ap                                       0.576
an                                       0.624
clku                                         0
clk                                          0
ibn                                    0.35369
xa.x1.tmid                          8.6721e-08
xa.x1.tail                            0.602782
xa.x1.np                                   1.2
xa.x1.nn                                   1.2
xa.x1.ln                                   1.2
xa.x1.lp                                   1.2
xa.x1.lnb                           1.6367e-08
xa.x1.lpb                          1.76234e-08
xa.x1.na                                   1.2
doutb                              1.68585e-08
dout                                       1.2
xa.x1.nb                                   1.2
doutn                                        1
tcheck                                      27
pa_00                                   353.69
bpa_00#branch                                0
btchk#branch                                 0
bdoutn#branch                                0
bclk#branch                        9.44429e-11
ean#branch                         2.17659e-13
eap#branch                         2.81386e-13
vclku#branch                                 0
vd#branch                                    0
vcm#branch                         4.99045e-13
vsup#branch                       -2.00004e-05


No. of Data Rows : 12174

  Measurements for Transient Analysis

dlev0               =  2.39554e-07
dlev1               =  6.21079e-06
dlev2               =  6.44505e-06
dlev3               =  4.41301e-06
dlev4               =  4.17604e-06
dlev5               =  3.39832e-06
dlev6               =  2.66562e-06
dlev7               =  6.22427e-06
dlev8               =  1.42882e-06
dlev9               =  4.83893e-06
dlev10              =  -2.53556e-06
dlev11              =  1.98401e-06
dlev12              =  3.07671e-06
dlev13              =  1.44906e-06
dlev14              =  1.38799e-06
dlev15              =  1.23208e-06
dlev16              =  7.79037e-07
dlev17              =  1.00000e+00
dlev18              =  1.00000e+00
dlev19              =  1.00000e+00
dlev20              =  1.00000e+00
dlev21              =  1.00000e+00
dlev22              =  1.00000e+00
dlev23              =  1.00000e+00
dlev24              =  1.00000e+00
dlev25              =  1.00000e+00
dlev26              =  1.00000e+00
dlev27              =  1.00000e+00
dlev28              =  1.00000e+00
dlev29              =  1.00000e+00
dlev30              =  1.00000e+00
dlev31              =  1.00000e+00
dlev32              =  1.00000e+00
vdd_meas            =  1.20000e+00
temp_meas           =  2.70000e+01
vbias_mv            =  3.53690e+02
lowcount            =  1.69999e+01
vos_mv              =  1.49982e+00

ngspice-46 done
