
Note: No compatibility mode selected!


Circuit: * klt sim -- generated corner deck, do not edit

Doing analysis at TEMP = 125.000000 and TNOM = 27.000000

Using SPARSE 1.3 as Direct Linear Solver

Initial Transient Solution
--------------------------

Node                                   Voltage
----                                   -------
vdd                                       1.32
cm                                         0.6
vd                                      -0.048
ap                                       0.576
an                                       0.624
clku                                         0
clk                                          0
ibn                                   0.224508
xa.x1.tmid                         0.000113444
xa.x1.tail                            0.584203
xa.x1.np                               1.31998
xa.x1.nn                               1.31993
xa.x1.ln                                  1.32
xa.x1.lp                                  1.32
xa.x1.lnb                          5.10912e-06
xa.x1.lpb                          3.58103e-06
xa.x1.na                                  1.32
doutb                                  1.31999
dout                               4.99624e-06
xa.x1.nb                                  1.32
doutn                              3.78503e-06
tcheck                                     125
pa_00                                  224.508
bpa_00#branch                                0
btchk#branch                                 0
bdoutn#branch                                0
bclk#branch                        6.78861e-10
ean#branch                          3.7651e-12
eap#branch                         4.72031e-12
vclku#branch                                 0
vd#branch                                    0
vcm#branch                         8.48541e-12
vsup#branch                       -1.51858e-05


No. of Data Rows : 12164

  Measurements for Transient Analysis

dlev0               =  4.48191e-06
dlev1               =  -1.09790e-06
dlev2               =  6.45344e-07
dlev3               =  3.06552e-06
dlev4               =  4.05298e-06
dlev5               =  -2.58171e-07
dlev6               =  4.55481e-06
dlev7               =  4.28652e-06
dlev8               =  5.97637e-06
dlev9               =  4.53871e-06
dlev10              =  3.30003e-06
dlev11              =  4.69007e-06
dlev12              =  4.61665e-06
dlev13              =  5.42998e-06
dlev14              =  -3.25098e-06
dlev15              =  3.96110e-06
dlev16              =  9.99994e-01
dlev17              =  9.99993e-01
dlev18              =  9.99994e-01
dlev19              =  9.99995e-01
dlev20              =  9.99995e-01
dlev21              =  9.99994e-01
dlev22              =  9.99995e-01
dlev23              =  9.99995e-01
dlev24              =  9.99995e-01
dlev25              =  9.99995e-01
dlev26              =  9.99995e-01
dlev27              =  9.99993e-01
dlev28              =  9.99995e-01
dlev29              =  9.99994e-01
dlev30              =  9.99995e-01
dlev31              =  9.99993e-01
dlev32              =  9.99994e-01
vdd_meas            =  1.32000e+00
temp_meas           =  1.25000e+02
vbias_mv            =  2.24508e+02
lowcount            =  1.60000e+01
vos_mv              =  -1.49986e+00

ngspice-46 done
