
Note: No compatibility mode selected!


Circuit: * klt sim -- generated corner deck, do not edit

Doing analysis at TEMP = -40.000000 and TNOM = 27.000000

Using SPARSE 1.3 as Direct Linear Solver
Note: Starting dynamic gmin stepping
Note: Dynamic gmin stepping completed

Initial Transient Solution
--------------------------

Node                                   Voltage
----                                   -------
vdd                                       1.08
cm                                         0.6
vd                                      -0.048
ap                                       0.576
an                                       0.624
clku                                         0
clk                                          0
ibn                                   0.366483
xa.x1.tmid                         4.99063e-09
xa.x1.tail                            0.580596
xa.x1.np                                  1.08
xa.x1.nn                                  1.08
xa.x1.ln                                  1.08
xa.x1.lp                                  1.08
xa.x1.lnb                          3.63922e-08
xa.x1.lpb                          3.84645e-08
xa.x1.na                                  1.08
doutb                                     1.08
dout                               3.78334e-08
xa.x1.nb                                  1.08
doutn                              3.50309e-08
tcheck                                     -40
pa_00                                  366.483
bpa_00#branch                                0
btchk#branch                                 0
bdoutn#branch                                0
bclk#branch                        2.54853e-10
ean#branch                         1.11522e-13
eap#branch                         1.48659e-13
vclku#branch                                 0
vd#branch                                    0
vcm#branch                         2.60181e-13
vsup#branch                       -2.00005e-05


No. of Data Rows : 12172

  Measurements for Transient Analysis

dlev0               =  -4.71077e-07
dlev1               =  -5.96729e-06
dlev2               =  -7.00116e-06
dlev3               =  -7.96466e-06
dlev4               =  -1.11311e-05
dlev5               =  -1.28686e-05
dlev6               =  7.67667e-08
dlev7               =  -8.46860e-06
dlev8               =  -1.26769e-05
dlev9               =  -1.23360e-05
dlev10              =  -1.07210e-05
dlev11              =  -1.10441e-05
dlev12              =  -1.15749e-05
dlev13              =  5.04631e-07
dlev14              =  -1.11183e-05
dlev15              =  -1.20151e-05
dlev16              =  7.48541e-07
dlev17              =  -1.26191e-05
dlev18              =  1.00000e+00
dlev19              =  9.99996e-01
dlev20              =  9.99994e-01
dlev21              =  1.00000e+00
dlev22              =  1.00000e+00
dlev23              =  9.99999e-01
dlev24              =  1.00000e+00
dlev25              =  1.00000e+00
dlev26              =  9.99999e-01
dlev27              =  1.00000e+00
dlev28              =  9.99999e-01
dlev29              =  9.99995e-01
dlev30              =  1.00000e+00
dlev31              =  1.00000e+00
dlev32              =  9.99998e-01
vdd_meas            =  1.08000e+00
temp_meas           =  -4.00000e+01
vbias_mv            =  3.66483e+02
lowcount            =  1.80002e+01
vos_mv              =  4.50048e+00

ngspice-46 done
