
Note: No compatibility mode selected!


Circuit: * klt sim -- generated corner deck, do not edit

Doing analysis at TEMP = -40.000000 and TNOM = 27.000000

Using SPARSE 1.3 as Direct Linear Solver
Note: Starting dynamic gmin stepping
Note: Dynamic gmin stepping completed

Initial Transient Solution
--------------------------

Node                                   Voltage
----                                   -------
vdd                                        1.2
vdda                                       1.2
clku                                         0
clk                                          0
cm                                         0.6
sa                                       -0.05
apa                                      0.575
ana                                      0.625
ibna                                  0.379898
xa.x1.tmid                          1.7889e-08
xa.x1.tail                            0.571327
xa.x1.np                                   1.2
xa.x1.nn                                   1.2
xa.x1.ln                                   1.2
xa.x1.lp                                   1.2
xa.x1.lnb                          2.60832e-08
xa.x1.lpb                          2.60832e-08
xa.x1.na                               1.18803
doutba                                 0.62078
douta                                  0.62078
xa.x1.nb                               1.18803
sb                                      -0.001
apb                                     0.5995
anb                                     0.6005
ibnb                                  0.379898
xb.x1.tmid                         1.77164e-08
xb.x1.tail                            0.561991
xb.x1.np                                   1.2
xb.x1.nn                                   1.2
xb.x1.ln                                   1.2
xb.x1.lp                                   1.2
xb.x1.lnb                          2.60832e-08
xb.x1.lpb                          2.60832e-08
xb.x1.na                               1.18803
doutbb                                 0.62078
doutb                                  0.62078
xb.x1.nb                               1.18803
sc                                     -0.0001
apc                                    0.59995
anc                                    0.60005
ibnc                                  0.379898
xc.x1.tmid                         1.77163e-08
xc.x1.tail                            0.561986
xc.x1.np                                   1.2
xc.x1.nn                                   1.2
xc.x1.ln                                   1.2
xc.x1.lp                                   1.2
xc.x1.lnb                          2.60832e-08
xc.x1.lpb                          2.60832e-08
xc.x1.na                               1.18803
doutbc                                 0.62078
doutc                                  0.62078
xc.x1.nb                               1.18803
clkn                                         0
dan                                   0.517317
dbn                                   0.517317
dcn                                   0.517317
tcheck                                     -40
pa_00                              0.000109927
bpa_00#branch                                0
vsupa#branch                      -9.16056e-05
btchk#branch                                 0
bdcn#branch                                  0
bdbn#branch                                  0
bdan#branch                                  0
bclkn#branch                                 0
bclk#branch                        6.16077e-10
eanc#branch                        5.14561e-13
eapc#branch                        5.14838e-13
eanb#branch                        5.13339e-13
eapb#branch                        5.16059e-13
eana#branch                        4.51889e-13
eapa#branch                        5.85282e-13
vsc#branch                                   0
vsb#branch                                   0
vsa#branch                                   0
vcm#branch                         3.09597e-12
vclku#branch                                 0
vsup#branch                       -0.000183211


No. of Data Rows : 12042

  Measurements for Transient Analysis

vdd_meas            =  1.20000e+00
vdda_meas           =  1.20000e+00
temp_meas           =  -4.00000e+01
td_a                =  4.99057e-10 targ=  4.05491e-08 trig=  4.00500e-08
td_b                =  6.97482e-10 targ=  4.07475e-08 trig=  4.00500e-08
td_c                =  8.21292e-10 targ=  4.08713e-08 trig=  4.00500e-08
dout_od50_first     =  4.81258e-08
dout_od1_first      =  -3.92283e-10
dout_od01_first     =  7.81968e-07
dout_od50_end       =  1.00000e+00
dout_od1_end        =  1.00000e+00
dout_od01_end       =  1.00000e+00
td_od50_ns          =  4.99057e-01
td_od1_ns           =  6.97482e-01
td_od01_ns          =  8.21292e-01
tau_ps              =  5.37697e+01
resolve_decades     =  1.29717e+01
i_stat              =  -4.02201e-05 from=  2.50000e-08 to=  2.90025e-08
i_static_ua         =  4.02201e+01
p_avg               =  5.58632e-05 from=  3.00000e-08 to=  6.00000e-08
p_avg_uw            =  5.58632e+01
vref_v              =  3.79898e-01
tmid_eval_v         =  1.34576e-01

ngspice-46 done
