
Note: No compatibility mode selected!


Circuit: * klt sim -- generated corner deck, do not edit

Doing analysis at TEMP = -40.000000 and TNOM = 27.000000

Using SPARSE 1.3 as Direct Linear Solver
Note: Starting dynamic gmin stepping
Note: Dynamic gmin stepping completed

Initial Transient Solution
--------------------------

Node                                   Voltage
----                                   -------
vdd                                       1.08
cm                                         0.6
vd                                      -0.048
ap                                       0.576
an                                       0.624
clku                                         0
clk                                          0
ibn                                   0.366732
xa.x1.tmid                         5.22705e-09
xa.x1.tail                            0.580594
xa.x1.np                                  1.08
xa.x1.nn                                  1.08
xa.x1.ln                                  1.08
xa.x1.lp                                  1.08
xa.x1.lnb                          3.62323e-08
xa.x1.lpb                          3.50888e-08
xa.x1.na                               1.07529
doutb                                 0.586498
dout                                  0.597768
xa.x1.nb                               1.07431
doutn                                 0.553489
tcheck                                     -40
pa_00                                  366.732
bpa_00#branch                                0
btchk#branch                                 0
bdoutn#branch                                0
bclk#branch                        2.54786e-10
ean#branch                         1.11633e-13
eap#branch                         1.48825e-13
vclku#branch                                 0
vd#branch                                    0
vcm#branch                         2.60458e-13
vsup#branch                       -4.21289e-05


No. of Data Rows : 12175

  Measurements for Transient Analysis

dlev0               =  1.62969e-06
dlev1               =  5.99232e-07
dlev2               =  -1.42964e-07
dlev3               =  -3.85349e-06
dlev4               =  -8.40413e-06
dlev5               =  2.49255e-07
dlev6               =  -1.07907e-06
dlev7               =  -5.74438e-06
dlev8               =  -1.41711e-05
dlev9               =  -1.42447e-05
dlev10              =  -9.40042e-06
dlev11              =  -3.84161e-06
dlev12              =  -7.71242e-06
dlev13              =  -1.30864e-05
dlev14              =  -7.10148e-06
dlev15              =  1.81651e-06
dlev16              =  -1.03530e-05
dlev17              =  -1.08410e-05
dlev18              =  1.00000e+00
dlev19              =  9.99996e-01
dlev20              =  9.99996e-01
dlev21              =  9.99996e-01
dlev22              =  9.99996e-01
dlev23              =  9.99996e-01
dlev24              =  9.99996e-01
dlev25              =  9.99996e-01
dlev26              =  9.99996e-01
dlev27              =  9.99996e-01
dlev28              =  9.99996e-01
dlev29              =  9.99998e-01
dlev30              =  9.99997e-01
dlev31              =  9.99996e-01
dlev32              =  9.99996e-01
vdd_meas            =  1.08000e+00
temp_meas           =  -4.00000e+01
vbias_mv            =  3.66732e+02
lowcount            =  1.80002e+01
vos_mv              =  4.50047e+00
vcm_meas            =  6.00000e-01

ngspice-46 done
