
Note: No compatibility mode selected!


Circuit: * klt sim -- generated corner deck, do not edit

Doing analysis at TEMP = 27.000000 and TNOM = 27.000000

Using SPARSE 1.3 as Direct Linear Solver

Initial Transient Solution
--------------------------

Node                                   Voltage
----                                   -------
vdd                                       1.32
cm                                         0.6
vd                                      -0.048
ap                                       0.576
an                                       0.624
clku                                         0
clk                                          0
ibn                                   0.334075
xa.x1.tmid                         3.39277e-07
xa.x1.tail                              0.5438
xa.x1.np                                  1.32
xa.x1.nn                                  1.32
xa.x1.ln                                  1.32
xa.x1.lp                                  1.32
xa.x1.lnb                          2.57078e-07
xa.x1.lpb                          2.09721e-07
xa.x1.na                                  1.32
doutb                              2.47493e-07
dout                                      1.32
xa.x1.nb                                  1.32
doutn                                        1
tcheck                                      27
pa_00                                  334.075
bpa_00#branch                                0
btchk#branch                                 0
bdoutn#branch                                0
bclk#branch                        7.66869e-10
ean#branch                         5.49547e-13
eap#branch                         6.92488e-13
vclku#branch                                 0
vd#branch                                    0
vcm#branch                         1.24203e-12
vsup#branch                       -2.00034e-05


No. of Data Rows : 12251

  Measurements for Transient Analysis

dlev0               =  -8.54315e-07
dlev1               =  -6.79683e-07
dlev2               =  -1.92855e-07
dlev3               =  -2.47454e-06
dlev4               =  9.98655e-07
dlev5               =  -1.28474e-07
dlev6               =  -4.25367e-07
dlev7               =  -3.45533e-06
dlev8               =  -3.42971e-06
dlev9               =  -2.88382e-07
dlev10              =  -9.16475e-07
dlev11              =  -6.93397e-07
dlev12              =  8.67513e-07
dlev13              =  -6.07734e-07
dlev14              =  -4.13404e-06
dlev15              =  -7.42361e-07
dlev16              =  -1.67710e-06
dlev17              =  -2.59485e-06
dlev18              =  -5.65372e-07
dlev19              =  -1.16709e-06
dlev20              =  -2.19594e-06
dlev21              =  9.99999e-01
dlev22              =  9.99997e-01
dlev23              =  9.99998e-01
dlev24              =  9.99998e-01
dlev25              =  9.99997e-01
dlev26              =  9.99998e-01
dlev27              =  9.99998e-01
dlev28              =  1.00000e+00
dlev29              =  9.99997e-01
dlev30              =  9.99999e-01
dlev31              =  9.99997e-01
dlev32              =  9.99998e-01
vdd_meas            =  1.32000e+00
temp_meas           =  2.70000e+01
vbias_mv            =  3.34075e+02
lowcount            =  2.10000e+01
vos_mv              =  1.35001e+01

ngspice-46 done
