
Note: No compatibility mode selected!


Circuit: * klt sim -- generated corner deck, do not edit

Doing analysis at TEMP = -40.000000 and TNOM = 27.000000

Using SPARSE 1.3 as Direct Linear Solver

Initial Transient Solution
--------------------------

Node                                   Voltage
----                                   -------
vdd                                        1.2
cm                                        0.55
vd                                      -0.048
ap                                       0.526
an                                       0.574
clku                                         0
clk                                          0
ibn                                   0.368202
xa.x1.tmid                         5.46273e-09
xa.x1.tail                            0.539268
xa.x1.np                                   1.2
xa.x1.nn                                   1.2
xa.x1.ln                                   1.2
xa.x1.lp                                   1.2
xa.x1.lnb                          4.07389e-08
xa.x1.lpb                          4.17715e-08
xa.x1.na                               1.18919
doutb                                 0.646256
dout                                   0.64981
xa.x1.nb                               1.18837
doutn                                 0.541509
tcheck                                     -40
pa_00                                  368.202
bpa_00#branch                                0
btchk#branch                                 0
bdoutn#branch                                0
bclk#branch                         3.6534e-10
ean#branch                         2.84106e-13
eap#branch                         3.62238e-13
vclku#branch                                 0
vd#branch                                    0
vcm#branch                         6.46344e-13
vsup#branch                       -7.36971e-05


No. of Data Rows : 12281

  Measurements for Transient Analysis

dlev0               =  -2.10277e-06
dlev1               =  -2.20634e-06
dlev2               =  -2.19917e-06
dlev3               =  -2.11699e-06
dlev4               =  8.59434e-06
dlev5               =  -1.78004e-06
dlev6               =  -1.46904e-06
dlev7               =  -1.99453e-06
dlev8               =  -2.03354e-06
dlev9               =  8.46687e-06
dlev10              =  -1.62450e-06
dlev11              =  8.07668e-06
dlev12              =  8.16369e-06
dlev13              =  7.41988e-08
dlev14              =  8.37445e-06
dlev15              =  7.69068e-06
dlev16              =  5.95856e-06
dlev17              =  9.99999e-01
dlev18              =  1.00000e+00
dlev19              =  1.00000e+00
dlev20              =  1.00000e+00
dlev21              =  1.00000e+00
dlev22              =  1.00000e+00
dlev23              =  1.00000e+00
dlev24              =  1.00000e+00
dlev25              =  1.00000e+00
dlev26              =  1.00000e+00
dlev27              =  1.00000e+00
dlev28              =  1.00000e+00
dlev29              =  1.00000e+00
dlev30              =  1.00000e+00
dlev31              =  1.00000e+00
dlev32              =  1.00000e+00
vdd_meas            =  1.20000e+00
temp_meas           =  -4.00000e+01
vbias_mv            =  3.68202e+02
lowcount            =  1.69999e+01
vos_mv              =  1.49980e+00
vcm_meas            =  5.50000e-01

ngspice-46 done
