
Note: No compatibility mode selected!


Circuit: * klt sim -- generated corner deck, do not edit

Doing analysis at TEMP = -40.000000 and TNOM = 27.000000

Using SPARSE 1.3 as Direct Linear Solver

Initial Transient Solution
--------------------------

Node                                   Voltage
----                                   -------
vdd                                       1.08
cm                                         0.6
vd                                      -0.048
ap                                       0.576
an                                       0.624
clku                                         0
clk                                          0
ibn                                   0.301798
xa.x1.tmid                         2.16973e-07
xa.x1.tail                            0.560778
xa.x1.np                                  1.08
xa.x1.nn                                  1.08
xa.x1.ln                                  1.08
xa.x1.lp                                  1.08
xa.x1.lnb                          7.84128e-08
xa.x1.lpb                           7.9375e-08
xa.x1.na                                  1.08
doutb                                     1.08
dout                               8.37484e-08
xa.x1.nb                                  1.08
doutn                              7.75448e-08
tcheck                                     -40
pa_00                                  301.798
bpa_00#branch                                0
btchk#branch                                 0
bdoutn#branch                                0
bclk#branch                        4.57198e-10
ean#branch                         1.03983e-12
eap#branch                         1.36582e-12
vclku#branch                                 0
vd#branch                                    0
vcm#branch                         2.40566e-12
vsup#branch                       -2.00017e-05


No. of Data Rows : 12203

  Measurements for Transient Analysis

dlev0               =  1.93815e-06
dlev1               =  5.11326e-08
dlev2               =  2.48949e-07
dlev3               =  9.04748e-06
dlev4               =  2.44684e-06
dlev5               =  1.94821e-07
dlev6               =  1.45841e-06
dlev7               =  1.59389e-06
dlev8               =  6.45340e-07
dlev9               =  -2.44011e-07
dlev10              =  5.08442e-06
dlev11              =  8.73430e-06
dlev12              =  4.47795e-07
dlev13              =  9.03498e-06
dlev14              =  1.10269e-05
dlev15              =  3.52276e-07
dlev16              =  1.12052e-05
dlev17              =  1.00000e+00
dlev18              =  1.00000e+00
dlev19              =  1.00000e+00
dlev20              =  1.00000e+00
dlev21              =  1.00000e+00
dlev22              =  1.00000e+00
dlev23              =  1.00000e+00
dlev24              =  1.00000e+00
dlev25              =  1.00000e+00
dlev26              =  1.00000e+00
dlev27              =  1.00000e+00
dlev28              =  1.00000e+00
dlev29              =  1.00000e+00
dlev30              =  1.00000e+00
dlev31              =  1.00000e+00
dlev32              =  1.00000e+00
vdd_meas            =  1.08000e+00
temp_meas           =  -4.00000e+01
vbias_mv            =  3.01798e+02
lowcount            =  1.69999e+01
vos_mv              =  1.49972e+00

ngspice-46 done
