
Note: No compatibility mode selected!


Circuit: * klt sim -- generated corner deck, do not edit

Doing analysis at TEMP = 125.000000 and TNOM = 27.000000

Using SPARSE 1.3 as Direct Linear Solver

Initial Transient Solution
--------------------------

Node                                   Voltage
----                                   -------
vdd                                       1.08
cm                                         0.6
vd                                      -0.048
ap                                       0.576
an                                       0.624
clku                                         0
clk                                          0
ibn                                   0.248398
xa.x1.tmid                         8.02897e-05
xa.x1.tail                            0.579583
xa.x1.np                               1.07998
xa.x1.nn                               1.07991
xa.x1.ln                                  1.08
xa.x1.lp                                  1.08
xa.x1.lnb                          4.52695e-06
xa.x1.lpb                          4.47097e-06
xa.x1.na                               1.05944
doutb                                  0.55871
dout                                  0.562753
xa.x1.nb                               1.05923
doutn                                 0.521068
tcheck                                     125
pa_00                                  248.398
bpa_00#branch                                0
btchk#branch                                 0
bdoutn#branch                                0
bclk#branch                        3.35794e-10
ean#branch                         1.08843e-12
eap#branch                          1.4421e-12
vclku#branch                                 0
vd#branch                                    0
vcm#branch                         2.53053e-12
vsup#branch                       -8.64162e-05


No. of Data Rows : 12053

  Measurements for Transient Analysis

dlev0               =  5.35812e-06
dlev1               =  5.49811e-06
dlev2               =  5.36160e-06
dlev3               =  5.62166e-06
dlev4               =  5.46496e-06
dlev5               =  5.56121e-06
dlev6               =  5.21731e-06
dlev7               =  5.03151e-06
dlev8               =  4.96721e-06
dlev9               =  5.24512e-06
dlev10              =  4.96167e-06
dlev11              =  5.11910e-06
dlev12              =  5.28392e-06
dlev13              =  5.16384e-06
dlev14              =  5.19583e-06
dlev15              =  6.70962e-06
dlev16              =  5.48621e-06
dlev17              =  5.29208e-06
dlev18              =  9.99994e-01
dlev19              =  9.99994e-01
dlev20              =  9.99994e-01
dlev21              =  9.99994e-01
dlev22              =  9.99994e-01
dlev23              =  9.99994e-01
dlev24              =  9.99994e-01
dlev25              =  9.99994e-01
dlev26              =  9.99994e-01
dlev27              =  9.99994e-01
dlev28              =  9.99994e-01
dlev29              =  9.99994e-01
dlev30              =  9.99994e-01
dlev31              =  9.99994e-01
dlev32              =  9.99994e-01
vdd_meas            =  1.08000e+00
temp_meas           =  1.25000e+02
vbias_mv            =  2.48398e+02
lowcount            =  1.80000e+01
vos_mv              =  4.49997e+00

ngspice-46 done
