
Note: No compatibility mode selected!


Circuit: * klt sim -- generated corner deck, do not edit

Doing analysis at TEMP = 125.000000 and TNOM = 27.000000

Using SPARSE 1.3 as Direct Linear Solver

Initial Transient Solution
--------------------------

Node                                   Voltage
----                                   -------
vdd                                       1.32
cm                                        0.55
vd                                      -0.048
ap                                       0.526
an                                       0.574
clku                                         0
clk                                          0
ibn                                   0.227748
xa.x1.tmid                         0.000145147
xa.x1.tail                             0.54217
xa.x1.np                               1.31996
xa.x1.nn                               1.31987
xa.x1.ln                                  1.32
xa.x1.lp                                  1.32
xa.x1.lnb                          1.96663e-06
xa.x1.lpb                          1.97141e-06
xa.x1.na                                  1.32
doutb                               2.2651e-06
dout                                   1.31999
xa.x1.nb                               1.31999
doutn                                 0.999991
tcheck                                     125
pa_00                                  227.748
bpa_00#branch                                0
btchk#branch                                 0
bdoutn#branch                                0
bclk#branch                        3.82014e-10
ean#branch                          9.6797e-12
eap#branch                         1.19615e-11
vclku#branch                                 0
vd#branch                                    0
vcm#branch                         2.16412e-11
vsup#branch                       -2.02724e-05


No. of Data Rows : 12296

  Measurements for Transient Analysis

dlev0               =  -1.58838e-06
dlev1               =  -5.53865e-07
dlev2               =  -7.76152e-07
dlev3               =  -3.14642e-07
dlev4               =  1.75553e-06
dlev5               =  1.74357e-06
dlev6               =  -8.48669e-07
dlev7               =  -7.09830e-07
dlev8               =  -7.47164e-07
dlev9               =  3.51366e-06
dlev10              =  2.16233e-06
dlev11              =  1.10037e-06
dlev12              =  1.78730e-06
dlev13              =  -1.24073e-06
dlev14              =  -1.36925e-06
dlev15              =  1.18263e-06
dlev16              =  9.99989e-01
dlev17              =  9.99990e-01
dlev18              =  9.99989e-01
dlev19              =  9.99990e-01
dlev20              =  9.99990e-01
dlev21              =  9.99991e-01
dlev22              =  9.99989e-01
dlev23              =  9.99989e-01
dlev24              =  9.99990e-01
dlev25              =  9.99990e-01
dlev26              =  9.99991e-01
dlev27              =  9.99990e-01
dlev28              =  9.99990e-01
dlev29              =  9.99990e-01
dlev30              =  9.99990e-01
dlev31              =  9.99990e-01
dlev32              =  9.99990e-01
vdd_meas            =  1.32000e+00
temp_meas           =  1.25000e+02
vbias_mv            =  2.27748e+02
lowcount            =  1.60002e+01
vos_mv              =  -1.49950e+00
vcm_meas            =  5.50000e-01

ngspice-46 done
