
Note: No compatibility mode selected!


Circuit: * klt sim -- generated corner deck, do not edit

Doing analysis at TEMP = 27.000000 and TNOM = 27.000000

Using SPARSE 1.3 as Direct Linear Solver

Initial Transient Solution
--------------------------

Node                                   Voltage
----                                   -------
vdd                                       1.08
cm                                        0.55
vd                                      -0.048
ap                                       0.526
an                                       0.574
clku                                         0
clk                                          0
ibn                                   0.264644
xa.x1.tmid                         6.54205e-06
xa.x1.tail                            0.529539
xa.x1.np                                  1.08
xa.x1.nn                               1.07999
xa.x1.ln                                  1.08
xa.x1.lp                                  1.08
xa.x1.lnb                          6.96748e-07
xa.x1.lpb                          6.00291e-07
xa.x1.na                                1.0632
doutb                                 0.568554
dout                                  0.559446
xa.x1.nb                               1.06441
doutn                                 0.518006
tcheck                                      27
pa_00                                  264.644
bpa_00#branch                                0
btchk#branch                                 0
bdoutn#branch                                0
bclk#branch                         7.0037e-10
ean#branch                         2.83396e-12
eap#branch                         3.65377e-12
vclku#branch                                 0
vd#branch                                    0
vcm#branch                         6.48773e-12
vsup#branch                       -9.07601e-05


No. of Data Rows : 12114

  Measurements for Transient Analysis

dlev0               =  4.68881e-06
dlev1               =  4.87921e-06
dlev2               =  5.55235e-06
dlev3               =  6.00533e-06
dlev4               =  5.59827e-06
dlev5               =  4.27040e-06
dlev6               =  4.18311e-06
dlev7               =  2.52765e-06
dlev8               =  4.05941e-06
dlev9               =  5.73462e-06
dlev10              =  1.26561e-06
dlev11              =  5.27510e-06
dlev12              =  3.73227e-06
dlev13              =  2.04750e-06
dlev14              =  1.61013e-06
dlev15              =  1.45795e-06
dlev16              =  9.99999e-01
dlev17              =  1.00000e+00
dlev18              =  1.00000e+00
dlev19              =  1.00000e+00
dlev20              =  1.00000e+00
dlev21              =  1.00000e+00
dlev22              =  1.00000e+00
dlev23              =  1.00000e+00
dlev24              =  1.00000e+00
dlev25              =  1.00000e+00
dlev26              =  1.00000e+00
dlev27              =  1.00000e+00
dlev28              =  1.00000e+00
dlev29              =  1.00000e+00
dlev30              =  1.00000e+00
dlev31              =  1.00000e+00
dlev32              =  1.00000e+00
vdd_meas            =  1.08000e+00
temp_meas           =  2.70000e+01
vbias_mv            =  2.64644e+02
lowcount            =  1.59999e+01
vos_mv              =  -1.50023e+00
vcm_meas            =  5.50000e-01

ngspice-46 done
