
Note: No compatibility mode selected!


Circuit: * klt sim -- generated corner deck, do not edit

Doing analysis at TEMP = 27.000000 and TNOM = 27.000000

Using SPARSE 1.3 as Direct Linear Solver

Initial Transient Solution
--------------------------

Node                                   Voltage
----                                   -------
vdd                                       1.32
cm                                         0.6
vd                                      -0.048
ap                                       0.576
an                                       0.624
clku                                         0
clk                                          0
ibn                                   0.329683
xa.x1.tmid                         4.05574e-07
xa.x1.tail                            0.567666
xa.x1.np                                  1.32
xa.x1.nn                                  1.32
xa.x1.ln                                  1.32
xa.x1.lp                                  1.32
xa.x1.lnb                          2.77608e-07
xa.x1.lpb                          2.53712e-07
xa.x1.na                               1.29545
doutb                                 0.692989
dout                                  0.715647
xa.x1.nb                               1.29445
doutn                                 0.542157
tcheck                                      27
pa_00                                  329.683
bpa_00#branch                                0
btchk#branch                                 0
bdoutn#branch                                0
bclk#branch                        7.64651e-10
ean#branch                         5.50809e-13
eap#branch                          6.9296e-13
vclku#branch                                 0
vd#branch                                    0
vcm#branch                         1.24377e-12
vsup#branch                       -0.000142536


No. of Data Rows : 12251

  Measurements for Transient Analysis

dlev0               =  -9.45153e-08
dlev1               =  -2.15235e-07
dlev2               =  2.20809e-07
dlev3               =  -1.12998e-08
dlev4               =  -2.31371e-07
dlev5               =  -1.16790e-06
dlev6               =  -1.92642e-06
dlev7               =  -6.11448e-06
dlev8               =  -2.57081e-06
dlev9               =  -6.04723e-06
dlev10              =  -1.07667e-07
dlev11              =  -9.49117e-07
dlev12              =  -2.47112e-06
dlev13              =  -4.37331e-06
dlev14              =  -2.18478e-06
dlev15              =  -1.51015e-06
dlev16              =  1.00000e+00
dlev17              =  9.99997e-01
dlev18              =  1.00000e+00
dlev19              =  1.00000e+00
dlev20              =  1.00000e+00
dlev21              =  9.99998e-01
dlev22              =  9.99999e-01
dlev23              =  1.00000e+00
dlev24              =  9.99999e-01
dlev25              =  9.99999e-01
dlev26              =  1.00000e+00
dlev27              =  9.99999e-01
dlev28              =  1.00000e+00
dlev29              =  9.99999e-01
dlev30              =  9.99998e-01
dlev31              =  9.99999e-01
dlev32              =  9.99998e-01
vdd_meas            =  1.32000e+00
temp_meas           =  2.70000e+01
vbias_mv            =  3.29683e+02
lowcount            =  1.60000e+01
vos_mv              =  -1.49986e+00

ngspice-46 done
