
Note: No compatibility mode selected!


Circuit: * klt sim -- generated corner deck, do not edit

Doing analysis at TEMP = -40.000000 and TNOM = 27.000000

Using SPARSE 1.3 as Direct Linear Solver

Initial Transient Solution
--------------------------

Node                                   Voltage
----                                   -------
vdd                                       1.32
cm                                         0.6
vd                                      -0.048
ap                                       0.576
an                                       0.624
clku                                         0
clk                                          0
ibn                                   0.332769
xa.x1.tmid                         2.84253e-08
xa.x1.tail                            0.576593
xa.x1.np                                  1.32
xa.x1.nn                                  1.32
xa.x1.ln                                  1.32
xa.x1.lp                                  1.32
xa.x1.lnb                          3.46499e-08
xa.x1.lpb                          3.49368e-08
xa.x1.na                                  1.32
doutb                              3.48501e-08
dout                                      1.32
xa.x1.nb                                  1.32
doutn                                        1
tcheck                                     -40
pa_00                                  332.769
bpa_00#branch                                0
btchk#branch                                 0
bdoutn#branch                                0
bclk#branch                         2.8608e-10
ean#branch                         8.22981e-13
eap#branch                         1.03065e-12
vclku#branch                                 0
vd#branch                                    0
vcm#branch                         1.85363e-12
vsup#branch                       -1.50007e-05


No. of Data Rows : 12347

  Measurements for Transient Analysis

dlev0               =  -1.00014e-07
dlev1               =  -8.86463e-07
dlev2               =  3.17523e-07
dlev3               =  -5.70457e-07
dlev4               =  -4.93261e-06
dlev5               =  -1.73181e-07
dlev6               =  -3.80009e-06
dlev7               =  -1.68563e-06
dlev8               =  -1.24604e-06
dlev9               =  2.80790e-07
dlev10              =  -2.58445e-06
dlev11              =  -2.25641e-06
dlev12              =  -2.08822e-06
dlev13              =  2.47853e-07
dlev14              =  -5.51045e-07
dlev15              =  -7.68523e-07
dlev16              =  -3.35589e-06
dlev17              =  1.00000e+00
dlev18              =  1.00000e+00
dlev19              =  1.00000e+00
dlev20              =  1.00000e+00
dlev21              =  1.00000e+00
dlev22              =  1.00000e+00
dlev23              =  1.00000e+00
dlev24              =  9.99996e-01
dlev25              =  1.00000e+00
dlev26              =  1.00000e+00
dlev27              =  1.00000e+00
dlev28              =  9.99997e-01
dlev29              =  9.99998e-01
dlev30              =  9.99999e-01
dlev31              =  1.00000e+00
dlev32              =  1.00000e+00
vdd_meas            =  1.32000e+00
temp_meas           =  -4.00000e+01
vbias_mv            =  3.32769e+02
lowcount            =  1.70000e+01
vos_mv              =  1.50010e+00

ngspice-46 done
