
Note: No compatibility mode selected!


Circuit: * klt sim -- generated corner deck, do not edit

Doing analysis at TEMP = 125.000000 and TNOM = 27.000000

Using SPARSE 1.3 as Direct Linear Solver

Initial Transient Solution
--------------------------

Node                                   Voltage
----                                   -------
vdd                                       1.32
cm                                         0.6
vd                                      -0.048
ap                                       0.576
an                                       0.624
clku                                         0
clk                                          0
ibn                                   0.227695
xa.x1.tmid                         0.000153501
xa.x1.tail                            0.562744
xa.x1.np                               1.31996
xa.x1.nn                               1.31986
xa.x1.ln                                  1.32
xa.x1.lp                                  1.32
xa.x1.lnb                          1.90525e-06
xa.x1.lpb                           1.4467e-06
xa.x1.na                               1.31999
doutb                                  1.31999
dout                               2.10154e-06
xa.x1.nb                                  1.32
doutn                              1.59207e-06
tcheck                                     125
pa_00                                  227.695
bpa_00#branch                                0
btchk#branch                                 0
bdoutn#branch                                0
bclk#branch                        3.85237e-10
ean#branch                         5.13997e-12
eap#branch                         6.40617e-12
vclku#branch                                 0
vd#branch                                    0
vcm#branch                         1.15461e-11
vsup#branch                       -2.02853e-05


No. of Data Rows : 12234

  Measurements for Transient Analysis

dlev0               =  5.42265e-06
dlev1               =  5.40072e-06
dlev2               =  5.17039e-06
dlev3               =  1.21381e-06
dlev4               =  3.52093e-06
dlev5               =  2.19743e-06
dlev6               =  -5.17108e-07
dlev7               =  -8.60412e-07
dlev8               =  4.76262e-06
dlev9               =  -1.75342e-06
dlev10              =  -1.03003e-06
dlev11              =  -6.36047e-07
dlev12              =  2.03966e-06
dlev13              =  1.68017e-06
dlev14              =  4.36119e-06
dlev15              =  4.43839e-06
dlev16              =  2.92458e-06
dlev17              =  9.99988e-01
dlev18              =  9.99991e-01
dlev19              =  9.99991e-01
dlev20              =  9.99991e-01
dlev21              =  9.99991e-01
dlev22              =  9.99990e-01
dlev23              =  9.99990e-01
dlev24              =  9.99990e-01
dlev25              =  9.99990e-01
dlev26              =  9.99990e-01
dlev27              =  9.99990e-01
dlev28              =  9.99990e-01
dlev29              =  9.99990e-01
dlev30              =  9.99991e-01
dlev31              =  9.99990e-01
dlev32              =  9.99990e-01
vdd_meas            =  1.32000e+00
temp_meas           =  1.25000e+02
vbias_mv            =  2.27695e+02
lowcount            =  1.70001e+01
vos_mv              =  1.50036e+00

ngspice-46 done
