
Note: No compatibility mode selected!


Circuit: * klt sim -- generated corner deck, do not edit

Doing analysis at TEMP = 125.000000 and TNOM = 27.000000

Using SPARSE 1.3 as Direct Linear Solver

Initial Transient Solution
--------------------------

Node                                   Voltage
----                                   -------
vdd                                       1.08
cm                                         0.6
vd                                      -0.048
ap                                       0.576
an                                       0.624
clku                                         0
clk                                          0
ibn                                   0.250049
xa.x1.tmid                         2.17448e-05
xa.x1.tail                            0.592312
xa.x1.np                               1.07999
xa.x1.nn                               1.07998
xa.x1.ln                                  1.08
xa.x1.lp                                  1.08
xa.x1.lnb                            7.425e-07
xa.x1.lpb                          7.53032e-07
xa.x1.na                                  1.08
doutb                                     1.08
dout                               9.59429e-07
xa.x1.nb                                  1.08
doutn                               8.8836e-07
tcheck                                     125
pa_00                                  250.049
bpa_00#branch                                0
btchk#branch                                 0
bdoutn#branch                                0
bclk#branch                        9.97604e-11
ean#branch                         2.45803e-13
eap#branch                         3.28154e-13
vclku#branch                                 0
vd#branch                                    0
vcm#branch                         5.73958e-13
vsup#branch                       -1.00273e-05


No. of Data Rows : 11893

  Measurements for Transient Analysis

dlev0               =  2.22180e-06
dlev1               =  1.91504e-06
dlev2               =  1.98483e-06
dlev3               =  2.15350e-06
dlev4               =  1.77205e-06
dlev5               =  -1.13200e-06
dlev6               =  2.90599e-06
dlev7               =  1.33628e-08
dlev8               =  1.68234e-06
dlev9               =  2.89155e-07
dlev10              =  -1.04190e-06
dlev11              =  1.71618e-06
dlev12              =  7.19024e-07
dlev13              =  1.09321e-06
dlev14              =  1.40088e-06
dlev15              =  1.02727e-06
dlev16              =  -5.64980e-07
dlev17              =  9.99999e-01
dlev18              =  9.99999e-01
dlev19              =  9.99998e-01
dlev20              =  9.99998e-01
dlev21              =  9.99999e-01
dlev22              =  9.99998e-01
dlev23              =  9.99998e-01
dlev24              =  9.99999e-01
dlev25              =  1.00000e+00
dlev26              =  1.00000e+00
dlev27              =  9.99999e-01
dlev28              =  9.99998e-01
dlev29              =  1.00000e+00
dlev30              =  1.00000e+00
dlev31              =  1.00000e+00
dlev32              =  1.00000e+00
vdd_meas            =  1.08000e+00
temp_meas           =  1.25000e+02
vbias_mv            =  2.50049e+02
lowcount            =  1.70000e+01
vos_mv              =  1.50000e+00

ngspice-46 done
