
Note: No compatibility mode selected!


Circuit: * klt sim -- generated corner deck, do not edit

Doing analysis at TEMP = 125.000000 and TNOM = 27.000000

Using SPARSE 1.3 as Direct Linear Solver

Initial Transient Solution
--------------------------

Node                                   Voltage
----                                   -------
vdd                                       1.08
cm                                         0.6
vd                                      -0.048
ap                                       0.576
an                                       0.624
clku                                         0
clk                                          0
ibn                                   0.189306
xa.x1.tmid                         0.000224372
xa.x1.tail                            0.575351
xa.x1.np                               1.07995
xa.x1.nn                               1.07982
xa.x1.ln                                  1.08
xa.x1.lp                                  1.08
xa.x1.lnb                          1.90437e-06
xa.x1.lpb                          1.30554e-06
xa.x1.na                               1.07999
doutb                                  1.07998
dout                               2.37533e-06
xa.x1.nb                                  1.08
doutn                              2.19938e-06
tcheck                                     125
pa_00                                  189.306
bpa_00#branch                                0
btchk#branch                                 0
bdoutn#branch                                0
bclk#branch                        1.95857e-10
ean#branch                         2.28917e-12
eap#branch                         3.02133e-12
vclku#branch                                 0
vd#branch                                    0
vcm#branch                          5.3105e-12
vsup#branch                       -1.02836e-05


No. of Data Rows : 11972

  Measurements for Transient Analysis

dlev0               =  2.76690e-06
dlev1               =  4.54869e-06
dlev2               =  4.59692e-06
dlev3               =  4.60009e-06
dlev4               =  4.73044e-06
dlev5               =  4.37158e-06
dlev6               =  3.78626e-06
dlev7               =  3.50693e-06
dlev8               =  1.31913e-06
dlev9               =  4.22983e-06
dlev10              =  4.20036e-06
dlev11              =  4.44605e-06
dlev12              =  2.10897e-06
dlev13              =  2.58659e-06
dlev14              =  3.02243e-06
dlev15              =  1.46398e-06
dlev16              =  9.99988e-01
dlev17              =  9.99988e-01
dlev18              =  9.99988e-01
dlev19              =  9.99988e-01
dlev20              =  9.99988e-01
dlev21              =  9.99989e-01
dlev22              =  9.99988e-01
dlev23              =  9.99988e-01
dlev24              =  9.99988e-01
dlev25              =  9.99989e-01
dlev26              =  9.99989e-01
dlev27              =  9.99989e-01
dlev28              =  9.99988e-01
dlev29              =  9.99988e-01
dlev30              =  9.99988e-01
dlev31              =  9.99988e-01
dlev32              =  9.99987e-01
vdd_meas            =  1.08000e+00
temp_meas           =  1.25000e+02
vbias_mv            =  1.89306e+02
lowcount            =  1.60001e+01
vos_mv              =  -1.49957e+00

ngspice-46 done
