
Note: No compatibility mode selected!


Circuit: * klt sim -- generated corner deck, do not edit

Doing analysis at TEMP = 125.000000 and TNOM = 27.000000

Using SPARSE 1.3 as Direct Linear Solver

Initial Transient Solution
--------------------------

Node                                   Voltage
----                                   -------
vdd                                       1.32
cm                                         0.6
vd                                      -0.048
ap                                       0.576
an                                       0.624
clku                                         0
clk                                          0
ibn                                   0.227695
xa.x1.tmid                         0.000151046
xa.x1.tail                            0.546983
xa.x1.np                               1.31996
xa.x1.nn                               1.31986
xa.x1.ln                                  1.32
xa.x1.lp                                  1.32
xa.x1.lnb                          1.90525e-06
xa.x1.lpb                           1.4467e-06
xa.x1.na                               1.31999
doutb                                  1.31999
dout                               2.10154e-06
xa.x1.nb                                  1.32
doutn                              1.59207e-06
tcheck                                     125
pa_00                                  227.695
bpa_00#branch                                0
btchk#branch                                 0
bdoutn#branch                                0
bclk#branch                         3.8419e-10
ean#branch                         3.85053e-12
eap#branch                         4.80228e-12
vclku#branch                                 0
vd#branch                                    0
vcm#branch                         8.65281e-12
vsup#branch                       -2.02811e-05


No. of Data Rows : 12187

  Measurements for Transient Analysis

dlev0               =  2.78940e-06
dlev1               =  7.58344e-07
dlev2               =  2.13784e-06
dlev3               =  1.71983e-06
dlev4               =  -4.71401e-07
dlev5               =  -1.85137e-06
dlev6               =  4.40508e-06
dlev7               =  3.47137e-06
dlev8               =  7.50366e-07
dlev9               =  6.46937e-07
dlev10              =  2.57299e-06
dlev11              =  1.44426e-06
dlev12              =  1.96943e-06
dlev13              =  2.10421e-06
dlev14              =  2.75504e-06
dlev15              =  2.42165e-06
dlev16              =  -9.53349e-07
dlev17              =  9.99989e-01
dlev18              =  9.99990e-01
dlev19              =  9.99990e-01
dlev20              =  9.99989e-01
dlev21              =  9.99990e-01
dlev22              =  9.99990e-01
dlev23              =  9.99990e-01
dlev24              =  9.99991e-01
dlev25              =  9.99991e-01
dlev26              =  9.99990e-01
dlev27              =  9.99991e-01
dlev28              =  9.99991e-01
dlev29              =  9.99989e-01
dlev30              =  9.99990e-01
dlev31              =  9.99990e-01
dlev32              =  9.99990e-01
vdd_meas            =  1.32000e+00
temp_meas           =  1.25000e+02
vbias_mv            =  2.27695e+02
lowcount            =  1.70001e+01
vos_mv              =  1.50040e+00

ngspice-46 done
