
Note: No compatibility mode selected!


Circuit: * klt sim -- generated corner deck, do not edit

Doing analysis at TEMP = 125.000000 and TNOM = 27.000000

Using SPARSE 1.3 as Direct Linear Solver

Initial Transient Solution
--------------------------

Node                                   Voltage
----                                   -------
vdd                                       1.08
cm                                         0.6
vd                                      -0.048
ap                                       0.576
an                                       0.624
clku                                         0
clk                                          0
ibn                                   0.230989
xa.x1.tmid                         0.000142999
xa.x1.tail                            0.580425
xa.x1.np                               1.07995
xa.x1.nn                               1.07983
xa.x1.ln                                  1.08
xa.x1.lp                                  1.08
xa.x1.lnb                          1.66887e-06
xa.x1.lpb                           1.8133e-06
xa.x1.na                               1.07999
doutb                                  1.07998
dout                               2.40651e-06
xa.x1.nb                                  1.08
doutn                              2.22825e-06
tcheck                                     125
pa_00                                  230.989
bpa_00#branch                                0
btchk#branch                                 0
bdoutn#branch                                0
bclk#branch                        1.95088e-10
ean#branch                         2.29328e-12
eap#branch                         3.02622e-12
vclku#branch                                 0
vd#branch                                    0
vcm#branch                         5.31949e-12
vsup#branch                        -2.0272e-05


No. of Data Rows : 12058

  Measurements for Transient Analysis

dlev0               =  3.27701e-06
dlev1               =  4.06707e-06
dlev2               =  6.60735e-07
dlev3               =  3.37634e-06
dlev4               =  3.80340e-06
dlev5               =  3.59447e-06
dlev6               =  3.44069e-06
dlev7               =  3.49992e-06
dlev8               =  3.35980e-06
dlev9               =  3.75388e-06
dlev10              =  2.75678e-06
dlev11              =  3.61264e-06
dlev12              =  3.25450e-06
dlev13              =  3.10844e-06
dlev14              =  2.72682e-06
dlev15              =  3.04799e-06
dlev16              =  3.05791e-06
dlev17              =  9.99990e-01
dlev18              =  9.99989e-01
dlev19              =  9.99989e-01
dlev20              =  9.99989e-01
dlev21              =  9.99989e-01
dlev22              =  9.99988e-01
dlev23              =  9.99989e-01
dlev24              =  9.99989e-01
dlev25              =  9.99989e-01
dlev26              =  9.99989e-01
dlev27              =  9.99989e-01
dlev28              =  9.99987e-01
dlev29              =  9.99989e-01
dlev30              =  9.99989e-01
dlev31              =  9.99989e-01
dlev32              =  9.99988e-01
vdd_meas            =  1.08000e+00
temp_meas           =  1.25000e+02
vbias_mv            =  2.30989e+02
lowcount            =  1.70001e+01
vos_mv              =  1.50038e+00

ngspice-46 done
