
Note: No compatibility mode selected!


Circuit: * klt sim -- generated corner deck, do not edit

Doing analysis at TEMP = 125.000000 and TNOM = 27.000000

Using SPARSE 1.3 as Direct Linear Solver

Initial Transient Solution
--------------------------

Node                                   Voltage
----                                   -------
vdd                                       1.32
cm                                        0.55
vd                                      -0.048
ap                                       0.526
an                                       0.574
clku                                         0
clk                                          0
ibn                                   0.272621
xa.x1.tmid                         3.10956e-05
xa.x1.tail                             0.55295
xa.x1.np                               1.31999
xa.x1.nn                               1.31998
xa.x1.ln                                  1.32
xa.x1.lp                                  1.32
xa.x1.lnb                          1.08964e-05
xa.x1.lpb                          8.45483e-06
xa.x1.na                               1.28215
doutb                                 0.704948
dout                                  0.698878
xa.x1.nb                                1.2822
doutn                                 0.529453
tcheck                                     125
pa_00                                  272.621
bpa_00#branch                                0
btchk#branch                                 0
bdoutn#branch                                0
bclk#branch                        1.21699e-09
ean#branch                         2.33025e-12
eap#branch                         2.91087e-12
vclku#branch                                 0
vd#branch                                    0
vcm#branch                         5.24111e-12
vsup#branch                       -0.000187194


No. of Data Rows : 12235

  Measurements for Transient Analysis

dlev0               =  7.99692e-06
dlev1               =  6.15867e-06
dlev2               =  5.02921e-06
dlev3               =  4.45126e-06
dlev4               =  5.08155e-06
dlev5               =  4.57417e-06
dlev6               =  4.28201e-06
dlev7               =  1.11222e-05
dlev8               =  1.14789e-05
dlev9               =  1.10939e-05
dlev10              =  1.01785e-05
dlev11              =  5.21855e-06
dlev12              =  4.03585e-06
dlev13              =  1.12579e-05
dlev14              =  5.16628e-06
dlev15              =  9.99998e-01
dlev16              =  9.99996e-01
dlev17              =  9.99996e-01
dlev18              =  9.99998e-01
dlev19              =  9.99997e-01
dlev20              =  9.99999e-01
dlev21              =  9.99996e-01
dlev22              =  9.99996e-01
dlev23              =  9.99999e-01
dlev24              =  9.99997e-01
dlev25              =  9.99996e-01
dlev26              =  9.99996e-01
dlev27              =  9.99996e-01
dlev28              =  9.99996e-01
dlev29              =  9.99997e-01
dlev30              =  9.99996e-01
dlev31              =  9.99996e-01
dlev32              =  9.99996e-01
vdd_meas            =  1.32000e+00
temp_meas           =  1.25000e+02
vbias_mv            =  2.72621e+02
lowcount            =  1.50000e+01
vos_mv              =  -4.50014e+00
vcm_meas            =  5.50000e-01

ngspice-46 done
