
Note: No compatibility mode selected!


Circuit: * klt sim -- generated corner deck, do not edit

Doing analysis at TEMP = 125.000000 and TNOM = 27.000000

Using SPARSE 1.3 as Direct Linear Solver

Initial Transient Solution
--------------------------

Node                                   Voltage
----                                   -------
vdd                                        1.2
cm                                         0.6
vd                                      -0.048
ap                                       0.576
an                                       0.624
clku                                         0
clk                                          0
ibn                                   0.207508
xa.x1.tmid                         0.000286777
xa.x1.tail                            0.578074
xa.x1.np                               1.19993
xa.x1.nn                               1.19978
xa.x1.ln                                   1.2
xa.x1.lp                                   1.2
xa.x1.lnb                          1.91986e-05
xa.x1.lpb                          2.25292e-05
xa.x1.na                               1.19999
doutb                                  1.19998
dout                               2.59357e-05
xa.x1.nb                               1.19998
doutn                              2.16131e-05
tcheck                                     125
pa_00                                  207.508
bpa_00#branch                                0
btchk#branch                                 0
bdoutn#branch                                0
bclk#branch                         1.5975e-09
ean#branch                         9.01834e-12
eap#branch                         1.14477e-11
vclku#branch                                 0
vd#branch                                    0
vcm#branch                         2.04661e-11
vsup#branch                       -2.06506e-05


No. of Data Rows : 12151

  Measurements for Transient Analysis

dlev0               =  1.66416e-05
dlev1               =  2.27254e-05
dlev2               =  2.26030e-05
dlev3               =  2.26724e-05
dlev4               =  2.20714e-05
dlev5               =  2.21077e-05
dlev6               =  2.18245e-05
dlev7               =  1.62664e-05
dlev8               =  2.23844e-05
dlev9               =  2.16922e-05
dlev10              =  1.52101e-05
dlev11              =  1.75129e-05
dlev12              =  2.13488e-05
dlev13              =  2.09559e-05
dlev14              =  1.47403e-05
dlev15              =  1.48420e-05
dlev16              =  2.16620e-05
dlev17              =  9.99985e-01
dlev18              =  9.99987e-01
dlev19              =  9.99984e-01
dlev20              =  9.99986e-01
dlev21              =  9.99987e-01
dlev22              =  9.99987e-01
dlev23              =  9.99984e-01
dlev24              =  9.99987e-01
dlev25              =  9.99987e-01
dlev26              =  9.99986e-01
dlev27              =  9.99987e-01
dlev28              =  9.99984e-01
dlev29              =  9.99984e-01
dlev30              =  9.99985e-01
dlev31              =  9.99987e-01
dlev32              =  9.99986e-01
vdd_meas            =  1.20000e+00
temp_meas           =  1.25000e+02
vbias_mv            =  2.07508e+02
lowcount            =  1.69999e+01
vos_mv              =  1.49968e+00

ngspice-46 done
