
Note: No compatibility mode selected!


Circuit: * klt sim -- generated corner deck, do not edit

Doing analysis at TEMP = 27.000000 and TNOM = 27.000000

Using SPARSE 1.3 as Direct Linear Solver

Initial Transient Solution
--------------------------

Node                                   Voltage
----                                   -------
vdd                                       1.08
cm                                        0.55
vd                                      -0.048
ap                                       0.526
an                                       0.574
clku                                         0
clk                                          0
ibn                                   0.309166
xa.x1.tmid                         1.21093e-06
xa.x1.tail                            0.533092
xa.x1.np                                  1.08
xa.x1.nn                                  1.08
xa.x1.ln                                  1.08
xa.x1.lp                                  1.08
xa.x1.lnb                          7.86306e-08
xa.x1.lpb                          7.99838e-08
xa.x1.na                                  1.08
doutb                                     1.08
dout                               1.00654e-07
xa.x1.nb                                  1.08
doutn                              9.31979e-08
tcheck                                      27
pa_00                                  309.166
bpa_00#branch                                0
btchk#branch                                 0
bdoutn#branch                                0
bclk#branch                        2.15565e-10
ean#branch                         6.45872e-13
eap#branch                         8.40966e-13
vclku#branch                                 0
vd#branch                                    0
vcm#branch                         1.48684e-12
vsup#branch                       -2.00035e-05


No. of Data Rows : 12182

  Measurements for Transient Analysis

dlev0               =  -3.17637e-06
dlev1               =  2.15513e-06
dlev2               =  -5.24002e-07
dlev3               =  -2.83750e-06
dlev4               =  -1.92624e-07
dlev5               =  1.69301e-07
dlev6               =  4.99489e-07
dlev7               =  -1.35807e-06
dlev8               =  -8.97785e-07
dlev9               =  -2.83089e-07
dlev10              =  -1.08211e-08
dlev11              =  -3.44584e-06
dlev12              =  -5.82746e-06
dlev13              =  -1.69826e-06
dlev14              =  -3.28685e-06
dlev15              =  -1.19701e-06
dlev16              =  1.59532e-06
dlev17              =  1.00000e+00
dlev18              =  1.00000e+00
dlev19              =  1.00000e+00
dlev20              =  9.99999e-01
dlev21              =  1.00000e+00
dlev22              =  9.99999e-01
dlev23              =  1.00000e+00
dlev24              =  9.99999e-01
dlev25              =  1.00000e+00
dlev26              =  1.00000e+00
dlev27              =  1.00000e+00
dlev28              =  1.00000e+00
dlev29              =  1.00000e+00
dlev30              =  1.00000e+00
dlev31              =  1.00000e+00
dlev32              =  1.00000e+00
vdd_meas            =  1.08000e+00
temp_meas           =  2.70000e+01
vbias_mv            =  3.09166e+02
lowcount            =  1.70000e+01
vos_mv              =  1.50005e+00
vcm_meas            =  5.50000e-01

ngspice-46 done
