
Note: No compatibility mode selected!


Circuit: * klt sim -- generated corner deck, do not edit

Doing analysis at TEMP = 125.000000 and TNOM = 27.000000

Using SPARSE 1.3 as Direct Linear Solver

Initial Transient Solution
--------------------------

Node                                   Voltage
----                                   -------
vdd                                       1.08
cm                                        0.65
vd                                      -0.048
ap                                       0.626
an                                       0.674
clku                                         0
clk                                          0
ibn                                   0.227296
xa.x1.tmid                         0.000174158
xa.x1.tail                            0.615409
xa.x1.np                               1.07993
xa.x1.nn                                1.0798
xa.x1.ln                                  1.08
xa.x1.lp                                  1.08
xa.x1.lnb                          1.66772e-06
xa.x1.lpb                          1.63671e-06
xa.x1.na                               1.07999
doutb                                  1.07999
dout                               2.08164e-06
xa.x1.nb                                  1.08
doutn                              1.92745e-06
tcheck                                     125
pa_00                                  227.296
bpa_00#branch                                0
btchk#branch                                 0
bdoutn#branch                                0
bclk#branch                        1.99087e-10
ean#branch                         1.69265e-12
eap#branch                         2.29444e-12
vclku#branch                                 0
vd#branch                                    0
vcm#branch                         3.98709e-12
vsup#branch                       -2.03202e-05


No. of Data Rows : 12067

  Measurements for Transient Analysis

dlev0               =  5.64268e-07
dlev1               =  4.14582e-06
dlev2               =  6.41197e-07
dlev3               =  3.65305e-06
dlev4               =  3.92065e-06
dlev5               =  3.75228e-06
dlev6               =  3.80290e-06
dlev7               =  3.84750e-06
dlev8               =  4.53316e-06
dlev9               =  3.00955e-06
dlev10              =  1.02612e-06
dlev11              =  4.07386e-06
dlev12              =  4.15820e-06
dlev13              =  4.26653e-06
dlev14              =  4.38857e-06
dlev15              =  4.51349e-06
dlev16              =  4.61136e-06
dlev17              =  9.99986e-01
dlev18              =  9.99987e-01
dlev19              =  9.99987e-01
dlev20              =  9.99987e-01
dlev21              =  9.99987e-01
dlev22              =  9.99987e-01
dlev23              =  9.99987e-01
dlev24              =  9.99987e-01
dlev25              =  9.99987e-01
dlev26              =  9.99987e-01
dlev27              =  9.99987e-01
dlev28              =  9.99987e-01
dlev29              =  9.99987e-01
dlev30              =  9.99987e-01
dlev31              =  9.99987e-01
dlev32              =  9.99987e-01
vdd_meas            =  1.08000e+00
temp_meas           =  1.25000e+02
vbias_mv            =  2.27296e+02
lowcount            =  1.70002e+01
vos_mv              =  1.50045e+00
vcm_meas            =  6.50000e-01

ngspice-46 done
