
Note: No compatibility mode selected!


Circuit: * klt sim -- generated corner deck, do not edit

Doing analysis at TEMP = -40.000000 and TNOM = 27.000000

Using SPARSE 1.3 as Direct Linear Solver

Initial Transient Solution
--------------------------

Node                                   Voltage
----                                   -------
vdd                                       1.08
cm                                         0.6
vd                                      -0.048
ap                                       0.576
an                                       0.624
clku                                         0
clk                                          0
ibn                                   0.330151
xa.x1.tmid                         3.09786e-08
xa.x1.tail                            0.570384
xa.x1.np                                  1.08
xa.x1.nn                                  1.08
xa.x1.ln                                  1.08
xa.x1.lp                                  1.08
xa.x1.lnb                          2.11238e-08
xa.x1.lpb                          2.03734e-08
xa.x1.na                                  1.08
doutb                              2.17515e-08
dout                                      1.08
xa.x1.nb                                  1.08
doutn                                        1
tcheck                                     -40
pa_00                                  330.151
bpa_00#branch                                0
btchk#branch                                 0
bdoutn#branch                                0
bclk#branch                        1.43133e-10
ean#branch                         2.34618e-13
eap#branch                         3.11362e-13
vclku#branch                                 0
vd#branch                                    0
vcm#branch                          5.4598e-13
vsup#branch                       -1.50004e-05


No. of Data Rows : 12165

  Measurements for Transient Analysis

dlev0               =  2.82542e-06
dlev1               =  8.09261e-06
dlev2               =  8.17058e-06
dlev3               =  8.03322e-06
dlev4               =  6.96855e-06
dlev5               =  7.29159e-06
dlev6               =  -3.44348e-06
dlev7               =  5.69207e-06
dlev8               =  6.85357e-06
dlev9               =  6.54652e-06
dlev10              =  7.60892e-06
dlev11              =  6.97532e-06
dlev12              =  6.55538e-06
dlev13              =  6.65116e-06
dlev14              =  6.94876e-06
dlev15              =  -2.23457e-06
dlev16              =  -3.20841e-06
dlev17              =  -2.75259e-06
dlev18              =  9.99997e-01
dlev19              =  9.99995e-01
dlev20              =  9.99995e-01
dlev21              =  9.99995e-01
dlev22              =  9.99997e-01
dlev23              =  9.99995e-01
dlev24              =  9.99999e-01
dlev25              =  9.99996e-01
dlev26              =  1.00000e+00
dlev27              =  1.00000e+00
dlev28              =  1.00000e+00
dlev29              =  9.99995e-01
dlev30              =  1.00000e+00
dlev31              =  1.00000e+00
dlev32              =  1.00000e+00
vdd_meas            =  1.08000e+00
temp_meas           =  -4.00000e+01
vbias_mv            =  3.30151e+02
lowcount            =  1.79999e+01
vos_mv              =  4.49984e+00

ngspice-46 done
