
Note: No compatibility mode selected!


Circuit: * klt sim -- generated corner deck, do not edit

Doing analysis at TEMP = 125.000000 and TNOM = 27.000000

Using SPARSE 1.3 as Direct Linear Solver
Note: Starting dynamic gmin stepping
Note: Dynamic gmin stepping completed

Initial Transient Solution
--------------------------

Node                                   Voltage
----                                   -------
vdd                                       1.08
cm                                         0.6
vd                                      -0.048
ap                                       0.576
an                                       0.624
clku                                         0
clk                                          0
ibn                                    0.22493
xa.x1.tmid                         0.000160202
xa.x1.tail                            0.527325
xa.x1.np                               1.07995
xa.x1.nn                               1.07981
xa.x1.ln                                  1.08
xa.x1.lp                                  1.08
xa.x1.lnb                          1.72928e-06
xa.x1.lpb                          1.60339e-06
xa.x1.na                               1.05877
doutb                                 0.524904
dout                                  0.529069
xa.x1.nb                               1.05799
doutn                                 0.489879
tcheck                                     125
pa_00                                   224.93
bpa_00#branch                                0
btchk#branch                                 0
bdoutn#branch                                0
bclk#branch                        1.92786e-10
ean#branch                         1.50424e-12
eap#branch                         1.99717e-12
vclku#branch                                 0
vd#branch                                    0
vcm#branch                         3.50141e-12
vsup#branch                       -8.40173e-05


No. of Data Rows : 11982

  Measurements for Transient Analysis

dlev0               =  1.37829e-06
dlev1               =  4.45222e-07
dlev2               =  8.49515e-07
dlev3               =  1.28323e-06
dlev4               =  1.38016e-07
dlev5               =  1.19950e-07
dlev6               =  8.13046e-08
dlev7               =  5.19940e-08
dlev8               =  -3.09808e-09
dlev9               =  7.42279e-08
dlev10              =  -2.21735e-08
dlev11              =  3.29942e-07
dlev12              =  2.68481e-07
dlev13              =  -1.34872e-07
dlev14              =  9.92379e-09
dlev15              =  1.90048e-07
dlev16              =  4.94446e-07
dlev17              =  -2.51527e-07
dlev18              =  -2.93732e-09
dlev19              =  9.99985e-01
dlev20              =  9.99985e-01
dlev21              =  9.99985e-01
dlev22              =  9.99984e-01
dlev23              =  9.99985e-01
dlev24              =  9.99985e-01
dlev25              =  9.99984e-01
dlev26              =  9.99985e-01
dlev27              =  9.99984e-01
dlev28              =  9.99984e-01
dlev29              =  9.99984e-01
dlev30              =  9.99984e-01
dlev31              =  9.99984e-01
dlev32              =  9.99986e-01
vdd_meas            =  1.08000e+00
temp_meas           =  1.25000e+02
vbias_mv            =  2.24930e+02
lowcount            =  1.90002e+01
vos_mv              =  7.50063e+00

ngspice-46 done
