
Note: No compatibility mode selected!


Circuit: * klt sim -- generated corner deck, do not edit

Doing analysis at TEMP = 27.000000 and TNOM = 27.000000

Using SPARSE 1.3 as Direct Linear Solver

Initial Transient Solution
--------------------------

Node                                   Voltage
----                                   -------
vdd                                       1.08
cm                                         0.6
vd                                      -0.048
ap                                       0.576
an                                       0.624
clku                                         0
clk                                          0
ibn                                   0.263012
xa.x1.tmid                         7.80034e-06
xa.x1.tail                            0.569574
xa.x1.np                                  1.08
xa.x1.nn                               1.07999
xa.x1.ln                                  1.08
xa.x1.lp                                  1.08
xa.x1.lnb                          5.79595e-07
xa.x1.lpb                          5.08029e-07
xa.x1.na                               1.06301
doutb                                 0.564193
dout                                  0.562508
xa.x1.nb                               1.06392
doutn                                 0.520841
tcheck                                      27
pa_00                                  263.012
bpa_00#branch                                0
btchk#branch                                 0
bdoutn#branch                                0
bclk#branch                        7.09055e-10
ean#branch                         2.15492e-12
eap#branch                         2.82591e-12
vclku#branch                                 0
vd#branch                                    0
vcm#branch                         4.98082e-12
vsup#branch                       -9.08526e-05


No. of Data Rows : 12194

  Measurements for Transient Analysis

dlev0               =  -7.39098e-07
dlev1               =  3.51895e-06
dlev2               =  1.34792e-06
dlev3               =  1.33122e-06
dlev4               =  1.30362e-06
dlev5               =  5.12787e-07
dlev6               =  3.52306e-06
dlev7               =  1.45055e-06
dlev8               =  3.57337e-06
dlev9               =  1.25987e-06
dlev10              =  1.38853e-06
dlev11              =  1.20032e-06
dlev12              =  2.31190e-06
dlev13              =  3.17824e-06
dlev14              =  2.07905e-06
dlev15              =  2.21719e-06
dlev16              =  9.99997e-01
dlev17              =  9.99999e-01
dlev18              =  1.00000e+00
dlev19              =  1.00000e+00
dlev20              =  1.00000e+00
dlev21              =  1.00000e+00
dlev22              =  1.00000e+00
dlev23              =  1.00000e+00
dlev24              =  1.00000e+00
dlev25              =  1.00000e+00
dlev26              =  1.00000e+00
dlev27              =  9.99999e-01
dlev28              =  9.99999e-01
dlev29              =  1.00000e+00
dlev30              =  1.00000e+00
dlev31              =  1.00000e+00
dlev32              =  9.99999e-01
vdd_meas            =  1.08000e+00
temp_meas           =  2.70000e+01
vbias_mv            =  2.63012e+02
lowcount            =  1.60000e+01
vos_mv              =  -1.50009e+00

ngspice-46 done
