
Note: No compatibility mode selected!


Circuit: * klt sim -- generated corner deck, do not edit

Doing analysis at TEMP = -40.000000 and TNOM = 27.000000

Using SPARSE 1.3 as Direct Linear Solver
Note: Starting dynamic gmin stepping
Note: Dynamic gmin stepping completed

Initial Transient Solution
--------------------------

Node                                   Voltage
----                                   -------
vdd                                       1.32
cm                                         0.6
vd                                      -0.048
ap                                       0.576
an                                       0.624
clku                                         0
clk                                          0
ibn                                   0.366507
xa.x1.tmid                         5.50198e-09
xa.x1.tail                            0.583698
xa.x1.np                                  1.32
xa.x1.nn                                  1.32
xa.x1.ln                                  1.32
xa.x1.lp                                  1.32
xa.x1.lnb                          5.10878e-08
xa.x1.lpb                          5.33905e-08
xa.x1.na                                  1.32
doutb                                     1.32
dout                               5.31402e-08
xa.x1.nb                                  1.32
doutn                              4.02577e-08
tcheck                                     -40
pa_00                                  366.507
bpa_00#branch                                0
btchk#branch                                 0
bdoutn#branch                                0
bclk#branch                        4.99774e-10
ean#branch                         4.01901e-13
eap#branch                         5.05707e-13
vclku#branch                                 0
vd#branch                                    0
vcm#branch                         9.07607e-13
vsup#branch                        -2.0001e-05


No. of Data Rows : 12387

  Measurements for Transient Analysis

dlev0               =  -2.59434e-07
dlev1               =  -5.34808e-06
dlev2               =  -5.46304e-06
dlev3               =  -5.81235e-06
dlev4               =  -7.16374e-06
dlev5               =  1.55704e-07
dlev6               =  -2.17538e-07
dlev7               =  3.41854e-07
dlev8               =  -7.36495e-06
dlev9               =  -7.46350e-06
dlev10              =  -7.03692e-06
dlev11              =  -2.12026e-08
dlev12              =  -6.31185e-06
dlev13              =  -6.24282e-06
dlev14              =  -1.71107e-07
dlev15              =  -7.21050e-07
dlev16              =  -2.86486e-06
dlev17              =  -2.61639e-06
dlev18              =  1.00000e+00
dlev19              =  9.99998e-01
dlev20              =  1.00000e+00
dlev21              =  1.00000e+00
dlev22              =  1.00000e+00
dlev23              =  1.00000e+00
dlev24              =  9.99997e-01
dlev25              =  9.99997e-01
dlev26              =  9.99998e-01
dlev27              =  9.99997e-01
dlev28              =  1.00000e+00
dlev29              =  9.99998e-01
dlev30              =  9.99997e-01
dlev31              =  9.99997e-01
dlev32              =  9.99997e-01
vdd_meas            =  1.32000e+00
temp_meas           =  -4.00000e+01
vbias_mv            =  3.66507e+02
lowcount            =  1.80001e+01
vos_mv              =  4.50027e+00

ngspice-46 done
