
Note: No compatibility mode selected!


Circuit: * klt sim -- generated corner deck, do not edit

Doing analysis at TEMP = 125.000000 and TNOM = 27.000000

Using SPARSE 1.3 as Direct Linear Solver
Note: Starting dynamic gmin stepping
Note: Dynamic gmin stepping completed

Initial Transient Solution
--------------------------

Node                                   Voltage
----                                   -------
vdd                                       1.32
cm                                         0.6
vd                                      -0.048
ap                                       0.576
an                                       0.624
clku                                         0
clk                                          0
ibn                                   0.206793
xa.x1.tmid                         0.000200972
xa.x1.tail                            0.583385
xa.x1.np                               1.31995
xa.x1.nn                               1.31985
xa.x1.ln                                  1.32
xa.x1.lp                                  1.32
xa.x1.lnb                          1.71261e-06
xa.x1.lpb                          1.74569e-06
xa.x1.na                                  1.32
doutb                              2.20112e-06
dout                                   1.31998
xa.x1.nb                               1.31999
doutn                                 0.999988
tcheck                                     125
pa_00                                  206.793
bpa_00#branch                                0
btchk#branch                                 0
bdoutn#branch                                0
bclk#branch                        3.88581e-10
ean#branch                         7.71974e-12
eap#branch                         9.61772e-12
vclku#branch                                 0
vd#branch                                    0
vcm#branch                         1.73375e-11
vsup#branch                       -1.53113e-05


No. of Data Rows : 12205

  Measurements for Transient Analysis

dlev0               =  2.26515e-07
dlev1               =  2.45331e-06
dlev2               =  3.39157e-06
dlev3               =  -1.68189e-06
dlev4               =  -1.78287e-06
dlev5               =  -6.58312e-07
dlev6               =  9.57510e-07
dlev7               =  1.65361e-06
dlev8               =  2.02744e-06
dlev9               =  9.19200e-07
dlev10              =  -1.57291e-06
dlev11              =  1.35410e-06
dlev12              =  -1.10139e-06
dlev13              =  6.23168e-07
dlev14              =  -1.10254e-06
dlev15              =  -1.04730e-06
dlev16              =  -2.52341e-06
dlev17              =  9.42313e-08
dlev18              =  9.99988e-01
dlev19              =  9.99987e-01
dlev20              =  9.99987e-01
dlev21              =  9.99988e-01
dlev22              =  9.99989e-01
dlev23              =  9.99989e-01
dlev24              =  9.99988e-01
dlev25              =  9.99989e-01
dlev26              =  9.99988e-01
dlev27              =  9.99988e-01
dlev28              =  9.99988e-01
dlev29              =  9.99987e-01
dlev30              =  9.99988e-01
dlev31              =  9.99987e-01
dlev32              =  9.99987e-01
vdd_meas            =  1.32000e+00
temp_meas           =  1.25000e+02
vbias_mv            =  2.06793e+02
lowcount            =  1.80002e+01
vos_mv              =  4.50054e+00

ngspice-46 done
