
Note: No compatibility mode selected!


Circuit: * klt sim -- generated corner deck, do not edit

Doing analysis at TEMP = 27.000000 and TNOM = 27.000000

Using SPARSE 1.3 as Direct Linear Solver

Initial Transient Solution
--------------------------

Node                                   Voltage
----                                   -------
vdd                                       1.32
cm                                         0.6
vd                                      -0.048
ap                                       0.576
an                                       0.624
clku                                         0
clk                                          0
ibn                                    0.28716
xa.x1.tmid                          2.9399e-06
xa.x1.tail                            0.582055
xa.x1.np                                  1.32
xa.x1.nn                                  1.32
xa.x1.ln                                  1.32
xa.x1.lp                                  1.32
xa.x1.lnb                          6.81023e-08
xa.x1.lpb                           7.0949e-08
xa.x1.na                                  1.32
doutb                              7.88036e-08
dout                                      1.32
xa.x1.nb                                  1.32
doutn                                        1
tcheck                                      27
pa_00                                   287.16
bpa_00#branch                                0
btchk#branch                                 0
bdoutn#branch                                0
bclk#branch                        2.45329e-10
ean#branch                         3.46845e-12
eap#branch                         4.32121e-12
vclku#branch                                 0
vd#branch                                    0
vcm#branch                         7.78966e-12
vsup#branch                       -2.00079e-05


No. of Data Rows : 12325

  Measurements for Transient Analysis

dlev0               =  -2.21811e-06
dlev1               =  -2.25716e-06
dlev2               =  -5.31381e-07
dlev3               =  2.65664e-07
dlev4               =  -1.65953e-06
dlev5               =  -1.80632e-06
dlev6               =  -1.83499e-06
dlev7               =  -1.79798e-06
dlev8               =  -7.34502e-07
dlev9               =  -9.84294e-07
dlev10              =  -1.20668e-06
dlev11              =  -1.81836e-06
dlev12              =  -7.33708e-07
dlev13              =  -1.57817e-06
dlev14              =  -6.29576e-07
dlev15              =  -1.77582e-06
dlev16              =  5.29167e-08
dlev17              =  1.00000e+00
dlev18              =  9.99999e-01
dlev19              =  1.00000e+00
dlev20              =  9.99999e-01
dlev21              =  9.99999e-01
dlev22              =  9.99999e-01
dlev23              =  1.00000e+00
dlev24              =  1.00000e+00
dlev25              =  9.99998e-01
dlev26              =  9.99999e-01
dlev27              =  9.99999e-01
dlev28              =  9.99999e-01
dlev29              =  1.00000e+00
dlev30              =  9.99999e-01
dlev31              =  9.99999e-01
dlev32              =  9.99999e-01
vdd_meas            =  1.32000e+00
temp_meas           =  2.70000e+01
vbias_mv            =  2.87160e+02
lowcount            =  1.70000e+01
vos_mv              =  1.50010e+00

ngspice-46 done
