
Note: No compatibility mode selected!


Circuit: * klt sim -- generated corner deck, do not edit

Doing analysis at TEMP = -40.000000 and TNOM = 27.000000

Using SPARSE 1.3 as Direct Linear Solver
Note: Starting dynamic gmin stepping
Note: Dynamic gmin stepping completed

Initial Transient Solution
--------------------------

Node                                   Voltage
----                                   -------
vdd                                       1.32
cm                                        0.55
vd                                      -0.048
ap                                       0.526
an                                       0.574
clku                                         0
clk                                          0
ibn                                   0.391103
xa.x1.tmid                         1.34604e-09
xa.x1.tail                            0.556772
xa.x1.np                                  1.32
xa.x1.nn                                  1.32
xa.x1.ln                                  1.32
xa.x1.lp                                  1.32
xa.x1.lnb                           1.0405e-08
xa.x1.lpb                          1.03616e-08
xa.x1.na                               1.30749
doutb                                 0.665713
dout                                  0.671416
xa.x1.nb                               1.30579
doutn                                 0.508649
tcheck                                     -40
pa_00                                  391.103
bpa_00#branch                                0
btchk#branch                                 0
bdoutn#branch                                0
bclk#branch                        8.91677e-11
ean#branch                         2.50494e-13
eap#branch                         3.14637e-13
vclku#branch                                 0
vd#branch                                    0
vcm#branch                         5.65131e-13
vsup#branch                       -7.53376e-05


No. of Data Rows : 12387

  Measurements for Transient Analysis

dlev0               =  -1.12139e-06
dlev1               =  5.81181e-06
dlev2               =  6.27120e-06
dlev3               =  1.45864e-06
dlev4               =  1.25109e-06
dlev5               =  4.02614e-06
dlev6               =  5.65921e-06
dlev7               =  5.34779e-06
dlev8               =  5.08166e-06
dlev9               =  3.10428e-06
dlev10              =  3.62696e-06
dlev11              =  3.91634e-06
dlev12              =  2.55827e-06
dlev13              =  1.60723e-06
dlev14              =  -2.01390e-08
dlev15              =  6.66634e-07
dlev16              =  -1.78148e-06
dlev17              =  9.99999e-01
dlev18              =  9.99998e-01
dlev19              =  9.99999e-01
dlev20              =  9.99999e-01
dlev21              =  9.99999e-01
dlev22              =  9.99999e-01
dlev23              =  1.00000e+00
dlev24              =  1.00000e+00
dlev25              =  1.00000e+00
dlev26              =  1.00000e+00
dlev27              =  1.00000e+00
dlev28              =  1.00000e+00
dlev29              =  1.00000e+00
dlev30              =  1.00000e+00
dlev31              =  1.00000e+00
dlev32              =  1.00000e+00
vdd_meas            =  1.32000e+00
temp_meas           =  -4.00000e+01
vbias_mv            =  3.91103e+02
lowcount            =  1.70000e+01
vos_mv              =  1.49987e+00
vcm_meas            =  5.50000e-01

ngspice-46 done
