
Note: No compatibility mode selected!


Circuit: * klt sim -- generated corner deck, do not edit

Doing analysis at TEMP = 27.000000 and TNOM = 27.000000

Using SPARSE 1.3 as Direct Linear Solver

Initial Transient Solution
--------------------------

Node                                   Voltage
----                                   -------
vdd                                       1.08
cm                                         0.6
vd                                      -0.048
ap                                       0.576
an                                       0.624
clku                                         0
clk                                          0
ibn                                   0.288156
xa.x1.tmid                         3.20242e-06
xa.x1.tail                            0.569607
xa.x1.np                                  1.08
xa.x1.nn                               1.07999
xa.x1.ln                                  1.08
xa.x1.lp                                  1.08
xa.x1.lnb                          4.14947e-08
xa.x1.lpb                          3.88198e-08
xa.x1.na                                  1.08
doutb                              4.60236e-08
dout                                      1.08
xa.x1.nb                                  1.08
doutn                                        1
tcheck                                      27
pa_00                                  288.156
bpa_00#branch                                0
btchk#branch                                 0
bdoutn#branch                                0
bclk#branch                        1.22992e-10
ean#branch                         1.02199e-12
eap#branch                         1.34731e-12
vclku#branch                                 0
vd#branch                                    0
vcm#branch                          2.3693e-12
vsup#branch                        -2.0008e-05


No. of Data Rows : 12179

  Measurements for Transient Analysis

dlev0               =  -4.82153e-06
dlev1               =  -5.02387e-06
dlev2               =  4.57087e-07
dlev3               =  8.18081e-07
dlev4               =  -7.69423e-07
dlev5               =  -1.15562e-06
dlev6               =  -1.05311e-06
dlev7               =  -3.69770e-06
dlev8               =  -2.15025e-06
dlev9               =  -1.02161e-06
dlev10              =  -1.07222e-06
dlev11              =  -2.57095e-06
dlev12              =  -2.42716e-06
dlev13              =  -1.37537e-06
dlev14              =  -3.47899e-06
dlev15              =  -2.88460e-06
dlev16              =  1.00000e+00
dlev17              =  1.00000e+00
dlev18              =  1.00000e+00
dlev19              =  1.00000e+00
dlev20              =  1.00000e+00
dlev21              =  1.00000e+00
dlev22              =  1.00000e+00
dlev23              =  1.00000e+00
dlev24              =  1.00000e+00
dlev25              =  1.00000e+00
dlev26              =  1.00000e+00
dlev27              =  1.00000e+00
dlev28              =  9.99999e-01
dlev29              =  9.99999e-01
dlev30              =  1.00000e+00
dlev31              =  1.00000e+00
dlev32              =  1.00000e+00
vdd_meas            =  1.08000e+00
temp_meas           =  2.70000e+01
vbias_mv            =  2.88156e+02
lowcount            =  1.60000e+01
vos_mv              =  -1.49994e+00

ngspice-46 done
