
Note: No compatibility mode selected!


Circuit: * klt sim -- generated corner deck, do not edit

Doing analysis at TEMP = 125.000000 and TNOM = 27.000000

Using SPARSE 1.3 as Direct Linear Solver

Initial Transient Solution
--------------------------

Node                                   Voltage
----                                   -------
vdd                                       1.32
vdda                                      1.32
clku                                         0
clk                                          0
cm                                         0.6
sa                                       -0.05
apa                                      0.575
ana                                      0.625
ibna                                  0.272986
xa.x1.tmid                         3.50215e-05
xa.x1.tail                            0.593843
xa.x1.np                               1.31999
xa.x1.nn                               1.31997
xa.x1.ln                                  1.32
xa.x1.lp                                  1.32
xa.x1.lnb                          8.86893e-06
xa.x1.lpb                          8.86893e-06
xa.x1.na                               1.28295
doutba                                0.707382
douta                                 0.707382
xa.x1.nb                               1.28295
sb                                      -0.001
apb                                     0.5995
anb                                     0.6005
ibnb                                  0.272986
xb.x1.tmid                         3.48101e-05
xb.x1.tail                            0.587682
xb.x1.np                               1.31998
xb.x1.nn                               1.31998
xb.x1.ln                                  1.32
xb.x1.lp                                  1.32
xb.x1.lnb                          8.86893e-06
xb.x1.lpb                          8.86893e-06
xb.x1.na                               1.28295
doutbb                                0.707382
doutb                                 0.707382
xb.x1.nb                               1.28295
sc                                     -0.0001
apc                                    0.59995
anc                                    0.60005
ibnc                                  0.272986
xc.x1.tmid                           3.481e-05
xc.x1.tail                             0.58768
xc.x1.np                               1.31998
xc.x1.nn                               1.31998
xc.x1.ln                                  1.32
xc.x1.lp                                  1.32
xc.x1.lnb                          8.86893e-06
xc.x1.lpb                          8.86893e-06
xc.x1.na                               1.28295
doutbc                                0.707382
doutc                                 0.707382
xc.x1.nb                               1.28295
clkn                                         0
dan                                   0.535896
dbn                                   0.535896
dcn                                   0.535896
tcheck                                     125
pa_00                              0.000241908
bpa_00#branch                                0
vsupa#branch                      -0.000183264
btchk#branch                                 0
bdcn#branch                                  0
bdbn#branch                                  0
bdan#branch                                  0
bclkn#branch                                 0
bclk#branch                        3.63802e-09
eanc#branch                        2.06407e-12
eapc#branch                        2.06507e-12
eanb#branch                        2.05963e-12
eapb#branch                        2.06948e-12
eana#branch                        1.83048e-12
eapa#branch                         2.3247e-12
vsc#branch                                   0
vsb#branch                                   0
vsa#branch                                   0
vcm#branch                         1.24134e-11
vclku#branch                                 0
vsup#branch                       -0.000366527


No. of Data Rows : 12042

  Measurements for Transient Analysis

vdd_meas            =  1.32000e+00
vdda_meas           =  1.32000e+00
temp_meas           =  1.25000e+02
td_a                =  7.66686e-10 targ=  4.08167e-08 trig=  4.00500e-08
td_b                =  9.86614e-10 targ=  4.10366e-08 trig=  4.00500e-08
td_c                =  1.10936e-09 targ=  4.11594e-08 trig=  4.00500e-08
dout_od50_first     =  6.06287e-06
dout_od1_first      =  6.23984e-06
dout_od01_first     =  6.34090e-06
dout_od50_end       =  9.99998e-01
dout_od1_end        =  9.99998e-01
dout_od01_end       =  9.99998e-01
td_od50_ns          =  7.66686e-01
td_od1_ns           =  9.86614e-01
td_od01_ns          =  1.10936e+00
tau_ps              =  5.33072e+01
resolve_decades     =  1.85081e+01
i_stat              =  -2.04364e-05 from=  2.50000e-08 to=  2.90025e-08
i_static_ua         =  2.04364e+01
p_avg               =  3.72950e-05 from=  3.00000e-08 to=  6.00000e-08
p_avg_uw            =  3.72950e+01

ngspice-46 done
