
Note: No compatibility mode selected!


Circuit: * klt sim -- generated corner deck, do not edit

Doing analysis at TEMP = -40.000000 and TNOM = 27.000000

Using SPARSE 1.3 as Direct Linear Solver

Initial Transient Solution
--------------------------

Node                                   Voltage
----                                   -------
vdd                                       1.32
cm                                        0.55
vd                                      -0.048
ap                                       0.526
an                                       0.574
clku                                         0
clk                                          0
ibn                                     0.3445
xa.x1.tmid                         2.37355e-08
xa.x1.tail                            0.532012
xa.x1.np                                  1.32
xa.x1.nn                                  1.32
xa.x1.ln                                  1.32
xa.x1.lp                                  1.32
xa.x1.lnb                          3.48448e-08
xa.x1.lpb                           3.4504e-08
xa.x1.na                                  1.32
doutb                                     1.32
dout                               3.52014e-08
xa.x1.nb                                  1.32
doutn                              2.66677e-08
tcheck                                     -40
pa_00                                    344.5
bpa_00#branch                                0
btchk#branch                                 0
bdoutn#branch                                0
bclk#branch                        2.80117e-10
ean#branch                         1.03748e-12
eap#branch                         1.28969e-12
vclku#branch                                 0
vd#branch                                    0
vcm#branch                         2.32717e-12
vsup#branch                       -2.00007e-05


No. of Data Rows : 12376

  Measurements for Transient Analysis

dlev0               =  -3.34961e-06
dlev1               =  -3.20961e-06
dlev2               =  -3.14093e-06
dlev3               =  -2.67586e-06
dlev4               =  -1.45896e-06
dlev5               =  -5.89026e-07
dlev6               =  -7.09890e-07
dlev7               =  -3.30994e-06
dlev8               =  -2.86424e-06
dlev9               =  -2.64241e-06
dlev10              =  -2.28479e-06
dlev11              =  -1.98848e-06
dlev12              =  -3.67303e-06
dlev13              =  4.09639e-07
dlev14              =  -3.16552e-06
dlev15              =  -2.57585e-06
dlev16              =  -2.22002e-06
dlev17              =  1.00000e+00
dlev18              =  9.99999e-01
dlev19              =  9.99999e-01
dlev20              =  9.99999e-01
dlev21              =  9.99999e-01
dlev22              =  9.99998e-01
dlev23              =  9.99998e-01
dlev24              =  9.99998e-01
dlev25              =  9.99998e-01
dlev26              =  9.99998e-01
dlev27              =  9.99998e-01
dlev28              =  9.99998e-01
dlev29              =  1.00000e+00
dlev30              =  9.99998e-01
dlev31              =  9.99998e-01
dlev32              =  9.99998e-01
vdd_meas            =  1.32000e+00
temp_meas           =  -4.00000e+01
vbias_mv            =  3.44500e+02
lowcount            =  1.70001e+01
vos_mv              =  1.50018e+00
vcm_meas            =  5.50000e-01

ngspice-46 done
