
Note: No compatibility mode selected!


Circuit: * klt sim -- generated corner deck, do not edit

Doing analysis at TEMP = -40.000000 and TNOM = 27.000000

Using SPARSE 1.3 as Direct Linear Solver

Initial Transient Solution
--------------------------

Node                                   Voltage
----                                   -------
vdd                                        1.2
cm                                         0.6
vd                                      -0.048
ap                                       0.576
an                                       0.624
clku                                         0
clk                                          0
ibn                                   0.360124
xa.x1.tmid                         1.69265e-09
xa.x1.tail                            0.592629
xa.x1.np                                   1.2
xa.x1.nn                                   1.2
xa.x1.ln                                   1.2
xa.x1.lp                                   1.2
xa.x1.lnb                           7.9228e-09
xa.x1.lpb                          7.91979e-09
xa.x1.na                               1.19398
doutb                                 0.611296
dout                                  0.609531
xa.x1.nb                               1.19436
doutn                                 0.507942
tcheck                                     -40
pa_00                                  360.124
bpa_00#branch                                0
btchk#branch                                 0
bdoutn#branch                                0
bclk#branch                        6.39467e-11
ean#branch                         1.05554e-13
eap#branch                         1.36557e-13
vclku#branch                                 0
vd#branch                                    0
vcm#branch                         2.42112e-13
vsup#branch                       -3.23385e-05


No. of Data Rows : 12137

  Measurements for Transient Analysis

dlev0               =  -2.77367e-06
dlev1               =  -5.89960e-06
dlev2               =  3.36078e-07
dlev3               =  4.47470e-06
dlev4               =  3.24852e-06
dlev5               =  6.46046e-07
dlev6               =  4.00875e-08
dlev7               =  -4.97051e-06
dlev8               =  -3.93992e-06
dlev9               =  7.02104e-06
dlev10              =  -3.79979e-06
dlev11              =  -3.37289e-06
dlev12              =  1.02090e-05
dlev13              =  3.76707e-07
dlev14              =  -2.40001e-06
dlev15              =  1.00000e+00
dlev16              =  1.00000e+00
dlev17              =  1.00000e+00
dlev18              =  1.00000e+00
dlev19              =  1.00000e+00
dlev20              =  1.00000e+00
dlev21              =  1.00000e+00
dlev22              =  1.00000e+00
dlev23              =  1.00000e+00
dlev24              =  1.00000e+00
dlev25              =  1.00000e+00
dlev26              =  1.00000e+00
dlev27              =  1.00000e+00
dlev28              =  1.00000e+00
dlev29              =  1.00000e+00
dlev30              =  1.00000e+00
dlev31              =  9.99999e-01
dlev32              =  9.99999e-01
vdd_meas            =  1.20000e+00
temp_meas           =  -4.00000e+01
vbias_mv            =  3.60124e+02
lowcount            =  1.50000e+01
vos_mv              =  -4.50003e+00

ngspice-46 done
