
Note: No compatibility mode selected!


Circuit: * klt sim -- generated corner deck, do not edit

Doing analysis at TEMP = 125.000000 and TNOM = 27.000000

Using SPARSE 1.3 as Direct Linear Solver

Initial Transient Solution
--------------------------

Node                                   Voltage
----                                   -------
vdd                                        1.2
cm                                         0.6
vd                                      -0.048
ap                                       0.576
an                                       0.624
clku                                         0
clk                                          0
ibn                                   0.226567
xa.x1.tmid                         0.000168112
xa.x1.tail                            0.556605
xa.x1.np                               1.19995
xa.x1.nn                               1.19983
xa.x1.ln                                   1.2
xa.x1.lp                                   1.2
xa.x1.lnb                          1.76275e-06
xa.x1.lpb                          1.79094e-06
xa.x1.na                                   1.2
doutb                              1.79971e-06
dout                                   1.19999
xa.x1.nb                               1.19999
doutn                                 0.999991
tcheck                                     125
pa_00                                  226.567
bpa_00#branch                                0
btchk#branch                                 0
bdoutn#branch                                0
bclk#branch                        2.78439e-10
ean#branch                         2.88675e-12
eap#branch                           3.685e-12
vclku#branch                                 0
vd#branch                                    0
vcm#branch                         6.57174e-12
vsup#branch                        -2.0303e-05


No. of Data Rows : 12113

  Measurements for Transient Analysis

dlev0               =  2.29997e-06
dlev1               =  2.39145e-06
dlev2               =  2.10584e-06
dlev3               =  1.92051e-06
dlev4               =  2.30414e-06
dlev5               =  2.42491e-06
dlev6               =  2.46109e-06
dlev7               =  1.61394e-06
dlev8               =  2.39048e-06
dlev9               =  1.84852e-06
dlev10              =  2.39344e-06
dlev11              =  2.48559e-06
dlev12              =  2.61543e-06
dlev13              =  1.99357e-06
dlev14              =  2.57552e-06
dlev15              =  2.11175e-06
dlev16              =  1.60001e-06
dlev17              =  9.99992e-01
dlev18              =  9.99991e-01
dlev19              =  9.99992e-01
dlev20              =  9.99992e-01
dlev21              =  9.99992e-01
dlev22              =  9.99992e-01
dlev23              =  9.99992e-01
dlev24              =  9.99992e-01
dlev25              =  9.99992e-01
dlev26              =  9.99991e-01
dlev27              =  9.99992e-01
dlev28              =  9.99991e-01
dlev29              =  9.99991e-01
dlev30              =  9.99992e-01
dlev31              =  9.99992e-01
dlev32              =  9.99992e-01
vdd_meas            =  1.20000e+00
temp_meas           =  1.25000e+02
vbias_mv            =  2.26567e+02
lowcount            =  1.70001e+01
vos_mv              =  1.50029e+00

ngspice-46 done
