
Note: No compatibility mode selected!


Circuit: * klt sim -- generated corner deck, do not edit

Doing analysis at TEMP = 27.000000 and TNOM = 27.000000

Using SPARSE 1.3 as Direct Linear Solver
Note: Starting dynamic gmin stepping
Note: Dynamic gmin stepping completed

Initial Transient Solution
--------------------------

Node                                   Voltage
----                                   -------
vdd                                       1.08
cm                                         0.6
vd                                      -0.048
ap                                       0.576
an                                       0.624
clku                                         0
clk                                          0
ibn                                   0.285363
xa.x1.tmid                         3.53466e-06
xa.x1.tail                            0.568618
xa.x1.np                                  1.08
xa.x1.nn                               1.07999
xa.x1.ln                                  1.08
xa.x1.lp                                  1.08
xa.x1.lnb                          4.03681e-08
xa.x1.lpb                          4.17323e-08
xa.x1.na                                  1.08
doutb                                     1.08
dout                               4.57123e-08
xa.x1.nb                                  1.08
doutn                              4.23262e-08
tcheck                                      27
pa_00                                  285.363
bpa_00#branch                                0
btchk#branch                                 0
bdoutn#branch                                0
bclk#branch                        1.24175e-10
ean#branch                         1.02174e-12
eap#branch                         1.34762e-12
vclku#branch                                 0
vd#branch                                    0
vcm#branch                         2.36935e-12
vsup#branch                       -2.00083e-05


No. of Data Rows : 12181

  Measurements for Transient Analysis

dlev0               =  1.32008e-06
dlev1               =  8.33930e-07
dlev2               =  1.98366e-06
dlev3               =  3.17196e-06
dlev4               =  -2.59565e-06
dlev5               =  1.40455e-06
dlev6               =  1.26868e-06
dlev7               =  1.25609e-06
dlev8               =  1.16475e-06
dlev9               =  1.19820e-06
dlev10              =  5.48641e-07
dlev11              =  3.01971e-06
dlev12              =  6.83354e-07
dlev13              =  1.00361e-06
dlev14              =  -1.97326e-07
dlev15              =  9.94452e-07
dlev16              =  6.12168e-07
dlev17              =  5.62556e-07
dlev18              =  6.69284e-07
dlev19              =  1.00000e+00
dlev20              =  1.00000e+00
dlev21              =  9.99999e-01
dlev22              =  1.00000e+00
dlev23              =  1.00000e+00
dlev24              =  1.00000e+00
dlev25              =  1.00000e+00
dlev26              =  1.00000e+00
dlev27              =  1.00000e+00
dlev28              =  1.00000e+00
dlev29              =  1.00000e+00
dlev30              =  1.00000e+00
dlev31              =  9.99999e-01
dlev32              =  1.00000e+00
vdd_meas            =  1.08000e+00
temp_meas           =  2.70000e+01
vbias_mv            =  2.85363e+02
lowcount            =  1.90000e+01
vos_mv              =  7.49993e+00

ngspice-46 done
