
Note: No compatibility mode selected!


Circuit: * klt sim -- generated corner deck, do not edit

Doing analysis at TEMP = 27.000000 and TNOM = 27.000000

Using SPARSE 1.3 as Direct Linear Solver

Initial Transient Solution
--------------------------

Node                                   Voltage
----                                   -------
vdd                                       1.32
cm                                         0.6
vd                                      -0.048
ap                                       0.576
an                                       0.624
clku                                         0
clk                                          0
ibn                                   0.285742
xa.x1.tmid                         3.18931e-06
xa.x1.tail                            0.580403
xa.x1.np                                  1.32
xa.x1.nn                                  1.32
xa.x1.ln                                  1.32
xa.x1.lp                                  1.32
xa.x1.lnb                          7.13029e-08
xa.x1.lpb                          7.16791e-08
xa.x1.na                               1.29266
doutb                                 0.643385
dout                                    0.6491
xa.x1.nb                               1.29103
doutn                                 0.491742
tcheck                                      27
pa_00                                  285.742
bpa_00#branch                                0
btchk#branch                                 0
bdoutn#branch                                0
bclk#branch                        2.46711e-10
ean#branch                         3.46825e-12
eap#branch                         4.32021e-12
vclku#branch                                 0
vd#branch                                    0
vcm#branch                         7.78846e-12
vsup#branch                       -0.000134291


No. of Data Rows : 12329

  Measurements for Transient Analysis

dlev0               =  -1.76827e-06
dlev1               =  -2.06123e-06
dlev2               =  -4.43956e-07
dlev3               =  -1.61915e-06
dlev4               =  -8.29049e-07
dlev5               =  -1.61816e-06
dlev6               =  -2.86845e-06
dlev7               =  -4.45917e-08
dlev8               =  5.47730e-08
dlev9               =  -2.85021e-06
dlev10              =  -4.80612e-08
dlev11              =  -2.62753e-06
dlev12              =  2.76591e-07
dlev13              =  1.39162e-07
dlev14              =  -2.36285e-06
dlev15              =  -4.70439e-06
dlev16              =  2.80614e-08
dlev17              =  -2.58345e-06
dlev18              =  1.00000e+00
dlev19              =  1.00000e+00
dlev20              =  9.99999e-01
dlev21              =  1.00000e+00
dlev22              =  9.99999e-01
dlev23              =  9.99999e-01
dlev24              =  9.99999e-01
dlev25              =  9.99999e-01
dlev26              =  9.99998e-01
dlev27              =  9.99998e-01
dlev28              =  9.99999e-01
dlev29              =  9.99999e-01
dlev30              =  9.99999e-01
dlev31              =  9.99999e-01
dlev32              =  9.99999e-01
vdd_meas            =  1.32000e+00
temp_meas           =  2.70000e+01
vbias_mv            =  2.85742e+02
lowcount            =  1.80000e+01
vos_mv              =  4.50012e+00

ngspice-46 done
