
Note: No compatibility mode selected!


Circuit: * klt sim -- generated corner deck, do not edit

Doing analysis at TEMP = 125.000000 and TNOM = 27.000000

Using SPARSE 1.3 as Direct Linear Solver

Initial Transient Solution
--------------------------

Node                                   Voltage
----                                   -------
vdd                                       1.32
cm                                         0.6
vd                                      -0.048
ap                                       0.576
an                                       0.624
clku                                         0
clk                                          0
ibn                                   0.202619
xa.x1.tmid                         0.000323742
xa.x1.tail                            0.580137
xa.x1.np                               1.31993
xa.x1.nn                               1.31978
xa.x1.ln                                  1.32
xa.x1.lp                                  1.32
xa.x1.lnb                          1.84161e-05
xa.x1.lpb                          2.03127e-05
xa.x1.na                               1.31998
doutb                              2.31497e-05
dout                                   1.31998
xa.x1.nb                               1.31999
doutn                                 0.999987
tcheck                                     125
pa_00                                  202.619
bpa_00#branch                                0
btchk#branch                                 0
bdoutn#branch                                0
bclk#branch                        2.19947e-09
ean#branch                         1.58141e-11
eap#branch                         1.96198e-11
vclku#branch                                 0
vd#branch                                    0
vcm#branch                         3.54338e-11
vsup#branch                       -2.06965e-05


No. of Data Rows : 12232

  Measurements for Transient Analysis

dlev0               =  2.28607e-05
dlev1               =  2.09272e-05
dlev2               =  1.70759e-05
dlev3               =  2.05653e-05
dlev4               =  1.66453e-05
dlev5               =  1.66909e-05
dlev6               =  1.88895e-05
dlev7               =  2.07031e-05
dlev8               =  1.97889e-05
dlev9               =  1.65619e-05
dlev10              =  1.58843e-05
dlev11              =  1.55567e-05
dlev12              =  2.07194e-05
dlev13              =  1.93206e-05
dlev14              =  2.01752e-05
dlev15              =  1.28083e-05
dlev16              =  9.99987e-01
dlev17              =  9.99985e-01
dlev18              =  9.99986e-01
dlev19              =  9.99986e-01
dlev20              =  9.99987e-01
dlev21              =  9.99986e-01
dlev22              =  9.99987e-01
dlev23              =  9.99987e-01
dlev24              =  9.99985e-01
dlev25              =  9.99987e-01
dlev26              =  9.99985e-01
dlev27              =  9.99986e-01
dlev28              =  9.99986e-01
dlev29              =  9.99987e-01
dlev30              =  9.99987e-01
dlev31              =  9.99987e-01
dlev32              =  9.99986e-01
vdd_meas            =  1.32000e+00
temp_meas           =  1.25000e+02
vbias_mv            =  2.02619e+02
lowcount            =  1.59999e+01
vos_mv              =  -1.50019e+00
vcm_meas            =  6.00000e-01

ngspice-46 done
