
Note: No compatibility mode selected!


Circuit: * klt sim -- generated corner deck, do not edit

Doing analysis at TEMP = -40.000000 and TNOM = 27.000000

Using SPARSE 1.3 as Direct Linear Solver

Initial Transient Solution
--------------------------

Node                                   Voltage
----                                   -------
vdd                                        1.2
cm                                         0.6
vd                                      -0.048
ap                                       0.576
an                                       0.624
clku                                         0
clk                                          0
ibn                                   0.355721
xa.x1.tmid                         6.06499e-09
xa.x1.tail                            0.580899
xa.x1.np                                   1.2
xa.x1.nn                                   1.2
xa.x1.ln                                   1.2
xa.x1.lp                                   1.2
xa.x1.lnb                          3.92698e-08
xa.x1.lpb                          4.21875e-08
xa.x1.na                               1.18902
doutb                                   0.6523
dout                                   0.65035
xa.x1.nb                               1.18836
doutn                                 0.541958
tcheck                                     -40
pa_00                                  355.721
bpa_00#branch                                0
btchk#branch                                 0
bdoutn#branch                                0
bclk#branch                        3.63409e-10
ean#branch                         2.18853e-13
eap#branch                         2.82108e-13
vclku#branch                                 0
vd#branch                                    0
vcm#branch                          5.0096e-13
vsup#branch                       -6.84349e-05


No. of Data Rows : 12271

  Measurements for Transient Analysis

dlev0               =  -2.80633e-06
dlev1               =  2.85776e-06
dlev2               =  -2.09013e-06
dlev3               =  3.48031e-06
dlev4               =  -1.07586e-06
dlev5               =  3.78704e-06
dlev6               =  -1.99633e-06
dlev7               =  -2.20000e-06
dlev8               =  -2.19927e-06
dlev9               =  -2.41413e-06
dlev10              =  5.01211e-06
dlev11              =  -1.57033e-06
dlev12              =  6.13210e-07
dlev13              =  1.14347e-06
dlev14              =  -3.07317e-06
dlev15              =  -3.37664e-06
dlev16              =  3.09148e-06
dlev17              =  1.00000e+00
dlev18              =  1.00000e+00
dlev19              =  1.00000e+00
dlev20              =  1.00000e+00
dlev21              =  9.99998e-01
dlev22              =  1.00000e+00
dlev23              =  1.00000e+00
dlev24              =  1.00000e+00
dlev25              =  9.99999e-01
dlev26              =  9.99999e-01
dlev27              =  1.00000e+00
dlev28              =  9.99999e-01
dlev29              =  1.00000e+00
dlev30              =  1.00000e+00
dlev31              =  1.00000e+00
dlev32              =  1.00000e+00
vdd_meas            =  1.20000e+00
temp_meas           =  -4.00000e+01
vbias_mv            =  3.55721e+02
lowcount            =  1.70000e+01
vos_mv              =  1.50000e+00

ngspice-46 done
