
Note: No compatibility mode selected!


Circuit: * klt sim -- generated corner deck, do not edit

Doing analysis at TEMP = -40.000000 and TNOM = 27.000000

Using SPARSE 1.3 as Direct Linear Solver

Initial Transient Solution
--------------------------

Node                                   Voltage
----                                   -------
vdd                                        1.2
cm                                         0.6
vd                                      -0.048
ap                                       0.576
an                                       0.624
clku                                         0
clk                                          0
ibn                                   0.369747
xa.x1.tmid                         5.09197e-09
xa.x1.tail                            0.539157
xa.x1.np                                   1.2
xa.x1.nn                                   1.2
xa.x1.ln                                   1.2
xa.x1.lp                                   1.2
xa.x1.lnb                          4.09152e-08
xa.x1.lpb                          4.08661e-08
xa.x1.na                               1.18882
doutb                                 0.651096
dout                                   0.64495
xa.x1.nb                               1.18867
doutn                                 0.537458
tcheck                                     -40
pa_00                                  369.747
bpa_00#branch                                0
btchk#branch                                 0
bdoutn#branch                                0
bclk#branch                        3.64385e-10
ean#branch                         1.45411e-13
eap#branch                          1.8778e-13
vclku#branch                                 0
vd#branch                                    0
vcm#branch                         3.33192e-13
vsup#branch                       -7.61513e-05


No. of Data Rows : 12194

  Measurements for Transient Analysis

dlev0               =  3.80580e-06
dlev1               =  2.36155e-06
dlev2               =  3.50014e-06
dlev3               =  2.71210e-06
dlev4               =  4.50857e-06
dlev5               =  1.92861e-07
dlev6               =  3.74603e-06
dlev7               =  3.79931e-06
dlev8               =  4.10332e-06
dlev9               =  7.53919e-06
dlev10              =  1.01334e-05
dlev11              =  4.39902e-06
dlev12              =  3.79681e-06
dlev13              =  1.01234e-05
dlev14              =  2.80537e-06
dlev15              =  2.80288e-06
dlev16              =  7.46839e-08
dlev17              =  9.17128e-06
dlev18              =  9.99998e-01
dlev19              =  1.00000e+00
dlev20              =  1.00000e+00
dlev21              =  1.00000e+00
dlev22              =  1.00000e+00
dlev23              =  1.00000e+00
dlev24              =  1.00000e+00
dlev25              =  1.00000e+00
dlev26              =  1.00000e+00
dlev27              =  1.00000e+00
dlev28              =  1.00000e+00
dlev29              =  1.00000e+00
dlev30              =  1.00000e+00
dlev31              =  1.00000e+00
dlev32              =  1.00000e+00
vdd_meas            =  1.20000e+00
temp_meas           =  -4.00000e+01
vbias_mv            =  3.69747e+02
lowcount            =  1.79999e+01
vos_mv              =  4.49971e+00

ngspice-46 done
