
Note: No compatibility mode selected!


Circuit: * klt sim -- generated corner deck, do not edit

Doing analysis at TEMP = 125.000000 and TNOM = 27.000000

Using SPARSE 1.3 as Direct Linear Solver

Initial Transient Solution
--------------------------

Node                                   Voltage
----                                   -------
vdd                                       1.08
cm                                         0.6
vd                                      -0.048
ap                                       0.576
an                                       0.624
clku                                         0
clk                                          0
ibn                                   0.205928
xa.x1.tmid                         0.000314479
xa.x1.tail                            0.570298
xa.x1.np                               1.07992
xa.x1.nn                               1.07974
xa.x1.ln                                  1.08
xa.x1.lp                                  1.08
xa.x1.lnb                          2.01584e-05
xa.x1.lpb                          2.00628e-05
xa.x1.na                               1.07998
doutb                              2.76577e-05
dout                                   1.07998
xa.x1.nb                               1.07999
doutn                                 0.999981
tcheck                                     125
pa_00                                  205.928
bpa_00#branch                                0
btchk#branch                                 0
bdoutn#branch                                0
bclk#branch                        1.13457e-09
ean#branch                         4.80707e-12
eap#branch                         6.33843e-12
vclku#branch                                 0
vd#branch                                    0
vcm#branch                         1.11455e-11
vsup#branch                       -2.06784e-05


No. of Data Rows : 12073

  Measurements for Transient Analysis

dlev0               =  2.24336e-05
dlev1               =  2.16006e-05
dlev2               =  2.11087e-05
dlev3               =  2.10264e-05
dlev4               =  2.08483e-05
dlev5               =  2.18484e-05
dlev6               =  2.11880e-05
dlev7               =  2.11975e-05
dlev8               =  2.12044e-05
dlev9               =  2.12087e-05
dlev10              =  2.10378e-05
dlev11              =  2.10565e-05
dlev12              =  2.17278e-05
dlev13              =  2.20082e-05
dlev14              =  2.14477e-05
dlev15              =  2.13150e-05
dlev16              =  2.13191e-05
dlev17              =  9.99982e-01
dlev18              =  9.99981e-01
dlev19              =  9.99981e-01
dlev20              =  9.99981e-01
dlev21              =  9.99981e-01
dlev22              =  9.99981e-01
dlev23              =  9.99981e-01
dlev24              =  9.99981e-01
dlev25              =  9.99981e-01
dlev26              =  9.99981e-01
dlev27              =  9.99981e-01
dlev28              =  9.99981e-01
dlev29              =  9.99981e-01
dlev30              =  9.99982e-01
dlev31              =  9.99981e-01
dlev32              =  9.99981e-01
vdd_meas            =  1.08000e+00
temp_meas           =  1.25000e+02
vbias_mv            =  2.05928e+02
lowcount            =  1.69999e+01
vos_mv              =  1.49981e+00

ngspice-46 done
