
Note: No compatibility mode selected!


Circuit: * klt sim -- generated corner deck, do not edit

Doing analysis at TEMP = 27.000000 and TNOM = 27.000000

Using SPARSE 1.3 as Direct Linear Solver

Initial Transient Solution
--------------------------

Node                                   Voltage
----                                   -------
vdd                                       1.32
cm                                         0.6
vd                                      -0.048
ap                                       0.576
an                                       0.624
clku                                         0
clk                                          0
ibn                                   0.266333
xa.x1.tmid                          7.1386e-06
xa.x1.tail                              0.5771
xa.x1.np                                  1.32
xa.x1.nn                               1.31999
xa.x1.ln                                  1.32
xa.x1.lp                                  1.32
xa.x1.lnb                          8.22152e-07
xa.x1.lpb                          7.08121e-07
xa.x1.na                                  1.32
doutb                                     1.32
dout                               6.90198e-07
xa.x1.nb                                  1.32
doutn                              5.22878e-07
tcheck                                      27
pa_00                                  266.333
bpa_00#branch                                0
btchk#branch                                 0
bdoutn#branch                                0
bclk#branch                        1.37485e-09
ean#branch                         7.10129e-12
eap#branch                         8.80246e-12
vclku#branch                                 0
vd#branch                                    0
vcm#branch                         1.59038e-11
vsup#branch                        -2.0025e-05


No. of Data Rows : 12398

  Measurements for Transient Analysis

dlev0               =  -7.66242e-06
dlev1               =  -7.91569e-06
dlev2               =  -6.88144e-06
dlev3               =  -4.35082e-06
dlev4               =  -1.55244e-06
dlev5               =  -4.51600e-06
dlev6               =  -9.27037e-06
dlev7               =  -2.04464e-06
dlev8               =  -1.53087e-06
dlev9               =  -7.07164e-06
dlev10              =  -3.01142e-06
dlev11              =  -2.74503e-06
dlev12              =  -4.75029e-06
dlev13              =  -5.90906e-06
dlev14              =  -4.43257e-06
dlev15              =  -4.16434e-06
dlev16              =  -4.83423e-06
dlev17              =  -3.96369e-06
dlev18              =  9.99999e-01
dlev19              =  1.00000e+00
dlev20              =  9.99997e-01
dlev21              =  9.99998e-01
dlev22              =  9.99998e-01
dlev23              =  9.99998e-01
dlev24              =  9.99997e-01
dlev25              =  9.99999e-01
dlev26              =  9.99998e-01
dlev27              =  9.99998e-01
dlev28              =  9.99997e-01
dlev29              =  9.99997e-01
dlev30              =  9.99997e-01
dlev31              =  9.99999e-01
dlev32              =  9.99998e-01
vdd_meas            =  1.32000e+00
temp_meas           =  2.70000e+01
vbias_mv            =  2.66333e+02
lowcount            =  1.80001e+01
vos_mv              =  4.50035e+00
vcm_meas            =  6.00000e-01

ngspice-46 done
