
Note: No compatibility mode selected!


Circuit: * klt sim -- generated corner deck, do not edit

Doing analysis at TEMP = -40.000000 and TNOM = 27.000000

Using SPARSE 1.3 as Direct Linear Solver

Initial Transient Solution
--------------------------

Node                                   Voltage
----                                   -------
vdd                                        1.2
cm                                        0.65
vd                                      -0.048
ap                                       0.626
an                                       0.674
clku                                         0
clk                                          0
ibn                                   0.321575
xa.x1.tmid                         8.00592e-08
xa.x1.tail                            0.612748
xa.x1.np                                   1.2
xa.x1.nn                                   1.2
xa.x1.ln                                   1.2
xa.x1.lp                                   1.2
xa.x1.lnb                          2.44814e-08
xa.x1.lpb                          2.52746e-08
xa.x1.na                                   1.2
doutb                                      1.2
dout                               2.46857e-08
xa.x1.nb                                   1.2
doutn                              2.05714e-08
tcheck                                     -40
pa_00                                  321.575
bpa_00#branch                                0
btchk#branch                                 0
bdoutn#branch                                0
bclk#branch                        1.18528e-10
ean#branch                         7.27141e-13
eap#branch                         9.38749e-13
vclku#branch                                 0
vd#branch                                    0
vcm#branch                         1.66589e-12
vsup#branch                       -2.00006e-05


No. of Data Rows : 12261

  Measurements for Transient Analysis

dlev0               =  -1.78216e-06
dlev1               =  -6.33418e-06
dlev2               =  -6.35996e-06
dlev3               =  -6.54493e-06
dlev4               =  -6.50726e-06
dlev5               =  -2.52568e-06
dlev6               =  -2.90143e-06
dlev7               =  -2.80907e-06
dlev8               =  -2.33205e-06
dlev9               =  -6.04592e-06
dlev10              =  -1.82169e-06
dlev11              =  2.44858e-06
dlev12              =  -7.28812e-06
dlev13              =  -1.96309e-06
dlev14              =  -1.74194e-06
dlev15              =  2.39434e-07
dlev16              =  1.00000e+00
dlev17              =  9.99998e-01
dlev18              =  9.99995e-01
dlev19              =  9.99995e-01
dlev20              =  9.99995e-01
dlev21              =  9.99997e-01
dlev22              =  9.99996e-01
dlev23              =  9.99996e-01
dlev24              =  9.99999e-01
dlev25              =  9.99998e-01
dlev26              =  9.99998e-01
dlev27              =  9.99998e-01
dlev28              =  9.99998e-01
dlev29              =  9.99998e-01
dlev30              =  9.99998e-01
dlev31              =  9.99998e-01
dlev32              =  9.99998e-01
vdd_meas            =  1.20000e+00
temp_meas           =  -4.00000e+01
vbias_mv            =  3.21575e+02
lowcount            =  1.60001e+01
vos_mv              =  -1.49971e+00
vcm_meas            =  6.50000e-01

ngspice-46 done
