
Note: No compatibility mode selected!


Circuit: * klt sim -- generated corner deck, do not edit

Doing analysis at TEMP = 125.000000 and TNOM = 27.000000

Using SPARSE 1.3 as Direct Linear Solver

Initial Transient Solution
--------------------------

Node                                   Voltage
----                                   -------
vdd                                        1.2
cm                                         0.6
vd                                      -0.048
ap                                       0.576
an                                       0.624
clku                                         0
clk                                          0
ibn                                    0.22334
xa.x1.tmid                         0.000170058
xa.x1.tail                             0.53296
xa.x1.np                               1.19995
xa.x1.nn                               1.19982
xa.x1.ln                                   1.2
xa.x1.lp                                   1.2
xa.x1.lnb                          1.59246e-06
xa.x1.lpb                          1.48252e-06
xa.x1.na                               1.19999
doutb                                  1.19998
dout                               2.34585e-06
xa.x1.nb                                   1.2
doutn                              1.95488e-06
tcheck                                     125
pa_00                                   223.34
bpa_00#branch                                0
btchk#branch                                 0
bdoutn#branch                                0
bclk#branch                        2.72723e-10
ean#branch                         2.87728e-12
eap#branch                         3.67359e-12
vclku#branch                                 0
vd#branch                                    0
vcm#branch                         6.55087e-12
vsup#branch                       -2.03006e-05


No. of Data Rows : 12163

  Measurements for Transient Analysis

dlev0               =  1.27698e-07
dlev1               =  1.06138e-07
dlev2               =  1.43910e-07
dlev3               =  1.51939e-07
dlev4               =  1.76810e-07
dlev5               =  1.81678e-07
dlev6               =  1.86002e-07
dlev7               =  1.07789e-07
dlev8               =  2.94029e-07
dlev9               =  1.54218e-06
dlev10              =  1.55922e-06
dlev11              =  2.21884e-06
dlev12              =  1.05390e-06
dlev13              =  3.70507e-07
dlev14              =  3.45853e-07
dlev15              =  1.99563e-07
dlev16              =  1.62877e-06
dlev17              =  2.01499e-06
dlev18              =  2.28701e-06
dlev19              =  9.99990e-01
dlev20              =  9.99989e-01
dlev21              =  9.99989e-01
dlev22              =  9.99989e-01
dlev23              =  9.99989e-01
dlev24              =  9.99989e-01
dlev25              =  9.99989e-01
dlev26              =  9.99989e-01
dlev27              =  9.99989e-01
dlev28              =  9.99989e-01
dlev29              =  9.99989e-01
dlev30              =  9.99988e-01
dlev31              =  9.99989e-01
dlev32              =  9.99989e-01
vdd_meas            =  1.20000e+00
temp_meas           =  1.25000e+02
vbias_mv            =  2.23340e+02
lowcount            =  1.90001e+01
vos_mv              =  7.50042e+00

ngspice-46 done
