
Note: No compatibility mode selected!


Circuit: * klt sim -- generated corner deck, do not edit

Doing analysis at TEMP = 125.000000 and TNOM = 27.000000

Using SPARSE 1.3 as Direct Linear Solver

Initial Transient Solution
--------------------------

Node                                   Voltage
----                                   -------
vdd                                        1.2
cm                                        0.65
vd                                      -0.048
ap                                       0.626
an                                       0.674
clku                                         0
clk                                          0
ibn                                   0.205911
xa.x1.tmid                         0.000316495
xa.x1.tail                            0.621944
xa.x1.np                               1.19993
xa.x1.nn                               1.19976
xa.x1.ln                                   1.2
xa.x1.lp                                   1.2
xa.x1.lnb                          2.12386e-05
xa.x1.lpb                          1.80451e-05
xa.x1.na                               1.19998
doutb                              2.07797e-05
dout                                   1.19998
xa.x1.nb                               1.19999
doutn                                 0.999983
tcheck                                     125
pa_00                                  205.911
bpa_00#branch                                0
btchk#branch                                 0
bdoutn#branch                                0
bclk#branch                        1.61157e-09
ean#branch                         7.00356e-12
eap#branch                          9.0167e-12
vclku#branch                                 0
vd#branch                                    0
vcm#branch                         1.60203e-11
vsup#branch                       -2.06855e-05


No. of Data Rows : 12193

  Measurements for Transient Analysis

dlev0               =  1.43515e-05
dlev1               =  2.00279e-05
dlev2               =  1.68953e-05
dlev3               =  1.55477e-05
dlev4               =  1.60722e-05
dlev5               =  1.79777e-05
dlev6               =  1.96038e-05
dlev7               =  1.45436e-05
dlev8               =  1.64500e-05
dlev9               =  1.79948e-05
dlev10              =  1.45646e-05
dlev11              =  1.95040e-05
dlev12              =  1.80819e-05
dlev13              =  1.93753e-05
dlev14              =  1.95848e-05
dlev15              =  1.95869e-05
dlev16              =  9.99982e-01
dlev17              =  9.99981e-01
dlev18              =  9.99983e-01
dlev19              =  9.99983e-01
dlev20              =  9.99983e-01
dlev21              =  9.99983e-01
dlev22              =  9.99981e-01
dlev23              =  9.99980e-01
dlev24              =  9.99983e-01
dlev25              =  9.99983e-01
dlev26              =  9.99983e-01
dlev27              =  9.99983e-01
dlev28              =  9.99983e-01
dlev29              =  9.99983e-01
dlev30              =  9.99983e-01
dlev31              =  9.99982e-01
dlev32              =  9.99982e-01
vdd_meas            =  1.20000e+00
temp_meas           =  1.25000e+02
vbias_mv            =  2.05911e+02
lowcount            =  1.60000e+01
vos_mv              =  -1.49994e+00
vcm_meas            =  6.50000e-01

ngspice-46 done
