
Note: No compatibility mode selected!


Circuit: * klt sim -- generated corner deck, do not edit

Doing analysis at TEMP = 125.000000 and TNOM = 27.000000

Using SPARSE 1.3 as Direct Linear Solver

Initial Transient Solution
--------------------------

Node                                   Voltage
----                                   -------
vdd                                       1.08
cm                                         0.6
vd                                      -0.048
ap                                       0.576
an                                       0.624
clku                                         0
clk                                          0
ibn                                   0.295954
xa.x1.tmid                         1.38011e-05
xa.x1.tail                            0.591817
xa.x1.np                                  1.08
xa.x1.nn                               1.07998
xa.x1.ln                                  1.08
xa.x1.lp                                  1.08
xa.x1.lnb                          8.65524e-07
xa.x1.lpb                          7.70495e-07
xa.x1.na                               1.06699
doutb                                 0.552912
dout                                  0.551841
xa.x1.nb                               1.06677
doutn                                 0.510964
tcheck                                     125
pa_00                                  295.954
bpa_00#branch                                0
btchk#branch                                 0
bdoutn#branch                                0
bclk#branch                        1.00228e-10
ean#branch                         2.45581e-13
eap#branch                         3.28071e-13
vclku#branch                                 0
vd#branch                                    0
vcm#branch                         5.73652e-13
vsup#branch                        -5.5416e-05


No. of Data Rows : 12031

  Measurements for Transient Analysis

dlev0               =  9.62518e-07
dlev1               =  1.33202e-06
dlev2               =  1.30013e-06
dlev3               =  1.26978e-06
dlev4               =  1.23686e-06
dlev5               =  1.28480e-06
dlev6               =  1.01669e-06
dlev7               =  1.15727e-06
dlev8               =  2.05911e-07
dlev9               =  1.03181e-06
dlev10              =  1.03868e-06
dlev11              =  8.41225e-07
dlev12              =  -1.97592e-06
dlev13              =  -2.26006e-06
dlev14              =  9.92766e-07
dlev15              =  4.77706e-07
dlev16              =  -3.24889e-06
dlev17              =  9.99998e-01
dlev18              =  9.99998e-01
dlev19              =  9.99999e-01
dlev20              =  9.99999e-01
dlev21              =  9.99999e-01
dlev22              =  9.99999e-01
dlev23              =  9.99999e-01
dlev24              =  9.99999e-01
dlev25              =  9.99998e-01
dlev26              =  9.99999e-01
dlev27              =  9.99999e-01
dlev28              =  9.99999e-01
dlev29              =  9.99999e-01
dlev30              =  9.99999e-01
dlev31              =  9.99999e-01
dlev32              =  1.00000e+00
vdd_meas            =  1.08000e+00
temp_meas           =  1.25000e+02
vbias_mv            =  2.95954e+02
lowcount            =  1.70000e+01
vos_mv              =  1.50003e+00

ngspice-46 done
