
Note: No compatibility mode selected!


Circuit: * klt sim -- generated corner deck, do not edit

Doing analysis at TEMP = 125.000000 and TNOM = 27.000000

Using SPARSE 1.3 as Direct Linear Solver

Initial Transient Solution
--------------------------

Node                                   Voltage
----                                   -------
vdd                                       1.32
cm                                         0.6
vd                                      -0.048
ap                                       0.576
an                                       0.624
clku                                         0
clk                                          0
ibn                                   0.277376
xa.x1.tmid                         1.66623e-05
xa.x1.tail                            0.600005
xa.x1.np                                  1.32
xa.x1.nn                               1.31999
xa.x1.ln                                  1.32
xa.x1.lp                                  1.32
xa.x1.lnb                          7.44145e-07
xa.x1.lpb                          7.38159e-07
xa.x1.na                                  1.32
doutb                                     1.32
dout                               9.66271e-07
xa.x1.nb                                  1.32
doutn                              7.32024e-07
tcheck                                     125
pa_00                                  277.376
bpa_00#branch                                0
btchk#branch                                 0
bdoutn#branch                                0
bclk#branch                        2.05856e-10
ean#branch                         8.97477e-13
eap#branch                         1.13495e-12
vclku#branch                                 0
vd#branch                                    0
vcm#branch                         2.03243e-12
vsup#branch                       -1.50292e-05


No. of Data Rows : 12144

  Measurements for Transient Analysis

dlev0               =  9.18246e-07
dlev1               =  5.90990e-07
dlev2               =  4.77055e-07
dlev3               =  4.02799e-07
dlev4               =  3.94644e-07
dlev5               =  1.04931e-06
dlev6               =  3.18731e-07
dlev7               =  3.04607e-07
dlev8               =  1.51926e-07
dlev9               =  6.09594e-08
dlev10              =  -8.12372e-08
dlev11              =  -6.75986e-08
dlev12              =  8.13762e-07
dlev13              =  9.99999e-01
dlev14              =  9.99999e-01
dlev15              =  1.00000e+00
dlev16              =  9.99999e-01
dlev17              =  9.99999e-01
dlev18              =  9.99999e-01
dlev19              =  9.99999e-01
dlev20              =  1.00000e+00
dlev21              =  1.00000e+00
dlev22              =  1.00000e+00
dlev23              =  1.00000e+00
dlev24              =  1.00000e+00
dlev25              =  1.00000e+00
dlev26              =  1.00000e+00
dlev27              =  1.00000e+00
dlev28              =  1.00000e+00
dlev29              =  1.00000e+00
dlev30              =  1.00000e+00
dlev31              =  1.00000e+00
dlev32              =  1.00000e+00
vdd_meas            =  1.32000e+00
temp_meas           =  1.25000e+02
vbias_mv            =  2.77376e+02
lowcount            =  1.30000e+01
vos_mv              =  -1.05000e+01

ngspice-46 done
