
Note: No compatibility mode selected!


Circuit: * klt sim -- generated corner deck, do not edit

Doing analysis at TEMP = -40.000000 and TNOM = 27.000000

Using SPARSE 1.3 as Direct Linear Solver

Initial Transient Solution
--------------------------

Node                                   Voltage
----                                   -------
vdd                                       1.32
cm                                         0.6
vd                                      -0.048
ap                                       0.576
an                                       0.624
clku                                         0
clk                                          0
ibn                                   0.311661
xa.x1.tmid                         8.06462e-08
xa.x1.tail                            0.573827
xa.x1.np                                  1.32
xa.x1.nn                                  1.32
xa.x1.ln                                  1.32
xa.x1.lp                                  1.32
xa.x1.lnb                          3.53581e-08
xa.x1.lpb                          3.23285e-08
xa.x1.na                                  1.32
doutb                                     1.32
dout                               3.25206e-08
xa.x1.nb                                  1.32
doutn                              2.46368e-08
tcheck                                     -40
pa_00                                  311.661
bpa_00#branch                                0
btchk#branch                                 0
bdoutn#branch                                0
bclk#branch                        1.62746e-10
ean#branch                         1.68354e-12
eap#branch                         2.09832e-12
vclku#branch                                 0
vd#branch                                    0
vcm#branch                         3.78186e-12
vsup#branch                       -1.50008e-05


No. of Data Rows : 12310

  Measurements for Transient Analysis

dlev0               =  -1.09185e-06
dlev1               =  -3.48707e-07
dlev2               =  -2.27771e-06
dlev3               =  -1.48780e-06
dlev4               =  -2.75066e-08
dlev5               =  3.11672e-07
dlev6               =  -1.79711e-06
dlev7               =  -1.61743e-06
dlev8               =  -1.74635e-06
dlev9               =  -1.93598e-07
dlev10              =  1.45454e-06
dlev11              =  1.86643e-06
dlev12              =  2.33105e-06
dlev13              =  2.38745e-06
dlev14              =  -1.07758e-06
dlev15              =  2.81438e-07
dlev16              =  2.62242e-06
dlev17              =  1.00000e+00
dlev18              =  1.00000e+00
dlev19              =  1.00000e+00
dlev20              =  1.00000e+00
dlev21              =  1.00000e+00
dlev22              =  1.00000e+00
dlev23              =  1.00000e+00
dlev24              =  1.00000e+00
dlev25              =  1.00000e+00
dlev26              =  1.00000e+00
dlev27              =  1.00000e+00
dlev28              =  1.00000e+00
dlev29              =  1.00000e+00
dlev30              =  1.00000e+00
dlev31              =  1.00000e+00
dlev32              =  1.00000e+00
vdd_meas            =  1.32000e+00
temp_meas           =  -4.00000e+01
vbias_mv            =  3.11661e+02
lowcount            =  1.70000e+01
vos_mv              =  1.49994e+00

ngspice-46 done
