
Note: No compatibility mode selected!


Circuit: * klt sim -- generated corner deck, do not edit

Doing analysis at TEMP = -40.000000 and TNOM = 27.000000

Using SPARSE 1.3 as Direct Linear Solver
Note: Starting dynamic gmin stepping
Note: Dynamic gmin stepping completed

Initial Transient Solution
--------------------------

Node                                   Voltage
----                                   -------
vdd                                        1.2
cm                                         0.6
vd                                      -0.048
ap                                       0.576
an                                       0.624
clku                                         0
clk                                          0
ibn                                   0.342987
xa.x1.tmid                         2.59122e-08
xa.x1.tail                            0.570599
xa.x1.np                                   1.2
xa.x1.nn                                   1.2
xa.x1.ln                                   1.2
xa.x1.lp                                   1.2
xa.x1.lnb                          2.57479e-08
xa.x1.lpb                          2.67564e-08
xa.x1.na                                   1.2
doutb                              2.77984e-08
dout                                       1.2
xa.x1.nb                                   1.2
doutn                                        1
tcheck                                     -40
pa_00                                  342.987
bpa_00#branch                                0
btchk#branch                                 0
bdoutn#branch                                0
bclk#branch                        2.06424e-10
ean#branch                         4.53998e-13
eap#branch                         5.82395e-13
vclku#branch                                 0
vd#branch                                    0
vcm#branch                         1.03639e-12
vsup#branch                       -2.00005e-05


No. of Data Rows : 12261

  Measurements for Transient Analysis

dlev0               =  1.03549e-07
dlev1               =  2.17688e-06
dlev2               =  8.93542e-07
dlev3               =  4.36844e-06
dlev4               =  -1.67316e-06
dlev5               =  -1.84479e-06
dlev6               =  -2.19405e-06
dlev7               =  -1.90267e-06
dlev8               =  -1.04208e-06
dlev9               =  1.16987e-06
dlev10              =  4.96940e-07
dlev11              =  2.51295e-07
dlev12              =  -2.30209e-06
dlev13              =  -1.75658e-06
dlev14              =  -2.51144e-06
dlev15              =  -2.77175e-06
dlev16              =  -3.40975e-06
dlev17              =  9.99999e-01
dlev18              =  9.99998e-01
dlev19              =  1.00000e+00
dlev20              =  9.99999e-01
dlev21              =  9.99999e-01
dlev22              =  9.99998e-01
dlev23              =  1.00000e+00
dlev24              =  9.99999e-01
dlev25              =  9.99999e-01
dlev26              =  9.99999e-01
dlev27              =  9.99999e-01
dlev28              =  9.99999e-01
dlev29              =  9.99999e-01
dlev30              =  9.99999e-01
dlev31              =  1.00000e+00
dlev32              =  1.00000e+00
vdd_meas            =  1.20000e+00
temp_meas           =  -4.00000e+01
vbias_mv            =  3.42987e+02
lowcount            =  1.70000e+01
vos_mv              =  1.50007e+00

ngspice-46 done
