
Note: No compatibility mode selected!


Circuit: * klt sim -- generated corner deck, do not edit

Doing analysis at TEMP = 125.000000 and TNOM = 27.000000

Using SPARSE 1.3 as Direct Linear Solver

Initial Transient Solution
--------------------------

Node                                   Voltage
----                                   -------
vdd                                       1.32
cm                                        0.55
vd                                      -0.048
ap                                       0.526
an                                       0.574
clku                                         0
clk                                          0
ibn                                   0.249972
xa.x1.tmid                         7.88735e-05
xa.x1.tail                            0.542904
xa.x1.np                               1.31998
xa.x1.nn                               1.31993
xa.x1.ln                                  1.32
xa.x1.lp                                  1.32
xa.x1.lnb                           3.7807e-06
xa.x1.lpb                          4.28881e-06
xa.x1.na                               1.27815
doutb                                 0.669833
dout                                  0.666355
xa.x1.nb                               1.27873
doutn                                 0.504814
tcheck                                     125
pa_00                                  249.972
bpa_00#branch                                0
btchk#branch                                 0
bdoutn#branch                                0
bclk#branch                        6.77821e-10
ean#branch                         4.74881e-12
eap#branch                         5.89812e-12
vclku#branch                                 0
vd#branch                                    0
vcm#branch                         1.06469e-11
vsup#branch                       -0.000180272


No. of Data Rows : 12308

  Measurements for Transient Analysis

dlev0               =  1.81662e-06
dlev1               =  -5.89884e-07
dlev2               =  -7.35099e-07
dlev3               =  2.77619e-06
dlev4               =  2.03227e-06
dlev5               =  1.49535e-06
dlev6               =  1.23149e-06
dlev7               =  4.12100e-07
dlev8               =  7.77206e-07
dlev9               =  6.35220e-07
dlev10              =  1.29797e-06
dlev11              =  3.93220e-06
dlev12              =  4.17007e-06
dlev13              =  1.96787e-06
dlev14              =  3.79575e-06
dlev15              =  3.14273e-06
dlev16              =  1.28816e-06
dlev17              =  9.99995e-01
dlev18              =  9.99995e-01
dlev19              =  9.99996e-01
dlev20              =  9.99995e-01
dlev21              =  9.99994e-01
dlev22              =  9.99995e-01
dlev23              =  9.99994e-01
dlev24              =  9.99993e-01
dlev25              =  9.99993e-01
dlev26              =  9.99995e-01
dlev27              =  9.99995e-01
dlev28              =  9.99995e-01
dlev29              =  9.99995e-01
dlev30              =  9.99995e-01
dlev31              =  9.99995e-01
dlev32              =  9.99995e-01
vdd_meas            =  1.32000e+00
temp_meas           =  1.25000e+02
vbias_mv            =  2.49972e+02
lowcount            =  1.70001e+01
vos_mv              =  1.50017e+00
vcm_meas            =  5.50000e-01

ngspice-46 done
