
Note: No compatibility mode selected!


Circuit: * klt sim -- generated corner deck, do not edit

Doing analysis at TEMP = 27.000000 and TNOM = 27.000000

Using SPARSE 1.3 as Direct Linear Solver

Initial Transient Solution
--------------------------

Node                                   Voltage
----                                   -------
vdd                                       1.32
cm                                        0.55
vd                                      -0.048
ap                                       0.526
an                                       0.574
clku                                         0
clk                                          0
ibn                                   0.265337
xa.x1.tmid                         6.72059e-06
xa.x1.tail                             0.53448
xa.x1.np                                  1.32
xa.x1.nn                               1.31999
xa.x1.ln                                  1.32
xa.x1.lp                                  1.32
xa.x1.lnb                          6.88249e-07
xa.x1.lpb                          7.10712e-07
xa.x1.na                                  1.32
doutb                                     1.32
dout                               7.28338e-07
xa.x1.nb                                  1.32
doutn                              5.51771e-07
tcheck                                      27
pa_00                                  265.337
bpa_00#branch                                0
btchk#branch                                 0
bdoutn#branch                                0
bclk#branch                        1.36775e-09
ean#branch                         8.85567e-12
eap#branch                         1.08941e-11
vclku#branch                                 0
vd#branch                                    0
vcm#branch                         1.97497e-11
vsup#branch                       -2.00234e-05


No. of Data Rows : 12395

  Measurements for Transient Analysis

dlev0               =  -4.16513e-06
dlev1               =  4.61141e-06
dlev2               =  2.37275e-06
dlev3               =  5.47398e-06
dlev4               =  -2.70840e-06
dlev5               =  -2.01208e-06
dlev6               =  5.78768e-06
dlev7               =  5.69266e-06
dlev8               =  -3.47405e-06
dlev9               =  -1.68704e-06
dlev10              =  -1.70929e-06
dlev11              =  -2.39343e-06
dlev12              =  5.24008e-06
dlev13              =  6.37044e-06
dlev14              =  3.16712e-06
dlev15              =  7.14998e-06
dlev16              =  1.00000e+00
dlev17              =  1.00000e+00
dlev18              =  1.00000e+00
dlev19              =  1.00000e+00
dlev20              =  9.99997e-01
dlev21              =  9.99999e-01
dlev22              =  1.00000e+00
dlev23              =  1.00000e+00
dlev24              =  9.99999e-01
dlev25              =  1.00000e+00
dlev26              =  1.00000e+00
dlev27              =  9.99999e-01
dlev28              =  9.99997e-01
dlev29              =  9.99999e-01
dlev30              =  1.00000e+00
dlev31              =  1.00000e+00
dlev32              =  1.00000e+00
vdd_meas            =  1.32000e+00
temp_meas           =  2.70000e+01
vbias_mv            =  2.65337e+02
lowcount            =  1.60000e+01
vos_mv              =  -1.50007e+00
vcm_meas            =  5.50000e-01

ngspice-46 done
