
Note: No compatibility mode selected!


Circuit: * klt sim -- generated corner deck, do not edit

Doing analysis at TEMP = 125.000000 and TNOM = 27.000000

Using SPARSE 1.3 as Direct Linear Solver

Initial Transient Solution
--------------------------

Node                                   Voltage
----                                   -------
vdd                                        1.2
cm                                         0.6
vd                                      -0.048
ap                                       0.576
an                                       0.624
clku                                         0
clk                                          0
ibn                                   0.295178
xa.x1.tmid                         1.23575e-05
xa.x1.tail                            0.545401
xa.x1.np                                   1.2
xa.x1.nn                               1.19999
xa.x1.ln                                   1.2
xa.x1.lp                                   1.2
xa.x1.lnb                          7.51051e-07
xa.x1.lpb                           7.2679e-07
xa.x1.na                               1.17972
doutb                                 0.607058
dout                                  0.609071
xa.x1.nb                               1.17964
doutn                                 0.507559
tcheck                                     125
pa_00                                  295.178
bpa_00#branch                                0
btchk#branch                                 0
bdoutn#branch                                0
bclk#branch                         1.4657e-10
ean#branch                         3.21715e-13
eap#branch                         4.16514e-13
vclku#branch                                 0
vd#branch                                    0
vcm#branch                         7.38229e-13
vsup#branch                       -8.34634e-05


No. of Data Rows : 12042

  Measurements for Transient Analysis

dlev0               =  -4.31537e-06
dlev1               =  -2.71579e-06
dlev2               =  -2.98290e-06
dlev3               =  -3.98655e-07
dlev4               =  -2.54055e-06
dlev5               =  -1.25706e-08
dlev6               =  -2.85420e-06
dlev7               =  -1.33894e-06
dlev8               =  -2.67737e-06
dlev9               =  -3.05536e-06
dlev10              =  -3.02876e-06
dlev11              =  -7.36303e-08
dlev12              =  -3.00664e-06
dlev13              =  -3.39667e-06
dlev14              =  -1.29865e-06
dlev15              =  -3.01288e-06
dlev16              =  -2.98626e-06
dlev17              =  9.99999e-01
dlev18              =  9.99999e-01
dlev19              =  9.99999e-01
dlev20              =  9.99999e-01
dlev21              =  9.99999e-01
dlev22              =  9.99998e-01
dlev23              =  9.99999e-01
dlev24              =  9.99999e-01
dlev25              =  9.99999e-01
dlev26              =  9.99999e-01
dlev27              =  9.99999e-01
dlev28              =  9.99998e-01
dlev29              =  9.99998e-01
dlev30              =  9.99999e-01
dlev31              =  9.99999e-01
dlev32              =  9.99999e-01
vdd_meas            =  1.20000e+00
temp_meas           =  1.25000e+02
vbias_mv            =  2.95178e+02
lowcount            =  1.70001e+01
vos_mv              =  1.50017e+00

ngspice-46 done
