
Note: No compatibility mode selected!


Circuit: * klt sim -- generated corner deck, do not edit

Doing analysis at TEMP = -40.000000 and TNOM = 27.000000

Using SPARSE 1.3 as Direct Linear Solver

Initial Transient Solution
--------------------------

Node                                   Voltage
----                                   -------
vdd                                        1.2
cm                                         0.6
vd                                      -0.048
ap                                       0.576
an                                       0.624
clku                                         0
clk                                          0
ibn                                   0.323207
xa.x1.tmid                         7.15126e-08
xa.x1.tail                            0.569562
xa.x1.np                                   1.2
xa.x1.nn                                   1.2
xa.x1.ln                                   1.2
xa.x1.lp                                   1.2
xa.x1.lnb                          2.45868e-08
xa.x1.lpb                          2.38286e-08
xa.x1.na                                   1.2
doutb                              2.48969e-08
dout                                       1.2
xa.x1.nb                                   1.2
doutn                                        1
tcheck                                     -40
pa_00                                  323.207
bpa_00#branch                                0
btchk#branch                                 0
bdoutn#branch                                0
bclk#branch                        1.17703e-10
ean#branch                         9.42524e-13
eap#branch                          1.2027e-12
vclku#branch                                 0
vd#branch                                    0
vcm#branch                         2.14523e-12
vsup#branch                       -2.00006e-05


No. of Data Rows : 12277

  Measurements for Transient Analysis

dlev0               =  -1.94235e-06
dlev1               =  4.05493e-07
dlev2               =  -7.65109e-07
dlev3               =  -3.49925e-06
dlev4               =  -3.56480e-06
dlev5               =  -6.10957e-07
dlev6               =  -3.83055e-06
dlev7               =  -3.90723e-06
dlev8               =  -3.96860e-06
dlev9               =  -3.98855e-06
dlev10              =  -4.12096e-06
dlev11              =  -5.47425e-07
dlev12              =  1.25832e-06
dlev13              =  -4.50812e-06
dlev14              =  -2.09202e-06
dlev15              =  -5.20509e-06
dlev16              =  -2.24959e-06
dlev17              =  -3.66449e-06
dlev18              =  1.00000e+00
dlev19              =  9.99998e-01
dlev20              =  9.99998e-01
dlev21              =  9.99997e-01
dlev22              =  9.99997e-01
dlev23              =  1.00000e+00
dlev24              =  9.99997e-01
dlev25              =  9.99997e-01
dlev26              =  9.99997e-01
dlev27              =  1.00000e+00
dlev28              =  1.00000e+00
dlev29              =  9.99997e-01
dlev30              =  9.99998e-01
dlev31              =  9.99998e-01
dlev32              =  1.00000e+00
vdd_meas            =  1.20000e+00
temp_meas           =  -4.00000e+01
vbias_mv            =  3.23207e+02
lowcount            =  1.80001e+01
vos_mv              =  4.50020e+00
vcm_meas            =  6.00000e-01

ngspice-46 done
