
Note: No compatibility mode selected!


Circuit: * klt sim -- generated corner deck, do not edit

Doing analysis at TEMP = -40.000000 and TNOM = 27.000000

Using SPARSE 1.3 as Direct Linear Solver

Initial Transient Solution
--------------------------

Node                                   Voltage
----                                   -------
vdd                                       1.08
cm                                         0.6
vd                                      -0.048
ap                                       0.576
an                                       0.624
clku                                         0
clk                                          0
ibn                                   0.321697
xa.x1.tmid                         6.93392e-08
xa.x1.tail                            0.538125
xa.x1.np                                  1.08
xa.x1.nn                                  1.08
xa.x1.ln                                  1.08
xa.x1.lp                                  1.08
xa.x1.lnb                          1.64665e-08
xa.x1.lpb                          1.75695e-08
xa.x1.na                                  1.08
doutb                               1.6111e-08
dout                                      1.08
xa.x1.nb                                  1.08
doutn                                        1
tcheck                                     -40
pa_00                                  321.697
bpa_00#branch                                0
btchk#branch                                 0
bdoutn#branch                                0
bclk#branch                        8.23532e-11
ean#branch                         2.45581e-13
eap#branch                         3.25573e-13
vclku#branch                                 0
vd#branch                                    0
vcm#branch                         5.71154e-13
vsup#branch                       -2.00004e-05


No. of Data Rows : 12135

  Measurements for Transient Analysis

dlev0               =  1.49086e-05
dlev1               =  -1.10038e-05
dlev2               =  -1.08454e-05
dlev3               =  -6.82451e-06
dlev4               =  -1.01731e-05
dlev5               =  -7.34721e-06
dlev6               =  -1.02399e-05
dlev7               =  -8.69440e-07
dlev8               =  2.25519e-08
dlev9               =  1.69436e-06
dlev10              =  -8.58431e-06
dlev11              =  -1.15536e-05
dlev12              =  -1.37265e-05
dlev13              =  -1.30473e-05
dlev14              =  -5.15374e-08
dlev15              =  -7.39869e-06
dlev16              =  -1.53093e-05
dlev17              =  -1.46953e-05
dlev18              =  1.00000e+00
dlev19              =  9.99997e-01
dlev20              =  1.00000e+00
dlev21              =  9.99995e-01
dlev22              =  1.00000e+00
dlev23              =  9.99996e-01
dlev24              =  1.00000e+00
dlev25              =  9.99995e-01
dlev26              =  1.00000e+00
dlev27              =  9.99996e-01
dlev28              =  9.99995e-01
dlev29              =  9.99999e-01
dlev30              =  9.99995e-01
dlev31              =  9.99996e-01
dlev32              =  9.99996e-01
vdd_meas            =  1.08000e+00
temp_meas           =  -4.00000e+01
vbias_mv            =  3.21697e+02
lowcount            =  1.80002e+01
vos_mv              =  4.50049e+00

ngspice-46 done
