
Note: No compatibility mode selected!


Circuit: * klt sim -- generated corner deck, do not edit

Doing analysis at TEMP = 27.000000 and TNOM = 27.000000

Using SPARSE 1.3 as Direct Linear Solver

Initial Transient Solution
--------------------------

Node                                   Voltage
----                                   -------
vdd                                       1.32
cm                                        0.55
vd                                      -0.048
ap                                       0.526
an                                       0.574
clku                                         0
clk                                          0
ibn                                   0.311574
xa.x1.tmid                         1.18762e-06
xa.x1.tail                            0.540863
xa.x1.np                                  1.32
xa.x1.nn                                  1.32
xa.x1.ln                                  1.32
xa.x1.lp                                  1.32
xa.x1.lnb                          9.85601e-08
xa.x1.lpb                          9.75372e-08
xa.x1.na                               1.29312
doutb                                 0.682543
dout                                  0.673262
xa.x1.nb                               1.29512
doutn                                 0.510047
tcheck                                      27
pa_00                                  311.574
bpa_00#branch                                0
btchk#branch                                 0
bdoutn#branch                                0
bclk#branch                        4.34723e-10
ean#branch                         2.13404e-12
eap#branch                         2.65332e-12
vclku#branch                                 0
vd#branch                                    0
vcm#branch                         4.78736e-12
vsup#branch                       -0.000138472


No. of Data Rows : 12410

  Measurements for Transient Analysis

dlev0               =  -2.36205e-06
dlev1               =  -6.10647e-06
dlev2               =  -5.35760e-06
dlev3               =  -1.04538e-06
dlev4               =  9.50147e-08
dlev5               =  -3.19882e-07
dlev6               =  -1.59896e-06
dlev7               =  -8.02205e-07
dlev8               =  -8.88307e-07
dlev9               =  -2.56270e-07
dlev10              =  -1.42584e-07
dlev11              =  -2.80847e-07
dlev12              =  -1.54487e-06
dlev13              =  -2.00169e-06
dlev14              =  -4.65997e-07
dlev15              =  1.89081e-07
dlev16              =  1.44175e-07
dlev17              =  1.00000e+00
dlev18              =  1.00000e+00
dlev19              =  1.00000e+00
dlev20              =  9.99998e-01
dlev21              =  9.99998e-01
dlev22              =  1.00000e+00
dlev23              =  9.99999e-01
dlev24              =  9.99999e-01
dlev25              =  1.00000e+00
dlev26              =  9.99999e-01
dlev27              =  9.99999e-01
dlev28              =  9.99999e-01
dlev29              =  1.00000e+00
dlev30              =  9.99998e-01
dlev31              =  1.00000e+00
dlev32              =  1.00000e+00
vdd_meas            =  1.32000e+00
temp_meas           =  2.70000e+01
vbias_mv            =  3.11574e+02
lowcount            =  1.70000e+01
vos_mv              =  1.50011e+00
vcm_meas            =  5.50000e-01

ngspice-46 done
