
Note: No compatibility mode selected!


Circuit: * klt sim -- generated corner deck, do not edit

Doing analysis at TEMP = 27.000000 and TNOM = 27.000000

Using SPARSE 1.3 as Direct Linear Solver

Initial Transient Solution
--------------------------

Node                                   Voltage
----                                   -------
vdd                                        1.2
cm                                        0.55
vd                                      -0.048
ap                                       0.526
an                                       0.574
clku                                         0
clk                                          0
ibn                                   0.306945
xa.x1.tmid                         1.21232e-06
xa.x1.tail                            0.535976
xa.x1.np                                   1.2
xa.x1.nn                                   1.2
xa.x1.ln                                   1.2
xa.x1.lp                                   1.2
xa.x1.lnb                          9.12486e-08
xa.x1.lpb                          9.60934e-08
xa.x1.na                               1.18174
doutb                                 0.628041
dout                                  0.613252
xa.x1.nb                               1.18239
doutn                                 0.511043
tcheck                                      27
pa_00                                  306.945
bpa_00#branch                                0
btchk#branch                                 0
bdoutn#branch                                0
bclk#branch                        3.07851e-10
ean#branch                         1.20681e-12
eap#branch                         1.52905e-12
vclku#branch                                 0
vd#branch                                    0
vcm#branch                         2.73587e-12
vsup#branch                       -8.94946e-05


No. of Data Rows : 12186

  Measurements for Transient Analysis

dlev0               =  2.07924e-06
dlev1               =  -1.50889e-07
dlev2               =  -2.37528e-07
dlev3               =  -3.41872e-07
dlev4               =  -3.41601e-07
dlev5               =  1.30787e-06
dlev6               =  3.87445e-06
dlev7               =  2.67998e-06
dlev8               =  2.79702e-06
dlev9               =  2.52845e-06
dlev10              =  4.38531e-06
dlev11              =  3.44819e-06
dlev12              =  -1.98073e-07
dlev13              =  -3.94869e-07
dlev14              =  1.59503e-06
dlev15              =  1.34108e-06
dlev16              =  -7.93042e-07
dlev17              =  1.00000e+00
dlev18              =  9.99999e-01
dlev19              =  1.00000e+00
dlev20              =  1.00000e+00
dlev21              =  9.99999e-01
dlev22              =  9.99999e-01
dlev23              =  9.99999e-01
dlev24              =  1.00000e+00
dlev25              =  1.00000e+00
dlev26              =  1.00000e+00
dlev27              =  1.00000e+00
dlev28              =  9.99999e-01
dlev29              =  9.99999e-01
dlev30              =  9.99999e-01
dlev31              =  9.99999e-01
dlev32              =  9.99999e-01
vdd_meas            =  1.20000e+00
temp_meas           =  2.70000e+01
vbias_mv            =  3.06945e+02
lowcount            =  1.70000e+01
vos_mv              =  1.49994e+00
vcm_meas            =  5.50000e-01

ngspice-46 done
