
Note: No compatibility mode selected!


Circuit: * klt sim -- generated corner deck, do not edit

Doing analysis at TEMP = 125.000000 and TNOM = 27.000000

Using SPARSE 1.3 as Direct Linear Solver

Initial Transient Solution
--------------------------

Node                                   Voltage
----                                   -------
vdd                                       1.08
cm                                         0.6
vd                                      -0.048
ap                                       0.576
an                                       0.624
clku                                         0
clk                                          0
ibn                                   0.204162
xa.x1.tmid                         0.000276488
xa.x1.tail                            0.574737
xa.x1.np                               1.07993
xa.x1.nn                               1.07977
xa.x1.ln                                  1.08
xa.x1.lp                                  1.08
xa.x1.lnb                          1.94558e-05
xa.x1.lpb                          2.04852e-05
xa.x1.na                               1.07998
doutb                              2.68723e-05
dout                                   1.07998
xa.x1.nb                               1.07999
doutn                                 0.999981
tcheck                                     125
pa_00                                  204.162
bpa_00#branch                                0
btchk#branch                                 0
bdoutn#branch                                0
bclk#branch                        1.12478e-09
ean#branch                         4.82114e-12
eap#branch                          6.3447e-12
vclku#branch                                 0
vd#branch                                    0
vcm#branch                         1.11658e-11
vsup#branch                       -2.05996e-05


No. of Data Rows : 12087

  Measurements for Transient Analysis

dlev0               =  2.39790e-05
dlev1               =  2.29830e-05
dlev2               =  2.32864e-05
dlev3               =  2.28556e-05
dlev4               =  2.28661e-05
dlev5               =  2.43118e-05
dlev6               =  2.33175e-05
dlev7               =  2.23871e-05
dlev8               =  2.26137e-05
dlev9               =  2.21449e-05
dlev10              =  2.22356e-05
dlev11              =  2.37513e-05
dlev12              =  2.24007e-05
dlev13              =  2.24023e-05
dlev14              =  2.23992e-05
dlev15              =  9.99982e-01
dlev16              =  9.99981e-01
dlev17              =  9.99981e-01
dlev18              =  9.99981e-01
dlev19              =  9.99981e-01
dlev20              =  9.99981e-01
dlev21              =  9.99981e-01
dlev22              =  9.99982e-01
dlev23              =  9.99981e-01
dlev24              =  9.99981e-01
dlev25              =  9.99981e-01
dlev26              =  9.99981e-01
dlev27              =  9.99981e-01
dlev28              =  9.99981e-01
dlev29              =  9.99982e-01
dlev30              =  9.99982e-01
dlev31              =  9.99982e-01
dlev32              =  9.99982e-01
vdd_meas            =  1.08000e+00
temp_meas           =  1.25000e+02
vbias_mv            =  2.04162e+02
lowcount            =  1.50000e+01
vos_mv              =  -4.50003e+00
vcm_meas            =  6.00000e-01

ngspice-46 done
