
Note: No compatibility mode selected!


Circuit: * klt sim -- generated corner deck, do not edit

Doing analysis at TEMP = 125.000000 and TNOM = 27.000000

Using SPARSE 1.3 as Direct Linear Solver

Initial Transient Solution
--------------------------

Node                                   Voltage
----                                   -------
vdd                                        1.2
cm                                         0.6
vd                                      -0.048
ap                                       0.576
an                                       0.624
clku                                         0
clk                                          0
ibn                                   0.186035
xa.x1.tmid                         0.000374887
xa.x1.tail                            0.576998
xa.x1.np                               1.19993
xa.x1.nn                               1.19977
xa.x1.ln                                   1.2
xa.x1.lp                                   1.2
xa.x1.lnb                          2.08477e-05
xa.x1.lpb                          2.05904e-05
xa.x1.na                               1.16272
doutb                                 0.617956
dout                                  0.622666
xa.x1.nb                               1.16217
doutn                                 0.518889
tcheck                                     125
pa_00                                  186.035
bpa_00#branch                                0
btchk#branch                                 0
bdoutn#branch                                0
bclk#branch                        1.60392e-09
ean#branch                         9.01368e-12
eap#branch                         1.14553e-11
vclku#branch                                 0
vd#branch                                    0
vcm#branch                          2.0469e-11
vsup#branch                       -0.000184892


No. of Data Rows : 12156

  Measurements for Transient Analysis

dlev0               =  1.90258e-05
dlev1               =  1.59505e-05
dlev2               =  1.47049e-05
dlev3               =  1.66556e-05
dlev4               =  1.80079e-05
dlev5               =  1.97439e-05
dlev6               =  2.21970e-05
dlev7               =  1.51166e-05
dlev8               =  1.41599e-05
dlev9               =  1.47258e-05
dlev10              =  1.40410e-05
dlev11              =  1.43222e-05
dlev12              =  1.45373e-05
dlev13              =  1.47171e-05
dlev14              =  1.35895e-05
dlev15              =  2.10096e-05
dlev16              =  1.47752e-05
dlev17              =  1.71812e-05
dlev18              =  1.38322e-05
dlev19              =  9.99982e-01
dlev20              =  9.99981e-01
dlev21              =  9.99982e-01
dlev22              =  9.99984e-01
dlev23              =  9.99984e-01
dlev24              =  9.99982e-01
dlev25              =  9.99982e-01
dlev26              =  9.99982e-01
dlev27              =  9.99982e-01
dlev28              =  9.99984e-01
dlev29              =  9.99984e-01
dlev30              =  9.99984e-01
dlev31              =  9.99984e-01
dlev32              =  9.99983e-01
vdd_meas            =  1.20000e+00
temp_meas           =  1.25000e+02
vbias_mv            =  1.86035e+02
lowcount            =  1.89999e+01
vos_mv              =  7.49980e+00

ngspice-46 done
