
Note: No compatibility mode selected!


Circuit: * klt sim -- generated corner deck, do not edit

Doing analysis at TEMP = 125.000000 and TNOM = 27.000000

Using SPARSE 1.3 as Direct Linear Solver

Initial Transient Solution
--------------------------

Node                                   Voltage
----                                   -------
vdd                                        1.2
cm                                         0.6
vd                                      -0.048
ap                                       0.576
an                                       0.624
clku                                         0
clk                                          0
ibn                                   0.247961
xa.x1.tmid                         8.36352e-05
xa.x1.tail                            0.530815
xa.x1.np                               1.19998
xa.x1.nn                               1.19992
xa.x1.ln                                   1.2
xa.x1.lp                                   1.2
xa.x1.lnb                          4.53166e-06
xa.x1.lpb                          3.85716e-06
xa.x1.na                               1.17056
doutb                                 0.624393
dout                                  0.616743
xa.x1.nb                               1.17257
doutn                                 0.513952
tcheck                                     125
pa_00                                  247.961
bpa_00#branch                                0
btchk#branch                                 0
bdoutn#branch                                0
bclk#branch                        4.84269e-10
ean#branch                         1.38517e-12
eap#branch                         1.77695e-12
vclku#branch                                 0
vd#branch                                    0
vcm#branch                         3.16212e-12
vsup#branch                        -0.00012235


No. of Data Rows : 12163

  Measurements for Transient Analysis

dlev0               =  4.30874e-06
dlev1               =  8.62710e-07
dlev2               =  1.43121e-06
dlev3               =  3.86520e-06
dlev4               =  4.00441e-06
dlev5               =  3.23638e-06
dlev6               =  3.81652e-06
dlev7               =  3.08179e-06
dlev8               =  4.96920e-06
dlev9               =  5.21390e-06
dlev10              =  5.37413e-06
dlev11              =  4.94549e-06
dlev12              =  1.59443e-06
dlev13              =  1.56617e-06
dlev14              =  5.17463e-06
dlev15              =  1.58073e-06
dlev16              =  1.03739e-06
dlev17              =  9.99996e-01
dlev18              =  9.99995e-01
dlev19              =  9.99996e-01
dlev20              =  9.99995e-01
dlev21              =  9.99995e-01
dlev22              =  9.99996e-01
dlev23              =  9.99996e-01
dlev24              =  9.99996e-01
dlev25              =  9.99995e-01
dlev26              =  9.99995e-01
dlev27              =  9.99995e-01
dlev28              =  9.99995e-01
dlev29              =  9.99995e-01
dlev30              =  9.99996e-01
dlev31              =  9.99995e-01
dlev32              =  9.99995e-01
vdd_meas            =  1.20000e+00
temp_meas           =  1.25000e+02
vbias_mv            =  2.47961e+02
lowcount            =  1.70000e+01
vos_mv              =  1.50006e+00

ngspice-46 done
