
Note: No compatibility mode selected!


Circuit: * klt sim -- generated corner deck, do not edit

Doing analysis at TEMP = 125.000000 and TNOM = 27.000000

Using SPARSE 1.3 as Direct Linear Solver

Initial Transient Solution
--------------------------

Node                                   Voltage
----                                   -------
vdd                                       1.32
cm                                         0.6
vd                                      -0.048
ap                                       0.576
an                                       0.624
clku                                         0
clk                                          0
ibn                                   0.229365
xa.x1.tmid                         0.000170043
xa.x1.tail                             0.58196
xa.x1.np                               1.31995
xa.x1.nn                               1.31984
xa.x1.ln                                  1.32
xa.x1.lp                                  1.32
xa.x1.lnb                          1.54661e-06
xa.x1.lpb                          1.47853e-06
xa.x1.na                               1.31999
doutb                                  1.31999
dout                               2.16344e-06
xa.x1.nb                                  1.32
doutn                              1.63897e-06
tcheck                                     125
pa_00                                  229.365
bpa_00#branch                                0
btchk#branch                                 0
bdoutn#branch                                0
bclk#branch                        3.84089e-10
ean#branch                         7.71497e-12
eap#branch                         9.62469e-12
vclku#branch                                 0
vd#branch                                    0
vcm#branch                         1.73397e-11
vsup#branch                       -2.03173e-05


No. of Data Rows : 12249

  Measurements for Transient Analysis

dlev0               =  -3.24089e-07
dlev1               =  -1.81263e-06
dlev2               =  -8.77583e-07
dlev3               =  2.75984e-06
dlev4               =  2.47406e-06
dlev5               =  3.01638e-06
dlev6               =  2.29841e-06
dlev7               =  5.56950e-07
dlev8               =  2.47854e-06
dlev9               =  -1.02784e-07
dlev10              =  -4.51471e-07
dlev11              =  -1.80845e-07
dlev12              =  3.23064e-07
dlev13              =  2.41328e-06
dlev14              =  9.99988e-01
dlev15              =  9.99989e-01
dlev16              =  9.99988e-01
dlev17              =  9.99988e-01
dlev18              =  9.99988e-01
dlev19              =  9.99988e-01
dlev20              =  9.99989e-01
dlev21              =  9.99989e-01
dlev22              =  9.99989e-01
dlev23              =  9.99989e-01
dlev24              =  9.99989e-01
dlev25              =  9.99989e-01
dlev26              =  9.99987e-01
dlev27              =  9.99987e-01
dlev28              =  9.99987e-01
dlev29              =  9.99988e-01
dlev30              =  9.99987e-01
dlev31              =  9.99988e-01
dlev32              =  9.99989e-01
vdd_meas            =  1.32000e+00
temp_meas           =  1.25000e+02
vbias_mv            =  2.29365e+02
lowcount            =  1.40002e+01
vos_mv              =  -7.49936e+00
vcm_meas            =  6.00000e-01

ngspice-46 done
