
Note: No compatibility mode selected!


Circuit: * klt sim -- generated corner deck, do not edit

Doing analysis at TEMP = 27.000000 and TNOM = 27.000000

Using SPARSE 1.3 as Direct Linear Solver

Initial Transient Solution
--------------------------

Node                                   Voltage
----                                   -------
vdd                                        1.2
cm                                         0.6
vd                                      -0.048
ap                                       0.576
an                                       0.624
clku                                         0
clk                                          0
ibn                                    0.33106
xa.x1.tmid                          3.6381e-07
xa.x1.tail                            0.587795
xa.x1.np                                   1.2
xa.x1.nn                                   1.2
xa.x1.ln                                   1.2
xa.x1.lp                                   1.2
xa.x1.lnb                          2.23309e-07
xa.x1.lpb                          2.41023e-07
xa.x1.na                                   1.2
doutb                                      1.2
dout                               2.87497e-07
xa.x1.nb                                   1.2
doutn                              2.39581e-07
tcheck                                      27
pa_00                                   331.06
bpa_00#branch                                0
btchk#branch                                 0
bdoutn#branch                                0
bclk#branch                        5.54253e-10
ean#branch                         4.51333e-13
eap#branch                         5.81063e-13
vclku#branch                                 0
vd#branch                                    0
vcm#branch                          1.0324e-12
vsup#branch                        -2.0003e-05


No. of Data Rows : 12188

  Measurements for Transient Analysis

dlev0               =  4.39022e-06
dlev1               =  2.16599e-06
dlev2               =  6.40938e-06
dlev3               =  -7.45883e-07
dlev4               =  -7.79775e-07
dlev5               =  -8.35849e-07
dlev6               =  5.12675e-06
dlev7               =  -7.99934e-07
dlev8               =  4.86797e-06
dlev9               =  5.01125e-06
dlev10              =  2.59346e-07
dlev11              =  5.30116e-06
dlev12              =  1.33822e-06
dlev13              =  -2.69691e-07
dlev14              =  4.93075e-06
dlev15              =  4.34924e-06
dlev16              =  4.23289e-06
dlev17              =  1.00000e+00
dlev18              =  1.00000e+00
dlev19              =  1.00000e+00
dlev20              =  1.00000e+00
dlev21              =  1.00000e+00
dlev22              =  9.99999e-01
dlev23              =  1.00000e+00
dlev24              =  1.00000e+00
dlev25              =  1.00000e+00
dlev26              =  1.00000e+00
dlev27              =  1.00000e+00
dlev28              =  1.00000e+00
dlev29              =  1.00000e+00
dlev30              =  1.00000e+00
dlev31              =  1.00000e+00
dlev32              =  1.00000e+00
vdd_meas            =  1.20000e+00
temp_meas           =  2.70000e+01
vbias_mv            =  3.31060e+02
lowcount            =  1.69999e+01
vos_mv              =  1.49982e+00

ngspice-46 done
