
Note: No compatibility mode selected!


Circuit: * klt sim -- generated corner deck, do not edit

Doing analysis at TEMP = -40.000000 and TNOM = 27.000000

Using SPARSE 1.3 as Direct Linear Solver

Initial Transient Solution
--------------------------

Node                                   Voltage
----                                   -------
vdd                                       1.08
cm                                        0.55
vd                                      -0.048
ap                                       0.526
an                                       0.574
clku                                         0
clk                                          0
ibn                                   0.392771
xa.x1.tmid                         1.42182e-09
xa.x1.tail                            0.547985
xa.x1.np                                  1.08
xa.x1.nn                                  1.08
xa.x1.ln                                  1.08
xa.x1.lp                                  1.08
xa.x1.lnb                          6.58114e-09
xa.x1.lpb                           6.4269e-09
xa.x1.na                               1.07798
doutb                                 0.545383
dout                                   0.55205
xa.x1.nb                               1.07748
doutn                                 0.511157
tcheck                                     -40
pa_00                                  392.771
bpa_00#branch                                0
btchk#branch                                 0
bdoutn#branch                                0
bclk#branch                        4.45647e-11
ean#branch                         7.14984e-14
eap#branch                         9.41192e-14
vclku#branch                                 0
vd#branch                                    0
vcm#branch                         1.65618e-13
vsup#branch                       -2.71354e-05


No. of Data Rows : 12156

  Measurements for Transient Analysis

dlev0               =  8.20834e-07
dlev1               =  -4.24506e-06
dlev2               =  -1.95016e-06
dlev3               =  -4.08228e-06
dlev4               =  -3.62105e-06
dlev5               =  -4.73555e-06
dlev6               =  -4.21194e-06
dlev7               =  -8.17294e-06
dlev8               =  5.51439e-06
dlev9               =  7.84524e-06
dlev10              =  3.25566e-06
dlev11              =  3.32477e-06
dlev12              =  2.93813e-06
dlev13              =  3.45959e-06
dlev14              =  3.80951e-06
dlev15              =  2.30063e-06
dlev16              =  9.99996e-01
dlev17              =  1.00000e+00
dlev18              =  9.99999e-01
dlev19              =  1.00001e+00
dlev20              =  1.00000e+00
dlev21              =  1.00000e+00
dlev22              =  1.00000e+00
dlev23              =  1.00000e+00
dlev24              =  1.00000e+00
dlev25              =  1.00000e+00
dlev26              =  1.00000e+00
dlev27              =  9.99999e-01
dlev28              =  9.99999e-01
dlev29              =  9.99999e-01
dlev30              =  9.99999e-01
dlev31              =  9.99999e-01
dlev32              =  1.00000e+00
vdd_meas            =  1.08000e+00
temp_meas           =  -4.00000e+01
vbias_mv            =  3.92771e+02
lowcount            =  1.60000e+01
vos_mv              =  -1.50007e+00
vcm_meas            =  5.50000e-01

ngspice-46 done
