
Note: No compatibility mode selected!


Circuit: * klt sim -- generated corner deck, do not edit

Doing analysis at TEMP = 125.000000 and TNOM = 27.000000

Using SPARSE 1.3 as Direct Linear Solver

Initial Transient Solution
--------------------------

Node                                   Voltage
----                                   -------
vdd                                        1.2
cm                                         0.6
vd                                      -0.048
ap                                       0.576
an                                       0.624
clku                                         0
clk                                          0
ibn                                    0.29658
xa.x1.tmid                         1.22814e-05
xa.x1.tail                            0.600394
xa.x1.np                                   1.2
xa.x1.nn                               1.19999
xa.x1.ln                                   1.2
xa.x1.lp                                   1.2
xa.x1.lnb                          7.74334e-07
xa.x1.lpb                           7.7865e-07
xa.x1.na                                   1.2
doutb                                      1.2
dout                               1.07202e-06
xa.x1.nb                                   1.2
doutn                               8.9335e-07
tcheck                                     125
pa_00                                   296.58
bpa_00#branch                                0
btchk#branch                                 0
bdoutn#branch                                0
bclk#branch                        1.45992e-10
ean#branch                         4.85501e-13
eap#branch                         6.27248e-13
vclku#branch                                 0
vd#branch                                    0
vcm#branch                         1.11275e-12
vsup#branch                       -2.00259e-05


No. of Data Rows : 12123

  Measurements for Transient Analysis

dlev0               =  1.85584e-06
dlev1               =  -9.61093e-07
dlev2               =  -4.77578e-07
dlev3               =  6.28726e-07
dlev4               =  -3.05590e-07
dlev5               =  1.77365e-07
dlev6               =  1.49821e-06
dlev7               =  6.34432e-07
dlev8               =  1.48787e-06
dlev9               =  2.05120e-06
dlev10              =  2.72268e-07
dlev11              =  2.81736e-08
dlev12              =  2.53226e-07
dlev13              =  1.03956e-06
dlev14              =  1.36065e-06
dlev15              =  2.77681e-07
dlev16              =  2.16825e-06
dlev17              =  1.00000e+00
dlev18              =  9.99999e-01
dlev19              =  1.00000e+00
dlev20              =  1.00000e+00
dlev21              =  1.00000e+00
dlev22              =  1.00000e+00
dlev23              =  1.00000e+00
dlev24              =  1.00000e+00
dlev25              =  1.00000e+00
dlev26              =  1.00000e+00
dlev27              =  9.99999e-01
dlev28              =  1.00000e+00
dlev29              =  1.00000e+00
dlev30              =  1.00000e+00
dlev31              =  1.00000e+00
dlev32              =  1.00000e+00
vdd_meas            =  1.20000e+00
temp_meas           =  1.25000e+02
vbias_mv            =  2.96580e+02
lowcount            =  1.70000e+01
vos_mv              =  1.49995e+00

ngspice-46 done
