
Note: No compatibility mode selected!


Circuit: * klt sim -- generated corner deck, do not edit

Doing analysis at TEMP = -40.000000 and TNOM = 27.000000

Using SPARSE 1.3 as Direct Linear Solver
Note: Starting dynamic gmin stepping
Note: Dynamic gmin stepping completed

Initial Transient Solution
--------------------------

Node                                   Voltage
----                                   -------
vdd                                       1.32
cm                                         0.6
vd                                      -0.048
ap                                       0.576
an                                       0.624
clku                                         0
clk                                          0
ibn                                   0.365675
xa.x1.tmid                         5.16486e-09
xa.x1.tail                            0.541884
xa.x1.np                                  1.32
xa.x1.nn                                  1.32
xa.x1.ln                                  1.32
xa.x1.lp                                  1.32
xa.x1.lnb                          4.91831e-08
xa.x1.lpb                          5.19586e-08
xa.x1.na                                  1.32
doutb                              5.20188e-08
dout                                      1.32
xa.x1.nb                                  1.32
doutn                                        1
tcheck                                     -40
pa_00                                  365.675
bpa_00#branch                                0
btchk#branch                                 0
bdoutn#branch                                0
bclk#branch                        5.04777e-10
ean#branch                         2.67397e-13
eap#branch                         3.36939e-13
vclku#branch                                 0
vd#branch                                    0
vcm#branch                         6.04336e-13
vsup#branch                        -2.0001e-05


No. of Data Rows : 12291

  Measurements for Transient Analysis

dlev0               =  -5.53189e-07
dlev1               =  -4.13061e-06
dlev2               =  -4.04226e-06
dlev3               =  -3.51936e-06
dlev4               =  4.34877e-08
dlev5               =  -3.46805e-07
dlev6               =  -1.18009e-06
dlev7               =  -6.69411e-07
dlev8               =  -1.24757e-06
dlev9               =  -1.18421e-07
dlev10              =  -4.39428e-07
dlev11              =  -5.28324e-06
dlev12              =  -3.97098e-06
dlev13              =  -2.85907e-06
dlev14              =  -1.88447e-06
dlev15              =  -4.92538e-06
dlev16              =  -3.47129e-07
dlev17              =  -2.45735e-06
dlev18              =  1.00000e+00
dlev19              =  9.99996e-01
dlev20              =  1.00000e+00
dlev21              =  9.99998e-01
dlev22              =  9.99998e-01
dlev23              =  9.99998e-01
dlev24              =  9.99997e-01
dlev25              =  9.99997e-01
dlev26              =  9.99998e-01
dlev27              =  1.00000e+00
dlev28              =  9.99999e-01
dlev29              =  9.99999e-01
dlev30              =  1.00000e+00
dlev31              =  9.99998e-01
dlev32              =  9.99997e-01
vdd_meas            =  1.32000e+00
temp_meas           =  -4.00000e+01
vbias_mv            =  3.65675e+02
lowcount            =  1.80001e+01
vos_mv              =  4.50020e+00

ngspice-46 done
