
Note: No compatibility mode selected!


Circuit: * klt sim -- generated corner deck, do not edit

Doing analysis at TEMP = -40.000000 and TNOM = 27.000000

Using SPARSE 1.3 as Direct Linear Solver

Initial Transient Solution
--------------------------

Node                                   Voltage
----                                   -------
vdd                                       1.32
cm                                        0.55
vd                                      -0.048
ap                                       0.526
an                                       0.574
clku                                         0
clk                                          0
ibn                                   0.303163
xa.x1.tmid                         1.87868e-07
xa.x1.tail                            0.526742
xa.x1.np                                  1.32
xa.x1.nn                                  1.32
xa.x1.ln                                  1.32
xa.x1.lp                                  1.32
xa.x1.lnb                          1.29142e-07
xa.x1.lpb                          1.28163e-07
xa.x1.na                               1.29439
doutb                                 0.681004
dout                                   0.69393
xa.x1.nb                               1.29149
doutn                                 0.525705
tcheck                                     -40
pa_00                                  303.163
bpa_00#branch                                0
btchk#branch                                 0
bdoutn#branch                                0
bclk#branch                        8.78595e-10
ean#branch                         4.30314e-12
eap#branch                         5.29093e-12
vclku#branch                                 0
vd#branch                                    0
vcm#branch                         9.59408e-12
vsup#branch                        -0.00017967


No. of Data Rows : 12472

  Measurements for Transient Analysis

dlev0               =  2.36672e-06
dlev1               =  -2.31582e-06
dlev2               =  -2.96130e-06
dlev3               =  3.49537e-06
dlev4               =  2.90411e-06
dlev5               =  2.31419e-06
dlev6               =  1.69966e-06
dlev7               =  2.42927e-06
dlev8               =  2.58123e-06
dlev9               =  1.12309e-06
dlev10              =  -1.26276e-08
dlev11              =  2.06528e-06
dlev12              =  -1.82181e-06
dlev13              =  8.98919e-07
dlev14              =  2.55627e-06
dlev15              =  -1.81859e-06
dlev16              =  -2.81776e-06
dlev17              =  1.00000e+00
dlev18              =  1.00000e+00
dlev19              =  1.00000e+00
dlev20              =  9.99999e-01
dlev21              =  9.99996e-01
dlev22              =  1.00000e+00
dlev23              =  1.00000e+00
dlev24              =  1.00000e+00
dlev25              =  9.99999e-01
dlev26              =  9.99998e-01
dlev27              =  1.00000e+00
dlev28              =  1.00000e+00
dlev29              =  1.00000e+00
dlev30              =  9.99999e-01
dlev31              =  9.99999e-01
dlev32              =  9.99999e-01
vdd_meas            =  1.32000e+00
temp_meas           =  -4.00000e+01
vbias_mv            =  3.03163e+02
lowcount            =  1.70000e+01
vos_mv              =  1.49998e+00
vcm_meas            =  5.50000e-01

ngspice-46 done
