
Note: No compatibility mode selected!


Circuit: * klt sim -- generated corner deck, do not edit

Doing analysis at TEMP = -40.000000 and TNOM = 27.000000

Using SPARSE 1.3 as Direct Linear Solver
Note: Starting dynamic gmin stepping
Note: Dynamic gmin stepping completed

Initial Transient Solution
--------------------------

Node                                   Voltage
----                                   -------
vdd                                       1.32
cm                                         0.6
vd                                      -0.048
ap                                       0.576
an                                       0.624
clku                                         0
clk                                          0
ibn                                   0.377188
xa.x1.tmid                          1.6062e-09
xa.x1.tail                             0.59496
xa.x1.np                                  1.32
xa.x1.nn                                  1.32
xa.x1.ln                                  1.32
xa.x1.lp                                  1.32
xa.x1.lnb                          1.00446e-08
xa.x1.lpb                           1.0475e-08
xa.x1.na                               1.30801
doutb                                 0.674813
dout                                   0.67616
xa.x1.nb                                1.3076
doutn                                 0.512243
tcheck                                     -40
pa_00                                  377.188
bpa_00#branch                                0
btchk#branch                                 0
bdoutn#branch                                0
bclk#branch                        8.98451e-11
ean#branch                          1.9626e-13
eap#branch                          2.4844e-13
vclku#branch                                 0
vd#branch                                    0
vcm#branch                           4.447e-13
vsup#branch                       -6.62575e-05


No. of Data Rows : 12363

  Measurements for Transient Analysis

dlev0               =  -2.62589e-06
dlev1               =  -6.53385e-06
dlev2               =  2.37970e-08
dlev3               =  -1.26531e-06
dlev4               =  -6.22218e-06
dlev5               =  -6.74569e-06
dlev6               =  -3.85403e-06
dlev7               =  -5.26696e-06
dlev8               =  -5.31294e-06
dlev9               =  -2.37238e-06
dlev10              =  -4.85481e-06
dlev11              =  -8.98415e-07
dlev12              =  1.61839e-06
dlev13              =  -5.39243e-06
dlev14              =  -6.17987e-06
dlev15              =  8.27197e-07
dlev16              =  1.00000e+00
dlev17              =  9.99997e-01
dlev18              =  9.99997e-01
dlev19              =  9.99998e-01
dlev20              =  9.99999e-01
dlev21              =  1.00000e+00
dlev22              =  9.99998e-01
dlev23              =  9.99998e-01
dlev24              =  9.99999e-01
dlev25              =  9.99999e-01
dlev26              =  9.99998e-01
dlev27              =  9.99999e-01
dlev28              =  9.99998e-01
dlev29              =  1.00000e+00
dlev30              =  1.00000e+00
dlev31              =  1.00000e+00
dlev32              =  1.00000e+00
vdd_meas            =  1.32000e+00
temp_meas           =  -4.00000e+01
vbias_mv            =  3.77188e+02
lowcount            =  1.60001e+01
vos_mv              =  -1.49978e+00

ngspice-46 done
