
Note: No compatibility mode selected!


Circuit: * klt sim -- generated corner deck, do not edit

Doing analysis at TEMP = 125.000000 and TNOM = 27.000000

Using SPARSE 1.3 as Direct Linear Solver

Initial Transient Solution
--------------------------

Node                                   Voltage
----                                   -------
vdd                                       1.32
cm                                         0.6
vd                                      -0.048
ap                                       0.576
an                                       0.624
clku                                         0
clk                                          0
ibn                                   0.230246
xa.x1.tmid                         5.89661e-05
xa.x1.tail                            0.588741
xa.x1.np                               1.31999
xa.x1.nn                               1.31997
xa.x1.ln                                  1.32
xa.x1.lp                                  1.32
xa.x1.lnb                          9.17195e-06
xa.x1.lpb                          7.71255e-06
xa.x1.na                               1.28236
doutb                                 0.706668
dout                                  0.699761
xa.x1.nb                               1.28392
doutn                                 0.530122
tcheck                                     125
pa_00                                  230.246
bpa_00#branch                                0
btchk#branch                                 0
bdoutn#branch                                0
bclk#branch                        1.21176e-09
ean#branch                          1.8395e-12
eap#branch                         2.31309e-12
vclku#branch                                 0
vd#branch                                    0
vcm#branch                         4.15259e-12
vsup#branch                       -0.000175905


No. of Data Rows : 12120

  Measurements for Transient Analysis

dlev0               =  2.40415e-06
dlev1               =  1.27145e-05
dlev2               =  1.17792e-05
dlev3               =  5.39224e-06
dlev4               =  4.17729e-06
dlev5               =  4.85766e-06
dlev6               =  8.42311e-06
dlev7               =  5.28625e-06
dlev8               =  1.10129e-05
dlev9               =  7.61033e-06
dlev10              =  9.19761e-06
dlev11              =  1.22830e-05
dlev12              =  1.04392e-05
dlev13              =  3.52341e-06
dlev14              =  5.55235e-06
dlev15              =  7.74297e-06
dlev16              =  3.31466e-06
dlev17              =  9.99997e-01
dlev18              =  9.99997e-01
dlev19              =  9.99996e-01
dlev20              =  9.99999e-01
dlev21              =  9.99999e-01
dlev22              =  9.99998e-01
dlev23              =  9.99997e-01
dlev24              =  9.99999e-01
dlev25              =  9.99997e-01
dlev26              =  9.99996e-01
dlev27              =  9.99996e-01
dlev28              =  9.99996e-01
dlev29              =  9.99999e-01
dlev30              =  9.99999e-01
dlev31              =  9.99999e-01
dlev32              =  9.99998e-01
vdd_meas            =  1.32000e+00
temp_meas           =  1.25000e+02
vbias_mv            =  2.30246e+02
lowcount            =  1.69999e+01
vos_mv              =  1.49973e+00

ngspice-46 done
