
Note: No compatibility mode selected!


Circuit: * klt sim -- generated corner deck, do not edit

Doing analysis at TEMP = 27.000000 and TNOM = 27.000000

Using SPARSE 1.3 as Direct Linear Solver

Initial Transient Solution
--------------------------

Node                                   Voltage
----                                   -------
vdd                                        1.2
cm                                         0.6
vd                                      -0.048
ap                                       0.576
an                                       0.624
clku                                         0
clk                                          0
ibn                                   0.309282
xa.x1.tmid                         1.21608e-06
xa.x1.tail                            0.583077
xa.x1.np                                   1.2
xa.x1.nn                                   1.2
xa.x1.ln                                   1.2
xa.x1.lp                                   1.2
xa.x1.lnb                          9.51441e-08
xa.x1.lpb                          1.08047e-07
xa.x1.na                                   1.2
doutb                                      1.2
dout                               1.22009e-07
xa.x1.nb                                   1.2
doutn                              1.01674e-07
tcheck                                      27
pa_00                                  309.282
bpa_00#branch                                0
btchk#branch                                 0
bdoutn#branch                                0
bclk#branch                        3.10249e-10
ean#branch                         9.38055e-13
eap#branch                         1.19948e-12
vclku#branch                                 0
vd#branch                                    0
vcm#branch                         2.13754e-12
vsup#branch                       -2.00039e-05


No. of Data Rows : 12184

  Measurements for Transient Analysis

dlev0               =  3.27448e-06
dlev1               =  -8.20931e-07
dlev2               =  -8.80021e-07
dlev3               =  -9.47553e-07
dlev4               =  2.66992e-06
dlev5               =  2.31875e-06
dlev6               =  -8.81980e-07
dlev7               =  2.26480e-06
dlev8               =  3.04042e-06
dlev9               =  -1.17039e-06
dlev10              =  -1.06640e-06
dlev11              =  -1.13023e-06
dlev12              =  -1.54385e-06
dlev13              =  -8.52160e-07
dlev14              =  2.72745e-06
dlev15              =  1.92402e-06
dlev16              =  -1.92941e-06
dlev17              =  1.50245e-06
dlev18              =  9.99999e-01
dlev19              =  1.00000e+00
dlev20              =  1.00000e+00
dlev21              =  1.00000e+00
dlev22              =  1.00000e+00
dlev23              =  1.00000e+00
dlev24              =  1.00000e+00
dlev25              =  1.00000e+00
dlev26              =  1.00000e+00
dlev27              =  1.00000e+00
dlev28              =  1.00000e+00
dlev29              =  1.00000e+00
dlev30              =  1.00000e+00
dlev31              =  1.00000e+00
dlev32              =  1.00000e+00
vdd_meas            =  1.20000e+00
temp_meas           =  2.70000e+01
vbias_mv            =  3.09282e+02
lowcount            =  1.80000e+01
vos_mv              =  4.49997e+00

ngspice-46 done
