
Note: No compatibility mode selected!


Circuit: * klt sim -- generated corner deck, do not edit

Doing analysis at TEMP = -40.000000 and TNOM = 27.000000

Using SPARSE 1.3 as Direct Linear Solver

Initial Transient Solution
--------------------------

Node                                   Voltage
----                                   -------
vdd                                       1.32
cm                                         0.6
vd                                      -0.048
ap                                       0.576
an                                       0.624
clku                                         0
clk                                          0
ibn                                   0.321517
xa.x1.tmid                         7.37126e-08
xa.x1.tail                            0.540542
xa.x1.np                                  1.32
xa.x1.nn                                  1.32
xa.x1.ln                                  1.32
xa.x1.lp                                  1.32
xa.x1.lnb                          3.18694e-08
xa.x1.lpb                          3.39403e-08
xa.x1.na                               1.29781
doutb                                  0.64878
dout                                  0.648386
xa.x1.nb                               1.29977
doutn                                 0.491202
tcheck                                     -40
pa_00                                  321.517
bpa_00#branch                                0
btchk#branch                                 0
bdoutn#branch                                0
bclk#branch                        1.61606e-10
ean#branch                         8.41271e-13
eap#branch                         1.04831e-12
vclku#branch                                 0
vd#branch                                    0
vcm#branch                         1.88959e-12
vsup#branch                       -0.000114929


No. of Data Rows : 12336

  Measurements for Transient Analysis

dlev0               =  -5.09480e-07
dlev1               =  -2.29577e-06
dlev2               =  -3.32866e-06
dlev3               =  -2.98430e-06
dlev4               =  -3.07021e-06
dlev5               =  -4.92608e-06
dlev6               =  -9.67261e-06
dlev7               =  -7.10543e-06
dlev8               =  -3.16465e-06
dlev9               =  -3.77338e-06
dlev10              =  -8.34450e-07
dlev11              =  -2.63073e-06
dlev12              =  -2.63242e-06
dlev13              =  -3.14224e-06
dlev14              =  -1.34357e-06
dlev15              =  -3.43177e-06
dlev16              =  -8.02311e-06
dlev17              =  -1.47832e-06
dlev18              =  1.00000e+00
dlev19              =  9.99999e-01
dlev20              =  9.99998e-01
dlev21              =  9.99999e-01
dlev22              =  9.99997e-01
dlev23              =  9.99998e-01
dlev24              =  9.99998e-01
dlev25              =  9.99998e-01
dlev26              =  1.00000e+00
dlev27              =  9.99997e-01
dlev28              =  9.99999e-01
dlev29              =  9.99998e-01
dlev30              =  9.99999e-01
dlev31              =  9.99998e-01
dlev32              =  9.99999e-01
vdd_meas            =  1.32000e+00
temp_meas           =  -4.00000e+01
vbias_mv            =  3.21517e+02
lowcount            =  1.80001e+01
vos_mv              =  4.50026e+00

ngspice-46 done
