
Note: No compatibility mode selected!


Circuit: * klt sim -- generated corner deck, do not edit

Doing analysis at TEMP = 27.000000 and TNOM = 27.000000

Using SPARSE 1.3 as Direct Linear Solver

Initial Transient Solution
--------------------------

Node                                   Voltage
----                                   -------
vdd                                       1.32
cm                                         0.6
vd                                      -0.048
ap                                       0.576
an                                       0.624
clku                                         0
clk                                          0
ibn                                   0.353102
xa.x1.tmid                         7.65381e-08
xa.x1.tail                            0.572234
xa.x1.np                                  1.32
xa.x1.nn                                  1.32
xa.x1.ln                                  1.32
xa.x1.lp                                  1.32
xa.x1.lnb                          2.05823e-08
xa.x1.lpb                          2.11063e-08
xa.x1.na                                1.3015
doutb                                 0.668459
dout                                  0.666617
xa.x1.nb                               1.30133
doutn                                 0.505013
tcheck                                      27
pa_00                                  353.102
bpa_00#branch                                0
btchk#branch                                 0
bdoutn#branch                                0
bclk#branch                        1.33538e-10
ean#branch                         2.01839e-13
eap#branch                         2.55587e-13
vclku#branch                                 0
vd#branch                                    0
vcm#branch                         4.57426e-13
vsup#branch                       -9.14969e-05


No. of Data Rows : 12136

  Measurements for Transient Analysis

dlev0               =  -4.95760e-06
dlev1               =  5.77785e-06
dlev2               =  3.67956e-06
dlev3               =  7.92332e-06
dlev4               =  5.74703e-06
dlev5               =  5.35467e-07
dlev6               =  -8.42578e-07
dlev7               =  2.29842e-06
dlev8               =  7.35034e-06
dlev9               =  7.42010e-06
dlev10              =  7.57069e-06
dlev11              =  7.15650e-06
dlev12              =  -5.04670e-07
dlev13              =  4.47099e-06
dlev14              =  9.99997e-01
dlev15              =  1.00000e+00
dlev16              =  1.00000e+00
dlev17              =  1.00000e+00
dlev18              =  1.00000e+00
dlev19              =  1.00000e+00
dlev20              =  1.00000e+00
dlev21              =  1.00000e+00
dlev22              =  1.00000e+00
dlev23              =  1.00000e+00
dlev24              =  1.00000e+00
dlev25              =  1.00000e+00
dlev26              =  1.00000e+00
dlev27              =  1.00000e+00
dlev28              =  1.00000e+00
dlev29              =  1.00000e+00
dlev30              =  1.00000e+00
dlev31              =  1.00000e+00
dlev32              =  1.00000e+00
vdd_meas            =  1.32000e+00
temp_meas           =  2.70000e+01
vbias_mv            =  3.53102e+02
lowcount            =  1.39999e+01
vos_mv              =  -7.50028e+00

ngspice-46 done
