
Note: No compatibility mode selected!


Circuit: * klt sim -- generated corner deck, do not edit

Doing analysis at TEMP = 27.000000 and TNOM = 27.000000

Using SPARSE 1.3 as Direct Linear Solver

Initial Transient Solution
--------------------------

Node                                   Voltage
----                                   -------
vdd                                       1.32
cm                                         0.6
vd                                      -0.048
ap                                       0.576
an                                       0.624
clku                                         0
clk                                          0
ibn                                   0.289586
xa.x1.tmid                         2.97454e-06
xa.x1.tail                            0.581212
xa.x1.np                                  1.32
xa.x1.nn                                  1.32
xa.x1.ln                                  1.32
xa.x1.lp                                  1.32
xa.x1.lnb                           6.8623e-08
xa.x1.lpb                          6.55409e-08
xa.x1.na                                  1.32
doutb                                     1.32
dout                               7.54621e-08
xa.x1.nb                                  1.32
doutn                              5.71683e-08
tcheck                                      27
pa_00                                  289.586
bpa_00#branch                                0
btchk#branch                                 0
bdoutn#branch                                0
bclk#branch                         2.4861e-10
ean#branch                         3.46631e-12
eap#branch                         4.32118e-12
vclku#branch                                 0
vd#branch                                    0
vcm#branch                         7.78749e-12
vsup#branch                       -2.00083e-05


No. of Data Rows : 12318

  Measurements for Transient Analysis

dlev0               =  -6.35485e-06
dlev1               =  -6.83219e-07
dlev2               =  -4.69082e-06
dlev3               =  -8.89736e-07
dlev4               =  -1.86034e-07
dlev5               =  -3.93024e-06
dlev6               =  -2.37290e-06
dlev7               =  -1.67437e-06
dlev8               =  -5.90161e-06
dlev9               =  -5.49015e-06
dlev10              =  -5.98583e-07
dlev11              =  -2.41826e-08
dlev12              =  -6.77133e-07
dlev13              =  -2.48614e-06
dlev14              =  -5.85816e-06
dlev15              =  -2.60436e-06
dlev16              =  -1.42583e-06
dlev17              =  1.00000e+00
dlev18              =  9.99999e-01
dlev19              =  1.00000e+00
dlev20              =  9.99999e-01
dlev21              =  1.00000e+00
dlev22              =  9.99999e-01
dlev23              =  9.99999e-01
dlev24              =  9.99999e-01
dlev25              =  9.99999e-01
dlev26              =  1.00000e+00
dlev27              =  1.00000e+00
dlev28              =  1.00000e+00
dlev29              =  9.99999e-01
dlev30              =  9.99999e-01
dlev31              =  9.99999e-01
dlev32              =  9.99999e-01
vdd_meas            =  1.32000e+00
temp_meas           =  2.70000e+01
vbias_mv            =  2.89586e+02
lowcount            =  1.70001e+01
vos_mv              =  1.50017e+00
vcm_meas            =  6.00000e-01

ngspice-46 done
