
Note: No compatibility mode selected!


Circuit: * klt sim -- generated corner deck, do not edit

Doing analysis at TEMP = -40.000000 and TNOM = 27.000000

Using SPARSE 1.3 as Direct Linear Solver

Initial Transient Solution
--------------------------

Node                                   Voltage
----                                   -------
vdd                                        1.2
cm                                         0.6
vd                                      -0.048
ap                                       0.576
an                                       0.624
clku                                         0
clk                                          0
ibn                                   0.300702
xa.x1.tmid                         2.03866e-07
xa.x1.tail                            0.539251
xa.x1.np                                   1.2
xa.x1.nn                                   1.2
xa.x1.ln                                   1.2
xa.x1.lp                                   1.2
xa.x1.lnb                          9.79085e-08
xa.x1.lpb                          9.73003e-08
xa.x1.na                               1.18267
doutb                                  0.62299
dout                                  0.630398
xa.x1.nb                               1.18199
doutn                                 0.525332
tcheck                                     -40
pa_00                                  300.702
bpa_00#branch                                0
btchk#branch                                 0
bdoutn#branch                                0
bclk#branch                        6.45224e-10
ean#branch                         9.75636e-13
eap#branch                         1.24045e-12
vclku#branch                                 0
vd#branch                                    0
vcm#branch                         2.21609e-12
vsup#branch                       -0.000115497


No. of Data Rows : 12184

  Measurements for Transient Analysis

dlev0               =  -3.44473e-06
dlev1               =  -2.88462e-06
dlev2               =  -3.82749e-06
dlev3               =  -3.74809e-06
dlev4               =  7.01740e-07
dlev5               =  -3.41102e-06
dlev6               =  -3.95627e-06
dlev7               =  1.96904e-06
dlev8               =  -3.48249e-06
dlev9               =  -3.78486e-06
dlev10              =  -3.63524e-06
dlev11              =  -3.94712e-06
dlev12              =  -3.95555e-06
dlev13              =  -4.02370e-06
dlev14              =  -4.07498e-06
dlev15              =  -4.10716e-06
dlev16              =  -4.09086e-06
dlev17              =  -4.34717e-06
dlev18              =  -4.25846e-06
dlev19              =  9.99999e-01
dlev20              =  9.99999e-01
dlev21              =  1.00000e+00
dlev22              =  9.99999e-01
dlev23              =  9.99999e-01
dlev24              =  9.99999e-01
dlev25              =  9.99999e-01
dlev26              =  1.00000e+00
dlev27              =  1.00000e+00
dlev28              =  9.99998e-01
dlev29              =  9.99999e-01
dlev30              =  9.99999e-01
dlev31              =  9.99999e-01
dlev32              =  1.00000e+00
vdd_meas            =  1.20000e+00
temp_meas           =  -4.00000e+01
vbias_mv            =  3.00702e+02
lowcount            =  1.90001e+01
vos_mv              =  7.50022e+00

ngspice-46 done
