
Note: No compatibility mode selected!


Circuit: * klt sim -- generated corner deck, do not edit

Doing analysis at TEMP = 125.000000 and TNOM = 27.000000

Using SPARSE 1.3 as Direct Linear Solver

Initial Transient Solution
--------------------------

Node                                   Voltage
----                                   -------
vdd                                       1.08
cm                                         0.6
vd                                      -0.048
ap                                       0.576
an                                       0.624
clku                                         0
clk                                          0
ibn                                     0.2044
xa.x1.tmid                         0.000288021
xa.x1.tail                            0.575919
xa.x1.np                               1.07992
xa.x1.nn                               1.07975
xa.x1.ln                                  1.08
xa.x1.lp                                  1.08
xa.x1.lnb                          1.86065e-05
xa.x1.lpb                          2.28098e-05
xa.x1.na                                1.0514
doutb                                 0.557025
dout                                  0.557368
xa.x1.nb                               1.05156
doutn                                 0.516082
tcheck                                     125
pa_00                                    204.4
bpa_00#branch                                0
btchk#branch                                 0
bdoutn#branch                                0
bclk#branch                        1.12745e-09
ean#branch                           4.823e-12
eap#branch                         6.34662e-12
vclku#branch                                 0
vd#branch                                    0
vcm#branch                         1.11696e-11
vsup#branch                       -0.000136441


No. of Data Rows : 12062

  Measurements for Transient Analysis

dlev0               =  2.70495e-05
dlev1               =  2.31308e-05
dlev2               =  2.52587e-05
dlev3               =  2.49571e-05
dlev4               =  2.49959e-05
dlev5               =  2.48991e-05
dlev6               =  2.49143e-05
dlev7               =  2.49938e-05
dlev8               =  2.49964e-05
dlev9               =  2.50189e-05
dlev10              =  2.50296e-05
dlev11              =  2.49770e-05
dlev12              =  2.50331e-05
dlev13              =  2.41637e-05
dlev14              =  2.59562e-05
dlev15              =  9.99979e-01
dlev16              =  9.99979e-01
dlev17              =  9.99979e-01
dlev18              =  9.99978e-01
dlev19              =  9.99978e-01
dlev20              =  9.99978e-01
dlev21              =  9.99979e-01
dlev22              =  9.99979e-01
dlev23              =  9.99979e-01
dlev24              =  9.99979e-01
dlev25              =  9.99978e-01
dlev26              =  9.99979e-01
dlev27              =  9.99979e-01
dlev28              =  9.99979e-01
dlev29              =  9.99979e-01
dlev30              =  9.99979e-01
dlev31              =  9.99979e-01
dlev32              =  9.99979e-01
vdd_meas            =  1.08000e+00
temp_meas           =  1.25000e+02
vbias_mv            =  2.04400e+02
lowcount            =  1.50000e+01
vos_mv              =  -4.49997e+00

ngspice-46 done
