
Note: No compatibility mode selected!


Circuit: * klt sim -- generated corner deck, do not edit

Doing analysis at TEMP = 27.000000 and TNOM = 27.000000

Using SPARSE 1.3 as Direct Linear Solver

Initial Transient Solution
--------------------------

Node                                   Voltage
----                                   -------
vdd                                        1.2
cm                                         0.6
vd                                      -0.048
ap                                       0.576
an                                       0.624
clku                                         0
clk                                          0
ibn                                    0.26402
xa.x1.tmid                         6.96686e-06
xa.x1.tail                            0.553342
xa.x1.np                                   1.2
xa.x1.nn                               1.19999
xa.x1.ln                                   1.2
xa.x1.lp                                   1.2
xa.x1.lnb                          8.25772e-07
xa.x1.lpb                          5.99964e-07
xa.x1.na                                   1.2
doutb                              7.32902e-07
dout                                       1.2
xa.x1.nb                                   1.2
doutn                                 0.999999
tcheck                                      27
pa_00                                   264.02
bpa_00#branch                                0
btchk#branch                                 0
bdoutn#branch                                0
bclk#branch                        9.90786e-10
ean#branch                         2.68652e-12
eap#branch                          3.4114e-12
vclku#branch                                 0
vd#branch                                    0
vcm#branch                         6.09791e-12
vsup#branch                       -2.00226e-05


No. of Data Rows : 12234

  Measurements for Transient Analysis

dlev0               =  -8.57824e-07
dlev1               =  -2.07927e-06
dlev2               =  -7.06411e-09
dlev3               =  2.58226e-07
dlev4               =  1.62907e-08
dlev5               =  2.36206e-06
dlev6               =  -3.15784e-07
dlev7               =  -1.23443e-06
dlev8               =  -5.30304e-07
dlev9               =  -1.91969e-06
dlev10              =  5.31890e-06
dlev11              =  -3.94456e-07
dlev12              =  7.83169e-07
dlev13              =  -1.59065e-06
dlev14              =  -1.29192e-06
dlev15              =  3.39125e-07
dlev16              =  -1.87893e-06
dlev17              =  9.99997e-01
dlev18              =  9.99999e-01
dlev19              =  1.00000e+00
dlev20              =  1.00000e+00
dlev21              =  9.99999e-01
dlev22              =  9.99999e-01
dlev23              =  9.99999e-01
dlev24              =  1.00000e+00
dlev25              =  1.00000e+00
dlev26              =  1.00000e+00
dlev27              =  1.00000e+00
dlev28              =  1.00000e+00
dlev29              =  1.00000e+00
dlev30              =  9.99999e-01
dlev31              =  9.99999e-01
dlev32              =  1.00000e+00
vdd_meas            =  1.20000e+00
temp_meas           =  2.70000e+01
vbias_mv            =  2.64020e+02
lowcount            =  1.70000e+01
vos_mv              =  1.50004e+00

ngspice-46 done
