
Note: No compatibility mode selected!


Circuit: * klt sim -- generated corner deck, do not edit

Doing analysis at TEMP = -40.000000 and TNOM = 27.000000

Using SPARSE 1.3 as Direct Linear Solver

Initial Transient Solution
--------------------------

Node                                   Voltage
----                                   -------
vdd                                        1.2
cm                                        0.65
vd                                      -0.048
ap                                       0.626
an                                       0.674
clku                                         0
clk                                          0
ibn                                   0.322647
xa.x1.tmid                         7.70464e-08
xa.x1.tail                             0.61337
xa.x1.np                                   1.2
xa.x1.nn                                   1.2
xa.x1.ln                                   1.2
xa.x1.lp                                   1.2
xa.x1.lnb                          2.39669e-08
xa.x1.lpb                          2.53976e-08
xa.x1.na                                   1.2
doutb                              2.47294e-08
dout                                       1.2
xa.x1.nb                                   1.2
doutn                                        1
tcheck                                     -40
pa_00                                  322.647
bpa_00#branch                                0
btchk#branch                                 0
bdoutn#branch                                0
bclk#branch                        1.17888e-10
ean#branch                         7.27668e-13
eap#branch                         9.38749e-13
vclku#branch                                 0
vd#branch                                    0
vcm#branch                         1.66642e-12
vsup#branch                       -2.00006e-05


No. of Data Rows : 12275

  Measurements for Transient Analysis

dlev0               =  2.19894e-06
dlev1               =  -1.68332e-06
dlev2               =  -1.42124e-06
dlev3               =  -1.66343e-06
dlev4               =  -1.35521e-06
dlev5               =  -5.47469e-07
dlev6               =  -1.03403e-05
dlev7               =  -2.69314e-07
dlev8               =  -5.45837e-07
dlev9               =  -9.96602e-06
dlev10              =  -2.71546e-07
dlev11              =  -2.65293e-07
dlev12              =  -3.68208e-06
dlev13              =  -2.37786e-06
dlev14              =  -1.68821e-07
dlev15              =  -1.66855e-06
dlev16              =  1.00000e+00
dlev17              =  9.99997e-01
dlev18              =  1.00000e+00
dlev19              =  1.00000e+00
dlev20              =  9.99999e-01
dlev21              =  9.99998e-01
dlev22              =  1.00000e+00
dlev23              =  1.00000e+00
dlev24              =  9.99998e-01
dlev25              =  9.99999e-01
dlev26              =  1.00000e+00
dlev27              =  9.99999e-01
dlev28              =  9.99999e-01
dlev29              =  1.00000e+00
dlev30              =  1.00000e+00
dlev31              =  1.00000e+00
dlev32              =  9.99998e-01
vdd_meas            =  1.20000e+00
temp_meas           =  -4.00000e+01
vbias_mv            =  3.22647e+02
lowcount            =  1.60000e+01
vos_mv              =  -1.49989e+00
vcm_meas            =  6.50000e-01

ngspice-46 done
