
Note: No compatibility mode selected!


Circuit: * klt sim -- generated corner deck, do not edit

Doing analysis at TEMP = 125.000000 and TNOM = 27.000000

Using SPARSE 1.3 as Direct Linear Solver

Initial Transient Solution
--------------------------

Node                                   Voltage
----                                   -------
vdd                                       1.08
cm                                         0.6
vd                                      -0.048
ap                                       0.576
an                                       0.624
clku                                         0
clk                                          0
ibn                                    0.25488
xa.x1.tmid                         2.10199e-05
xa.x1.tail                            0.592743
xa.x1.np                                  1.08
xa.x1.nn                               1.07998
xa.x1.ln                                  1.08
xa.x1.lp                                  1.08
xa.x1.lnb                          8.17613e-07
xa.x1.lpb                          8.10553e-07
xa.x1.na                                  1.08
doutb                              1.06681e-06
dout                                      1.08
xa.x1.nb                                  1.08
doutn                                 0.999999
tcheck                                     125
pa_00                                   254.88
bpa_00#branch                                0
btchk#branch                                 0
bdoutn#branch                                0
bclk#branch                        9.98169e-11
ean#branch                         2.45692e-13
eap#branch                         3.28099e-13
vclku#branch                                 0
vd#branch                                    0
vcm#branch                         5.73791e-13
vsup#branch                       -1.00276e-05


No. of Data Rows : 11917

  Measurements for Transient Analysis

dlev0               =  5.53497e-07
dlev1               =  3.72691e-06
dlev2               =  2.15505e-06
dlev3               =  3.24896e-06
dlev4               =  3.12884e-06
dlev5               =  3.32633e-06
dlev6               =  2.63709e-06
dlev7               =  -1.24681e-07
dlev8               =  -7.21664e-07
dlev9               =  1.33880e-06
dlev10              =  1.92277e-06
dlev11              =  1.86560e-06
dlev12              =  2.25953e-06
dlev13              =  1.81938e-06
dlev14              =  1.53010e-06
dlev15              =  1.69963e-06
dlev16              =  1.39757e-06
dlev17              =  9.99999e-01
dlev18              =  9.99999e-01
dlev19              =  9.99999e-01
dlev20              =  9.99999e-01
dlev21              =  9.99999e-01
dlev22              =  9.99999e-01
dlev23              =  9.99999e-01
dlev24              =  9.99999e-01
dlev25              =  9.99998e-01
dlev26              =  9.99999e-01
dlev27              =  1.00000e+00
dlev28              =  1.00000e+00
dlev29              =  1.00000e+00
dlev30              =  1.00000e+00
dlev31              =  1.00000e+00
dlev32              =  1.00000e+00
vdd_meas            =  1.08000e+00
temp_meas           =  1.25000e+02
vbias_mv            =  2.54880e+02
lowcount            =  1.70000e+01
vos_mv              =  1.49993e+00

ngspice-46 done
