
Note: No compatibility mode selected!


Circuit: * klt sim -- generated corner deck, do not edit

Doing analysis at TEMP = 125.000000 and TNOM = 27.000000

Using SPARSE 1.3 as Direct Linear Solver

Initial Transient Solution
--------------------------

Node                                   Voltage
----                                   -------
vdd                                       1.32
cm                                        0.65
vd                                      -0.048
ap                                       0.626
an                                       0.674
clku                                         0
clk                                          0
ibn                                   0.274263
xa.x1.tmid                          3.3973e-05
xa.x1.tail                            0.639998
xa.x1.np                               1.31999
xa.x1.nn                               1.31997
xa.x1.ln                                  1.32
xa.x1.lp                                  1.32
xa.x1.lnb                           8.8058e-06
xa.x1.lpb                          9.30706e-06
xa.x1.na                               1.28224
doutb                                 0.710684
dout                                  0.709175
xa.x1.nb                               1.28227
doutn                                 0.537253
tcheck                                     125
pa_00                                  274.263
bpa_00#branch                                0
btchk#branch                                 0
bdoutn#branch                                0
bclk#branch                        1.22692e-09
ean#branch                         1.44096e-12
eap#branch                         1.82623e-12
vclku#branch                                 0
vd#branch                                    0
vcm#branch                         3.26719e-12
vsup#branch                       -0.000184959


No. of Data Rows : 12251

  Measurements for Transient Analysis

dlev0               =  8.76443e-06
dlev1               =  7.34901e-06
dlev2               =  7.04670e-06
dlev3               =  6.68738e-06
dlev4               =  2.94376e-06
dlev5               =  5.36537e-06
dlev6               =  3.18274e-06
dlev7               =  7.45319e-06
dlev8               =  8.62545e-06
dlev9               =  8.85611e-06
dlev10              =  1.03205e-05
dlev11              =  9.08709e-06
dlev12              =  8.76955e-06
dlev13              =  6.65903e-06
dlev14              =  6.64336e-06
dlev15              =  3.38188e-06
dlev16              =  7.19367e-06
dlev17              =  9.99997e-01
dlev18              =  9.99997e-01
dlev19              =  9.99999e-01
dlev20              =  9.99999e-01
dlev21              =  1.00000e+00
dlev22              =  1.00000e+00
dlev23              =  9.99999e-01
dlev24              =  9.99999e-01
dlev25              =  9.99999e-01
dlev26              =  9.99997e-01
dlev27              =  9.99997e-01
dlev28              =  9.99997e-01
dlev29              =  9.99997e-01
dlev30              =  9.99997e-01
dlev31              =  9.99997e-01
dlev32              =  9.99997e-01
vdd_meas            =  1.32000e+00
temp_meas           =  1.25000e+02
vbias_mv            =  2.74263e+02
lowcount            =  1.69999e+01
vos_mv              =  1.49974e+00
vcm_meas            =  6.50000e-01

ngspice-46 done
