
Note: No compatibility mode selected!


Circuit: * klt sim -- generated corner deck, do not edit

Doing analysis at TEMP = -40.000000 and TNOM = 27.000000

Using SPARSE 1.3 as Direct Linear Solver

Initial Transient Solution
--------------------------

Node                                   Voltage
----                                   -------
vdd                                       1.32
cm                                         0.6
vd                                      -0.048
ap                                       0.576
an                                       0.624
clku                                         0
clk                                          0
ibn                                   0.368714
xa.x1.tmid                         5.73146e-09
xa.x1.tail                            0.583383
xa.x1.np                                  1.32
xa.x1.nn                                  1.32
xa.x1.ln                                  1.32
xa.x1.lp                                  1.32
xa.x1.lnb                          4.97261e-08
xa.x1.lpb                          5.06606e-08
xa.x1.na                               1.29989
doutb                                 0.714741
dout                                  0.710583
xa.x1.nb                               1.30262
doutn                                 0.538321
tcheck                                     -40
pa_00                                  368.714
bpa_00#branch                                0
btchk#branch                                 0
bdoutn#branch                                0
bclk#branch                        5.05964e-10
ean#branch                         4.01956e-13
eap#branch                         5.06067e-13
vclku#branch                                 0
vd#branch                                    0
vcm#branch                         9.08024e-13
vsup#branch                       -0.000118593


No. of Data Rows : 12421

  Measurements for Transient Analysis

dlev0               =  3.27451e-06
dlev1               =  4.16753e-08
dlev2               =  -8.91281e-08
dlev3               =  -2.51182e-06
dlev4               =  4.65665e-08
dlev5               =  -1.17387e-07
dlev6               =  -5.89937e-06
dlev7               =  -6.50572e-06
dlev8               =  -4.81817e-06
dlev9               =  -6.89105e-06
dlev10              =  -1.42861e-07
dlev11              =  -5.10812e-06
dlev12              =  2.28338e-07
dlev13              =  -7.41669e-06
dlev14              =  -1.57996e-06
dlev15              =  -6.95237e-06
dlev16              =  -6.58240e-06
dlev17              =  1.00000e+00
dlev18              =  9.99999e-01
dlev19              =  1.00000e+00
dlev20              =  9.99998e-01
dlev21              =  9.99997e-01
dlev22              =  9.99997e-01
dlev23              =  1.00000e+00
dlev24              =  9.99997e-01
dlev25              =  9.99999e-01
dlev26              =  9.99998e-01
dlev27              =  9.99997e-01
dlev28              =  9.99997e-01
dlev29              =  9.99997e-01
dlev30              =  1.00000e+00
dlev31              =  9.99997e-01
dlev32              =  9.99997e-01
vdd_meas            =  1.32000e+00
temp_meas           =  -4.00000e+01
vbias_mv            =  3.68714e+02
lowcount            =  1.70001e+01
vos_mv              =  1.50025e+00

ngspice-46 done
