
Note: No compatibility mode selected!


Circuit: * klt sim -- generated corner deck, do not edit

Doing analysis at TEMP = 27.000000 and TNOM = 27.000000

Using SPARSE 1.3 as Direct Linear Solver

Initial Transient Solution
--------------------------

Node                                   Voltage
----                                   -------
vdd                                       1.08
cm                                         0.6
vd                                      -0.048
ap                                       0.576
an                                       0.624
clku                                         0
clk                                          0
ibn                                   0.297428
xa.x1.tmid                         5.53143e-07
xa.x1.tail                            0.582301
xa.x1.np                                  1.08
xa.x1.nn                                  1.08
xa.x1.ln                                  1.08
xa.x1.lp                                  1.08
xa.x1.lnb                          2.23869e-07
xa.x1.lpb                          2.15369e-07
xa.x1.na                               1.06988
doutb                                  0.59022
dout                                  0.589024
xa.x1.nb                               1.07029
doutn                                 0.545393
tcheck                                      27
pa_00                                  297.428
bpa_00#branch                                0
btchk#branch                                 0
bdoutn#branch                                0
bclk#branch                        3.87373e-10
ean#branch                         2.30649e-13
eap#branch                         3.07004e-13
vclku#branch                                 0
vd#branch                                    0
vcm#branch                         5.37653e-13
vsup#branch                       -4.89819e-05


No. of Data Rows : 12039

  Measurements for Transient Analysis

dlev0               =  2.95998e-06
dlev1               =  -6.07576e-07
dlev2               =  -6.39291e-06
dlev3               =  4.34777e-07
dlev4               =  -7.91862e-06
dlev5               =  -5.50835e-06
dlev6               =  3.03255e-06
dlev7               =  1.71495e-06
dlev8               =  -7.34243e-07
dlev9               =  -1.04931e-06
dlev10              =  5.07914e-07
dlev11              =  2.28344e-06
dlev12              =  -3.23424e-06
dlev13              =  1.25756e-06
dlev14              =  2.53702e-06
dlev15              =  2.64169e-06
dlev16              =  1.00000e+00
dlev17              =  1.00000e+00
dlev18              =  1.00000e+00
dlev19              =  1.00000e+00
dlev20              =  1.00000e+00
dlev21              =  1.00000e+00
dlev22              =  1.00000e+00
dlev23              =  9.99999e-01
dlev24              =  9.99996e-01
dlev25              =  1.00000e+00
dlev26              =  1.00000e+00
dlev27              =  1.00000e+00
dlev28              =  1.00000e+00
dlev29              =  1.00000e+00
dlev30              =  9.99999e-01
dlev31              =  9.99996e-01
dlev32              =  1.00000e+00
vdd_meas            =  1.08000e+00
temp_meas           =  2.70000e+01
vbias_mv            =  2.97428e+02
lowcount            =  1.60000e+01
vos_mv              =  -1.49999e+00

ngspice-46 done
