
Note: No compatibility mode selected!


Circuit: * klt sim -- generated corner deck, do not edit

Doing analysis at TEMP = 125.000000 and TNOM = 27.000000

Using SPARSE 1.3 as Direct Linear Solver

Initial Transient Solution
--------------------------

Node                                   Voltage
----                                   -------
vdd                                       1.32
cm                                        0.55
vd                                      -0.048
ap                                       0.526
an                                       0.574
clku                                         0
clk                                          0
ibn                                   0.298849
xa.x1.tmid                         1.08641e-05
xa.x1.tail                            0.566934
xa.x1.np                                  1.32
xa.x1.nn                               1.31999
xa.x1.ln                                  1.32
xa.x1.lp                                  1.32
xa.x1.lnb                          7.93219e-07
xa.x1.lpb                          7.23039e-07
xa.x1.na                               1.29137
doutb                                 0.672875
dout                                  0.669737
xa.x1.nb                               1.29187
doutn                                 0.507377
tcheck                                     125
pa_00                                  298.849
bpa_00#branch                                0
btchk#branch                                 0
bdoutn#branch                                0
bclk#branch                         2.0658e-10
ean#branch                          1.1445e-12
eap#branch                         1.43466e-12
vclku#branch                                 0
vd#branch                                    0
vcm#branch                         2.57916e-12
vsup#branch                       -0.000118786


No. of Data Rows : 12179

  Measurements for Transient Analysis

dlev0               =  3.48349e-06
dlev1               =  1.53766e-06
dlev2               =  2.02423e-06
dlev3               =  2.45610e-06
dlev4               =  2.61997e-06
dlev5               =  2.68685e-06
dlev6               =  2.89063e-06
dlev7               =  3.08303e-06
dlev8               =  3.20569e-06
dlev9               =  1.10798e-06
dlev10              =  1.10570e-06
dlev11              =  7.79536e-07
dlev12              =  1.07595e-06
dlev13              =  2.21851e-06
dlev14              =  2.52578e-06
dlev15              =  2.43802e-06
dlev16              =  8.54134e-07
dlev17              =  2.77693e-06
dlev18              =  1.00000e+00
dlev19              =  1.00000e+00
dlev20              =  1.00000e+00
dlev21              =  1.00000e+00
dlev22              =  1.00000e+00
dlev23              =  1.00000e+00
dlev24              =  1.00000e+00
dlev25              =  1.00000e+00
dlev26              =  1.00000e+00
dlev27              =  1.00000e+00
dlev28              =  1.00000e+00
dlev29              =  1.00000e+00
dlev30              =  1.00000e+00
dlev31              =  1.00000e+00
dlev32              =  1.00000e+00
vdd_meas            =  1.32000e+00
temp_meas           =  1.25000e+02
vbias_mv            =  2.98849e+02
lowcount            =  1.80000e+01
vos_mv              =  4.49988e+00
vcm_meas            =  5.50000e-01

ngspice-46 done
