
Note: No compatibility mode selected!


Circuit: * klt sim -- generated corner deck, do not edit

Doing analysis at TEMP = 125.000000 and TNOM = 27.000000

Using SPARSE 1.3 as Direct Linear Solver

Initial Transient Solution
--------------------------

Node                                   Voltage
----                                   -------
vdd                                       1.32
cm                                         0.6
vd                                      -0.048
ap                                       0.576
an                                       0.624
clku                                         0
clk                                          0
ibn                                   0.274209
xa.x1.tmid                         3.48533e-05
xa.x1.tail                            0.591524
xa.x1.np                               1.31999
xa.x1.nn                               1.31997
xa.x1.ln                                  1.32
xa.x1.lp                                  1.32
xa.x1.lnb                          9.35894e-06
xa.x1.lpb                          8.44773e-06
xa.x1.na                               1.28157
doutb                                 0.708837
dout                                  0.706819
xa.x1.nb                               1.28585
doutn                                 0.535469
tcheck                                     125
pa_00                                  274.209
bpa_00#branch                                0
btchk#branch                                 0
bdoutn#branch                                0
bclk#branch                        1.21022e-09
ean#branch                         1.83814e-12
eap#branch                         2.31443e-12
vclku#branch                                 0
vd#branch                                    0
vcm#branch                         4.15257e-12
vsup#branch                       -0.000182328


No. of Data Rows : 12241

  Measurements for Transient Analysis

dlev0               =  1.73138e-06
dlev1               =  2.61215e-06
dlev2               =  2.03214e-06
dlev3               =  1.77398e-06
dlev4               =  2.57940e-06
dlev5               =  8.22284e-06
dlev6               =  8.60002e-06
dlev7               =  8.81784e-06
dlev8               =  8.48407e-06
dlev9               =  8.12995e-06
dlev10              =  5.14260e-06
dlev11              =  4.57259e-06
dlev12              =  3.59382e-06
dlev13              =  1.95531e-06
dlev14              =  3.56844e-06
dlev15              =  2.09452e-06
dlev16              =  7.93213e-06
dlev17              =  9.99996e-01
dlev18              =  9.99998e-01
dlev19              =  1.00000e+00
dlev20              =  9.99997e-01
dlev21              =  1.00000e+00
dlev22              =  1.00000e+00
dlev23              =  1.00000e+00
dlev24              =  9.99999e-01
dlev25              =  9.99998e-01
dlev26              =  9.99998e-01
dlev27              =  9.99998e-01
dlev28              =  1.00000e+00
dlev29              =  1.00000e+00
dlev30              =  1.00000e+00
dlev31              =  9.99999e-01
dlev32              =  9.99998e-01
vdd_meas            =  1.32000e+00
temp_meas           =  1.25000e+02
vbias_mv            =  2.74209e+02
lowcount            =  1.69999e+01
vos_mv              =  1.49982e+00

ngspice-46 done
