
Note: No compatibility mode selected!


Circuit: * klt sim -- generated corner deck, do not edit

Doing analysis at TEMP = -40.000000 and TNOM = 27.000000

Using SPARSE 1.3 as Direct Linear Solver

Initial Transient Solution
--------------------------

Node                                   Voltage
----                                   -------
vdd                                       1.32
cm                                         0.6
vd                                      -0.048
ap                                       0.576
an                                       0.624
clku                                         0
clk                                          0
ibn                                   0.393321
xa.x1.tmid                         1.54049e-09
xa.x1.tail                             0.59236
xa.x1.np                                  1.32
xa.x1.nn                                  1.32
xa.x1.ln                                  1.32
xa.x1.lp                                  1.32
xa.x1.lnb                          1.03025e-08
xa.x1.lpb                          1.02885e-08
xa.x1.na                               1.30767
doutb                                 0.678817
dout                                  0.678441
xa.x1.nb                               1.30826
doutn                                 0.513971
tcheck                                     -40
pa_00                                  393.321
bpa_00#branch                                0
btchk#branch                                 0
bdoutn#branch                                0
bclk#branch                        8.91009e-11
ean#branch                         1.96315e-13
eap#branch                         2.48357e-13
vclku#branch                                 0
vd#branch                                    0
vcm#branch                         4.44672e-13
vsup#branch                       -7.07569e-05


No. of Data Rows : 12418

  Measurements for Transient Analysis

dlev0               =  -3.29449e-07
dlev1               =  6.17232e-06
dlev2               =  -8.16722e-07
dlev3               =  -6.03845e-06
dlev4               =  -2.22812e-06
dlev5               =  -2.15870e-06
dlev6               =  -2.16185e-06
dlev7               =  5.80557e-06
dlev8               =  -2.44722e-06
dlev9               =  -4.06112e-06
dlev10              =  -2.83742e-06
dlev11              =  5.34247e-06
dlev12              =  4.07881e-06
dlev13              =  -4.52536e-06
dlev14              =  -4.85774e-06
dlev15              =  4.08861e-06
dlev16              =  9.99999e-01
dlev17              =  1.00000e+00
dlev18              =  1.00000e+00
dlev19              =  1.00000e+00
dlev20              =  1.00000e+00
dlev21              =  1.00000e+00
dlev22              =  9.99999e-01
dlev23              =  1.00000e+00
dlev24              =  1.00000e+00
dlev25              =  9.99999e-01
dlev26              =  1.00000e+00
dlev27              =  1.00000e+00
dlev28              =  1.00000e+00
dlev29              =  1.00000e+00
dlev30              =  9.99999e-01
dlev31              =  9.99998e-01
dlev32              =  1.00000e+00
vdd_meas            =  1.32000e+00
temp_meas           =  -4.00000e+01
vbias_mv            =  3.93321e+02
lowcount            =  1.60000e+01
vos_mv              =  -1.50001e+00
vcm_meas            =  6.00000e-01

ngspice-46 done
