
Note: No compatibility mode selected!


Circuit: * klt sim -- generated corner deck, do not edit

Doing analysis at TEMP = -40.000000 and TNOM = 27.000000

Using SPARSE 1.3 as Direct Linear Solver

Initial Transient Solution
--------------------------

Node                                   Voltage
----                                   -------
vdd                                       1.08
cm                                        0.65
vd                                      -0.048
ap                                       0.626
an                                       0.674
clku                                         0
clk                                          0
ibn                                   0.301638
xa.x1.tmid                         2.15246e-07
xa.x1.tail                             0.60607
xa.x1.np                                  1.08
xa.x1.nn                                  1.08
xa.x1.ln                                  1.08
xa.x1.lp                                  1.08
xa.x1.lnb                          8.31583e-08
xa.x1.lpb                          7.76083e-08
xa.x1.na                                  1.08
doutb                                     1.08
dout                                8.4489e-08
xa.x1.nb                                  1.08
doutn                              7.82306e-08
tcheck                                     -40
pa_00                                  301.638
bpa_00#branch                                0
btchk#branch                                 0
bdoutn#branch                                0
bclk#branch                        4.57429e-10
ean#branch                         7.73076e-13
eap#branch                         1.04028e-12
vclku#branch                                 0
vd#branch                                    0
vcm#branch                         1.81336e-12
vsup#branch                       -2.00017e-05


No. of Data Rows : 12202

  Measurements for Transient Analysis

dlev0               =  6.47067e-06
dlev1               =  1.23353e-05
dlev2               =  1.11175e-05
dlev3               =  3.00393e-06
dlev4               =  5.63554e-06
dlev5               =  1.07770e-05
dlev6               =  1.19323e-05
dlev7               =  1.15243e-05
dlev8               =  9.29034e-06
dlev9               =  7.62798e-06
dlev10              =  1.01026e-05
dlev11              =  7.73306e-06
dlev12              =  1.21721e-05
dlev13              =  9.72817e-07
dlev14              =  8.68632e-06
dlev15              =  1.00000e+00
dlev16              =  9.99999e-01
dlev17              =  1.00000e+00
dlev18              =  9.99999e-01
dlev19              =  1.00000e+00
dlev20              =  9.99999e-01
dlev21              =  1.00000e+00
dlev22              =  1.00000e+00
dlev23              =  1.00000e+00
dlev24              =  1.00000e+00
dlev25              =  1.00000e+00
dlev26              =  1.00000e+00
dlev27              =  1.00000e+00
dlev28              =  1.00000e+00
dlev29              =  1.00000e+00
dlev30              =  1.00000e+00
dlev31              =  1.00000e+00
dlev32              =  1.00000e+00
vdd_meas            =  1.08000e+00
temp_meas           =  -4.00000e+01
vbias_mv            =  3.01638e+02
lowcount            =  1.49998e+01
vos_mv              =  -4.50048e+00
vcm_meas            =  6.50000e-01

ngspice-46 done
