
Note: No compatibility mode selected!


Circuit: * klt sim -- generated corner deck, do not edit

Doing analysis at TEMP = -40.000000 and TNOM = 27.000000

Using SPARSE 1.3 as Direct Linear Solver

Initial Transient Solution
--------------------------

Node                                   Voltage
----                                   -------
vdd                                        1.2
cm                                         0.6
vd                                      -0.048
ap                                       0.576
an                                       0.624
clku                                         0
clk                                          0
ibn                                   0.368375
xa.x1.tmid                         5.52858e-09
xa.x1.tail                            0.559486
xa.x1.np                                   1.2
xa.x1.nn                                   1.2
xa.x1.ln                                   1.2
xa.x1.lp                                   1.2
xa.x1.lnb                          4.23349e-08
xa.x1.lpb                          4.14432e-08
xa.x1.na                               1.18907
doutb                                 0.647093
dout                                  0.647738
xa.x1.nb                               1.18821
doutn                                 0.539781
tcheck                                     -40
pa_00                                  368.375
bpa_00#branch                                0
btchk#branch                                 0
bdoutn#branch                                0
bclk#branch                        3.68186e-10
ean#branch                         1.45717e-13
eap#branch                         1.87947e-13
vclku#branch                                 0
vd#branch                                    0
vcm#branch                         3.33664e-13
vsup#branch                       -7.47577e-05


No. of Data Rows : 12267

  Measurements for Transient Analysis

dlev0               =  -6.94489e-06
dlev1               =  8.63494e-06
dlev2               =  8.58166e-06
dlev3               =  8.65859e-06
dlev4               =  8.18776e-06
dlev5               =  7.62900e-06
dlev6               =  7.00919e-06
dlev7               =  7.70858e-06
dlev8               =  8.49294e-06
dlev9               =  7.04688e-06
dlev10              =  8.63835e-06
dlev11              =  7.89217e-06
dlev12              =  7.26959e-06
dlev13              =  1.43214e-06
dlev14              =  7.22572e-06
dlev15              =  9.99997e-01
dlev16              =  1.00000e+00
dlev17              =  1.00000e+00
dlev18              =  1.00000e+00
dlev19              =  1.00000e+00
dlev20              =  1.00000e+00
dlev21              =  1.00000e+00
dlev22              =  1.00000e+00
dlev23              =  1.00000e+00
dlev24              =  1.00000e+00
dlev25              =  1.00000e+00
dlev26              =  1.00000e+00
dlev27              =  1.00000e+00
dlev28              =  1.00000e+00
dlev29              =  1.00000e+00
dlev30              =  1.00000e+00
dlev31              =  1.00000e+00
dlev32              =  1.00000e+00
vdd_meas            =  1.20000e+00
temp_meas           =  -4.00000e+01
vbias_mv            =  3.68375e+02
lowcount            =  1.49998e+01
vos_mv              =  -4.50046e+00

ngspice-46 done
