
Note: No compatibility mode selected!


Circuit: * klt sim -- generated corner deck, do not edit

Doing analysis at TEMP = 27.000000 and TNOM = 27.000000

Using SPARSE 1.3 as Direct Linear Solver

Initial Transient Solution
--------------------------

Node                                   Voltage
----                                   -------
vdd                                       1.32
cm                                        0.65
vd                                      -0.048
ap                                       0.626
an                                       0.674
clku                                         0
clk                                          0
ibn                                   0.285056
xa.x1.tmid                         3.65021e-06
xa.x1.tail                            0.621451
xa.x1.np                                  1.32
xa.x1.nn                                  1.32
xa.x1.ln                                  1.32
xa.x1.lp                                  1.32
xa.x1.lnb                           6.6846e-08
xa.x1.lpb                           7.7291e-08
xa.x1.na                                  1.32
doutb                              7.62114e-08
dout                                      1.32
xa.x1.nb                                  1.32
doutn                                        1
tcheck                                      27
pa_00                                  285.056
bpa_00#branch                                0
btchk#branch                                 0
bdoutn#branch                                0
bclk#branch                        2.47356e-10
ean#branch                         2.74067e-12
eap#branch                         3.44311e-12
vclku#branch                                 0
vd#branch                                    0
vcm#branch                         6.18378e-12
vsup#branch                       -2.00092e-05


No. of Data Rows : 12300

  Measurements for Transient Analysis

dlev0               =  -3.53769e-07
dlev1               =  -2.49701e-06
dlev2               =  -2.38077e-06
dlev3               =  -2.35878e-06
dlev4               =  -2.93914e-06
dlev5               =  -5.00485e-06
dlev6               =  -9.67907e-08
dlev7               =  -5.34585e-07
dlev8               =  3.66374e-08
dlev9               =  -5.19881e-06
dlev10              =  -2.83647e-06
dlev11              =  -4.75550e-06
dlev12              =  -4.37942e-06
dlev13              =  -5.48437e-06
dlev14              =  -2.63089e-06
dlev15              =  -3.88354e-06
dlev16              =  -3.39723e-06
dlev17              =  1.00000e+00
dlev18              =  9.99998e-01
dlev19              =  9.99998e-01
dlev20              =  9.99997e-01
dlev21              =  9.99998e-01
dlev22              =  9.99997e-01
dlev23              =  9.99997e-01
dlev24              =  9.99998e-01
dlev25              =  9.99998e-01
dlev26              =  9.99998e-01
dlev27              =  9.99998e-01
dlev28              =  9.99998e-01
dlev29              =  1.00000e+00
dlev30              =  9.99999e-01
dlev31              =  9.99999e-01
dlev32              =  9.99998e-01
vdd_meas            =  1.32000e+00
temp_meas           =  2.70000e+01
vbias_mv            =  2.85056e+02
lowcount            =  1.70001e+01
vos_mv              =  1.50023e+00
vcm_meas            =  6.50000e-01

ngspice-46 done
