
Note: No compatibility mode selected!


Circuit: * klt sim -- generated corner deck, do not edit

Doing analysis at TEMP = -40.000000 and TNOM = 27.000000

Using SPARSE 1.3 as Direct Linear Solver

Initial Transient Solution
--------------------------

Node                                   Voltage
----                                   -------
vdd                                       1.32
cm                                         0.6
vd                                      -0.048
ap                                       0.576
an                                       0.624
clku                                         0
clk                                          0
ibn                                   0.393473
xa.x1.tmid                         1.40566e-09
xa.x1.tail                            0.596042
xa.x1.np                                  1.32
xa.x1.nn                                  1.32
xa.x1.ln                                  1.32
xa.x1.lp                                  1.32
xa.x1.lnb                          1.02788e-08
xa.x1.lpb                          1.02057e-08
xa.x1.na                               1.30706
doutb                                 0.675233
dout                                  0.671117
xa.x1.nb                               1.30732
doutn                                 0.508422
tcheck                                     -40
pa_00                                  393.473
bpa_00#branch                                0
btchk#branch                                 0
bdoutn#branch                                0
bclk#branch                        8.95444e-11
ean#branch                         1.96343e-13
eap#branch                         2.48496e-13
vclku#branch                                 0
vd#branch                                    0
vcm#branch                         4.44839e-13
vsup#branch                       -7.31929e-05


No. of Data Rows : 12415

  Measurements for Transient Analysis

dlev0               =  1.85944e-06
dlev1               =  3.67974e-06
dlev2               =  1.89785e-06
dlev3               =  1.67254e-06
dlev4               =  5.62606e-07
dlev5               =  1.51113e-06
dlev6               =  -4.29503e-06
dlev7               =  -1.80000e-07
dlev8               =  -1.24672e-06
dlev9               =  6.93168e-07
dlev10              =  -5.01302e-06
dlev11              =  -5.09390e-06
dlev12              =  -5.55561e-06
dlev13              =  -1.95924e-06
dlev14              =  3.27770e-06
dlev15              =  9.99999e-01
dlev16              =  9.99999e-01
dlev17              =  9.99999e-01
dlev18              =  1.00000e+00
dlev19              =  1.00000e+00
dlev20              =  1.00000e+00
dlev21              =  9.99998e-01
dlev22              =  9.99998e-01
dlev23              =  9.99998e-01
dlev24              =  9.99998e-01
dlev25              =  9.99999e-01
dlev26              =  9.99998e-01
dlev27              =  1.00000e+00
dlev28              =  1.00000e+00
dlev29              =  1.00000e+00
dlev30              =  1.00000e+00
dlev31              =  1.00000e+00
dlev32              =  1.00000e+00
vdd_meas            =  1.32000e+00
temp_meas           =  -4.00000e+01
vbias_mv            =  3.93473e+02
lowcount            =  1.50000e+01
vos_mv              =  -4.49997e+00

ngspice-46 done
