
Note: No compatibility mode selected!


Circuit: * klt sim -- generated corner deck, do not edit

Doing analysis at TEMP = 125.000000 and TNOM = 27.000000

Using SPARSE 1.3 as Direct Linear Solver

Initial Transient Solution
--------------------------

Node                                   Voltage
----                                   -------
vdd                                       1.32
cm                                         0.6
vd                                      -0.048
ap                                       0.576
an                                       0.624
clku                                         0
clk                                          0
ibn                                   0.231083
xa.x1.tmid                         5.24112e-05
xa.x1.tail                            0.592776
xa.x1.np                               1.31999
xa.x1.nn                               1.31997
xa.x1.ln                                  1.32
xa.x1.lp                                  1.32
xa.x1.lnb                          8.82084e-06
xa.x1.lpb                          7.03164e-06
xa.x1.na                               1.28194
doutb                                 0.716384
dout                                  0.703802
xa.x1.nb                               1.28224
doutn                                 0.533183
tcheck                                     125
pa_00                                  231.083
bpa_00#branch                                0
btchk#branch                                 0
bdoutn#branch                                0
bclk#branch                         1.2066e-09
ean#branch                          1.8392e-12
eap#branch                         2.31382e-12
vclku#branch                                 0
vd#branch                                    0
vcm#branch                         4.15301e-12
vsup#branch                       -0.000176373


No. of Data Rows : 12117

  Measurements for Transient Analysis

dlev0               =  9.54905e-06
dlev1               =  8.15795e-06
dlev2               =  6.03427e-06
dlev3               =  9.34811e-06
dlev4               =  1.33930e-05
dlev5               =  1.27027e-05
dlev6               =  1.46733e-05
dlev7               =  5.39393e-06
dlev8               =  5.26106e-06
dlev9               =  5.07795e-06
dlev10              =  5.71339e-06
dlev11              =  5.60264e-06
dlev12              =  6.07745e-06
dlev13              =  7.75329e-06
dlev14              =  2.53202e-06
dlev15              =  3.84784e-06
dlev16              =  1.00707e-05
dlev17              =  9.99997e-01
dlev18              =  9.99997e-01
dlev19              =  9.99998e-01
dlev20              =  9.99997e-01
dlev21              =  9.99998e-01
dlev22              =  9.99998e-01
dlev23              =  9.99996e-01
dlev24              =  9.99996e-01
dlev25              =  9.99996e-01
dlev26              =  9.99996e-01
dlev27              =  9.99997e-01
dlev28              =  9.99997e-01
dlev29              =  9.99999e-01
dlev30              =  9.99998e-01
dlev31              =  9.99996e-01
dlev32              =  9.99996e-01
vdd_meas            =  1.32000e+00
temp_meas           =  1.25000e+02
vbias_mv            =  2.31083e+02
lowcount            =  1.69999e+01
vos_mv              =  1.49975e+00

ngspice-46 done
