
Note: No compatibility mode selected!


Circuit: * klt sim -- generated corner deck, do not edit

Doing analysis at TEMP = 125.000000 and TNOM = 27.000000

Using SPARSE 1.3 as Direct Linear Solver

Initial Transient Solution
--------------------------

Node                                   Voltage
----                                   -------
vdd                                       1.32
cm                                        0.65
vd                                      -0.048
ap                                       0.626
an                                       0.674
clku                                         0
clk                                          0
ibn                                   0.250753
xa.x1.tmid                         9.75363e-05
xa.x1.tail                            0.623677
xa.x1.np                               1.31997
xa.x1.nn                               1.31992
xa.x1.ln                                  1.32
xa.x1.lp                                  1.32
xa.x1.lnb                           4.0349e-06
xa.x1.lpb                          3.45057e-06
xa.x1.na                                1.2792
doutb                                 0.672553
dout                                  0.665306
xa.x1.nb                               1.28081
doutn                                  0.50402
tcheck                                     125
pa_00                                  250.753
bpa_00#branch                                0
btchk#branch                                 0
bdoutn#branch                                0
bclk#branch                        6.77247e-10
ean#branch                          2.9646e-12
eap#branch                         3.74359e-12
vclku#branch                                 0
vd#branch                                    0
vcm#branch                         6.70819e-12
vsup#branch                        -0.00018113


No. of Data Rows : 12240

  Measurements for Transient Analysis

dlev0               =  3.73428e-06
dlev1               =  2.03733e-06
dlev2               =  2.85899e-06
dlev3               =  3.84006e-06
dlev4               =  3.45093e-06
dlev5               =  4.19878e-06
dlev6               =  4.10732e-07
dlev7               =  2.12400e-06
dlev8               =  8.04475e-07
dlev9               =  -4.00316e-07
dlev10              =  1.64245e-06
dlev11              =  2.10151e-06
dlev12              =  1.11788e-06
dlev13              =  -6.71272e-07
dlev14              =  2.02361e-07
dlev15              =  3.23082e-06
dlev16              =  4.14825e-07
dlev17              =  9.99996e-01
dlev18              =  9.99994e-01
dlev19              =  9.99993e-01
dlev20              =  9.99994e-01
dlev21              =  9.99994e-01
dlev22              =  9.99996e-01
dlev23              =  9.99994e-01
dlev24              =  9.99994e-01
dlev25              =  9.99994e-01
dlev26              =  9.99995e-01
dlev27              =  9.99996e-01
dlev28              =  9.99996e-01
dlev29              =  9.99996e-01
dlev30              =  9.99994e-01
dlev31              =  9.99993e-01
dlev32              =  9.99995e-01
vdd_meas            =  1.32000e+00
temp_meas           =  1.25000e+02
vbias_mv            =  2.50753e+02
lowcount            =  1.70001e+01
vos_mv              =  1.50017e+00
vcm_meas            =  6.50000e-01

ngspice-46 done
