
Note: No compatibility mode selected!


Circuit: * klt sim -- generated corner deck, do not edit

Doing analysis at TEMP = 27.000000 and TNOM = 27.000000

Using SPARSE 1.3 as Direct Linear Solver

Initial Transient Solution
--------------------------

Node                                   Voltage
----                                   -------
vdd                                       1.32
cm                                        0.65
vd                                      -0.048
ap                                       0.626
an                                       0.674
clku                                         0
clk                                          0
ibn                                   0.308408
xa.x1.tmid                         1.40859e-06
xa.x1.tail                             0.62298
xa.x1.np                                  1.32
xa.x1.nn                                  1.32
xa.x1.ln                                  1.32
xa.x1.lp                                  1.32
xa.x1.lnb                           1.1363e-07
xa.x1.lpb                          1.07554e-07
xa.x1.na                               1.29108
doutb                                 0.670112
dout                                  0.670489
xa.x1.nb                               1.29255
doutn                                 0.507947
tcheck                                      27
pa_00                                  308.408
bpa_00#branch                                0
btchk#branch                                 0
bdoutn#branch                                0
bclk#branch                        4.30151e-10
ean#branch                          1.3303e-12
eap#branch                         1.68116e-12
vclku#branch                                 0
vd#branch                                    0
vcm#branch                         3.01145e-12
vsup#branch                       -0.000144301


No. of Data Rows : 12309

  Measurements for Transient Analysis

dlev0               =  1.35970e-06
dlev1               =  -6.18447e-08
dlev2               =  -4.42890e-07
dlev3               =  -1.24432e-06
dlev4               =  -1.85321e-06
dlev5               =  -1.94168e-06
dlev6               =  -6.17478e-06
dlev7               =  -3.29225e-06
dlev8               =  -5.54027e-06
dlev9               =  -4.11036e-06
dlev10              =  -6.28670e-07
dlev11              =  -7.95990e-07
dlev12              =  -4.86757e-06
dlev13              =  -1.68888e-06
dlev14              =  -3.67460e-06
dlev15              =  -5.38968e-06
dlev16              =  1.00000e+00
dlev17              =  9.99998e-01
dlev18              =  9.99998e-01
dlev19              =  9.99997e-01
dlev20              =  9.99998e-01
dlev21              =  9.99998e-01
dlev22              =  9.99998e-01
dlev23              =  9.99998e-01
dlev24              =  9.99998e-01
dlev25              =  9.99998e-01
dlev26              =  9.99999e-01
dlev27              =  9.99998e-01
dlev28              =  9.99998e-01
dlev29              =  9.99998e-01
dlev30              =  9.99998e-01
dlev31              =  9.99998e-01
dlev32              =  9.99998e-01
vdd_meas            =  1.32000e+00
temp_meas           =  2.70000e+01
vbias_mv            =  3.08408e+02
lowcount            =  1.60001e+01
vos_mv              =  -1.49978e+00
vcm_meas            =  6.50000e-01

ngspice-46 done
