
Note: No compatibility mode selected!


Circuit: * klt sim -- generated corner deck, do not edit

Doing analysis at TEMP = 125.000000 and TNOM = 27.000000

Using SPARSE 1.3 as Direct Linear Solver

Initial Transient Solution
--------------------------

Node                                   Voltage
----                                   -------
vdd                                       1.08
cm                                         0.6
vd                                      -0.048
ap                                       0.576
an                                       0.624
clku                                         0
clk                                          0
ibn                                   0.159553
xa.x1.tmid                         0.000484375
xa.x1.tail                            0.573853
xa.x1.np                               1.07993
xa.x1.nn                               1.07972
xa.x1.ln                                  1.08
xa.x1.lp                                  1.08
xa.x1.lnb                            2.074e-05
xa.x1.lpb                          1.87284e-05
xa.x1.na                               1.07998
doutb                              2.99206e-05
dout                                   1.07998
xa.x1.nb                               1.07999
doutn                                  0.99998
tcheck                                     125
pa_00                                  159.553
bpa_00#branch                                0
btchk#branch                                 0
bdoutn#branch                                0
bclk#branch                         1.1368e-09
ean#branch                         4.81434e-12
eap#branch                         6.34459e-12
vclku#branch                                 0
vd#branch                                    0
vcm#branch                         1.11589e-11
vsup#branch                        -1.0676e-05


No. of Data Rows : 12015

  Measurements for Transient Analysis

dlev0               =  2.69789e-05
dlev1               =  2.77382e-05
dlev2               =  2.60855e-05
dlev3               =  2.60662e-05
dlev4               =  2.62104e-05
dlev5               =  2.67285e-05
dlev6               =  2.77260e-05
dlev7               =  2.70244e-05
dlev8               =  2.75229e-05
dlev9               =  2.72059e-05
dlev10              =  2.72053e-05
dlev11              =  2.69244e-05
dlev12              =  2.74486e-05
dlev13              =  2.60415e-05
dlev14              =  2.71111e-05
dlev15              =  2.75442e-05
dlev16              =  2.65680e-05
dlev17              =  9.99980e-01
dlev18              =  9.99980e-01
dlev19              =  9.99980e-01
dlev20              =  9.99980e-01
dlev21              =  9.99980e-01
dlev22              =  9.99980e-01
dlev23              =  9.99980e-01
dlev24              =  9.99980e-01
dlev25              =  9.99980e-01
dlev26              =  9.99980e-01
dlev27              =  9.99980e-01
dlev28              =  9.99980e-01
dlev29              =  9.99980e-01
dlev30              =  9.99980e-01
dlev31              =  9.99980e-01
dlev32              =  9.99980e-01
vdd_meas            =  1.08000e+00
temp_meas           =  1.25000e+02
vbias_mv            =  1.59553e+02
lowcount            =  1.69999e+01
vos_mv              =  1.49959e+00

ngspice-46 done
