
Note: No compatibility mode selected!


Circuit: * klt sim -- generated corner deck, do not edit

Doing analysis at TEMP = 27.000000 and TNOM = 27.000000

Using SPARSE 1.3 as Direct Linear Solver

Initial Transient Solution
--------------------------

Node                                   Voltage
----                                   -------
vdd                                       1.32
cm                                         0.6
vd                                      -0.048
ap                                       0.576
an                                       0.624
clku                                         0
clk                                          0
ibn                                   0.309598
xa.x1.tmid                         1.19925e-06
xa.x1.tail                             0.58535
xa.x1.np                                  1.32
xa.x1.nn                                  1.32
xa.x1.ln                                  1.32
xa.x1.lp                                  1.32
xa.x1.lnb                          1.01526e-07
xa.x1.lpb                          1.17111e-07
xa.x1.na                                  1.32
doutb                                     1.32
dout                               1.22544e-07
xa.x1.nb                                  1.32
doutn                              9.28366e-08
tcheck                                      27
pa_00                                  309.598
bpa_00#branch                                0
btchk#branch                                 0
bdoutn#branch                                0
bclk#branch                        4.34501e-10
ean#branch                         1.69303e-12
eap#branch                         2.11964e-12
vclku#branch                                 0
vd#branch                                    0
vcm#branch                         3.81267e-12
vsup#branch                       -2.00043e-05


No. of Data Rows : 12316

  Measurements for Transient Analysis

dlev0               =  -5.21433e-06
dlev1               =  -4.95938e-06
dlev2               =  -5.26947e-06
dlev3               =  -5.81889e-06
dlev4               =  -5.76776e-06
dlev5               =  2.44536e-07
dlev6               =  2.26756e-07
dlev7               =  1.94580e-07
dlev8               =  1.36877e-07
dlev9               =  -4.55887e-06
dlev10              =  -5.43765e-06
dlev11              =  -3.00102e-06
dlev12              =  -4.82521e-06
dlev13              =  9.61779e-08
dlev14              =  -5.01643e-06
dlev15              =  -4.73913e-06
dlev16              =  -4.74477e-06
dlev17              =  1.00000e+00
dlev18              =  1.00000e+00
dlev19              =  1.00000e+00
dlev20              =  1.00000e+00
dlev21              =  9.99999e-01
dlev22              =  9.99998e-01
dlev23              =  9.99998e-01
dlev24              =  9.99998e-01
dlev25              =  9.99999e-01
dlev26              =  1.00000e+00
dlev27              =  1.00000e+00
dlev28              =  1.00000e+00
dlev29              =  9.99998e-01
dlev30              =  9.99998e-01
dlev31              =  9.99997e-01
dlev32              =  9.99997e-01
vdd_meas            =  1.32000e+00
temp_meas           =  2.70000e+01
vbias_mv            =  3.09598e+02
lowcount            =  1.70001e+01
vos_mv              =  1.50023e+00

ngspice-46 done
