
Note: No compatibility mode selected!


Circuit: * klt sim -- generated corner deck, do not edit

Doing analysis at TEMP = -40.000000 and TNOM = 27.000000

Using SPARSE 1.3 as Direct Linear Solver

Initial Transient Solution
--------------------------

Node                                   Voltage
----                                   -------
vdd                                        1.2
cm                                         0.6
vd                                      -0.048
ap                                       0.576
an                                       0.624
clku                                         0
clk                                          0
ibn                                   0.345904
xa.x1.tmid                         2.41767e-08
xa.x1.tail                            0.570328
xa.x1.np                                   1.2
xa.x1.nn                                   1.2
xa.x1.ln                                   1.2
xa.x1.lp                                   1.2
xa.x1.lnb                          2.71433e-08
xa.x1.lpb                          2.63548e-08
xa.x1.na                                   1.2
doutb                                      1.2
dout                               2.68771e-08
xa.x1.nb                                   1.2
doutn                              2.23976e-08
tcheck                                     -40
pa_00                                  345.904
bpa_00#branch                                0
btchk#branch                                 0
bdoutn#branch                                0
bclk#branch                        2.05369e-10
ean#branch                         4.54164e-13
eap#branch                         5.82451e-13
vclku#branch                                 0
vd#branch                                    0
vcm#branch                         1.03662e-12
vsup#branch                       -2.00005e-05


No. of Data Rows : 12257

  Measurements for Transient Analysis

dlev0               =  -9.58064e-07
dlev1               =  1.42590e-06
dlev2               =  9.82278e-07
dlev3               =  9.14719e-07
dlev4               =  4.17754e-07
dlev5               =  3.48836e-07
dlev6               =  -2.12011e-07
dlev7               =  -8.49345e-07
dlev8               =  -1.05517e-06
dlev9               =  -5.80405e-06
dlev10              =  -6.23802e-06
dlev11              =  -4.70218e-06
dlev12              =  -3.10182e-06
dlev13              =  -4.55287e-06
dlev14              =  5.96819e-06
dlev15              =  -3.73155e-06
dlev16              =  -5.64982e-06
dlev17              =  1.00000e+00
dlev18              =  9.99998e-01
dlev19              =  9.99997e-01
dlev20              =  9.99998e-01
dlev21              =  9.99998e-01
dlev22              =  1.00000e+00
dlev23              =  9.99998e-01
dlev24              =  9.99998e-01
dlev25              =  1.00000e+00
dlev26              =  9.99998e-01
dlev27              =  9.99999e-01
dlev28              =  9.99999e-01
dlev29              =  9.99999e-01
dlev30              =  1.00000e+00
dlev31              =  1.00000e+00
dlev32              =  1.00000e+00
vdd_meas            =  1.20000e+00
temp_meas           =  -4.00000e+01
vbias_mv            =  3.45904e+02
lowcount            =  1.70000e+01
vos_mv              =  1.50012e+00

ngspice-46 done
