
Note: No compatibility mode selected!


Circuit: * klt sim -- generated corner deck, do not edit

Doing analysis at TEMP = 27.000000 and TNOM = 27.000000

Using SPARSE 1.3 as Direct Linear Solver

Initial Transient Solution
--------------------------

Node                                   Voltage
----                                   -------
vdd                                       1.08
cm                                         0.6
vd                                      -0.048
ap                                       0.576
an                                       0.624
clku                                         0
clk                                          0
ibn                                   0.250937
xa.x1.tmid                         8.40421e-06
xa.x1.tail                            0.569742
xa.x1.np                                  1.08
xa.x1.nn                               1.07999
xa.x1.ln                                  1.08
xa.x1.lp                                  1.08
xa.x1.lnb                            5.747e-07
xa.x1.lpb                          6.12576e-07
xa.x1.na                                  1.08
doutb                                     1.08
dout                               7.46694e-07
xa.x1.nb                                  1.08
doutn                              6.91383e-07
tcheck                                      27
pa_00                                  250.937
bpa_00#branch                                0
btchk#branch                                 0
bdoutn#branch                                0
bclk#branch                        7.04903e-10
ean#branch                         2.15428e-12
eap#branch                         2.82546e-12
vclku#branch                                 0
vd#branch                                    0
vcm#branch                         4.97974e-12
vsup#branch                       -1.50219e-05


No. of Data Rows : 12193

  Measurements for Transient Analysis

dlev0               =  4.42707e-06
dlev1               =  4.24695e-06
dlev2               =  4.62126e-06
dlev3               =  2.83043e-06
dlev4               =  1.73746e-06
dlev5               =  2.27866e-06
dlev6               =  2.39192e-06
dlev7               =  1.36489e-06
dlev8               =  1.40475e-06
dlev9               =  1.46522e-06
dlev10              =  3.08387e-06
dlev11              =  3.63642e-06
dlev12              =  1.28953e-06
dlev13              =  3.03450e-06
dlev14              =  9.74418e-07
dlev15              =  3.89114e-06
dlev16              =  1.59573e-06
dlev17              =  9.99999e-01
dlev18              =  9.99999e-01
dlev19              =  1.00000e+00
dlev20              =  9.99999e-01
dlev21              =  1.00000e+00
dlev22              =  9.99999e-01
dlev23              =  1.00000e+00
dlev24              =  1.00000e+00
dlev25              =  1.00000e+00
dlev26              =  1.00000e+00
dlev27              =  1.00000e+00
dlev28              =  1.00000e+00
dlev29              =  1.00000e+00
dlev30              =  1.00000e+00
dlev31              =  1.00000e+00
dlev32              =  1.00000e+00
vdd_meas            =  1.08000e+00
temp_meas           =  2.70000e+01
vbias_mv            =  2.50937e+02
lowcount            =  1.70000e+01
vos_mv              =  1.49987e+00

ngspice-46 done
