
Note: No compatibility mode selected!


Circuit: * klt sim -- generated corner deck, do not edit

Doing analysis at TEMP = 125.000000 and TNOM = 27.000000

Using SPARSE 1.3 as Direct Linear Solver

Initial Transient Solution
--------------------------

Node                                   Voltage
----                                   -------
vdd                                        1.2
cm                                         0.6
vd                                      -0.048
ap                                       0.576
an                                       0.624
clku                                         0
clk                                          0
ibn                                   0.253878
xa.x1.tmid                         1.99419e-05
xa.x1.tail                            0.596929
xa.x1.np                                   1.2
xa.x1.nn                               1.19999
xa.x1.ln                                   1.2
xa.x1.lp                                   1.2
xa.x1.lnb                          7.20195e-07
xa.x1.lpb                          7.20467e-07
xa.x1.na                               1.18155
doutb                                 0.616839
dout                                  0.615429
xa.x1.nb                               1.18097
doutn                                 0.512857
tcheck                                     125
pa_00                                  253.878
bpa_00#branch                                0
btchk#branch                                 0
bdoutn#branch                                0
bclk#branch                        1.44806e-10
ean#branch                         4.85167e-13
eap#branch                         6.26915e-13
vclku#branch                                 0
vd#branch                                    0
vcm#branch                         1.11208e-12
vsup#branch                        -6.8301e-05


No. of Data Rows : 11996

  Measurements for Transient Analysis

dlev0               =  5.37855e-06
dlev1               =  1.95892e-06
dlev2               =  7.88393e-07
dlev3               =  8.13604e-07
dlev4               =  6.87743e-07
dlev5               =  2.97352e-06
dlev6               =  3.00451e-06
dlev7               =  3.16497e-06
dlev8               =  3.07012e-06
dlev9               =  9.45547e-07
dlev10              =  7.68158e-07
dlev11              =  2.93815e-06
dlev12              =  3.58415e-06
dlev13              =  3.63177e-06
dlev14              =  3.78478e-06
dlev15              =  1.00000e+00
dlev16              =  1.00000e+00
dlev17              =  9.99999e-01
dlev18              =  9.99999e-01
dlev19              =  9.99999e-01
dlev20              =  9.99999e-01
dlev21              =  9.99999e-01
dlev22              =  9.99999e-01
dlev23              =  9.99999e-01
dlev24              =  9.99999e-01
dlev25              =  9.99999e-01
dlev26              =  9.99999e-01
dlev27              =  9.99999e-01
dlev28              =  9.99999e-01
dlev29              =  9.99999e-01
dlev30              =  9.99999e-01
dlev31              =  9.99999e-01
dlev32              =  1.00000e+00
vdd_meas            =  1.20000e+00
temp_meas           =  1.25000e+02
vbias_mv            =  2.53878e+02
lowcount            =  1.50000e+01
vos_mv              =  -4.50007e+00

ngspice-46 done
