
Note: No compatibility mode selected!


Circuit: * klt sim -- generated corner deck, do not edit

Doing analysis at TEMP = -40.000000 and TNOM = 27.000000

Using SPARSE 1.3 as Direct Linear Solver

Initial Transient Solution
--------------------------

Node                                   Voltage
----                                   -------
vdd                                       1.08
cm                                         0.6
vd                                      -0.048
ap                                       0.576
an                                       0.624
clku                                         0
clk                                          0
ibn                                   0.302179
xa.x1.tmid                         2.06017e-07
xa.x1.tail                            0.562811
xa.x1.np                                  1.08
xa.x1.nn                                  1.08
xa.x1.ln                                  1.08
xa.x1.lp                                  1.08
xa.x1.lnb                           8.1159e-08
xa.x1.lpb                          8.12975e-08
xa.x1.na                               1.06979
doutb                                  0.56157
dout                                  0.564936
xa.x1.nb                               1.06966
doutn                                 0.523089
tcheck                                     -40
pa_00                                  302.179
bpa_00#branch                                0
btchk#branch                                 0
bdoutn#branch                                0
bclk#branch                        4.55284e-10
ean#branch                         1.04086e-12
eap#branch                         1.36638e-12
vclku#branch                                 0
vd#branch                                    0
vcm#branch                         2.40724e-12
vsup#branch                       -6.94944e-05


No. of Data Rows : 12208

  Measurements for Transient Analysis

dlev0               =  3.05098e-06
dlev1               =  3.39389e-08
dlev2               =  8.49678e-06
dlev3               =  9.24483e-06
dlev4               =  8.18005e-06
dlev5               =  1.39960e-06
dlev6               =  -1.29748e-06
dlev7               =  -8.79181e-07
dlev8               =  9.21200e-06
dlev9               =  -1.35326e-06
dlev10              =  9.29347e-07
dlev11              =  -1.76666e-06
dlev12              =  1.21924e-06
dlev13              =  8.82919e-06
dlev14              =  -3.18911e-06
dlev15              =  9.99998e-01
dlev16              =  1.00000e+00
dlev17              =  1.00000e+00
dlev18              =  9.99999e-01
dlev19              =  1.00000e+00
dlev20              =  9.99999e-01
dlev21              =  1.00000e+00
dlev22              =  1.00000e+00
dlev23              =  1.00000e+00
dlev24              =  1.00000e+00
dlev25              =  1.00000e+00
dlev26              =  9.99999e-01
dlev27              =  1.00000e+00
dlev28              =  1.00000e+00
dlev29              =  1.00000e+00
dlev30              =  1.00000e+00
dlev31              =  1.00000e+00
dlev32              =  1.00000e+00
vdd_meas            =  1.08000e+00
temp_meas           =  -4.00000e+01
vbias_mv            =  3.02179e+02
lowcount            =  1.49999e+01
vos_mv              =  -4.50024e+00

ngspice-46 done
