
Note: No compatibility mode selected!


Circuit: * klt sim -- generated corner deck, do not edit

Doing analysis at TEMP = 27.000000 and TNOM = 27.000000

Using SPARSE 1.3 as Direct Linear Solver

Initial Transient Solution
--------------------------

Node                                   Voltage
----                                   -------
vdd                                       1.32
cm                                         0.6
vd                                      -0.048
ap                                       0.576
an                                       0.624
clku                                         0
clk                                          0
ibn                                   0.286202
xa.x1.tmid                         3.34537e-06
xa.x1.tail                            0.576922
xa.x1.np                                  1.32
xa.x1.nn                                  1.32
xa.x1.ln                                  1.32
xa.x1.lp                                  1.32
xa.x1.lnb                          7.20527e-08
xa.x1.lpb                          6.93984e-08
xa.x1.na                                  1.32
doutb                                     1.32
dout                               7.85006e-08
xa.x1.nb                                  1.32
doutn                              5.94702e-08
tcheck                                      27
pa_00                                  286.202
bpa_00#branch                                0
btchk#branch                                 0
bdoutn#branch                                0
bclk#branch                         2.4579e-10
ean#branch                         3.46448e-12
eap#branch                         4.31566e-12
vclku#branch                                 0
vd#branch                                    0
vcm#branch                         7.78014e-12
vsup#branch                       -2.00088e-05


No. of Data Rows : 12311

  Measurements for Transient Analysis

dlev0               =  -2.20970e-06
dlev1               =  5.21225e-08
dlev2               =  -2.08388e-06
dlev3               =  -2.29345e-06
dlev4               =  -6.43758e-06
dlev5               =  -5.97079e-06
dlev6               =  -4.91819e-06
dlev7               =  2.52010e-08
dlev8               =  -1.87107e-06
dlev9               =  -8.38175e-07
dlev10              =  -1.03106e-06
dlev11              =  2.26392e-07
dlev12              =  -1.87489e-06
dlev13              =  -3.24031e-06
dlev14              =  3.18966e-08
dlev15              =  -1.15218e-06
dlev16              =  1.00000e+00
dlev17              =  1.00000e+00
dlev18              =  1.00000e+00
dlev19              =  9.99999e-01
dlev20              =  9.99998e-01
dlev21              =  9.99999e-01
dlev22              =  1.00000e+00
dlev23              =  9.99998e-01
dlev24              =  1.00000e+00
dlev25              =  9.99999e-01
dlev26              =  9.99999e-01
dlev27              =  9.99999e-01
dlev28              =  1.00000e+00
dlev29              =  1.00000e+00
dlev30              =  1.00000e+00
dlev31              =  9.99998e-01
dlev32              =  9.99998e-01
vdd_meas            =  1.32000e+00
temp_meas           =  2.70000e+01
vbias_mv            =  2.86202e+02
lowcount            =  1.60000e+01
vos_mv              =  -1.49985e+00

ngspice-46 done
