
Note: No compatibility mode selected!


Circuit: * klt sim -- generated corner deck, do not edit

Doing analysis at TEMP = 125.000000 and TNOM = 27.000000

Using SPARSE 1.3 as Direct Linear Solver

Initial Transient Solution
--------------------------

Node                                   Voltage
----                                   -------
vdd                                       1.32
cm                                        0.65
vd                                      -0.048
ap                                       0.626
an                                       0.674
clku                                         0
clk                                          0
ibn                                   0.203243
xa.x1.tmid                         0.000330994
xa.x1.tail                            0.623799
xa.x1.np                               1.31992
xa.x1.nn                               1.31978
xa.x1.ln                                  1.32
xa.x1.lp                                  1.32
xa.x1.lnb                          1.65431e-05
xa.x1.lpb                          2.11006e-05
xa.x1.na                               1.27454
doutb                                 0.684429
dout                                  0.671613
xa.x1.nb                               1.27172
doutn                                 0.508798
tcheck                                     125
pa_00                                  203.243
bpa_00#branch                                0
btchk#branch                                 0
bdoutn#branch                                0
bclk#branch                        2.21967e-09
ean#branch                         1.25824e-11
eap#branch                         1.57463e-11
vclku#branch                                 0
vd#branch                                    0
vcm#branch                         2.83287e-11
vsup#branch                       -0.000259329


No. of Data Rows : 12273

  Measurements for Transient Analysis

dlev0               =  2.18812e-05
dlev1               =  2.34013e-05
dlev2               =  2.64898e-05
dlev3               =  2.30025e-05
dlev4               =  2.31097e-05
dlev5               =  2.35124e-05
dlev6               =  2.33524e-05
dlev7               =  2.62035e-05
dlev8               =  2.22373e-05
dlev9               =  2.61728e-05
dlev10              =  2.56411e-05
dlev11              =  2.71801e-05
dlev12              =  2.21267e-05
dlev13              =  2.22203e-05
dlev14              =  2.74156e-05
dlev15              =  2.25304e-05
dlev16              =  9.99986e-01
dlev17              =  9.99985e-01
dlev18              =  9.99986e-01
dlev19              =  9.99985e-01
dlev20              =  9.99985e-01
dlev21              =  9.99987e-01
dlev22              =  9.99986e-01
dlev23              =  9.99986e-01
dlev24              =  9.99985e-01
dlev25              =  9.99985e-01
dlev26              =  9.99985e-01
dlev27              =  9.99984e-01
dlev28              =  9.99987e-01
dlev29              =  9.99987e-01
dlev30              =  9.99986e-01
dlev31              =  9.99987e-01
dlev32              =  9.99986e-01
vdd_meas            =  1.32000e+00
temp_meas           =  1.25000e+02
vbias_mv            =  2.03243e+02
lowcount            =  1.59999e+01
vos_mv              =  -1.50043e+00
vcm_meas            =  6.50000e-01

ngspice-46 done
