
Note: No compatibility mode selected!


Circuit: * klt sim -- generated corner deck, do not edit

Doing analysis at TEMP = 125.000000 and TNOM = 27.000000

Using SPARSE 1.3 as Direct Linear Solver

Initial Transient Solution
--------------------------

Node                                   Voltage
----                                   -------
vdd                                        1.2
cm                                        0.55
vd                                      -0.048
ap                                       0.526
an                                       0.574
clku                                         0
clk                                          0
ibn                                   0.205658
xa.x1.tmid                         0.000281455
xa.x1.tail                            0.535278
xa.x1.np                               1.19993
xa.x1.nn                               1.19979
xa.x1.ln                                   1.2
xa.x1.lp                                   1.2
xa.x1.lnb                          2.11391e-05
xa.x1.lpb                          2.13212e-05
xa.x1.na                               1.19998
doutb                              2.74043e-05
dout                                   1.19998
xa.x1.nb                               1.19999
doutn                                 0.999984
tcheck                                     125
pa_00                                  205.658
bpa_00#branch                                0
btchk#branch                                 0
bdoutn#branch                                0
bclk#branch                        1.59602e-09
ean#branch                          1.1482e-11
eap#branch                         1.44151e-11
vclku#branch                                 0
vd#branch                                    0
vcm#branch                         2.58971e-11
vsup#branch                       -2.06417e-05


No. of Data Rows : 12171

  Measurements for Transient Analysis

dlev0               =  1.83593e-05
dlev1               =  2.67902e-05
dlev2               =  2.66898e-05
dlev3               =  2.95343e-05
dlev4               =  2.32555e-05
dlev5               =  2.42257e-05
dlev6               =  2.12544e-05
dlev7               =  2.40105e-05
dlev8               =  2.46156e-05
dlev9               =  2.44490e-05
dlev10              =  2.24098e-05
dlev11              =  2.21405e-05
dlev12              =  1.91797e-05
dlev13              =  2.06848e-05
dlev14              =  2.26178e-05
dlev15              =  2.28857e-05
dlev16              =  2.31254e-05
dlev17              =  9.99982e-01
dlev18              =  9.99982e-01
dlev19              =  9.99982e-01
dlev20              =  9.99982e-01
dlev21              =  9.99982e-01
dlev22              =  9.99982e-01
dlev23              =  9.99982e-01
dlev24              =  9.99982e-01
dlev25              =  9.99984e-01
dlev26              =  9.99983e-01
dlev27              =  9.99982e-01
dlev28              =  9.99983e-01
dlev29              =  9.99982e-01
dlev30              =  9.99982e-01
dlev31              =  9.99982e-01
dlev32              =  9.99983e-01
vdd_meas            =  1.20000e+00
temp_meas           =  1.25000e+02
vbias_mv            =  2.05658e+02
lowcount            =  1.69999e+01
vos_mv              =  1.49966e+00
vcm_meas            =  5.50000e-01

ngspice-46 done
