
Note: No compatibility mode selected!


Circuit: * klt sim -- generated corner deck, do not edit

Doing analysis at TEMP = -40.000000 and TNOM = 27.000000

Using SPARSE 1.3 as Direct Linear Solver

Initial Transient Solution
--------------------------

Node                                   Voltage
----                                   -------
vdd                                       1.08
cm                                         0.6
vd                                      -0.048
ap                                       0.576
an                                       0.624
clku                                         0
clk                                          0
ibn                                   0.362587
xa.x1.tmid                         1.79802e-09
xa.x1.tail                            0.588934
xa.x1.np                                  1.08
xa.x1.nn                                  1.08
xa.x1.ln                                  1.08
xa.x1.lp                                  1.08
xa.x1.lnb                          6.54293e-09
xa.x1.lpb                           6.4903e-09
xa.x1.na                               1.07789
doutb                                 0.551378
dout                                  0.542596
xa.x1.nb                               1.07797
doutn                                 0.502403
tcheck                                     -40
pa_00                                  362.587
bpa_00#branch                                0
btchk#branch                                 0
bdoutn#branch                                0
bclk#branch                        4.42586e-11
ean#branch                         5.30409e-14
eap#branch                         7.10265e-14
vclku#branch                                 0
vd#branch                                    0
vcm#branch                         1.24067e-13
vsup#branch                       -1.65204e-05


No. of Data Rows : 12040

  Measurements for Transient Analysis

dlev0               =  -4.78519e-06
dlev1               =  -3.49691e-06
dlev2               =  -3.39367e-06
dlev3               =  -2.98625e-06
dlev4               =  -1.09592e-05
dlev5               =  -1.31970e-05
dlev6               =  -1.24167e-05
dlev7               =  1.13740e-06
dlev8               =  4.28872e-06
dlev9               =  4.04802e-06
dlev10              =  7.89072e-07
dlev11              =  -3.32105e-06
dlev12              =  6.47429e-08
dlev13              =  -1.36052e-06
dlev14              =  -1.45207e-06
dlev15              =  -1.19513e-05
dlev16              =  9.99995e-01
dlev17              =  1.00000e+00
dlev18              =  9.99999e-01
dlev19              =  1.00000e+00
dlev20              =  9.99999e-01
dlev21              =  9.99999e-01
dlev22              =  1.00000e+00
dlev23              =  9.99999e-01
dlev24              =  1.00000e+00
dlev25              =  1.00000e+00
dlev26              =  1.00000e+00
dlev27              =  1.00000e+00
dlev28              =  1.00000e+00
dlev29              =  1.00000e+00
dlev30              =  1.00000e+00
dlev31              =  9.99998e-01
dlev32              =  9.99998e-01
vdd_meas            =  1.08000e+00
temp_meas           =  -4.00000e+01
vbias_mv            =  3.62587e+02
lowcount            =  1.60001e+01
vos_mv              =  -1.49981e+00

ngspice-46 done
