
Note: No compatibility mode selected!


Circuit: * klt sim -- generated corner deck, do not edit

Doing analysis at TEMP = -40.000000 and TNOM = 27.000000

Using SPARSE 1.3 as Direct Linear Solver
Note: Starting dynamic gmin stepping
Note: Dynamic gmin stepping completed

Initial Transient Solution
--------------------------

Node                                   Voltage
----                                   -------
vdd                                       1.32
cm                                         0.6
vd                                      -0.048
ap                                       0.576
an                                       0.624
clku                                         0
clk                                          0
ibn                                   0.366951
xa.x1.tmid                         5.69074e-09
xa.x1.tail                              0.5564
xa.x1.np                                  1.32
xa.x1.nn                                  1.32
xa.x1.ln                                  1.32
xa.x1.lp                                  1.32
xa.x1.lnb                          4.96021e-08
xa.x1.lpb                          4.92622e-08
xa.x1.na                                1.3017
doutb                                 0.703153
dout                                  0.709547
xa.x1.nb                               1.30056
doutn                                 0.537535
tcheck                                     -40
pa_00                                  366.951
bpa_00#branch                                0
btchk#branch                                 0
bdoutn#branch                                0
bclk#branch                        5.02113e-10
ean#branch                         2.00895e-13
eap#branch                         2.53006e-13
vclku#branch                                 0
vd#branch                                    0
vcm#branch                         4.53901e-13
vsup#branch                       -0.000121177


No. of Data Rows : 12266

  Measurements for Transient Analysis

dlev0               =  2.62585e-06
dlev1               =  -5.32713e-07
dlev2               =  -5.68606e-06
dlev3               =  -5.68320e-06
dlev4               =  -1.53164e-06
dlev5               =  -5.62907e-06
dlev6               =  -5.42929e-06
dlev7               =  -5.52433e-06
dlev8               =  -1.37293e-06
dlev9               =  -5.45308e-06
dlev10              =  -3.79484e-06
dlev11              =  -2.69314e-07
dlev12              =  -4.61148e-06
dlev13              =  -3.85783e-06
dlev14              =  -8.21201e-07
dlev15              =  6.74638e-08
dlev16              =  -4.42570e-06
dlev17              =  -3.34716e-06
dlev18              =  1.00000e+00
dlev19              =  9.99999e-01
dlev20              =  9.99998e-01
dlev21              =  1.00000e+00
dlev22              =  9.99998e-01
dlev23              =  9.99998e-01
dlev24              =  1.00000e+00
dlev25              =  9.99998e-01
dlev26              =  9.99999e-01
dlev27              =  9.99999e-01
dlev28              =  9.99998e-01
dlev29              =  9.99998e-01
dlev30              =  9.99998e-01
dlev31              =  1.00000e+00
dlev32              =  9.99998e-01
vdd_meas            =  1.32000e+00
temp_meas           =  -4.00000e+01
vbias_mv            =  3.66951e+02
lowcount            =  1.80001e+01
vos_mv              =  4.50022e+00

ngspice-46 done
