
Note: No compatibility mode selected!


Circuit: * klt sim -- generated corner deck, do not edit

Doing analysis at TEMP = 125.000000 and TNOM = 27.000000

Using SPARSE 1.3 as Direct Linear Solver

Initial Transient Solution
--------------------------

Node                                   Voltage
----                                   -------
vdd                                       1.08
cm                                         0.6
vd                                      -0.048
ap                                       0.576
an                                       0.624
clku                                         0
clk                                          0
ibn                                   0.248138
xa.x1.tmid                         9.28866e-05
xa.x1.tail                            0.535315
xa.x1.np                               1.07997
xa.x1.nn                               1.07991
xa.x1.ln                                  1.08
xa.x1.lp                                  1.08
xa.x1.lnb                          4.33844e-06
xa.x1.lpb                          3.84617e-06
xa.x1.na                               1.06073
doutb                                 0.553825
dout                                  0.564578
xa.x1.nb                               1.05844
doutn                                 0.522757
tcheck                                     125
pa_00                                  248.138
bpa_00#branch                                0
btchk#branch                                 0
bdoutn#branch                                0
bclk#branch                        3.34679e-10
ean#branch                          5.3467e-13
eap#branch                         7.16441e-13
vclku#branch                                 0
vd#branch                                    0
vcm#branch                         1.25111e-12
vsup#branch                       -8.44347e-05


No. of Data Rows : 11989

  Measurements for Transient Analysis

dlev0               =  4.57662e-06
dlev1               =  4.70887e-06
dlev2               =  4.25503e-06
dlev3               =  5.03036e-06
dlev4               =  5.10620e-06
dlev5               =  4.94559e-06
dlev6               =  4.98165e-06
dlev7               =  4.98212e-06
dlev8               =  4.97694e-06
dlev9               =  4.82859e-06
dlev10              =  3.87421e-06
dlev11              =  4.95006e-06
dlev12              =  5.19175e-06
dlev13              =  4.98081e-06
dlev14              =  4.97705e-06
dlev15              =  4.24229e-06
dlev16              =  4.96329e-06
dlev17              =  9.99994e-01
dlev18              =  9.99994e-01
dlev19              =  9.99994e-01
dlev20              =  9.99994e-01
dlev21              =  9.99994e-01
dlev22              =  9.99994e-01
dlev23              =  9.99993e-01
dlev24              =  9.99994e-01
dlev25              =  9.99994e-01
dlev26              =  9.99993e-01
dlev27              =  9.99993e-01
dlev28              =  9.99994e-01
dlev29              =  9.99994e-01
dlev30              =  9.99993e-01
dlev31              =  9.99994e-01
dlev32              =  9.99994e-01
vdd_meas            =  1.08000e+00
temp_meas           =  1.25000e+02
vbias_mv            =  2.48138e+02
lowcount            =  1.70000e+01
vos_mv              =  1.50006e+00

ngspice-46 done
