
Note: No compatibility mode selected!


Circuit: * klt sim -- generated corner deck, do not edit

Doing analysis at TEMP = 27.000000 and TNOM = 27.000000

Using SPARSE 1.3 as Direct Linear Solver

Initial Transient Solution
--------------------------

Node                                   Voltage
----                                   -------
vdd                                        1.2
cm                                        0.65
vd                                      -0.048
ap                                       0.626
an                                       0.674
clku                                         0
clk                                          0
ibn                                    0.30482
xa.x1.tmid                         1.45994e-06
xa.x1.tail                            0.621083
xa.x1.np                                   1.2
xa.x1.nn                                   1.2
xa.x1.ln                                   1.2
xa.x1.lp                                   1.2
xa.x1.lnb                          9.37888e-08
xa.x1.lpb                           9.9208e-08
xa.x1.na                                   1.2
doutb                                      1.2
dout                               1.12452e-07
xa.x1.nb                                   1.2
doutn                              9.37097e-08
tcheck                                      27
pa_00                                   304.82
bpa_00#branch                                0
btchk#branch                                 0
bdoutn#branch                                0
bclk#branch                        3.10309e-10
ean#branch                         7.19258e-13
eap#branch                         9.31782e-13
vclku#branch                                 0
vd#branch                                    0
vcm#branch                         1.65104e-12
vsup#branch                       -2.00042e-05


No. of Data Rows : 12216

  Measurements for Transient Analysis

dlev0               =  1.74341e-06
dlev1               =  -1.21147e-06
dlev2               =  -2.00575e-06
dlev3               =  -1.29612e-06
dlev4               =  -2.15864e-07
dlev5               =  1.70029e-06
dlev6               =  -2.02956e-06
dlev7               =  -1.17164e-06
dlev8               =  -1.15062e-06
dlev9               =  -1.02871e-06
dlev10              =  -1.09470e-06
dlev11              =  -1.30669e-06
dlev12              =  -1.18729e-06
dlev13              =  -7.87902e-08
dlev14              =  -1.71728e-06
dlev15              =  -2.11734e-06
dlev16              =  -1.81819e-06
dlev17              =  -3.35824e-07
dlev18              =  -2.10239e-06
dlev19              =  1.00000e+00
dlev20              =  9.99999e-01
dlev21              =  1.00000e+00
dlev22              =  1.00000e+00
dlev23              =  9.99999e-01
dlev24              =  1.00000e+00
dlev25              =  1.00000e+00
dlev26              =  9.99999e-01
dlev27              =  1.00000e+00
dlev28              =  9.99999e-01
dlev29              =  1.00000e+00
dlev30              =  1.00000e+00
dlev31              =  1.00000e+00
dlev32              =  1.00000e+00
vdd_meas            =  1.20000e+00
temp_meas           =  2.70000e+01
vbias_mv            =  3.04820e+02
lowcount            =  1.90000e+01
vos_mv              =  7.50007e+00
vcm_meas            =  6.50000e-01

ngspice-46 done
