
Note: No compatibility mode selected!


Circuit: * klt sim -- generated corner deck, do not edit

Doing analysis at TEMP = 27.000000 and TNOM = 27.000000

Using SPARSE 1.3 as Direct Linear Solver

Initial Transient Solution
--------------------------

Node                                   Voltage
----                                   -------
vdd                                       1.08
cm                                        0.55
vd                                      -0.048
ap                                       0.526
an                                       0.574
clku                                         0
clk                                          0
ibn                                   0.286399
xa.x1.tmid                         2.88238e-06
xa.x1.tail                            0.530524
xa.x1.np                                  1.08
xa.x1.nn                                  1.08
xa.x1.ln                                  1.08
xa.x1.lp                                  1.08
xa.x1.lnb                          4.10208e-08
xa.x1.lpb                          3.88416e-08
xa.x1.na                                  1.08
doutb                                     1.08
dout                               4.72616e-08
xa.x1.nb                                  1.08
doutn                              4.37608e-08
tcheck                                      27
pa_00                                  286.399
bpa_00#branch                                0
btchk#branch                                 0
bdoutn#branch                                0
bclk#branch                        1.24025e-10
ean#branch                          1.3532e-12
eap#branch                         1.75332e-12
vclku#branch                                 0
vd#branch                                    0
vcm#branch                         3.10652e-12
vsup#branch                       -2.00071e-05


No. of Data Rows : 12167

  Measurements for Transient Analysis

dlev0               =  -1.17573e-06
dlev1               =  -1.20792e-06
dlev2               =  1.65930e-07
dlev3               =  1.24752e-06
dlev4               =  1.45097e-06
dlev5               =  1.53431e-06
dlev6               =  1.94981e-06
dlev7               =  1.35506e-06
dlev8               =  -1.65461e-06
dlev9               =  4.02258e-06
dlev10              =  4.32950e-06
dlev11              =  -1.28202e-06
dlev12              =  3.67219e-06
dlev13              =  -1.17451e-06
dlev14              =  5.15844e-06
dlev15              =  2.29967e-06
dlev16              =  1.00000e+00
dlev17              =  1.00000e+00
dlev18              =  1.00000e+00
dlev19              =  1.00000e+00
dlev20              =  1.00000e+00
dlev21              =  1.00000e+00
dlev22              =  1.00000e+00
dlev23              =  1.00000e+00
dlev24              =  1.00000e+00
dlev25              =  9.99999e-01
dlev26              =  1.00000e+00
dlev27              =  1.00000e+00
dlev28              =  1.00000e+00
dlev29              =  1.00000e+00
dlev30              =  1.00000e+00
dlev31              =  1.00000e+00
dlev32              =  1.00000e+00
vdd_meas            =  1.08000e+00
temp_meas           =  2.70000e+01
vbias_mv            =  2.86399e+02
lowcount            =  1.60000e+01
vos_mv              =  -1.50008e+00
vcm_meas            =  5.50000e-01

ngspice-46 done
