
Note: No compatibility mode selected!


Circuit: * klt sim -- generated corner deck, do not edit

Doing analysis at TEMP = -40.000000 and TNOM = 27.000000

Using SPARSE 1.3 as Direct Linear Solver

Initial Transient Solution
--------------------------

Node                                   Voltage
----                                   -------
vdd                                        1.2
cm                                         0.6
vd                                      -0.048
ap                                       0.576
an                                       0.624
clku                                         0
clk                                          0
ibn                                   0.322485
xa.x1.tmid                         7.12663e-08
xa.x1.tail                             0.57082
xa.x1.np                                   1.2
xa.x1.nn                                   1.2
xa.x1.ln                                   1.2
xa.x1.lp                                   1.2
xa.x1.lnb                          2.45495e-08
xa.x1.lpb                           2.3734e-08
xa.x1.na                                   1.2
doutb                                      1.2
dout                               2.41842e-08
xa.x1.nb                                   1.2
doutn                              2.01535e-08
tcheck                                     -40
pa_00                                  322.485
bpa_00#branch                                0
btchk#branch                                 0
bdoutn#branch                                0
bclk#branch                        1.17223e-10
ean#branch                         9.43717e-13
eap#branch                         1.20312e-12
vclku#branch                                 0
vd#branch                                    0
vcm#branch                         2.14684e-12
vsup#branch                       -2.00006e-05


No. of Data Rows : 12264

  Measurements for Transient Analysis

dlev0               =  -6.09043e-06
dlev1               =  8.58705e-07
dlev2               =  -8.38668e-08
dlev3               =  4.01352e-06
dlev4               =  4.05698e-06
dlev5               =  -6.03886e-06
dlev6               =  -6.11915e-06
dlev7               =  -1.91323e-06
dlev8               =  -6.90281e-06
dlev9               =  -3.22652e-06
dlev10              =  2.20002e-06
dlev11              =  -7.13220e-06
dlev12              =  -6.34195e-06
dlev13              =  -3.82790e-06
dlev14              =  2.71502e-07
dlev15              =  -4.66139e-06
dlev16              =  -6.59393e-06
dlev17              =  1.00000e+00
dlev18              =  9.99999e-01
dlev19              =  9.99999e-01
dlev20              =  9.99998e-01
dlev21              =  9.99998e-01
dlev22              =  9.99998e-01
dlev23              =  9.99999e-01
dlev24              =  9.99998e-01
dlev25              =  9.99998e-01
dlev26              =  9.99999e-01
dlev27              =  1.00000e+00
dlev28              =  1.00000e+00
dlev29              =  1.00000e+00
dlev30              =  1.00000e+00
dlev31              =  1.00000e+00
dlev32              =  1.00000e+00
vdd_meas            =  1.20000e+00
temp_meas           =  -4.00000e+01
vbias_mv            =  3.22485e+02
lowcount            =  1.70000e+01
vos_mv              =  1.50014e+00

ngspice-46 done
