
Note: No compatibility mode selected!


Circuit: * klt sim -- generated corner deck, do not edit

Doing analysis at TEMP = -40.000000 and TNOM = 27.000000

Using SPARSE 1.3 as Direct Linear Solver

Initial Transient Solution
--------------------------

Node                                   Voltage
----                                   -------
vdd                                       1.32
cm                                         0.6
vd                                      -0.048
ap                                       0.576
an                                       0.624
clku                                         0
clk                                          0
ibn                                   0.302199
xa.x1.tmid                         2.00796e-07
xa.x1.tail                            0.536261
xa.x1.np                                  1.32
xa.x1.nn                                  1.32
xa.x1.ln                                  1.32
xa.x1.lp                                  1.32
xa.x1.lnb                          1.31951e-07
xa.x1.lpb                          1.36506e-07
xa.x1.na                               1.29207
doutb                                 0.678606
dout                                   0.68521
xa.x1.nb                               1.29164
doutn                                 0.519099
tcheck                                     -40
pa_00                                  302.199
bpa_00#branch                                0
btchk#branch                                 0
bdoutn#branch                                0
bclk#branch                        8.97712e-10
ean#branch                          2.2949e-12
eap#branch                          2.8469e-12
vclku#branch                                 0
vd#branch                                    0
vcm#branch                          5.1418e-12
vsup#branch                       -0.000182143


No. of Data Rows : 12320

  Measurements for Transient Analysis

dlev0               =  -1.12298e-05
dlev1               =  1.51422e-06
dlev2               =  1.63344e-06
dlev3               =  1.58858e-06
dlev4               =  -8.96514e-06
dlev5               =  -3.83439e-06
dlev6               =  1.78420e-06
dlev7               =  -2.21411e-06
dlev8               =  -2.24266e-06
dlev9               =  -8.43482e-07
dlev10              =  -3.58136e-06
dlev11              =  -5.56570e-07
dlev12              =  4.57290e-07
dlev13              =  3.05209e-06
dlev14              =  -5.12366e-06
dlev15              =  6.54902e-07
dlev16              =  1.92161e-06
dlev17              =  1.69046e-06
dlev18              =  1.81408e-06
dlev19              =  1.77313e-06
dlev20              =  1.00000e+00
dlev21              =  1.00000e+00
dlev22              =  1.00000e+00
dlev23              =  1.00000e+00
dlev24              =  9.99999e-01
dlev25              =  9.99997e-01
dlev26              =  9.99999e-01
dlev27              =  9.99999e-01
dlev28              =  1.00000e+00
dlev29              =  1.00000e+00
dlev30              =  1.00000e+00
dlev31              =  9.99999e-01
dlev32              =  1.00000e+00
vdd_meas            =  1.32000e+00
temp_meas           =  -4.00000e+01
vbias_mv            =  3.02199e+02
lowcount            =  2.00000e+01
vos_mv              =  1.05001e+01

ngspice-46 done
