
Note: No compatibility mode selected!


Circuit: * klt sim -- generated corner deck, do not edit

Doing analysis at TEMP = 27.000000 and TNOM = 27.000000

Using SPARSE 1.3 as Direct Linear Solver

Initial Transient Solution
--------------------------

Node                                   Voltage
----                                   -------
vdd                                       1.32
cm                                         0.6
vd                                      -0.048
ap                                       0.576
an                                       0.624
clku                                         0
clk                                          0
ibn                                   0.330747
xa.x1.tmid                         3.81259e-07
xa.x1.tail                            0.542883
xa.x1.np                                  1.32
xa.x1.nn                                  1.32
xa.x1.ln                                  1.32
xa.x1.lp                                  1.32
xa.x1.lnb                          2.53056e-07
xa.x1.lpb                          2.40646e-07
xa.x1.na                                  1.32
doutb                              3.40144e-07
dout                                      1.32
xa.x1.nb                                  1.32
doutn                                        1
tcheck                                      27
pa_00                                  330.747
bpa_00#branch                                0
btchk#branch                                 0
bdoutn#branch                                0
bclk#branch                        7.69677e-10
ean#branch                         5.49991e-13
eap#branch                         6.92238e-13
vclku#branch                                 0
vd#branch                                    0
vcm#branch                         1.24223e-12
vsup#branch                       -2.00037e-05


No. of Data Rows : 12237

  Measurements for Transient Analysis

dlev0               =  -1.32014e-06
dlev1               =  -3.95593e-06
dlev2               =  -2.80517e-07
dlev3               =  -3.16001e-06
dlev4               =  -4.15517e-06
dlev5               =  -2.68762e-06
dlev6               =  9.16027e-07
dlev7               =  -1.32317e-06
dlev8               =  -3.09030e-06
dlev9               =  -4.27829e-06
dlev10              =  -3.72276e-06
dlev11              =  -4.55353e-06
dlev12              =  -3.06019e-06
dlev13              =  1.16172e-06
dlev14              =  -3.87385e-06
dlev15              =  -4.37411e-06
dlev16              =  -4.41406e-06
dlev17              =  -4.49945e-06
dlev18              =  9.99999e-01
dlev19              =  9.99998e-01
dlev20              =  1.00000e+00
dlev21              =  9.99998e-01
dlev22              =  1.00000e+00
dlev23              =  1.00000e+00
dlev24              =  9.99999e-01
dlev25              =  9.99998e-01
dlev26              =  9.99998e-01
dlev27              =  9.99998e-01
dlev28              =  9.99998e-01
dlev29              =  9.99998e-01
dlev30              =  9.99999e-01
dlev31              =  9.99999e-01
dlev32              =  1.00000e+00
vdd_meas            =  1.32000e+00
temp_meas           =  2.70000e+01
vbias_mv            =  3.30747e+02
lowcount            =  1.80001e+01
vos_mv              =  4.50021e+00

ngspice-46 done
