
Note: No compatibility mode selected!


Circuit: * klt sim -- generated corner deck, do not edit

Doing analysis at TEMP = -40.000000 and TNOM = 27.000000

Using SPARSE 1.3 as Direct Linear Solver

Initial Transient Solution
--------------------------

Node                                   Voltage
----                                   -------
vdd                                       1.32
cm                                         0.6
vd                                      -0.048
ap                                       0.576
an                                       0.624
clku                                         0
clk                                          0
ibn                                   0.303302
xa.x1.tmid                         2.32798e-07
xa.x1.tail                            0.565898
xa.x1.np                                  1.32
xa.x1.nn                                  1.32
xa.x1.ln                                  1.32
xa.x1.lp                                  1.32
xa.x1.lnb                          1.27209e-07
xa.x1.lpb                           1.2785e-07
xa.x1.na                               1.29287
doutb                                 0.687595
dout                                  0.686408
xa.x1.nb                               1.29357
doutn                                 0.520006
tcheck                                     -40
pa_00                                  303.302
bpa_00#branch                                0
btchk#branch                                 0
bdoutn#branch                                0
bclk#branch                        8.82714e-10
ean#branch                         3.44702e-12
eap#branch                         4.27275e-12
vclku#branch                                 0
vd#branch                                    0
vcm#branch                         7.71977e-12
vsup#branch                       -0.000178099


No. of Data Rows : 12414

  Measurements for Transient Analysis

dlev0               =  3.86055e-06
dlev1               =  -4.96772e-06
dlev2               =  -4.94463e-06
dlev3               =  -2.08892e-06
dlev4               =  -2.72069e-06
dlev5               =  1.82399e-06
dlev6               =  1.92879e-06
dlev7               =  2.19058e-06
dlev8               =  -4.34340e-06
dlev9               =  1.90230e-06
dlev10              =  1.98325e-06
dlev11              =  2.07410e-06
dlev12              =  2.22925e-06
dlev13              =  -2.55182e-06
dlev14              =  2.54742e-06
dlev15              =  2.39038e-06
dlev16              =  1.00000e+00
dlev17              =  1.00000e+00
dlev18              =  1.00000e+00
dlev19              =  1.00000e+00
dlev20              =  1.00000e+00
dlev21              =  1.00000e+00
dlev22              =  1.00000e+00
dlev23              =  1.00000e+00
dlev24              =  1.00000e+00
dlev25              =  1.00000e+00
dlev26              =  1.00000e+00
dlev27              =  1.00000e+00
dlev28              =  1.00000e+00
dlev29              =  9.99997e-01
dlev30              =  9.99998e-01
dlev31              =  9.99999e-01
dlev32              =  9.99998e-01
vdd_meas            =  1.32000e+00
temp_meas           =  -4.00000e+01
vbias_mv            =  3.03302e+02
lowcount            =  1.60000e+01
vos_mv              =  -1.50002e+00

ngspice-46 done
