
Note: No compatibility mode selected!


Circuit: * klt sim -- generated corner deck, do not edit

Doing analysis at TEMP = -40.000000 and TNOM = 27.000000

Using SPARSE 1.3 as Direct Linear Solver

Initial Transient Solution
--------------------------

Node                                   Voltage
----                                   -------
vdd                                       1.32
cm                                        0.55
vd                                      -0.048
ap                                       0.526
an                                       0.574
clku                                         0
clk                                          0
ibn                                   0.302439
xa.x1.tmid                         2.05164e-07
xa.x1.tail                            0.525268
xa.x1.np                                  1.32
xa.x1.nn                                  1.32
xa.x1.ln                                  1.32
xa.x1.lp                                  1.32
xa.x1.lnb                          1.26253e-07
xa.x1.lpb                          1.31225e-07
xa.x1.na                                  1.32
doutb                              1.33983e-07
dout                                      1.32
xa.x1.nb                                  1.32
doutn                                        1
tcheck                                     -40
pa_00                                  302.439
bpa_00#branch                                0
btchk#branch                                 0
bdoutn#branch                                0
bclk#branch                        8.89896e-10
ean#branch                         4.29934e-12
eap#branch                         5.29485e-12
vclku#branch                                 0
vd#branch                                    0
vcm#branch                         9.59419e-12
vsup#branch                       -2.00029e-05


No. of Data Rows : 12469

  Measurements for Transient Analysis

dlev0               =  1.79538e-06
dlev1               =  -3.66646e-06
dlev2               =  -3.17212e-06
dlev3               =  1.76014e-06
dlev4               =  1.83161e-06
dlev5               =  2.83107e-06
dlev6               =  2.24218e-06
dlev7               =  2.85946e-06
dlev8               =  4.14029e-06
dlev9               =  4.18896e-06
dlev10              =  4.56888e-06
dlev11              =  3.82013e-06
dlev12              =  4.07776e-06
dlev13              =  4.65334e-06
dlev14              =  5.54759e-06
dlev15              =  4.72939e-06
dlev16              =  5.89388e-06
dlev17              =  1.00000e+00
dlev18              =  1.00000e+00
dlev19              =  1.00000e+00
dlev20              =  1.00000e+00
dlev21              =  9.99998e-01
dlev22              =  9.99998e-01
dlev23              =  1.00000e+00
dlev24              =  1.00000e+00
dlev25              =  1.00000e+00
dlev26              =  1.00000e+00
dlev27              =  1.00000e+00
dlev28              =  9.99999e-01
dlev29              =  9.99999e-01
dlev30              =  9.99998e-01
dlev31              =  9.99998e-01
dlev32              =  1.00000e+00
vdd_meas            =  1.32000e+00
temp_meas           =  -4.00000e+01
vbias_mv            =  3.02439e+02
lowcount            =  1.70000e+01
vos_mv              =  1.49985e+00
vcm_meas            =  5.50000e-01

ngspice-46 done
