
Note: No compatibility mode selected!


Circuit: * klt sim -- generated corner deck, do not edit

Doing analysis at TEMP = -40.000000 and TNOM = 27.000000

Using SPARSE 1.3 as Direct Linear Solver
Note: Starting dynamic gmin stepping
Note: Dynamic gmin stepping completed

Initial Transient Solution
--------------------------

Node                                   Voltage
----                                   -------
vdd                                       1.08
cm                                         0.6
vd                                      -0.048
ap                                       0.576
an                                       0.624
clku                                         0
clk                                          0
ibn                                   0.390462
xa.x1.tmid                         1.44036e-09
xa.x1.tail                            0.590863
xa.x1.np                                  1.08
xa.x1.nn                                  1.08
xa.x1.ln                                  1.08
xa.x1.lp                                  1.08
xa.x1.lnb                          6.34403e-09
xa.x1.lpb                          6.55649e-09
xa.x1.na                               1.07782
doutb                                  0.54929
dout                                  0.547759
xa.x1.nb                               1.07787
doutn                                 0.507184
tcheck                                     -40
pa_00                                  390.462
bpa_00#branch                                0
btchk#branch                                 0
bdoutn#branch                                0
bclk#branch                         4.4761e-11
ean#branch                         5.30131e-14
eap#branch                         7.10265e-14
vclku#branch                                 0
vd#branch                                    0
vcm#branch                          1.2404e-13
vsup#branch                       -2.68594e-05


No. of Data Rows : 12163

  Measurements for Transient Analysis

dlev0               =  -1.11045e-05
dlev1               =  -9.58891e-06
dlev2               =  -9.30201e-06
dlev3               =  -3.69593e-06
dlev4               =  -4.02495e-06
dlev5               =  -7.40637e-06
dlev6               =  -6.48527e-06
dlev7               =  -1.43854e-06
dlev8               =  -3.08282e-06
dlev9               =  -3.45690e-06
dlev10              =  -7.74626e-06
dlev11              =  -1.22865e-05
dlev12              =  -1.12347e-05
dlev13              =  -5.58932e-06
dlev14              =  -6.39851e-06
dlev15              =  -2.30427e-06
dlev16              =  -1.08643e-05
dlev17              =  1.00000e+00
dlev18              =  9.99996e-01
dlev19              =  9.99996e-01
dlev20              =  9.99995e-01
dlev21              =  9.99998e-01
dlev22              =  9.99998e-01
dlev23              =  1.00000e+00
dlev24              =  9.99999e-01
dlev25              =  1.00000e+00
dlev26              =  1.00000e+00
dlev27              =  9.99998e-01
dlev28              =  9.99998e-01
dlev29              =  9.99998e-01
dlev30              =  9.99998e-01
dlev31              =  9.99998e-01
dlev32              =  9.99996e-01
vdd_meas            =  1.08000e+00
temp_meas           =  -4.00000e+01
vbias_mv            =  3.90462e+02
lowcount            =  1.70001e+01
vos_mv              =  1.50044e+00
vcm_meas            =  6.00000e-01

ngspice-46 done
