
Note: No compatibility mode selected!


Circuit: * klt sim -- generated corner deck, do not edit

Doing analysis at TEMP = -40.000000 and TNOM = 27.000000

Using SPARSE 1.3 as Direct Linear Solver
Note: Starting dynamic gmin stepping
Note: Dynamic gmin stepping completed

Initial Transient Solution
--------------------------

Node                                   Voltage
----                                   -------
vdd                                       1.32
cm                                         0.6
vd                                      -0.048
ap                                       0.576
an                                       0.624
clku                                         0
clk                                          0
ibn                                   0.389954
xa.x1.tmid                         1.44177e-09
xa.x1.tail                            0.546273
xa.x1.np                                  1.32
xa.x1.nn                                  1.32
xa.x1.ln                                  1.32
xa.x1.lp                                  1.32
xa.x1.lnb                          1.01594e-08
xa.x1.lpb                          1.04913e-08
xa.x1.na                               1.30731
doutb                                 0.672234
dout                                  0.672219
xa.x1.nb                                1.3073
doutn                                 0.509257
tcheck                                     -40
pa_00                                  389.954
bpa_00#branch                                0
btchk#branch                                 0
bdoutn#branch                                0
bclk#branch                        9.09673e-11
ean#branch                         1.30576e-13
eap#branch                         1.65382e-13
vclku#branch                                 0
vd#branch                                    0
vcm#branch                         2.95958e-13
vsup#branch                       -7.34852e-05


No. of Data Rows : 12286

  Measurements for Transient Analysis

dlev0               =  -1.30604e-05
dlev1               =  -1.37124e-06
dlev2               =  -2.12924e-06
dlev3               =  -1.21588e-06
dlev4               =  6.08329e-08
dlev5               =  1.14790e-05
dlev6               =  1.03775e-05
dlev7               =  1.10588e-05
dlev8               =  -3.52302e-07
dlev9               =  1.01307e-05
dlev10              =  -2.12908e-06
dlev11              =  9.96773e-06
dlev12              =  1.02196e-05
dlev13              =  1.00579e-05
dlev14              =  1.10088e-05
dlev15              =  -2.40774e-06
dlev16              =  1.03164e-05
dlev17              =  1.08656e-05
dlev18              =  -3.46792e-06
dlev19              =  9.99997e-01
dlev20              =  1.00001e+00
dlev21              =  1.00000e+00
dlev22              =  1.00000e+00
dlev23              =  1.00000e+00
dlev24              =  1.00000e+00
dlev25              =  1.00001e+00
dlev26              =  1.00000e+00
dlev27              =  1.00001e+00
dlev28              =  1.00000e+00
dlev29              =  1.00000e+00
dlev30              =  1.00000e+00
dlev31              =  1.00000e+00
dlev32              =  1.00000e+00
vdd_meas            =  1.32000e+00
temp_meas           =  -4.00000e+01
vbias_mv            =  3.89954e+02
lowcount            =  1.89999e+01
vos_mv              =  7.49966e+00

ngspice-46 done
