
Note: No compatibility mode selected!


Circuit: * klt sim -- generated corner deck, do not edit

Doing analysis at TEMP = 27.000000 and TNOM = 27.000000

Using SPARSE 1.3 as Direct Linear Solver

Initial Transient Solution
--------------------------

Node                                   Voltage
----                                   -------
vdd                                       1.32
cm                                         0.6
vd                                      -0.048
ap                                       0.576
an                                       0.624
clku                                         0
clk                                          0
ibn                                   0.333452
xa.x1.tmid                         3.41407e-07
xa.x1.tail                            0.541111
xa.x1.np                                  1.32
xa.x1.nn                                  1.32
xa.x1.ln                                  1.32
xa.x1.lp                                  1.32
xa.x1.lnb                          2.17591e-07
xa.x1.lpb                          2.21504e-07
xa.x1.na                               1.29456
doutb                                 0.696742
dout                                  0.705443
xa.x1.nb                               1.29318
doutn                                 0.534427
tcheck                                      27
pa_00                                  333.452
bpa_00#branch                                0
btchk#branch                                 0
bdoutn#branch                                0
bclk#branch                        7.63477e-10
ean#branch                         5.49116e-13
eap#branch                         6.92918e-13
vclku#branch                                 0
vd#branch                                    0
vcm#branch                         1.24203e-12
vsup#branch                       -0.000148355


No. of Data Rows : 12278

  Measurements for Transient Analysis

dlev0               =  -2.96383e-06
dlev1               =  -3.56493e-06
dlev2               =  -3.61101e-06
dlev3               =  -3.42493e-06
dlev4               =  -3.20319e-06
dlev5               =  -5.46202e-06
dlev6               =  -5.01060e-06
dlev7               =  -4.15221e-06
dlev8               =  1.08274e-06
dlev9               =  -3.98526e-06
dlev10              =  -2.00105e-06
dlev11              =  -1.48674e-06
dlev12              =  -4.30155e-06
dlev13              =  -3.57573e-06
dlev14              =  -3.53848e-06
dlev15              =  -2.32432e-06
dlev16              =  -4.19755e-06
dlev17              =  1.00000e+00
dlev18              =  1.00000e+00
dlev19              =  1.00000e+00
dlev20              =  1.00000e+00
dlev21              =  9.99999e-01
dlev22              =  9.99998e-01
dlev23              =  9.99999e-01
dlev24              =  9.99998e-01
dlev25              =  1.00000e+00
dlev26              =  1.00000e+00
dlev27              =  9.99998e-01
dlev28              =  1.00000e+00
dlev29              =  9.99998e-01
dlev30              =  1.00000e+00
dlev31              =  9.99998e-01
dlev32              =  1.00000e+00
vdd_meas            =  1.32000e+00
temp_meas           =  2.70000e+01
vbias_mv            =  3.33452e+02
lowcount            =  1.70001e+01
vos_mv              =  1.50019e+00

ngspice-46 done
