
Note: No compatibility mode selected!


Circuit: * klt sim -- generated corner deck, do not edit

Doing analysis at TEMP = 125.000000 and TNOM = 27.000000

Using SPARSE 1.3 as Direct Linear Solver

Initial Transient Solution
--------------------------

Node                                   Voltage
----                                   -------
vdd                                       1.08
cm                                         0.6
vd                                      -0.048
ap                                       0.576
an                                       0.624
clku                                         0
clk                                          0
ibn                                   0.252493
xa.x1.tmid                         8.64165e-05
xa.x1.tail                            0.575747
xa.x1.np                               1.07997
xa.x1.nn                               1.07991
xa.x1.ln                                  1.08
xa.x1.lp                                  1.08
xa.x1.lnb                          4.49715e-06
xa.x1.lpb                           3.7842e-06
xa.x1.na                               1.06104
doutb                                 0.558804
dout                                  0.572458
xa.x1.nb                               1.05819
doutn                                 0.530054
tcheck                                     125
pa_00                                  252.493
bpa_00#branch                                0
btchk#branch                                 0
bdoutn#branch                                0
bclk#branch                        3.36432e-10
ean#branch                         1.08624e-12
eap#branch                         1.44065e-12
vclku#branch                                 0
vd#branch                                    0
vcm#branch                          2.5269e-12
vsup#branch                       -8.50421e-05


No. of Data Rows : 12118

  Measurements for Transient Analysis

dlev0               =  5.63385e-06
dlev1               =  5.48787e-06
dlev2               =  5.23843e-06
dlev3               =  5.96189e-06
dlev4               =  5.82867e-06
dlev5               =  5.88343e-06
dlev6               =  5.79764e-06
dlev7               =  5.75191e-06
dlev8               =  5.69775e-06
dlev9               =  5.95056e-06
dlev10              =  5.49409e-06
dlev11              =  5.84829e-06
dlev12              =  5.53684e-06
dlev13              =  7.75187e-06
dlev14              =  6.16112e-06
dlev15              =  7.28143e-06
dlev16              =  6.23406e-06
dlev17              =  9.99994e-01
dlev18              =  9.99994e-01
dlev19              =  9.99994e-01
dlev20              =  9.99994e-01
dlev21              =  9.99994e-01
dlev22              =  9.99994e-01
dlev23              =  9.99994e-01
dlev24              =  9.99994e-01
dlev25              =  9.99994e-01
dlev26              =  9.99994e-01
dlev27              =  9.99993e-01
dlev28              =  9.99994e-01
dlev29              =  9.99993e-01
dlev30              =  9.99994e-01
dlev31              =  9.99994e-01
dlev32              =  9.99994e-01
vdd_meas            =  1.08000e+00
temp_meas           =  1.25000e+02
vbias_mv            =  2.52493e+02
lowcount            =  1.70000e+01
vos_mv              =  1.50000e+00

ngspice-46 done
