
Note: No compatibility mode selected!


Circuit: * klt sim -- generated corner deck, do not edit

Doing analysis at TEMP = 27.000000 and TNOM = 27.000000

Using SPARSE 1.3 as Direct Linear Solver

Initial Transient Solution
--------------------------

Node                                   Voltage
----                                   -------
vdd                                       1.08
cm                                        0.55
vd                                      -0.048
ap                                       0.526
an                                       0.574
clku                                         0
clk                                          0
ibn                                   0.308928
xa.x1.tmid                         1.19429e-06
xa.x1.tail                            0.534921
xa.x1.np                                  1.08
xa.x1.nn                                  1.08
xa.x1.ln                                  1.08
xa.x1.lp                                  1.08
xa.x1.lnb                          8.74984e-08
xa.x1.lpb                          1.08291e-07
xa.x1.na                               1.06952
doutb                                 0.560765
dout                                  0.561409
xa.x1.nb                               1.06969
doutn                                 0.519823
tcheck                                      27
pa_00                                  308.928
bpa_00#branch                                0
btchk#branch                                 0
bdoutn#branch                                0
bclk#branch                         2.1547e-10
ean#branch                         6.46094e-13
eap#branch                         8.41438e-13
vclku#branch                                 0
vd#branch                                    0
vcm#branch                         1.48753e-12
vsup#branch                       -5.56087e-05


No. of Data Rows : 12182

  Measurements for Transient Analysis

dlev0               =  -8.32614e-07
dlev1               =  -2.18765e-06
dlev2               =  3.92644e-06
dlev3               =  -1.03623e-06
dlev4               =  1.16420e-07
dlev5               =  -3.55412e-07
dlev6               =  -8.77543e-07
dlev7               =  4.92895e-07
dlev8               =  -4.76391e-07
dlev9               =  -5.80906e-08
dlev10              =  -6.77873e-07
dlev11              =  -3.05876e-07
dlev12              =  8.42443e-07
dlev13              =  3.60416e-06
dlev14              =  -4.17876e-07
dlev15              =  -6.52746e-08
dlev16              =  -4.16559e-07
dlev17              =  9.99998e-01
dlev18              =  9.99999e-01
dlev19              =  1.00000e+00
dlev20              =  1.00000e+00
dlev21              =  9.99999e-01
dlev22              =  1.00000e+00
dlev23              =  9.99999e-01
dlev24              =  9.99999e-01
dlev25              =  9.99999e-01
dlev26              =  1.00000e+00
dlev27              =  1.00000e+00
dlev28              =  9.99999e-01
dlev29              =  1.00000e+00
dlev30              =  9.99998e-01
dlev31              =  9.99998e-01
dlev32              =  9.99998e-01
vdd_meas            =  1.08000e+00
temp_meas           =  2.70000e+01
vbias_mv            =  3.08928e+02
lowcount            =  1.70000e+01
vos_mv              =  1.50004e+00
vcm_meas            =  5.50000e-01

ngspice-46 done
