
Note: No compatibility mode selected!


Circuit: * klt sim -- generated corner deck, do not edit

Doing analysis at TEMP = 27.000000 and TNOM = 27.000000

Using SPARSE 1.3 as Direct Linear Solver

Initial Transient Solution
--------------------------

Node                                   Voltage
----                                   -------
vdd                                       1.08
cm                                         0.6
vd                                      -0.048
ap                                       0.576
an                                       0.624
clku                                         0
clk                                          0
ibn                                   0.358799
xa.x1.tmid                         9.39091e-08
xa.x1.tail                            0.595008
xa.x1.np                                  1.08
xa.x1.nn                                  1.08
xa.x1.ln                                  1.08
xa.x1.lp                                  1.08
xa.x1.lnb                          1.38491e-08
xa.x1.lpb                          1.38557e-08
xa.x1.na                                  1.08
doutb                                1.541e-08
dout                                      1.08
xa.x1.nb                                  1.08
doutn                                        1
tcheck                                      27
pa_00                                  358.799
bpa_00#branch                                0
btchk#branch                                 0
bdoutn#branch                                0
bclk#branch                        6.57654e-11
ean#branch                         1.09662e-13
eap#branch                         1.46716e-13
vclku#branch                                 0
vd#branch                                    0
vcm#branch                         2.56378e-13
vsup#branch                       -2.00004e-05


No. of Data Rows : 12123

  Measurements for Transient Analysis

dlev0               =  -2.50240e-06
dlev1               =  -3.02244e-06
dlev2               =  -1.36340e-06
dlev3               =  1.56698e-07
dlev4               =  3.95285e-07
dlev5               =  9.58199e-07
dlev6               =  -4.65133e-06
dlev7               =  -4.58420e-06
dlev8               =  -9.37394e-07
dlev9               =  -4.74160e-07
dlev10              =  -6.16305e-06
dlev11              =  -6.92224e-07
dlev12              =  9.89442e-07
dlev13              =  -7.33630e-06
dlev14              =  -7.03238e-06
dlev15              =  9.99999e-01
dlev16              =  1.00000e+00
dlev17              =  9.99999e-01
dlev18              =  9.99998e-01
dlev19              =  9.99998e-01
dlev20              =  1.00000e+00
dlev21              =  9.99998e-01
dlev22              =  9.99998e-01
dlev23              =  9.99998e-01
dlev24              =  1.00000e+00
dlev25              =  1.00000e+00
dlev26              =  1.00000e+00
dlev27              =  1.00000e+00
dlev28              =  9.99999e-01
dlev29              =  9.99999e-01
dlev30              =  9.99999e-01
dlev31              =  9.99999e-01
dlev32              =  9.99999e-01
vdd_meas            =  1.08000e+00
temp_meas           =  2.70000e+01
vbias_mv            =  3.58799e+02
lowcount            =  1.50000e+01
vos_mv              =  -4.49986e+00

ngspice-46 done
