
Note: No compatibility mode selected!


Circuit: * klt sim -- generated corner deck, do not edit

Doing analysis at TEMP = 125.000000 and TNOM = 27.000000

Using SPARSE 1.3 as Direct Linear Solver

Initial Transient Solution
--------------------------

Node                                   Voltage
----                                   -------
vdd                                       1.32
cm                                         0.6
vd                                      -0.048
ap                                       0.576
an                                       0.624
clku                                         0
clk                                          0
ibn                                   0.272359
xa.x1.tmid                          3.3568e-05
xa.x1.tail                            0.594894
xa.x1.np                               1.31999
xa.x1.nn                               1.31997
xa.x1.ln                                  1.32
xa.x1.lp                                  1.32
xa.x1.lnb                          8.75004e-06
xa.x1.lpb                          7.90725e-06
xa.x1.na                               1.28227
doutb                                 0.711877
dout                                  0.706239
xa.x1.nb                               1.28144
doutn                                  0.53503
tcheck                                     125
pa_00                                  272.359
bpa_00#branch                                0
btchk#branch                                 0
bdoutn#branch                                0
bclk#branch                        1.21093e-09
ean#branch                            1.84e-12
eap#branch                         2.31237e-12
vclku#branch                                 0
vd#branch                                    0
vcm#branch                         4.15237e-12
vsup#branch                       -0.000185527


No. of Data Rows : 12235

  Measurements for Transient Analysis

dlev0               =  5.15014e-06
dlev1               =  1.02613e-05
dlev2               =  9.41287e-06
dlev3               =  5.07447e-06
dlev4               =  2.40476e-06
dlev5               =  7.01763e-06
dlev6               =  1.09881e-05
dlev7               =  4.18515e-06
dlev8               =  4.53386e-06
dlev9               =  7.58126e-06
dlev10              =  1.01163e-05
dlev11              =  8.53082e-06
dlev12              =  7.63478e-06
dlev13              =  3.06512e-06
dlev14              =  8.79745e-06
dlev15              =  7.87854e-06
dlev16              =  5.64005e-06
dlev17              =  9.99996e-01
dlev18              =  9.99996e-01
dlev19              =  9.99997e-01
dlev20              =  9.99999e-01
dlev21              =  9.99999e-01
dlev22              =  9.99998e-01
dlev23              =  9.99999e-01
dlev24              =  9.99998e-01
dlev25              =  9.99998e-01
dlev26              =  9.99997e-01
dlev27              =  9.99996e-01
dlev28              =  9.99996e-01
dlev29              =  9.99996e-01
dlev30              =  9.99996e-01
dlev31              =  9.99997e-01
dlev32              =  9.99997e-01
vdd_meas            =  1.32000e+00
temp_meas           =  1.25000e+02
vbias_mv            =  2.72359e+02
lowcount            =  1.69999e+01
vos_mv              =  1.49977e+00

ngspice-46 done
