
Note: No compatibility mode selected!


Circuit: * klt sim -- generated corner deck, do not edit

Doing analysis at TEMP = 125.000000 and TNOM = 27.000000

Using SPARSE 1.3 as Direct Linear Solver

Initial Transient Solution
--------------------------

Node                                   Voltage
----                                   -------
vdd                                        1.2
cm                                        0.55
vd                                      -0.048
ap                                       0.526
an                                       0.574
clku                                         0
clk                                          0
ibn                                   0.298921
xa.x1.tmid                         1.44132e-05
xa.x1.tail                            0.552712
xa.x1.np                                   1.2
xa.x1.nn                               1.19998
xa.x1.ln                                   1.2
xa.x1.lp                                   1.2
xa.x1.lnb                          7.00144e-07
xa.x1.lpb                          7.81342e-07
xa.x1.na                                   1.2
doutb                                      1.2
dout                               9.81803e-07
xa.x1.nb                                   1.2
doutn                              8.18169e-07
tcheck                                     125
pa_00                                  298.921
bpa_00#branch                                0
btchk#branch                                 0
bdoutn#branch                                0
bclk#branch                        1.47279e-10
ean#branch                         6.31495e-13
eap#branch                         8.07687e-13
vclku#branch                                 0
vd#branch                                    0
vcm#branch                         1.43918e-12
vsup#branch                       -2.00294e-05


No. of Data Rows : 12084

  Measurements for Transient Analysis

dlev0               =  1.59404e-06
dlev1               =  -9.74926e-08
dlev2               =  -3.01956e-08
dlev3               =  4.26994e-08
dlev4               =  2.02452e-06
dlev5               =  1.85295e-07
dlev6               =  9.33072e-07
dlev7               =  1.51175e-07
dlev8               =  4.70827e-07
dlev9               =  7.02772e-07
dlev10              =  3.10718e-07
dlev11              =  2.63028e-06
dlev12              =  1.43424e-06
dlev13              =  1.33147e-06
dlev14              =  2.84348e-06
dlev15              =  2.32035e-06
dlev16              =  1.00000e+00
dlev17              =  9.99999e-01
dlev18              =  9.99999e-01
dlev19              =  9.99999e-01
dlev20              =  9.99999e-01
dlev21              =  9.99999e-01
dlev22              =  9.99999e-01
dlev23              =  9.99999e-01
dlev24              =  9.99998e-01
dlev25              =  9.99998e-01
dlev26              =  9.99999e-01
dlev27              =  9.99998e-01
dlev28              =  9.99998e-01
dlev29              =  9.99998e-01
dlev30              =  9.99998e-01
dlev31              =  9.99998e-01
dlev32              =  9.99998e-01
vdd_meas            =  1.20000e+00
temp_meas           =  1.25000e+02
vbias_mv            =  2.98921e+02
lowcount            =  1.60000e+01
vos_mv              =  -1.49998e+00
vcm_meas            =  5.50000e-01

ngspice-46 done
