
Note: No compatibility mode selected!


Circuit: * klt sim -- generated corner deck, do not edit

Doing analysis at TEMP = 125.000000 and TNOM = 27.000000

Using SPARSE 1.3 as Direct Linear Solver

Initial Transient Solution
--------------------------

Node                                   Voltage
----                                   -------
vdd                                       1.32
cm                                        0.55
vd                                      -0.048
ap                                       0.526
an                                       0.574
clku                                         0
clk                                          0
ibn                                   0.274578
xa.x1.tmid                          3.2167e-05
xa.x1.tail                            0.553131
xa.x1.np                               1.31999
xa.x1.nn                               1.31998
xa.x1.ln                                  1.32
xa.x1.lp                                  1.32
xa.x1.lnb                           9.8338e-06
xa.x1.lpb                          7.93731e-06
xa.x1.na                               1.28103
doutb                                 0.700597
dout                                  0.708595
xa.x1.nb                               1.28179
doutn                                 0.536814
tcheck                                     125
pa_00                                  274.578
bpa_00#branch                                0
btchk#branch                                 0
bdoutn#branch                                0
bclk#branch                        1.19639e-09
ean#branch                         2.33044e-12
eap#branch                         2.91103e-12
vclku#branch                                 0
vd#branch                                    0
vcm#branch                         5.24147e-12
vsup#branch                       -0.000189818


No. of Data Rows : 12252

  Measurements for Transient Analysis

dlev0               =  4.34072e-06
dlev1               =  3.71873e-06
dlev2               =  3.68416e-06
dlev3               =  2.87220e-06
dlev4               =  1.68997e-06
dlev5               =  1.18911e-06
dlev6               =  2.26579e-06
dlev7               =  8.15938e-06
dlev8               =  1.00481e-05
dlev9               =  1.69481e-06
dlev10              =  1.60662e-06
dlev11              =  5.41417e-06
dlev12              =  9.78355e-07
dlev13              =  9.11158e-06
dlev14              =  6.23282e-06
dlev15              =  1.77081e-06
dlev16              =  7.39704e-06
dlev17              =  9.99997e-01
dlev18              =  9.99996e-01
dlev19              =  9.99996e-01
dlev20              =  9.99996e-01
dlev21              =  9.99998e-01
dlev22              =  9.99996e-01
dlev23              =  9.99996e-01
dlev24              =  9.99997e-01
dlev25              =  9.99996e-01
dlev26              =  9.99997e-01
dlev27              =  9.99997e-01
dlev28              =  9.99997e-01
dlev29              =  9.99997e-01
dlev30              =  9.99997e-01
dlev31              =  9.99997e-01
dlev32              =  9.99997e-01
vdd_meas            =  1.32000e+00
temp_meas           =  1.25000e+02
vbias_mv            =  2.74578e+02
lowcount            =  1.70000e+01
vos_mv              =  1.49994e+00
vcm_meas            =  5.50000e-01

ngspice-46 done
