
Note: No compatibility mode selected!


Circuit: * klt sim -- generated corner deck, do not edit

Doing analysis at TEMP = 27.000000 and TNOM = 27.000000

Using SPARSE 1.3 as Direct Linear Solver

Initial Transient Solution
--------------------------

Node                                   Voltage
----                                   -------
vdd                                        1.2
cm                                        0.55
vd                                      -0.048
ap                                       0.526
an                                       0.574
clku                                         0
clk                                          0
ibn                                   0.286508
xa.x1.tmid                          2.9813e-06
xa.x1.tail                            0.533561
xa.x1.np                                   1.2
xa.x1.nn                                   1.2
xa.x1.ln                                   1.2
xa.x1.lp                                   1.2
xa.x1.lnb                          5.38901e-08
xa.x1.lpb                          5.26716e-08
xa.x1.na                                   1.2
doutb                              5.67877e-08
dout                                       1.2
xa.x1.nb                                   1.2
doutn                                        1
tcheck                                      27
pa_00                                  286.508
bpa_00#branch                                0
btchk#branch                                 0
bdoutn#branch                                0
bclk#branch                        1.77214e-10
ean#branch                         2.49367e-12
eap#branch                         3.14346e-12
vclku#branch                                 0
vd#branch                                    0
vcm#branch                         5.63713e-12
vsup#branch                       -2.00078e-05


No. of Data Rows : 12278

  Measurements for Transient Analysis

dlev0               =  -5.67262e-06
dlev1               =  9.48874e-07
dlev2               =  1.63063e-06
dlev3               =  2.05127e-06
dlev4               =  3.95757e-06
dlev5               =  2.48053e-06
dlev6               =  2.30801e-06
dlev7               =  -9.38313e-08
dlev8               =  2.13062e-06
dlev9               =  2.87324e-06
dlev10              =  3.44482e-06
dlev11              =  3.57502e-06
dlev12              =  2.87718e-06
dlev13              =  8.31652e-07
dlev14              =  1.48987e-06
dlev15              =  -3.58250e-07
dlev16              =  9.99997e-01
dlev17              =  9.99999e-01
dlev18              =  1.00000e+00
dlev19              =  9.99999e-01
dlev20              =  9.99999e-01
dlev21              =  9.99999e-01
dlev22              =  1.00000e+00
dlev23              =  1.00000e+00
dlev24              =  1.00000e+00
dlev25              =  1.00000e+00
dlev26              =  1.00000e+00
dlev27              =  1.00000e+00
dlev28              =  1.00000e+00
dlev29              =  1.00000e+00
dlev30              =  1.00000e+00
dlev31              =  9.99999e-01
dlev32              =  9.99999e-01
vdd_meas            =  1.20000e+00
temp_meas           =  2.70000e+01
vbias_mv            =  2.86508e+02
lowcount            =  1.60000e+01
vos_mv              =  -1.50007e+00
vcm_meas            =  5.50000e-01

ngspice-46 done
