
Note: No compatibility mode selected!


Circuit: * klt sim -- generated corner deck, do not edit

Doing analysis at TEMP = -40.000000 and TNOM = 27.000000

Using SPARSE 1.3 as Direct Linear Solver
Note: Starting dynamic gmin stepping
Note: Dynamic gmin stepping completed

Initial Transient Solution
--------------------------

Node                                   Voltage
----                                   -------
vdd                                       1.32
cm                                         0.6
vd                                      -0.048
ap                                       0.576
an                                       0.624
clku                                         0
clk                                          0
ibn                                   0.389509
xa.x1.tmid                         1.46207e-09
xa.x1.tail                            0.577458
xa.x1.np                                  1.32
xa.x1.nn                                  1.32
xa.x1.ln                                  1.32
xa.x1.lp                                  1.32
xa.x1.lnb                          1.01436e-08
xa.x1.lpb                          1.07024e-08
xa.x1.na                                  1.32
doutb                              1.03792e-08
dout                                      1.32
xa.x1.nb                                  1.32
doutn                                        1
tcheck                                     -40
pa_00                                  389.509
bpa_00#branch                                0
btchk#branch                                 0
bdoutn#branch                                0
bclk#branch                        8.93807e-11
ean#branch                         1.30868e-13
eap#branch                         1.65548e-13
vclku#branch                                 0
vd#branch                                    0
vcm#branch                         2.96416e-13
vsup#branch                       -2.00002e-05


No. of Data Rows : 12313

  Measurements for Transient Analysis

dlev0               =  -4.60830e-06
dlev1               =  4.95999e-06
dlev2               =  -2.91068e-06
dlev3               =  5.44135e-06
dlev4               =  6.74588e-06
dlev5               =  1.00623e-05
dlev6               =  4.74962e-06
dlev7               =  4.33617e-06
dlev8               =  4.42497e-06
dlev9               =  3.86671e-06
dlev10              =  3.77067e-06
dlev11              =  3.74011e-06
dlev12              =  6.44674e-06
dlev13              =  6.19187e-06
dlev14              =  6.38864e-06
dlev15              =  3.87750e-06
dlev16              =  -3.79650e-07
dlev17              =  2.57195e-06
dlev18              =  1.00000e+00
dlev19              =  1.00000e+00
dlev20              =  1.00000e+00
dlev21              =  1.00000e+00
dlev22              =  1.00000e+00
dlev23              =  1.00000e+00
dlev24              =  1.00000e+00
dlev25              =  1.00000e+00
dlev26              =  1.00000e+00
dlev27              =  1.00000e+00
dlev28              =  1.00000e+00
dlev29              =  1.00000e+00
dlev30              =  1.00000e+00
dlev31              =  1.00000e+00
dlev32              =  1.00000e+00
vdd_meas            =  1.32000e+00
temp_meas           =  -4.00000e+01
vbias_mv            =  3.89509e+02
lowcount            =  1.79999e+01
vos_mv              =  4.49974e+00

ngspice-46 done
