
Note: No compatibility mode selected!


Circuit: * klt sim -- generated corner deck, do not edit

Doing analysis at TEMP = 27.000000 and TNOM = 27.000000

Using SPARSE 1.3 as Direct Linear Solver

Initial Transient Solution
--------------------------

Node                                   Voltage
----                                   -------
vdd                                       1.08
cm                                         0.6
vd0                                          0
ap0                                        0.6
an0                                        0.6
ibn0                                  0.321074
x0.x1.tmid                         1.34047e-07
x0.x1.tail                            0.588421
clk                                          0
x0.x1.np                                  1.08
x0.x1.nn                                  1.08
x0.x1.ln                                  1.08
x0.x1.lp                                  1.08
x0.x1.lnb                          1.39278e-08
x0.x1.lpb                          1.39278e-08
x0.x1.na                               1.07503
doutb0                                0.550763
dout0                                 0.550763
x0.x1.nb                               1.07503
vd1                                      0.001
ap1                                     0.6005
an1                                     0.5995
ibn1                                  0.321074
x1.x1.tmid                         1.34047e-07
x1.x1.tail                            0.588424
x1.x1.np                                  1.08
x1.x1.nn                                  1.08
x1.x1.ln                                  1.08
x1.x1.lp                                  1.08
x1.x1.lnb                          1.39278e-08
x1.x1.lpb                          1.39278e-08
x1.x1.na                               1.07503
doutb1                                0.550763
dout1                                 0.550763
x1.x1.nb                               1.07503
vd2                                     -0.001
ap2                                     0.5995
an2                                     0.6005
ibn2                                  0.321074
x2.x1.tmid                         1.34047e-07
x2.x1.tail                            0.588424
x2.x1.np                                  1.08
x2.x1.nn                                  1.08
x2.x1.ln                                  1.08
x2.x1.lp                                  1.08
x2.x1.lnb                          1.39278e-08
x2.x1.lpb                          1.39278e-08
x2.x1.na                               1.07503
doutb2                                0.550763
dout2                                 0.550763
x2.x1.nb                               1.07503
clku                                         0
dn0                                   0.509965
dn1                                   0.509965
dn2                                   0.509965
h0                                           1
h1                                           1
h2                                           1
tcheck                                      27
btchk#branch                                 0
bh2#branch                                   0
bh1#branch                                   0
bh0#branch                                   0
bd2#branch                                   0
bd1#branch                                   0
bd0#branch                                   0
bclk#branch                        1.96885e-10
ean2#branch                        1.26565e-13
eap2#branch                        1.27426e-13
ean1#branch                        1.27426e-13
eap1#branch                        1.26565e-13
ean0#branch                         1.2701e-13
eap0#branch                         1.2701e-13
vclku#branch                                 0
vd2#branch                                   0
vd1#branch                                   0
vd0#branch                                   0
vcm#branch                         7.62002e-13
vsup#branch                       -7.37971e-05


No. of Data Rows : 1345

  Measurements for Transient Analysis

vdd_meas            =  1.08000e+00
temp_meas           =  2.70000e+01
vn0_a               =  -1.17214e-03
vn0_b               =  -6.92088e-03
vn1_a               =  1.44634e-03
d_zero              =  9.99998e-01
d_plus              =  1.00000e+00
d_minus             =  9.99998e-01
res_zero            =  4.99998e-01
res_plus            =  5.00004e-01
res_minus           =  4.99998e-01
hit_zero            =  1.00000e+00
hit_plus            =  1.00000e+00
hit_minus           =  1.00000e+00

ngspice-46 done
