
Note: No compatibility mode selected!


Circuit: * klt sim -- generated corner deck, do not edit

Doing analysis at TEMP = 27.000000 and TNOM = 27.000000

Using SPARSE 1.3 as Direct Linear Solver

Initial Transient Solution
--------------------------

Node                                   Voltage
----                                   -------
vdd                                        1.2
cm                                        0.65
vd                                      -0.048
ap                                       0.626
an                                       0.674
clku                                         0
clk                                          0
ibn                                   0.285462
xa.x1.tmid                         3.33305e-06
xa.x1.tail                            0.618374
xa.x1.np                                   1.2
xa.x1.nn                                   1.2
xa.x1.ln                                   1.2
xa.x1.lp                                   1.2
xa.x1.lnb                          5.10002e-08
xa.x1.lpb                          6.00725e-08
xa.x1.na                                   1.2
doutb                              5.36392e-08
dout                                       1.2
xa.x1.nb                                   1.2
doutn                                        1
tcheck                                      27
pa_00                                  285.462
bpa_00#branch                                0
btchk#branch                                 0
bdoutn#branch                                0
bclk#branch                        1.79742e-10
ean#branch                         1.50091e-12
eap#branch                         1.93826e-12
vclku#branch                                 0
vd#branch                                    0
vcm#branch                         3.43917e-12
vsup#branch                       -2.00084e-05


No. of Data Rows : 12242

  Measurements for Transient Analysis

dlev0               =  -6.70578e-08
dlev1               =  -2.19260e-06
dlev2               =  -2.27954e-06
dlev3               =  -2.37250e-06
dlev4               =  -2.90958e-06
dlev5               =  -2.99842e-06
dlev6               =  -2.61451e-06
dlev7               =  -3.49945e-06
dlev8               =  1.83992e-07
dlev9               =  -3.14587e-06
dlev10              =  -3.47808e-06
dlev11              =  -1.99318e-06
dlev12              =  -3.66755e-06
dlev13              =  -3.56568e-06
dlev14              =  -3.82967e-06
dlev15              =  -3.05869e-06
dlev16              =  1.00000e+00
dlev17              =  9.99999e-01
dlev18              =  9.99999e-01
dlev19              =  9.99999e-01
dlev20              =  9.99999e-01
dlev21              =  1.00000e+00
dlev22              =  9.99999e-01
dlev23              =  9.99999e-01
dlev24              =  1.00000e+00
dlev25              =  1.00000e+00
dlev26              =  1.00000e+00
dlev27              =  9.99999e-01
dlev28              =  9.99999e-01
dlev29              =  1.00000e+00
dlev30              =  1.00000e+00
dlev31              =  1.00000e+00
dlev32              =  1.00000e+00
vdd_meas            =  1.20000e+00
temp_meas           =  2.70000e+01
vbias_mv            =  2.85462e+02
lowcount            =  1.60000e+01
vos_mv              =  -1.49986e+00
vcm_meas            =  6.50000e-01

ngspice-46 done
