
Note: No compatibility mode selected!


Circuit: * klt sim -- generated corner deck, do not edit

Doing analysis at TEMP = -40.000000 and TNOM = 27.000000

Using SPARSE 1.3 as Direct Linear Solver

Initial Transient Solution
--------------------------

Node                                   Voltage
----                                   -------
vdd                                       1.08
cm                                        0.65
vd                                      -0.048
ap                                       0.626
an                                       0.674
clku                                         0
clk                                          0
ibn                                   0.344697
xa.x1.tmid                         2.79541e-08
xa.x1.tail                            0.606957
xa.x1.np                                  1.08
xa.x1.nn                                  1.08
xa.x1.ln                                  1.08
xa.x1.lp                                  1.08
xa.x1.lnb                          2.15175e-08
xa.x1.lpb                          2.13218e-08
xa.x1.na                                  1.08
doutb                                     1.08
dout                               2.20925e-08
xa.x1.nb                                  1.08
doutn                               2.0456e-08
tcheck                                     -40
pa_00                                  344.697
bpa_00#branch                                0
btchk#branch                                 0
bdoutn#branch                                0
bclk#branch                        1.45166e-10
ean#branch                         1.72029e-13
eap#branch                         2.33896e-13
vclku#branch                                 0
vd#branch                                    0
vcm#branch                         4.05925e-13
vsup#branch                       -2.00004e-05


No. of Data Rows : 12135

  Measurements for Transient Analysis

dlev0               =  5.53503e-06
dlev1               =  5.91180e-06
dlev2               =  6.86132e-06
dlev3               =  6.61870e-06
dlev4               =  6.81095e-06
dlev5               =  7.09634e-06
dlev6               =  7.54067e-06
dlev7               =  7.35462e-06
dlev8               =  8.51869e-06
dlev9               =  8.97650e-06
dlev10              =  8.95576e-06
dlev11              =  9.66351e-06
dlev12              =  1.04334e-05
dlev13              =  5.29028e-06
dlev14              =  5.03476e-06
dlev15              =  1.19749e-05
dlev16              =  7.03442e-06
dlev17              =  1.00000e+00
dlev18              =  1.00000e+00
dlev19              =  1.00000e+00
dlev20              =  1.00000e+00
dlev21              =  1.00000e+00
dlev22              =  1.00000e+00
dlev23              =  1.00000e+00
dlev24              =  1.00000e+00
dlev25              =  1.00000e+00
dlev26              =  1.00000e+00
dlev27              =  1.00000e+00
dlev28              =  1.00000e+00
dlev29              =  1.00000e+00
dlev30              =  1.00000e+00
dlev31              =  1.00000e+00
dlev32              =  1.00000e+00
vdd_meas            =  1.08000e+00
temp_meas           =  -4.00000e+01
vbias_mv            =  3.44697e+02
lowcount            =  1.69999e+01
vos_mv              =  1.49961e+00
vcm_meas            =  6.50000e-01

ngspice-46 done
