
Note: No compatibility mode selected!


Circuit: * klt sim -- generated corner deck, do not edit

Doing analysis at TEMP = 125.000000 and TNOM = 27.000000

Using SPARSE 1.3 as Direct Linear Solver

Initial Transient Solution
--------------------------

Node                                   Voltage
----                                   -------
vdd                                        1.2
cm                                         0.6
vd                                      -0.048
ap                                       0.576
an                                       0.624
clku                                         0
clk                                          0
ibn                                    0.22816
xa.x1.tmid                         0.000180443
xa.x1.tail                            0.575792
xa.x1.np                               1.19994
xa.x1.nn                               1.19982
xa.x1.ln                                   1.2
xa.x1.lp                                   1.2
xa.x1.lnb                          1.92858e-06
xa.x1.lpb                          1.68527e-06
xa.x1.na                               1.19999
doutb                                  1.19998
dout                               2.24354e-06
xa.x1.nb                                   1.2
doutn                              1.86962e-06
tcheck                                     125
pa_00                                   228.16
bpa_00#branch                                0
btchk#branch                                 0
bdoutn#branch                                0
bclk#branch                        2.77567e-10
ean#branch                         4.33964e-12
eap#branch                         5.53621e-12
vclku#branch                                 0
vd#branch                                    0
vcm#branch                         9.87585e-12
vsup#branch                       -2.03321e-05


No. of Data Rows : 12179

  Measurements for Transient Analysis

dlev0               =  1.90238e-06
dlev1               =  1.94904e-06
dlev2               =  2.10608e-06
dlev3               =  2.21808e-06
dlev4               =  1.87200e-06
dlev5               =  1.86419e-06
dlev6               =  2.10338e-06
dlev7               =  2.22675e-06
dlev8               =  1.95705e-06
dlev9               =  1.84945e-06
dlev10              =  2.27173e-06
dlev11              =  2.95275e-06
dlev12              =  2.12825e-06
dlev13              =  2.35167e-06
dlev14              =  1.88442e-06
dlev15              =  2.09992e-06
dlev16              =  9.99991e-01
dlev17              =  9.99990e-01
dlev18              =  9.99990e-01
dlev19              =  9.99990e-01
dlev20              =  9.99990e-01
dlev21              =  9.99991e-01
dlev22              =  9.99990e-01
dlev23              =  9.99990e-01
dlev24              =  9.99990e-01
dlev25              =  9.99990e-01
dlev26              =  9.99990e-01
dlev27              =  9.99990e-01
dlev28              =  9.99990e-01
dlev29              =  9.99990e-01
dlev30              =  9.99991e-01
dlev31              =  9.99991e-01
dlev32              =  9.99991e-01
vdd_meas            =  1.20000e+00
temp_meas           =  1.25000e+02
vbias_mv            =  2.28160e+02
lowcount            =  1.60001e+01
vos_mv              =  -1.49962e+00

ngspice-46 done
