
Note: No compatibility mode selected!


Circuit: * klt sim -- generated corner deck, do not edit

Doing analysis at TEMP = -40.000000 and TNOM = 27.000000

Using SPARSE 1.3 as Direct Linear Solver

Initial Transient Solution
--------------------------

Node                                   Voltage
----                                   -------
vdd                                       1.08
cm                                         0.6
vd                                      -0.048
ap                                       0.576
an                                       0.624
clku                                         0
clk                                          0
ibn                                   0.300794
xa.x1.tmid                         2.22947e-07
xa.x1.tail                            0.533863
xa.x1.np                                  1.08
xa.x1.nn                                  1.08
xa.x1.ln                                  1.08
xa.x1.lp                                  1.08
xa.x1.lnb                          7.44892e-08
xa.x1.lpb                          7.66349e-08
xa.x1.na                                  1.08
doutb                              8.82381e-08
dout                                      1.08
xa.x1.nb                                  1.08
doutn                                        1
tcheck                                     -40
pa_00                                  300.794
bpa_00#branch                                0
btchk#branch                                 0
bdoutn#branch                                0
bclk#branch                        4.55529e-10
ean#branch                         5.17184e-13
eap#branch                         6.79887e-13
vclku#branch                                 0
vd#branch                                    0
vcm#branch                         1.19707e-12
vsup#branch                       -2.00017e-05


No. of Data Rows : 12093

  Measurements for Transient Analysis

dlev0               =  -5.35194e-07
dlev1               =  4.45725e-06
dlev2               =  4.66237e-06
dlev3               =  5.01151e-06
dlev4               =  4.35693e-06
dlev5               =  4.37011e-06
dlev6               =  4.46292e-06
dlev7               =  1.60195e-07
dlev8               =  4.11585e-06
dlev9               =  9.85828e-06
dlev10              =  9.40238e-06
dlev11              =  4.94603e-06
dlev12              =  4.66719e-06
dlev13              =  4.24723e-06
dlev14              =  4.78863e-06
dlev15              =  3.64004e-06
dlev16              =  3.97750e-06
dlev17              =  1.00000e+00
dlev18              =  1.00000e+00
dlev19              =  1.00000e+00
dlev20              =  1.00000e+00
dlev21              =  1.00000e+00
dlev22              =  1.00000e+00
dlev23              =  1.00000e+00
dlev24              =  1.00000e+00
dlev25              =  1.00000e+00
dlev26              =  1.00000e+00
dlev27              =  1.00000e+00
dlev28              =  1.00000e+00
dlev29              =  1.00000e+00
dlev30              =  1.00000e+00
dlev31              =  1.00000e+00
dlev32              =  1.00000e+00
vdd_meas            =  1.08000e+00
temp_meas           =  -4.00000e+01
vbias_mv            =  3.00794e+02
lowcount            =  1.69999e+01
vos_mv              =  1.49969e+00

ngspice-46 done
