
Note: No compatibility mode selected!


Circuit: * klt sim -- generated corner deck, do not edit

Doing analysis at TEMP = 27.000000 and TNOM = 27.000000

Using SPARSE 1.3 as Direct Linear Solver

Initial Transient Solution
--------------------------

Node                                   Voltage
----                                   -------
vdd                                       1.32
cm                                         0.6
vd                                      -0.048
ap                                       0.576
an                                       0.624
clku                                         0
clk                                          0
ibn                                   0.289745
xa.x1.tmid                         3.23212e-06
xa.x1.tail                            0.575718
xa.x1.np                                  1.32
xa.x1.nn                                  1.32
xa.x1.ln                                  1.32
xa.x1.lp                                  1.32
xa.x1.lnb                          7.22918e-08
xa.x1.lpb                          6.93169e-08
xa.x1.na                                  1.32
doutb                                     1.32
dout                               7.56111e-08
xa.x1.nb                                  1.32
doutn                              5.72811e-08
tcheck                                      27
pa_00                                  289.745
bpa_00#branch                                0
btchk#branch                                 0
bdoutn#branch                                0
bclk#branch                        2.44755e-10
ean#branch                         3.46653e-12
eap#branch                         4.31949e-12
vclku#branch                                 0
vd#branch                                    0
vcm#branch                         7.78602e-12
vsup#branch                       -2.00088e-05


No. of Data Rows : 12322

  Measurements for Transient Analysis

dlev0               =  -1.32064e-06
dlev1               =  -6.51483e-07
dlev2               =  -5.71875e-07
dlev3               =  -2.08348e-06
dlev4               =  -2.53075e-06
dlev5               =  2.04237e-08
dlev6               =  9.86111e-09
dlev7               =  -3.97785e-06
dlev8               =  -6.18566e-07
dlev9               =  1.44611e-07
dlev10              =  -2.82508e-06
dlev11              =  1.01658e-07
dlev12              =  1.33226e-07
dlev13              =  1.90933e-07
dlev14              =  2.37631e-07
dlev15              =  2.94658e-07
dlev16              =  1.00000e+00
dlev17              =  9.99999e-01
dlev18              =  1.00000e+00
dlev19              =  9.99999e-01
dlev20              =  9.99998e-01
dlev21              =  9.99998e-01
dlev22              =  9.99999e-01
dlev23              =  1.00000e+00
dlev24              =  1.00000e+00
dlev25              =  9.99999e-01
dlev26              =  9.99999e-01
dlev27              =  1.00000e+00
dlev28              =  9.99999e-01
dlev29              =  9.99999e-01
dlev30              =  9.99999e-01
dlev31              =  9.99999e-01
dlev32              =  9.99999e-01
vdd_meas            =  1.32000e+00
temp_meas           =  2.70000e+01
vbias_mv            =  2.89745e+02
lowcount            =  1.60000e+01
vos_mv              =  -1.49991e+00

ngspice-46 done
