
Note: No compatibility mode selected!


Circuit: * klt sim -- generated corner deck, do not edit

Doing analysis at TEMP = 125.000000 and TNOM = 27.000000

Using SPARSE 1.3 as Direct Linear Solver
Note: Starting dynamic gmin stepping
Note: Dynamic gmin stepping completed

Initial Transient Solution
--------------------------

Node                                   Voltage
----                                   -------
vdd                                        1.2
cm                                         0.6
vd                                      -0.048
ap                                       0.576
an                                       0.624
clku                                         0
clk                                          0
ibn                                   0.226565
xa.x1.tmid                         0.000155665
xa.x1.tail                            0.529616
xa.x1.np                               1.19995
xa.x1.nn                               1.19984
xa.x1.ln                                   1.2
xa.x1.lp                                   1.2
xa.x1.lnb                          1.80062e-06
xa.x1.lpb                          1.79646e-06
xa.x1.na                                   1.2
doutb                               2.1852e-06
dout                                   1.19999
xa.x1.nb                               1.19999
doutn                                 0.999989
tcheck                                     125
pa_00                                  226.565
bpa_00#branch                                0
btchk#branch                                 0
bdoutn#branch                                0
bclk#branch                        2.73718e-10
ean#branch                         2.87412e-12
eap#branch                         3.67337e-12
vclku#branch                                 0
vd#branch                                    0
vcm#branch                         6.54748e-12
vsup#branch                       -2.02854e-05


No. of Data Rows : 12176

  Measurements for Transient Analysis

dlev0               =  2.75829e-06
dlev1               =  1.73914e-06
dlev2               =  1.73012e-06
dlev3               =  1.99079e-06
dlev4               =  1.60548e-06
dlev5               =  8.04875e-07
dlev6               =  1.61052e-06
dlev7               =  1.45148e-06
dlev8               =  1.69957e-06
dlev9               =  1.02350e-06
dlev10              =  5.72799e-07
dlev11              =  8.55632e-07
dlev12              =  7.99199e-07
dlev13              =  1.33088e-06
dlev14              =  1.76501e-06
dlev15              =  1.94847e-06
dlev16              =  6.44643e-07
dlev17              =  1.10847e-06
dlev18              =  1.09738e-06
dlev19              =  9.99990e-01
dlev20              =  9.99988e-01
dlev21              =  9.99989e-01
dlev22              =  9.99989e-01
dlev23              =  9.99989e-01
dlev24              =  9.99988e-01
dlev25              =  9.99988e-01
dlev26              =  9.99988e-01
dlev27              =  9.99989e-01
dlev28              =  9.99989e-01
dlev29              =  9.99989e-01
dlev30              =  9.99988e-01
dlev31              =  9.99988e-01
dlev32              =  9.99989e-01
vdd_meas            =  1.20000e+00
temp_meas           =  1.25000e+02
vbias_mv            =  2.26565e+02
lowcount            =  1.90001e+01
vos_mv              =  7.50040e+00

ngspice-46 done
