
Note: No compatibility mode selected!


Circuit: * klt sim -- generated corner deck, do not edit

Doing analysis at TEMP = 27.000000 and TNOM = 27.000000

Using SPARSE 1.3 as Direct Linear Solver

Initial Transient Solution
--------------------------

Node                                   Voltage
----                                   -------
vdd                                       1.32
cm                                         0.6
vd                                      -0.048
ap                                       0.576
an                                       0.624
clku                                         0
clk                                          0
ibn                                   0.307031
xa.x1.tmid                         1.39179e-06
xa.x1.tail                            0.579758
xa.x1.np                                  1.32
xa.x1.nn                                  1.32
xa.x1.ln                                  1.32
xa.x1.lp                                  1.32
xa.x1.lnb                          1.05413e-07
xa.x1.lpb                          1.04006e-07
xa.x1.na                                  1.32
doutb                                     1.32
dout                               1.13468e-07
xa.x1.nb                                  1.32
doutn                              8.59604e-08
tcheck                                      27
pa_00                                  307.031
bpa_00#branch                                0
btchk#branch                                 0
bdoutn#branch                                0
bclk#branch                        4.31865e-10
ean#branch                         1.69401e-12
eap#branch                         2.11942e-12
vclku#branch                                 0
vd#branch                                    0
vcm#branch                         3.81342e-12
vsup#branch                       -2.00045e-05


No. of Data Rows : 12294

  Measurements for Transient Analysis

dlev0               =  -2.38722e-06
dlev1               =  -5.52884e-06
dlev2               =  -6.65557e-06
dlev3               =  -7.90604e-06
dlev4               =  -6.26039e-06
dlev5               =  -9.25795e-07
dlev6               =  8.92711e-08
dlev7               =  -4.79099e-06
dlev8               =  -7.08455e-06
dlev9               =  -6.75041e-06
dlev10              =  8.46314e-08
dlev11              =  -2.43280e-07
dlev12              =  -2.00191e-08
dlev13              =  -5.22558e-06
dlev14              =  -5.11247e-06
dlev15              =  1.00000e+00
dlev16              =  9.99997e-01
dlev17              =  1.00000e+00
dlev18              =  9.99997e-01
dlev19              =  1.00000e+00
dlev20              =  9.99997e-01
dlev21              =  9.99999e-01
dlev22              =  9.99997e-01
dlev23              =  9.99997e-01
dlev24              =  9.99998e-01
dlev25              =  9.99998e-01
dlev26              =  9.99998e-01
dlev27              =  9.99998e-01
dlev28              =  9.99998e-01
dlev29              =  9.99997e-01
dlev30              =  1.00000e+00
dlev31              =  1.00000e+00
dlev32              =  1.00000e+00
vdd_meas            =  1.32000e+00
temp_meas           =  2.70000e+01
vbias_mv            =  3.07031e+02
lowcount            =  1.50001e+01
vos_mv              =  -4.49973e+00
vcm_meas            =  6.00000e-01

ngspice-46 done
