
Note: No compatibility mode selected!


Circuit: * klt sim -- generated corner deck, do not edit

Doing analysis at TEMP = 27.000000 and TNOM = 27.000000

Using SPARSE 1.3 as Direct Linear Solver

Initial Transient Solution
--------------------------

Node                                   Voltage
----                                   -------
vdd                                        1.2
cm                                         0.6
vd                                      -0.048
ap                                       0.576
an                                       0.624
clku                                         0
clk                                          0
ibn                                   0.287839
xa.x1.tmid                         2.86362e-06
xa.x1.tail                            0.544219
xa.x1.np                                   1.2
xa.x1.nn                                   1.2
xa.x1.ln                                   1.2
xa.x1.lp                                   1.2
xa.x1.lnb                          5.02285e-08
xa.x1.lpb                          5.62418e-08
xa.x1.na                                   1.2
doutb                              5.57758e-08
dout                                       1.2
xa.x1.nb                                   1.2
doutn                                        1
tcheck                                      27
pa_00                                  287.839
bpa_00#branch                                0
btchk#branch                                 0
bdoutn#branch                                0
bclk#branch                        1.75901e-10
ean#branch                         9.68545e-13
eap#branch                         1.23775e-12
vclku#branch                                 0
vd#branch                                    0
vcm#branch                         2.20629e-12
vsup#branch                       -2.00074e-05


No. of Data Rows : 12166

  Measurements for Transient Analysis

dlev0               =  -5.34550e-06
dlev1               =  6.66767e-06
dlev2               =  7.03985e-06
dlev3               =  6.94927e-06
dlev4               =  -3.20925e-07
dlev5               =  7.46021e-07
dlev6               =  5.65334e-06
dlev7               =  4.29249e-06
dlev8               =  5.26782e-06
dlev9               =  8.41539e-06
dlev10              =  -5.64258e-07
dlev11              =  6.30248e-07
dlev12              =  4.29021e-06
dlev13              =  5.48156e-06
dlev14              =  3.68937e-06
dlev15              =  -7.27882e-08
dlev16              =  9.99996e-01
dlev17              =  1.00000e+00
dlev18              =  1.00000e+00
dlev19              =  1.00000e+00
dlev20              =  1.00000e+00
dlev21              =  1.00000e+00
dlev22              =  1.00000e+00
dlev23              =  1.00000e+00
dlev24              =  1.00000e+00
dlev25              =  1.00000e+00
dlev26              =  1.00000e+00
dlev27              =  1.00000e+00
dlev28              =  1.00000e+00
dlev29              =  1.00000e+00
dlev30              =  1.00000e+00
dlev31              =  1.00000e+00
dlev32              =  1.00000e+00
vdd_meas            =  1.20000e+00
temp_meas           =  2.70000e+01
vbias_mv            =  2.87839e+02
lowcount            =  1.59999e+01
vos_mv              =  -1.50021e+00

ngspice-46 done
