
Note: No compatibility mode selected!


Circuit: * klt sim -- generated corner deck, do not edit

Doing analysis at TEMP = -40.000000 and TNOM = 27.000000

Using SPARSE 1.3 as Direct Linear Solver

Initial Transient Solution
--------------------------

Node                                   Voltage
----                                   -------
vdd                                        1.2
cm                                         0.6
vd                                      -0.048
ap                                       0.576
an                                       0.624
clku                                         0
clk                                          0
ibn                                   0.308504
xa.x1.tmid                         8.59332e-08
xa.x1.tail                            0.569422
xa.x1.np                                   1.2
xa.x1.nn                                   1.2
xa.x1.ln                                   1.2
xa.x1.lp                                   1.2
xa.x1.lnb                           2.5455e-08
xa.x1.lpb                          2.29077e-08
xa.x1.na                               1.18769
doutb                                 0.595654
dout                                  0.586799
xa.x1.nb                               1.18814
doutn                                 0.488999
tcheck                                     -40
pa_00                                  308.504
bpa_00#branch                                0
btchk#branch                                 0
bdoutn#branch                                0
bclk#branch                        1.16012e-10
ean#branch                         9.43523e-13
eap#branch                         1.20273e-12
vclku#branch                                 0
vd#branch                                    0
vcm#branch                         2.14626e-12
vsup#branch                       -6.35154e-05


No. of Data Rows : 12233

  Measurements for Transient Analysis

dlev0               =  -4.50977e-06
dlev1               =  -4.53956e-06
dlev2               =  -4.94283e-06
dlev3               =  3.51987e-06
dlev4               =  -5.01507e-06
dlev5               =  -4.21023e-06
dlev6               =  -5.21014e-06
dlev7               =  -2.23131e-06
dlev8               =  -2.48697e-06
dlev9               =  -1.97753e-06
dlev10              =  5.38016e-07
dlev11              =  -5.06970e-06
dlev12              =  -2.87856e-06
dlev13              =  3.22442e-06
dlev14              =  -5.88759e-06
dlev15              =  1.39668e-06
dlev16              =  -5.19393e-06
dlev17              =  1.00000e+00
dlev18              =  9.99998e-01
dlev19              =  9.99997e-01
dlev20              =  1.00000e+00
dlev21              =  1.00000e+00
dlev22              =  1.00000e+00
dlev23              =  9.99998e-01
dlev24              =  9.99997e-01
dlev25              =  9.99998e-01
dlev26              =  9.99998e-01
dlev27              =  9.99998e-01
dlev28              =  9.99998e-01
dlev29              =  9.99999e-01
dlev30              =  9.99998e-01
dlev31              =  1.00000e+00
dlev32              =  1.00000e+00
vdd_meas            =  1.20000e+00
temp_meas           =  -4.00000e+01
vbias_mv            =  3.08504e+02
lowcount            =  1.70001e+01
vos_mv              =  1.50019e+00

ngspice-46 done
