
Note: No compatibility mode selected!


Circuit: * klt sim -- generated corner deck, do not edit

Doing analysis at TEMP = -40.000000 and TNOM = 27.000000

Using SPARSE 1.3 as Direct Linear Solver

Initial Transient Solution
--------------------------

Node                                   Voltage
----                                   -------
vdd                                       1.32
cm                                         0.6
vd                                      -0.048
ap                                       0.576
an                                       0.624
clku                                         0
clk                                          0
ibn                                   0.346896
xa.x1.tmid                         2.37266e-08
xa.x1.tail                            0.546824
xa.x1.np                                  1.32
xa.x1.nn                                  1.32
xa.x1.ln                                  1.32
xa.x1.lp                                  1.32
xa.x1.lnb                          3.45384e-08
xa.x1.lpb                            3.397e-08
xa.x1.na                               1.29976
doutb                                 0.681661
dout                                  0.678846
xa.x1.nb                               1.29924
doutn                                 0.514278
tcheck                                     -40
pa_00                                  346.896
bpa_00#branch                                0
btchk#branch                                 0
bdoutn#branch                                0
bclk#branch                         2.8341e-10
ean#branch                         4.10949e-13
eap#branch                         5.15699e-13
vclku#branch                                 0
vd#branch                                    0
vcm#branch                         9.26648e-13
vsup#branch                       -0.000118593


No. of Data Rows : 12350

  Measurements for Transient Analysis

dlev0               =  -2.54216e-06
dlev1               =  -3.27102e-06
dlev2               =  -2.09368e-06
dlev3               =  -5.16103e-06
dlev4               =  -4.87097e-06
dlev5               =  -2.04017e-06
dlev6               =  -1.96413e-06
dlev7               =  -1.92095e-06
dlev8               =  3.91009e-08
dlev9               =  -1.95795e-06
dlev10              =  -2.29823e-07
dlev11              =  -3.69963e-06
dlev12              =  -1.80998e-06
dlev13              =  -1.85299e-06
dlev14              =  -1.88142e-06
dlev15              =  -2.00797e-06
dlev16              =  -2.06641e-06
dlev17              =  -1.17001e-06
dlev18              =  1.00000e+00
dlev19              =  9.99996e-01
dlev20              =  1.00000e+00
dlev21              =  9.99999e-01
dlev22              =  9.99997e-01
dlev23              =  9.99998e-01
dlev24              =  9.99998e-01
dlev25              =  1.00000e+00
dlev26              =  1.00000e+00
dlev27              =  1.00000e+00
dlev28              =  1.00000e+00
dlev29              =  1.00000e+00
dlev30              =  1.00000e+00
dlev31              =  1.00000e+00
dlev32              =  1.00000e+00
vdd_meas            =  1.32000e+00
temp_meas           =  -4.00000e+01
vbias_mv            =  3.46896e+02
lowcount            =  1.80001e+01
vos_mv              =  4.50016e+00

ngspice-46 done
