
Note: No compatibility mode selected!


Circuit: * klt sim -- generated corner deck, do not edit

Doing analysis at TEMP = -40.000000 and TNOM = 27.000000

Using SPARSE 1.3 as Direct Linear Solver
Note: Starting dynamic gmin stepping
Note: Dynamic gmin stepping completed

Initial Transient Solution
--------------------------

Node                                   Voltage
----                                   -------
vdd                                        1.2
cm                                         0.6
vd                                      -0.048
ap                                       0.576
an                                       0.624
clku                                         0
clk                                          0
ibn                                   0.390756
xa.x1.tmid                          1.4125e-09
xa.x1.tail                            0.567211
xa.x1.np                                   1.2
xa.x1.nn                                   1.2
xa.x1.ln                                   1.2
xa.x1.lp                                   1.2
xa.x1.lnb                          8.22113e-09
xa.x1.lpb                          7.74507e-09
xa.x1.na                               1.19346
doutb                                 0.606167
dout                                  0.607604
xa.x1.nb                               1.19327
doutn                                 0.506337
tcheck                                     -40
pa_00                                  390.756
bpa_00#branch                                0
btchk#branch                                 0
bdoutn#branch                                0
bclk#branch                        6.39631e-11
ean#branch                         5.27078e-14
eap#branch                         6.83759e-14
vclku#branch                                 0
vd#branch                                    0
vcm#branch                         1.21084e-13
vsup#branch                       -4.48802e-05


No. of Data Rows : 12106

  Measurements for Transient Analysis

dlev0               =  8.28818e-06
dlev1               =  1.43863e-06
dlev2               =  -3.40465e-06
dlev3               =  2.51916e-06
dlev4               =  -3.28983e-06
dlev5               =  6.55831e-06
dlev6               =  -3.01510e-06
dlev7               =  1.52231e-06
dlev8               =  6.32225e-06
dlev9               =  6.52818e-06
dlev10              =  6.64706e-06
dlev11              =  5.13281e-06
dlev12              =  5.68310e-06
dlev13              =  8.30662e-06
dlev14              =  1.10694e-05
dlev15              =  1.35969e-05
dlev16              =  1.00000e+00
dlev17              =  9.99999e-01
dlev18              =  1.00000e+00
dlev19              =  1.00000e+00
dlev20              =  1.00000e+00
dlev21              =  9.99998e-01
dlev22              =  1.00000e+00
dlev23              =  1.00000e+00
dlev24              =  9.99999e-01
dlev25              =  9.99998e-01
dlev26              =  1.00000e+00
dlev27              =  9.99999e-01
dlev28              =  1.00000e+00
dlev29              =  1.00000e+00
dlev30              =  9.99999e-01
dlev31              =  9.99999e-01
dlev32              =  1.00000e+00
vdd_meas            =  1.20000e+00
temp_meas           =  -4.00000e+01
vbias_mv            =  3.90756e+02
lowcount            =  1.59999e+01
vos_mv              =  -1.50022e+00

ngspice-46 done
