
Note: No compatibility mode selected!


Circuit: * klt sim -- generated corner deck, do not edit

Doing analysis at TEMP = 125.000000 and TNOM = 27.000000

Using SPARSE 1.3 as Direct Linear Solver

Initial Transient Solution
--------------------------

Node                                   Voltage
----                                   -------
vdd                                       1.32
cm                                         0.6
vd                                      -0.048
ap                                       0.576
an                                       0.624
clku                                         0
clk                                          0
ibn                                   0.252473
xa.x1.tmid                          8.4074e-05
xa.x1.tail                            0.558998
xa.x1.np                               1.31998
xa.x1.nn                               1.31993
xa.x1.ln                                  1.32
xa.x1.lp                                  1.32
xa.x1.lnb                          3.45713e-06
xa.x1.lpb                          3.71267e-06
xa.x1.na                               1.27821
doutb                                 0.669848
dout                                   0.66873
xa.x1.nb                               1.27792
doutn                                 0.506613
tcheck                                     125
pa_00                                  252.473
bpa_00#branch                                0
btchk#branch                                 0
bdoutn#branch                                0
bclk#branch                        6.67406e-10
ean#branch                         2.50708e-12
eap#branch                          3.1435e-12
vclku#branch                                 0
vd#branch                                    0
vcm#branch                         5.65058e-12
vsup#branch                       -0.000182633


No. of Data Rows : 12244

  Measurements for Transient Analysis

dlev0               =  6.73337e-06
dlev1               =  2.90294e-06
dlev2               =  7.18105e-06
dlev3               =  1.99016e-06
dlev4               =  9.59702e-07
dlev5               =  9.92224e-07
dlev6               =  1.80564e-06
dlev7               =  1.81908e-06
dlev8               =  -1.80594e-06
dlev9               =  7.82705e-06
dlev10              =  3.42286e-06
dlev11              =  1.44122e-06
dlev12              =  1.16928e-06
dlev13              =  4.67510e-06
dlev14              =  1.12672e-06
dlev15              =  5.49543e-06
dlev16              =  9.99992e-01
dlev17              =  9.99997e-01
dlev18              =  9.99994e-01
dlev19              =  9.99995e-01
dlev20              =  9.99996e-01
dlev21              =  9.99997e-01
dlev22              =  9.99997e-01
dlev23              =  9.99997e-01
dlev24              =  9.99995e-01
dlev25              =  9.99995e-01
dlev26              =  9.99995e-01
dlev27              =  9.99996e-01
dlev28              =  9.99997e-01
dlev29              =  9.99997e-01
dlev30              =  9.99995e-01
dlev31              =  9.99997e-01
dlev32              =  9.99996e-01
vdd_meas            =  1.32000e+00
temp_meas           =  1.25000e+02
vbias_mv            =  2.52473e+02
lowcount            =  1.60000e+01
vos_mv              =  -1.49992e+00

ngspice-46 done
