
Note: No compatibility mode selected!


Circuit: * klt sim -- generated corner deck, do not edit

Doing analysis at TEMP = 125.000000 and TNOM = 27.000000

Using SPARSE 1.3 as Direct Linear Solver

Initial Transient Solution
--------------------------

Node                                   Voltage
----                                   -------
vdd                                       1.32
cm                                        0.65
vd                                      -0.048
ap                                       0.626
an                                       0.674
clku                                         0
clk                                          0
ibn                                   0.205992
xa.x1.tmid                         0.000325681
xa.x1.tail                            0.622764
xa.x1.np                               1.31992
xa.x1.nn                               1.31978
xa.x1.ln                                  1.32
xa.x1.lp                                  1.32
xa.x1.lnb                          1.71774e-05
xa.x1.lpb                          1.95784e-05
xa.x1.na                               1.31999
doutb                                  1.31998
dout                               2.79523e-05
xa.x1.nb                               1.31998
doutn                               2.1176e-05
tcheck                                     125
pa_00                                  205.992
bpa_00#branch                                0
btchk#branch                                 0
bdoutn#branch                                0
bclk#branch                        2.21704e-09
ean#branch                         1.25711e-11
eap#branch                         1.57503e-11
vclku#branch                                 0
vd#branch                                    0
vcm#branch                         2.83214e-11
vsup#branch                       -2.07263e-05


No. of Data Rows : 12265

  Measurements for Transient Analysis

dlev0               =  2.09326e-05
dlev1               =  2.12434e-05
dlev2               =  1.94616e-05
dlev3               =  1.75882e-05
dlev4               =  1.76413e-05
dlev5               =  2.34142e-05
dlev6               =  2.46073e-05
dlev7               =  2.11794e-05
dlev8               =  2.40752e-05
dlev9               =  2.39781e-05
dlev10              =  2.39450e-05
dlev11              =  1.86012e-05
dlev12              =  2.11920e-05
dlev13              =  2.11897e-05
dlev14              =  2.24280e-05
dlev15              =  2.02511e-05
dlev16              =  2.44903e-05
dlev17              =  9.99985e-01
dlev18              =  9.99983e-01
dlev19              =  9.99984e-01
dlev20              =  9.99985e-01
dlev21              =  9.99984e-01
dlev22              =  9.99984e-01
dlev23              =  9.99983e-01
dlev24              =  9.99984e-01
dlev25              =  9.99983e-01
dlev26              =  9.99985e-01
dlev27              =  9.99985e-01
dlev28              =  9.99984e-01
dlev29              =  9.99985e-01
dlev30              =  9.99985e-01
dlev31              =  9.99984e-01
dlev32              =  9.99983e-01
vdd_meas            =  1.32000e+00
temp_meas           =  1.25000e+02
vbias_mv            =  2.05992e+02
lowcount            =  1.69999e+01
vos_mv              =  1.49966e+00
vcm_meas            =  6.50000e-01

ngspice-46 done
