
Note: No compatibility mode selected!


Circuit: * klt sim -- generated corner deck, do not edit

Doing analysis at TEMP = 27.000000 and TNOM = 27.000000

Using SPARSE 1.3 as Direct Linear Solver

Initial Transient Solution
--------------------------

Node                                   Voltage
----                                   -------
vdd                                       1.08
vdda                                      1.08
clku                                         0
clk                                          0
cm                                         0.6
sa                                       -0.05
apa                                      0.575
ana                                      0.625
ibna                                  0.264662
xa.x1.tmid                         7.16525e-06
xa.x1.tail                            0.550698
xa.x1.np                                  1.08
xa.x1.nn                               1.07999
xa.x1.ln                                  1.08
xa.x1.lp                                  1.08
xa.x1.lnb                          5.80623e-07
xa.x1.lpb                          5.80623e-07
xa.x1.na                               1.06344
doutba                                0.561642
douta                                 0.561642
xa.x1.nb                               1.06344
sb                                      -0.001
apb                                     0.5995
anb                                     0.6005
ibnb                                  0.264662
xb.x1.tmid                           7.104e-06
xb.x1.tail                            0.543097
xb.x1.np                                  1.08
xb.x1.nn                                  1.08
xb.x1.ln                                  1.08
xb.x1.lp                                  1.08
xb.x1.lnb                          5.80623e-07
xb.x1.lpb                          5.80623e-07
xb.x1.na                               1.06344
doutbb                                0.561642
doutb                                 0.561642
xb.x1.nb                               1.06344
sc                                     -0.0001
apc                                    0.59995
anc                                    0.60005
ibnc                                  0.264662
xc.x1.tmid                         7.10397e-06
xc.x1.tail                            0.543094
xc.x1.np                                  1.08
xc.x1.nn                                  1.08
xc.x1.ln                                  1.08
xc.x1.lp                                  1.08
xc.x1.lnb                          5.80623e-07
xc.x1.lpb                          5.80623e-07
xc.x1.na                               1.06344
doutbc                                0.561642
doutc                                 0.561642
xc.x1.nb                               1.06344
clkn                                         0
dan                                   0.520039
dbn                                   0.520039
dcn                                   0.520039
tcheck                                      27
pa_00                              9.93492e-05
bpa_00#branch                                0
vsupa#branch                        -9.199e-05
btchk#branch                                 0
bdcn#branch                                  0
bdbn#branch                                  0
bdan#branch                                  0
bclkn#branch                                 0
bclk#branch                        2.10662e-09
eanc#branch                        1.64002e-12
eapc#branch                        1.64097e-12
eanb#branch                         1.6358e-12
eapb#branch                        1.64521e-12
eana#branch                        1.42025e-12
eapa#branch                        1.88925e-12
vsc#branch                                   0
vsb#branch                                   0
vsa#branch                                   0
vcm#branch                         9.87151e-12
vclku#branch                                 0
vsup#branch                        -0.00018398


No. of Data Rows : 12042

  Measurements for Transient Analysis

vdd_meas            =  1.08000e+00
vdda_meas           =  1.08000e+00
temp_meas           =  2.70000e+01
td_a                =  6.13266e-10 targ=  4.06633e-08 trig=  4.00500e-08
td_b                =  8.60957e-10 targ=  4.09110e-08 trig=  4.00500e-08
td_c                =  9.99557e-10 targ=  4.10496e-08 trig=  4.00500e-08
dout_od50_first     =  6.33737e-08
dout_od1_first      =  5.06897e-06
dout_od01_first     =  6.23700e-08
dout_od50_end       =  9.99999e-01
dout_od1_end        =  9.99999e-01
dout_od01_end       =  9.99999e-01
td_od50_ns          =  6.13266e-01
td_od1_ns           =  8.60957e-01
td_od01_ns          =  9.99557e-01
tau_ps              =  6.01932e+01
resolve_decades     =  1.43032e+01
i_stat              =  -2.02460e-05 from=  2.50000e-08 to=  2.90025e-08
i_static_ua         =  2.02460e+01
p_avg               =  2.79929e-05 from=  3.00000e-08 to=  6.00000e-08
p_avg_uw            =  2.79929e+01
vref_v              =  2.64662e-01
tmid_eval_v         =  1.99915e-01

ngspice-46 done
