
Note: No compatibility mode selected!


Circuit: * klt sim -- generated corner deck, do not edit

Doing analysis at TEMP = -40.000000 and TNOM = 27.000000

Using SPARSE 1.3 as Direct Linear Solver

Initial Transient Solution
--------------------------

Node                                   Voltage
----                                   -------
vdd                                       1.08
cm                                        0.65
vd                                      -0.048
ap                                       0.626
an                                       0.674
clku                                         0
clk                                          0
ibn                                   0.369668
xa.x1.tmid                         6.07547e-09
xa.x1.tail                            0.615755
xa.x1.np                                  1.08
xa.x1.nn                                  1.08
xa.x1.ln                                  1.08
xa.x1.lp                                  1.08
xa.x1.lnb                          3.53622e-08
xa.x1.lpb                          3.47553e-08
xa.x1.na                               1.07461
doutb                                 0.585055
dout                                  0.593081
xa.x1.nb                               1.07455
doutn                                 0.549149
tcheck                                     -40
pa_00                                  369.668
bpa_00#branch                                0
btchk#branch                                 0
bdoutn#branch                                0
bclk#branch                        2.51312e-10
ean#branch                         8.13516e-14
eap#branch                         1.11022e-13
vclku#branch                                 0
vd#branch                                    0
vcm#branch                         1.92374e-13
vsup#branch                       -4.27808e-05


No. of Data Rows : 12206

  Measurements for Transient Analysis

dlev0               =  1.25108e-05
dlev1               =  -3.04179e-06
dlev2               =  -3.61765e-06
dlev3               =  -3.89145e-06
dlev4               =  -4.65697e-06
dlev5               =  -1.23179e-05
dlev6               =  2.88415e-07
dlev7               =  -1.47495e-06
dlev8               =  -7.56235e-06
dlev9               =  -5.84331e-06
dlev10              =  -6.06553e-06
dlev11              =  -1.50443e-06
dlev12              =  -7.53640e-06
dlev13              =  -1.44991e-06
dlev14              =  1.00001e+00
dlev15              =  1.00000e+00
dlev16              =  9.99996e-01
dlev17              =  1.00000e+00
dlev18              =  9.99998e-01
dlev19              =  9.99997e-01
dlev20              =  9.99998e-01
dlev21              =  1.00000e+00
dlev22              =  1.00000e+00
dlev23              =  1.00000e+00
dlev24              =  9.99999e-01
dlev25              =  9.99999e-01
dlev26              =  9.99999e-01
dlev27              =  9.99999e-01
dlev28              =  1.00000e+00
dlev29              =  9.99999e-01
dlev30              =  9.99999e-01
dlev31              =  1.00000e+00
dlev32              =  9.99997e-01
vdd_meas            =  1.08000e+00
temp_meas           =  -4.00000e+01
vbias_mv            =  3.69668e+02
lowcount            =  1.40001e+01
vos_mv              =  -7.49982e+00
vcm_meas            =  6.50000e-01

ngspice-46 done
