
Note: No compatibility mode selected!


Circuit: * klt sim -- generated corner deck, do not edit

Doing analysis at TEMP = 125.000000 and TNOM = 27.000000

Using SPARSE 1.3 as Direct Linear Solver

Initial Transient Solution
--------------------------

Node                                   Voltage
----                                   -------
vdd                                       1.32
cm                                         0.6
vd                                      -0.048
ap                                       0.576
an                                       0.624
clku                                         0
clk                                          0
ibn                                   0.247847
xa.x1.tmid                         8.37898e-05
xa.x1.tail                            0.536585
xa.x1.np                               1.31998
xa.x1.nn                               1.31993
xa.x1.ln                                  1.32
xa.x1.lp                                  1.32
xa.x1.lnb                          4.29468e-06
xa.x1.lpb                          4.37933e-06
xa.x1.na                               1.27781
doutb                                 0.671386
dout                                  0.668548
xa.x1.nb                               1.27987
doutn                                 0.506476
tcheck                                     125
pa_00                                  247.847
bpa_00#branch                                0
btchk#branch                                 0
bdoutn#branch                                0
bclk#branch                        6.73619e-10
ean#branch                          2.5035e-12
eap#branch                         3.13757e-12
vclku#branch                                 0
vd#branch                                    0
vcm#branch                         5.64107e-12
vsup#branch                       -0.000180352


No. of Data Rows : 12250

  Measurements for Transient Analysis

dlev0               =  2.21771e-06
dlev1               =  4.60473e-06
dlev2               =  5.27747e-06
dlev3               =  9.75777e-06
dlev4               =  5.49167e-06
dlev5               =  7.69587e-06
dlev6               =  3.30890e-06
dlev7               =  1.66627e-06
dlev8               =  6.38453e-06
dlev9               =  8.19948e-06
dlev10              =  8.46081e-06
dlev11              =  5.26479e-06
dlev12              =  2.27355e-06
dlev13              =  3.87050e-06
dlev14              =  6.02088e-06
dlev15              =  7.35924e-06
dlev16              =  4.55700e-06
dlev17              =  9.99995e-01
dlev18              =  9.99998e-01
dlev19              =  9.99997e-01
dlev20              =  9.99996e-01
dlev21              =  9.99996e-01
dlev22              =  9.99996e-01
dlev23              =  9.99997e-01
dlev24              =  9.99997e-01
dlev25              =  9.99998e-01
dlev26              =  9.99996e-01
dlev27              =  9.99995e-01
dlev28              =  9.99999e-01
dlev29              =  9.99996e-01
dlev30              =  9.99995e-01
dlev31              =  9.99995e-01
dlev32              =  9.99995e-01
vdd_meas            =  1.32000e+00
temp_meas           =  1.25000e+02
vbias_mv            =  2.47847e+02
lowcount            =  1.70000e+01
vos_mv              =  1.49990e+00

ngspice-46 done
