
Note: No compatibility mode selected!


Circuit: * klt sim -- generated corner deck, do not edit

Doing analysis at TEMP = 125.000000 and TNOM = 27.000000

Using SPARSE 1.3 as Direct Linear Solver

Initial Transient Solution
--------------------------

Node                                   Voltage
----                                   -------
vdd                                        1.2
cm                                         0.6
vd                                      -0.048
ap                                       0.576
an                                       0.624
clku                                         0
clk                                          0
ibn                                   0.206831
xa.x1.tmid                         0.000308716
xa.x1.tail                            0.576951
xa.x1.np                               1.19992
xa.x1.nn                               1.19977
xa.x1.ln                                   1.2
xa.x1.lp                                   1.2
xa.x1.lnb                           2.0558e-05
xa.x1.lpb                          1.64036e-05
xa.x1.na                               1.19999
doutb                                  1.19998
dout                                2.5244e-05
xa.x1.nb                               1.19998
doutn                              2.10367e-05
tcheck                                     125
pa_00                                  206.831
bpa_00#branch                                0
btchk#branch                                 0
bdoutn#branch                                0
bclk#branch                        1.61264e-09
ean#branch                         9.01773e-12
eap#branch                         1.14513e-11
vclku#branch                                 0
vd#branch                                    0
vcm#branch                          2.0469e-11
vsup#branch                       -2.06777e-05


No. of Data Rows : 12143

  Measurements for Transient Analysis

dlev0               =  1.72323e-05
dlev1               =  2.21634e-05
dlev2               =  2.25945e-05
dlev3               =  2.18059e-05
dlev4               =  2.25059e-05
dlev5               =  1.52382e-05
dlev6               =  2.18277e-05
dlev7               =  1.54916e-05
dlev8               =  2.13800e-05
dlev9               =  2.17436e-05
dlev10              =  2.13874e-05
dlev11              =  2.11767e-05
dlev12              =  2.02117e-05
dlev13              =  1.60556e-05
dlev14              =  2.14880e-05
dlev15              =  1.93403e-05
dlev16              =  9.99984e-01
dlev17              =  9.99982e-01
dlev18              =  9.99984e-01
dlev19              =  9.99985e-01
dlev20              =  9.99985e-01
dlev21              =  9.99984e-01
dlev22              =  9.99985e-01
dlev23              =  9.99982e-01
dlev24              =  9.99982e-01
dlev25              =  9.99982e-01
dlev26              =  9.99982e-01
dlev27              =  9.99982e-01
dlev28              =  9.99982e-01
dlev29              =  9.99982e-01
dlev30              =  9.99982e-01
dlev31              =  9.99984e-01
dlev32              =  9.99983e-01
vdd_meas            =  1.20000e+00
temp_meas           =  1.25000e+02
vbias_mv            =  2.06831e+02
lowcount            =  1.60000e+01
vos_mv              =  -1.50010e+00

ngspice-46 done
