
Note: No compatibility mode selected!


Circuit: * klt sim -- generated corner deck, do not edit

Doing analysis at TEMP = -40.000000 and TNOM = 27.000000

Using SPARSE 1.3 as Direct Linear Solver
Note: Starting dynamic gmin stepping
Note: Dynamic gmin stepping completed

Initial Transient Solution
--------------------------

Node                                   Voltage
----                                   -------
vdd                                       1.32
cm                                        0.55
vd                                      -0.048
ap                                       0.526
an                                       0.574
clku                                         0
clk                                          0
ibn                                   0.389245
xa.x1.tmid                         1.46438e-09
xa.x1.tail                            0.552044
xa.x1.np                                  1.32
xa.x1.nn                                  1.32
xa.x1.ln                                  1.32
xa.x1.lp                                  1.32
xa.x1.lnb                          9.71962e-09
xa.x1.lpb                          1.00483e-08
xa.x1.na                               1.30883
doutb                                 0.672205
dout                                  0.682097
xa.x1.nb                               1.30732
doutn                                  0.51674
tcheck                                     -40
pa_00                                  389.245
bpa_00#branch                                0
btchk#branch                                 0
bdoutn#branch                                0
bclk#branch                        9.04501e-11
ean#branch                         2.50494e-13
eap#branch                         3.14637e-13
vclku#branch                                 0
vd#branch                                    0
vcm#branch                         5.65131e-13
vsup#branch                       -7.05553e-05


No. of Data Rows : 12372

  Measurements for Transient Analysis

dlev0               =  -5.70614e-06
dlev1               =  -7.65536e-07
dlev2               =  -1.29034e-06
dlev3               =  -2.68989e-06
dlev4               =  -3.61465e-06
dlev5               =  6.98610e-06
dlev6               =  6.87896e-06
dlev7               =  6.32751e-06
dlev8               =  -1.97655e-06
dlev9               =  5.71344e-06
dlev10              =  -6.15754e-06
dlev11              =  2.91095e-06
dlev12              =  4.59220e-06
dlev13              =  7.45458e-07
dlev14              =  7.47849e-07
dlev15              =  4.05702e-06
dlev16              =  2.47900e-06
dlev17              =  9.99999e-01
dlev18              =  1.00000e+00
dlev19              =  9.99998e-01
dlev20              =  9.99998e-01
dlev21              =  1.00000e+00
dlev22              =  1.00000e+00
dlev23              =  1.00000e+00
dlev24              =  1.00000e+00
dlev25              =  1.00000e+00
dlev26              =  9.99998e-01
dlev27              =  1.00000e+00
dlev28              =  1.00000e+00
dlev29              =  1.00000e+00
dlev30              =  1.00000e+00
dlev31              =  1.00000e+00
dlev32              =  1.00000e+00
vdd_meas            =  1.32000e+00
temp_meas           =  -4.00000e+01
vbias_mv            =  3.89245e+02
lowcount            =  1.70000e+01
vos_mv              =  1.49992e+00
vcm_meas            =  5.50000e-01

ngspice-46 done
