
Note: No compatibility mode selected!


Circuit: * klt sim -- generated corner deck, do not edit

Doing analysis at TEMP = 27.000000 and TNOM = 27.000000

Using SPARSE 1.3 as Direct Linear Solver

Initial Transient Solution
--------------------------

Node                                   Voltage
----                                   -------
vdd                                        1.2
cm                                         0.6
vd                                      -0.048
ap                                       0.576
an                                       0.624
clku                                         0
clk                                          0
ibn                                   0.284857
xa.x1.tmid                         3.22798e-06
xa.x1.tail                            0.541326
xa.x1.np                                   1.2
xa.x1.nn                                   1.2
xa.x1.ln                                   1.2
xa.x1.lp                                   1.2
xa.x1.lnb                           5.0679e-08
xa.x1.lpb                          4.96606e-08
xa.x1.na                               1.18082
doutb                                 0.585027
dout                                  0.586603
xa.x1.nb                               1.18044
doutn                                 0.488835
tcheck                                      27
pa_00                                  284.857
bpa_00#branch                                0
btchk#branch                                 0
bdoutn#branch                                0
bclk#branch                         1.7633e-10
ean#branch                         9.68517e-13
eap#branch                         1.23782e-12
vclku#branch                                 0
vd#branch                                    0
vcm#branch                         2.20633e-12
vsup#branch                       -8.97718e-05


No. of Data Rows : 12188

  Measurements for Transient Analysis

dlev0               =  -6.65592e-06
dlev1               =  2.37439e-06
dlev2               =  4.07126e-06
dlev3               =  6.01706e-06
dlev4               =  2.67971e-06
dlev5               =  -3.32437e-07
dlev6               =  1.90461e-06
dlev7               =  1.49060e-06
dlev8               =  2.01673e-06
dlev9               =  5.05868e-06
dlev10              =  4.19535e-06
dlev11              =  -3.81608e-07
dlev12              =  1.63397e-06
dlev13              =  3.19380e-06
dlev14              =  -1.47205e-07
dlev15              =  4.46409e-07
dlev16              =  2.43472e-06
dlev17              =  9.99999e-01
dlev18              =  1.00000e+00
dlev19              =  1.00000e+00
dlev20              =  1.00000e+00
dlev21              =  1.00000e+00
dlev22              =  1.00000e+00
dlev23              =  1.00000e+00
dlev24              =  1.00000e+00
dlev25              =  1.00000e+00
dlev26              =  1.00000e+00
dlev27              =  1.00000e+00
dlev28              =  1.00000e+00
dlev29              =  1.00000e+00
dlev30              =  1.00000e+00
dlev31              =  1.00000e+00
dlev32              =  1.00000e+00
vdd_meas            =  1.20000e+00
temp_meas           =  2.70000e+01
vbias_mv            =  2.84857e+02
lowcount            =  1.69999e+01
vos_mv              =  1.49985e+00

ngspice-46 done
