
Note: No compatibility mode selected!


Circuit: * klt sim -- generated corner deck, do not edit

Doing analysis at TEMP = 27.000000 and TNOM = 27.000000

Using SPARSE 1.3 as Direct Linear Solver

Initial Transient Solution
--------------------------

Node                                   Voltage
----                                   -------
vdd                                       1.08
cm                                         0.6
vd                                      -0.048
ap                                       0.576
an                                       0.624
clku                                         0
clk                                          0
ibn                                   0.321071
xa.x1.tmid                         1.49928e-07
xa.x1.tail                            0.593358
xa.x1.np                                  1.08
xa.x1.nn                                  1.08
xa.x1.ln                                  1.08
xa.x1.lp                                  1.08
xa.x1.lnb                          1.39921e-08
xa.x1.lpb                           1.4975e-08
xa.x1.na                               1.07535
doutb                                  0.55066
dout                                  0.554452
xa.x1.nb                                1.0753
doutn                                 0.513381
tcheck                                      27
pa_00                                  321.071
bpa_00#branch                                0
btchk#branch                                 0
bdoutn#branch                                0
bclk#branch                        6.56047e-11
ean#branch                         1.09635e-13
eap#branch                         1.46577e-13
vclku#branch                                 0
vd#branch                                    0
vcm#branch                         2.56212e-13
vsup#branch                       -2.36968e-05


No. of Data Rows : 12020

  Measurements for Transient Analysis

dlev0               =  -7.04031e-06
dlev1               =  -1.80266e-06
dlev2               =  -2.35000e-06
dlev3               =  -2.86902e-06
dlev4               =  -4.04596e-06
dlev5               =  -4.49436e-06
dlev6               =  -4.62675e-06
dlev7               =  -5.71711e-06
dlev8               =  -6.39020e-06
dlev9               =  -4.66078e-06
dlev10              =  3.77056e-07
dlev11              =  -7.30908e-06
dlev12              =  -6.23219e-06
dlev13              =  4.85807e-07
dlev14              =  -1.10326e-05
dlev15              =  1.04290e-06
dlev16              =  9.99997e-01
dlev17              =  9.99997e-01
dlev18              =  9.99999e-01
dlev19              =  1.00000e+00
dlev20              =  9.99999e-01
dlev21              =  9.99998e-01
dlev22              =  9.99999e-01
dlev23              =  9.99999e-01
dlev24              =  9.99999e-01
dlev25              =  9.99999e-01
dlev26              =  9.99999e-01
dlev27              =  9.99999e-01
dlev28              =  9.99999e-01
dlev29              =  9.99999e-01
dlev30              =  9.99999e-01
dlev31              =  9.99999e-01
dlev32              =  9.99999e-01
vdd_meas            =  1.08000e+00
temp_meas           =  2.70000e+01
vbias_mv            =  3.21071e+02
lowcount            =  1.60001e+01
vos_mv              =  -1.49973e+00

ngspice-46 done
