
Note: No compatibility mode selected!


Circuit: * klt sim -- generated corner deck, do not edit

Doing analysis at TEMP = 125.000000 and TNOM = 27.000000

Using SPARSE 1.3 as Direct Linear Solver

Initial Transient Solution
--------------------------

Node                                   Voltage
----                                   -------
vdd                                        1.2
cm                                         0.6
vd                                      -0.048
ap                                       0.576
an                                       0.624
clku                                         0
clk                                          0
ibn                                    0.29483
xa.x1.tmid                         1.33565e-05
xa.x1.tail                            0.597778
xa.x1.np                                   1.2
xa.x1.nn                               1.19999
xa.x1.ln                                   1.2
xa.x1.lp                                   1.2
xa.x1.lnb                          8.27141e-07
xa.x1.lpb                           7.5815e-07
xa.x1.na                                1.1802
doutb                                 0.621642
dout                                  0.617033
xa.x1.nb                               1.18069
doutn                                 0.514195
tcheck                                     125
pa_00                                   294.83
bpa_00#branch                                0
btchk#branch                                 0
bdoutn#branch                                0
bclk#branch                        1.46809e-10
ean#branch                         4.85251e-13
eap#branch                         6.27054e-13
vclku#branch                                 0
vd#branch                                    0
vcm#branch                          1.1123e-12
vsup#branch                       -8.02631e-05


No. of Data Rows : 12076

  Measurements for Transient Analysis

dlev0               =  8.35747e-07
dlev1               =  1.16816e-06
dlev2               =  2.13705e-07
dlev3               =  1.15546e-06
dlev4               =  8.33831e-09
dlev5               =  -8.27341e-07
dlev6               =  -1.46201e-06
dlev7               =  -2.91031e-07
dlev8               =  -8.59370e-07
dlev9               =  -8.16080e-07
dlev10              =  1.35306e-06
dlev11              =  9.06286e-08
dlev12              =  -6.25880e-07
dlev13              =  3.87411e-07
dlev14              =  4.17061e-07
dlev15              =  1.00000e+00
dlev16              =  9.99999e-01
dlev17              =  1.00000e+00
dlev18              =  9.99999e-01
dlev19              =  9.99999e-01
dlev20              =  1.00000e+00
dlev21              =  1.00000e+00
dlev22              =  9.99999e-01
dlev23              =  9.99999e-01
dlev24              =  9.99998e-01
dlev25              =  9.99998e-01
dlev26              =  1.00000e+00
dlev27              =  1.00000e+00
dlev28              =  1.00000e+00
dlev29              =  1.00000e+00
dlev30              =  1.00000e+00
dlev31              =  1.00000e+00
dlev32              =  1.00000e+00
vdd_meas            =  1.20000e+00
temp_meas           =  1.25000e+02
vbias_mv            =  2.94830e+02
lowcount            =  1.50000e+01
vos_mv              =  -4.49998e+00

ngspice-46 done
