
Note: No compatibility mode selected!


Circuit: * klt sim -- generated corner deck, do not edit

Doing analysis at TEMP = 27.000000 and TNOM = 27.000000

Using SPARSE 1.3 as Direct Linear Solver

Initial Transient Solution
--------------------------

Node                                   Voltage
----                                   -------
vdd                                       1.08
cm                                        0.65
vd                                      -0.048
ap                                       0.626
an                                       0.674
clku                                         0
clk                                          0
ibn                                   0.265276
xa.x1.tmid                         8.25569e-06
xa.x1.tail                            0.610647
xa.x1.np                                  1.08
xa.x1.nn                               1.07999
xa.x1.ln                                  1.08
xa.x1.lp                                  1.08
xa.x1.lnb                          5.88073e-07
xa.x1.lpb                          6.62236e-07
xa.x1.na                                  1.08
doutb                                     1.08
dout                                7.1885e-07
xa.x1.nb                                  1.08
doutn                              6.65601e-07
tcheck                                      27
pa_00                                  265.276
bpa_00#branch                                0
btchk#branch                                 0
bdoutn#branch                                0
bclk#branch                        7.06452e-10
ean#branch                         1.60211e-12
eap#branch                         2.15319e-12
vclku#branch                                 0
vd#branch                                    0
vcm#branch                          3.7553e-12
vsup#branch                       -2.00244e-05


No. of Data Rows : 12188

  Measurements for Transient Analysis

dlev0               =  8.87177e-07
dlev1               =  3.83137e-07
dlev2               =  8.60728e-07
dlev3               =  1.09469e-06
dlev4               =  7.11423e-07
dlev5               =  8.82681e-07
dlev6               =  1.06309e-06
dlev7               =  1.35240e-06
dlev8               =  5.27782e-07
dlev9               =  -3.14102e-07
dlev10              =  -7.67136e-07
dlev11              =  -1.18193e-07
dlev12              =  -4.53008e-08
dlev13              =  -1.85656e-07
dlev14              =  8.89904e-07
dlev15              =  1.08692e-06
dlev16              =  1.18577e-06
dlev17              =  9.99998e-01
dlev18              =  1.00000e+00
dlev19              =  1.00000e+00
dlev20              =  1.00000e+00
dlev21              =  9.99999e-01
dlev22              =  9.99999e-01
dlev23              =  9.99999e-01
dlev24              =  1.00000e+00
dlev25              =  1.00000e+00
dlev26              =  1.00000e+00
dlev27              =  1.00000e+00
dlev28              =  1.00000e+00
dlev29              =  1.00000e+00
dlev30              =  1.00000e+00
dlev31              =  1.00000e+00
dlev32              =  9.99999e-01
vdd_meas            =  1.08000e+00
temp_meas           =  2.70000e+01
vbias_mv            =  2.65276e+02
lowcount            =  1.70000e+01
vos_mv              =  1.49998e+00
vcm_meas            =  6.50000e-01

ngspice-46 done
