
Note: No compatibility mode selected!


Circuit: * klt sim -- generated corner deck, do not edit

Doing analysis at TEMP = 27.000000 and TNOM = 27.000000

Using SPARSE 1.3 as Direct Linear Solver

Initial Transient Solution
--------------------------

Node                                   Voltage
----                                   -------
vdd                                        1.2
cm                                         0.6
vd                                      -0.048
ap                                       0.576
an                                       0.624
clku                                         0
clk                                          0
ibn                                   0.330679
xa.x1.tmid                         4.23083e-07
xa.x1.tail                            0.565563
xa.x1.np                                   1.2
xa.x1.nn                                   1.2
xa.x1.ln                                   1.2
xa.x1.lp                                   1.2
xa.x1.lnb                          2.58893e-07
xa.x1.lpb                          2.43502e-07
xa.x1.na                                   1.2
doutb                                      1.2
dout                               2.62865e-07
xa.x1.nb                                   1.2
doutn                              2.19054e-07
tcheck                                      27
pa_00                                  330.679
bpa_00#branch                                0
btchk#branch                                 0
bdoutn#branch                                0
bclk#branch                        5.58121e-10
ean#branch                         3.00315e-13
eap#branch                         3.86802e-13
vclku#branch                                 0
vd#branch                                    0
vcm#branch                         6.87117e-13
vsup#branch                       -2.00032e-05


No. of Data Rows : 12149

  Measurements for Transient Analysis

dlev0               =  2.65658e-06
dlev1               =  4.91089e-06
dlev2               =  3.47548e-06
dlev3               =  1.46507e-07
dlev4               =  4.79258e-06
dlev5               =  3.63326e-06
dlev6               =  2.24136e-07
dlev7               =  5.06040e-06
dlev8               =  4.70010e-06
dlev9               =  4.67799e-06
dlev10              =  1.77375e-07
dlev11              =  2.11967e-07
dlev12              =  4.46756e-06
dlev13              =  4.84611e-06
dlev14              =  1.00000e+00
dlev15              =  1.00000e+00
dlev16              =  1.00000e+00
dlev17              =  1.00000e+00
dlev18              =  1.00000e+00
dlev19              =  1.00000e+00
dlev20              =  1.00000e+00
dlev21              =  1.00000e+00
dlev22              =  1.00000e+00
dlev23              =  1.00000e+00
dlev24              =  1.00000e+00
dlev25              =  1.00000e+00
dlev26              =  1.00000e+00
dlev27              =  1.00000e+00
dlev28              =  1.00000e+00
dlev29              =  1.00000e+00
dlev30              =  1.00000e+00
dlev31              =  1.00000e+00
dlev32              =  1.00000e+00
vdd_meas            =  1.20000e+00
temp_meas           =  2.70000e+01
vbias_mv            =  3.30679e+02
lowcount            =  1.39999e+01
vos_mv              =  -7.50022e+00

ngspice-46 done
