
Note: No compatibility mode selected!


Circuit: * klt sim -- generated corner deck, do not edit

Doing analysis at TEMP = 27.000000 and TNOM = 27.000000

Using SPARSE 1.3 as Direct Linear Solver

Initial Transient Solution
--------------------------

Node                                   Voltage
----                                   -------
vdd                                       1.08
cm                                         0.6
vd                                      -0.048
ap                                       0.576
an                                       0.624
clku                                         0
clk                                          0
ibn                                   0.354975
xa.x1.tmid                         8.70751e-08
xa.x1.tail                            0.561166
xa.x1.np                                  1.08
xa.x1.nn                                  1.08
xa.x1.ln                                  1.08
xa.x1.lp                                  1.08
xa.x1.lnb                          1.45037e-08
xa.x1.lpb                          1.34367e-08
xa.x1.na                               1.07557
doutb                                 0.554136
dout                                  0.556069
xa.x1.nb                               1.07518
doutn                                 0.514879
tcheck                                      27
pa_00                                  354.975
bpa_00#branch                                0
btchk#branch                                 0
bdoutn#branch                                0
bclk#branch                         6.6248e-11
ean#branch                         5.45536e-14
eap#branch                         7.30943e-14
vclku#branch                                 0
vd#branch                                    0
vcm#branch                         1.27648e-13
vsup#branch                       -3.36247e-05


No. of Data Rows : 12022

  Measurements for Transient Analysis

dlev0               =  8.22739e-07
dlev1               =  -6.25064e-07
dlev2               =  -2.68836e-07
dlev3               =  -2.36287e-07
dlev4               =  7.50067e-07
dlev5               =  -2.26986e-06
dlev6               =  -4.03429e-07
dlev7               =  -5.07236e-07
dlev8               =  -7.14598e-07
dlev9               =  -7.81894e-06
dlev10              =  -2.14414e-07
dlev11              =  -3.10766e-07
dlev12              =  -4.06975e-06
dlev13              =  7.27086e-07
dlev14              =  -2.07762e-06
dlev15              =  9.99999e-01
dlev16              =  1.00000e+00
dlev17              =  1.00000e+00
dlev18              =  1.00000e+00
dlev19              =  1.00000e+00
dlev20              =  9.99999e-01
dlev21              =  1.00000e+00
dlev22              =  1.00000e+00
dlev23              =  1.00000e+00
dlev24              =  9.99999e-01
dlev25              =  1.00000e+00
dlev26              =  1.00000e+00
dlev27              =  1.00000e+00
dlev28              =  1.00000e+00
dlev29              =  1.00000e+00
dlev30              =  1.00000e+00
dlev31              =  1.00000e+00
dlev32              =  1.00000e+00
vdd_meas            =  1.08000e+00
temp_meas           =  2.70000e+01
vbias_mv            =  3.54975e+02
lowcount            =  1.50000e+01
vos_mv              =  -4.50004e+00

ngspice-46 done
