
Note: No compatibility mode selected!


Circuit: * klt sim -- generated corner deck, do not edit

Doing analysis at TEMP = 27.000000 and TNOM = 27.000000

Using SPARSE 1.3 as Direct Linear Solver

Initial Transient Solution
--------------------------

Node                                   Voltage
----                                   -------
vdd                                        1.2
cm                                         0.6
vd                                      -0.048
ap                                       0.576
an                                       0.624
clku                                         0
clk                                          0
ibn                                   0.310541
xa.x1.tmid                          1.2466e-06
xa.x1.tail                            0.578347
xa.x1.np                                   1.2
xa.x1.nn                                   1.2
xa.x1.ln                                   1.2
xa.x1.lp                                   1.2
xa.x1.lnb                          9.54036e-08
xa.x1.lpb                          9.36817e-08
xa.x1.na                               1.18247
doutb                                 0.621159
dout                                  0.618251
xa.x1.nb                               1.18251
doutn                                 0.515209
tcheck                                      27
pa_00                                  310.541
bpa_00#branch                                0
btchk#branch                                 0
bdoutn#branch                                0
bclk#branch                          3.104e-10
ean#branch                         9.37056e-13
eap#branch                          1.2004e-12
vclku#branch                                 0
vd#branch                                    0
vcm#branch                         2.13746e-12
vsup#branch                       -8.92675e-05


No. of Data Rows : 12198

  Measurements for Transient Analysis

dlev0               =  3.07406e-07
dlev1               =  3.15097e-06
dlev2               =  1.58524e-06
dlev3               =  -4.79574e-07
dlev4               =  8.38382e-09
dlev5               =  2.99835e-06
dlev6               =  3.52263e-06
dlev7               =  2.97469e-06
dlev8               =  -8.80804e-07
dlev9               =  -7.85264e-07
dlev10              =  -1.05924e-06
dlev11              =  -1.08632e-06
dlev12              =  -3.51807e-07
dlev13              =  2.07690e-06
dlev14              =  5.74856e-07
dlev15              =  -7.22275e-07
dlev16              =  1.29242e-07
dlev17              =  1.00000e+00
dlev18              =  1.00000e+00
dlev19              =  1.00000e+00
dlev20              =  9.99999e-01
dlev21              =  9.99999e-01
dlev22              =  9.99999e-01
dlev23              =  9.99999e-01
dlev24              =  9.99999e-01
dlev25              =  9.99999e-01
dlev26              =  9.99999e-01
dlev27              =  1.00000e+00
dlev28              =  1.00000e+00
dlev29              =  9.99999e-01
dlev30              =  1.00000e+00
dlev31              =  1.00000e+00
dlev32              =  1.00000e+00
vdd_meas            =  1.20000e+00
temp_meas           =  2.70000e+01
vbias_mv            =  3.10541e+02
lowcount            =  1.70000e+01
vos_mv              =  1.49998e+00

ngspice-46 done
