
Note: No compatibility mode selected!


Circuit: * klt sim -- generated corner deck, do not edit

Doing analysis at TEMP = 125.000000 and TNOM = 27.000000

Using SPARSE 1.3 as Direct Linear Solver

Initial Transient Solution
--------------------------

Node                                   Voltage
----                                   -------
vdd                                       1.08
cm                                        0.65
vd                                      -0.048
ap                                       0.626
an                                       0.674
clku                                         0
clk                                          0
ibn                                   0.252949
xa.x1.tmid                         7.76148e-05
xa.x1.tail                            0.624656
xa.x1.np                               1.07997
xa.x1.nn                               1.07992
xa.x1.ln                                  1.08
xa.x1.lp                                  1.08
xa.x1.lnb                          4.11875e-06
xa.x1.lpb                          4.64851e-06
xa.x1.na                                  1.08
doutb                                  1.07999
dout                               6.07177e-06
xa.x1.nb                               1.07999
doutn                              5.62201e-06
tcheck                                     125
pa_00                                  252.949
bpa_00#branch                                0
btchk#branch                                 0
bdoutn#branch                                0
bclk#branch                        3.37801e-10
ean#branch                         8.02691e-13
eap#branch                         1.08899e-12
vclku#branch                                 0
vd#branch                                    0
vcm#branch                         1.89168e-12
vsup#branch                        -2.0164e-05


No. of Data Rows : 12063

  Measurements for Transient Analysis

dlev0               =  5.00594e-06
dlev1               =  4.88721e-06
dlev2               =  4.82897e-06
dlev3               =  4.80997e-06
dlev4               =  4.90777e-06
dlev5               =  4.17309e-06
dlev6               =  4.22618e-06
dlev7               =  4.24652e-06
dlev8               =  4.30494e-06
dlev9               =  4.92931e-06
dlev10              =  4.99416e-06
dlev11              =  4.92457e-06
dlev12              =  5.06638e-06
dlev13              =  4.78171e-06
dlev14              =  5.24601e-06
dlev15              =  4.85419e-06
dlev16              =  5.34048e-06
dlev17              =  9.99995e-01
dlev18              =  9.99995e-01
dlev19              =  9.99994e-01
dlev20              =  9.99995e-01
dlev21              =  9.99995e-01
dlev22              =  9.99995e-01
dlev23              =  9.99995e-01
dlev24              =  9.99995e-01
dlev25              =  9.99995e-01
dlev26              =  9.99995e-01
dlev27              =  9.99995e-01
dlev28              =  9.99995e-01
dlev29              =  9.99994e-01
dlev30              =  9.99995e-01
dlev31              =  9.99995e-01
dlev32              =  9.99995e-01
vdd_meas            =  1.08000e+00
temp_meas           =  1.25000e+02
vbias_mv            =  2.52949e+02
lowcount            =  1.70000e+01
vos_mv              =  1.50001e+00
vcm_meas            =  6.50000e-01

ngspice-46 done
