
Note: No compatibility mode selected!


Circuit: * klt sim -- generated corner deck, do not edit

Doing analysis at TEMP = -40.000000 and TNOM = 27.000000

Using SPARSE 1.3 as Direct Linear Solver

Initial Transient Solution
--------------------------

Node                                   Voltage
----                                   -------
vdd                                       1.32
cm                                         0.6
vd                                      -0.048
ap                                       0.576
an                                       0.624
clku                                         0
clk                                          0
ibn                                   0.370825
xa.x1.tmid                         5.47984e-09
xa.x1.tail                            0.564806
xa.x1.np                                  1.32
xa.x1.nn                                  1.32
xa.x1.ln                                  1.32
xa.x1.lp                                  1.32
xa.x1.lnb                          4.97363e-08
xa.x1.lpb                          4.86428e-08
xa.x1.na                               1.30211
doutb                                  0.70934
dout                                   0.71149
xa.x1.nb                               1.30104
doutn                                 0.539008
tcheck                                     -40
pa_00                                  370.825
bpa_00#branch                                0
btchk#branch                                 0
bdoutn#branch                                0
bclk#branch                        5.04221e-10
ean#branch                         2.67814e-13
eap#branch                         3.37355e-13
vclku#branch                                 0
vd#branch                                    0
vcm#branch                         6.05169e-13
vsup#branch                       -0.000119741


No. of Data Rows : 12325

  Measurements for Transient Analysis

dlev0               =  -3.53824e-07
dlev1               =  -7.91934e-06
dlev2               =  -2.76301e-06
dlev3               =  -3.09801e-06
dlev4               =  -3.03402e-07
dlev5               =  -2.88886e-07
dlev6               =  -1.82298e-07
dlev7               =  -9.57607e-07
dlev8               =  -1.98116e-06
dlev9               =  -2.16528e-06
dlev10              =  4.56805e-08
dlev11              =  -2.10798e-07
dlev12              =  -5.91562e-06
dlev13              =  -3.40633e-06
dlev14              =  -5.39480e-07
dlev15              =  -5.15073e-06
dlev16              =  -5.02426e-06
dlev17              =  1.00000e+00
dlev18              =  9.99998e-01
dlev19              =  9.99998e-01
dlev20              =  9.99998e-01
dlev21              =  9.99998e-01
dlev22              =  9.99998e-01
dlev23              =  9.99997e-01
dlev24              =  9.99998e-01
dlev25              =  9.99999e-01
dlev26              =  9.99997e-01
dlev27              =  9.99998e-01
dlev28              =  1.00000e+00
dlev29              =  9.99999e-01
dlev30              =  9.99998e-01
dlev31              =  9.99997e-01
dlev32              =  9.99997e-01
vdd_meas            =  1.32000e+00
temp_meas           =  -4.00000e+01
vbias_mv            =  3.70825e+02
lowcount            =  1.70001e+01
vos_mv              =  1.50020e+00

ngspice-46 done
