
Note: No compatibility mode selected!


Circuit: * klt sim -- generated corner deck, do not edit

Doing analysis at TEMP = 125.000000 and TNOM = 27.000000

Using SPARSE 1.3 as Direct Linear Solver

Initial Transient Solution
--------------------------

Node                                   Voltage
----                                   -------
vdd                                       1.32
cm                                         0.6
vd                                      -0.048
ap                                       0.576
an                                       0.624
clku                                         0
clk                                          0
ibn                                   0.296606
xa.x1.tmid                         1.20679e-05
xa.x1.tail                            0.568256
xa.x1.np                                  1.32
xa.x1.nn                               1.31999
xa.x1.ln                                  1.32
xa.x1.lp                                  1.32
xa.x1.lnb                          7.80989e-07
xa.x1.lpb                          7.33623e-07
xa.x1.na                               1.28893
doutb                                   0.6758
dout                                  0.662026
xa.x1.nb                               1.29156
doutn                                 0.501535
tcheck                                     125
pa_00                                  296.606
bpa_00#branch                                0
btchk#branch                                 0
bdoutn#branch                                0
bclk#branch                        2.06194e-10
ean#branch                         4.48863e-13
eap#branch                         5.67518e-13
vclku#branch                                 0
vd#branch                                    0
vcm#branch                         1.01638e-12
vsup#branch                       -0.000121784


No. of Data Rows : 12127

  Measurements for Transient Analysis

dlev0               =  1.63876e-06
dlev1               =  3.07460e-06
dlev2               =  6.12215e-06
dlev3               =  5.21125e-06
dlev4               =  1.94437e-06
dlev5               =  2.23511e-06
dlev6               =  2.47923e-06
dlev7               =  2.66023e-06
dlev8               =  4.01045e-06
dlev9               =  5.65855e-06
dlev10              =  7.20686e-07
dlev11              =  2.47201e-06
dlev12              =  6.35427e-06
dlev13              =  2.10827e-06
dlev14              =  3.66552e-06
dlev15              =  2.39219e-06
dlev16              =  4.25254e-06
dlev17              =  4.04006e-06
dlev18              =  1.00000e+00
dlev19              =  9.99999e-01
dlev20              =  1.00000e+00
dlev21              =  1.00000e+00
dlev22              =  1.00000e+00
dlev23              =  1.00000e+00
dlev24              =  1.00000e+00
dlev25              =  1.00000e+00
dlev26              =  9.99999e-01
dlev27              =  1.00000e+00
dlev28              =  1.00000e+00
dlev29              =  1.00000e+00
dlev30              =  1.00000e+00
dlev31              =  1.00000e+00
dlev32              =  1.00000e+00
vdd_meas            =  1.32000e+00
temp_meas           =  1.25000e+02
vbias_mv            =  2.96606e+02
lowcount            =  1.79999e+01
vos_mv              =  4.49981e+00

ngspice-46 done
