
Note: No compatibility mode selected!


Circuit: * klt sim -- generated corner deck, do not edit

Doing analysis at TEMP = 27.000000 and TNOM = 27.000000

Using SPARSE 1.3 as Direct Linear Solver

Initial Transient Solution
--------------------------

Node                                   Voltage
----                                   -------
vdd                                       1.32
cm                                         0.6
vd                                      -0.048
ap                                       0.576
an                                       0.624
clku                                         0
clk                                          0
ibn                                   0.285926
xa.x1.tmid                         3.04315e-06
xa.x1.tail                            0.536404
xa.x1.np                                  1.32
xa.x1.nn                                  1.32
xa.x1.ln                                  1.32
xa.x1.lp                                  1.32
xa.x1.lnb                          7.28361e-08
xa.x1.lpb                          7.80749e-08
xa.x1.na                                  1.32
doutb                                     1.32
dout                               7.86208e-08
xa.x1.nb                                  1.32
doutn                              5.95612e-08
tcheck                                      27
pa_00                                  285.926
bpa_00#branch                                0
btchk#branch                                 0
bdoutn#branch                                0
bclk#branch                        2.46474e-10
ean#branch                         2.30439e-12
eap#branch                         2.87909e-12
vclku#branch                                 0
vd#branch                                    0
vcm#branch                         5.18348e-12
vsup#branch                       -2.00081e-05


No. of Data Rows : 12309

  Measurements for Transient Analysis

dlev0               =  2.94243e-06
dlev1               =  -2.83975e-06
dlev2               =  9.36979e-07
dlev3               =  2.90721e-06
dlev4               =  3.30026e-07
dlev5               =  8.50841e-09
dlev6               =  -2.17901e-06
dlev7               =  2.06181e-06
dlev8               =  -1.36473e-06
dlev9               =  2.31522e-06
dlev10              =  3.28635e-06
dlev11              =  -2.68765e-06
dlev12              =  2.73048e-06
dlev13              =  2.32671e-06
dlev14              =  -3.67654e-07
dlev15              =  1.00163e-06
dlev16              =  3.55466e-06
dlev17              =  9.99997e-01
dlev18              =  9.99999e-01
dlev19              =  9.99998e-01
dlev20              =  1.00000e+00
dlev21              =  1.00000e+00
dlev22              =  9.99999e-01
dlev23              =  1.00000e+00
dlev24              =  1.00000e+00
dlev25              =  1.00000e+00
dlev26              =  1.00000e+00
dlev27              =  9.99999e-01
dlev28              =  1.00000e+00
dlev29              =  9.99998e-01
dlev30              =  1.00000e+00
dlev31              =  9.99999e-01
dlev32              =  1.00000e+00
vdd_meas            =  1.32000e+00
temp_meas           =  2.70000e+01
vbias_mv            =  2.85926e+02
lowcount            =  1.70000e+01
vos_mv              =  1.49998e+00

ngspice-46 done
