
Note: No compatibility mode selected!


Circuit: * klt sim -- generated corner deck, do not edit

Doing analysis at TEMP = 27.000000 and TNOM = 27.000000

Using SPARSE 1.3 as Direct Linear Solver

Initial Transient Solution
--------------------------

Node                                   Voltage
----                                   -------
vdd                                       1.32
cm                                         0.6
vd                                      -0.048
ap                                       0.576
an                                       0.624
clku                                         0
clk                                          0
ibn                                   0.288854
xa.x1.tmid                         3.12398e-06
xa.x1.tail                            0.578974
xa.x1.np                                  1.32
xa.x1.nn                                  1.32
xa.x1.ln                                  1.32
xa.x1.lp                                  1.32
xa.x1.lnb                          7.39535e-08
xa.x1.lpb                          6.70707e-08
xa.x1.na                                  1.32
doutb                                     1.32
dout                               7.67135e-08
xa.x1.nb                                  1.32
doutn                              5.81163e-08
tcheck                                      27
pa_00                                  288.854
bpa_00#branch                                0
btchk#branch                                 0
bdoutn#branch                                0
bclk#branch                        2.42455e-10
ean#branch                         3.46534e-12
eap#branch                         4.31716e-12
vclku#branch                                 0
vd#branch                                    0
vcm#branch                          7.7825e-12
vsup#branch                       -2.00085e-05


No. of Data Rows : 12387

  Measurements for Transient Analysis

dlev0               =  -2.59087e-06
dlev1               =  -2.01210e-08
dlev2               =  5.43649e-08
dlev3               =  -6.61688e-07
dlev4               =  -8.16035e-07
dlev5               =  -7.10667e-07
dlev6               =  1.78027e-07
dlev7               =  -5.67195e-08
dlev8               =  1.40899e-07
dlev9               =  3.86218e-08
dlev10              =  2.07945e-07
dlev11              =  -5.56531e-06
dlev12              =  2.62999e-07
dlev13              =  4.19061e-07
dlev14              =  1.66044e-07
dlev15              =  6.26302e-07
dlev16              =  4.50549e-07
dlev17              =  -4.03435e-06
dlev18              =  1.00000e+00
dlev19              =  1.00000e+00
dlev20              =  1.00000e+00
dlev21              =  1.00000e+00
dlev22              =  1.00000e+00
dlev23              =  1.00000e+00
dlev24              =  9.99998e-01
dlev25              =  1.00000e+00
dlev26              =  9.99999e-01
dlev27              =  9.99997e-01
dlev28              =  9.99998e-01
dlev29              =  1.00000e+00
dlev30              =  1.00000e+00
dlev31              =  1.00000e+00
dlev32              =  1.00000e+00
vdd_meas            =  1.32000e+00
temp_meas           =  2.70000e+01
vbias_mv            =  2.88854e+02
lowcount            =  1.80000e+01
vos_mv              =  4.50007e+00

ngspice-46 done
