
Note: No compatibility mode selected!


Circuit: * klt sim -- generated corner deck, do not edit

Doing analysis at TEMP = -40.000000 and TNOM = 27.000000

Using SPARSE 1.3 as Direct Linear Solver

Initial Transient Solution
--------------------------

Node                                   Voltage
----                                   -------
vdd                                       1.08
cm                                         0.6
vd                                      -0.048
ap                                       0.576
an                                       0.624
clku                                         0
clk                                          0
ibn                                   0.346232
xa.x1.tmid                         2.21825e-08
xa.x1.tail                            0.540678
xa.x1.np                                  1.08
xa.x1.nn                                  1.08
xa.x1.ln                                  1.08
xa.x1.lp                                  1.08
xa.x1.lnb                          2.05417e-08
xa.x1.lpb                          2.16696e-08
xa.x1.na                                  1.08
doutb                              2.18784e-08
dout                                      1.08
xa.x1.nb                                  1.08
doutn                                        1
tcheck                                     -40
pa_00                                  346.232
bpa_00#branch                                0
btchk#branch                                 0
bdoutn#branch                                0
bclk#branch                        1.42849e-10
ean#branch                         1.16532e-13
eap#branch                         1.55084e-13
vclku#branch                                 0
vd#branch                                    0
vcm#branch                         2.71616e-13
vsup#branch                       -2.00004e-05


No. of Data Rows : 12095

  Measurements for Transient Analysis

dlev0               =  8.58192e-07
dlev1               =  -2.41574e-06
dlev2               =  -1.62331e-05
dlev3               =  2.64130e-07
dlev4               =  -1.15114e-05
dlev5               =  -9.82140e-07
dlev6               =  -1.18040e-05
dlev7               =  -1.09547e-06
dlev8               =  -1.23662e-05
dlev9               =  -2.01033e-06
dlev10              =  4.84899e-07
dlev11              =  -6.46979e-06
dlev12              =  -4.58000e-07
dlev13              =  6.41395e-07
dlev14              =  1.00000e+00
dlev15              =  9.99998e-01
dlev16              =  9.99993e-01
dlev17              =  9.99998e-01
dlev18              =  9.99998e-01
dlev19              =  1.00000e+00
dlev20              =  1.00000e+00
dlev21              =  9.99999e-01
dlev22              =  1.00000e+00
dlev23              =  1.00000e+00
dlev24              =  1.00000e+00
dlev25              =  1.00000e+00
dlev26              =  1.00000e+00
dlev27              =  1.00000e+00
dlev28              =  1.00000e+00
dlev29              =  1.00000e+00
dlev30              =  1.00000e+00
dlev31              =  1.00000e+00
dlev32              =  1.00000e+00
vdd_meas            =  1.08000e+00
temp_meas           =  -4.00000e+01
vbias_mv            =  3.46232e+02
lowcount            =  1.40001e+01
vos_mv              =  -7.49977e+00

ngspice-46 done
