
Note: No compatibility mode selected!


Circuit: * klt sim -- generated corner deck, do not edit

Doing analysis at TEMP = 27.000000 and TNOM = 27.000000

Using SPARSE 1.3 as Direct Linear Solver

Initial Transient Solution
--------------------------

Node                                   Voltage
----                                   -------
vdd                                       1.32
cm                                         0.6
vd                                      -0.048
ap                                       0.576
an                                       0.624
clku                                         0
clk                                          0
ibn                                   0.355028
xa.x1.tmid                         7.64066e-08
xa.x1.tail                            0.606732
xa.x1.np                                  1.32
xa.x1.nn                                  1.32
xa.x1.ln                                  1.32
xa.x1.lp                                  1.32
xa.x1.lnb                          2.13336e-08
xa.x1.lpb                          2.04601e-08
xa.x1.na                               1.30146
doutb                                 0.669277
dout                                  0.672108
xa.x1.nb                               1.30109
doutn                                 0.509173
tcheck                                      27
pa_00                                  355.028
bpa_00#branch                                0
btchk#branch                                 0
bdoutn#branch                                0
bclk#branch                        1.34816e-10
ean#branch                         4.03649e-13
eap#branch                         5.11119e-13
vclku#branch                                 0
vd#branch                                    0
vcm#branch                         9.14768e-13
vsup#branch                        -9.0436e-05


No. of Data Rows : 12329

  Measurements for Transient Analysis

dlev0               =  -4.33120e-08
dlev1               =  -1.25217e-06
dlev2               =  -7.82550e-07
dlev3               =  -7.21074e-07
dlev4               =  -7.36739e-07
dlev5               =  -7.49766e-07
dlev6               =  -2.17592e-06
dlev7               =  -2.09129e-06
dlev8               =  -2.24174e-06
dlev9               =  -3.28480e-06
dlev10              =  -2.41909e-06
dlev11              =  5.13241e-08
dlev12              =  -3.35740e-07
dlev13              =  -4.73452e-07
dlev14              =  -2.20953e-06
dlev15              =  -4.18268e-07
dlev16              =  -2.03404e-07
dlev17              =  9.99999e-01
dlev18              =  9.99999e-01
dlev19              =  1.00000e+00
dlev20              =  1.00000e+00
dlev21              =  9.99999e-01
dlev22              =  9.99999e-01
dlev23              =  9.99999e-01
dlev24              =  9.99999e-01
dlev25              =  1.00000e+00
dlev26              =  1.00000e+00
dlev27              =  1.00000e+00
dlev28              =  1.00000e+00
dlev29              =  1.00000e+00
dlev30              =  1.00000e+00
dlev31              =  1.00000e+00
dlev32              =  1.00000e+00
vdd_meas            =  1.32000e+00
temp_meas           =  2.70000e+01
vbias_mv            =  3.55028e+02
lowcount            =  1.70000e+01
vos_mv              =  1.50007e+00
vcm_meas            =  6.00000e-01

ngspice-46 done
