
Note: No compatibility mode selected!


Circuit: * klt sim -- generated corner deck, do not edit

Doing analysis at TEMP = 27.000000 and TNOM = 27.000000

Using SPARSE 1.3 as Direct Linear Solver

Initial Transient Solution
--------------------------

Node                                   Voltage
----                                   -------
vdd                                        1.2
cm                                         0.6
vd                                      -0.048
ap                                       0.576
an                                       0.624
clku                                         0
clk                                          0
ibn                                   0.354108
xa.x1.tmid                         8.03825e-08
xa.x1.tail                            0.601672
xa.x1.np                                   1.2
xa.x1.nn                                   1.2
xa.x1.ln                                   1.2
xa.x1.lp                                   1.2
xa.x1.lnb                           1.6295e-08
xa.x1.lpb                          1.74857e-08
xa.x1.na                               1.18949
doutb                                 0.610051
dout                                  0.605922
xa.x1.nb                               1.18939
doutn                                 0.504935
tcheck                                      27
pa_00                                  354.108
bpa_00#branch                                0
btchk#branch                                 0
bdoutn#branch                                0
bclk#branch                        9.57247e-11
ean#branch                         2.17604e-13
eap#branch                         2.81275e-13
vclku#branch                                 0
vd#branch                                    0
vcm#branch                         4.98879e-13
vsup#branch                       -5.64118e-05


No. of Data Rows : 12171

  Measurements for Transient Analysis

dlev0               =  5.43536e-06
dlev1               =  -2.75546e-06
dlev2               =  -2.51291e-06
dlev3               =  1.97506e-06
dlev4               =  3.48675e-06
dlev5               =  -2.72060e-06
dlev6               =  6.65487e-06
dlev7               =  7.87853e-07
dlev8               =  7.99339e-07
dlev9               =  3.40099e-07
dlev10              =  -1.08888e-06
dlev11              =  8.04609e-07
dlev12              =  3.80136e-06
dlev13              =  5.54202e-07
dlev14              =  4.20548e-07
dlev15              =  1.62203e-06
dlev16              =  1.00000e+00
dlev17              =  1.00000e+00
dlev18              =  1.00000e+00
dlev19              =  1.00000e+00
dlev20              =  1.00000e+00
dlev21              =  1.00000e+00
dlev22              =  1.00000e+00
dlev23              =  1.00000e+00
dlev24              =  1.00000e+00
dlev25              =  1.00000e+00
dlev26              =  1.00000e+00
dlev27              =  1.00000e+00
dlev28              =  1.00000e+00
dlev29              =  1.00000e+00
dlev30              =  1.00000e+00
dlev31              =  1.00000e+00
dlev32              =  1.00000e+00
vdd_meas            =  1.20000e+00
temp_meas           =  2.70000e+01
vbias_mv            =  3.54108e+02
lowcount            =  1.60000e+01
vos_mv              =  -1.50007e+00

ngspice-46 done
