
Note: No compatibility mode selected!


Circuit: * klt sim -- generated corner deck, do not edit

Doing analysis at TEMP = -40.000000 and TNOM = 27.000000

Using SPARSE 1.3 as Direct Linear Solver

Initial Transient Solution
--------------------------

Node                                   Voltage
----                                   -------
vdd                                       1.08
cm                                        0.65
vd                                      -0.048
ap                                       0.626
an                                       0.674
clku                                         0
clk                                          0
ibn                                   0.326222
xa.x1.tmid                          7.0609e-08
xa.x1.tail                            0.609785
xa.x1.np                                  1.08
xa.x1.nn                                  1.08
xa.x1.ln                                  1.08
xa.x1.lp                                  1.08
xa.x1.lnb                          1.73352e-08
xa.x1.lpb                          1.67496e-08
xa.x1.na                                  1.08
doutb                                     1.08
dout                               1.67733e-08
xa.x1.nb                                  1.08
doutn                              1.55309e-08
tcheck                                     -40
pa_00                                  326.222
bpa_00#branch                                0
btchk#branch                                 0
bdoutn#branch                                0
bclk#branch                        8.30179e-11
ean#branch                         3.65125e-13
eap#branch                         4.93328e-13
vclku#branch                                 0
vd#branch                                    0
vcm#branch                         8.58452e-13
vsup#branch                       -2.00004e-05


No. of Data Rows : 12160

  Measurements for Transient Analysis

dlev0               =  -1.03397e-06
dlev1               =  -1.45460e-06
dlev2               =  -4.33312e-06
dlev3               =  -4.76097e-06
dlev4               =  -3.64498e-06
dlev5               =  -3.64046e-06
dlev6               =  -3.50479e-06
dlev7               =  -1.09729e-06
dlev8               =  -3.17751e-06
dlev9               =  -4.44336e-06
dlev10              =  -3.05934e-06
dlev11              =  -3.13619e-06
dlev12              =  9.54048e-07
dlev13              =  -2.08253e-06
dlev14              =  1.27813e-06
dlev15              =  -1.50618e-06
dlev16              =  1.52133e-06
dlev17              =  1.00000e+00
dlev18              =  9.99998e-01
dlev19              =  9.99997e-01
dlev20              =  9.99997e-01
dlev21              =  9.99998e-01
dlev22              =  9.99996e-01
dlev23              =  9.99996e-01
dlev24              =  9.99997e-01
dlev25              =  1.00000e+00
dlev26              =  9.99998e-01
dlev27              =  9.99996e-01
dlev28              =  9.99996e-01
dlev29              =  9.99996e-01
dlev30              =  9.99996e-01
dlev31              =  9.99996e-01
dlev32              =  9.99996e-01
vdd_meas            =  1.08000e+00
temp_meas           =  -4.00000e+01
vbias_mv            =  3.26222e+02
lowcount            =  1.70001e+01
vos_mv              =  1.50025e+00
vcm_meas            =  6.50000e-01

ngspice-46 done
