
Note: No compatibility mode selected!


Circuit: * klt sim -- generated corner deck, do not edit

Doing analysis at TEMP = 27.000000 and TNOM = 27.000000

Using SPARSE 1.3 as Direct Linear Solver

Initial Transient Solution
--------------------------

Node                                   Voltage
----                                   -------
vdd                                        1.2
cm                                        0.55
vd                                      -0.048
ap                                       0.526
an                                       0.574
clku                                         0
clk                                          0
ibn                                   0.288134
xa.x1.tmid                         2.96221e-06
xa.x1.tail                            0.533512
xa.x1.np                                   1.2
xa.x1.nn                                   1.2
xa.x1.ln                                   1.2
xa.x1.lp                                   1.2
xa.x1.lnb                          5.43204e-08
xa.x1.lpb                          5.25638e-08
xa.x1.na                                   1.2
doutb                              5.72861e-08
dout                                       1.2
xa.x1.nb                                   1.2
doutn                                        1
tcheck                                      27
pa_00                                  288.134
bpa_00#branch                                0
btchk#branch                                 0
bdoutn#branch                                0
bclk#branch                        1.76899e-10
ean#branch                         2.49051e-12
eap#branch                         3.14423e-12
vclku#branch                                 0
vd#branch                                    0
vcm#branch                         5.63474e-12
vsup#branch                       -2.00078e-05


No. of Data Rows : 12288

  Measurements for Transient Analysis

dlev0               =  1.23374e-06
dlev1               =  1.61955e-06
dlev2               =  2.48495e-06
dlev3               =  -5.23857e-08
dlev4               =  1.51425e-06
dlev5               =  1.14591e-06
dlev6               =  2.10279e-06
dlev7               =  1.88830e-06
dlev8               =  2.13656e-06
dlev9               =  1.67164e-06
dlev10              =  -1.02698e-06
dlev11              =  -1.37521e-06
dlev12              =  -9.43659e-07
dlev13              =  1.40488e-06
dlev14              =  -1.27415e-06
dlev15              =  -1.79247e-06
dlev16              =  -2.29363e-06
dlev17              =  9.99996e-01
dlev18              =  9.99999e-01
dlev19              =  1.00000e+00
dlev20              =  1.00000e+00
dlev21              =  1.00000e+00
dlev22              =  9.99999e-01
dlev23              =  9.99999e-01
dlev24              =  1.00000e+00
dlev25              =  1.00000e+00
dlev26              =  1.00000e+00
dlev27              =  1.00000e+00
dlev28              =  1.00000e+00
dlev29              =  1.00000e+00
dlev30              =  1.00000e+00
dlev31              =  1.00000e+00
dlev32              =  1.00000e+00
vdd_meas            =  1.20000e+00
temp_meas           =  2.70000e+01
vbias_mv            =  2.88134e+02
lowcount            =  1.70000e+01
vos_mv              =  1.49998e+00
vcm_meas            =  5.50000e-01

ngspice-46 done
