
Note: No compatibility mode selected!


Circuit: * klt sim -- generated corner deck, do not edit

Doing analysis at TEMP = -40.000000 and TNOM = 27.000000

Using SPARSE 1.3 as Direct Linear Solver
Note: Starting dynamic gmin stepping
Note: Dynamic gmin stepping completed

Initial Transient Solution
--------------------------

Node                                   Voltage
----                                   -------
vdd                                        1.2
cm                                         0.6
vd                                      -0.048
ap                                       0.576
an                                       0.624
clku                                         0
clk                                          0
ibn                                   0.346757
xa.x1.tmid                         2.37775e-08
xa.x1.tail                            0.532168
xa.x1.np                                   1.2
xa.x1.nn                                   1.2
xa.x1.ln                                   1.2
xa.x1.lp                                   1.2
xa.x1.lnb                           2.6176e-08
xa.x1.lpb                          2.61503e-08
xa.x1.na                                   1.2
doutb                              2.76647e-08
dout                                       1.2
xa.x1.nb                                   1.2
doutn                                        1
tcheck                                     -40
pa_00                                  346.757
bpa_00#branch                                0
btchk#branch                                 0
bdoutn#branch                                0
bclk#branch                        2.05717e-10
ean#branch                          3.0162e-13
eap#branch                         3.87593e-13
vclku#branch                                 0
vd#branch                                    0
vcm#branch                         6.89213e-13
vsup#branch                       -2.00005e-05


No. of Data Rows : 12223

  Measurements for Transient Analysis

dlev0               =  -6.41859e-06
dlev1               =  -1.01898e-08
dlev2               =  8.72306e-06
dlev3               =  8.67927e-06
dlev4               =  6.97591e-06
dlev5               =  7.24208e-06
dlev6               =  5.29160e-06
dlev7               =  6.69886e-06
dlev8               =  9.73463e-06
dlev9               =  2.56122e-06
dlev10              =  6.24844e-06
dlev11              =  5.34939e-06
dlev12              =  2.72625e-06
dlev13              =  2.51779e-06
dlev14              =  7.85199e-07
dlev15              =  1.25928e-05
dlev16              =  8.80764e-06
dlev17              =  1.27239e-05
dlev18              =  9.99998e-01
dlev19              =  1.00000e+00
dlev20              =  1.00000e+00
dlev21              =  1.00000e+00
dlev22              =  1.00000e+00
dlev23              =  1.00000e+00
dlev24              =  1.00000e+00
dlev25              =  1.00000e+00
dlev26              =  1.00000e+00
dlev27              =  1.00000e+00
dlev28              =  1.00000e+00
dlev29              =  1.00000e+00
dlev30              =  1.00000e+00
dlev31              =  1.00000e+00
dlev32              =  1.00000e+00
vdd_meas            =  1.20000e+00
temp_meas           =  -4.00000e+01
vbias_mv            =  3.46757e+02
lowcount            =  1.79999e+01
vos_mv              =  4.49958e+00

ngspice-46 done
