
Note: No compatibility mode selected!


Circuit: * klt sim -- generated corner deck, do not edit

Doing analysis at TEMP = 27.000000 and TNOM = 27.000000

Using SPARSE 1.3 as Direct Linear Solver

Initial Transient Solution
--------------------------

Node                                   Voltage
----                                   -------
vdd                                        1.2
cm                                         0.6
vd                                      -0.048
ap                                       0.576
an                                       0.624
clku                                         0
clk                                          0
ibn                                   0.318601
xa.x1.tmid                          3.6773e-07
xa.x1.tail                            0.594399
xa.x1.np                                   1.2
xa.x1.nn                                   1.2
xa.x1.ln                                   1.2
xa.x1.lp                                   1.2
xa.x1.lnb                          2.28999e-07
xa.x1.lpb                          2.29698e-07
xa.x1.na                               1.18448
doutb                                 0.642239
dout                                  0.646604
xa.x1.nb                               1.18277
doutn                                 0.538836
tcheck                                      27
pa_00                                  318.601
bpa_00#branch                                0
btchk#branch                                 0
bdoutn#branch                                0
bclk#branch                         5.5733e-10
ean#branch                         4.51722e-13
eap#branch                         5.81257e-13
vclku#branch                                 0
vd#branch                                    0
vcm#branch                         1.03298e-12
vsup#branch                       -8.83386e-05


No. of Data Rows : 12234

  Measurements for Transient Analysis

dlev0               =  2.74416e-06
dlev1               =  7.60194e-06
dlev2               =  6.70054e-06
dlev3               =  6.19867e-06
dlev4               =  2.48952e-06
dlev5               =  7.38504e-07
dlev6               =  4.99247e-07
dlev7               =  2.84406e-06
dlev8               =  4.47885e-06
dlev9               =  4.73927e-06
dlev10              =  2.57169e-06
dlev11              =  2.66322e-06
dlev12              =  4.38132e-06
dlev13              =  1.45357e-06
dlev14              =  4.27127e-07
dlev15              =  3.87271e-06
dlev16              =  5.41528e-06
dlev17              =  2.95513e-09
dlev18              =  9.99998e-01
dlev19              =  1.00000e+00
dlev20              =  9.99999e-01
dlev21              =  1.00000e+00
dlev22              =  9.99999e-01
dlev23              =  9.99998e-01
dlev24              =  9.99998e-01
dlev25              =  1.00000e+00
dlev26              =  9.99998e-01
dlev27              =  9.99998e-01
dlev28              =  1.00000e+00
dlev29              =  9.99999e-01
dlev30              =  9.99999e-01
dlev31              =  9.99999e-01
dlev32              =  1.00000e+00
vdd_meas            =  1.20000e+00
temp_meas           =  2.70000e+01
vbias_mv            =  3.18601e+02
lowcount            =  1.80000e+01
vos_mv              =  4.49986e+00

ngspice-46 done
