
Note: No compatibility mode selected!


Circuit: * klt sim -- generated corner deck, do not edit

Doing analysis at TEMP = 27.000000 and TNOM = 27.000000

Using SPARSE 1.3 as Direct Linear Solver

Initial Transient Solution
--------------------------

Node                                   Voltage
----                                   -------
vdd                                       1.08
cm                                        0.65
vd                                      -0.048
ap                                       0.626
an                                       0.674
clku                                         0
clk                                          0
ibn                                   0.305321
xa.x1.tmid                         1.43994e-06
xa.x1.tail                            0.618135
xa.x1.np                                  1.08
xa.x1.nn                                  1.08
xa.x1.ln                                  1.08
xa.x1.lp                                  1.08
xa.x1.lnb                          1.04178e-07
xa.x1.lpb                          8.97833e-08
xa.x1.na                                  1.08
doutb                              9.40322e-08
dout                                      1.08
xa.x1.nb                                  1.08
doutn                                        1
tcheck                                      27
pa_00                                  305.321
bpa_00#branch                                0
btchk#branch                                 0
bdoutn#branch                                0
bclk#branch                        2.16817e-10
ean#branch                         3.57409e-13
eap#branch                         4.84474e-13
vclku#branch                                 0
vd#branch                                    0
vcm#branch                         8.41882e-13
vsup#branch                       -2.00039e-05


No. of Data Rows : 12104

  Measurements for Transient Analysis

dlev0               =  8.29519e-06
dlev1               =  -1.91489e-06
dlev2               =  2.40259e-06
dlev3               =  -1.35428e-06
dlev4               =  2.94342e-06
dlev5               =  2.34552e-06
dlev6               =  2.90375e-06
dlev7               =  2.95407e-06
dlev8               =  2.89891e-06
dlev9               =  2.93108e-06
dlev10              =  3.93072e-07
dlev11              =  2.90093e-06
dlev12              =  3.30958e-06
dlev13              =  3.58030e-06
dlev14              =  3.76160e-06
dlev15              =  4.05539e-06
dlev16              =  1.00000e+00
dlev17              =  1.00000e+00
dlev18              =  1.00000e+00
dlev19              =  1.00000e+00
dlev20              =  1.00000e+00
dlev21              =  1.00000e+00
dlev22              =  1.00000e+00
dlev23              =  1.00000e+00
dlev24              =  1.00000e+00
dlev25              =  1.00000e+00
dlev26              =  1.00000e+00
dlev27              =  1.00000e+00
dlev28              =  1.00000e+00
dlev29              =  1.00000e+00
dlev30              =  1.00000e+00
dlev31              =  1.00000e+00
dlev32              =  1.00000e+00
vdd_meas            =  1.08000e+00
temp_meas           =  2.70000e+01
vbias_mv            =  3.05321e+02
lowcount            =  1.59999e+01
vos_mv              =  -1.50016e+00
vcm_meas            =  6.50000e-01

ngspice-46 done
