
Note: No compatibility mode selected!


Circuit: * klt sim -- generated corner deck, do not edit

Doing analysis at TEMP = 27.000000 and TNOM = 27.000000

Using SPARSE 1.3 as Direct Linear Solver

Initial Transient Solution
--------------------------

Node                                   Voltage
----                                   -------
vdd                                        1.2
cm                                         0.6
vd                                      -0.048
ap                                       0.576
an                                       0.624
clku                                         0
clk                                          0
ibn                                   0.322243
xa.x1.tmid                         1.36316e-07
xa.x1.tail                            0.598341
xa.x1.np                                   1.2
xa.x1.nn                                   1.2
xa.x1.ln                                   1.2
xa.x1.lp                                   1.2
xa.x1.lnb                          1.70933e-08
xa.x1.lpb                          1.68539e-08
xa.x1.na                                   1.2
doutb                              1.81019e-08
dout                                       1.2
xa.x1.nb                                   1.2
doutn                                        1
tcheck                                      27
pa_00                                  322.243
bpa_00#branch                                0
btchk#branch                                 0
bdoutn#branch                                0
bclk#branch                        9.56306e-11
ean#branch                         2.17576e-13
eap#branch                         2.81247e-13
vclku#branch                                 0
vd#branch                                    0
vcm#branch                         4.98823e-13
vsup#branch                       -1.00004e-05


No. of Data Rows : 12086

  Measurements for Transient Analysis

dlev0               =  -2.32819e-06
dlev1               =  5.65627e-06
dlev2               =  5.81426e-06
dlev3               =  4.78001e-06
dlev4               =  3.90541e-06
dlev5               =  4.31626e-06
dlev6               =  4.98746e-06
dlev7               =  5.93718e-06
dlev8               =  3.33032e-06
dlev9               =  2.76063e-06
dlev10              =  2.41274e-06
dlev11              =  2.38835e-06
dlev12              =  2.15313e-06
dlev13              =  1.86310e-06
dlev14              =  1.53072e-06
dlev15              =  2.29846e-06
dlev16              =  9.99999e-01
dlev17              =  1.00000e+00
dlev18              =  1.00000e+00
dlev19              =  1.00000e+00
dlev20              =  1.00000e+00
dlev21              =  1.00000e+00
dlev22              =  1.00000e+00
dlev23              =  1.00000e+00
dlev24              =  1.00000e+00
dlev25              =  1.00000e+00
dlev26              =  1.00000e+00
dlev27              =  1.00000e+00
dlev28              =  1.00000e+00
dlev29              =  9.99999e-01
dlev30              =  1.00000e+00
dlev31              =  1.00000e+00
dlev32              =  1.00000e+00
vdd_meas            =  1.20000e+00
temp_meas           =  2.70000e+01
vbias_mv            =  3.22243e+02
lowcount            =  1.59999e+01
vos_mv              =  -1.50023e+00

ngspice-46 done
