
Note: No compatibility mode selected!


Circuit: * klt sim -- generated corner deck, do not edit

Doing analysis at TEMP = 125.000000 and TNOM = 27.000000

Using SPARSE 1.3 as Direct Linear Solver

Initial Transient Solution
--------------------------

Node                                   Voltage
----                                   -------
vdd                                       1.32
cm                                         0.6
vd                                      -0.048
ap                                       0.576
an                                       0.624
clku                                         0
clk                                          0
ibn                                   0.189087
xa.x1.tmid                          0.00038499
xa.x1.tail                            0.579095
xa.x1.np                               1.31994
xa.x1.nn                               1.31975
xa.x1.ln                                  1.32
xa.x1.lp                                  1.32
xa.x1.lnb                          1.95224e-05
xa.x1.lpb                          2.02944e-05
xa.x1.na                               1.31999
doutb                                  1.31997
dout                               2.80467e-05
xa.x1.nb                               1.31998
doutn                              2.12475e-05
tcheck                                     125
pa_00                                  189.087
bpa_00#branch                                0
btchk#branch                                 0
bdoutn#branch                                0
bclk#branch                        2.22224e-09
ean#branch                         1.58019e-11
eap#branch                          1.9617e-11
vclku#branch                                 0
vd#branch                                    0
vcm#branch                         3.54189e-11
vsup#branch                       -1.57488e-05


No. of Data Rows : 12230

  Measurements for Transient Analysis

dlev0               =  1.61397e-05
dlev1               =  2.22381e-05
dlev2               =  2.30713e-05
dlev3               =  2.25833e-05
dlev4               =  2.26779e-05
dlev5               =  2.15108e-05
dlev6               =  1.85393e-05
dlev7               =  1.97405e-05
dlev8               =  2.06305e-05
dlev9               =  2.04656e-05
dlev10              =  2.04229e-05
dlev11              =  2.32648e-05
dlev12              =  2.09352e-05
dlev13              =  2.34088e-05
dlev14              =  2.28287e-05
dlev15              =  2.41170e-05
dlev16              =  2.02320e-05
dlev17              =  2.38496e-05
dlev18              =  9.99987e-01
dlev19              =  9.99985e-01
dlev20              =  9.99985e-01
dlev21              =  9.99986e-01
dlev22              =  9.99986e-01
dlev23              =  9.99985e-01
dlev24              =  9.99985e-01
dlev25              =  9.99986e-01
dlev26              =  9.99985e-01
dlev27              =  9.99984e-01
dlev28              =  9.99986e-01
dlev29              =  9.99986e-01
dlev30              =  9.99986e-01
dlev31              =  9.99986e-01
dlev32              =  9.99986e-01
vdd_meas            =  1.32000e+00
temp_meas           =  1.25000e+02
vbias_mv            =  1.89087e+02
lowcount            =  1.79998e+01
vos_mv              =  4.49949e+00

ngspice-46 done
