
Note: No compatibility mode selected!


Circuit: * klt sim -- generated corner deck, do not edit

Doing analysis at TEMP = -40.000000 and TNOM = 27.000000

Using SPARSE 1.3 as Direct Linear Solver

Initial Transient Solution
--------------------------

Node                                   Voltage
----                                   -------
vdd                                        1.2
cm                                         0.6
vd                                      -0.048
ap                                       0.576
an                                       0.624
clku                                         0
clk                                          0
ibn                                   0.322753
xa.x1.tmid                         7.12276e-08
xa.x1.tail                            0.571449
xa.x1.np                                   1.2
xa.x1.nn                                   1.2
xa.x1.ln                                   1.2
xa.x1.lp                                   1.2
xa.x1.lnb                           2.4589e-08
xa.x1.lpb                          2.27762e-08
xa.x1.na                                   1.2
doutb                                      1.2
dout                               2.56167e-08
xa.x1.nb                                   1.2
doutn                              2.13473e-08
tcheck                                     -40
pa_00                                  322.753
bpa_00#branch                                0
btchk#branch                                 0
bdoutn#branch                                0
bclk#branch                         1.1718e-10
ean#branch                         9.43551e-13
eap#branch                         1.20332e-12
vclku#branch                                 0
vd#branch                                    0
vcm#branch                         2.14687e-12
vsup#branch                       -2.00006e-05


No. of Data Rows : 12292

  Measurements for Transient Analysis

dlev0               =  -5.49544e-06
dlev1               =  2.22667e-06
dlev2               =  6.70284e-07
dlev3               =  3.37340e-06
dlev4               =  1.83327e-06
dlev5               =  1.63391e-06
dlev6               =  8.58048e-07
dlev7               =  3.82764e-06
dlev8               =  2.24399e-06
dlev9               =  2.21127e-06
dlev10              =  -6.33841e-06
dlev11              =  -5.51592e-06
dlev12              =  -6.18854e-06
dlev13              =  -4.64292e-06
dlev14              =  2.14881e-06
dlev15              =  -7.07830e-06
dlev16              =  1.00000e+00
dlev17              =  9.99998e-01
dlev18              =  1.00000e+00
dlev19              =  9.99998e-01
dlev20              =  1.00000e+00
dlev21              =  9.99998e-01
dlev22              =  1.00000e+00
dlev23              =  1.00000e+00
dlev24              =  1.00000e+00
dlev25              =  1.00000e+00
dlev26              =  1.00000e+00
dlev27              =  1.00000e+00
dlev28              =  1.00000e+00
dlev29              =  1.00000e+00
dlev30              =  1.00000e+00
dlev31              =  1.00000e+00
dlev32              =  1.00000e+00
vdd_meas            =  1.20000e+00
temp_meas           =  -4.00000e+01
vbias_mv            =  3.22753e+02
lowcount            =  1.60000e+01
vos_mv              =  -1.49998e+00
vcm_meas            =  6.00000e-01

ngspice-46 done
