
Note: No compatibility mode selected!


Circuit: * klt sim -- generated corner deck, do not edit

Doing analysis at TEMP = -40.000000 and TNOM = 27.000000

Using SPARSE 1.3 as Direct Linear Solver

Initial Transient Solution
--------------------------

Node                                   Voltage
----                                   -------
vdd                                       1.32
cm                                         0.6
vd                                      -0.048
ap                                       0.576
an                                       0.624
clku                                         0
clk                                          0
ibn                                   0.347333
xa.x1.tmid                         2.64607e-08
xa.x1.tail                            0.528694
xa.x1.np                                  1.32
xa.x1.nn                                  1.32
xa.x1.ln                                  1.32
xa.x1.lp                                  1.32
xa.x1.lnb                          3.40527e-08
xa.x1.lpb                          3.41608e-08
xa.x1.na                               1.29997
doutb                                 0.685775
dout                                  0.684907
xa.x1.nb                               1.30067
doutn                                 0.518869
tcheck                                     -40
pa_00                                  347.333
bpa_00#branch                                0
btchk#branch                                 0
bdoutn#branch                                0
bclk#branch                        2.81777e-10
ean#branch                         5.46868e-13
eap#branch                         6.85563e-13
vclku#branch                                 0
vd#branch                                    0
vcm#branch                         1.23243e-12
vsup#branch                       -0.000114426


No. of Data Rows : 12315

  Measurements for Transient Analysis

dlev0               =  -2.34361e-06
dlev1               =  -3.38136e-06
dlev2               =  -2.42884e-06
dlev3               =  -2.54153e-06
dlev4               =  -2.83214e-06
dlev5               =  -5.05958e-06
dlev6               =  -5.00190e-06
dlev7               =  -4.96935e-06
dlev8               =  -5.04082e-06
dlev9               =  -5.66392e-06
dlev10              =  -5.75865e-06
dlev11              =  -5.85552e-06
dlev12              =  -5.84976e-06
dlev13              =  -3.71075e-06
dlev14              =  -6.03878e-06
dlev15              =  -3.69194e-06
dlev16              =  9.99999e-01
dlev17              =  1.00000e+00
dlev18              =  9.99997e-01
dlev19              =  9.99997e-01
dlev20              =  9.99999e-01
dlev21              =  9.99999e-01
dlev22              =  9.99997e-01
dlev23              =  9.99999e-01
dlev24              =  9.99998e-01
dlev25              =  9.99998e-01
dlev26              =  9.99999e-01
dlev27              =  9.99999e-01
dlev28              =  9.99999e-01
dlev29              =  1.00000e+00
dlev30              =  9.99999e-01
dlev31              =  9.99998e-01
dlev32              =  9.99998e-01
vdd_meas            =  1.32000e+00
temp_meas           =  -4.00000e+01
vbias_mv            =  3.47333e+02
lowcount            =  1.60001e+01
vos_mv              =  -1.49971e+00

ngspice-46 done
