
Note: No compatibility mode selected!


Circuit: * klt sim -- generated corner deck, do not edit

Doing analysis at TEMP = -40.000000 and TNOM = 27.000000

Using SPARSE 1.3 as Direct Linear Solver

Initial Transient Solution
--------------------------

Node                                   Voltage
----                                   -------
vdd                                       1.32
cm                                         0.6
vd                                      -0.048
ap                                       0.576
an                                       0.624
clku                                         0
clk                                          0
ibn                                   0.310101
xa.x1.tmid                         9.63132e-08
xa.x1.tail                            0.567188
xa.x1.np                                  1.32
xa.x1.nn                                  1.32
xa.x1.ln                                  1.32
xa.x1.lp                                  1.32
xa.x1.lnb                          3.15224e-08
xa.x1.lpb                          3.37681e-08
xa.x1.na                               1.29857
doutb                                  0.65286
dout                                  0.646077
xa.x1.nb                               1.29928
doutn                                 0.489452
tcheck                                     -40
pa_00                                  310.101
bpa_00#branch                                0
btchk#branch                                 0
bdoutn#branch                                0
bclk#branch                        1.62388e-10
ean#branch                         1.68354e-12
eap#branch                         2.09793e-12
vclku#branch                                 0
vd#branch                                    0
vcm#branch                         3.78148e-12
vsup#branch                       -0.000110146


No. of Data Rows : 12310

  Measurements for Transient Analysis

dlev0               =  -1.72602e-06
dlev1               =  -8.62433e-08
dlev2               =  -4.08245e-07
dlev3               =  -1.62967e-06
dlev4               =  -1.41696e-06
dlev5               =  -1.32179e-06
dlev6               =  -1.32766e-06
dlev7               =  -2.30946e-06
dlev8               =  -2.01975e-06
dlev9               =  1.25146e-07
dlev10              =  4.06593e-07
dlev11              =  -1.45518e-06
dlev12              =  -1.73378e-06
dlev13              =  -4.43128e-07
dlev14              =  -2.20984e-07
dlev15              =  9.89984e-07
dlev16              =  1.00000e+00
dlev17              =  1.00000e+00
dlev18              =  1.00000e+00
dlev19              =  9.99999e-01
dlev20              =  9.99999e-01
dlev21              =  9.99999e-01
dlev22              =  1.00000e+00
dlev23              =  9.99999e-01
dlev24              =  9.99999e-01
dlev25              =  1.00000e+00
dlev26              =  1.00000e+00
dlev27              =  9.99999e-01
dlev28              =  9.99998e-01
dlev29              =  1.00000e+00
dlev30              =  9.99998e-01
dlev31              =  9.99999e-01
dlev32              =  1.00000e+00
vdd_meas            =  1.32000e+00
temp_meas           =  -4.00000e+01
vbias_mv            =  3.10101e+02
lowcount            =  1.60000e+01
vos_mv              =  -1.49993e+00

ngspice-46 done
