
Note: No compatibility mode selected!


Circuit: * klt sim -- generated corner deck, do not edit

Doing analysis at TEMP = 27.000000 and TNOM = 27.000000

Using SPARSE 1.3 as Direct Linear Solver
Note: Starting dynamic gmin stepping
Note: Dynamic gmin stepping completed

Initial Transient Solution
--------------------------

Node                                   Voltage
----                                   -------
vdd                                        1.2
cm                                         0.6
vd                                      -0.048
ap                                       0.576
an                                       0.624
clku                                         0
clk                                          0
ibn                                   0.357171
xa.x1.tmid                         8.62593e-08
xa.x1.tail                             0.60244
xa.x1.np                                   1.2
xa.x1.nn                                   1.2
xa.x1.ln                                   1.2
xa.x1.lp                                   1.2
xa.x1.lnb                          1.62309e-08
xa.x1.lpb                          1.66726e-08
xa.x1.na                                   1.2
doutb                                      1.2
dout                               1.82558e-08
xa.x1.nb                                   1.2
doutn                              1.52132e-08
tcheck                                      27
pa_00                                  357.171
bpa_00#branch                                0
btchk#branch                                 0
bdoutn#branch                                0
bclk#branch                        9.54806e-11
ean#branch                          2.1752e-13
eap#branch                         2.81775e-13
vclku#branch                                 0
vd#branch                                    0
vcm#branch                         4.99295e-13
vsup#branch                       -2.00004e-05


No. of Data Rows : 12167

  Measurements for Transient Analysis

dlev0               =  1.80939e-06
dlev1               =  3.09061e-06
dlev2               =  5.14618e-06
dlev3               =  4.37855e-06
dlev4               =  4.84267e-06
dlev5               =  4.82587e-06
dlev6               =  3.98442e-06
dlev7               =  8.35325e-06
dlev8               =  -2.36282e-07
dlev9               =  -3.45719e-07
dlev10              =  -5.23026e-07
dlev11              =  9.81926e-06
dlev12              =  -3.24491e-07
dlev13              =  6.67535e-06
dlev14              =  -8.25734e-07
dlev15              =  -8.01793e-07
dlev16              =  6.29523e-06
dlev17              =  -2.08178e-06
dlev18              =  1.00000e+00
dlev19              =  1.00000e+00
dlev20              =  1.00000e+00
dlev21              =  1.00000e+00
dlev22              =  1.00000e+00
dlev23              =  1.00000e+00
dlev24              =  1.00000e+00
dlev25              =  1.00000e+00
dlev26              =  9.99999e-01
dlev27              =  1.00000e+00
dlev28              =  1.00000e+00
dlev29              =  1.00000e+00
dlev30              =  1.00000e+00
dlev31              =  1.00000e+00
dlev32              =  1.00000e+00
vdd_meas            =  1.20000e+00
temp_meas           =  2.70000e+01
vbias_mv            =  3.57171e+02
lowcount            =  1.79999e+01
vos_mv              =  4.49978e+00

ngspice-46 done
