
Note: No compatibility mode selected!


Circuit: * klt sim -- generated corner deck, do not edit

Doing analysis at TEMP = -40.000000 and TNOM = 27.000000

Using SPARSE 1.3 as Direct Linear Solver

Initial Transient Solution
--------------------------

Node                                   Voltage
----                                   -------
vdd                                        1.2
cm                                         0.6
vd                                      -0.048
ap                                       0.576
an                                       0.624
clku                                         0
clk                                          0
ibn                                   0.321805
xa.x1.tmid                         6.69134e-08
xa.x1.tail                             0.52767
xa.x1.np                                   1.2
xa.x1.nn                                   1.2
xa.x1.ln                                   1.2
xa.x1.lp                                   1.2
xa.x1.lnb                          2.43553e-08
xa.x1.lpb                          2.31868e-08
xa.x1.na                               1.18753
doutb                                 0.600437
dout                                  0.595903
xa.x1.nb                               1.18943
doutn                                 0.496586
tcheck                                     -40
pa_00                                  321.805
bpa_00#branch                                0
btchk#branch                                 0
bdoutn#branch                                0
bclk#branch                        1.17608e-10
ean#branch                         6.25305e-13
eap#branch                            7.99e-13
vclku#branch                                 0
vd#branch                                    0
vcm#branch                         1.42431e-12
vsup#branch                       -6.67369e-05


No. of Data Rows : 12269

  Measurements for Transient Analysis

dlev0               =  -1.00280e-05
dlev1               =  1.09867e-05
dlev2               =  1.16180e-05
dlev3               =  6.05588e-06
dlev4               =  1.33382e-06
dlev5               =  7.10100e-06
dlev6               =  6.73630e-06
dlev7               =  5.84292e-06
dlev8               =  5.75144e-06
dlev9               =  9.31388e-06
dlev10              =  1.23833e-05
dlev11              =  2.04392e-07
dlev12              =  5.32163e-06
dlev13              =  5.07870e-06
dlev14              =  6.76211e-07
dlev15              =  4.87027e-06
dlev16              =  9.99997e-01
dlev17              =  1.00000e+00
dlev18              =  1.00000e+00
dlev19              =  1.00000e+00
dlev20              =  1.00000e+00
dlev21              =  1.00000e+00
dlev22              =  1.00000e+00
dlev23              =  1.00000e+00
dlev24              =  1.00000e+00
dlev25              =  1.00000e+00
dlev26              =  1.00000e+00
dlev27              =  1.00000e+00
dlev28              =  1.00000e+00
dlev29              =  1.00000e+00
dlev30              =  1.00000e+00
dlev31              =  1.00000e+00
dlev32              =  1.00000e+00
vdd_meas            =  1.20000e+00
temp_meas           =  -4.00000e+01
vbias_mv            =  3.21805e+02
lowcount            =  1.59999e+01
vos_mv              =  -1.50036e+00

ngspice-46 done
