
Note: No compatibility mode selected!


Circuit: * klt sim -- generated corner deck, do not edit

Doing analysis at TEMP = -40.000000 and TNOM = 27.000000

Using SPARSE 1.3 as Direct Linear Solver

Initial Transient Solution
--------------------------

Node                                   Voltage
----                                   -------
vdd                                       1.08
cm                                         0.6
vd                                      -0.048
ap                                       0.576
an                                       0.624
clku                                         0
clk                                          0
ibn                                   0.323289
xa.x1.tmid                         7.90294e-08
xa.x1.tail                            0.565817
xa.x1.np                                  1.08
xa.x1.nn                                  1.08
xa.x1.ln                                  1.08
xa.x1.lp                                  1.08
xa.x1.lnb                          1.60609e-08
xa.x1.lpb                          1.62309e-08
xa.x1.na                               1.07392
doutb                                 0.522913
dout                                  0.526283
xa.x1.nb                               1.07356
doutn                                 0.487299
tcheck                                     -40
pa_00                                  323.289
bpa_00#branch                                0
btchk#branch                                 0
bdoutn#branch                                0
bclk#branch                        8.23894e-11
ean#branch                         4.94216e-13
eap#branch                         6.52145e-13
vclku#branch                                 0
vd#branch                                    0
vcm#branch                         1.14636e-12
vsup#branch                       -4.16732e-05


No. of Data Rows : 12218

  Measurements for Transient Analysis

dlev0               =  -2.01527e-06
dlev1               =  1.99237e-07
dlev2               =  -2.08602e-06
dlev3               =  -1.91864e-06
dlev4               =  -2.26670e-06
dlev5               =  5.98329e-06
dlev6               =  -1.76438e-06
dlev7               =  -2.26541e-06
dlev8               =  1.79400e-06
dlev9               =  -1.79581e-06
dlev10              =  -5.02716e-07
dlev11              =  1.49910e-06
dlev12              =  2.26488e-06
dlev13              =  2.53008e-06
dlev14              =  2.27453e-06
dlev15              =  1.58430e-06
dlev16              =  8.56386e-07
dlev17              =  -3.98607e-07
dlev18              =  9.99999e-01
dlev19              =  1.00000e+00
dlev20              =  1.00000e+00
dlev21              =  1.00000e+00
dlev22              =  9.99999e-01
dlev23              =  9.99999e-01
dlev24              =  1.00000e+00
dlev25              =  1.00000e+00
dlev26              =  1.00000e+00
dlev27              =  9.99999e-01
dlev28              =  9.99999e-01
dlev29              =  1.00000e+00
dlev30              =  1.00000e+00
dlev31              =  9.99999e-01
dlev32              =  9.99999e-01
vdd_meas            =  1.08000e+00
temp_meas           =  -4.00000e+01
vbias_mv            =  3.23289e+02
lowcount            =  1.80000e+01
vos_mv              =  4.49999e+00

ngspice-46 done
