
Note: No compatibility mode selected!


Circuit: * klt sim -- generated corner deck, do not edit

Doing analysis at TEMP = 125.000000 and TNOM = 27.000000

Using SPARSE 1.3 as Direct Linear Solver

Initial Transient Solution
--------------------------

Node                                   Voltage
----                                   -------
vdd                                       1.32
vdda                                      1.32
clku                                         0
clk                                          0
cm                                         0.6
sa                                       -0.05
apa                                      0.575
ana                                      0.625
ibna                                  0.146946
xa.x1.tmid                          0.00039633
xa.x1.tail                            0.583327
xa.x1.np                               1.31995
xa.x1.nn                               1.31985
xa.x1.ln                                  1.32
xa.x1.lp                                  1.32
xa.x1.lnb                          1.66482e-06
xa.x1.lpb                           1.6597e-06
xa.x1.na                               1.31999
doutba                                 1.31999
douta                              2.15098e-06
xa.x1.nb                                  1.32
sb                                      -0.001
apb                                     0.5995
anb                                     0.6005
ibnb                                  0.146946
xb.x1.tmid                         0.000393973
xb.x1.tail                            0.577256
xb.x1.np                                1.3199
xb.x1.nn                                1.3199
xb.x1.ln                                  1.32
xb.x1.lp                                  1.32
xb.x1.lnb                          1.65787e-06
xb.x1.lpb                          1.65787e-06
xb.x1.na                               1.27822
doutbb                                0.638958
doutb                                 0.638958
xb.x1.nb                               1.27822
sc                                     -0.0001
apc                                    0.59995
anc                                    0.60005
ibnc                                  0.146946
xc.x1.tmid                         0.000393972
xc.x1.tail                            0.577253
xc.x1.np                                1.3199
xc.x1.nn                                1.3199
xc.x1.ln                                  1.32
xc.x1.lp                                  1.32
xc.x1.lnb                          1.65787e-06
xc.x1.lpb                          1.65787e-06
xc.x1.na                               1.27822
doutbc                                0.638958
doutc                                 0.638958
xc.x1.nb                               1.27822
clkn                                         0
dan                                1.62953e-06
dbn                                   0.484059
dcn                                   0.484059
tcheck                                     125
pa_00                              7.00302e-06
bpa_00#branch                                0
vsupa#branch                      -5.30532e-06
btchk#branch                                 0
bdcn#branch                                  0
bdbn#branch                                  0
bdan#branch                                  0
bclkn#branch                                 0
bclk#branch                        1.15712e-09
eanc#branch                         8.6213e-12
eapc#branch                        8.62527e-12
eanb#branch                        8.60351e-12
eapb#branch                        8.64311e-12
eana#branch                        7.68169e-12
eapa#branch                        9.66296e-12
vsc#branch                                   0
vsb#branch                                   0
vsa#branch                                   0
vcm#branch                         5.18378e-11
vclku#branch                                 0
vsup#branch                       -0.000316676


No. of Data Rows : 12042

  Measurements for Transient Analysis

vdd_meas            =  1.32000e+00
vdda_meas           =  1.32000e+00
temp_meas           =  1.25000e+02
td_a                =  1.44532e-09 targ=  4.14953e-08 trig=  4.00500e-08
td_b                =  1.86408e-09 targ=  4.19141e-08 trig=  4.00500e-08
td_c                =  2.07144e-09 targ=  4.21214e-08 trig=  4.00500e-08
dout_od50_first     =  5.29690e-06
dout_od1_first      =  1.73708e-07
dout_od01_first     =  5.78186e-06
dout_od50_end       =  9.99990e-01
dout_od1_end        =  9.99990e-01
dout_od01_end       =  9.99990e-01
td_od50_ns          =  1.44532e+00
td_od1_ns           =  1.86408e+00
td_od01_ns          =  2.07144e+00
tau_ps              =  9.00558e+01
resolve_decades     =  2.06991e+01
i_stat              =  -5.52255e-06 from=  2.50000e-08 to=  2.90025e-08
i_static_ua         =  5.52255e+00
p_avg               =  1.89420e-05 from=  3.00000e-08 to=  6.00000e-08
p_avg_uw            =  1.89420e+01
vref_v              =  1.46946e-01
tmid_eval_v         =  4.24323e-01

ngspice-46 done
