
Note: No compatibility mode selected!


Circuit: * klt sim -- generated corner deck, do not edit

Doing analysis at TEMP = 125.000000 and TNOM = 27.000000

Using SPARSE 1.3 as Direct Linear Solver

Initial Transient Solution
--------------------------

Node                                   Voltage
----                                   -------
vdd                                       1.08
cm                                         0.6
vd                                      -0.048
ap                                       0.576
an                                       0.624
clku                                         0
clk                                          0
ibn                                   0.229713
xa.x1.tmid                         0.000102276
xa.x1.tail                            0.576983
xa.x1.np                               1.07997
xa.x1.nn                               1.07991
xa.x1.ln                                  1.08
xa.x1.lp                                  1.08
xa.x1.lnb                          4.07664e-06
xa.x1.lpb                          4.67085e-06
xa.x1.na                                  1.08
doutb                              4.99844e-06
dout                                   1.07999
xa.x1.nb                                  1.08
doutn                                 0.999995
tcheck                                     125
pa_00                                  229.713
bpa_00#branch                                0
btchk#branch                                 0
bdoutn#branch                                0
bclk#branch                        3.40348e-10
ean#branch                         1.08738e-12
eap#branch                         1.44246e-12
vclku#branch                                 0
vd#branch                                    0
vcm#branch                         2.52984e-12
vsup#branch                       -1.51702e-05


No. of Data Rows : 12057

  Measurements for Transient Analysis

dlev0               =  4.00948e-06
dlev1               =  6.57158e-07
dlev2               =  1.40815e-06
dlev3               =  6.07417e-07
dlev4               =  1.03214e-06
dlev5               =  1.28209e-06
dlev6               =  3.13298e-06
dlev7               =  3.42753e-06
dlev8               =  5.20686e-06
dlev9               =  1.53304e-06
dlev10              =  3.62076e-06
dlev11              =  3.96023e-06
dlev12              =  5.42000e-06
dlev13              =  2.32214e-06
dlev14              =  3.85612e-06
dlev15              =  5.57095e-06
dlev16              =  9.99995e-01
dlev17              =  9.99995e-01
dlev18              =  9.99995e-01
dlev19              =  9.99995e-01
dlev20              =  9.99995e-01
dlev21              =  9.99995e-01
dlev22              =  9.99994e-01
dlev23              =  9.99995e-01
dlev24              =  9.99995e-01
dlev25              =  9.99995e-01
dlev26              =  9.99995e-01
dlev27              =  9.99995e-01
dlev28              =  9.99995e-01
dlev29              =  9.99994e-01
dlev30              =  9.99995e-01
dlev31              =  9.99994e-01
dlev32              =  9.99994e-01
vdd_meas            =  1.08000e+00
temp_meas           =  1.25000e+02
vbias_mv            =  2.29713e+02
lowcount            =  1.60000e+01
vos_mv              =  -1.49986e+00

ngspice-46 done
