
Note: No compatibility mode selected!


Circuit: * klt sim -- generated corner deck, do not edit

Doing analysis at TEMP = 27.000000 and TNOM = 27.000000

Using SPARSE 1.3 as Direct Linear Solver

Initial Transient Solution
--------------------------

Node                                   Voltage
----                                   -------
vdd                                        1.2
cm                                         0.6
vd                                      -0.048
ap                                       0.576
an                                       0.624
clku                                         0
clk                                          0
ibn                                   0.288392
xa.x1.tmid                         3.18526e-06
xa.x1.tail                            0.573911
xa.x1.np                                   1.2
xa.x1.nn                                   1.2
xa.x1.ln                                   1.2
xa.x1.lp                                   1.2
xa.x1.lnb                          5.07913e-08
xa.x1.lpb                          5.27569e-08
xa.x1.na                                   1.2
doutb                              5.93852e-08
dout                                       1.2
xa.x1.nb                                   1.2
doutn                                        1
tcheck                                      27
pa_00                                  288.392
bpa_00#branch                                0
btchk#branch                                 0
bdoutn#branch                                0
bclk#branch                        1.76457e-10
ean#branch                         1.94628e-12
eap#branch                         2.47935e-12
vclku#branch                                 0
vd#branch                                    0
vcm#branch                         4.42563e-12
vsup#branch                       -2.00081e-05


No. of Data Rows : 12290

  Measurements for Transient Analysis

dlev0               =  -3.36269e-06
dlev1               =  -1.70100e-06
dlev2               =  2.09180e-06
dlev3               =  1.54431e-06
dlev4               =  1.01298e-06
dlev5               =  1.61327e-06
dlev6               =  1.95264e-06
dlev7               =  -1.18711e-06
dlev8               =  1.48498e-06
dlev9               =  -1.21082e-06
dlev10              =  6.16157e-07
dlev11              =  1.42133e-06
dlev12              =  1.34910e-06
dlev13              =  3.99583e-07
dlev14              =  -1.04774e-06
dlev15              =  -4.32087e-08
dlev16              =  -1.78902e-06
dlev17              =  9.99999e-01
dlev18              =  1.00000e+00
dlev19              =  1.00000e+00
dlev20              =  9.99999e-01
dlev21              =  1.00000e+00
dlev22              =  9.99999e-01
dlev23              =  1.00000e+00
dlev24              =  1.00000e+00
dlev25              =  1.00000e+00
dlev26              =  9.99999e-01
dlev27              =  1.00000e+00
dlev28              =  1.00000e+00
dlev29              =  1.00000e+00
dlev30              =  1.00000e+00
dlev31              =  1.00000e+00
dlev32              =  9.99999e-01
vdd_meas            =  1.20000e+00
temp_meas           =  2.70000e+01
vbias_mv            =  2.88392e+02
lowcount            =  1.70000e+01
vos_mv              =  1.50000e+00
vcm_meas            =  6.00000e-01

ngspice-46 done
