
Note: No compatibility mode selected!


Circuit: * klt sim -- generated corner deck, do not edit

Doing analysis at TEMP = 27.000000 and TNOM = 27.000000

Using SPARSE 1.3 as Direct Linear Solver

Initial Transient Solution
--------------------------

Node                                   Voltage
----                                   -------
vdd                                        1.2
cm                                         0.6
vd                                      -0.048
ap                                       0.576
an                                       0.624
clku                                         0
clk                                          0
ibn                                   0.306839
xa.x1.tmid                         1.33171e-06
xa.x1.tail                            0.579243
xa.x1.np                                   1.2
xa.x1.nn                                   1.2
xa.x1.ln                                   1.2
xa.x1.lp                                   1.2
xa.x1.lnb                           9.3233e-08
xa.x1.lpb                          8.39711e-08
xa.x1.na                               1.18293
doutb                                 0.611061
dout                                  0.625449
xa.x1.nb                               1.18151
doutn                                 0.521208
tcheck                                      27
pa_00                                  306.839
bpa_00#branch                                0
btchk#branch                                 0
bdoutn#branch                                0
bclk#branch                        3.07669e-10
ean#branch                         9.37306e-13
eap#branch                         1.20007e-12
vclku#branch                                 0
vd#branch                                    0
vcm#branch                         2.13737e-12
vsup#branch                       -9.01196e-05


No. of Data Rows : 12177

  Measurements for Transient Analysis

dlev0               =  -6.26831e-07
dlev1               =  -8.31646e-07
dlev2               =  3.05156e-06
dlev3               =  2.16117e-06
dlev4               =  -1.58821e-06
dlev5               =  1.53701e-07
dlev6               =  3.35581e-06
dlev7               =  3.24455e-06
dlev8               =  3.08407e-06
dlev9               =  2.10318e-06
dlev10              =  -1.96323e-06
dlev11              =  -2.12715e-06
dlev12              =  -1.30072e-06
dlev13              =  -1.68251e-06
dlev14              =  -2.75926e-07
dlev15              =  -7.30128e-07
dlev16              =  9.99998e-01
dlev17              =  9.99998e-01
dlev18              =  9.99999e-01
dlev19              =  9.99999e-01
dlev20              =  9.99997e-01
dlev21              =  9.99997e-01
dlev22              =  9.99998e-01
dlev23              =  9.99999e-01
dlev24              =  9.99998e-01
dlev25              =  1.00000e+00
dlev26              =  9.99999e-01
dlev27              =  9.99998e-01
dlev28              =  9.99998e-01
dlev29              =  9.99999e-01
dlev30              =  9.99999e-01
dlev31              =  9.99999e-01
dlev32              =  9.99999e-01
vdd_meas            =  1.20000e+00
temp_meas           =  2.70000e+01
vbias_mv            =  3.06839e+02
lowcount            =  1.60000e+01
vos_mv              =  -1.49994e+00

ngspice-46 done
