
Note: No compatibility mode selected!


Circuit: * klt sim -- generated corner deck, do not edit

Doing analysis at TEMP = 27.000000 and TNOM = 27.000000

Using SPARSE 1.3 as Direct Linear Solver

Initial Transient Solution
--------------------------

Node                                   Voltage
----                                   -------
vdd                                       1.32
cm                                         0.6
vd                                      -0.048
ap                                       0.576
an                                       0.624
clku                                         0
clk                                          0
ibn                                   0.284819
xa.x1.tmid                         3.28952e-06
xa.x1.tail                            0.541096
xa.x1.np                                  1.32
xa.x1.nn                                  1.32
xa.x1.ln                                  1.32
xa.x1.lp                                  1.32
xa.x1.lnb                          7.38861e-08
xa.x1.lpb                          7.13827e-08
xa.x1.na                                  1.32
doutb                              7.46392e-08
dout                                      1.32
xa.x1.nb                                  1.32
doutn                                        1
tcheck                                      27
pa_00                                  284.819
bpa_00#branch                                0
btchk#branch                                 0
bdoutn#branch                                0
bclk#branch                        2.43408e-10
ean#branch                         1.73001e-12
eap#branch                         2.15759e-12
vclku#branch                                 0
vd#branch                                    0
vcm#branch                          3.8876e-12
vsup#branch                       -2.00087e-05


No. of Data Rows : 12260

  Measurements for Transient Analysis

dlev0               =  6.33334e-07
dlev1               =  3.15651e-07
dlev2               =  4.56698e-08
dlev3               =  -3.57527e-06
dlev4               =  -2.66729e-06
dlev5               =  -1.25156e-06
dlev6               =  -1.48856e-06
dlev7               =  -1.45368e-06
dlev8               =  1.70231e-07
dlev9               =  -2.50867e-06
dlev10              =  3.31434e-07
dlev11              =  1.59389e-08
dlev12              =  -9.03629e-08
dlev13              =  -3.81412e-06
dlev14              =  -1.03790e-06
dlev15              =  -2.89201e-06
dlev16              =  9.99999e-01
dlev17              =  1.00000e+00
dlev18              =  1.00000e+00
dlev19              =  9.99999e-01
dlev20              =  9.99999e-01
dlev21              =  1.00000e+00
dlev22              =  1.00000e+00
dlev23              =  9.99997e-01
dlev24              =  9.99999e-01
dlev25              =  9.99999e-01
dlev26              =  9.99999e-01
dlev27              =  9.99999e-01
dlev28              =  9.99997e-01
dlev29              =  9.99999e-01
dlev30              =  1.00000e+00
dlev31              =  9.99998e-01
dlev32              =  9.99999e-01
vdd_meas            =  1.32000e+00
temp_meas           =  2.70000e+01
vbias_mv            =  2.84819e+02
lowcount            =  1.60000e+01
vos_mv              =  -1.49989e+00

ngspice-46 done
