
Note: No compatibility mode selected!


Circuit: * klt sim -- generated corner deck, do not edit

Doing analysis at TEMP = 27.000000 and TNOM = 27.000000

Using SPARSE 1.3 as Direct Linear Solver

Initial Transient Solution
--------------------------

Node                                   Voltage
----                                   -------
vdd                                       1.08
cm                                        0.55
vd                                      -0.048
ap                                       0.526
an                                       0.574
clku                                         0
clk                                          0
ibn                                   0.332178
xa.x1.tmid                         3.24025e-07
xa.x1.tail                             0.54522
xa.x1.np                                  1.08
xa.x1.nn                                  1.08
xa.x1.ln                                  1.08
xa.x1.lp                                  1.08
xa.x1.lnb                          2.26205e-07
xa.x1.lpb                          2.97587e-07
xa.x1.na                               1.07032
doutb                                 0.591214
dout                                  0.591628
xa.x1.nb                               1.07045
doutn                                 0.547804
tcheck                                      27
pa_00                                  332.178
bpa_00#branch                                0
btchk#branch                                 0
bdoutn#branch                                0
bclk#branch                        3.86067e-10
ean#branch                         3.08809e-13
eap#branch                         4.04232e-13
vclku#branch                                 0
vd#branch                                    0
vcm#branch                         7.13041e-13
vsup#branch                       -5.68106e-05


No. of Data Rows : 12101

  Measurements for Transient Analysis

dlev0               =  -1.79117e-06
dlev1               =  5.90229e-08
dlev2               =  1.93527e-06
dlev3               =  1.97449e-06
dlev4               =  2.31312e-06
dlev5               =  -3.74385e-07
dlev6               =  -4.30927e-06
dlev7               =  -3.73129e-06
dlev8               =  3.38902e-06
dlev9               =  -4.30448e-06
dlev10              =  3.58019e-06
dlev11              =  -4.53017e-06
dlev12              =  -2.69848e-06
dlev13              =  -2.50530e-06
dlev14              =  -3.71343e-07
dlev15              =  1.50455e-06
dlev16              =  -3.79599e-06
dlev17              =  9.99999e-01
dlev18              =  9.99996e-01
dlev19              =  1.00000e+00
dlev20              =  1.00000e+00
dlev21              =  1.00000e+00
dlev22              =  1.00000e+00
dlev23              =  9.99999e-01
dlev24              =  1.00000e+00
dlev25              =  9.99999e-01
dlev26              =  9.99999e-01
dlev27              =  9.99999e-01
dlev28              =  1.00000e+00
dlev29              =  1.00000e+00
dlev30              =  1.00000e+00
dlev31              =  1.00000e+00
dlev32              =  9.99998e-01
vdd_meas            =  1.08000e+00
temp_meas           =  2.70000e+01
vbias_mv            =  3.32178e+02
lowcount            =  1.70000e+01
vos_mv              =  1.50006e+00
vcm_meas            =  5.50000e-01

ngspice-46 done
