
Note: No compatibility mode selected!


Circuit: * klt sim -- generated corner deck, do not edit

Doing analysis at TEMP = 27.000000 and TNOM = 27.000000

Using SPARSE 1.3 as Direct Linear Solver

Initial Transient Solution
--------------------------

Node                                   Voltage
----                                   -------
vdd                                        1.2
cm                                        0.55
vd                                      -0.048
ap                                       0.526
an                                       0.574
clku                                         0
clk                                          0
ibn                                   0.355959
xa.x1.tmid                         8.73331e-08
xa.x1.tail                            0.556326
xa.x1.np                                   1.2
xa.x1.nn                                   1.2
xa.x1.ln                                   1.2
xa.x1.lp                                   1.2
xa.x1.lnb                          1.74731e-08
xa.x1.lpb                          1.67426e-08
xa.x1.na                               1.19029
doutb                                 0.614516
dout                                  0.616474
xa.x1.nb                               1.18973
doutn                                 0.513728
tcheck                                      27
pa_00                                  355.959
bpa_00#branch                                0
btchk#branch                                 0
bdoutn#branch                                0
bclk#branch                        9.47878e-11
ean#branch                         2.83357e-13
eap#branch                         3.63015e-13
vclku#branch                                 0
vd#branch                                    0
vcm#branch                         6.46372e-13
vsup#branch                       -5.38196e-05


No. of Data Rows : 12175

  Measurements for Transient Analysis

dlev0               =  -4.53522e-10
dlev1               =  4.76661e-07
dlev2               =  1.47509e-06
dlev3               =  1.93633e-06
dlev4               =  4.71329e-06
dlev5               =  6.39263e-06
dlev6               =  6.99536e-06
dlev7               =  6.67441e-06
dlev8               =  6.34859e-06
dlev9               =  6.24733e-06
dlev10              =  1.81976e-08
dlev11              =  9.48110e-08
dlev12              =  1.35464e-06
dlev13              =  7.93465e-09
dlev14              =  1.71101e-08
dlev15              =  8.78191e-06
dlev16              =  5.28702e-06
dlev17              =  1.00000e+00
dlev18              =  1.00000e+00
dlev19              =  1.00000e+00
dlev20              =  1.00000e+00
dlev21              =  1.00000e+00
dlev22              =  1.00000e+00
dlev23              =  1.00000e+00
dlev24              =  1.00000e+00
dlev25              =  1.00000e+00
dlev26              =  1.00000e+00
dlev27              =  1.00000e+00
dlev28              =  1.00000e+00
dlev29              =  1.00000e+00
dlev30              =  1.00000e+00
dlev31              =  1.00000e+00
dlev32              =  1.00000e+00
vdd_meas            =  1.20000e+00
temp_meas           =  2.70000e+01
vbias_mv            =  3.55959e+02
lowcount            =  1.69999e+01
vos_mv              =  1.49983e+00
vcm_meas            =  5.50000e-01

ngspice-46 done
