
Note: No compatibility mode selected!


Circuit: * klt sim -- generated corner deck, do not edit

Doing analysis at TEMP = -40.000000 and TNOM = 27.000000

Using SPARSE 1.3 as Direct Linear Solver

Initial Transient Solution
--------------------------

Node                                   Voltage
----                                   -------
vdd                                       1.32
cm                                         0.6
vd                                      -0.048
ap                                       0.576
an                                       0.624
clku                                         0
clk                                          0
ibn                                   0.321948
xa.x1.tmid                         6.13619e-08
xa.x1.tail                            0.574181
xa.x1.np                                  1.32
xa.x1.nn                                  1.32
xa.x1.ln                                  1.32
xa.x1.lp                                  1.32
xa.x1.lnb                          3.49426e-08
xa.x1.lpb                          3.29647e-08
xa.x1.na                                  1.32
doutb                                     1.32
dout                               3.52672e-08
xa.x1.nb                                  1.32
doutn                              2.67175e-08
tcheck                                     -40
pa_00                                  321.948
bpa_00#branch                                0
btchk#branch                                 0
bdoutn#branch                                0
bclk#branch                        1.63387e-10
ean#branch                         1.68365e-12
eap#branch                         2.09827e-12
vclku#branch                                 0
vd#branch                                    0
vcm#branch                         3.78192e-12
vsup#branch                       -2.00008e-05


No. of Data Rows : 12337

  Measurements for Transient Analysis

dlev0               =  3.08195e-07
dlev1               =  -1.38360e-06
dlev2               =  -4.81910e-06
dlev3               =  -4.98066e-07
dlev4               =  -4.26549e-06
dlev5               =  4.75565e-07
dlev6               =  5.80623e-07
dlev7               =  -1.48655e-06
dlev8               =  6.29616e-07
dlev9               =  -3.66332e-06
dlev10              =  -1.55568e-06
dlev11              =  -8.92393e-07
dlev12              =  -1.14122e-06
dlev13              =  -7.05192e-07
dlev14              =  -6.77858e-06
dlev15              =  8.89241e-07
dlev16              =  1.00000e+00
dlev17              =  1.00000e+00
dlev18              =  9.99999e-01
dlev19              =  1.00000e+00
dlev20              =  1.00000e+00
dlev21              =  9.99999e-01
dlev22              =  9.99999e-01
dlev23              =  1.00000e+00
dlev24              =  9.99999e-01
dlev25              =  9.99999e-01
dlev26              =  1.00000e+00
dlev27              =  9.99999e-01
dlev28              =  1.00000e+00
dlev29              =  9.99999e-01
dlev30              =  1.00000e+00
dlev31              =  1.00000e+00
dlev32              =  9.99999e-01
vdd_meas            =  1.32000e+00
temp_meas           =  -4.00000e+01
vbias_mv            =  3.21948e+02
lowcount            =  1.60000e+01
vos_mv              =  -1.49990e+00
vcm_meas            =  6.00000e-01

ngspice-46 done
