
Note: No compatibility mode selected!


Circuit: * klt sim -- generated corner deck, do not edit

Doing analysis at TEMP = 125.000000 and TNOM = 27.000000

Using SPARSE 1.3 as Direct Linear Solver

Initial Transient Solution
--------------------------

Node                                   Voltage
----                                   -------
vdd                                        1.2
cm                                        0.55
vd                                      -0.048
ap                                       0.526
an                                       0.574
clku                                         0
clk                                          0
ibn                                   0.271621
xa.x1.tmid                         3.00433e-05
xa.x1.tail                            0.550996
xa.x1.np                               1.19999
xa.x1.nn                               1.19998
xa.x1.ln                                   1.2
xa.x1.lp                                   1.2
xa.x1.lnb                          9.21172e-06
xa.x1.lpb                          9.14309e-06
xa.x1.na                                   1.2
doutb                                      1.2
dout                               1.05152e-05
xa.x1.nb                               1.19999
doutn                              8.76269e-06
tcheck                                     125
pa_00                                  271.621
bpa_00#branch                                0
btchk#branch                                 0
bdoutn#branch                                0
bclk#branch                        8.72191e-10
ean#branch                         1.30421e-12
eap#branch                         1.66039e-12
vclku#branch                                 0
vd#branch                                    0
vcm#branch                          2.9646e-12
vsup#branch                       -2.01031e-05


No. of Data Rows : 12079

  Measurements for Transient Analysis

dlev0               =  1.17180e-05
dlev1               =  1.20211e-05
dlev2               =  1.23096e-05
dlev3               =  8.27989e-06
dlev4               =  1.06740e-05
dlev5               =  8.04685e-06
dlev6               =  7.95940e-06
dlev7               =  7.99660e-06
dlev8               =  8.64221e-06
dlev9               =  1.05483e-05
dlev10              =  1.12877e-05
dlev11              =  1.10836e-05
dlev12              =  1.24749e-05
dlev13              =  1.29253e-05
dlev14              =  8.42345e-06
dlev15              =  1.15677e-05
dlev16              =  1.16684e-05
dlev17              =  8.32560e-06
dlev18              =  1.21171e-05
dlev19              =  9.99998e-01
dlev20              =  9.99998e-01
dlev21              =  9.99998e-01
dlev22              =  9.99999e-01
dlev23              =  1.00000e+00
dlev24              =  1.00000e+00
dlev25              =  9.99999e-01
dlev26              =  9.99999e-01
dlev27              =  9.99999e-01
dlev28              =  9.99998e-01
dlev29              =  9.99999e-01
dlev30              =  1.00000e+00
dlev31              =  1.00000e+00
dlev32              =  1.00000e+00
vdd_meas            =  1.20000e+00
temp_meas           =  1.25000e+02
vbias_mv            =  2.71621e+02
lowcount            =  1.89998e+01
vos_mv              =  7.49945e+00
vcm_meas            =  5.50000e-01

ngspice-46 done
