
Note: No compatibility mode selected!


Circuit: * klt sim -- generated corner deck, do not edit

Doing analysis at TEMP = 27.000000 and TNOM = 27.000000

Using SPARSE 1.3 as Direct Linear Solver

Initial Transient Solution
--------------------------

Node                                   Voltage
----                                   -------
vdd                                       1.32
cm                                         0.6
clku                                         0
clk                                          0
sa                                       0.001
asp                                     0.6005
asn                                     0.5995
apa                                     0.6005
ana                                     0.5995
apa_pin                                 0.6005
ana_pin                                 0.5995
ibna                                  0.264662
xa.x1.tmid                         7.31632e-06
xa.x1.tail                            0.569494
xa.x1.np                                  1.32
xa.x1.nn                                  1.32
xa.x1.ln                                  1.32
xa.x1.lp                                  1.32
xa.x1.lnb                          6.59387e-07
xa.x1.lpb                          6.59387e-07
xa.x1.na                               1.28469
doutba                                0.675514
douta                                 0.675514
xa.x1.nb                               1.28469
qp                                 -0.00789339
qn                                 -0.00792882
sb                                       0.001
bsp                                     0.6005
bsn                                     0.5995
bpp                                   0.608131
bpn                                   0.607164
ibnb                                  0.264662
xb.x1.tmid                         7.36921e-06
xb.x1.tail                            0.576091
xb.x1.np                                  1.32
xb.x1.nn                                  1.32
xb.x1.ln                                  1.32
xb.x1.lp                                  1.32
xb.x1.lnb                          6.59387e-07
xb.x1.lpb                          6.59387e-07
xb.x1.na                               1.28469
doutbb                                0.675514
doutb                                 0.675514
xb.x1.nb                               1.28469
sc                                         0.1
csp                                       0.65
csn                                       0.55
cpp                                   0.656132
cpn                                   0.559476
ibnc                                  0.264662
xc.x1.tmid                          7.5623e-06
xc.x1.tail                            0.600251
xc.x1.np                               1.31999
xc.x1.nn                                  1.32
xc.x1.ln                                  1.32
xc.x1.lp                                  1.32
xc.x1.lnb                          6.59387e-07
xc.x1.lpb                          6.59387e-07
xc.x1.na                               1.28469
doutbc                                0.675514
doutc                                 0.675514
xc.x1.nb                               1.28469
ad                                 7.89339e-09
bd                                 0.000966688
cd                                   0.0966564
bc                                  0.00764776
dan                                   0.511753
dbn                                   0.511753
dcn                                   0.511753
tcheck                                      27
btchk#branch                                 0
bdcn#branch                                  0
bdbn#branch                                  0
bdan#branch                                  0
bbc#branch                                   0
bcd#branch                                   0
bbd#branch                                   0
bad#branch                                   0
vkn#branch                        -7.92882e-12
vkp#branch                        -7.89339e-12
bclk#branch                        4.13268e-09
ecsn#branch                        9.47578e-12
ecsp#branch                         6.1322e-12
ebsn#branch                        7.66442e-12
ebsp#branch                        7.63111e-12
easn#branch                        7.92882e-12
easp#branch                        7.89339e-12
vsc#branch                                   0
vsb#branch                                   0
vsa#branch                                   0
vclku#branch                                 0
vcm#branch                         4.67257e-11
vsup#branch                       -0.000632065


No. of Data Rows : 12073

  Measurements for Transient Analysis

vdd_meas            =  1.32000e+00
temp_meas           =  2.70000e+01
ad_pos              =  1.41768e-01 at=  4.02351e-08
ad_neg              =  -3.70739e-02 at=  4.01477e-08
kick_1k_peak_mv     =  1.41768e+02
kick_1k_pos_mv      =  1.41768e+02
kick_1k_neg_mv      =  -3.70739e+01
qp29                =  -7.89339e-03
qpmax               =  2.18388e-02 at=  4.01527e-08
qpmin               =  -9.31001e-03 at=  3.00441e-08
qkick_p_fc          =  2.97322e+01
qn29                =  -7.92882e-03
qnmax               =  2.22418e-02 at=  4.01577e-08
qnmin               =  -9.34528e-03 at=  3.00441e-08
qkick_n_fc          =  3.01706e+01
qkick_fc            =  3.01706e+01
bd0                 =  9.66688e-04
bd1                 =  9.66546e-04
cd0                 =  9.66564e-02
cd1                 =  9.66496e-02
kick_sigdep_uv      =  6.62978e+00
bc0                 =  7.64776e-03
bc1                 =  7.23182e-03
kick_cm_uv          =  -4.15943e+02
dout_1k_end         =  9.99999e-01
dout_float_small_end=  9.99999e-01
dout_float_big_end  =  9.99999e-01

ngspice-46 done
