
Note: No compatibility mode selected!


Circuit: * klt sim -- generated corner deck, do not edit

Doing analysis at TEMP = 27.000000 and TNOM = 27.000000

Using SPARSE 1.3 as Direct Linear Solver

Initial Transient Solution
--------------------------

Node                                   Voltage
----                                   -------
vdd                                       1.08
cm                                         0.6
vd                                      -0.048
ap                                       0.576
an                                       0.624
clku                                         0
clk                                          0
ibn                                   0.358689
xa.x1.tmid                         9.00268e-08
xa.x1.tail                            0.596903
xa.x1.np                                  1.08
xa.x1.nn                                  1.08
xa.x1.ln                                  1.08
xa.x1.lp                                  1.08
xa.x1.lnb                          1.39969e-08
xa.x1.lpb                          1.35749e-08
xa.x1.na                                  1.08
doutb                                     1.08
dout                               1.51805e-08
xa.x1.nb                                  1.08
doutn                               1.4056e-08
tcheck                                      27
pa_00                                  358.689
bpa_00#branch                                0
btchk#branch                                 0
bdoutn#branch                                0
bclk#branch                        6.57918e-11
ean#branch                         1.09773e-13
eap#branch                         1.46688e-13
vclku#branch                                 0
vd#branch                                    0
vcm#branch                         2.56462e-13
vsup#branch                       -2.00004e-05


No. of Data Rows : 12123

  Measurements for Transient Analysis

dlev0               =  -6.80093e-07
dlev1               =  -3.72852e-06
dlev2               =  -4.24197e-06
dlev3               =  3.21360e-06
dlev4               =  3.04875e-06
dlev5               =  -2.20229e-06
dlev6               =  -4.13262e-06
dlev7               =  -4.88567e-06
dlev8               =  -2.53205e-06
dlev9               =  -2.60173e-06
dlev10              =  -5.68229e-06
dlev11              =  -5.75718e-06
dlev12              =  -3.38673e-06
dlev13              =  -3.82034e-06
dlev14              =  -6.00597e-06
dlev15              =  -1.01377e-07
dlev16              =  -7.93343e-07
dlev17              =  1.00000e+00
dlev18              =  9.99996e-01
dlev19              =  1.00000e+00
dlev20              =  9.99997e-01
dlev21              =  9.99997e-01
dlev22              =  9.99999e-01
dlev23              =  9.99998e-01
dlev24              =  9.99998e-01
dlev25              =  9.99997e-01
dlev26              =  9.99998e-01
dlev27              =  1.00000e+00
dlev28              =  1.00000e+00
dlev29              =  1.00000e+00
dlev30              =  9.99999e-01
dlev31              =  9.99998e-01
dlev32              =  9.99998e-01
vdd_meas            =  1.08000e+00
temp_meas           =  2.70000e+01
vbias_mv            =  3.58689e+02
lowcount            =  1.70001e+01
vos_mv              =  1.50020e+00

ngspice-46 done
