
Note: No compatibility mode selected!


Circuit: * klt sim -- generated corner deck, do not edit

Doing analysis at TEMP = 125.000000 and TNOM = 27.000000

Using SPARSE 1.3 as Direct Linear Solver

Initial Transient Solution
--------------------------

Node                                   Voltage
----                                   -------
vdd                                        1.2
cm                                        0.65
vd                                      -0.048
ap                                       0.626
an                                       0.674
clku                                         0
clk                                          0
ibn                                   0.296198
xa.x1.tmid                         1.46003e-05
xa.x1.tail                            0.639542
xa.x1.np                                   1.2
xa.x1.nn                               1.19998
xa.x1.ln                                   1.2
xa.x1.lp                                   1.2
xa.x1.lnb                          8.10803e-07
xa.x1.lpb                          7.33267e-07
xa.x1.na                                   1.2
doutb                                      1.2
dout                               1.06084e-06
xa.x1.nb                                   1.2
doutn                              8.84034e-07
tcheck                                     125
pa_00                                  296.198
bpa_00#branch                                0
btchk#branch                                 0
bdoutn#branch                                0
bclk#branch                        1.46923e-10
ean#branch                         3.68788e-13
eap#branch                         4.82364e-13
vclku#branch                                 0
vd#branch                                    0
vcm#branch                         8.51152e-13
vsup#branch                       -2.00295e-05


No. of Data Rows : 12161

  Measurements for Transient Analysis

dlev0               =  2.38424e-06
dlev1               =  1.83281e-06
dlev2               =  2.45583e-06
dlev3               =  2.39390e-06
dlev4               =  9.79666e-07
dlev5               =  2.07927e-06
dlev6               =  2.41061e-06
dlev7               =  2.57659e-06
dlev8               =  1.21679e-06
dlev9               =  2.43747e-06
dlev10              =  1.73790e-06
dlev11              =  1.21707e-06
dlev12              =  2.51322e-06
dlev13              =  2.57402e-06
dlev14              =  2.64528e-06
dlev15              =  2.71926e-06
dlev16              =  1.00000e+00
dlev17              =  9.99999e-01
dlev18              =  1.00000e+00
dlev19              =  1.00000e+00
dlev20              =  9.99999e-01
dlev21              =  1.00000e+00
dlev22              =  1.00000e+00
dlev23              =  9.99999e-01
dlev24              =  1.00000e+00
dlev25              =  1.00000e+00
dlev26              =  9.99999e-01
dlev27              =  9.99999e-01
dlev28              =  9.99999e-01
dlev29              =  1.00000e+00
dlev30              =  9.99999e-01
dlev31              =  9.99999e-01
dlev32              =  9.99999e-01
vdd_meas            =  1.20000e+00
temp_meas           =  1.25000e+02
vbias_mv            =  2.96198e+02
lowcount            =  1.60000e+01
vos_mv              =  -1.50007e+00
vcm_meas            =  6.50000e-01

ngspice-46 done
