
Note: No compatibility mode selected!


Circuit: * klt sim -- generated corner deck, do not edit

Doing analysis at TEMP = -40.000000 and TNOM = 27.000000

Using SPARSE 1.3 as Direct Linear Solver

Initial Transient Solution
--------------------------

Node                                   Voltage
----                                   -------
vdd                                       1.32
cm                                         0.6
vd                                      -0.048
ap                                       0.576
an                                       0.624
clku                                         0
clk                                          0
ibn                                   0.324045
xa.x1.tmid                         7.48972e-08
xa.x1.tail                            0.570266
xa.x1.np                                  1.32
xa.x1.nn                                  1.32
xa.x1.ln                                  1.32
xa.x1.lp                                  1.32
xa.x1.lnb                           3.1834e-08
xa.x1.lpb                          3.40047e-08
xa.x1.na                                  1.32
doutb                                     1.32
dout                               3.43392e-08
xa.x1.nb                                  1.32
doutn                              2.60146e-08
tcheck                                     -40
pa_00                                  324.045
bpa_00#branch                                0
btchk#branch                                 0
bdoutn#branch                                0
bclk#branch                         1.6366e-10
ean#branch                         1.68457e-12
eap#branch                         2.09927e-12
vclku#branch                                 0
vd#branch                                    0
vcm#branch                         3.78383e-12
vsup#branch                       -2.00008e-05


No. of Data Rows : 12333

  Measurements for Transient Analysis

dlev0               =  -6.10531e-07
dlev1               =  -6.47527e-07
dlev2               =  -5.31350e-07
dlev3               =  -4.00017e-07
dlev4               =  -1.23739e-07
dlev5               =  4.65370e-09
dlev6               =  4.74028e-08
dlev7               =  -2.53671e-06
dlev8               =  4.99811e-08
dlev9               =  7.82863e-08
dlev10              =  -4.20850e-06
dlev11              =  -3.41620e-06
dlev12              =  -6.31013e-07
dlev13              =  -4.71981e-07
dlev14              =  -6.25240e-07
dlev15              =  7.33431e-08
dlev16              =  9.99998e-01
dlev17              =  9.99999e-01
dlev18              =  9.99999e-01
dlev19              =  9.99999e-01
dlev20              =  9.99997e-01
dlev21              =  1.00000e+00
dlev22              =  1.00000e+00
dlev23              =  9.99998e-01
dlev24              =  9.99999e-01
dlev25              =  9.99999e-01
dlev26              =  9.99999e-01
dlev27              =  9.99999e-01
dlev28              =  9.99999e-01
dlev29              =  9.99999e-01
dlev30              =  1.00000e+00
dlev31              =  9.99999e-01
dlev32              =  9.99999e-01
vdd_meas            =  1.32000e+00
temp_meas           =  -4.00000e+01
vbias_mv            =  3.24045e+02
lowcount            =  1.60000e+01
vos_mv              =  -1.49990e+00
vcm_meas            =  6.00000e-01

ngspice-46 done
