
Note: No compatibility mode selected!


Circuit: * klt sim -- generated corner deck, do not edit

Doing analysis at TEMP = 27.000000 and TNOM = 27.000000

Using SPARSE 1.3 as Direct Linear Solver

Initial Transient Solution
--------------------------

Node                                   Voltage
----                                   -------
vdd                                       1.32
cm                                         0.6
vd                                      -0.048
ap                                       0.576
an                                       0.624
clku                                         0
clk                                          0
ibn                                   0.267222
xa.x1.tmid                         4.19178e-06
xa.x1.tail                            0.576103
xa.x1.np                                  1.32
xa.x1.nn                                  1.32
xa.x1.ln                                  1.32
xa.x1.lp                                  1.32
xa.x1.lnb                          7.27377e-08
xa.x1.lpb                          7.51077e-08
xa.x1.na                               1.29249
doutb                                 0.634388
dout                                  0.645084
xa.x1.nb                               1.28902
doutn                                   0.4887
tcheck                                      27
pa_00                                  267.222
bpa_00#branch                                0
btchk#branch                                 0
bdoutn#branch                                0
bclk#branch                        2.47379e-10
ean#branch                         3.46717e-12
eap#branch                         4.31802e-12
vclku#branch                                 0
vd#branch                                    0
vcm#branch                         7.78519e-12
vsup#branch                       -0.000134177


No. of Data Rows : 12236

  Measurements for Transient Analysis

dlev0               =  1.56906e-06
dlev1               =  -1.96290e-06
dlev2               =  -4.06178e-06
dlev3               =  -4.80517e-06
dlev4               =  -3.05008e-06
dlev5               =  -2.64135e-06
dlev6               =  -3.62537e-06
dlev7               =  -1.20342e-06
dlev8               =  -4.53924e-06
dlev9               =  -1.05758e-06
dlev10              =  -1.43870e-06
dlev11              =  -9.69118e-07
dlev12              =  -8.58123e-07
dlev13              =  -3.26423e-06
dlev14              =  6.41510e-07
dlev15              =  1.00000e+00
dlev16              =  1.00000e+00
dlev17              =  9.99998e-01
dlev18              =  9.99999e-01
dlev19              =  9.99999e-01
dlev20              =  1.00000e+00
dlev21              =  1.00000e+00
dlev22              =  9.99999e-01
dlev23              =  1.00000e+00
dlev24              =  9.99999e-01
dlev25              =  9.99999e-01
dlev26              =  1.00000e+00
dlev27              =  9.99999e-01
dlev28              =  1.00000e+00
dlev29              =  9.99999e-01
dlev30              =  1.00000e+00
dlev31              =  9.99998e-01
dlev32              =  9.99997e-01
vdd_meas            =  1.32000e+00
temp_meas           =  2.70000e+01
vbias_mv            =  2.67222e+02
lowcount            =  1.50000e+01
vos_mv              =  -4.49986e+00

ngspice-46 done
