
Note: No compatibility mode selected!


Circuit: * klt sim -- generated corner deck, do not edit

Doing analysis at TEMP = -40.000000 and TNOM = 27.000000

Using SPARSE 1.3 as Direct Linear Solver
Note: Starting dynamic gmin stepping
Note: Dynamic gmin stepping completed

Initial Transient Solution
--------------------------

Node                                   Voltage
----                                   -------
vdd                                        1.2
cm                                         0.6
vd                                      -0.048
ap                                       0.576
an                                       0.624
clku                                         0
clk                                          0
ibn                                   0.363361
xa.x1.tmid                         1.66472e-09
xa.x1.tail                            0.591589
xa.x1.np                                   1.2
xa.x1.nn                                   1.2
xa.x1.ln                                   1.2
xa.x1.lp                                   1.2
xa.x1.lnb                          7.97912e-09
xa.x1.lpb                          7.88646e-09
xa.x1.na                               1.19413
doutb                                 0.609212
dout                                  0.617259
xa.x1.nb                               1.19418
doutn                                 0.514383
tcheck                                     -40
pa_00                                  363.361
bpa_00#branch                                0
btchk#branch                                 0
bdoutn#branch                                0
bclk#branch                        6.48438e-11
ean#branch                         1.05527e-13
eap#branch                         1.36585e-13
vclku#branch                                 0
vd#branch                                    0
vcm#branch                         2.42112e-13
vsup#branch                       -3.19433e-05


No. of Data Rows : 12164

  Measurements for Transient Analysis

dlev0               =  -2.21309e-06
dlev1               =  7.73143e-06
dlev2               =  6.12821e-06
dlev3               =  -7.61781e-07
dlev4               =  1.11176e-06
dlev5               =  -2.45870e-09
dlev6               =  -3.89897e-06
dlev7               =  -3.46578e-06
dlev8               =  -3.39820e-06
dlev9               =  -3.13791e-06
dlev10              =  -2.50240e-06
dlev11              =  -2.10412e-06
dlev12              =  3.76961e-07
dlev13              =  -3.41430e-06
dlev14              =  7.24289e-07
dlev15              =  1.00000e+00
dlev16              =  1.00000e+00
dlev17              =  1.00000e+00
dlev18              =  1.00000e+00
dlev19              =  1.00000e+00
dlev20              =  1.00000e+00
dlev21              =  9.99999e-01
dlev22              =  1.00000e+00
dlev23              =  1.00000e+00
dlev24              =  9.99997e-01
dlev25              =  9.99997e-01
dlev26              =  9.99997e-01
dlev27              =  1.00000e+00
dlev28              =  1.00000e+00
dlev29              =  1.00000e+00
dlev30              =  9.99997e-01
dlev31              =  9.99997e-01
dlev32              =  9.99997e-01
vdd_meas            =  1.20000e+00
temp_meas           =  -4.00000e+01
vbias_mv            =  3.63361e+02
lowcount            =  1.50000e+01
vos_mv              =  -4.49996e+00

ngspice-46 done
