
Note: No compatibility mode selected!


Circuit: * klt sim -- generated corner deck, do not edit

Doing analysis at TEMP = 125.000000 and TNOM = 27.000000

Using SPARSE 1.3 as Direct Linear Solver

Initial Transient Solution
--------------------------

Node                                   Voltage
----                                   -------
vdd                                       1.32
cm                                         0.6
vd                                      -0.048
ap                                       0.576
an                                       0.624
clku                                         0
clk                                          0
ibn                                   0.295079
xa.x1.tmid                         1.52925e-05
xa.x1.tail                            0.598123
xa.x1.np                                  1.32
xa.x1.nn                               1.31999
xa.x1.ln                                  1.32
xa.x1.lp                                  1.32
xa.x1.lnb                          7.09441e-07
xa.x1.lpb                          7.47617e-07
xa.x1.na                               1.29155
doutb                                 0.669324
dout                                  0.672029
xa.x1.nb                               1.29122
doutn                                 0.509113
tcheck                                     125
pa_00                                  295.079
bpa_00#branch                                0
btchk#branch                                 0
bdoutn#branch                                0
bclk#branch                         2.0582e-10
ean#branch                         8.97671e-13
eap#branch                         1.13501e-12
vclku#branch                                 0
vd#branch                                    0
vcm#branch                         2.03268e-12
vsup#branch                       -0.000119045


No. of Data Rows : 12195

  Measurements for Transient Analysis

dlev0               =  -5.77599e-07
dlev1               =  1.18606e-06
dlev2               =  1.16467e-06
dlev3               =  1.11897e-06
dlev4               =  1.07499e-06
dlev5               =  1.04269e-06
dlev6               =  1.52160e-06
dlev7               =  1.23343e-06
dlev8               =  1.23059e-06
dlev9               =  1.28469e-06
dlev10              =  2.29488e-06
dlev11              =  8.09387e-07
dlev12              =  1.23130e-06
dlev13              =  6.78616e-07
dlev14              =  5.94236e-07
dlev15              =  7.99589e-07
dlev16              =  4.26776e-07
dlev17              =  1.00000e+00
dlev18              =  1.00000e+00
dlev19              =  1.00000e+00
dlev20              =  1.00000e+00
dlev21              =  1.00000e+00
dlev22              =  9.99999e-01
dlev23              =  1.00000e+00
dlev24              =  1.00000e+00
dlev25              =  1.00000e+00
dlev26              =  1.00000e+00
dlev27              =  1.00000e+00
dlev28              =  1.00000e+00
dlev29              =  1.00000e+00
dlev30              =  1.00000e+00
dlev31              =  1.00000e+00
dlev32              =  1.00000e+00
vdd_meas            =  1.32000e+00
temp_meas           =  1.25000e+02
vbias_mv            =  2.95079e+02
lowcount            =  1.70000e+01
vos_mv              =  1.49996e+00
vcm_meas            =  6.00000e-01

ngspice-46 done
