
Note: No compatibility mode selected!


Circuit: * klt sim -- generated corner deck, do not edit

Doing analysis at TEMP = 27.000000 and TNOM = 27.000000

Using SPARSE 1.3 as Direct Linear Solver

Initial Transient Solution
--------------------------

Node                                   Voltage
----                                   -------
vdd                                       1.08
cm                                         0.6
vd                                      -0.048
ap                                       0.576
an                                       0.624
clku                                         0
clk                                          0
ibn                                   0.355287
xa.x1.tmid                         7.52956e-08
xa.x1.tail                              0.5403
xa.x1.np                                  1.08
xa.x1.nn                                  1.08
xa.x1.ln                                  1.08
xa.x1.lp                                  1.08
xa.x1.lnb                          1.44652e-08
xa.x1.lpb                          1.44193e-08
xa.x1.na                                  1.08
doutb                              1.49787e-08
dout                                      1.08
xa.x1.nb                                  1.08
doutn                                        1
tcheck                                      27
pa_00                                  355.287
bpa_00#branch                                0
btchk#branch                                 0
bdoutn#branch                                0
bclk#branch                        6.49902e-11
ean#branch                         7.21784e-14
eap#branch                         9.71306e-14
vclku#branch                                 0
vd#branch                                    0
vcm#branch                         1.69309e-13
vsup#branch                       -2.00003e-05


No. of Data Rows : 12071

  Measurements for Transient Analysis

dlev0               =  4.00637e-06
dlev1               =  8.87396e-06
dlev2               =  8.74070e-06
dlev3               =  1.06704e-06
dlev4               =  9.09351e-07
dlev5               =  9.72404e-06
dlev6               =  3.77521e-06
dlev7               =  2.41739e-06
dlev8               =  3.49358e-07
dlev9               =  -1.69023e-06
dlev10              =  5.08369e-07
dlev11              =  5.40629e-07
dlev12              =  1.59096e-06
dlev13              =  -2.10575e-06
dlev14              =  1.00000e+00
dlev15              =  1.00000e+00
dlev16              =  1.00000e+00
dlev17              =  1.00000e+00
dlev18              =  1.00000e+00
dlev19              =  1.00000e+00
dlev20              =  1.00000e+00
dlev21              =  1.00000e+00
dlev22              =  1.00000e+00
dlev23              =  1.00000e+00
dlev24              =  1.00000e+00
dlev25              =  1.00000e+00
dlev26              =  1.00000e+00
dlev27              =  1.00000e+00
dlev28              =  1.00000e+00
dlev29              =  1.00000e+00
dlev30              =  1.00000e+00
dlev31              =  1.00000e+00
dlev32              =  1.00000e+00
vdd_meas            =  1.08000e+00
temp_meas           =  2.70000e+01
vbias_mv            =  3.55287e+02
lowcount            =  1.39999e+01
vos_mv              =  -7.50020e+00

ngspice-46 done
