
Note: No compatibility mode selected!


Circuit: * klt sim -- generated corner deck, do not edit

Doing analysis at TEMP = -40.000000 and TNOM = 27.000000

Using SPARSE 1.3 as Direct Linear Solver

Initial Transient Solution
--------------------------

Node                                   Voltage
----                                   -------
vdd                                        1.2
cm                                         0.6
vd                                      -0.048
ap                                       0.576
an                                       0.624
clku                                         0
clk                                          0
ibn                                   0.321575
xa.x1.tmid                         7.63329e-08
xa.x1.tail                            0.569415
xa.x1.np                                   1.2
xa.x1.nn                                   1.2
xa.x1.ln                                   1.2
xa.x1.lp                                   1.2
xa.x1.lnb                          2.44814e-08
xa.x1.lpb                          2.52746e-08
xa.x1.na                                   1.2
doutb                                      1.2
dout                               2.46857e-08
xa.x1.nb                                   1.2
doutn                              2.05714e-08
tcheck                                     -40
pa_00                                  321.575
bpa_00#branch                                0
btchk#branch                                 0
bdoutn#branch                                0
bclk#branch                        1.17793e-10
ean#branch                          9.4344e-13
eap#branch                          1.2027e-12
vclku#branch                                 0
vd#branch                                    0
vcm#branch                         2.14614e-12
vsup#branch                       -2.00006e-05


No. of Data Rows : 12326

  Measurements for Transient Analysis

dlev0               =  -5.28184e-06
dlev1               =  2.37619e-06
dlev2               =  -5.83048e-07
dlev3               =  -1.43904e-06
dlev4               =  3.60668e-06
dlev5               =  4.08610e-06
dlev6               =  2.30964e-06
dlev7               =  1.77293e-07
dlev8               =  -9.48089e-07
dlev9               =  1.23879e-06
dlev10              =  2.00887e-06
dlev11              =  -6.73188e-06
dlev12              =  -4.86954e-06
dlev13              =  -6.94578e-06
dlev14              =  -6.71527e-06
dlev15              =  -6.49795e-06
dlev16              =  1.00000e+00
dlev17              =  9.99997e-01
dlev18              =  9.99997e-01
dlev19              =  9.99996e-01
dlev20              =  1.00000e+00
dlev21              =  9.99996e-01
dlev22              =  1.00000e+00
dlev23              =  1.00000e+00
dlev24              =  9.99997e-01
dlev25              =  1.00000e+00
dlev26              =  1.00000e+00
dlev27              =  1.00000e+00
dlev28              =  1.00000e+00
dlev29              =  1.00000e+00
dlev30              =  1.00000e+00
dlev31              =  1.00000e+00
dlev32              =  1.00000e+00
vdd_meas            =  1.20000e+00
temp_meas           =  -4.00000e+01
vbias_mv            =  3.21575e+02
lowcount            =  1.60000e+01
vos_mv              =  -1.49989e+00
vcm_meas            =  6.00000e-01

ngspice-46 done
