
Note: No compatibility mode selected!


Circuit: * klt sim -- generated corner deck, do not edit

Doing analysis at TEMP = 125.000000 and TNOM = 27.000000

Using SPARSE 1.3 as Direct Linear Solver

Initial Transient Solution
--------------------------

Node                                   Voltage
----                                   -------
vdd                                       1.32
cm                                         0.6
vd                                      -0.048
ap                                       0.576
an                                       0.624
clku                                         0
clk                                          0
ibn                                    0.25063
xa.x1.tmid                         8.92418e-05
xa.x1.tail                            0.542457
xa.x1.np                               1.31998
xa.x1.nn                               1.31993
xa.x1.ln                                  1.32
xa.x1.lp                                  1.32
xa.x1.lnb                           4.1021e-06
xa.x1.lpb                          3.80217e-06
xa.x1.na                               1.27708
doutb                                 0.669809
dout                                  0.670602
xa.x1.nb                               1.28319
doutn                                 0.508032
tcheck                                     125
pa_00                                   250.63
bpa_00#branch                                0
btchk#branch                                 0
bdoutn#branch                                0
bclk#branch                        6.75936e-10
ean#branch                         1.87687e-12
eap#branch                         2.35825e-12
vclku#branch                                 0
vd#branch                                    0
vcm#branch                         4.23513e-12
vsup#branch                       -0.000182137


No. of Data Rows : 12214

  Measurements for Transient Analysis

dlev0               =  -1.21150e-06
dlev1               =  2.65662e-07
dlev2               =  5.42861e-06
dlev3               =  4.67732e-06
dlev4               =  6.55714e-07
dlev5               =  2.94832e-06
dlev6               =  4.65296e-06
dlev7               =  3.92746e-06
dlev8               =  -1.19389e-06
dlev9               =  5.16622e-06
dlev10              =  1.05022e-06
dlev11              =  -1.70285e-07
dlev12              =  -7.19461e-07
dlev13              =  -1.20236e-07
dlev14              =  -8.25026e-07
dlev15              =  1.35466e-06
dlev16              =  1.19513e-06
dlev17              =  9.99996e-01
dlev18              =  9.99998e-01
dlev19              =  9.99994e-01
dlev20              =  9.99997e-01
dlev21              =  9.99997e-01
dlev22              =  9.99996e-01
dlev23              =  9.99996e-01
dlev24              =  9.99994e-01
dlev25              =  9.99995e-01
dlev26              =  9.99998e-01
dlev27              =  9.99997e-01
dlev28              =  9.99997e-01
dlev29              =  9.99994e-01
dlev30              =  9.99995e-01
dlev31              =  9.99997e-01
dlev32              =  9.99997e-01
vdd_meas            =  1.32000e+00
temp_meas           =  1.25000e+02
vbias_mv            =  2.50630e+02
lowcount            =  1.70000e+01
vos_mv              =  1.50011e+00

ngspice-46 done
