
Note: No compatibility mode selected!


Circuit: * klt sim -- generated corner deck, do not edit

Doing analysis at TEMP = -40.000000 and TNOM = 27.000000

Using SPARSE 1.3 as Direct Linear Solver

Initial Transient Solution
--------------------------

Node                                   Voltage
----                                   -------
vdd                                        1.2
cm                                         0.6
vd                                      -0.048
ap                                       0.576
an                                       0.624
clku                                         0
clk                                          0
ibn                                   0.294853
xa.x1.tmid                         2.31653e-07
xa.x1.tail                            0.564342
xa.x1.np                                   1.2
xa.x1.nn                                   1.2
xa.x1.ln                                   1.2
xa.x1.lp                                   1.2
xa.x1.lnb                          9.69117e-08
xa.x1.lpb                          9.35831e-08
xa.x1.na                                   1.2
doutb                                      1.2
dout                               9.95146e-08
xa.x1.nb                                   1.2
doutn                              8.29288e-08
tcheck                                     -40
pa_00                                  294.853
bpa_00#branch                                0
btchk#branch                                 0
bdoutn#branch                                0
bclk#branch                        6.47668e-10
ean#branch                         1.95688e-12
eap#branch                         2.48485e-12
vclku#branch                                 0
vd#branch                                    0
vcm#branch                         4.44172e-12
vsup#branch                       -2.00021e-05


No. of Data Rows : 12310

  Measurements for Transient Analysis

dlev0               =  -6.63542e-06
dlev1               =  -5.13349e-06
dlev2               =  -5.22914e-06
dlev3               =  -4.20075e-06
dlev4               =  -5.71077e-06
dlev5               =  -4.69405e-06
dlev6               =  -7.11198e-06
dlev7               =  -4.67549e-06
dlev8               =  -7.40131e-06
dlev9               =  -5.36079e-06
dlev10              =  -4.82234e-06
dlev11              =  -5.24487e-06
dlev12              =  -6.32184e-06
dlev13              =  -5.37510e-06
dlev14              =  -8.31105e-06
dlev15              =  9.99999e-01
dlev16              =  9.99998e-01
dlev17              =  9.99998e-01
dlev18              =  9.99998e-01
dlev19              =  9.99999e-01
dlev20              =  9.99999e-01
dlev21              =  9.99998e-01
dlev22              =  9.99998e-01
dlev23              =  9.99998e-01
dlev24              =  9.99998e-01
dlev25              =  9.99999e-01
dlev26              =  9.99999e-01
dlev27              =  9.99999e-01
dlev28              =  9.99999e-01
dlev29              =  9.99999e-01
dlev30              =  9.99999e-01
dlev31              =  9.99998e-01
dlev32              =  9.99999e-01
vdd_meas            =  1.20000e+00
temp_meas           =  -4.00000e+01
vbias_mv            =  2.94853e+02
lowcount            =  1.50001e+01
vos_mv              =  -4.49965e+00

ngspice-46 done
