
Note: No compatibility mode selected!


Circuit: * klt sim -- generated corner deck, do not edit

Doing analysis at TEMP = 125.000000 and TNOM = 27.000000

Using SPARSE 1.3 as Direct Linear Solver

Initial Transient Solution
--------------------------

Node                                   Voltage
----                                   -------
vdd                                        1.2
cm                                         0.6
vd                                      -0.048
ap                                       0.576
an                                       0.624
clku                                         0
clk                                          0
ibn                                   0.207224
xa.x1.tmid                         0.000282437
xa.x1.tail                            0.527504
xa.x1.np                               1.19993
xa.x1.nn                               1.19979
xa.x1.ln                                   1.2
xa.x1.lp                                   1.2
xa.x1.lnb                          2.02464e-05
xa.x1.lpb                           2.0048e-05
xa.x1.na                               1.19998
doutb                              2.40089e-05
dout                                   1.19998
xa.x1.nb                               1.19999
doutn                                 0.999985
tcheck                                     125
pa_00                                  207.224
bpa_00#branch                                0
btchk#branch                                 0
bdoutn#branch                                0
bclk#branch                        1.58381e-09
ean#branch                         5.96763e-12
eap#branch                         7.58545e-12
vclku#branch                                 0
vd#branch                                    0
vcm#branch                         1.35531e-11
vsup#branch                       -2.06389e-05


No. of Data Rows : 12108

  Measurements for Transient Analysis

dlev0               =  1.43428e-05
dlev1               =  1.88773e-05
dlev2               =  1.74489e-05
dlev3               =  1.54376e-05
dlev4               =  1.81286e-05
dlev5               =  1.51788e-05
dlev6               =  1.52606e-05
dlev7               =  1.52001e-05
dlev8               =  1.52549e-05
dlev9               =  1.55377e-05
dlev10              =  1.55218e-05
dlev11              =  1.57411e-05
dlev12              =  1.69843e-05
dlev13              =  1.80738e-05
dlev14              =  1.90296e-05
dlev15              =  9.99984e-01
dlev16              =  9.99988e-01
dlev17              =  9.99987e-01
dlev18              =  9.99987e-01
dlev19              =  9.99988e-01
dlev20              =  9.99987e-01
dlev21              =  9.99987e-01
dlev22              =  9.99987e-01
dlev23              =  9.99986e-01
dlev24              =  9.99986e-01
dlev25              =  9.99986e-01
dlev26              =  9.99986e-01
dlev27              =  9.99986e-01
dlev28              =  9.99988e-01
dlev29              =  9.99988e-01
dlev30              =  9.99988e-01
dlev31              =  9.99988e-01
dlev32              =  9.99987e-01
vdd_meas            =  1.20000e+00
temp_meas           =  1.25000e+02
vbias_mv            =  2.07224e+02
lowcount            =  1.50000e+01
vos_mv              =  -4.50003e+00

ngspice-46 done
