
Note: No compatibility mode selected!


Circuit: * klt sim -- generated corner deck, do not edit

Doing analysis at TEMP = 125.000000 and TNOM = 27.000000

Using SPARSE 1.3 as Direct Linear Solver

Initial Transient Solution
--------------------------

Node                                   Voltage
----                                   -------
vdd                                       1.08
cm                                         0.6
vd                                      -0.048
ap                                       0.576
an                                       0.624
clku                                         0
clk                                          0
ibn                                   0.228308
xa.x1.tmid                         0.000169121
xa.x1.tail                            0.572446
xa.x1.np                               1.07994
xa.x1.nn                                1.0798
xa.x1.ln                                  1.08
xa.x1.lp                                  1.08
xa.x1.lnb                          1.59832e-06
xa.x1.lpb                          1.44541e-06
xa.x1.na                                  1.08
doutb                              2.24225e-06
dout                                   1.07998
xa.x1.nb                               1.07999
doutn                                 0.999986
tcheck                                     125
pa_00                                  228.308
bpa_00#branch                                0
btchk#branch                                 0
bdoutn#branch                                0
bclk#branch                        1.95805e-10
ean#branch                         2.28498e-12
eap#branch                         3.02214e-12
vclku#branch                                 0
vd#branch                                    0
vcm#branch                         5.30712e-12
vsup#branch                       -2.03113e-05


No. of Data Rows : 12042

  Measurements for Transient Analysis

dlev0               =  2.98997e-06
dlev1               =  3.84752e-06
dlev2               =  3.85273e-06
dlev3               =  3.32583e-06
dlev4               =  3.86250e-06
dlev5               =  3.87082e-06
dlev6               =  3.44148e-06
dlev7               =  2.42515e-06
dlev8               =  4.05168e-06
dlev9               =  4.10652e-06
dlev10              =  3.44276e-06
dlev11              =  2.39178e-06
dlev12              =  2.37724e-06
dlev13              =  2.33914e-06
dlev14              =  4.63658e-06
dlev15              =  2.29761e-06
dlev16              =  5.04808e-06
dlev17              =  9.99986e-01
dlev18              =  9.99986e-01
dlev19              =  9.99986e-01
dlev20              =  9.99986e-01
dlev21              =  9.99986e-01
dlev22              =  9.99986e-01
dlev23              =  9.99987e-01
dlev24              =  9.99987e-01
dlev25              =  9.99986e-01
dlev26              =  9.99987e-01
dlev27              =  9.99987e-01
dlev28              =  9.99987e-01
dlev29              =  9.99987e-01
dlev30              =  9.99987e-01
dlev31              =  9.99987e-01
dlev32              =  9.99987e-01
vdd_meas            =  1.08000e+00
temp_meas           =  1.25000e+02
vbias_mv            =  2.28308e+02
lowcount            =  1.70002e+01
vos_mv              =  1.50047e+00

ngspice-46 done
