
Note: No compatibility mode selected!


Circuit: * klt sim -- generated corner deck, do not edit

Doing analysis at TEMP = 27.000000 and TNOM = 27.000000

Using SPARSE 1.3 as Direct Linear Solver

Initial Transient Solution
--------------------------

Node                                   Voltage
----                                   -------
vdd                                       1.08
cm                                         0.6
vd                                      -0.048
ap                                       0.576
an                                       0.624
clku                                         0
clk                                          0
ibn                                   0.286721
xa.x1.tmid                         3.19014e-06
xa.x1.tail                            0.538382
xa.x1.np                                  1.08
xa.x1.nn                               1.07999
xa.x1.ln                                  1.08
xa.x1.lp                                  1.08
xa.x1.lnb                          4.23101e-08
xa.x1.lpb                          4.35835e-08
xa.x1.na                                  1.08
doutb                              4.61614e-08
dout                                      1.08
xa.x1.nb                                  1.08
doutn                                        1
tcheck                                      27
pa_00                                  286.721
bpa_00#branch                                0
btchk#branch                                 0
bdoutn#branch                                0
bclk#branch                        1.23235e-10
ean#branch                         5.06678e-13
eap#branch                         6.70533e-13
vclku#branch                                 0
vd#branch                                    0
vcm#branch                         1.17721e-12
vsup#branch                       -2.00079e-05


No. of Data Rows : 12072

  Measurements for Transient Analysis

dlev0               =  6.21744e-06
dlev1               =  -1.76493e-06
dlev2               =  -1.71243e-06
dlev3               =  -1.60129e-06
dlev4               =  -1.06140e-06
dlev5               =  -4.30311e-06
dlev6               =  -1.13127e-06
dlev7               =  -1.34427e-06
dlev8               =  -4.31380e-06
dlev9               =  -4.15841e-06
dlev10              =  -7.36599e-06
dlev11              =  -1.57853e-07
dlev12              =  -5.86598e-06
dlev13              =  -4.07924e-06
dlev14              =  -3.99004e-06
dlev15              =  -4.07895e-06
dlev16              =  1.00000e+00
dlev17              =  9.99999e-01
dlev18              =  9.99997e-01
dlev19              =  9.99999e-01
dlev20              =  9.99998e-01
dlev21              =  9.99995e-01
dlev22              =  9.99999e-01
dlev23              =  9.99998e-01
dlev24              =  9.99999e-01
dlev25              =  9.99999e-01
dlev26              =  9.99997e-01
dlev27              =  9.99998e-01
dlev28              =  9.99999e-01
dlev29              =  9.99999e-01
dlev30              =  9.99999e-01
dlev31              =  9.99999e-01
dlev32              =  9.99999e-01
vdd_meas            =  1.08000e+00
temp_meas           =  2.70000e+01
vbias_mv            =  2.86721e+02
lowcount            =  1.60001e+01
vos_mv              =  -1.49981e+00

ngspice-46 done
