
Note: No compatibility mode selected!


Circuit: * klt sim -- generated corner deck, do not edit

Doing analysis at TEMP = -40.000000 and TNOM = 27.000000

Using SPARSE 1.3 as Direct Linear Solver

Initial Transient Solution
--------------------------

Node                                   Voltage
----                                   -------
vdd                                       1.32
cm                                         0.6
vd                                      -0.048
ap                                       0.576
an                                       0.624
clku                                         0
clk                                          0
ibn                                   0.367328
xa.x1.tmid                         5.58731e-09
xa.x1.tail                            0.564454
xa.x1.np                                  1.32
xa.x1.nn                                  1.32
xa.x1.ln                                  1.32
xa.x1.lp                                  1.32
xa.x1.lnb                          4.82425e-08
xa.x1.lpb                          4.96862e-08
xa.x1.na                               1.30102
doutb                                 0.701276
dout                                  0.706909
xa.x1.nb                               1.30013
doutn                                 0.535537
tcheck                                     -40
pa_00                                  367.328
bpa_00#branch                                0
btchk#branch                                 0
bdoutn#branch                                0
bclk#branch                        5.02961e-10
ean#branch                         2.67647e-13
eap#branch                         3.37133e-13
vclku#branch                                 0
vd#branch                                    0
vcm#branch                          6.0478e-13
vsup#branch                       -0.000125638


No. of Data Rows : 12310

  Measurements for Transient Analysis

dlev0               =  -4.70406e-07
dlev1               =  -3.89886e-06
dlev2               =  -3.88592e-06
dlev3               =  -6.02132e-06
dlev4               =  -6.75078e-06
dlev5               =  -2.95680e-06
dlev6               =  -3.04830e-06
dlev7               =  -5.45097e-06
dlev8               =  -7.31636e-06
dlev9               =  -2.67814e-06
dlev10              =  -6.39076e-06
dlev11              =  -2.13487e-06
dlev12              =  -1.98793e-06
dlev13              =  -5.22003e-06
dlev14              =  -2.85431e-06
dlev15              =  -5.98665e-06
dlev16              =  -4.48924e-06
dlev17              =  1.00000e+00
dlev18              =  9.99996e-01
dlev19              =  9.99999e-01
dlev20              =  1.00000e+00
dlev21              =  1.00000e+00
dlev22              =  9.99999e-01
dlev23              =  1.00000e+00
dlev24              =  1.00000e+00
dlev25              =  9.99996e-01
dlev26              =  9.99999e-01
dlev27              =  9.99999e-01
dlev28              =  9.99999e-01
dlev29              =  9.99996e-01
dlev30              =  1.00000e+00
dlev31              =  9.99999e-01
dlev32              =  9.99997e-01
vdd_meas            =  1.32000e+00
temp_meas           =  -4.00000e+01
vbias_mv            =  3.67328e+02
lowcount            =  1.70001e+01
vos_mv              =  1.50027e+00

ngspice-46 done
