
Note: No compatibility mode selected!


Circuit: * klt sim -- generated corner deck, do not edit

Doing analysis at TEMP = 27.000000 and TNOM = 27.000000

Using SPARSE 1.3 as Direct Linear Solver

Initial Transient Solution
--------------------------

Node                                   Voltage
----                                   -------
vdd                                       1.08
cm                                         0.6
vd                                      -0.048
ap                                       0.576
an                                       0.624
clku                                         0
clk                                          0
ibn                                    0.25322
xa.x1.tmid                         5.17265e-06
xa.x1.tail                             0.57009
xa.x1.np                                  1.08
xa.x1.nn                               1.07999
xa.x1.ln                                  1.08
xa.x1.lp                                  1.08
xa.x1.lnb                          4.04809e-08
xa.x1.lpb                            4.378e-08
xa.x1.na                                  1.08
doutb                              4.52113e-08
dout                                      1.08
xa.x1.nb                                  1.08
doutn                                        1
tcheck                                      27
pa_00                                   253.22
bpa_00#branch                                0
btchk#branch                                 0
bdoutn#branch                                0
bclk#branch                        1.23993e-10
ean#branch                         1.02177e-12
eap#branch                         1.34739e-12
vclku#branch                                 0
vd#branch                                    0
vcm#branch                         2.36916e-12
vsup#branch                       -1.00083e-05


No. of Data Rows : 12093

  Measurements for Transient Analysis

dlev0               =  2.47107e-06
dlev1               =  1.10467e-06
dlev2               =  -1.17169e-06
dlev3               =  1.09549e-06
dlev4               =  4.00565e-06
dlev5               =  3.57607e-06
dlev6               =  2.20238e-06
dlev7               =  1.07383e-06
dlev8               =  1.32025e-06
dlev9               =  4.12276e-06
dlev10              =  2.71315e-06
dlev11              =  2.38032e-06
dlev12              =  3.33940e-06
dlev13              =  6.15049e-06
dlev14              =  3.72569e-06
dlev15              =  4.20778e-06
dlev16              =  6.47919e-06
dlev17              =  9.99998e-01
dlev18              =  9.99998e-01
dlev19              =  1.00000e+00
dlev20              =  1.00000e+00
dlev21              =  1.00000e+00
dlev22              =  9.99998e-01
dlev23              =  1.00000e+00
dlev24              =  9.99998e-01
dlev25              =  9.99999e-01
dlev26              =  9.99998e-01
dlev27              =  1.00000e+00
dlev28              =  1.00000e+00
dlev29              =  1.00000e+00
dlev30              =  9.99999e-01
dlev31              =  9.99998e-01
dlev32              =  9.99999e-01
vdd_meas            =  1.08000e+00
temp_meas           =  2.70000e+01
vbias_mv            =  2.53220e+02
lowcount            =  1.70000e+01
vos_mv              =  1.49990e+00

ngspice-46 done
