
Note: No compatibility mode selected!


Circuit: * klt sim -- generated corner deck, do not edit

Doing analysis at TEMP = -40.000000 and TNOM = 27.000000

Using SPARSE 1.3 as Direct Linear Solver

Initial Transient Solution
--------------------------

Node                                   Voltage
----                                   -------
vdd                                       1.32
cm                                         0.6
vd                                      -0.048
ap                                       0.576
an                                       0.624
clku                                         0
clk                                          0
ibn                                   0.271712
xa.x1.tmid                         3.28348e-07
xa.x1.tail                            0.569921
xa.x1.np                                  1.32
xa.x1.nn                                  1.32
xa.x1.ln                                  1.32
xa.x1.lp                                  1.32
xa.x1.lnb                          1.30031e-07
xa.x1.lpb                          1.32173e-07
xa.x1.na                                  1.32
doutb                              1.37218e-07
dout                                      1.32
xa.x1.nb                                  1.32
doutn                                        1
tcheck                                     -40
pa_00                                  271.712
bpa_00#branch                                0
btchk#branch                                 0
bdoutn#branch                                0
bclk#branch                        9.01432e-10
ean#branch                         3.44977e-12
eap#branch                         4.27328e-12
vclku#branch                                 0
vd#branch                                    0
vcm#branch                         7.72304e-12
vsup#branch                        -1.0003e-05


No. of Data Rows : 12303

  Measurements for Transient Analysis

dlev0               =  7.32831e-06
dlev1               =  3.83903e-06
dlev2               =  6.24903e-06
dlev3               =  7.81747e-06
dlev4               =  6.70199e-06
dlev5               =  4.84838e-06
dlev6               =  -2.91639e-06
dlev7               =  2.35041e-06
dlev8               =  2.88949e-06
dlev9               =  8.48683e-06
dlev10              =  5.00994e-06
dlev11              =  6.58837e-06
dlev12              =  4.12868e-06
dlev13              =  -6.82849e-07
dlev14              =  5.82906e-06
dlev15              =  6.24396e-06
dlev16              =  4.02118e-06
dlev17              =  1.00000e+00
dlev18              =  1.00000e+00
dlev19              =  1.00000e+00
dlev20              =  1.00000e+00
dlev21              =  1.00000e+00
dlev22              =  1.00000e+00
dlev23              =  1.00000e+00
dlev24              =  1.00000e+00
dlev25              =  1.00000e+00
dlev26              =  1.00000e+00
dlev27              =  1.00000e+00
dlev28              =  9.99998e-01
dlev29              =  1.00000e+00
dlev30              =  1.00000e+00
dlev31              =  1.00000e+00
dlev32              =  1.00000e+00
vdd_meas            =  1.32000e+00
temp_meas           =  -4.00000e+01
vbias_mv            =  2.71712e+02
lowcount            =  1.69999e+01
vos_mv              =  1.49972e+00

ngspice-46 done
