
Note: No compatibility mode selected!


Circuit: * klt sim -- generated corner deck, do not edit

Doing analysis at TEMP = 27.000000 and TNOM = 27.000000

Using SPARSE 1.3 as Direct Linear Solver

Initial Transient Solution
--------------------------

Node                                   Voltage
----                                   -------
vdd                                       1.32
cm                                        0.55
vd                                      -0.048
ap                                       0.526
an                                       0.574
clku                                         0
clk                                          0
ibn                                    0.33212
xa.x1.tmid                         2.92238e-07
xa.x1.tail                            0.553929
xa.x1.np                                  1.32
xa.x1.nn                                  1.32
xa.x1.ln                                  1.32
xa.x1.lp                                  1.32
xa.x1.lnb                          2.53275e-07
xa.x1.lpb                          2.09721e-07
xa.x1.na                               1.29416
doutb                                 0.696766
dout                                  0.702092
xa.x1.nb                               1.29355
doutn                                 0.531888
tcheck                                      27
pa_00                                   332.12
bpa_00#branch                                0
btchk#branch                                 0
bdoutn#branch                                0
bclk#branch                        7.62723e-10
ean#branch                         1.04863e-12
eap#branch                         1.30865e-12
vclku#branch                                 0
vd#branch                                    0
vcm#branch                         2.35728e-12
vsup#branch                       -0.000149763


No. of Data Rows : 12305

  Measurements for Transient Analysis

dlev0               =  -3.94786e-06
dlev1               =  -1.61894e-06
dlev2               =  -1.22604e-06
dlev3               =  -4.09926e-06
dlev4               =  -4.13639e-06
dlev5               =  -4.18338e-06
dlev6               =  -7.06082e-07
dlev7               =  2.61711e-08
dlev8               =  -6.30175e-07
dlev9               =  6.11285e-08
dlev10              =  -4.24719e-06
dlev11              =  -3.82757e-07
dlev12              =  -2.79799e-07
dlev13              =  -4.95074e-07
dlev14              =  -4.81322e-07
dlev15              =  -8.13416e-07
dlev16              =  5.10628e-07
dlev17              =  -4.47332e-07
dlev18              =  9.99999e-01
dlev19              =  1.00000e+00
dlev20              =  1.00000e+00
dlev21              =  1.00000e+00
dlev22              =  9.99998e-01
dlev23              =  1.00000e+00
dlev24              =  9.99998e-01
dlev25              =  1.00000e+00
dlev26              =  1.00000e+00
dlev27              =  1.00000e+00
dlev28              =  1.00000e+00
dlev29              =  1.00000e+00
dlev30              =  9.99998e-01
dlev31              =  9.99998e-01
dlev32              =  9.99998e-01
vdd_meas            =  1.32000e+00
temp_meas           =  2.70000e+01
vbias_mv            =  3.32120e+02
lowcount            =  1.80000e+01
vos_mv              =  4.50012e+00
vcm_meas            =  5.50000e-01

ngspice-46 done
