
Note: No compatibility mode selected!


Circuit: * klt sim -- generated corner deck, do not edit

Doing analysis at TEMP = 27.000000 and TNOM = 27.000000

Using SPARSE 1.3 as Direct Linear Solver

Initial Transient Solution
--------------------------

Node                                   Voltage
----                                   -------
vdd                                       1.32
cm                                         0.6
vd                                      -0.048
ap                                       0.576
an                                       0.624
clku                                         0
clk                                          0
ibn                                   0.350871
xa.x1.tmid                         8.22113e-08
xa.x1.tail                            0.607859
xa.x1.np                                  1.32
xa.x1.nn                                  1.32
xa.x1.ln                                  1.32
xa.x1.lp                                  1.32
xa.x1.lnb                          2.20855e-08
xa.x1.lpb                          2.09637e-08
xa.x1.na                                  1.32
doutb                                     1.32
dout                               2.23614e-08
xa.x1.nb                                  1.32
doutn                              1.69405e-08
tcheck                                      27
pa_00                                  350.871
bpa_00#branch                                0
btchk#branch                                 0
bdoutn#branch                                0
bclk#branch                        1.34093e-10
ean#branch                          4.0376e-13
eap#branch                         5.10592e-13
vclku#branch                                 0
vd#branch                                    0
vcm#branch                         9.14352e-13
vsup#branch                       -2.00005e-05


No. of Data Rows : 12293

  Measurements for Transient Analysis

dlev0               =  -1.35758e-06
dlev1               =  2.00583e-07
dlev2               =  6.15258e-08
dlev3               =  -2.11926e-07
dlev4               =  -6.65606e-07
dlev5               =  -2.50550e-06
dlev6               =  -2.14039e-06
dlev7               =  -1.26553e-06
dlev8               =  -1.11583e-06
dlev9               =  -1.46113e-06
dlev10              =  3.91108e-07
dlev11              =  -2.66639e-07
dlev12              =  -3.67875e-07
dlev13              =  1.77019e-08
dlev14              =  -5.24769e-06
dlev15              =  -1.13789e-06
dlev16              =  1.00000e+00
dlev17              =  1.00000e+00
dlev18              =  1.00000e+00
dlev19              =  1.00000e+00
dlev20              =  1.00000e+00
dlev21              =  1.00000e+00
dlev22              =  1.00000e+00
dlev23              =  1.00000e+00
dlev24              =  1.00000e+00
dlev25              =  1.00000e+00
dlev26              =  1.00000e+00
dlev27              =  1.00000e+00
dlev28              =  1.00000e+00
dlev29              =  1.00000e+00
dlev30              =  1.00000e+00
dlev31              =  1.00000e+00
dlev32              =  1.00000e+00
vdd_meas            =  1.32000e+00
temp_meas           =  2.70000e+01
vbias_mv            =  3.50871e+02
lowcount            =  1.60000e+01
vos_mv              =  -1.49996e+00
vcm_meas            =  6.00000e-01

ngspice-46 done
