
Note: No compatibility mode selected!


Circuit: * klt sim -- generated corner deck, do not edit

Doing analysis at TEMP = 27.000000 and TNOM = 27.000000

Using SPARSE 1.3 as Direct Linear Solver

Initial Transient Solution
--------------------------

Node                                   Voltage
----                                   -------
vdd                                       1.08
cm                                         0.6
vd                                      -0.048
ap                                       0.576
an                                       0.624
clku                                         0
clk                                          0
ibn                                   0.355174
xa.x1.tmid                         9.12624e-08
xa.x1.tail                            0.540924
xa.x1.np                                  1.08
xa.x1.nn                                  1.08
xa.x1.ln                                  1.08
xa.x1.lp                                  1.08
xa.x1.lnb                           1.4405e-08
xa.x1.lpb                          1.43309e-08
xa.x1.na                                  1.08
doutb                                     1.08
dout                               1.50845e-08
xa.x1.nb                                  1.08
doutn                              1.39671e-08
tcheck                                      27
pa_00                                  355.174
bpa_00#branch                                0
btchk#branch                                 0
bdoutn#branch                                0
bclk#branch                        6.55379e-11
ean#branch                         7.22061e-14
eap#branch                         9.70335e-14
vclku#branch                                 0
vd#branch                                    0
vcm#branch                          1.6924e-13
vsup#branch                       -2.00004e-05


No. of Data Rows : 12065

  Measurements for Transient Analysis

dlev0               =  -3.02369e-07
dlev1               =  1.73937e-07
dlev2               =  1.44700e-06
dlev3               =  1.12406e-05
dlev4               =  1.04838e-06
dlev5               =  1.94896e-06
dlev6               =  2.08254e-06
dlev7               =  3.03272e-06
dlev8               =  1.02945e-06
dlev9               =  2.13513e-06
dlev10              =  2.74381e-08
dlev11              =  2.42232e-06
dlev12              =  1.62040e-06
dlev13              =  2.76803e-06
dlev14              =  1.73308e-06
dlev15              =  7.28121e-07
dlev16              =  1.00000e+00
dlev17              =  1.00000e+00
dlev18              =  1.00000e+00
dlev19              =  1.00000e+00
dlev20              =  1.00000e+00
dlev21              =  1.00000e+00
dlev22              =  1.00000e+00
dlev23              =  1.00000e+00
dlev24              =  1.00000e+00
dlev25              =  1.00000e+00
dlev26              =  1.00000e+00
dlev27              =  1.00000e+00
dlev28              =  1.00000e+00
dlev29              =  1.00000e+00
dlev30              =  1.00000e+00
dlev31              =  1.00000e+00
dlev32              =  1.00000e+00
vdd_meas            =  1.08000e+00
temp_meas           =  2.70000e+01
vbias_mv            =  3.55174e+02
lowcount            =  1.60000e+01
vos_mv              =  -1.50013e+00

ngspice-46 done
