
Note: No compatibility mode selected!


Circuit: * klt sim -- generated corner deck, do not edit

Doing analysis at TEMP = 27.000000 and TNOM = 27.000000

Using SPARSE 1.3 as Direct Linear Solver

Initial Transient Solution
--------------------------

Node                                   Voltage
----                                   -------
vdd                                       1.08
cm                                         0.6
vd                                      -0.048
ap                                       0.576
an                                       0.624
clku                                         0
clk                                          0
ibn                                   0.355749
xa.x1.tmid                         8.74789e-08
xa.x1.tail                            0.597296
xa.x1.np                                  1.08
xa.x1.nn                                  1.08
xa.x1.ln                                  1.08
xa.x1.lp                                  1.08
xa.x1.lnb                          1.44851e-08
xa.x1.lpb                          1.42785e-08
xa.x1.na                                  1.08
doutb                              1.62676e-08
dout                                      1.08
xa.x1.nb                                  1.08
doutn                                        1
tcheck                                      27
pa_00                                  355.749
bpa_00#branch                                0
btchk#branch                                 0
bdoutn#branch                                0
bclk#branch                        6.58825e-11
ean#branch                          1.0969e-13
eap#branch                         1.46744e-13
vclku#branch                                 0
vd#branch                                    0
vcm#branch                         2.56434e-13
vsup#branch                       -2.00003e-05


No. of Data Rows : 12152

  Measurements for Transient Analysis

dlev0               =  -3.38335e-06
dlev1               =  -2.97669e-06
dlev2               =  -2.56081e-06
dlev3               =  -2.91873e-06
dlev4               =  -2.42555e-06
dlev5               =  -2.98741e-06
dlev6               =  5.78175e-07
dlev7               =  7.99360e-07
dlev8               =  -3.91212e-06
dlev9               =  -3.97922e-06
dlev10              =  -4.55796e-06
dlev11              =  -6.97414e-06
dlev12              =  -5.06145e-06
dlev13              =  -5.63830e-06
dlev14              =  1.07063e-07
dlev15              =  1.00000e+00
dlev16              =  9.99998e-01
dlev17              =  9.99997e-01
dlev18              =  9.99997e-01
dlev19              =  9.99998e-01
dlev20              =  9.99997e-01
dlev21              =  1.00000e+00
dlev22              =  1.00000e+00
dlev23              =  1.00000e+00
dlev24              =  9.99998e-01
dlev25              =  1.00000e+00
dlev26              =  9.99998e-01
dlev27              =  9.99999e-01
dlev28              =  1.00000e+00
dlev29              =  9.99999e-01
dlev30              =  9.99999e-01
dlev31              =  1.00000e+00
dlev32              =  9.99999e-01
vdd_meas            =  1.08000e+00
temp_meas           =  2.70000e+01
vbias_mv            =  3.55749e+02
lowcount            =  1.50001e+01
vos_mv              =  -4.49981e+00

ngspice-46 done
