
Note: No compatibility mode selected!


Circuit: * klt sim -- generated corner deck, do not edit

Doing analysis at TEMP = 27.000000 and TNOM = 27.000000

Using SPARSE 1.3 as Direct Linear Solver

Initial Transient Solution
--------------------------

Node                                   Voltage
----                                   -------
vdd                                        1.2
cm                                         0.6
vd                                      -0.048
ap                                       0.576
an                                       0.624
clku                                         0
clk                                          0
ibn                                   0.331753
xa.x1.tmid                         3.41703e-07
xa.x1.tail                            0.590889
xa.x1.np                                   1.2
xa.x1.nn                                   1.2
xa.x1.ln                                   1.2
xa.x1.lp                                   1.2
xa.x1.lnb                          2.29365e-07
xa.x1.lpb                          2.04463e-07
xa.x1.na                                   1.2
doutb                              2.65613e-07
dout                                       1.2
xa.x1.nb                                   1.2
doutn                                        1
tcheck                                      27
pa_00                                  331.753
bpa_00#branch                                0
btchk#branch                                 0
bdoutn#branch                                0
bclk#branch                         5.5331e-10
ean#branch                         4.51555e-13
eap#branch                         5.81035e-13
vclku#branch                                 0
vd#branch                                    0
vcm#branch                         1.03259e-12
vsup#branch                       -2.00029e-05


No. of Data Rows : 12206

  Measurements for Transient Analysis

dlev0               =  -9.33503e-07
dlev1               =  1.11546e-06
dlev2               =  -1.56166e-07
dlev3               =  -3.86486e-07
dlev4               =  1.07067e-06
dlev5               =  9.23506e-07
dlev6               =  1.07059e-06
dlev7               =  5.46619e-06
dlev8               =  5.70445e-06
dlev9               =  5.23370e-06
dlev10              =  -4.34624e-07
dlev11              =  4.73235e-06
dlev12              =  5.55833e-06
dlev13              =  4.51268e-06
dlev14              =  4.35599e-06
dlev15              =  5.51924e-06
dlev16              =  5.34882e-06
dlev17              =  2.96636e-06
dlev18              =  1.00000e+00
dlev19              =  1.00000e+00
dlev20              =  1.00000e+00
dlev21              =  1.00000e+00
dlev22              =  1.00000e+00
dlev23              =  1.00000e+00
dlev24              =  1.00000e+00
dlev25              =  1.00000e+00
dlev26              =  1.00000e+00
dlev27              =  1.00000e+00
dlev28              =  1.00000e+00
dlev29              =  1.00000e+00
dlev30              =  1.00000e+00
dlev31              =  1.00000e+00
dlev32              =  1.00000e+00
vdd_meas            =  1.20000e+00
temp_meas           =  2.70000e+01
vbias_mv            =  3.31753e+02
lowcount            =  1.79999e+01
vos_mv              =  4.49982e+00

ngspice-46 done
