
Note: No compatibility mode selected!


Circuit: * klt sim -- generated corner deck, do not edit

Doing analysis at TEMP = 125.000000 and TNOM = 27.000000

Using SPARSE 1.3 as Direct Linear Solver

Initial Transient Solution
--------------------------

Node                                   Voltage
----                                   -------
vdd                                       1.32
cm                                         0.6
vd                                      -0.048
ap                                       0.576
an                                       0.624
clku                                         0
clk                                          0
ibn                                   0.295943
xa.x1.tmid                         1.34046e-05
xa.x1.tail                            0.602194
xa.x1.np                                  1.32
xa.x1.nn                               1.31999
xa.x1.ln                                  1.32
xa.x1.lp                                  1.32
xa.x1.lnb                          7.52484e-07
xa.x1.lpb                          7.48622e-07
xa.x1.na                               1.29042
doutb                                 0.668866
dout                                  0.669808
xa.x1.nb                               1.28972
doutn                                 0.507431
tcheck                                     125
pa_00                                  295.943
bpa_00#branch                                0
btchk#branch                                 0
bdoutn#branch                                0
bclk#branch                        2.06223e-10
ean#branch                         8.98115e-13
eap#branch                         1.13418e-12
vclku#branch                                 0
vd#branch                                    0
vcm#branch                         2.03229e-12
vsup#branch                       -0.000121194


No. of Data Rows : 12203

  Measurements for Transient Analysis

dlev0               =  1.27364e-07
dlev1               =  1.59897e-06
dlev2               =  2.33064e-06
dlev3               =  1.74183e-06
dlev4               =  1.46934e-06
dlev5               =  1.35440e-06
dlev6               =  1.41081e-06
dlev7               =  1.75364e-06
dlev8               =  2.00871e-06
dlev9               =  1.48264e-06
dlev10              =  1.20303e-06
dlev11              =  1.17152e-06
dlev12              =  1.34403e-06
dlev13              =  1.08898e-06
dlev14              =  1.36217e-06
dlev15              =  9.99999e-01
dlev16              =  9.99999e-01
dlev17              =  9.99999e-01
dlev18              =  1.00000e+00
dlev19              =  9.99999e-01
dlev20              =  9.99999e-01
dlev21              =  1.00000e+00
dlev22              =  1.00000e+00
dlev23              =  1.00000e+00
dlev24              =  1.00000e+00
dlev25              =  1.00000e+00
dlev26              =  1.00000e+00
dlev27              =  1.00000e+00
dlev28              =  1.00000e+00
dlev29              =  1.00000e+00
dlev30              =  1.00000e+00
dlev31              =  1.00000e+00
dlev32              =  1.00000e+00
vdd_meas            =  1.32000e+00
temp_meas           =  1.25000e+02
vbias_mv            =  2.95943e+02
lowcount            =  1.50000e+01
vos_mv              =  -4.50004e+00

ngspice-46 done
