
Note: No compatibility mode selected!


Circuit: * klt sim -- generated corner deck, do not edit

Doing analysis at TEMP = -40.000000 and TNOM = 27.000000

Using SPARSE 1.3 as Direct Linear Solver
Note: Starting dynamic gmin stepping
Note: Dynamic gmin stepping completed

Initial Transient Solution
--------------------------

Node                                   Voltage
----                                   -------
vdd                                       1.08
cm                                         0.6
vd                                      -0.048
ap                                       0.576
an                                       0.624
clku                                         0
clk                                          0
ibn                                   0.391122
xa.x1.tmid                         1.37914e-09
xa.x1.tail                             0.59179
xa.x1.np                                  1.08
xa.x1.nn                                  1.08
xa.x1.ln                                  1.08
xa.x1.lp                                  1.08
xa.x1.lnb                           6.3914e-09
xa.x1.lpb                          6.47659e-09
xa.x1.na                               1.07775
doutb                                 0.546859
dout                                   0.54855
xa.x1.nb                               1.07818
doutn                                 0.507917
tcheck                                     -40
pa_00                                  391.122
bpa_00#branch                                0
btchk#branch                                 0
bdoutn#branch                                0
bclk#branch                         4.5199e-11
ean#branch                         5.30687e-14
eap#branch                         7.10265e-14
vclku#branch                                 0
vd#branch                                    0
vcm#branch                         1.24095e-13
vsup#branch                       -2.64145e-05


No. of Data Rows : 12170

  Measurements for Transient Analysis

dlev0               =  -1.68791e-06
dlev1               =  -9.18786e-07
dlev2               =  -3.57587e-06
dlev3               =  -7.70500e-06
dlev4               =  -8.05439e-06
dlev5               =  1.39892e-06
dlev6               =  -5.30437e-06
dlev7               =  3.88301e-07
dlev8               =  2.86952e-06
dlev9               =  3.90071e-07
dlev10              =  -9.06287e-06
dlev11              =  -9.62302e-06
dlev12              =  6.59927e-07
dlev13              =  -8.28038e-06
dlev14              =  -1.12509e-05
dlev15              =  -9.75253e-06
dlev16              =  1.00000e+00
dlev17              =  9.99995e-01
dlev18              =  9.99997e-01
dlev19              =  9.99998e-01
dlev20              =  9.99997e-01
dlev21              =  9.99996e-01
dlev22              =  9.99998e-01
dlev23              =  9.99999e-01
dlev24              =  1.00000e+00
dlev25              =  9.99999e-01
dlev26              =  1.00000e+00
dlev27              =  9.99995e-01
dlev28              =  9.99998e-01
dlev29              =  1.00000e+00
dlev30              =  9.99998e-01
dlev31              =  1.00000e+00
dlev32              =  1.00000e+00
vdd_meas            =  1.08000e+00
temp_meas           =  -4.00000e+01
vbias_mv            =  3.91122e+02
lowcount            =  1.60001e+01
vos_mv              =  -1.49972e+00

ngspice-46 done
