
Note: No compatibility mode selected!


Circuit: * klt sim -- generated corner deck, do not edit

Doing analysis at TEMP = -40.000000 and TNOM = 27.000000

Using SPARSE 1.3 as Direct Linear Solver
Note: Starting dynamic gmin stepping
Note: Dynamic gmin stepping completed

Initial Transient Solution
--------------------------

Node                                   Voltage
----                                   -------
vdd                                       1.32
cm                                         0.6
vd                                      -0.048
ap                                       0.576
an                                       0.624
clku                                         0
clk                                          0
ibn                                   0.390461
xa.x1.tmid                         1.55368e-09
xa.x1.tail                            0.591597
xa.x1.np                                  1.32
xa.x1.nn                                  1.32
xa.x1.ln                                  1.32
xa.x1.lp                                  1.32
xa.x1.lnb                           1.0021e-08
xa.x1.lpb                          1.05669e-08
xa.x1.na                                  1.32
doutb                              1.05741e-08
dout                                      1.32
xa.x1.nb                                  1.32
doutn                                        1
tcheck                                     -40
pa_00                                  390.461
bpa_00#branch                                0
btchk#branch                                 0
bdoutn#branch                                0
bclk#branch                        8.96374e-11
ean#branch                         1.96315e-13
eap#branch                          2.4844e-13
vclku#branch                                 0
vd#branch                                    0
vcm#branch                         4.44755e-13
vsup#branch                       -2.00002e-05


No. of Data Rows : 12413

  Measurements for Transient Analysis

dlev0               =  9.57597e-07
dlev1               =  7.80143e-07
dlev2               =  4.94313e-07
dlev3               =  2.90587e-07
dlev4               =  -4.31306e-08
dlev5               =  2.45578e-07
dlev6               =  1.76569e-07
dlev7               =  -4.50351e-06
dlev8               =  -6.91955e-06
dlev9               =  -2.35283e-06
dlev10              =  -2.60473e-06
dlev11              =  -1.58707e-06
dlev12              =  -6.14452e-06
dlev13              =  -5.23109e-06
dlev14              =  -5.43570e-06
dlev15              =  -8.43743e-06
dlev16              =  1.00000e+00
dlev17              =  9.99999e-01
dlev18              =  9.99999e-01
dlev19              =  1.00000e+00
dlev20              =  9.99999e-01
dlev21              =  1.00000e+00
dlev22              =  1.00000e+00
dlev23              =  9.99999e-01
dlev24              =  9.99998e-01
dlev25              =  9.99999e-01
dlev26              =  9.99998e-01
dlev27              =  9.99998e-01
dlev28              =  1.00000e+00
dlev29              =  1.00000e+00
dlev30              =  1.00000e+00
dlev31              =  1.00000e+00
dlev32              =  1.00000e+00
vdd_meas            =  1.32000e+00
temp_meas           =  -4.00000e+01
vbias_mv            =  3.90461e+02
lowcount            =  1.60000e+01
vos_mv              =  -1.49985e+00

ngspice-46 done
