
Note: No compatibility mode selected!


Circuit: * klt sim -- generated corner deck, do not edit

Doing analysis at TEMP = 125.000000 and TNOM = 27.000000

Using SPARSE 1.3 as Direct Linear Solver

Initial Transient Solution
--------------------------

Node                                   Voltage
----                                   -------
vdd                                       1.32
cm                                         0.6
vd                                      -0.048
ap                                       0.576
an                                       0.624
clku                                         0
clk                                          0
ibn                                   0.296723
xa.x1.tmid                         1.12965e-05
xa.x1.tail                            0.566098
xa.x1.np                                  1.32
xa.x1.nn                               1.31999
xa.x1.ln                                  1.32
xa.x1.lp                                  1.32
xa.x1.lnb                          8.32498e-07
xa.x1.lpb                          8.21163e-07
xa.x1.na                               1.28992
doutb                                 0.670615
dout                                  0.672002
xa.x1.nb                               1.28951
doutn                                 0.509093
tcheck                                     125
pa_00                                  296.723
bpa_00#branch                                0
btchk#branch                                 0
bdoutn#branch                                0
bclk#branch                        2.05684e-10
ean#branch                         4.48905e-13
eap#branch                         5.67185e-13
vclku#branch                                 0
vd#branch                                    0
vcm#branch                         1.01609e-12
vsup#branch                       -0.000122551


No. of Data Rows : 12110

  Measurements for Transient Analysis

dlev0               =  1.50677e-06
dlev1               =  2.31410e-06
dlev2               =  1.58580e-06
dlev3               =  2.10926e-06
dlev4               =  2.46600e-06
dlev5               =  2.79556e-06
dlev6               =  9.53417e-07
dlev7               =  7.50100e-07
dlev8               =  4.00373e-06
dlev9               =  4.39820e-06
dlev10              =  1.89989e-06
dlev11              =  2.60404e-06
dlev12              =  2.55686e-06
dlev13              =  7.56474e-07
dlev14              =  3.19262e-06
dlev15              =  1.00000e+00
dlev16              =  1.00000e+00
dlev17              =  1.00000e+00
dlev18              =  1.00000e+00
dlev19              =  1.00000e+00
dlev20              =  1.00000e+00
dlev21              =  1.00000e+00
dlev22              =  1.00000e+00
dlev23              =  9.99999e-01
dlev24              =  1.00000e+00
dlev25              =  1.00000e+00
dlev26              =  1.00000e+00
dlev27              =  1.00000e+00
dlev28              =  9.99999e-01
dlev29              =  1.00000e+00
dlev30              =  1.00000e+00
dlev31              =  1.00000e+00
dlev32              =  1.00000e+00
vdd_meas            =  1.32000e+00
temp_meas           =  1.25000e+02
vbias_mv            =  2.96723e+02
lowcount            =  1.50000e+01
vos_mv              =  -4.50012e+00

ngspice-46 done
