
Note: No compatibility mode selected!


Circuit: * klt sim -- generated corner deck, do not edit

Doing analysis at TEMP = -40.000000 and TNOM = 27.000000

Using SPARSE 1.3 as Direct Linear Solver

Initial Transient Solution
--------------------------

Node                                   Voltage
----                                   -------
vdd                                        1.2
cm                                        0.55
vd                                      -0.048
ap                                       0.526
an                                       0.574
clku                                         0
clk                                          0
ibn                                   0.323783
xa.x1.tmid                         7.23324e-08
xa.x1.tail                            0.524686
xa.x1.np                                   1.2
xa.x1.nn                                   1.2
xa.x1.ln                                   1.2
xa.x1.lp                                   1.2
xa.x1.lnb                          2.36373e-08
xa.x1.lpb                          2.34586e-08
xa.x1.na                                   1.2
doutb                                      1.2
dout                                 2.322e-08
xa.x1.nb                                   1.2
doutn                                1.935e-08
tcheck                                     -40
pa_00                                  323.783
bpa_00#branch                                0
btchk#branch                                 0
bdoutn#branch                                0
bclk#branch                        1.16609e-10
ean#branch                         1.20889e-12
eap#branch                         1.52625e-12
vclku#branch                                 0
vd#branch                                    0
vcm#branch                         2.73515e-12
vsup#branch                       -2.00006e-05


No. of Data Rows : 12285

  Measurements for Transient Analysis

dlev0               =  3.29235e-06
dlev1               =  -4.10271e-06
dlev2               =  -4.27369e-06
dlev3               =  -3.51048e-06
dlev4               =  -3.61653e-06
dlev5               =  -3.55113e-06
dlev6               =  -3.02255e-06
dlev7               =  -1.81838e-06
dlev8               =  -3.67712e-06
dlev9               =  1.93314e-06
dlev10              =  -2.18283e-06
dlev11              =  -6.57882e-06
dlev12              =  1.21096e-06
dlev13              =  -1.34059e-06
dlev14              =  -1.70846e-06
dlev15              =  -1.54884e-06
dlev16              =  1.00000e+00
dlev17              =  1.00000e+00
dlev18              =  9.99999e-01
dlev19              =  1.00000e+00
dlev20              =  9.99999e-01
dlev21              =  9.99998e-01
dlev22              =  9.99999e-01
dlev23              =  1.00000e+00
dlev24              =  9.99999e-01
dlev25              =  9.99999e-01
dlev26              =  9.99999e-01
dlev27              =  1.00000e+00
dlev28              =  1.00000e+00
dlev29              =  9.99999e-01
dlev30              =  1.00000e+00
dlev31              =  9.99999e-01
dlev32              =  9.99999e-01
vdd_meas            =  1.20000e+00
temp_meas           =  -4.00000e+01
vbias_mv            =  3.23783e+02
lowcount            =  1.60000e+01
vos_mv              =  -1.49987e+00
vcm_meas            =  5.50000e-01

ngspice-46 done
