
Note: No compatibility mode selected!


Circuit: * klt sim -- generated corner deck, do not edit

Doing analysis at TEMP = 27.000000 and TNOM = 27.000000

Using SPARSE 1.3 as Direct Linear Solver

Initial Transient Solution
--------------------------

Node                                   Voltage
----                                   -------
vdd                                       1.08
cm                                         0.6
vd                                      -0.048
ap                                       0.576
an                                       0.624
clku                                         0
clk                                          0
ibn                                    0.28631
xa.x1.tmid                         3.16236e-06
xa.x1.tail                            0.525081
xa.x1.np                                  1.08
xa.x1.nn                                  1.08
xa.x1.ln                                  1.08
xa.x1.lp                                  1.08
xa.x1.lnb                          3.80508e-08
xa.x1.lpb                          3.87201e-08
xa.x1.na                               1.06832
doutb                                 0.526311
dout                                  0.515786
xa.x1.nb                               1.06896
doutn                                 0.477579
tcheck                                      27
pa_00                                   286.31
bpa_00#branch                                0
btchk#branch                                 0
bdoutn#branch                                0
bclk#branch                        1.22747e-10
ean#branch                         6.73128e-13
eap#branch                         8.91731e-13
vclku#branch                                 0
vd#branch                                    0
vcm#branch                         1.56486e-12
vsup#branch                       -5.65206e-05


No. of Data Rows : 12123

  Measurements for Transient Analysis

dlev0               =  -8.42387e-06
dlev1               =  3.63404e-07
dlev2               =  2.36716e-07
dlev3               =  -1.56812e-06
dlev4               =  -1.61427e-06
dlev5               =  -4.51071e-06
dlev6               =  1.21893e-07
dlev7               =  -5.99102e-06
dlev8               =  -1.57177e-06
dlev9               =  -4.41553e-06
dlev10              =  -2.59807e-06
dlev11              =  -1.53637e-06
dlev12              =  -1.79969e-06
dlev13              =  -4.10255e-06
dlev14              =  -3.88169e-06
dlev15              =  -1.14194e-06
dlev16              =  -7.49044e-06
dlev17              =  1.00000e+00
dlev18              =  9.99999e-01
dlev19              =  9.99998e-01
dlev20              =  9.99998e-01
dlev21              =  9.99998e-01
dlev22              =  9.99998e-01
dlev23              =  9.99998e-01
dlev24              =  9.99998e-01
dlev25              =  9.99999e-01
dlev26              =  9.99998e-01
dlev27              =  9.99997e-01
dlev28              =  9.99997e-01
dlev29              =  9.99998e-01
dlev30              =  9.99998e-01
dlev31              =  9.99998e-01
dlev32              =  9.99998e-01
vdd_meas            =  1.08000e+00
temp_meas           =  2.70000e+01
vbias_mv            =  2.86310e+02
lowcount            =  1.70001e+01
vos_mv              =  1.50024e+00

ngspice-46 done
