
Note: No compatibility mode selected!


Circuit: * klt sim -- generated corner deck, do not edit

Doing analysis at TEMP = 125.000000 and TNOM = 27.000000

Using SPARSE 1.3 as Direct Linear Solver

Initial Transient Solution
--------------------------

Node                                   Voltage
----                                   -------
vdd                                       1.32
cm                                         0.6
vd                                      -0.048
ap                                       0.576
an                                       0.624
clku                                         0
clk                                          0
ibn                                   0.161319
xa.x1.tmid                         0.000451256
xa.x1.tail                            0.583718
xa.x1.np                               1.31993
xa.x1.nn                                1.3198
xa.x1.ln                                  1.32
xa.x1.lp                                  1.32
xa.x1.lnb                          1.98487e-05
xa.x1.lpb                          1.55173e-05
xa.x1.na                               1.31998
doutb                              2.53238e-05
dout                                   1.31998
xa.x1.nb                               1.31999
doutn                                 0.999988
tcheck                                     125
pa_00                                  161.319
bpa_00#branch                                0
btchk#branch                                 0
bdoutn#branch                                0
bclk#branch                        2.22465e-09
ean#branch                         1.58168e-11
eap#branch                          1.9631e-11
vclku#branch                                 0
vd#branch                                    0
vcm#branch                         3.54478e-11
vsup#branch                       -1.06491e-05


No. of Data Rows : 12111

  Measurements for Transient Analysis

dlev0               =  2.06907e-05
dlev1               =  2.39353e-05
dlev2               =  2.32032e-05
dlev3               =  2.01899e-05
dlev4               =  1.81246e-05
dlev5               =  2.34931e-05
dlev6               =  1.98150e-05
dlev7               =  1.82605e-05
dlev8               =  1.97160e-05
dlev9               =  2.52134e-05
dlev10              =  2.50228e-05
dlev11              =  2.17602e-05
dlev12              =  2.54519e-05
dlev13              =  2.52251e-05
dlev14              =  2.26901e-05
dlev15              =  2.58430e-05
dlev16              =  2.02619e-05
dlev17              =  9.99988e-01
dlev18              =  9.99989e-01
dlev19              =  9.99987e-01
dlev20              =  9.99989e-01
dlev21              =  9.99987e-01
dlev22              =  9.99986e-01
dlev23              =  9.99987e-01
dlev24              =  9.99986e-01
dlev25              =  9.99988e-01
dlev26              =  9.99988e-01
dlev27              =  9.99987e-01
dlev28              =  9.99989e-01
dlev29              =  9.99987e-01
dlev30              =  9.99988e-01
dlev31              =  9.99987e-01
dlev32              =  9.99987e-01
vdd_meas            =  1.32000e+00
temp_meas           =  1.25000e+02
vbias_mv            =  1.61319e+02
lowcount            =  1.69998e+01
vos_mv              =  1.49946e+00

ngspice-46 done
