
Note: No compatibility mode selected!


Circuit: * klt sim -- generated corner deck, do not edit

Doing analysis at TEMP = -40.000000 and TNOM = 27.000000

Using SPARSE 1.3 as Direct Linear Solver
Note: Starting dynamic gmin stepping
Note: Dynamic gmin stepping completed

Initial Transient Solution
--------------------------

Node                                   Voltage
----                                   -------
vdd                                       1.32
cm                                        0.55
vd                                      -0.048
ap                                       0.526
an                                       0.574
clku                                         0
clk                                          0
ibn                                    0.39081
xa.x1.tmid                         1.45469e-09
xa.x1.tail                            0.550847
xa.x1.np                                  1.32
xa.x1.nn                                  1.32
xa.x1.ln                                  1.32
xa.x1.lp                                  1.32
xa.x1.lnb                          1.03725e-08
xa.x1.lpb                          9.66015e-09
xa.x1.na                               1.30716
doutb                                 0.666194
dout                                  0.669765
xa.x1.nb                               1.30631
doutn                                 0.507398
tcheck                                     -40
pa_00                                   390.81
bpa_00#branch                                0
btchk#branch                                 0
bdoutn#branch                                0
bclk#branch                        8.97754e-11
ean#branch                         2.50633e-13
eap#branch                         3.14693e-13
vclku#branch                                 0
vd#branch                                    0
vcm#branch                         5.65326e-13
vsup#branch                       -7.63959e-05


No. of Data Rows : 12382

  Measurements for Transient Analysis

dlev0               =  -5.81150e-06
dlev1               =  4.17542e-06
dlev2               =  3.77284e-06
dlev3               =  3.53155e-06
dlev4               =  2.83872e-07
dlev5               =  2.61383e-06
dlev6               =  1.85285e-06
dlev7               =  -1.58179e-06
dlev8               =  -5.26808e-07
dlev9               =  -3.01765e-06
dlev10              =  8.52008e-07
dlev11              =  -2.64529e-06
dlev12              =  3.81235e-07
dlev13              =  -3.38314e-06
dlev14              =  -3.66473e-06
dlev15              =  -4.39160e-06
dlev16              =  9.99998e-01
dlev17              =  1.00000e+00
dlev18              =  1.00000e+00
dlev19              =  1.00000e+00
dlev20              =  1.00000e+00
dlev21              =  1.00000e+00
dlev22              =  1.00000e+00
dlev23              =  1.00000e+00
dlev24              =  1.00000e+00
dlev25              =  1.00000e+00
dlev26              =  1.00000e+00
dlev27              =  1.00000e+00
dlev28              =  1.00000e+00
dlev29              =  1.00000e+00
dlev30              =  1.00000e+00
dlev31              =  1.00000e+00
dlev32              =  1.00000e+00
vdd_meas            =  1.32000e+00
temp_meas           =  -4.00000e+01
vbias_mv            =  3.90810e+02
lowcount            =  1.60000e+01
vos_mv              =  -1.50011e+00
vcm_meas            =  5.50000e-01

ngspice-46 done
