
Note: No compatibility mode selected!


Circuit: * klt sim -- generated corner deck, do not edit

Doing analysis at TEMP = 125.000000 and TNOM = 27.000000

Using SPARSE 1.3 as Direct Linear Solver
Note: Starting dynamic gmin stepping
Note: Dynamic gmin stepping completed

Initial Transient Solution
--------------------------

Node                                   Voltage
----                                   -------
vdd                                       1.08
cm                                         0.6
vd                                      -0.048
ap                                       0.576
an                                       0.624
clku                                         0
clk                                          0
ibn                                   0.229787
xa.x1.tmid                         0.000152357
xa.x1.tail                             0.53943
xa.x1.np                               1.07994
xa.x1.nn                               1.07982
xa.x1.ln                                  1.08
xa.x1.lp                                  1.08
xa.x1.lnb                           1.5013e-06
xa.x1.lpb                          1.69596e-06
xa.x1.na                               1.05962
doutb                                 0.533541
dout                                  0.530966
xa.x1.nb                               1.05947
doutn                                 0.491635
tcheck                                     125
pa_00                                  229.787
bpa_00#branch                                0
btchk#branch                                 0
bdoutn#branch                                0
bclk#branch                        1.91632e-10
ean#branch                         1.12665e-12
eap#branch                         1.50163e-12
vclku#branch                                 0
vd#branch                                    0
vcm#branch                         2.62829e-12
vsup#branch                       -8.04536e-05


No. of Data Rows : 11972

  Measurements for Transient Analysis

dlev0               =  5.65728e-07
dlev1               =  3.31172e-07
dlev2               =  3.17558e-07
dlev3               =  2.94051e-07
dlev4               =  7.58356e-07
dlev5               =  1.59593e-06
dlev6               =  -3.04541e-07
dlev7               =  3.10345e-07
dlev8               =  2.96348e-07
dlev9               =  5.43203e-07
dlev10              =  1.76851e-06
dlev11              =  7.93989e-08
dlev12              =  8.25135e-08
dlev13              =  1.73600e-06
dlev14              =  9.99988e-01
dlev15              =  9.99988e-01
dlev16              =  9.99988e-01
dlev17              =  9.99988e-01
dlev18              =  9.99989e-01
dlev19              =  9.99988e-01
dlev20              =  9.99988e-01
dlev21              =  9.99988e-01
dlev22              =  9.99988e-01
dlev23              =  9.99989e-01
dlev24              =  9.99988e-01
dlev25              =  9.99988e-01
dlev26              =  9.99988e-01
dlev27              =  9.99988e-01
dlev28              =  9.99988e-01
dlev29              =  9.99988e-01
dlev30              =  9.99988e-01
dlev31              =  9.99988e-01
dlev32              =  9.99988e-01
vdd_meas            =  1.08000e+00
temp_meas           =  1.25000e+02
vbias_mv            =  2.29787e+02
lowcount            =  1.40002e+01
vos_mv              =  -7.49933e+00

ngspice-46 done
