
Note: No compatibility mode selected!


Circuit: * klt sim -- generated corner deck, do not edit

Doing analysis at TEMP = 27.000000 and TNOM = 27.000000

Using SPARSE 1.3 as Direct Linear Solver

Initial Transient Solution
--------------------------

Node                                   Voltage
----                                   -------
vdd                                       1.08
cm                                         0.6
vd                                      -0.048
ap                                       0.576
an                                       0.624
clku                                         0
clk                                          0
ibn                                   0.264735
xa.x1.tmid                         7.43401e-06
xa.x1.tail                            0.536541
xa.x1.np                                  1.08
xa.x1.nn                               1.07999
xa.x1.ln                                  1.08
xa.x1.lp                                  1.08
xa.x1.lnb                          5.59636e-07
xa.x1.lpb                          6.35777e-07
xa.x1.na                               1.06394
doutb                                 0.564809
dout                                  0.556831
xa.x1.nb                               1.06413
doutn                                 0.515584
tcheck                                      27
pa_00                                  264.735
bpa_00#branch                                0
btchk#branch                                 0
bdoutn#branch                                0
bclk#branch                        7.02609e-10
ean#branch                         1.06658e-12
eap#branch                         1.40497e-12
vclku#branch                                 0
vd#branch                                    0
vcm#branch                         2.47155e-12
vsup#branch                       -9.02553e-05


No. of Data Rows : 12102

  Measurements for Transient Analysis

dlev0               =  3.46368e-06
dlev1               =  4.53808e-06
dlev2               =  8.02344e-07
dlev3               =  3.80256e-06
dlev4               =  2.40275e-06
dlev5               =  3.81026e-06
dlev6               =  3.85562e-06
dlev7               =  3.60819e-06
dlev8               =  2.37628e-06
dlev9               =  1.35786e-06
dlev10              =  7.16298e-07
dlev11              =  3.97554e-06
dlev12              =  3.93677e-06
dlev13              =  6.74719e-07
dlev14              =  3.07987e-06
dlev15              =  6.39185e-07
dlev16              =  1.00000e+00
dlev17              =  1.00000e+00
dlev18              =  9.99999e-01
dlev19              =  1.00000e+00
dlev20              =  1.00000e+00
dlev21              =  1.00000e+00
dlev22              =  1.00000e+00
dlev23              =  1.00000e+00
dlev24              =  1.00000e+00
dlev25              =  1.00000e+00
dlev26              =  1.00000e+00
dlev27              =  1.00000e+00
dlev28              =  1.00000e+00
dlev29              =  1.00000e+00
dlev30              =  1.00000e+00
dlev31              =  1.00000e+00
dlev32              =  1.00000e+00
vdd_meas            =  1.08000e+00
temp_meas           =  2.70000e+01
vbias_mv            =  2.64735e+02
lowcount            =  1.59999e+01
vos_mv              =  -1.50015e+00

ngspice-46 done
