
Note: No compatibility mode selected!


Circuit: * klt sim -- generated corner deck, do not edit

Doing analysis at TEMP = 27.000000 and TNOM = 27.000000

Using SPARSE 1.3 as Direct Linear Solver

Initial Transient Solution
--------------------------

Node                                   Voltage
----                                   -------
vdd                                        1.2
cm                                         0.6
vd                                      -0.048
ap                                       0.576
an                                       0.624
clku                                         0
clk                                          0
ibn                                   0.332768
xa.x1.tmid                         4.05306e-07
xa.x1.tail                            0.584679
xa.x1.np                                   1.2
xa.x1.nn                                   1.2
xa.x1.ln                                   1.2
xa.x1.lp                                   1.2
xa.x1.lnb                          2.34696e-07
xa.x1.lpb                          2.57565e-07
xa.x1.na                                   1.2
doutb                                      1.2
dout                               2.51817e-07
xa.x1.nb                                   1.2
doutn                              2.09847e-07
tcheck                                      27
pa_00                                  332.768
bpa_00#branch                                0
btchk#branch                                 0
bdoutn#branch                                0
bclk#branch                        5.52077e-10
ean#branch                          4.5125e-13
eap#branch                         5.81091e-13
vclku#branch                                 0
vd#branch                                    0
vcm#branch                         1.03234e-12
vsup#branch                       -2.00031e-05


No. of Data Rows : 12202

  Measurements for Transient Analysis

dlev0               =  3.70524e-06
dlev1               =  2.16794e-07
dlev2               =  -3.74392e-07
dlev3               =  -5.53393e-07
dlev4               =  1.37423e-06
dlev5               =  -6.54854e-07
dlev6               =  -6.91298e-07
dlev7               =  -7.43175e-07
dlev8               =  -3.74176e-07
dlev9               =  6.04058e-06
dlev10              =  2.75743e-06
dlev11              =  3.77461e-06
dlev12              =  4.00373e-07
dlev13              =  5.49430e-06
dlev14              =  1.90647e-06
dlev15              =  3.08665e-06
dlev16              =  5.16319e-06
dlev17              =  1.00000e+00
dlev18              =  1.00000e+00
dlev19              =  1.00000e+00
dlev20              =  1.00000e+00
dlev21              =  1.00000e+00
dlev22              =  1.00000e+00
dlev23              =  1.00000e+00
dlev24              =  9.99999e-01
dlev25              =  9.99999e-01
dlev26              =  1.00000e+00
dlev27              =  1.00000e+00
dlev28              =  1.00000e+00
dlev29              =  1.00000e+00
dlev30              =  1.00000e+00
dlev31              =  1.00000e+00
dlev32              =  1.00000e+00
vdd_meas            =  1.20000e+00
temp_meas           =  2.70000e+01
vbias_mv            =  3.32768e+02
lowcount            =  1.70000e+01
vos_mv              =  1.49986e+00

ngspice-46 done
