
Note: No compatibility mode selected!


Circuit: * klt sim -- generated corner deck, do not edit

Doing analysis at TEMP = 27.000000 and TNOM = 27.000000

Using SPARSE 1.3 as Direct Linear Solver

Initial Transient Solution
--------------------------

Node                                   Voltage
----                                   -------
vdd                                       1.08
cm                                         0.6
vd                                      -0.048
ap                                       0.576
an                                       0.624
clku                                         0
clk                                          0
ibn                                   0.355681
xa.x1.tmid                          9.7799e-08
xa.x1.tail                            0.573889
xa.x1.np                                  1.08
xa.x1.nn                                  1.08
xa.x1.ln                                  1.08
xa.x1.lp                                  1.08
xa.x1.lnb                          1.41549e-08
xa.x1.lpb                          1.42763e-08
xa.x1.na                                  1.08
doutb                                     1.08
dout                               1.53953e-08
xa.x1.nb                                  1.08
doutn                              1.42549e-08
tcheck                                      27
pa_00                                  355.681
bpa_00#branch                                0
btchk#branch                                 0
bdoutn#branch                                0
bclk#branch                        6.55448e-11
ean#branch                         7.28029e-14
eap#branch                          9.7547e-14
vclku#branch                                 0
vd#branch                                    0
vcm#branch                          1.7035e-13
vsup#branch                       -2.00004e-05


No. of Data Rows : 12071

  Measurements for Transient Analysis

dlev0               =  -4.79309e-07
dlev1               =  1.01870e-05
dlev2               =  1.96320e-06
dlev3               =  7.82506e-07
dlev4               =  1.07342e-06
dlev5               =  -1.19485e-07
dlev6               =  -2.32486e-07
dlev7               =  3.24942e-07
dlev8               =  -5.61503e-07
dlev9               =  -1.30668e-06
dlev10              =  6.19675e-06
dlev11              =  8.71288e-06
dlev12              =  -7.53264e-07
dlev13              =  8.62719e-06
dlev14              =  -2.01416e-06
dlev15              =  -2.49623e-06
dlev16              =  -3.35217e-07
dlev17              =  9.99999e-01
dlev18              =  1.00000e+00
dlev19              =  1.00000e+00
dlev20              =  1.00000e+00
dlev21              =  1.00000e+00
dlev22              =  1.00000e+00
dlev23              =  1.00000e+00
dlev24              =  1.00000e+00
dlev25              =  1.00000e+00
dlev26              =  1.00000e+00
dlev27              =  1.00000e+00
dlev28              =  1.00000e+00
dlev29              =  1.00000e+00
dlev30              =  1.00000e+00
dlev31              =  1.00000e+00
dlev32              =  1.00000e+00
vdd_meas            =  1.08000e+00
temp_meas           =  2.70000e+01
vbias_mv            =  3.55681e+02
lowcount            =  1.70000e+01
vos_mv              =  1.49986e+00

ngspice-46 done
