
Note: No compatibility mode selected!


Circuit: * klt sim -- generated corner deck, do not edit

Doing analysis at TEMP = 27.000000 and TNOM = 27.000000

Using SPARSE 1.3 as Direct Linear Solver

Initial Transient Solution
--------------------------

Node                                   Voltage
----                                   -------
vdd                                        1.2
cm                                         0.6
vd                                      -0.048
ap                                       0.576
an                                       0.624
clku                                         0
clk                                          0
ibn                                   0.307413
xa.x1.tmid                         1.46253e-06
xa.x1.tail                            0.530452
xa.x1.np                                   1.2
xa.x1.nn                                   1.2
xa.x1.ln                                   1.2
xa.x1.lp                                   1.2
xa.x1.lnb                          1.01256e-07
xa.x1.lpb                          9.85661e-08
xa.x1.na                                   1.2
doutb                              1.03234e-07
dout                                       1.2
xa.x1.nb                                   1.2
doutn                                        1
tcheck                                      27
pa_00                                  307.413
bpa_00#branch                                0
btchk#branch                                 0
bdoutn#branch                                0
bclk#branch                        3.12219e-10
ean#branch                         6.20656e-13
eap#branch                         7.96752e-13
vclku#branch                                 0
vd#branch                                    0
vcm#branch                         1.41741e-12
vsup#branch                       -2.00043e-05


No. of Data Rows : 12184

  Measurements for Transient Analysis

dlev0               =  3.53885e-07
dlev1               =  4.24434e-06
dlev2               =  3.11945e-06
dlev3               =  2.23656e-06
dlev4               =  2.70335e-06
dlev5               =  1.64254e-06
dlev6               =  3.54474e-06
dlev7               =  4.12625e-06
dlev8               =  4.51263e-06
dlev9               =  4.52203e-07
dlev10              =  -6.93470e-08
dlev11              =  3.95655e-06
dlev12              =  3.76227e-06
dlev13              =  9.99998e-01
dlev14              =  1.00000e+00
dlev15              =  1.00000e+00
dlev16              =  1.00000e+00
dlev17              =  1.00000e+00
dlev18              =  1.00000e+00
dlev19              =  1.00000e+00
dlev20              =  1.00000e+00
dlev21              =  1.00000e+00
dlev22              =  1.00000e+00
dlev23              =  1.00000e+00
dlev24              =  1.00000e+00
dlev25              =  1.00000e+00
dlev26              =  1.00000e+00
dlev27              =  1.00000e+00
dlev28              =  1.00000e+00
dlev29              =  1.00000e+00
dlev30              =  1.00000e+00
dlev31              =  1.00000e+00
dlev32              =  1.00000e+00
vdd_meas            =  1.20000e+00
temp_meas           =  2.70000e+01
vbias_mv            =  3.07413e+02
lowcount            =  1.29999e+01
vos_mv              =  -1.05002e+01

ngspice-46 done
