
Note: No compatibility mode selected!


Circuit: * klt sim -- generated corner deck, do not edit

Doing analysis at TEMP = 27.000000 and TNOM = 27.000000

Using SPARSE 1.3 as Direct Linear Solver

Initial Transient Solution
--------------------------

Node                                   Voltage
----                                   -------
vdd                                        1.2
cm                                         0.6
vd                                      -0.048
ap                                       0.576
an                                       0.624
clku                                         0
clk                                          0
ibn                                   0.333402
xa.x1.tmid                         3.54193e-07
xa.x1.tail                            0.569043
xa.x1.np                                   1.2
xa.x1.nn                                   1.2
xa.x1.ln                                   1.2
xa.x1.lp                                   1.2
xa.x1.lnb                          2.54814e-07
xa.x1.lpb                          2.06807e-07
xa.x1.na                               1.18385
doutb                                 0.643253
dout                                  0.649578
xa.x1.nb                                1.1824
doutn                                 0.541315
tcheck                                      27
pa_00                                  333.402
bpa_00#branch                                0
btchk#branch                                 0
bdoutn#branch                                0
bclk#branch                        5.55072e-10
ean#branch                         3.00038e-13
eap#branch                         3.87218e-13
vclku#branch                                 0
vd#branch                                    0
vcm#branch                         6.87256e-13
vsup#branch                       -9.47379e-05


No. of Data Rows : 12183

  Measurements for Transient Analysis

dlev0               =  -2.14160e-10
dlev1               =  5.39516e-07
dlev2               =  6.56691e-07
dlev3               =  7.50317e-07
dlev4               =  -9.49787e-08
dlev5               =  4.20172e-06
dlev6               =  6.39326e-06
dlev7               =  4.53302e-06
dlev8               =  3.34715e-06
dlev9               =  1.35136e-06
dlev10              =  5.34555e-06
dlev11              =  2.73869e-06
dlev12              =  1.70203e-07
dlev13              =  2.84900e-06
dlev14              =  3.27677e-06
dlev15              =  6.05441e-06
dlev16              =  5.99226e-06
dlev17              =  1.00000e+00
dlev18              =  1.00000e+00
dlev19              =  1.00000e+00
dlev20              =  1.00000e+00
dlev21              =  1.00000e+00
dlev22              =  1.00000e+00
dlev23              =  1.00000e+00
dlev24              =  1.00000e+00
dlev25              =  1.00000e+00
dlev26              =  1.00000e+00
dlev27              =  1.00000e+00
dlev28              =  1.00000e+00
dlev29              =  1.00000e+00
dlev30              =  1.00000e+00
dlev31              =  1.00000e+00
dlev32              =  1.00000e+00
vdd_meas            =  1.20000e+00
temp_meas           =  2.70000e+01
vbias_mv            =  3.33402e+02
lowcount            =  1.69999e+01
vos_mv              =  1.49984e+00

ngspice-46 done
