
Note: No compatibility mode selected!


Circuit: * klt sim -- generated corner deck, do not edit

Doing analysis at TEMP = 125.000000 and TNOM = 27.000000

Using SPARSE 1.3 as Direct Linear Solver

Initial Transient Solution
--------------------------

Node                                   Voltage
----                                   -------
vdd                                        1.2
cm                                         0.6
vd                                      -0.048
ap                                       0.576
an                                       0.624
clku                                         0
clk                                          0
ibn                                    0.24918
xa.x1.tmid                         8.71866e-05
xa.x1.tail                             0.57835
xa.x1.np                               1.19997
xa.x1.nn                               1.19992
xa.x1.ln                                   1.2
xa.x1.lp                                   1.2
xa.x1.lnb                          3.51815e-06
xa.x1.lpb                          3.74602e-06
xa.x1.na                               1.17269
doutb                                 0.623094
dout                                  0.616825
xa.x1.nb                               1.16978
doutn                                 0.514021
tcheck                                     125
pa_00                                   249.18
bpa_00#branch                                0
btchk#branch                                 0
bdoutn#branch                                0
bclk#branch                        4.84161e-10
ean#branch                         2.09072e-12
eap#branch                         2.67594e-12
vclku#branch                                 0
vd#branch                                    0
vcm#branch                         4.76666e-12
vsup#branch                       -0.000126576


No. of Data Rows : 12153

  Measurements for Transient Analysis

dlev0               =  6.08927e-06
dlev1               =  5.76153e-06
dlev2               =  6.36673e-06
dlev3               =  5.94065e-06
dlev4               =  5.83337e-06
dlev5               =  5.53837e-06
dlev6               =  5.54413e-06
dlev7               =  6.07944e-06
dlev8               =  6.37463e-06
dlev9               =  7.05536e-06
dlev10              =  7.07347e-06
dlev11              =  5.33957e-06
dlev12              =  7.57994e-06
dlev13              =  6.59289e-06
dlev14              =  7.34350e-06
dlev15              =  6.92118e-06
dlev16              =  5.45069e-06
dlev17              =  9.99995e-01
dlev18              =  9.99996e-01
dlev19              =  9.99995e-01
dlev20              =  9.99995e-01
dlev21              =  9.99995e-01
dlev22              =  9.99996e-01
dlev23              =  9.99995e-01
dlev24              =  9.99995e-01
dlev25              =  9.99995e-01
dlev26              =  9.99996e-01
dlev27              =  9.99995e-01
dlev28              =  9.99996e-01
dlev29              =  9.99995e-01
dlev30              =  9.99995e-01
dlev31              =  9.99995e-01
dlev32              =  9.99995e-01
vdd_meas            =  1.20000e+00
temp_meas           =  1.25000e+02
vbias_mv            =  2.49180e+02
lowcount            =  1.70000e+01
vos_mv              =  1.49990e+00

ngspice-46 done
