
Note: No compatibility mode selected!


Circuit: * klt sim -- generated corner deck, do not edit

Doing analysis at TEMP = 125.000000 and TNOM = 27.000000

Using SPARSE 1.3 as Direct Linear Solver

Initial Transient Solution
--------------------------

Node                                   Voltage
----                                   -------
vdd                                       1.08
cm                                         0.6
vd                                      -0.048
ap                                       0.576
an                                       0.624
clku                                         0
clk                                          0
ibn                                   0.296324
xa.x1.tmid                         1.29215e-05
xa.x1.tail                            0.569884
xa.x1.np                                  1.08
xa.x1.nn                               1.07998
xa.x1.ln                                  1.08
xa.x1.lp                                  1.08
xa.x1.lnb                          7.09842e-07
xa.x1.lpb                          7.34718e-07
xa.x1.na                               1.06855
doutb                                 0.552162
dout                                   0.56261
xa.x1.nb                               1.06801
doutn                                 0.520935
tcheck                                     125
pa_00                                  296.324
bpa_00#branch                                0
btchk#branch                                 0
bdoutn#branch                                0
bclk#branch                         9.9509e-11
ean#branch                         1.62953e-13
eap#branch                           2.182e-13
vclku#branch                                 0
vd#branch                                    0
vcm#branch                         3.81153e-13
vsup#branch                       -5.22057e-05


No. of Data Rows : 11995

  Measurements for Transient Analysis

dlev0               =  4.48003e-06
dlev1               =  1.30108e-06
dlev2               =  1.64630e-06
dlev3               =  4.55113e-06
dlev4               =  3.20658e-06
dlev5               =  1.35087e-06
dlev6               =  3.74834e-07
dlev7               =  8.67470e-07
dlev8               =  8.30259e-07
dlev9               =  3.03733e-06
dlev10              =  2.93714e-07
dlev11              =  1.49063e-06
dlev12              =  5.45367e-07
dlev13              =  1.70087e-06
dlev14              =  1.63807e-06
dlev15              =  -2.63700e-08
dlev16              =  9.99997e-01
dlev17              =  1.00000e+00
dlev18              =  1.00000e+00
dlev19              =  1.00000e+00
dlev20              =  9.99999e-01
dlev21              =  9.99999e-01
dlev22              =  1.00000e+00
dlev23              =  9.99999e-01
dlev24              =  9.99999e-01
dlev25              =  9.99999e-01
dlev26              =  9.99999e-01
dlev27              =  1.00000e+00
dlev28              =  1.00000e+00
dlev29              =  1.00000e+00
dlev30              =  1.00000e+00
dlev31              =  9.99999e-01
dlev32              =  1.00000e+00
vdd_meas            =  1.08000e+00
temp_meas           =  1.25000e+02
vbias_mv            =  2.96324e+02
lowcount            =  1.60000e+01
vos_mv              =  -1.50006e+00

ngspice-46 done
