
Note: No compatibility mode selected!


Circuit: * klt sim -- generated corner deck, do not edit

Doing analysis at TEMP = -40.000000 and TNOM = 27.000000

Using SPARSE 1.3 as Direct Linear Solver

Initial Transient Solution
--------------------------

Node                                   Voltage
----                                   -------
vdd                                       1.08
cm                                         0.6
vd                                      -0.048
ap                                       0.576
an                                       0.624
clku                                         0
clk                                          0
ibn                                   0.370278
xa.x1.tmid                         4.93413e-09
xa.x1.tail                             0.57815
xa.x1.np                                  1.08
xa.x1.nn                                  1.08
xa.x1.ln                                  1.08
xa.x1.lp                                  1.08
xa.x1.lnb                          3.62021e-08
xa.x1.lpb                          3.62224e-08
xa.x1.na                               1.07459
doutb                                 0.581373
dout                                  0.592195
xa.x1.nb                               1.07377
doutn                                 0.548328
tcheck                                     -40
pa_00                                  370.278
bpa_00#branch                                0
btchk#branch                                 0
bdoutn#branch                                0
bclk#branch                        2.55455e-10
ean#branch                         1.11522e-13
eap#branch                         1.48631e-13
vclku#branch                                 0
vd#branch                                    0
vcm#branch                         2.60153e-13
vsup#branch                       -4.42472e-05


No. of Data Rows : 12178

  Measurements for Transient Analysis

dlev0               =  1.23980e-05
dlev1               =  -2.00528e-06
dlev2               =  8.52829e-07
dlev3               =  -3.10246e-06
dlev4               =  -4.68228e-06
dlev5               =  -1.03609e-05
dlev6               =  -4.99950e-06
dlev7               =  -5.27294e-06
dlev8               =  -9.27782e-06
dlev9               =  -1.32681e-05
dlev10              =  -1.06165e-05
dlev11              =  -1.09446e-05
dlev12              =  -1.19593e-05
dlev13              =  -1.05017e-05
dlev14              =  -9.98696e-06
dlev15              =  -9.68789e-06
dlev16              =  -9.17615e-06
dlev17              =  1.00000e+00
dlev18              =  9.99998e-01
dlev19              =  9.99998e-01
dlev20              =  9.99998e-01
dlev21              =  1.00000e+00
dlev22              =  9.99999e-01
dlev23              =  1.00000e+00
dlev24              =  9.99998e-01
dlev25              =  9.99997e-01
dlev26              =  1.00000e+00
dlev27              =  9.99998e-01
dlev28              =  1.00000e+00
dlev29              =  1.00000e+00
dlev30              =  9.99998e-01
dlev31              =  9.99998e-01
dlev32              =  9.99998e-01
vdd_meas            =  1.08000e+00
temp_meas           =  -4.00000e+01
vbias_mv            =  3.70278e+02
lowcount            =  1.70001e+01
vos_mv              =  1.50039e+00

ngspice-46 done
