
Note: No compatibility mode selected!


Circuit: * klt sim -- generated corner deck, do not edit

Doing analysis at TEMP = -40.000000 and TNOM = 27.000000

Using SPARSE 1.3 as Direct Linear Solver

Initial Transient Solution
--------------------------

Node                                   Voltage
----                                   -------
vdd                                       1.08
cm                                         0.6
vd                                      -0.048
ap                                       0.576
an                                       0.624
clku                                         0
clk                                          0
ibn                                   0.392094
xa.x1.tmid                         1.53015e-09
xa.x1.tail                            0.586655
xa.x1.np                                  1.08
xa.x1.nn                                  1.08
xa.x1.ln                                  1.08
xa.x1.lp                                  1.08
xa.x1.lnb                          6.58955e-09
xa.x1.lpb                          6.54417e-09
xa.x1.na                                  1.08
doutb                              6.69322e-09
dout                                      1.08
xa.x1.nb                                  1.08
doutn                                        1
tcheck                                     -40
pa_00                                  392.094
bpa_00#branch                                0
btchk#branch                                 0
bdoutn#branch                                0
bclk#branch                        4.46261e-11
ean#branch                         5.29854e-14
eap#branch                          7.0971e-14
vclku#branch                                 0
vd#branch                                    0
vcm#branch                         1.23956e-13
vsup#branch                       -2.00001e-05


No. of Data Rows : 12171

  Measurements for Transient Analysis

dlev0               =  -1.02255e-05
dlev1               =  -3.89107e-06
dlev2               =  -3.82615e-06
dlev3               =  -4.15835e-06
dlev4               =  -4.03613e-06
dlev5               =  -3.85945e-06
dlev6               =  -3.61950e-06
dlev7               =  -5.32121e-07
dlev8               =  -3.46687e-06
dlev9               =  -3.45117e-06
dlev10              =  -3.51106e-06
dlev11              =  2.94466e-06
dlev12              =  -3.65199e-06
dlev13              =  6.45002e-06
dlev14              =  2.66778e-07
dlev15              =  -1.95094e-06
dlev16              =  -6.41109e-06
dlev17              =  1.00000e+00
dlev18              =  9.99994e-01
dlev19              =  9.99997e-01
dlev20              =  9.99998e-01
dlev21              =  9.99995e-01
dlev22              =  1.00000e+00
dlev23              =  9.99997e-01
dlev24              =  1.00000e+00
dlev25              =  9.99997e-01
dlev26              =  9.99999e-01
dlev27              =  9.99996e-01
dlev28              =  9.99996e-01
dlev29              =  9.99998e-01
dlev30              =  9.99995e-01
dlev31              =  9.99998e-01
dlev32              =  1.00000e+00
vdd_meas            =  1.08000e+00
temp_meas           =  -4.00000e+01
vbias_mv            =  3.92094e+02
lowcount            =  1.70001e+01
vos_mv              =  1.50025e+00

ngspice-46 done
