
Note: No compatibility mode selected!


Circuit: * klt sim -- generated corner deck, do not edit

Doing analysis at TEMP = 27.000000 and TNOM = 27.000000

Using SPARSE 1.3 as Direct Linear Solver

Initial Transient Solution
--------------------------

Node                                   Voltage
----                                   -------
vdd                                       1.32
cm                                        0.65
vd                                      -0.048
ap                                       0.626
an                                       0.674
clku                                         0
clk                                          0
ibn                                   0.308801
xa.x1.tmid                         1.30201e-06
xa.x1.tail                            0.624693
xa.x1.np                                  1.32
xa.x1.nn                                  1.32
xa.x1.ln                                  1.32
xa.x1.lp                                  1.32
xa.x1.lnb                          1.11886e-07
xa.x1.lpb                          1.20057e-07
xa.x1.na                                  1.32
doutb                              1.20685e-07
dout                                      1.32
xa.x1.nb                                  1.32
doutn                                        1
tcheck                                      27
pa_00                                  308.801
bpa_00#branch                                0
btchk#branch                                 0
bdoutn#branch                                0
bclk#branch                        4.36906e-10
ean#branch                          1.3308e-12
eap#branch                         1.68052e-12
vclku#branch                                 0
vd#branch                                    0
vcm#branch                         3.01131e-12
vsup#branch                       -2.00045e-05


No. of Data Rows : 12296

  Measurements for Transient Analysis

dlev0               =  -8.18191e-07
dlev1               =  6.27785e-07
dlev2               =  7.75858e-07
dlev3               =  7.18421e-07
dlev4               =  2.40971e-07
dlev5               =  1.04919e-07
dlev6               =  -3.58992e-08
dlev7               =  -1.86062e-07
dlev8               =  5.77766e-07
dlev9               =  -2.68842e-07
dlev10              =  -1.61606e-06
dlev11              =  -5.62603e-06
dlev12              =  -5.48581e-06
dlev13              =  -3.20925e-06
dlev14              =  -1.06529e-06
dlev15              =  -1.18181e-06
dlev16              =  3.02230e-08
dlev17              =  1.00000e+00
dlev18              =  9.99999e-01
dlev19              =  9.99999e-01
dlev20              =  9.99998e-01
dlev21              =  9.99998e-01
dlev22              =  9.99999e-01
dlev23              =  9.99999e-01
dlev24              =  9.99999e-01
dlev25              =  9.99999e-01
dlev26              =  1.00000e+00
dlev27              =  1.00000e+00
dlev28              =  9.99999e-01
dlev29              =  9.99999e-01
dlev30              =  9.99997e-01
dlev31              =  1.00000e+00
dlev32              =  1.00000e+00
vdd_meas            =  1.32000e+00
temp_meas           =  2.70000e+01
vbias_mv            =  3.08801e+02
lowcount            =  1.70000e+01
vos_mv              =  1.50009e+00
vcm_meas            =  6.50000e-01

ngspice-46 done
