
Note: No compatibility mode selected!


Circuit: * klt sim -- generated corner deck, do not edit

Doing analysis at TEMP = -40.000000 and TNOM = 27.000000

Using SPARSE 1.3 as Direct Linear Solver

Initial Transient Solution
--------------------------

Node                                   Voltage
----                                   -------
vdd                                        1.2
cm                                         0.6
vd                                      -0.048
ap                                       0.576
an                                       0.624
clku                                         0
clk                                          0
ibn                                   0.368298
xa.x1.tmid                         5.39273e-09
xa.x1.tail                            0.581343
xa.x1.np                                   1.2
xa.x1.nn                                   1.2
xa.x1.ln                                   1.2
xa.x1.lp                                   1.2
xa.x1.lnb                          4.17588e-08
xa.x1.lpb                          4.07147e-08
xa.x1.na                               1.18868
doutb                                  0.65525
dout                                  0.654328
xa.x1.nb                               1.18961
doutn                                 0.545274
tcheck                                     -40
pa_00                                  368.298
bpa_00#branch                                0
btchk#branch                                 0
bdoutn#branch                                0
bclk#branch                         3.6353e-10
ean#branch                         2.18936e-13
eap#branch                          2.8208e-13
vclku#branch                                 0
vd#branch                                    0
vcm#branch                         5.01016e-13
vsup#branch                       -7.13375e-05


No. of Data Rows : 12304

  Measurements for Transient Analysis

dlev0               =  4.84937e-06
dlev1               =  7.93319e-06
dlev2               =  8.90907e-06
dlev3               =  -1.93548e-06
dlev4               =  8.72362e-06
dlev5               =  8.76598e-06
dlev6               =  8.57039e-06
dlev7               =  -1.93937e-06
dlev8               =  -1.94720e-06
dlev9               =  7.11248e-06
dlev10              =  6.34408e-06
dlev11              =  7.62817e-06
dlev12              =  -2.09383e-06
dlev13              =  -2.09236e-06
dlev14              =  -2.26343e-06
dlev15              =  -2.84017e-06
dlev16              =  -2.06603e-06
dlev17              =  1.00000e+00
dlev18              =  1.00000e+00
dlev19              =  1.00000e+00
dlev20              =  1.00000e+00
dlev21              =  1.00000e+00
dlev22              =  1.00000e+00
dlev23              =  1.00000e+00
dlev24              =  1.00000e+00
dlev25              =  1.00000e+00
dlev26              =  1.00000e+00
dlev27              =  1.00000e+00
dlev28              =  1.00000e+00
dlev29              =  1.00000e+00
dlev30              =  1.00000e+00
dlev31              =  1.00000e+00
dlev32              =  1.00000e+00
vdd_meas            =  1.20000e+00
temp_meas           =  -4.00000e+01
vbias_mv            =  3.68298e+02
lowcount            =  1.69999e+01
vos_mv              =  1.49979e+00

ngspice-46 done
