
Note: No compatibility mode selected!


Circuit: * klt sim -- generated corner deck, do not edit

Doing analysis at TEMP = -40.000000 and TNOM = 27.000000

Using SPARSE 1.3 as Direct Linear Solver

Initial Transient Solution
--------------------------

Node                                   Voltage
----                                   -------
vdd                                        1.2
cm                                         0.6
vd                                      -0.048
ap                                       0.576
an                                       0.624
clku                                         0
clk                                          0
ibn                                   0.310464
xa.x1.tmid                         8.68226e-08
xa.x1.tail                            0.566908
xa.x1.np                                   1.2
xa.x1.nn                                   1.2
xa.x1.ln                                   1.2
xa.x1.lp                                   1.2
xa.x1.lnb                          2.21337e-08
xa.x1.lpb                          2.47404e-08
xa.x1.na                                   1.2
doutb                              2.42364e-08
dout                                       1.2
xa.x1.nb                                   1.2
doutn                                        1
tcheck                                     -40
pa_00                                  310.464
bpa_00#branch                                0
btchk#branch                                 0
bdoutn#branch                                0
bclk#branch                         1.1642e-10
ean#branch                         9.42774e-13
eap#branch                         1.20301e-12
vclku#branch                                 0
vd#branch                                    0
vcm#branch                         2.14578e-12
vsup#branch                       -1.50006e-05


No. of Data Rows : 12253

  Measurements for Transient Analysis

dlev0               =  4.30998e-06
dlev1               =  3.83527e-06
dlev2               =  7.79051e-08
dlev3               =  9.33274e-07
dlev4               =  1.15618e-06
dlev5               =  3.63413e-06
dlev6               =  -3.85108e-06
dlev7               =  -4.35600e-06
dlev8               =  -4.53908e-06
dlev9               =  -5.26649e-06
dlev10              =  -4.92164e-08
dlev11              =  -4.84394e-06
dlev12              =  -5.02036e-06
dlev13              =  -5.66766e-06
dlev14              =  -6.03200e-06
dlev15              =  1.00000e+00
dlev16              =  9.99997e-01
dlev17              =  1.00000e+00
dlev18              =  9.99999e-01
dlev19              =  9.99997e-01
dlev20              =  9.99997e-01
dlev21              =  9.99998e-01
dlev22              =  9.99996e-01
dlev23              =  9.99996e-01
dlev24              =  9.99996e-01
dlev25              =  9.99996e-01
dlev26              =  9.99996e-01
dlev27              =  9.99999e-01
dlev28              =  9.99999e-01
dlev29              =  9.99999e-01
dlev30              =  1.00000e+00
dlev31              =  1.00000e+00
dlev32              =  1.00000e+00
vdd_meas            =  1.20000e+00
temp_meas           =  -4.00000e+01
vbias_mv            =  3.10464e+02
lowcount            =  1.50001e+01
vos_mv              =  -4.49982e+00

ngspice-46 done
