
Note: No compatibility mode selected!


Circuit: * klt sim -- generated corner deck, do not edit

Doing analysis at TEMP = 27.000000 and TNOM = 27.000000

Using SPARSE 1.3 as Direct Linear Solver

Initial Transient Solution
--------------------------

Node                                   Voltage
----                                   -------
vdd                                       1.08
cm                                        0.55
vd                                      -0.048
ap                                       0.526
an                                       0.574
clku                                         0
clk                                          0
ibn                                   0.285502
xa.x1.tmid                         2.82864e-06
xa.x1.tail                            0.529254
xa.x1.np                                  1.08
xa.x1.nn                                  1.08
xa.x1.ln                                  1.08
xa.x1.lp                                  1.08
xa.x1.lnb                           4.3107e-08
xa.x1.lpb                          3.90729e-08
xa.x1.na                                  1.08
doutb                              4.93275e-08
dout                                      1.08
xa.x1.nb                                  1.08
doutn                                        1
tcheck                                      27
pa_00                                  285.502
bpa_00#branch                                0
btchk#branch                                 0
bdoutn#branch                                0
bclk#branch                        1.22398e-10
ean#branch                         1.35228e-12
eap#branch                         1.75293e-12
vclku#branch                                 0
vd#branch                                    0
vcm#branch                         3.10521e-12
vsup#branch                        -2.0007e-05


No. of Data Rows : 12155

  Measurements for Transient Analysis

dlev0               =  8.38869e-07
dlev1               =  8.83352e-08
dlev2               =  -4.24782e-06
dlev3               =  -5.82220e-06
dlev4               =  -5.91206e-06
dlev5               =  -5.59720e-06
dlev6               =  -1.25071e-06
dlev7               =  3.90335e-07
dlev8               =  -1.49716e-06
dlev9               =  -4.32705e-07
dlev10              =  -1.55253e-06
dlev11              =  -1.83600e-06
dlev12              =  -3.87621e-06
dlev13              =  -2.63077e-06
dlev14              =  -1.23983e-06
dlev15              =  4.31485e-07
dlev16              =  9.99999e-01
dlev17              =  9.99999e-01
dlev18              =  9.99999e-01
dlev19              =  1.00000e+00
dlev20              =  9.99997e-01
dlev21              =  9.99998e-01
dlev22              =  9.99999e-01
dlev23              =  9.99999e-01
dlev24              =  9.99999e-01
dlev25              =  9.99996e-01
dlev26              =  9.99996e-01
dlev27              =  9.99997e-01
dlev28              =  9.99998e-01
dlev29              =  1.00000e+00
dlev30              =  9.99997e-01
dlev31              =  9.99998e-01
dlev32              =  9.99999e-01
vdd_meas            =  1.08000e+00
temp_meas           =  2.70000e+01
vbias_mv            =  2.85502e+02
lowcount            =  1.60001e+01
vos_mv              =  -1.49980e+00
vcm_meas            =  5.50000e-01

ngspice-46 done
