
Note: No compatibility mode selected!


Circuit: * klt sim -- generated corner deck, do not edit

Doing analysis at TEMP = -40.000000 and TNOM = 27.000000

Using SPARSE 1.3 as Direct Linear Solver

Initial Transient Solution
--------------------------

Node                                   Voltage
----                                   -------
vdd                                       1.32
cm                                         0.6
vd                                      -0.048
ap                                       0.576
an                                       0.624
clku                                         0
clk                                          0
ibn                                   0.346695
xa.x1.tmid                         2.64646e-08
xa.x1.tail                            0.530453
xa.x1.np                                  1.32
xa.x1.nn                                  1.32
xa.x1.ln                                  1.32
xa.x1.lp                                  1.32
xa.x1.lnb                          3.34947e-08
xa.x1.lpb                          3.43637e-08
xa.x1.na                                  1.32
doutb                              3.58204e-08
dout                                      1.32
xa.x1.nb                                  1.32
doutn                                        1
tcheck                                     -40
pa_00                                  346.695
bpa_00#branch                                0
btchk#branch                                 0
bdoutn#branch                                0
bclk#branch                        2.83212e-10
ean#branch                         5.46688e-13
eap#branch                         6.86423e-13
vclku#branch                                 0
vd#branch                                    0
vcm#branch                         1.23311e-12
vsup#branch                       -2.00007e-05


No. of Data Rows : 12332

  Measurements for Transient Analysis

dlev0               =  8.82055e-07
dlev1               =  -7.73854e-06
dlev2               =  -6.36615e-06
dlev3               =  -7.02831e-06
dlev4               =  -7.30637e-06
dlev5               =  -7.22639e-06
dlev6               =  -6.96134e-06
dlev7               =  -7.50307e-06
dlev8               =  -4.74195e-06
dlev9               =  2.58086e-08
dlev10              =  -5.97180e-06
dlev11              =  -6.51331e-06
dlev12              =  -6.75586e-06
dlev13              =  -7.43419e-06
dlev14              =  -6.11738e-06
dlev15              =  -7.49357e-06
dlev16              =  1.00000e+00
dlev17              =  9.99999e-01
dlev18              =  9.99996e-01
dlev19              =  1.00000e+00
dlev20              =  9.99999e-01
dlev21              =  9.99997e-01
dlev22              =  9.99998e-01
dlev23              =  9.99998e-01
dlev24              =  1.00000e+00
dlev25              =  9.99998e-01
dlev26              =  9.99999e-01
dlev27              =  9.99999e-01
dlev28              =  9.99997e-01
dlev29              =  9.99998e-01
dlev30              =  9.99997e-01
dlev31              =  9.99998e-01
dlev32              =  9.99998e-01
vdd_meas            =  1.32000e+00
temp_meas           =  -4.00000e+01
vbias_mv            =  3.46695e+02
lowcount            =  1.60001e+01
vos_mv              =  -1.49963e+00

ngspice-46 done
