
Note: No compatibility mode selected!


Circuit: * klt sim -- generated corner deck, do not edit

Doing analysis at TEMP = 27.000000 and TNOM = 27.000000

Using SPARSE 1.3 as Direct Linear Solver

Initial Transient Solution
--------------------------

Node                                   Voltage
----                                   -------
vdd                                       1.32
cm                                         0.6
vd                                      -0.048
ap                                       0.576
an                                       0.624
clku                                         0
clk                                          0
ibn                                   0.311194
xa.x1.tmid                         1.07573e-06
xa.x1.tail                            0.552526
xa.x1.np                                  1.32
xa.x1.nn                                  1.32
xa.x1.ln                                  1.32
xa.x1.lp                                  1.32
xa.x1.lnb                          1.08187e-07
xa.x1.lpb                          1.14024e-07
xa.x1.na                                  1.32
doutb                                     1.32
dout                               1.28425e-07
xa.x1.nb                                  1.32
doutn                              9.72913e-08
tcheck                                      27
pa_00                                  311.194
bpa_00#branch                                0
btchk#branch                                 0
bdoutn#branch                                0
bclk#branch                        4.31644e-10
ean#branch                         8.45504e-13
eap#branch                         1.06017e-12
vclku#branch                                 0
vd#branch                                    0
vcm#branch                         1.90567e-12
vsup#branch                        -2.0004e-05


No. of Data Rows : 12253

  Measurements for Transient Analysis

dlev0               =  -3.67122e-06
dlev1               =  -3.99786e-06
dlev2               =  -3.70496e-06
dlev3               =  -3.78547e-06
dlev4               =  -3.57924e-06
dlev5               =  -1.99446e-06
dlev6               =  -2.96655e-07
dlev7               =  -3.93074e-06
dlev8               =  -3.51333e-06
dlev9               =  -4.63305e-06
dlev10              =  -8.31773e-07
dlev11              =  -2.19820e-06
dlev12              =  -2.62285e-06
dlev13              =  -2.29358e-06
dlev14              =  -3.96968e-06
dlev15              =  -4.08530e-06
dlev16              =  -3.74266e-07
dlev17              =  9.99998e-01
dlev18              =  1.00000e+00
dlev19              =  9.99999e-01
dlev20              =  1.00000e+00
dlev21              =  9.99999e-01
dlev22              =  9.99999e-01
dlev23              =  9.99999e-01
dlev24              =  1.00000e+00
dlev25              =  1.00000e+00
dlev26              =  9.99998e-01
dlev27              =  9.99999e-01
dlev28              =  1.00000e+00
dlev29              =  9.99999e-01
dlev30              =  9.99998e-01
dlev31              =  9.99998e-01
dlev32              =  9.99998e-01
vdd_meas            =  1.32000e+00
temp_meas           =  2.70000e+01
vbias_mv            =  3.11194e+02
lowcount            =  1.70001e+01
vos_mv              =  1.50020e+00

ngspice-46 done
