
Note: No compatibility mode selected!


Circuit: * klt sim -- generated corner deck, do not edit

Doing analysis at TEMP = -40.000000 and TNOM = 27.000000

Using SPARSE 1.3 as Direct Linear Solver

Initial Transient Solution
--------------------------

Node                                   Voltage
----                                   -------
vdd                                       1.08
cm                                         0.6
vd                                      -0.048
ap                                       0.576
an                                       0.624
clku                                         0
clk                                          0
ibn                                   0.346234
xa.x1.tmid                          2.2051e-08
xa.x1.tail                            0.553676
xa.x1.np                                  1.08
xa.x1.nn                                  1.08
xa.x1.ln                                  1.08
xa.x1.lp                                  1.08
xa.x1.lnb                          2.13048e-08
xa.x1.lpb                          2.02151e-08
xa.x1.na                                  1.08
doutb                                     1.08
dout                               2.14932e-08
xa.x1.nb                                  1.08
doutn                              1.99012e-08
tcheck                                     -40
pa_00                                  346.234
bpa_00#branch                                0
btchk#branch                                 0
bdoutn#branch                                0
bclk#branch                        1.43955e-10
ean#branch                         1.55737e-13
eap#branch                         2.07223e-13
vclku#branch                                 0
vd#branch                                    0
vcm#branch                          3.6296e-13
vsup#branch                       -2.00004e-05


No. of Data Rows : 12163

  Measurements for Transient Analysis

dlev0               =  1.25879e-06
dlev1               =  -5.75510e-07
dlev2               =  -2.52131e-07
dlev3               =  -4.22452e-07
dlev4               =  -5.83680e-07
dlev5               =  -4.31083e-07
dlev6               =  -1.74196e-06
dlev7               =  -5.12504e-07
dlev8               =  -6.81895e-07
dlev9               =  -5.21699e-07
dlev10              =  -3.16780e-08
dlev11              =  -8.49417e-07
dlev12              =  -7.25460e-07
dlev13              =  -6.63923e-06
dlev14              =  3.73138e-08
dlev15              =  -3.07002e-07
dlev16              =  1.00000e+00
dlev17              =  9.99999e-01
dlev18              =  1.00000e+00
dlev19              =  1.00000e+00
dlev20              =  9.99999e-01
dlev21              =  9.99999e-01
dlev22              =  1.00000e+00
dlev23              =  9.99998e-01
dlev24              =  9.99999e-01
dlev25              =  9.99999e-01
dlev26              =  1.00000e+00
dlev27              =  9.99998e-01
dlev28              =  1.00000e+00
dlev29              =  1.00000e+00
dlev30              =  1.00000e+00
dlev31              =  9.99997e-01
dlev32              =  9.99995e-01
vdd_meas            =  1.08000e+00
temp_meas           =  -4.00000e+01
vbias_mv            =  3.46234e+02
lowcount            =  1.60000e+01
vos_mv              =  -1.49992e+00

ngspice-46 done
