
Note: No compatibility mode selected!


Circuit: * klt sim -- generated corner deck, do not edit

Doing analysis at TEMP = 125.000000 and TNOM = 27.000000

Using SPARSE 1.3 as Direct Linear Solver
Note: Starting dynamic gmin stepping
Note: Dynamic gmin stepping completed

Initial Transient Solution
--------------------------

Node                                   Voltage
----                                   -------
vdd                                        1.2
cm                                        0.65
vd                                      -0.048
ap                                       0.626
an                                       0.674
clku                                         0
clk                                          0
ibn                                   0.229324
xa.x1.tmid                         0.000162687
xa.x1.tail                            0.620096
xa.x1.np                               1.19995
xa.x1.nn                               1.19984
xa.x1.ln                                   1.2
xa.x1.lp                                   1.2
xa.x1.lnb                          1.78278e-06
xa.x1.lpb                           1.7506e-06
xa.x1.na                               1.16962
doutb                                 0.577088
dout                                   0.58665
xa.x1.nb                               1.16837
doutn                                 0.488875
tcheck                                     125
pa_00                                  229.324
bpa_00#branch                                0
btchk#branch                                 0
bdoutn#branch                                0
bclk#branch                        2.83358e-10
ean#branch                         3.35229e-12
eap#branch                         4.32973e-12
vclku#branch                                 0
vd#branch                                    0
vcm#branch                         7.68202e-12
vsup#branch                       -0.000121813


No. of Data Rows : 12181

  Measurements for Transient Analysis

dlev0               =  2.08457e-06
dlev1               =  2.35860e-06
dlev2               =  1.56466e-06
dlev3               =  1.58187e-06
dlev4               =  1.64652e-06
dlev5               =  1.68370e-06
dlev6               =  1.89684e-06
dlev7               =  2.00112e-06
dlev8               =  1.73708e-06
dlev9               =  1.61780e-06
dlev10              =  1.62477e-06
dlev11              =  1.66589e-06
dlev12              =  2.05426e-06
dlev13              =  1.67837e-06
dlev14              =  1.65939e-06
dlev15              =  2.29399e-06
dlev16              =  9.99986e-01
dlev17              =  9.99986e-01
dlev18              =  9.99986e-01
dlev19              =  9.99986e-01
dlev20              =  9.99986e-01
dlev21              =  9.99987e-01
dlev22              =  9.99986e-01
dlev23              =  9.99986e-01
dlev24              =  9.99986e-01
dlev25              =  9.99986e-01
dlev26              =  9.99986e-01
dlev27              =  9.99986e-01
dlev28              =  9.99986e-01
dlev29              =  9.99986e-01
dlev30              =  9.99987e-01
dlev31              =  9.99987e-01
dlev32              =  9.99986e-01
vdd_meas            =  1.20000e+00
temp_meas           =  1.25000e+02
vbias_mv            =  2.29324e+02
lowcount            =  1.60002e+01
vos_mv              =  -1.49940e+00
vcm_meas            =  6.50000e-01

ngspice-46 done
