
Note: No compatibility mode selected!


Circuit: * klt sim -- generated corner deck, do not edit

Doing analysis at TEMP = 27.000000 and TNOM = 27.000000

Using SPARSE 1.3 as Direct Linear Solver

Initial Transient Solution
--------------------------

Node                                   Voltage
----                                   -------
vdd                                        1.2
cm                                         0.6
vd                                      -0.048
ap                                       0.576
an                                       0.624
clku                                         0
clk                                          0
ibn                                   0.357022
xa.x1.tmid                         9.29308e-08
xa.x1.tail                            0.600107
xa.x1.np                                   1.2
xa.x1.nn                                   1.2
xa.x1.ln                                   1.2
xa.x1.lp                                   1.2
xa.x1.lnb                          1.62331e-08
xa.x1.lpb                          1.66918e-08
xa.x1.na                                   1.2
doutb                              1.82384e-08
dout                                       1.2
xa.x1.nb                                   1.2
doutn                                        1
tcheck                                      27
pa_00                                  357.022
bpa_00#branch                                0
btchk#branch                                 0
bdoutn#branch                                0
bclk#branch                        9.50991e-11
ean#branch                          2.1752e-13
eap#branch                         2.81386e-13
vclku#branch                                 0
vd#branch                                    0
vcm#branch                         4.98906e-13
vsup#branch                       -2.00004e-05


No. of Data Rows : 12201

  Measurements for Transient Analysis

dlev0               =  -1.17351e-06
dlev1               =  1.66532e-06
dlev2               =  1.21966e-06
dlev3               =  1.34594e-06
dlev4               =  1.51006e-06
dlev5               =  8.75874e-07
dlev6               =  6.98156e-07
dlev7               =  1.32327e-06
dlev8               =  1.55021e-06
dlev9               =  4.99682e-07
dlev10              =  9.48233e-07
dlev11              =  1.09884e-06
dlev12              =  1.24896e-06
dlev13              =  1.26504e-06
dlev14              =  3.03153e-06
dlev15              =  1.47955e-06
dlev16              =  1.70293e-06
dlev17              =  1.00000e+00
dlev18              =  1.00000e+00
dlev19              =  1.00000e+00
dlev20              =  1.00000e+00
dlev21              =  1.00000e+00
dlev22              =  1.00000e+00
dlev23              =  1.00000e+00
dlev24              =  1.00000e+00
dlev25              =  1.00000e+00
dlev26              =  1.00000e+00
dlev27              =  1.00000e+00
dlev28              =  1.00000e+00
dlev29              =  1.00000e+00
dlev30              =  1.00000e+00
dlev31              =  1.00000e+00
dlev32              =  1.00000e+00
vdd_meas            =  1.20000e+00
temp_meas           =  2.70000e+01
vbias_mv            =  3.57022e+02
lowcount            =  1.70000e+01
vos_mv              =  1.49991e+00

ngspice-46 done
