
Note: No compatibility mode selected!


Circuit: * klt sim -- generated corner deck, do not edit

Doing analysis at TEMP = 27.000000 and TNOM = 27.000000

Using SPARSE 1.3 as Direct Linear Solver

Initial Transient Solution
--------------------------

Node                                   Voltage
----                                   -------
vdd                                        1.2
cm                                         0.6
vd                                      -0.048
ap                                       0.576
an                                       0.624
clku                                         0
clk                                          0
ibn                                   0.330073
xa.x1.tmid                         3.39555e-07
xa.x1.tail                            0.590671
xa.x1.np                                   1.2
xa.x1.nn                                   1.2
xa.x1.ln                                   1.2
xa.x1.lp                                   1.2
xa.x1.lnb                          2.41119e-07
xa.x1.lpb                          2.74091e-07
xa.x1.na                                   1.2
doutb                              2.56155e-07
dout                                       1.2
xa.x1.nb                                   1.2
doutn                                        1
tcheck                                      27
pa_00                                  330.073
bpa_00#branch                                0
btchk#branch                                 0
bdoutn#branch                                0
bclk#branch                        5.49274e-10
ean#branch                          4.5125e-13
eap#branch                         5.81202e-13
vclku#branch                                 0
vd#branch                                    0
vcm#branch                         1.03245e-12
vsup#branch                        -2.0003e-05


No. of Data Rows : 12207

  Measurements for Transient Analysis

dlev0               =  -1.93741e-06
dlev1               =  -1.20956e-07
dlev2               =  -1.42680e-07
dlev3               =  -1.45822e-07
dlev4               =  4.77486e-06
dlev5               =  4.86655e-06
dlev6               =  5.35349e-06
dlev7               =  3.58660e-06
dlev8               =  3.49170e-06
dlev9               =  3.43293e-06
dlev10              =  -3.84543e-07
dlev11              =  4.09907e-06
dlev12              =  4.67576e-06
dlev13              =  3.86592e-06
dlev14              =  4.97485e-06
dlev15              =  1.00000e+00
dlev16              =  1.00000e+00
dlev17              =  1.00000e+00
dlev18              =  1.00000e+00
dlev19              =  1.00000e+00
dlev20              =  1.00000e+00
dlev21              =  1.00000e+00
dlev22              =  1.00000e+00
dlev23              =  1.00000e+00
dlev24              =  1.00000e+00
dlev25              =  1.00000e+00
dlev26              =  1.00000e+00
dlev27              =  1.00000e+00
dlev28              =  1.00000e+00
dlev29              =  1.00000e+00
dlev30              =  1.00000e+00
dlev31              =  1.00000e+00
dlev32              =  1.00000e+00
vdd_meas            =  1.20000e+00
temp_meas           =  2.70000e+01
vbias_mv            =  3.30073e+02
lowcount            =  1.49999e+01
vos_mv              =  -4.50019e+00
vcm_meas            =  6.00000e-01

ngspice-46 done
