
Note: No compatibility mode selected!


Circuit: * klt sim -- generated corner deck, do not edit

Doing analysis at TEMP = 27.000000 and TNOM = 27.000000

Using SPARSE 1.3 as Direct Linear Solver

Initial Transient Solution
--------------------------

Node                                   Voltage
----                                   -------
vdd                                       1.08
cm                                         0.6
vd                                      -0.048
ap                                       0.576
an                                       0.624
clku                                         0
clk                                          0
ibn                                   0.286638
xa.x1.tmid                         3.17956e-06
xa.x1.tail                             0.53684
xa.x1.np                                  1.08
xa.x1.nn                                  1.08
xa.x1.ln                                  1.08
xa.x1.lp                                  1.08
xa.x1.lnb                          4.25231e-08
xa.x1.lpb                           4.0969e-08
xa.x1.na                                  1.08
doutb                                     1.08
dout                               4.35817e-08
xa.x1.nb                                  1.08
doutn                              4.03534e-08
tcheck                                      27
pa_00                                  286.638
bpa_00#branch                                0
btchk#branch                                 0
bdoutn#branch                                0
bclk#branch                        1.22913e-10
ean#branch                         5.06942e-13
eap#branch                         6.69798e-13
vclku#branch                                 0
vd#branch                                    0
vcm#branch                         1.17674e-12
vsup#branch                       -2.00077e-05


No. of Data Rows : 12107

  Measurements for Transient Analysis

dlev0               =  -5.76057e-07
dlev1               =  -5.78658e-07
dlev2               =  -5.88146e-07
dlev3               =  -6.10310e-07
dlev4               =  -3.89265e-06
dlev5               =  -2.66762e-06
dlev6               =  -2.89890e-06
dlev7               =  -2.37880e-06
dlev8               =  -7.20635e-06
dlev9               =  -6.75771e-06
dlev10              =  -4.11471e-06
dlev11              =  -7.06615e-07
dlev12              =  -4.57634e-06
dlev13              =  -6.92011e-06
dlev14              =  -5.29076e-06
dlev15              =  -3.84586e-06
dlev16              =  -3.57639e-07
dlev17              =  1.00000e+00
dlev18              =  1.00000e+00
dlev19              =  9.99998e-01
dlev20              =  9.99999e-01
dlev21              =  9.99999e-01
dlev22              =  9.99999e-01
dlev23              =  9.99997e-01
dlev24              =  9.99997e-01
dlev25              =  9.99999e-01
dlev26              =  9.99999e-01
dlev27              =  9.99999e-01
dlev28              =  1.00000e+00
dlev29              =  1.00000e+00
dlev30              =  1.00000e+00
dlev31              =  9.99998e-01
dlev32              =  9.99998e-01
vdd_meas            =  1.08000e+00
temp_meas           =  2.70000e+01
vbias_mv            =  2.86638e+02
lowcount            =  1.70001e+01
vos_mv              =  1.50021e+00

ngspice-46 done
